build time -- 2022-03-13 06:02:15.568055
20220313 062713.584 INFO             PET0 !!!!!!!!!!!!!!!!!!!!!!!!!!!!!!!!!!!!!!!!!!!!!!!!!!!!!!
20220313 062713.584 INFO             PET0 !!! THE ESMF_LOG IS SET TO OUTPUT ALL LOG MESSAGES !!!
20220313 062713.584 INFO             PET0 !!!     THIS MAY CAUSE SLOWDOWN IN PERFORMANCE     !!!
20220313 062713.584 INFO             PET0 !!! FOR PRODUCTION RUNS, USE:                      !!!
20220313 062713.584 INFO             PET0 !!!                   ESMF_LOGKIND_Multi_On_Error  !!!
20220313 062713.584 INFO             PET0 !!!!!!!!!!!!!!!!!!!!!!!!!!!!!!!!!!!!!!!!!!!!!!!!!!!!!!
20220313 062713.584 INFO             PET0 Running with ESMF Version   : v8.3.0b09-96-g559b459836
20220313 062713.584 INFO             PET0 ESMF library build date/time: "Mar 13 2022" "06:00:22"
20220313 062713.584 INFO             PET0 ESMF library build location : /glade/scratch/rlong/esmf-testing/gfortran_9.1.0_mpt_O_jedwards_pio_update2
20220313 062713.584 INFO             PET0 ESMF_COMM                   : mpt
20220313 062713.584 INFO             PET0 ESMF_MOAB                   : enabled
20220313 062713.584 INFO             PET0 ESMF_LAPACK                 : enabled
20220313 062713.584 INFO             PET0 ESMF_NETCDF                 : enabled
20220313 062713.584 INFO             PET0 ESMF_PNETCDF                : disabled
20220313 062713.584 INFO             PET0 ESMF_PIO                    : enabled
20220313 062713.584 INFO             PET0 ESMF_YAMLCPP                : enabled
20220313 062713.597 INFO             PET0 PIOc_sync Enter - MemInfo: [/proc/meminfo - SSI]	MemTotal:       65507008 kB
20220313 062713.597 INFO             PET0 PIOc_sync Enter - MemInfo: [/proc/meminfo - SSI]	MemFree:        48892172 kB
20220313 062713.597 INFO             PET0 PIOc_sync Enter - MemInfo: [/proc/meminfo - SSI]	MemAvailable:   48657024 kB
20220313 062713.597 INFO             PET0 PIOc_sync Enter - MemInfo: [/proc/meminfo - SSI]	Committed_AS:   13094836 kB
20220313 062713.597 INFO             PET0 PIOc_sync Enter - MemInfo: [/proc/meminfo - SSI]	CommittedPercent: 19.99 %
20220313 062713.597 INFO             PET0 PIOc_sync Enter - MemInfo: [/proc/self/status]	VmPeak:	65908376 kB
20220313 062713.597 INFO             PET0 PIOc_sync Enter - MemInfo: [/proc/self/status]	VmSize:	65908376 kB
20220313 062713.597 INFO             PET0 PIOc_sync Enter - MemInfo: [/proc/self/status]	VmLck:	       0 kB
20220313 062713.597 INFO             PET0 PIOc_sync Enter - MemInfo: [/proc/self/status]	VmPin:	       0 kB
20220313 062713.597 INFO             PET0 PIOc_sync Enter - MemInfo: [/proc/self/status]	VmHWM:	   30264 kB
20220313 062713.597 INFO             PET0 PIOc_sync Enter - MemInfo: [/proc/self/status]	VmRSS:	   30264 kB
20220313 062713.597 INFO             PET0 PIOc_sync Enter - MemInfo: [/proc/self/status]	VmData:	   39036 kB
20220313 062713.597 INFO             PET0 PIOc_sync Enter - MemInfo: [/proc/self/status]	VmStk:	     144 kB
20220313 062713.597 INFO             PET0 PIOc_sync Enter - MemInfo: [/proc/self/status]	VmExe:	     212 kB
20220313 062713.597 INFO             PET0 PIOc_sync Enter - MemInfo: [/proc/self/status]	VmLib:	   39920 kB
20220313 062713.597 INFO             PET0 PIOc_sync Enter - MemInfo: [/proc/self/status]	VmPTE:	     256 kB
20220313 062713.597 INFO             PET0 PIOc_sync Enter - MemInfo: [/proc/self/status]	VmPMD:	      28 kB
20220313 062713.597 INFO             PET0 PIOc_sync Enter - MemInfo: [/proc/self/status]	VmSwap:	       0 kB
20220313 062713.597 INFO             PET0 PIOc_sync Enter - MemInfo: [/proc/self/status]	VmRSSPercent: 0.0461996 %
20220313 062713.597 INFO             PET0 PIOc_sync Enter - MemInfo: [malloc] Non-mmapped space allocated:                36581376 Byte
20220313 062713.597 INFO             PET0 PIOc_sync Enter - MemInfo: [malloc] Space allocated in mmapped regions:                0 Byte
20220313 062713.597 INFO             PET0 PIOc_sync Enter - MemInfo: [malloc] Maximum total allocated space:                     0 Byte
20220313 062713.597 INFO             PET0 PIOc_sync Enter - MemInfo: [malloc] Space in freed fastbin blocks:                  1168 Byte
20220313 062713.597 INFO             PET0 PIOc_sync Enter - MemInfo: [malloc] Total allocated space:                      36463328 Byte
20220313 062713.597 INFO             PET0 PIOc_sync Enter - MemInfo: [malloc] Total free space:                             118048 Byte
20220313 062713.597 INFO             PET0 PIOc_sync Enter - MemInfo: [malloc] Top-most, releasable space:                   116256 Byte
20220313 062713.597 INFO             PET0 PIOc_sync Enter - MemInfo: [malloc] Total space in use, mmap + non-mmap:        36463328 Byte
20220313 062713.597 INFO             PET0 PIOc_sync Enter - MemInfo: [malloc] Total space held (mmap + non-mmap):         36581376 Byte
20220313 062713.597 INFO             PET0 PIOc_sync Enter - MemInfo: [malloc] Total space used (mmap + non-mmap):         36472720 Byte
20220313 062713.597 INFO             PET0 PIOc_sync Enter - MemInfo: Wall-clock time since execution start:              0.0489953 seconds
20220313 062713.599 INFO             PET0 PIOc_sync Exit - MemInfo: [/proc/meminfo - SSI]	MemTotal:       65507008 kB
20220313 062713.599 INFO             PET0 PIOc_sync Exit - MemInfo: [/proc/meminfo - SSI]	MemFree:        48892172 kB
20220313 062713.599 INFO             PET0 PIOc_sync Exit - MemInfo: [/proc/meminfo - SSI]	MemAvailable:   48657024 kB
20220313 062713.599 INFO             PET0 PIOc_sync Exit - MemInfo: [/proc/meminfo - SSI]	Committed_AS:   13094836 kB
20220313 062713.599 INFO             PET0 PIOc_sync Exit - MemInfo: [/proc/meminfo - SSI]	CommittedPercent: 19.99 %
20220313 062713.599 INFO             PET0 PIOc_sync Exit - MemInfo: [/proc/self/status]	VmPeak:	65908376 kB
20220313 062713.599 INFO             PET0 PIOc_sync Exit - MemInfo: [/proc/self/status]	VmSize:	65908376 kB
20220313 062713.599 INFO             PET0 PIOc_sync Exit - MemInfo: [/proc/self/status]	VmLck:	       0 kB
20220313 062713.599 INFO             PET0 PIOc_sync Exit - MemInfo: [/proc/self/status]	VmPin:	       0 kB
20220313 062713.599 INFO             PET0 PIOc_sync Exit - MemInfo: [/proc/self/status]	VmHWM:	   30360 kB
20220313 062713.599 INFO             PET0 PIOc_sync Exit - MemInfo: [/proc/self/status]	VmRSS:	   30360 kB
20220313 062713.599 INFO             PET0 PIOc_sync Exit - MemInfo: [/proc/self/status]	VmData:	   39036 kB
20220313 062713.599 INFO             PET0 PIOc_sync Exit - MemInfo: [/proc/self/status]	VmStk:	     144 kB
20220313 062713.599 INFO             PET0 PIOc_sync Exit - MemInfo: [/proc/self/status]	VmExe:	     212 kB
20220313 062713.599 INFO             PET0 PIOc_sync Exit - MemInfo: [/proc/self/status]	VmLib:	   39920 kB
20220313 062713.599 INFO             PET0 PIOc_sync Exit - MemInfo: [/proc/self/status]	VmPTE:	     256 kB
20220313 062713.599 INFO             PET0 PIOc_sync Exit - MemInfo: [/proc/self/status]	VmPMD:	      28 kB
20220313 062713.599 INFO             PET0 PIOc_sync Exit - MemInfo: [/proc/self/status]	VmSwap:	       0 kB
20220313 062713.599 INFO             PET0 PIOc_sync Exit - MemInfo: [/proc/self/status]	VmRSSPercent: 0.0463462 %
20220313 062713.599 INFO             PET0 PIOc_sync Exit - MemInfo: [malloc] Non-mmapped space allocated:                36581376 Byte
20220313 062713.599 INFO             PET0 PIOc_sync Exit - MemInfo: [malloc] Space allocated in mmapped regions:                0 Byte
20220313 062713.599 INFO             PET0 PIOc_sync Exit - MemInfo: [malloc] Maximum total allocated space:                     0 Byte
20220313 062713.599 INFO             PET0 PIOc_sync Exit - MemInfo: [malloc] Space in freed fastbin blocks:                  2800 Byte
20220313 062713.599 INFO             PET0 PIOc_sync Exit - MemInfo: [malloc] Total allocated space:                      36462928 Byte
20220313 062713.599 INFO             PET0 PIOc_sync Exit - MemInfo: [malloc] Total free space:                             118448 Byte
20220313 062713.599 INFO             PET0 PIOc_sync Exit - MemInfo: [malloc] Top-most, releasable space:                   115040 Byte
20220313 062713.599 INFO             PET0 PIOc_sync Exit - MemInfo: [malloc] Total space in use, mmap + non-mmap:        36462928 Byte
20220313 062713.599 INFO             PET0 PIOc_sync Exit - MemInfo: [malloc] Total space held (mmap + non-mmap):         36581376 Byte
20220313 062713.599 INFO             PET0 PIOc_sync Exit - MemInfo: [malloc] Total space used (mmap + non-mmap):         36472320 Byte
20220313 062713.599 INFO             PET0 PIOc_sync Exit - MemInfo: Wall-clock time since execution start:              0.0512534 seconds
20220313 062713.599 INFO             PET0 PIOc_freedecomp Enter - MemInfo: [/proc/meminfo - SSI]	MemTotal:       65507008 kB
20220313 062713.599 INFO             PET0 PIOc_freedecomp Enter - MemInfo: [/proc/meminfo - SSI]	MemFree:        48892172 kB
20220313 062713.599 INFO             PET0 PIOc_freedecomp Enter - MemInfo: [/proc/meminfo - SSI]	MemAvailable:   48657024 kB
20220313 062713.599 INFO             PET0 PIOc_freedecomp Enter - MemInfo: [/proc/meminfo - SSI]	Committed_AS:   13094836 kB
20220313 062713.599 INFO             PET0 PIOc_freedecomp Enter - MemInfo: [/proc/meminfo - SSI]	CommittedPercent: 19.99 %
20220313 062713.599 INFO             PET0 PIOc_freedecomp Enter - MemInfo: [/proc/self/status]	VmPeak:	65908376 kB
20220313 062713.599 INFO             PET0 PIOc_freedecomp Enter - MemInfo: [/proc/self/status]	VmSize:	65908376 kB
20220313 062713.599 INFO             PET0 PIOc_freedecomp Enter - MemInfo: [/proc/self/status]	VmLck:	       0 kB
20220313 062713.599 INFO             PET0 PIOc_freedecomp Enter - MemInfo: [/proc/self/status]	VmPin:	       0 kB
20220313 062713.599 INFO             PET0 PIOc_freedecomp Enter - MemInfo: [/proc/self/status]	VmHWM:	   30360 kB
20220313 062713.599 INFO             PET0 PIOc_freedecomp Enter - MemInfo: [/proc/self/status]	VmRSS:	   30360 kB
20220313 062713.599 INFO             PET0 PIOc_freedecomp Enter - MemInfo: [/proc/self/status]	VmData:	   39036 kB
20220313 062713.599 INFO             PET0 PIOc_freedecomp Enter - MemInfo: [/proc/self/status]	VmStk:	     144 kB
20220313 062713.599 INFO             PET0 PIOc_freedecomp Enter - MemInfo: [/proc/self/status]	VmExe:	     212 kB
20220313 062713.599 INFO             PET0 PIOc_freedecomp Enter - MemInfo: [/proc/self/status]	VmLib:	   39920 kB
20220313 062713.599 INFO             PET0 PIOc_freedecomp Enter - MemInfo: [/proc/self/status]	VmPTE:	     256 kB
20220313 062713.599 INFO             PET0 PIOc_freedecomp Enter - MemInfo: [/proc/self/status]	VmPMD:	      28 kB
20220313 062713.599 INFO             PET0 PIOc_freedecomp Enter - MemInfo: [/proc/self/status]	VmSwap:	       0 kB
20220313 062713.599 INFO             PET0 PIOc_freedecomp Enter - MemInfo: [/proc/self/status]	VmRSSPercent: 0.0463462 %
20220313 062713.599 INFO             PET0 PIOc_freedecomp Enter - MemInfo: [malloc] Non-mmapped space allocated:                36581376 Byte
20220313 062713.599 INFO             PET0 PIOc_freedecomp Enter - MemInfo: [malloc] Space allocated in mmapped regions:                0 Byte
20220313 062713.599 INFO             PET0 PIOc_freedecomp Enter - MemInfo: [malloc] Maximum total allocated space:                     0 Byte
20220313 062713.599 INFO             PET0 PIOc_freedecomp Enter - MemInfo: [malloc] Space in freed fastbin blocks:                  1040 Byte
20220313 062713.599 INFO             PET0 PIOc_freedecomp Enter - MemInfo: [malloc] Total allocated space:                      19148096 Byte
20220313 062713.599 INFO             PET0 PIOc_freedecomp Enter - MemInfo: [malloc] Total free space:                           17433280 Byte
20220313 062713.599 INFO             PET0 PIOc_freedecomp Enter - MemInfo: [malloc] Top-most, releasable space:                   117632 Byte
20220313 062713.599 INFO             PET0 PIOc_freedecomp Enter - MemInfo: [malloc] Total space in use, mmap + non-mmap:        19148096 Byte
20220313 062713.599 INFO             PET0 PIOc_freedecomp Enter - MemInfo: [malloc] Total space held (mmap + non-mmap):         36581376 Byte
20220313 062713.599 INFO             PET0 PIOc_freedecomp Enter - MemInfo: [malloc] Total space used (mmap + non-mmap):         19157472 Byte
20220313 062713.599 INFO             PET0 PIOc_freedecomp Enter - MemInfo: Wall-clock time since execution start:              0.0515098 seconds
20220313 062713.599 INFO             PET0 PIOc_freedecomp Exit - MemInfo: [/proc/meminfo - SSI]	MemTotal:       65507008 kB
20220313 062713.599 INFO             PET0 PIOc_freedecomp Exit - MemInfo: [/proc/meminfo - SSI]	MemFree:        48892172 kB
20220313 062713.599 INFO             PET0 PIOc_freedecomp Exit - MemInfo: [/proc/meminfo - SSI]	MemAvailable:   48657024 kB
20220313 062713.599 INFO             PET0 PIOc_freedecomp Exit - MemInfo: [/proc/meminfo - SSI]	Committed_AS:   13094836 kB
20220313 062713.599 INFO             PET0 PIOc_freedecomp Exit - MemInfo: [/proc/meminfo - SSI]	CommittedPercent: 19.99 %
20220313 062713.599 INFO             PET0 PIOc_freedecomp Exit - MemInfo: [/proc/self/status]	VmPeak:	65908376 kB
20220313 062713.599 INFO             PET0 PIOc_freedecomp Exit - MemInfo: [/proc/self/status]	VmSize:	65908376 kB
20220313 062713.599 INFO             PET0 PIOc_freedecomp Exit - MemInfo: [/proc/self/status]	VmLck:	       0 kB
20220313 062713.599 INFO             PET0 PIOc_freedecomp Exit - MemInfo: [/proc/self/status]	VmPin:	       0 kB
20220313 062713.599 INFO             PET0 PIOc_freedecomp Exit - MemInfo: [/proc/self/status]	VmHWM:	   30360 kB
20220313 062713.599 INFO             PET0 PIOc_freedecomp Exit - MemInfo: [/proc/self/status]	VmRSS:	   30360 kB
20220313 062713.599 INFO             PET0 PIOc_freedecomp Exit - MemInfo: [/proc/self/status]	VmData:	   39036 kB
20220313 062713.599 INFO             PET0 PIOc_freedecomp Exit - MemInfo: [/proc/self/status]	VmStk:	     144 kB
20220313 062713.599 INFO             PET0 PIOc_freedecomp Exit - MemInfo: [/proc/self/status]	VmExe:	     212 kB
20220313 062713.599 INFO             PET0 PIOc_freedecomp Exit - MemInfo: [/proc/self/status]	VmLib:	   39920 kB
20220313 062713.599 INFO             PET0 PIOc_freedecomp Exit - MemInfo: [/proc/self/status]	VmPTE:	     256 kB
20220313 062713.599 INFO             PET0 PIOc_freedecomp Exit - MemInfo: [/proc/self/status]	VmPMD:	      28 kB
20220313 062713.599 INFO             PET0 PIOc_freedecomp Exit - MemInfo: [/proc/self/status]	VmSwap:	       0 kB
20220313 062713.599 INFO             PET0 PIOc_freedecomp Exit - MemInfo: [/proc/self/status]	VmRSSPercent: 0.0463462 %
20220313 062713.599 INFO             PET0 PIOc_freedecomp Exit - MemInfo: [malloc] Non-mmapped space allocated:                36581376 Byte
20220313 062713.599 INFO             PET0 PIOc_freedecomp Exit - MemInfo: [malloc] Space allocated in mmapped regions:                0 Byte
20220313 062713.599 INFO             PET0 PIOc_freedecomp Exit - MemInfo: [malloc] Maximum total allocated space:                     0 Byte
20220313 062713.599 INFO             PET0 PIOc_freedecomp Exit - MemInfo: [malloc] Space in freed fastbin blocks:                  1344 Byte
20220313 062713.599 INFO             PET0 PIOc_freedecomp Exit - MemInfo: [malloc] Total allocated space:                      19146288 Byte
20220313 062713.599 INFO             PET0 PIOc_freedecomp Exit - MemInfo: [malloc] Total free space:                           17435088 Byte
20220313 062713.599 INFO             PET0 PIOc_freedecomp Exit - MemInfo: [malloc] Top-most, releasable space:                   117632 Byte
20220313 062713.599 INFO             PET0 PIOc_freedecomp Exit - MemInfo: [malloc] Total space in use, mmap + non-mmap:        19146288 Byte
20220313 062713.599 INFO             PET0 PIOc_freedecomp Exit - MemInfo: [malloc] Total space held (mmap + non-mmap):         36581376 Byte
20220313 062713.599 INFO             PET0 PIOc_freedecomp Exit - MemInfo: [malloc] Total space used (mmap + non-mmap):         19155664 Byte
20220313 062713.599 INFO             PET0 PIOc_freedecomp Exit - MemInfo: Wall-clock time since execution start:              0.0517166 seconds
20220313 062713.600 INFO             PET0 PIOc_sync Enter - MemInfo: [/proc/meminfo - SSI]	MemTotal:       65507008 kB
20220313 062713.600 INFO             PET0 PIOc_sync Enter - MemInfo: [/proc/meminfo - SSI]	MemFree:        48892172 kB
20220313 062713.600 INFO             PET0 PIOc_sync Enter - MemInfo: [/proc/meminfo - SSI]	MemAvailable:   48657024 kB
20220313 062713.600 INFO             PET0 PIOc_sync Enter - MemInfo: [/proc/meminfo - SSI]	Committed_AS:   13094836 kB
20220313 062713.600 INFO             PET0 PIOc_sync Enter - MemInfo: [/proc/meminfo - SSI]	CommittedPercent: 19.99 %
20220313 062713.600 INFO             PET0 PIOc_sync Enter - MemInfo: [/proc/self/status]	VmPeak:	65916564 kB
20220313 062713.600 INFO             PET0 PIOc_sync Enter - MemInfo: [/proc/self/status]	VmSize:	65908376 kB
20220313 062713.600 INFO             PET0 PIOc_sync Enter - MemInfo: [/proc/self/status]	VmLck:	       0 kB
20220313 062713.600 INFO             PET0 PIOc_sync Enter - MemInfo: [/proc/self/status]	VmPin:	       0 kB
20220313 062713.600 INFO             PET0 PIOc_sync Enter - MemInfo: [/proc/self/status]	VmHWM:	   30372 kB
20220313 062713.600 INFO             PET0 PIOc_sync Enter - MemInfo: [/proc/self/status]	VmRSS:	   30372 kB
20220313 062713.600 INFO             PET0 PIOc_sync Enter - MemInfo: [/proc/self/status]	VmData:	   39036 kB
20220313 062713.600 INFO             PET0 PIOc_sync Enter - MemInfo: [/proc/self/status]	VmStk:	     144 kB
20220313 062713.600 INFO             PET0 PIOc_sync Enter - MemInfo: [/proc/self/status]	VmExe:	     212 kB
20220313 062713.600 INFO             PET0 PIOc_sync Enter - MemInfo: [/proc/self/status]	VmLib:	   39920 kB
20220313 062713.600 INFO             PET0 PIOc_sync Enter - MemInfo: [/proc/self/status]	VmPTE:	     256 kB
20220313 062713.600 INFO             PET0 PIOc_sync Enter - MemInfo: [/proc/self/status]	VmPMD:	      28 kB
20220313 062713.600 INFO             PET0 PIOc_sync Enter - MemInfo: [/proc/self/status]	VmSwap:	       0 kB
20220313 062713.600 INFO             PET0 PIOc_sync Enter - MemInfo: [/proc/self/status]	VmRSSPercent: 0.0463645 %
20220313 062713.600 INFO             PET0 PIOc_sync Enter - MemInfo: [malloc] Non-mmapped space allocated:                36581376 Byte
20220313 062713.600 INFO             PET0 PIOc_sync Enter - MemInfo: [malloc] Space allocated in mmapped regions:                0 Byte
20220313 062713.600 INFO             PET0 PIOc_sync Enter - MemInfo: [malloc] Maximum total allocated space:                     0 Byte
20220313 062713.600 INFO             PET0 PIOc_sync Enter - MemInfo: [malloc] Space in freed fastbin blocks:                  1712 Byte
20220313 062713.600 INFO             PET0 PIOc_sync Enter - MemInfo: [malloc] Total allocated space:                      36464080 Byte
20220313 062713.600 INFO             PET0 PIOc_sync Enter - MemInfo: [malloc] Total free space:                             117296 Byte
20220313 062713.600 INFO             PET0 PIOc_sync Enter - MemInfo: [malloc] Top-most, releasable space:                   114912 Byte
20220313 062713.600 INFO             PET0 PIOc_sync Enter - MemInfo: [malloc] Total space in use, mmap + non-mmap:        36464080 Byte
20220313 062713.600 INFO             PET0 PIOc_sync Enter - MemInfo: [malloc] Total space held (mmap + non-mmap):         36581376 Byte
20220313 062713.600 INFO             PET0 PIOc_sync Enter - MemInfo: [malloc] Total space used (mmap + non-mmap):         36473472 Byte
20220313 062713.600 INFO             PET0 PIOc_sync Enter - MemInfo: Wall-clock time since execution start:              0.0526764 seconds
20220313 062713.601 INFO             PET0 PIOc_sync Exit - MemInfo: [/proc/meminfo - SSI]	MemTotal:       65507008 kB
20220313 062713.601 INFO             PET0 PIOc_sync Exit - MemInfo: [/proc/meminfo - SSI]	MemFree:        48892172 kB
20220313 062713.601 INFO             PET0 PIOc_sync Exit - MemInfo: [/proc/meminfo - SSI]	MemAvailable:   48657024 kB
20220313 062713.601 INFO             PET0 PIOc_sync Exit - MemInfo: [/proc/meminfo - SSI]	Committed_AS:   13094836 kB
20220313 062713.601 INFO             PET0 PIOc_sync Exit - MemInfo: [/proc/meminfo - SSI]	CommittedPercent: 19.99 %
20220313 062713.601 INFO             PET0 PIOc_sync Exit - MemInfo: [/proc/self/status]	VmPeak:	65916564 kB
20220313 062713.601 INFO             PET0 PIOc_sync Exit - MemInfo: [/proc/self/status]	VmSize:	65908376 kB
20220313 062713.601 INFO             PET0 PIOc_sync Exit - MemInfo: [/proc/self/status]	VmLck:	       0 kB
20220313 062713.601 INFO             PET0 PIOc_sync Exit - MemInfo: [/proc/self/status]	VmPin:	       0 kB
20220313 062713.601 INFO             PET0 PIOc_sync Exit - MemInfo: [/proc/self/status]	VmHWM:	   30372 kB
20220313 062713.601 INFO             PET0 PIOc_sync Exit - MemInfo: [/proc/self/status]	VmRSS:	   30372 kB
20220313 062713.601 INFO             PET0 PIOc_sync Exit - MemInfo: [/proc/self/status]	VmData:	   39036 kB
20220313 062713.601 INFO             PET0 PIOc_sync Exit - MemInfo: [/proc/self/status]	VmStk:	     144 kB
20220313 062713.601 INFO             PET0 PIOc_sync Exit - MemInfo: [/proc/self/status]	VmExe:	     212 kB
20220313 062713.601 INFO             PET0 PIOc_sync Exit - MemInfo: [/proc/self/status]	VmLib:	   39920 kB
20220313 062713.601 INFO             PET0 PIOc_sync Exit - MemInfo: [/proc/self/status]	VmPTE:	     256 kB
20220313 062713.601 INFO             PET0 PIOc_sync Exit - MemInfo: [/proc/self/status]	VmPMD:	      28 kB
20220313 062713.601 INFO             PET0 PIOc_sync Exit - MemInfo: [/proc/self/status]	VmSwap:	       0 kB
20220313 062713.601 INFO             PET0 PIOc_sync Exit - MemInfo: [/proc/self/status]	VmRSSPercent: 0.0463645 %
20220313 062713.601 INFO             PET0 PIOc_sync Exit - MemInfo: [malloc] Non-mmapped space allocated:                36581376 Byte
20220313 062713.601 INFO             PET0 PIOc_sync Exit - MemInfo: [malloc] Space allocated in mmapped regions:                0 Byte
20220313 062713.601 INFO             PET0 PIOc_sync Exit - MemInfo: [malloc] Maximum total allocated space:                     0 Byte
20220313 062713.601 INFO             PET0 PIOc_sync Exit - MemInfo: [malloc] Space in freed fastbin blocks:                  3104 Byte
20220313 062713.601 INFO             PET0 PIOc_sync Exit - MemInfo: [malloc] Total allocated space:                      36463696 Byte
20220313 062713.601 INFO             PET0 PIOc_sync Exit - MemInfo: [malloc] Total free space:                             117680 Byte
20220313 062713.601 INFO             PET0 PIOc_sync Exit - MemInfo: [malloc] Top-most, releasable space:                   113648 Byte
20220313 062713.601 INFO             PET0 PIOc_sync Exit - MemInfo: [malloc] Total space in use, mmap + non-mmap:        36463696 Byte
20220313 062713.601 INFO             PET0 PIOc_sync Exit - MemInfo: [malloc] Total space held (mmap + non-mmap):         36581376 Byte
20220313 062713.601 INFO             PET0 PIOc_sync Exit - MemInfo: [malloc] Total space used (mmap + non-mmap):         36473088 Byte
20220313 062713.601 INFO             PET0 PIOc_sync Exit - MemInfo: Wall-clock time since execution start:              0.0529334 seconds
20220313 062713.601 INFO             PET0 PIOc_freedecomp Enter - MemInfo: [/proc/meminfo - SSI]	MemTotal:       65507008 kB
20220313 062713.601 INFO             PET0 PIOc_freedecomp Enter - MemInfo: [/proc/meminfo - SSI]	MemFree:        48892172 kB
20220313 062713.601 INFO             PET0 PIOc_freedecomp Enter - MemInfo: [/proc/meminfo - SSI]	MemAvailable:   48657024 kB
20220313 062713.601 INFO             PET0 PIOc_freedecomp Enter - MemInfo: [/proc/meminfo - SSI]	Committed_AS:   13094836 kB
20220313 062713.601 INFO             PET0 PIOc_freedecomp Enter - MemInfo: [/proc/meminfo - SSI]	CommittedPercent: 19.99 %
20220313 062713.601 INFO             PET0 PIOc_freedecomp Enter - MemInfo: [/proc/self/status]	VmPeak:	65916564 kB
20220313 062713.601 INFO             PET0 PIOc_freedecomp Enter - MemInfo: [/proc/self/status]	VmSize:	65908376 kB
20220313 062713.601 INFO             PET0 PIOc_freedecomp Enter - MemInfo: [/proc/self/status]	VmLck:	       0 kB
20220313 062713.601 INFO             PET0 PIOc_freedecomp Enter - MemInfo: [/proc/self/status]	VmPin:	       0 kB
20220313 062713.601 INFO             PET0 PIOc_freedecomp Enter - MemInfo: [/proc/self/status]	VmHWM:	   30372 kB
20220313 062713.601 INFO             PET0 PIOc_freedecomp Enter - MemInfo: [/proc/self/status]	VmRSS:	   30372 kB
20220313 062713.601 INFO             PET0 PIOc_freedecomp Enter - MemInfo: [/proc/self/status]	VmData:	   39036 kB
20220313 062713.601 INFO             PET0 PIOc_freedecomp Enter - MemInfo: [/proc/self/status]	VmStk:	     144 kB
20220313 062713.601 INFO             PET0 PIOc_freedecomp Enter - MemInfo: [/proc/self/status]	VmExe:	     212 kB
20220313 062713.601 INFO             PET0 PIOc_freedecomp Enter - MemInfo: [/proc/self/status]	VmLib:	   39920 kB
20220313 062713.601 INFO             PET0 PIOc_freedecomp Enter - MemInfo: [/proc/self/status]	VmPTE:	     256 kB
20220313 062713.601 INFO             PET0 PIOc_freedecomp Enter - MemInfo: [/proc/self/status]	VmPMD:	      28 kB
20220313 062713.601 INFO             PET0 PIOc_freedecomp Enter - MemInfo: [/proc/self/status]	VmSwap:	       0 kB
20220313 062713.601 INFO             PET0 PIOc_freedecomp Enter - MemInfo: [/proc/self/status]	VmRSSPercent: 0.0463645 %
20220313 062713.601 INFO             PET0 PIOc_freedecomp Enter - MemInfo: [malloc] Non-mmapped space allocated:                36581376 Byte
20220313 062713.601 INFO             PET0 PIOc_freedecomp Enter - MemInfo: [malloc] Space allocated in mmapped regions:                0 Byte
20220313 062713.601 INFO             PET0 PIOc_freedecomp Enter - MemInfo: [malloc] Maximum total allocated space:                     0 Byte
20220313 062713.601 INFO             PET0 PIOc_freedecomp Enter - MemInfo: [malloc] Space in freed fastbin blocks:                  1040 Byte
20220313 062713.601 INFO             PET0 PIOc_freedecomp Enter - MemInfo: [malloc] Total allocated space:                      19148096 Byte
20220313 062713.601 INFO             PET0 PIOc_freedecomp Enter - MemInfo: [malloc] Total free space:                           17433280 Byte
20220313 062713.601 INFO             PET0 PIOc_freedecomp Enter - MemInfo: [malloc] Top-most, releasable space:                   116224 Byte
20220313 062713.601 INFO             PET0 PIOc_freedecomp Enter - MemInfo: [malloc] Total space in use, mmap + non-mmap:        19148096 Byte
20220313 062713.601 INFO             PET0 PIOc_freedecomp Enter - MemInfo: [malloc] Total space held (mmap + non-mmap):         36581376 Byte
20220313 062713.601 INFO             PET0 PIOc_freedecomp Enter - MemInfo: [malloc] Total space used (mmap + non-mmap):         19157472 Byte
20220313 062713.601 INFO             PET0 PIOc_freedecomp Enter - MemInfo: Wall-clock time since execution start:              0.0531654 seconds
20220313 062713.601 INFO             PET0 PIOc_freedecomp Exit - MemInfo: [/proc/meminfo - SSI]	MemTotal:       65507008 kB
20220313 062713.601 INFO             PET0 PIOc_freedecomp Exit - MemInfo: [/proc/meminfo - SSI]	MemFree:        48892172 kB
20220313 062713.601 INFO             PET0 PIOc_freedecomp Exit - MemInfo: [/proc/meminfo - SSI]	MemAvailable:   48657024 kB
20220313 062713.601 INFO             PET0 PIOc_freedecomp Exit - MemInfo: [/proc/meminfo - SSI]	Committed_AS:   13094836 kB
20220313 062713.601 INFO             PET0 PIOc_freedecomp Exit - MemInfo: [/proc/meminfo - SSI]	CommittedPercent: 19.99 %
20220313 062713.601 INFO             PET0 PIOc_freedecomp Exit - MemInfo: [/proc/self/status]	VmPeak:	65916564 kB
20220313 062713.601 INFO             PET0 PIOc_freedecomp Exit - MemInfo: [/proc/self/status]	VmSize:	65908376 kB
20220313 062713.601 INFO             PET0 PIOc_freedecomp Exit - MemInfo: [/proc/self/status]	VmLck:	       0 kB
20220313 062713.601 INFO             PET0 PIOc_freedecomp Exit - MemInfo: [/proc/self/status]	VmPin:	       0 kB
20220313 062713.601 INFO             PET0 PIOc_freedecomp Exit - MemInfo: [/proc/self/status]	VmHWM:	   30372 kB
20220313 062713.601 INFO             PET0 PIOc_freedecomp Exit - MemInfo: [/proc/self/status]	VmRSS:	   30372 kB
20220313 062713.601 INFO             PET0 PIOc_freedecomp Exit - MemInfo: [/proc/self/status]	VmData:	   39036 kB
20220313 062713.601 INFO             PET0 PIOc_freedecomp Exit - MemInfo: [/proc/self/status]	VmStk:	     144 kB
20220313 062713.601 INFO             PET0 PIOc_freedecomp Exit - MemInfo: [/proc/self/status]	VmExe:	     212 kB
20220313 062713.601 INFO             PET0 PIOc_freedecomp Exit - MemInfo: [/proc/self/status]	VmLib:	   39920 kB
20220313 062713.601 INFO             PET0 PIOc_freedecomp Exit - MemInfo: [/proc/self/status]	VmPTE:	     256 kB
20220313 062713.601 INFO             PET0 PIOc_freedecomp Exit - MemInfo: [/proc/self/status]	VmPMD:	      28 kB
20220313 062713.601 INFO             PET0 PIOc_freedecomp Exit - MemInfo: [/proc/self/status]	VmSwap:	       0 kB
20220313 062713.601 INFO             PET0 PIOc_freedecomp Exit - MemInfo: [/proc/self/status]	VmRSSPercent: 0.0463645 %
20220313 062713.601 INFO             PET0 PIOc_freedecomp Exit - MemInfo: [malloc] Non-mmapped space allocated:                36581376 Byte
20220313 062713.601 INFO             PET0 PIOc_freedecomp Exit - MemInfo: [malloc] Space allocated in mmapped regions:                0 Byte
20220313 062713.601 INFO             PET0 PIOc_freedecomp Exit - MemInfo: [malloc] Maximum total allocated space:                     0 Byte
20220313 062713.601 INFO             PET0 PIOc_freedecomp Exit - MemInfo: [malloc] Space in freed fastbin blocks:                  3056 Byte
20220313 062713.601 INFO             PET0 PIOc_freedecomp Exit - MemInfo: [malloc] Total allocated space:                      19146288 Byte
20220313 062713.601 INFO             PET0 PIOc_freedecomp Exit - MemInfo: [malloc] Total free space:                           17435088 Byte
20220313 062713.601 INFO             PET0 PIOc_freedecomp Exit - MemInfo: [malloc] Top-most, releasable space:                   116224 Byte
20220313 062713.601 INFO             PET0 PIOc_freedecomp Exit - MemInfo: [malloc] Total space in use, mmap + non-mmap:        19146288 Byte
20220313 062713.601 INFO             PET0 PIOc_freedecomp Exit - MemInfo: [malloc] Total space held (mmap + non-mmap):         36581376 Byte
20220313 062713.601 INFO             PET0 PIOc_freedecomp Exit - MemInfo: [malloc] Total space used (mmap + non-mmap):         19155680 Byte
20220313 062713.601 INFO             PET0 PIOc_freedecomp Exit - MemInfo: Wall-clock time since execution start:              0.0533701 seconds
20220313 062713.602 INFO             PET0 PIOc_sync Enter - MemInfo: [/proc/meminfo - SSI]	MemTotal:       65507008 kB
20220313 062713.602 INFO             PET0 PIOc_sync Enter - MemInfo: [/proc/meminfo - SSI]	MemFree:        48892172 kB
20220313 062713.602 INFO             PET0 PIOc_sync Enter - MemInfo: [/proc/meminfo - SSI]	MemAvailable:   48657024 kB
20220313 062713.602 INFO             PET0 PIOc_sync Enter - MemInfo: [/proc/meminfo - SSI]	Committed_AS:   13094836 kB
20220313 062713.602 INFO             PET0 PIOc_sync Enter - MemInfo: [/proc/meminfo - SSI]	CommittedPercent: 19.99 %
20220313 062713.602 INFO             PET0 PIOc_sync Enter - MemInfo: [/proc/self/status]	VmPeak:	65916564 kB
20220313 062713.602 INFO             PET0 PIOc_sync Enter - MemInfo: [/proc/self/status]	VmSize:	65908376 kB
20220313 062713.602 INFO             PET0 PIOc_sync Enter - MemInfo: [/proc/self/status]	VmLck:	       0 kB
20220313 062713.602 INFO             PET0 PIOc_sync Enter - MemInfo: [/proc/self/status]	VmPin:	       0 kB
20220313 062713.602 INFO             PET0 PIOc_sync Enter - MemInfo: [/proc/self/status]	VmHWM:	   30372 kB
20220313 062713.602 INFO             PET0 PIOc_sync Enter - MemInfo: [/proc/self/status]	VmRSS:	   30372 kB
20220313 062713.602 INFO             PET0 PIOc_sync Enter - MemInfo: [/proc/self/status]	VmData:	   39036 kB
20220313 062713.602 INFO             PET0 PIOc_sync Enter - MemInfo: [/proc/self/status]	VmStk:	     144 kB
20220313 062713.602 INFO             PET0 PIOc_sync Enter - MemInfo: [/proc/self/status]	VmExe:	     212 kB
20220313 062713.602 INFO             PET0 PIOc_sync Enter - MemInfo: [/proc/self/status]	VmLib:	   39920 kB
20220313 062713.602 INFO             PET0 PIOc_sync Enter - MemInfo: [/proc/self/status]	VmPTE:	     256 kB
20220313 062713.602 INFO             PET0 PIOc_sync Enter - MemInfo: [/proc/self/status]	VmPMD:	      28 kB
20220313 062713.602 INFO             PET0 PIOc_sync Enter - MemInfo: [/proc/self/status]	VmSwap:	       0 kB
20220313 062713.602 INFO             PET0 PIOc_sync Enter - MemInfo: [/proc/self/status]	VmRSSPercent: 0.0463645 %
20220313 062713.602 INFO             PET0 PIOc_sync Enter - MemInfo: [malloc] Non-mmapped space allocated:                36581376 Byte
20220313 062713.602 INFO             PET0 PIOc_sync Enter - MemInfo: [malloc] Space allocated in mmapped regions:                0 Byte
20220313 062713.602 INFO             PET0 PIOc_sync Enter - MemInfo: [malloc] Maximum total allocated space:                     0 Byte
20220313 062713.602 INFO             PET0 PIOc_sync Enter - MemInfo: [malloc] Space in freed fastbin blocks:                   288 Byte
20220313 062713.602 INFO             PET0 PIOc_sync Enter - MemInfo: [malloc] Total allocated space:                      36464800 Byte
20220313 062713.602 INFO             PET0 PIOc_sync Enter - MemInfo: [malloc] Total free space:                             116576 Byte
20220313 062713.602 INFO             PET0 PIOc_sync Enter - MemInfo: [malloc] Top-most, releasable space:                   114608 Byte
20220313 062713.602 INFO             PET0 PIOc_sync Enter - MemInfo: [malloc] Total space in use, mmap + non-mmap:        36464800 Byte
20220313 062713.602 INFO             PET0 PIOc_sync Enter - MemInfo: [malloc] Total space held (mmap + non-mmap):         36581376 Byte
20220313 062713.602 INFO             PET0 PIOc_sync Enter - MemInfo: [malloc] Total space used (mmap + non-mmap):         36474192 Byte
20220313 062713.602 INFO             PET0 PIOc_sync Enter - MemInfo: Wall-clock time since execution start:              0.0542649 seconds
20220313 062713.602 INFO             PET0 PIOc_sync Exit - MemInfo: [/proc/meminfo - SSI]	MemTotal:       65507008 kB
20220313 062713.602 INFO             PET0 PIOc_sync Exit - MemInfo: [/proc/meminfo - SSI]	MemFree:        48892172 kB
20220313 062713.602 INFO             PET0 PIOc_sync Exit - MemInfo: [/proc/meminfo - SSI]	MemAvailable:   48657024 kB
20220313 062713.602 INFO             PET0 PIOc_sync Exit - MemInfo: [/proc/meminfo - SSI]	Committed_AS:   13094836 kB
20220313 062713.602 INFO             PET0 PIOc_sync Exit - MemInfo: [/proc/meminfo - SSI]	CommittedPercent: 19.99 %
20220313 062713.602 INFO             PET0 PIOc_sync Exit - MemInfo: [/proc/self/status]	VmPeak:	65916564 kB
20220313 062713.602 INFO             PET0 PIOc_sync Exit - MemInfo: [/proc/self/status]	VmSize:	65908376 kB
20220313 062713.602 INFO             PET0 PIOc_sync Exit - MemInfo: [/proc/self/status]	VmLck:	       0 kB
20220313 062713.602 INFO             PET0 PIOc_sync Exit - MemInfo: [/proc/self/status]	VmPin:	       0 kB
20220313 062713.602 INFO             PET0 PIOc_sync Exit - MemInfo: [/proc/self/status]	VmHWM:	   30372 kB
20220313 062713.602 INFO             PET0 PIOc_sync Exit - MemInfo: [/proc/self/status]	VmRSS:	   30372 kB
20220313 062713.602 INFO             PET0 PIOc_sync Exit - MemInfo: [/proc/self/status]	VmData:	   39036 kB
20220313 062713.602 INFO             PET0 PIOc_sync Exit - MemInfo: [/proc/self/status]	VmStk:	     144 kB
20220313 062713.602 INFO             PET0 PIOc_sync Exit - MemInfo: [/proc/self/status]	VmExe:	     212 kB
20220313 062713.602 INFO             PET0 PIOc_sync Exit - MemInfo: [/proc/self/status]	VmLib:	   39920 kB
20220313 062713.602 INFO             PET0 PIOc_sync Exit - MemInfo: [/proc/self/status]	VmPTE:	     256 kB
20220313 062713.602 INFO             PET0 PIOc_sync Exit - MemInfo: [/proc/self/status]	VmPMD:	      28 kB
20220313 062713.602 INFO             PET0 PIOc_sync Exit - MemInfo: [/proc/self/status]	VmSwap:	       0 kB
20220313 062713.602 INFO             PET0 PIOc_sync Exit - MemInfo: [/proc/self/status]	VmRSSPercent: 0.0463645 %
20220313 062713.602 INFO             PET0 PIOc_sync Exit - MemInfo: [malloc] Non-mmapped space allocated:                36581376 Byte
20220313 062713.602 INFO             PET0 PIOc_sync Exit - MemInfo: [malloc] Space allocated in mmapped regions:                0 Byte
20220313 062713.602 INFO             PET0 PIOc_sync Exit - MemInfo: [malloc] Maximum total allocated space:                     0 Byte
20220313 062713.602 INFO             PET0 PIOc_sync Exit - MemInfo: [malloc] Space in freed fastbin blocks:                  3040 Byte
20220313 062713.602 INFO             PET0 PIOc_sync Exit - MemInfo: [malloc] Total allocated space:                      36464416 Byte
20220313 062713.602 INFO             PET0 PIOc_sync Exit - MemInfo: [malloc] Total free space:                             116960 Byte
20220313 062713.602 INFO             PET0 PIOc_sync Exit - MemInfo: [malloc] Top-most, releasable space:                   113248 Byte
20220313 062713.602 INFO             PET0 PIOc_sync Exit - MemInfo: [malloc] Total space in use, mmap + non-mmap:        36464416 Byte
20220313 062713.602 INFO             PET0 PIOc_sync Exit - MemInfo: [malloc] Total space held (mmap + non-mmap):         36581376 Byte
20220313 062713.602 INFO             PET0 PIOc_sync Exit - MemInfo: [malloc] Total space used (mmap + non-mmap):         36473808 Byte
20220313 062713.602 INFO             PET0 PIOc_sync Exit - MemInfo: Wall-clock time since execution start:              0.0545213 seconds
20220313 062713.602 INFO             PET0 PIOc_freedecomp Enter - MemInfo: [/proc/meminfo - SSI]	MemTotal:       65507008 kB
20220313 062713.602 INFO             PET0 PIOc_freedecomp Enter - MemInfo: [/proc/meminfo - SSI]	MemFree:        48892172 kB
20220313 062713.602 INFO             PET0 PIOc_freedecomp Enter - MemInfo: [/proc/meminfo - SSI]	MemAvailable:   48657024 kB
20220313 062713.602 INFO             PET0 PIOc_freedecomp Enter - MemInfo: [/proc/meminfo - SSI]	Committed_AS:   13094836 kB
20220313 062713.602 INFO             PET0 PIOc_freedecomp Enter - MemInfo: [/proc/meminfo - SSI]	CommittedPercent: 19.99 %
20220313 062713.602 INFO             PET0 PIOc_freedecomp Enter - MemInfo: [/proc/self/status]	VmPeak:	65916564 kB
20220313 062713.602 INFO             PET0 PIOc_freedecomp Enter - MemInfo: [/proc/self/status]	VmSize:	65908376 kB
20220313 062713.602 INFO             PET0 PIOc_freedecomp Enter - MemInfo: [/proc/self/status]	VmLck:	       0 kB
20220313 062713.602 INFO             PET0 PIOc_freedecomp Enter - MemInfo: [/proc/self/status]	VmPin:	       0 kB
20220313 062713.602 INFO             PET0 PIOc_freedecomp Enter - MemInfo: [/proc/self/status]	VmHWM:	   30372 kB
20220313 062713.602 INFO             PET0 PIOc_freedecomp Enter - MemInfo: [/proc/self/status]	VmRSS:	   30372 kB
20220313 062713.602 INFO             PET0 PIOc_freedecomp Enter - MemInfo: [/proc/self/status]	VmData:	   39036 kB
20220313 062713.602 INFO             PET0 PIOc_freedecomp Enter - MemInfo: [/proc/self/status]	VmStk:	     144 kB
20220313 062713.602 INFO             PET0 PIOc_freedecomp Enter - MemInfo: [/proc/self/status]	VmExe:	     212 kB
20220313 062713.602 INFO             PET0 PIOc_freedecomp Enter - MemInfo: [/proc/self/status]	VmLib:	   39920 kB
20220313 062713.602 INFO             PET0 PIOc_freedecomp Enter - MemInfo: [/proc/self/status]	VmPTE:	     256 kB
20220313 062713.602 INFO             PET0 PIOc_freedecomp Enter - MemInfo: [/proc/self/status]	VmPMD:	      28 kB
20220313 062713.602 INFO             PET0 PIOc_freedecomp Enter - MemInfo: [/proc/self/status]	VmSwap:	       0 kB
20220313 062713.602 INFO             PET0 PIOc_freedecomp Enter - MemInfo: [/proc/self/status]	VmRSSPercent: 0.0463645 %
20220313 062713.602 INFO             PET0 PIOc_freedecomp Enter - MemInfo: [malloc] Non-mmapped space allocated:                36581376 Byte
20220313 062713.602 INFO             PET0 PIOc_freedecomp Enter - MemInfo: [malloc] Space allocated in mmapped regions:                0 Byte
20220313 062713.602 INFO             PET0 PIOc_freedecomp Enter - MemInfo: [malloc] Maximum total allocated space:                     0 Byte
20220313 062713.602 INFO             PET0 PIOc_freedecomp Enter - MemInfo: [malloc] Space in freed fastbin blocks:                   960 Byte
20220313 062713.602 INFO             PET0 PIOc_freedecomp Enter - MemInfo: [malloc] Total allocated space:                      19148112 Byte
20220313 062713.602 INFO             PET0 PIOc_freedecomp Enter - MemInfo: [malloc] Total free space:                           17433264 Byte
20220313 062713.602 INFO             PET0 PIOc_freedecomp Enter - MemInfo: [malloc] Top-most, releasable space:                   116384 Byte
20220313 062713.602 INFO             PET0 PIOc_freedecomp Enter - MemInfo: [malloc] Total space in use, mmap + non-mmap:        19148112 Byte
20220313 062713.602 INFO             PET0 PIOc_freedecomp Enter - MemInfo: [malloc] Total space held (mmap + non-mmap):         36581376 Byte
20220313 062713.603 INFO             PET0 PIOc_freedecomp Enter - MemInfo: [malloc] Total space used (mmap + non-mmap):         19157488 Byte
20220313 062713.603 INFO             PET0 PIOc_freedecomp Enter - MemInfo: Wall-clock time since execution start:              0.0547567 seconds
20220313 062713.603 INFO             PET0 PIOc_freedecomp Exit - MemInfo: [/proc/meminfo - SSI]	MemTotal:       65507008 kB
20220313 062713.603 INFO             PET0 PIOc_freedecomp Exit - MemInfo: [/proc/meminfo - SSI]	MemFree:        48892172 kB
20220313 062713.603 INFO             PET0 PIOc_freedecomp Exit - MemInfo: [/proc/meminfo - SSI]	MemAvailable:   48657024 kB
20220313 062713.603 INFO             PET0 PIOc_freedecomp Exit - MemInfo: [/proc/meminfo - SSI]	Committed_AS:   13094836 kB
20220313 062713.603 INFO             PET0 PIOc_freedecomp Exit - MemInfo: [/proc/meminfo - SSI]	CommittedPercent: 19.99 %
20220313 062713.603 INFO             PET0 PIOc_freedecomp Exit - MemInfo: [/proc/self/status]	VmPeak:	65916564 kB
20220313 062713.603 INFO             PET0 PIOc_freedecomp Exit - MemInfo: [/proc/self/status]	VmSize:	65908376 kB
20220313 062713.603 INFO             PET0 PIOc_freedecomp Exit - MemInfo: [/proc/self/status]	VmLck:	       0 kB
20220313 062713.603 INFO             PET0 PIOc_freedecomp Exit - MemInfo: [/proc/self/status]	VmPin:	       0 kB
20220313 062713.603 INFO             PET0 PIOc_freedecomp Exit - MemInfo: [/proc/self/status]	VmHWM:	   30372 kB
20220313 062713.603 INFO             PET0 PIOc_freedecomp Exit - MemInfo: [/proc/self/status]	VmRSS:	   30372 kB
20220313 062713.603 INFO             PET0 PIOc_freedecomp Exit - MemInfo: [/proc/self/status]	VmData:	   39036 kB
20220313 062713.603 INFO             PET0 PIOc_freedecomp Exit - MemInfo: [/proc/self/status]	VmStk:	     144 kB
20220313 062713.603 INFO             PET0 PIOc_freedecomp Exit - MemInfo: [/proc/self/status]	VmExe:	     212 kB
20220313 062713.603 INFO             PET0 PIOc_freedecomp Exit - MemInfo: [/proc/self/status]	VmLib:	   39920 kB
20220313 062713.603 INFO             PET0 PIOc_freedecomp Exit - MemInfo: [/proc/self/status]	VmPTE:	     256 kB
20220313 062713.603 INFO             PET0 PIOc_freedecomp Exit - MemInfo: [/proc/self/status]	VmPMD:	      28 kB
20220313 062713.603 INFO             PET0 PIOc_freedecomp Exit - MemInfo: [/proc/self/status]	VmSwap:	       0 kB
20220313 062713.603 INFO             PET0 PIOc_freedecomp Exit - MemInfo: [/proc/self/status]	VmRSSPercent: 0.0463645 %
20220313 062713.603 INFO             PET0 PIOc_freedecomp Exit - MemInfo: [malloc] Non-mmapped space allocated:                36581376 Byte
20220313 062713.603 INFO             PET0 PIOc_freedecomp Exit - MemInfo: [malloc] Space allocated in mmapped regions:                0 Byte
20220313 062713.603 INFO             PET0 PIOc_freedecomp Exit - MemInfo: [malloc] Maximum total allocated space:                     0 Byte
20220313 062713.603 INFO             PET0 PIOc_freedecomp Exit - MemInfo: [malloc] Space in freed fastbin blocks:                  2960 Byte
20220313 062713.603 INFO             PET0 PIOc_freedecomp Exit - MemInfo: [malloc] Total allocated space:                      19146288 Byte
20220313 062713.603 INFO             PET0 PIOc_freedecomp Exit - MemInfo: [malloc] Total free space:                           17435088 Byte
20220313 062713.603 INFO             PET0 PIOc_freedecomp Exit - MemInfo: [malloc] Top-most, releasable space:                   116384 Byte
20220313 062713.603 INFO             PET0 PIOc_freedecomp Exit - MemInfo: [malloc] Total space in use, mmap + non-mmap:        19146288 Byte
20220313 062713.603 INFO             PET0 PIOc_freedecomp Exit - MemInfo: [malloc] Total space held (mmap + non-mmap):         36581376 Byte
20220313 062713.603 INFO             PET0 PIOc_freedecomp Exit - MemInfo: [malloc] Total space used (mmap + non-mmap):         19155664 Byte
20220313 062713.603 INFO             PET0 PIOc_freedecomp Exit - MemInfo: Wall-clock time since execution start:              0.0549606 seconds
20220313 062713.603 INFO             PET0 PIOc_sync Enter - MemInfo: [/proc/meminfo - SSI]	MemTotal:       65507008 kB
20220313 062713.603 INFO             PET0 PIOc_sync Enter - MemInfo: [/proc/meminfo - SSI]	MemFree:        48892172 kB
20220313 062713.603 INFO             PET0 PIOc_sync Enter - MemInfo: [/proc/meminfo - SSI]	MemAvailable:   48657024 kB
20220313 062713.603 INFO             PET0 PIOc_sync Enter - MemInfo: [/proc/meminfo - SSI]	Committed_AS:   13094836 kB
20220313 062713.603 INFO             PET0 PIOc_sync Enter - MemInfo: [/proc/meminfo - SSI]	CommittedPercent: 19.99 %
20220313 062713.603 INFO             PET0 PIOc_sync Enter - MemInfo: [/proc/self/status]	VmPeak:	65916564 kB
20220313 062713.603 INFO             PET0 PIOc_sync Enter - MemInfo: [/proc/self/status]	VmSize:	65908376 kB
20220313 062713.603 INFO             PET0 PIOc_sync Enter - MemInfo: [/proc/self/status]	VmLck:	       0 kB
20220313 062713.603 INFO             PET0 PIOc_sync Enter - MemInfo: [/proc/self/status]	VmPin:	       0 kB
20220313 062713.603 INFO             PET0 PIOc_sync Enter - MemInfo: [/proc/self/status]	VmHWM:	   30372 kB
20220313 062713.604 INFO             PET0 PIOc_sync Enter - MemInfo: [/proc/self/status]	VmRSS:	   30372 kB
20220313 062713.604 INFO             PET0 PIOc_sync Enter - MemInfo: [/proc/self/status]	VmData:	   39036 kB
20220313 062713.604 INFO             PET0 PIOc_sync Enter - MemInfo: [/proc/self/status]	VmStk:	     144 kB
20220313 062713.604 INFO             PET0 PIOc_sync Enter - MemInfo: [/proc/self/status]	VmExe:	     212 kB
20220313 062713.604 INFO             PET0 PIOc_sync Enter - MemInfo: [/proc/self/status]	VmLib:	   39920 kB
20220313 062713.604 INFO             PET0 PIOc_sync Enter - MemInfo: [/proc/self/status]	VmPTE:	     256 kB
20220313 062713.604 INFO             PET0 PIOc_sync Enter - MemInfo: [/proc/self/status]	VmPMD:	      28 kB
20220313 062713.604 INFO             PET0 PIOc_sync Enter - MemInfo: [/proc/self/status]	VmSwap:	       0 kB
20220313 062713.604 INFO             PET0 PIOc_sync Enter - MemInfo: [/proc/self/status]	VmRSSPercent: 0.0463645 %
20220313 062713.604 INFO             PET0 PIOc_sync Enter - MemInfo: [malloc] Non-mmapped space allocated:                36581376 Byte
20220313 062713.604 INFO             PET0 PIOc_sync Enter - MemInfo: [malloc] Space allocated in mmapped regions:                0 Byte
20220313 062713.604 INFO             PET0 PIOc_sync Enter - MemInfo: [malloc] Maximum total allocated space:                     0 Byte
20220313 062713.604 INFO             PET0 PIOc_sync Enter - MemInfo: [malloc] Space in freed fastbin blocks:                   256 Byte
20220313 062713.604 INFO             PET0 PIOc_sync Enter - MemInfo: [malloc] Total allocated space:                      36465600 Byte
20220313 062713.604 INFO             PET0 PIOc_sync Enter - MemInfo: [malloc] Total free space:                             115776 Byte
20220313 062713.604 INFO             PET0 PIOc_sync Enter - MemInfo: [malloc] Top-most, releasable space:                   114000 Byte
20220313 062713.604 INFO             PET0 PIOc_sync Enter - MemInfo: [malloc] Total space in use, mmap + non-mmap:        36465600 Byte
20220313 062713.604 INFO             PET0 PIOc_sync Enter - MemInfo: [malloc] Total space held (mmap + non-mmap):         36581376 Byte
20220313 062713.604 INFO             PET0 PIOc_sync Enter - MemInfo: [malloc] Total space used (mmap + non-mmap):         36474976 Byte
20220313 062713.604 INFO             PET0 PIOc_sync Enter - MemInfo: Wall-clock time since execution start:              0.0558661 seconds
20220313 062713.604 INFO             PET0 PIOc_sync Exit - MemInfo: [/proc/meminfo - SSI]	MemTotal:       65507008 kB
20220313 062713.604 INFO             PET0 PIOc_sync Exit - MemInfo: [/proc/meminfo - SSI]	MemFree:        48892172 kB
20220313 062713.604 INFO             PET0 PIOc_sync Exit - MemInfo: [/proc/meminfo - SSI]	MemAvailable:   48657024 kB
20220313 062713.604 INFO             PET0 PIOc_sync Exit - MemInfo: [/proc/meminfo - SSI]	Committed_AS:   13094836 kB
20220313 062713.604 INFO             PET0 PIOc_sync Exit - MemInfo: [/proc/meminfo - SSI]	CommittedPercent: 19.99 %
20220313 062713.604 INFO             PET0 PIOc_sync Exit - MemInfo: [/proc/self/status]	VmPeak:	65916564 kB
20220313 062713.604 INFO             PET0 PIOc_sync Exit - MemInfo: [/proc/self/status]	VmSize:	65908376 kB
20220313 062713.604 INFO             PET0 PIOc_sync Exit - MemInfo: [/proc/self/status]	VmLck:	       0 kB
20220313 062713.604 INFO             PET0 PIOc_sync Exit - MemInfo: [/proc/self/status]	VmPin:	       0 kB
20220313 062713.604 INFO             PET0 PIOc_sync Exit - MemInfo: [/proc/self/status]	VmHWM:	   30372 kB
20220313 062713.604 INFO             PET0 PIOc_sync Exit - MemInfo: [/proc/self/status]	VmRSS:	   30372 kB
20220313 062713.604 INFO             PET0 PIOc_sync Exit - MemInfo: [/proc/self/status]	VmData:	   39036 kB
20220313 062713.604 INFO             PET0 PIOc_sync Exit - MemInfo: [/proc/self/status]	VmStk:	     144 kB
20220313 062713.604 INFO             PET0 PIOc_sync Exit - MemInfo: [/proc/self/status]	VmExe:	     212 kB
20220313 062713.604 INFO             PET0 PIOc_sync Exit - MemInfo: [/proc/self/status]	VmLib:	   39920 kB
20220313 062713.604 INFO             PET0 PIOc_sync Exit - MemInfo: [/proc/self/status]	VmPTE:	     256 kB
20220313 062713.604 INFO             PET0 PIOc_sync Exit - MemInfo: [/proc/self/status]	VmPMD:	      28 kB
20220313 062713.604 INFO             PET0 PIOc_sync Exit - MemInfo: [/proc/self/status]	VmSwap:	       0 kB
20220313 062713.604 INFO             PET0 PIOc_sync Exit - MemInfo: [/proc/self/status]	VmRSSPercent: 0.0463645 %
20220313 062713.604 INFO             PET0 PIOc_sync Exit - MemInfo: [malloc] Non-mmapped space allocated:                36581376 Byte
20220313 062713.604 INFO             PET0 PIOc_sync Exit - MemInfo: [malloc] Space allocated in mmapped regions:                0 Byte
20220313 062713.604 INFO             PET0 PIOc_sync Exit - MemInfo: [malloc] Maximum total allocated space:                     0 Byte
20220313 062713.604 INFO             PET0 PIOc_sync Exit - MemInfo: [malloc] Space in freed fastbin blocks:                  1040 Byte
20220313 062713.604 INFO             PET0 PIOc_sync Exit - MemInfo: [malloc] Total allocated space:                      36465216 Byte
20220313 062713.604 INFO             PET0 PIOc_sync Exit - MemInfo: [malloc] Total free space:                             116160 Byte
20220313 062713.604 INFO             PET0 PIOc_sync Exit - MemInfo: [malloc] Top-most, releasable space:                   114016 Byte
20220313 062713.604 INFO             PET0 PIOc_sync Exit - MemInfo: [malloc] Total space in use, mmap + non-mmap:        36465216 Byte
20220313 062713.604 INFO             PET0 PIOc_sync Exit - MemInfo: [malloc] Total space held (mmap + non-mmap):         36581376 Byte
20220313 062713.604 INFO             PET0 PIOc_sync Exit - MemInfo: [malloc] Total space used (mmap + non-mmap):         36474608 Byte
20220313 062713.604 INFO             PET0 PIOc_sync Exit - MemInfo: Wall-clock time since execution start:              0.0561264 seconds
20220313 062713.604 INFO             PET0 PIOc_freedecomp Enter - MemInfo: [/proc/meminfo - SSI]	MemTotal:       65507008 kB
20220313 062713.604 INFO             PET0 PIOc_freedecomp Enter - MemInfo: [/proc/meminfo - SSI]	MemFree:        48892172 kB
20220313 062713.604 INFO             PET0 PIOc_freedecomp Enter - MemInfo: [/proc/meminfo - SSI]	MemAvailable:   48657024 kB
20220313 062713.604 INFO             PET0 PIOc_freedecomp Enter - MemInfo: [/proc/meminfo - SSI]	Committed_AS:   13094836 kB
20220313 062713.604 INFO             PET0 PIOc_freedecomp Enter - MemInfo: [/proc/meminfo - SSI]	CommittedPercent: 19.99 %
20220313 062713.604 INFO             PET0 PIOc_freedecomp Enter - MemInfo: [/proc/self/status]	VmPeak:	65916564 kB
20220313 062713.604 INFO             PET0 PIOc_freedecomp Enter - MemInfo: [/proc/self/status]	VmSize:	65908376 kB
20220313 062713.604 INFO             PET0 PIOc_freedecomp Enter - MemInfo: [/proc/self/status]	VmLck:	       0 kB
20220313 062713.604 INFO             PET0 PIOc_freedecomp Enter - MemInfo: [/proc/self/status]	VmPin:	       0 kB
20220313 062713.604 INFO             PET0 PIOc_freedecomp Enter - MemInfo: [/proc/self/status]	VmHWM:	   30372 kB
20220313 062713.604 INFO             PET0 PIOc_freedecomp Enter - MemInfo: [/proc/self/status]	VmRSS:	   30372 kB
20220313 062713.604 INFO             PET0 PIOc_freedecomp Enter - MemInfo: [/proc/self/status]	VmData:	   39036 kB
20220313 062713.604 INFO             PET0 PIOc_freedecomp Enter - MemInfo: [/proc/self/status]	VmStk:	     144 kB
20220313 062713.604 INFO             PET0 PIOc_freedecomp Enter - MemInfo: [/proc/self/status]	VmExe:	     212 kB
20220313 062713.604 INFO             PET0 PIOc_freedecomp Enter - MemInfo: [/proc/self/status]	VmLib:	   39920 kB
20220313 062713.604 INFO             PET0 PIOc_freedecomp Enter - MemInfo: [/proc/self/status]	VmPTE:	     256 kB
20220313 062713.604 INFO             PET0 PIOc_freedecomp Enter - MemInfo: [/proc/self/status]	VmPMD:	      28 kB
20220313 062713.604 INFO             PET0 PIOc_freedecomp Enter - MemInfo: [/proc/self/status]	VmSwap:	       0 kB
20220313 062713.604 INFO             PET0 PIOc_freedecomp Enter - MemInfo: [/proc/self/status]	VmRSSPercent: 0.0463645 %
20220313 062713.604 INFO             PET0 PIOc_freedecomp Enter - MemInfo: [malloc] Non-mmapped space allocated:                36581376 Byte
20220313 062713.604 INFO             PET0 PIOc_freedecomp Enter - MemInfo: [malloc] Space allocated in mmapped regions:                0 Byte
20220313 062713.604 INFO             PET0 PIOc_freedecomp Enter - MemInfo: [malloc] Maximum total allocated space:                     0 Byte
20220313 062713.604 INFO             PET0 PIOc_freedecomp Enter - MemInfo: [malloc] Space in freed fastbin blocks:                  1040 Byte
20220313 062713.604 INFO             PET0 PIOc_freedecomp Enter - MemInfo: [malloc] Total allocated space:                      19148112 Byte
20220313 062713.604 INFO             PET0 PIOc_freedecomp Enter - MemInfo: [malloc] Total free space:                           17433264 Byte
20220313 062713.604 INFO             PET0 PIOc_freedecomp Enter - MemInfo: [malloc] Top-most, releasable space:                   114016 Byte
20220313 062713.604 INFO             PET0 PIOc_freedecomp Enter - MemInfo: [malloc] Total space in use, mmap + non-mmap:        19148112 Byte
20220313 062713.604 INFO             PET0 PIOc_freedecomp Enter - MemInfo: [malloc] Total space held (mmap + non-mmap):         36581376 Byte
20220313 062713.604 INFO             PET0 PIOc_freedecomp Enter - MemInfo: [malloc] Total space used (mmap + non-mmap):         19157488 Byte
20220313 062713.604 INFO             PET0 PIOc_freedecomp Enter - MemInfo: Wall-clock time since execution start:              0.0563607 seconds
20220313 062713.604 INFO             PET0 PIOc_freedecomp Exit - MemInfo: [/proc/meminfo - SSI]	MemTotal:       65507008 kB
20220313 062713.604 INFO             PET0 PIOc_freedecomp Exit - MemInfo: [/proc/meminfo - SSI]	MemFree:        48892172 kB
20220313 062713.604 INFO             PET0 PIOc_freedecomp Exit - MemInfo: [/proc/meminfo - SSI]	MemAvailable:   48657024 kB
20220313 062713.604 INFO             PET0 PIOc_freedecomp Exit - MemInfo: [/proc/meminfo - SSI]	Committed_AS:   13094836 kB
20220313 062713.604 INFO             PET0 PIOc_freedecomp Exit - MemInfo: [/proc/meminfo - SSI]	CommittedPercent: 19.99 %
20220313 062713.604 INFO             PET0 PIOc_freedecomp Exit - MemInfo: [/proc/self/status]	VmPeak:	65916564 kB
20220313 062713.604 INFO             PET0 PIOc_freedecomp Exit - MemInfo: [/proc/self/status]	VmSize:	65908376 kB
20220313 062713.604 INFO             PET0 PIOc_freedecomp Exit - MemInfo: [/proc/self/status]	VmLck:	       0 kB
20220313 062713.604 INFO             PET0 PIOc_freedecomp Exit - MemInfo: [/proc/self/status]	VmPin:	       0 kB
20220313 062713.604 INFO             PET0 PIOc_freedecomp Exit - MemInfo: [/proc/self/status]	VmHWM:	   30372 kB
20220313 062713.604 INFO             PET0 PIOc_freedecomp Exit - MemInfo: [/proc/self/status]	VmRSS:	   30372 kB
20220313 062713.604 INFO             PET0 PIOc_freedecomp Exit - MemInfo: [/proc/self/status]	VmData:	   39036 kB
20220313 062713.604 INFO             PET0 PIOc_freedecomp Exit - MemInfo: [/proc/self/status]	VmStk:	     144 kB
20220313 062713.604 INFO             PET0 PIOc_freedecomp Exit - MemInfo: [/proc/self/status]	VmExe:	     212 kB
20220313 062713.604 INFO             PET0 PIOc_freedecomp Exit - MemInfo: [/proc/self/status]	VmLib:	   39920 kB
20220313 062713.604 INFO             PET0 PIOc_freedecomp Exit - MemInfo: [/proc/self/status]	VmPTE:	     256 kB
20220313 062713.604 INFO             PET0 PIOc_freedecomp Exit - MemInfo: [/proc/self/status]	VmPMD:	      28 kB
20220313 062713.604 INFO             PET0 PIOc_freedecomp Exit - MemInfo: [/proc/self/status]	VmSwap:	       0 kB
20220313 062713.604 INFO             PET0 PIOc_freedecomp Exit - MemInfo: [/proc/self/status]	VmRSSPercent: 0.0463645 %
20220313 062713.604 INFO             PET0 PIOc_freedecomp Exit - MemInfo: [malloc] Non-mmapped space allocated:                36581376 Byte
20220313 062713.604 INFO             PET0 PIOc_freedecomp Exit - MemInfo: [malloc] Space allocated in mmapped regions:                0 Byte
20220313 062713.604 INFO             PET0 PIOc_freedecomp Exit - MemInfo: [malloc] Maximum total allocated space:                     0 Byte
20220313 062713.604 INFO             PET0 PIOc_freedecomp Exit - MemInfo: [malloc] Space in freed fastbin blocks:                  2944 Byte
20220313 062713.604 INFO             PET0 PIOc_freedecomp Exit - MemInfo: [malloc] Total allocated space:                      19146288 Byte
20220313 062713.604 INFO             PET0 PIOc_freedecomp Exit - MemInfo: [malloc] Total free space:                           17435088 Byte
20220313 062713.604 INFO             PET0 PIOc_freedecomp Exit - MemInfo: [malloc] Top-most, releasable space:                   114016 Byte
20220313 062713.604 INFO             PET0 PIOc_freedecomp Exit - MemInfo: [malloc] Total space in use, mmap + non-mmap:        19146288 Byte
20220313 062713.604 INFO             PET0 PIOc_freedecomp Exit - MemInfo: [malloc] Total space held (mmap + non-mmap):         36581376 Byte
20220313 062713.604 INFO             PET0 PIOc_freedecomp Exit - MemInfo: [malloc] Total space used (mmap + non-mmap):         19155664 Byte
20220313 062713.604 INFO             PET0 PIOc_freedecomp Exit - MemInfo: Wall-clock time since execution start:               0.056565 seconds
20220313 062713.613 INFO             PET0  NUMBER_OF_PROCESSORS           4
20220313 062713.613 INFO             PET0  PASS  Example ESMF_RHandleBitForBitEx, ESMF_RHandleBitForBitEx.F90, line 1557
20220313 062713.613 INFO             PET0 Finalizing ESMF
20220313 062713.549 INFO             PET1 !!!!!!!!!!!!!!!!!!!!!!!!!!!!!!!!!!!!!!!!!!!!!!!!!!!!!!
20220313 062713.549 INFO             PET1 !!! THE ESMF_LOG IS SET TO OUTPUT ALL LOG MESSAGES !!!
20220313 062713.549 INFO             PET1 !!!     THIS MAY CAUSE SLOWDOWN IN PERFORMANCE     !!!
20220313 062713.549 INFO             PET1 !!! FOR PRODUCTION RUNS, USE:                      !!!
20220313 062713.549 INFO             PET1 !!!                   ESMF_LOGKIND_Multi_On_Error  !!!
20220313 062713.549 INFO             PET1 !!!!!!!!!!!!!!!!!!!!!!!!!!!!!!!!!!!!!!!!!!!!!!!!!!!!!!
20220313 062713.549 INFO             PET1 Running with ESMF Version   : v8.3.0b09-96-g559b459836
20220313 062713.549 INFO             PET1 ESMF library build date/time: "Mar 13 2022" "06:00:22"
20220313 062713.549 INFO             PET1 ESMF library build location : /glade/scratch/rlong/esmf-testing/gfortran_9.1.0_mpt_O_jedwards_pio_update2
20220313 062713.549 INFO             PET1 ESMF_COMM                   : mpt
20220313 062713.549 INFO             PET1 ESMF_MOAB                   : enabled
20220313 062713.549 INFO             PET1 ESMF_LAPACK                 : enabled
20220313 062713.549 INFO             PET1 ESMF_NETCDF                 : enabled
20220313 062713.549 INFO             PET1 ESMF_PNETCDF                : disabled
20220313 062713.549 INFO             PET1 ESMF_PIO                    : enabled
20220313 062713.549 INFO             PET1 ESMF_YAMLCPP                : enabled
20220313 062713.597 INFO             PET1 PIOc_sync Enter - MemInfo: [/proc/meminfo - SSI]	MemTotal:       65507008 kB
20220313 062713.597 INFO             PET1 PIOc_sync Enter - MemInfo: [/proc/meminfo - SSI]	MemFree:        48892172 kB
20220313 062713.597 INFO             PET1 PIOc_sync Enter - MemInfo: [/proc/meminfo - SSI]	MemAvailable:   48657024 kB
20220313 062713.597 INFO             PET1 PIOc_sync Enter - MemInfo: [/proc/meminfo - SSI]	Committed_AS:   13094836 kB
20220313 062713.597 INFO             PET1 PIOc_sync Enter - MemInfo: [/proc/meminfo - SSI]	CommittedPercent: 19.99 %
20220313 062713.597 INFO             PET1 PIOc_sync Enter - MemInfo: [/proc/self/status]	VmPeak:	65891284 kB
20220313 062713.597 INFO             PET1 PIOc_sync Enter - MemInfo: [/proc/self/status]	VmSize:	65891284 kB
20220313 062713.597 INFO             PET1 PIOc_sync Enter - MemInfo: [/proc/self/status]	VmLck:	       0 kB
20220313 062713.597 INFO             PET1 PIOc_sync Enter - MemInfo: [/proc/self/status]	VmPin:	       0 kB
20220313 062713.597 INFO             PET1 PIOc_sync Enter - MemInfo: [/proc/self/status]	VmHWM:	   11844 kB
20220313 062713.597 INFO             PET1 PIOc_sync Enter - MemInfo: [/proc/self/status]	VmRSS:	   11844 kB
20220313 062713.597 INFO             PET1 PIOc_sync Enter - MemInfo: [/proc/self/status]	VmData:	   21944 kB
20220313 062713.597 INFO             PET1 PIOc_sync Enter - MemInfo: [/proc/self/status]	VmStk:	     144 kB
20220313 062713.597 INFO             PET1 PIOc_sync Enter - MemInfo: [/proc/self/status]	VmExe:	     212 kB
20220313 062713.597 INFO             PET1 PIOc_sync Enter - MemInfo: [/proc/self/status]	VmLib:	   39920 kB
20220313 062713.597 INFO             PET1 PIOc_sync Enter - MemInfo: [/proc/self/status]	VmPTE:	     224 kB
20220313 062713.597 INFO             PET1 PIOc_sync Enter - MemInfo: [/proc/self/status]	VmPMD:	      28 kB
20220313 062713.597 INFO             PET1 PIOc_sync Enter - MemInfo: [/proc/self/status]	VmSwap:	       0 kB
20220313 062713.597 INFO             PET1 PIOc_sync Enter - MemInfo: [/proc/self/status]	VmRSSPercent: 0.0180805 %
20220313 062713.597 INFO             PET1 PIOc_sync Enter - MemInfo: [malloc] Non-mmapped space allocated:                19079168 Byte
20220313 062713.597 INFO             PET1 PIOc_sync Enter - MemInfo: [malloc] Space allocated in mmapped regions:                0 Byte
20220313 062713.597 INFO             PET1 PIOc_sync Enter - MemInfo: [malloc] Maximum total allocated space:                     0 Byte
20220313 062713.597 INFO             PET1 PIOc_sync Enter - MemInfo: [malloc] Space in freed fastbin blocks:                  1168 Byte
20220313 062713.597 INFO             PET1 PIOc_sync Enter - MemInfo: [malloc] Total allocated space:                      18802544 Byte
20220313 062713.597 INFO             PET1 PIOc_sync Enter - MemInfo: [malloc] Total free space:                             276624 Byte
20220313 062713.597 INFO             PET1 PIOc_sync Enter - MemInfo: [malloc] Top-most, releasable space:                   272368 Byte
20220313 062713.597 INFO             PET1 PIOc_sync Enter - MemInfo: [malloc] Total space in use, mmap + non-mmap:        18802544 Byte
20220313 062713.597 INFO             PET1 PIOc_sync Enter - MemInfo: [malloc] Total space held (mmap + non-mmap):         19079168 Byte
20220313 062713.597 INFO             PET1 PIOc_sync Enter - MemInfo: [malloc] Total space used (mmap + non-mmap):         18811936 Byte
20220313 062713.597 INFO             PET1 PIOc_sync Enter - MemInfo: Wall-clock time since execution start:              0.0489932 seconds
20220313 062713.599 INFO             PET1 PIOc_sync Exit - MemInfo: [/proc/meminfo - SSI]	MemTotal:       65507008 kB
20220313 062713.599 INFO             PET1 PIOc_sync Exit - MemInfo: [/proc/meminfo - SSI]	MemFree:        48892172 kB
20220313 062713.599 INFO             PET1 PIOc_sync Exit - MemInfo: [/proc/meminfo - SSI]	MemAvailable:   48657024 kB
20220313 062713.599 INFO             PET1 PIOc_sync Exit - MemInfo: [/proc/meminfo - SSI]	Committed_AS:   13094836 kB
20220313 062713.599 INFO             PET1 PIOc_sync Exit - MemInfo: [/proc/meminfo - SSI]	CommittedPercent: 19.99 %
20220313 062713.599 INFO             PET1 PIOc_sync Exit - MemInfo: [/proc/self/status]	VmPeak:	65891284 kB
20220313 062713.599 INFO             PET1 PIOc_sync Exit - MemInfo: [/proc/self/status]	VmSize:	65891284 kB
20220313 062713.599 INFO             PET1 PIOc_sync Exit - MemInfo: [/proc/self/status]	VmLck:	       0 kB
20220313 062713.599 INFO             PET1 PIOc_sync Exit - MemInfo: [/proc/self/status]	VmPin:	       0 kB
20220313 062713.599 INFO             PET1 PIOc_sync Exit - MemInfo: [/proc/self/status]	VmHWM:	   11932 kB
20220313 062713.599 INFO             PET1 PIOc_sync Exit - MemInfo: [/proc/self/status]	VmRSS:	   11932 kB
20220313 062713.599 INFO             PET1 PIOc_sync Exit - MemInfo: [/proc/self/status]	VmData:	   21944 kB
20220313 062713.599 INFO             PET1 PIOc_sync Exit - MemInfo: [/proc/self/status]	VmStk:	     144 kB
20220313 062713.599 INFO             PET1 PIOc_sync Exit - MemInfo: [/proc/self/status]	VmExe:	     212 kB
20220313 062713.599 INFO             PET1 PIOc_sync Exit - MemInfo: [/proc/self/status]	VmLib:	   39920 kB
20220313 062713.599 INFO             PET1 PIOc_sync Exit - MemInfo: [/proc/self/status]	VmPTE:	     224 kB
20220313 062713.599 INFO             PET1 PIOc_sync Exit - MemInfo: [/proc/self/status]	VmPMD:	      28 kB
20220313 062713.599 INFO             PET1 PIOc_sync Exit - MemInfo: [/proc/self/status]	VmSwap:	       0 kB
20220313 062713.599 INFO             PET1 PIOc_sync Exit - MemInfo: [/proc/self/status]	VmRSSPercent: 0.0182148 %
20220313 062713.599 INFO             PET1 PIOc_sync Exit - MemInfo: [malloc] Non-mmapped space allocated:                19079168 Byte
20220313 062713.599 INFO             PET1 PIOc_sync Exit - MemInfo: [malloc] Space allocated in mmapped regions:                0 Byte
20220313 062713.599 INFO             PET1 PIOc_sync Exit - MemInfo: [malloc] Maximum total allocated space:                     0 Byte
20220313 062713.599 INFO             PET1 PIOc_sync Exit - MemInfo: [malloc] Space in freed fastbin blocks:                  2768 Byte
20220313 062713.599 INFO             PET1 PIOc_sync Exit - MemInfo: [malloc] Total allocated space:                      18801808 Byte
20220313 062713.599 INFO             PET1 PIOc_sync Exit - MemInfo: [malloc] Total free space:                             277360 Byte
20220313 062713.599 INFO             PET1 PIOc_sync Exit - MemInfo: [malloc] Top-most, releasable space:                   272368 Byte
20220313 062713.599 INFO             PET1 PIOc_sync Exit - MemInfo: [malloc] Total space in use, mmap + non-mmap:        18801808 Byte
20220313 062713.599 INFO             PET1 PIOc_sync Exit - MemInfo: [malloc] Total space held (mmap + non-mmap):         19079168 Byte
20220313 062713.599 INFO             PET1 PIOc_sync Exit - MemInfo: [malloc] Total space used (mmap + non-mmap):         18811200 Byte
20220313 062713.599 INFO             PET1 PIOc_sync Exit - MemInfo: Wall-clock time since execution start:              0.0512529 seconds
20220313 062713.599 INFO             PET1 PIOc_freedecomp Enter - MemInfo: [/proc/meminfo - SSI]	MemTotal:       65507008 kB
20220313 062713.599 INFO             PET1 PIOc_freedecomp Enter - MemInfo: [/proc/meminfo - SSI]	MemFree:        48892172 kB
20220313 062713.599 INFO             PET1 PIOc_freedecomp Enter - MemInfo: [/proc/meminfo - SSI]	MemAvailable:   48657024 kB
20220313 062713.599 INFO             PET1 PIOc_freedecomp Enter - MemInfo: [/proc/meminfo - SSI]	Committed_AS:   13094836 kB
20220313 062713.599 INFO             PET1 PIOc_freedecomp Enter - MemInfo: [/proc/meminfo - SSI]	CommittedPercent: 19.99 %
20220313 062713.599 INFO             PET1 PIOc_freedecomp Enter - MemInfo: [/proc/self/status]	VmPeak:	65891284 kB
20220313 062713.599 INFO             PET1 PIOc_freedecomp Enter - MemInfo: [/proc/self/status]	VmSize:	65891284 kB
20220313 062713.599 INFO             PET1 PIOc_freedecomp Enter - MemInfo: [/proc/self/status]	VmLck:	       0 kB
20220313 062713.599 INFO             PET1 PIOc_freedecomp Enter - MemInfo: [/proc/self/status]	VmPin:	       0 kB
20220313 062713.599 INFO             PET1 PIOc_freedecomp Enter - MemInfo: [/proc/self/status]	VmHWM:	   11932 kB
20220313 062713.599 INFO             PET1 PIOc_freedecomp Enter - MemInfo: [/proc/self/status]	VmRSS:	   11932 kB
20220313 062713.599 INFO             PET1 PIOc_freedecomp Enter - MemInfo: [/proc/self/status]	VmData:	   21944 kB
20220313 062713.599 INFO             PET1 PIOc_freedecomp Enter - MemInfo: [/proc/self/status]	VmStk:	     144 kB
20220313 062713.599 INFO             PET1 PIOc_freedecomp Enter - MemInfo: [/proc/self/status]	VmExe:	     212 kB
20220313 062713.599 INFO             PET1 PIOc_freedecomp Enter - MemInfo: [/proc/self/status]	VmLib:	   39920 kB
20220313 062713.599 INFO             PET1 PIOc_freedecomp Enter - MemInfo: [/proc/self/status]	VmPTE:	     224 kB
20220313 062713.599 INFO             PET1 PIOc_freedecomp Enter - MemInfo: [/proc/self/status]	VmPMD:	      28 kB
20220313 062713.599 INFO             PET1 PIOc_freedecomp Enter - MemInfo: [/proc/self/status]	VmSwap:	       0 kB
20220313 062713.599 INFO             PET1 PIOc_freedecomp Enter - MemInfo: [/proc/self/status]	VmRSSPercent: 0.0182148 %
20220313 062713.599 INFO             PET1 PIOc_freedecomp Enter - MemInfo: [malloc] Non-mmapped space allocated:                19079168 Byte
20220313 062713.599 INFO             PET1 PIOc_freedecomp Enter - MemInfo: [malloc] Space allocated in mmapped regions:                0 Byte
20220313 062713.599 INFO             PET1 PIOc_freedecomp Enter - MemInfo: [malloc] Maximum total allocated space:                     0 Byte
20220313 062713.599 INFO             PET1 PIOc_freedecomp Enter - MemInfo: [malloc] Space in freed fastbin blocks:                  2512 Byte
20220313 062713.599 INFO             PET1 PIOc_freedecomp Enter - MemInfo: [malloc] Total allocated space:                      18800192 Byte
20220313 062713.599 INFO             PET1 PIOc_freedecomp Enter - MemInfo: [malloc] Total free space:                             278976 Byte
20220313 062713.599 INFO             PET1 PIOc_freedecomp Enter - MemInfo: [malloc] Top-most, releasable space:                   272368 Byte
20220313 062713.599 INFO             PET1 PIOc_freedecomp Enter - MemInfo: [malloc] Total space in use, mmap + non-mmap:        18800192 Byte
20220313 062713.599 INFO             PET1 PIOc_freedecomp Enter - MemInfo: [malloc] Total space held (mmap + non-mmap):         19079168 Byte
20220313 062713.599 INFO             PET1 PIOc_freedecomp Enter - MemInfo: [malloc] Total space used (mmap + non-mmap):         18809568 Byte
20220313 062713.599 INFO             PET1 PIOc_freedecomp Enter - MemInfo: Wall-clock time since execution start:              0.0514998 seconds
20220313 062713.599 INFO             PET1 PIOc_freedecomp Exit - MemInfo: [/proc/meminfo - SSI]	MemTotal:       65507008 kB
20220313 062713.599 INFO             PET1 PIOc_freedecomp Exit - MemInfo: [/proc/meminfo - SSI]	MemFree:        48892172 kB
20220313 062713.599 INFO             PET1 PIOc_freedecomp Exit - MemInfo: [/proc/meminfo - SSI]	MemAvailable:   48657024 kB
20220313 062713.599 INFO             PET1 PIOc_freedecomp Exit - MemInfo: [/proc/meminfo - SSI]	Committed_AS:   13094836 kB
20220313 062713.599 INFO             PET1 PIOc_freedecomp Exit - MemInfo: [/proc/meminfo - SSI]	CommittedPercent: 19.99 %
20220313 062713.599 INFO             PET1 PIOc_freedecomp Exit - MemInfo: [/proc/self/status]	VmPeak:	65891284 kB
20220313 062713.599 INFO             PET1 PIOc_freedecomp Exit - MemInfo: [/proc/self/status]	VmSize:	65891284 kB
20220313 062713.599 INFO             PET1 PIOc_freedecomp Exit - MemInfo: [/proc/self/status]	VmLck:	       0 kB
20220313 062713.599 INFO             PET1 PIOc_freedecomp Exit - MemInfo: [/proc/self/status]	VmPin:	       0 kB
20220313 062713.599 INFO             PET1 PIOc_freedecomp Exit - MemInfo: [/proc/self/status]	VmHWM:	   11932 kB
20220313 062713.599 INFO             PET1 PIOc_freedecomp Exit - MemInfo: [/proc/self/status]	VmRSS:	   11932 kB
20220313 062713.599 INFO             PET1 PIOc_freedecomp Exit - MemInfo: [/proc/self/status]	VmData:	   21944 kB
20220313 062713.599 INFO             PET1 PIOc_freedecomp Exit - MemInfo: [/proc/self/status]	VmStk:	     144 kB
20220313 062713.599 INFO             PET1 PIOc_freedecomp Exit - MemInfo: [/proc/self/status]	VmExe:	     212 kB
20220313 062713.599 INFO             PET1 PIOc_freedecomp Exit - MemInfo: [/proc/self/status]	VmLib:	   39920 kB
20220313 062713.599 INFO             PET1 PIOc_freedecomp Exit - MemInfo: [/proc/self/status]	VmPTE:	     224 kB
20220313 062713.599 INFO             PET1 PIOc_freedecomp Exit - MemInfo: [/proc/self/status]	VmPMD:	      28 kB
20220313 062713.599 INFO             PET1 PIOc_freedecomp Exit - MemInfo: [/proc/self/status]	VmSwap:	       0 kB
20220313 062713.599 INFO             PET1 PIOc_freedecomp Exit - MemInfo: [/proc/self/status]	VmRSSPercent: 0.0182148 %
20220313 062713.599 INFO             PET1 PIOc_freedecomp Exit - MemInfo: [malloc] Non-mmapped space allocated:                19079168 Byte
20220313 062713.599 INFO             PET1 PIOc_freedecomp Exit - MemInfo: [malloc] Space allocated in mmapped regions:                0 Byte
20220313 062713.599 INFO             PET1 PIOc_freedecomp Exit - MemInfo: [malloc] Maximum total allocated space:                     0 Byte
20220313 062713.599 INFO             PET1 PIOc_freedecomp Exit - MemInfo: [malloc] Space in freed fastbin blocks:                  3008 Byte
20220313 062713.599 INFO             PET1 PIOc_freedecomp Exit - MemInfo: [malloc] Total allocated space:                      18798880 Byte
20220313 062713.599 INFO             PET1 PIOc_freedecomp Exit - MemInfo: [malloc] Total free space:                             280288 Byte
20220313 062713.599 INFO             PET1 PIOc_freedecomp Exit - MemInfo: [malloc] Top-most, releasable space:                   272368 Byte
20220313 062713.599 INFO             PET1 PIOc_freedecomp Exit - MemInfo: [malloc] Total space in use, mmap + non-mmap:        18798880 Byte
20220313 062713.599 INFO             PET1 PIOc_freedecomp Exit - MemInfo: [malloc] Total space held (mmap + non-mmap):         19079168 Byte
20220313 062713.599 INFO             PET1 PIOc_freedecomp Exit - MemInfo: [malloc] Total space used (mmap + non-mmap):         18808256 Byte
20220313 062713.599 INFO             PET1 PIOc_freedecomp Exit - MemInfo: Wall-clock time since execution start:              0.0517032 seconds
20220313 062713.600 INFO             PET1 PIOc_sync Enter - MemInfo: [/proc/meminfo - SSI]	MemTotal:       65507008 kB
20220313 062713.600 INFO             PET1 PIOc_sync Enter - MemInfo: [/proc/meminfo - SSI]	MemFree:        48892172 kB
20220313 062713.600 INFO             PET1 PIOc_sync Enter - MemInfo: [/proc/meminfo - SSI]	MemAvailable:   48657024 kB
20220313 062713.600 INFO             PET1 PIOc_sync Enter - MemInfo: [/proc/meminfo - SSI]	Committed_AS:   13094836 kB
20220313 062713.600 INFO             PET1 PIOc_sync Enter - MemInfo: [/proc/meminfo - SSI]	CommittedPercent: 19.99 %
20220313 062713.600 INFO             PET1 PIOc_sync Enter - MemInfo: [/proc/self/status]	VmPeak:	65891284 kB
20220313 062713.600 INFO             PET1 PIOc_sync Enter - MemInfo: [/proc/self/status]	VmSize:	65891284 kB
20220313 062713.600 INFO             PET1 PIOc_sync Enter - MemInfo: [/proc/self/status]	VmLck:	       0 kB
20220313 062713.600 INFO             PET1 PIOc_sync Enter - MemInfo: [/proc/self/status]	VmPin:	       0 kB
20220313 062713.600 INFO             PET1 PIOc_sync Enter - MemInfo: [/proc/self/status]	VmHWM:	   11936 kB
20220313 062713.600 INFO             PET1 PIOc_sync Enter - MemInfo: [/proc/self/status]	VmRSS:	   11936 kB
20220313 062713.600 INFO             PET1 PIOc_sync Enter - MemInfo: [/proc/self/status]	VmData:	   21944 kB
20220313 062713.600 INFO             PET1 PIOc_sync Enter - MemInfo: [/proc/self/status]	VmStk:	     144 kB
20220313 062713.600 INFO             PET1 PIOc_sync Enter - MemInfo: [/proc/self/status]	VmExe:	     212 kB
20220313 062713.600 INFO             PET1 PIOc_sync Enter - MemInfo: [/proc/self/status]	VmLib:	   39920 kB
20220313 062713.600 INFO             PET1 PIOc_sync Enter - MemInfo: [/proc/self/status]	VmPTE:	     224 kB
20220313 062713.600 INFO             PET1 PIOc_sync Enter - MemInfo: [/proc/self/status]	VmPMD:	      28 kB
20220313 062713.600 INFO             PET1 PIOc_sync Enter - MemInfo: [/proc/self/status]	VmSwap:	       0 kB
20220313 062713.600 INFO             PET1 PIOc_sync Enter - MemInfo: [/proc/self/status]	VmRSSPercent: 0.018221 %
20220313 062713.600 INFO             PET1 PIOc_sync Enter - MemInfo: [malloc] Non-mmapped space allocated:                19079168 Byte
20220313 062713.600 INFO             PET1 PIOc_sync Enter - MemInfo: [malloc] Space allocated in mmapped regions:                0 Byte
20220313 062713.600 INFO             PET1 PIOc_sync Enter - MemInfo: [malloc] Maximum total allocated space:                     0 Byte
20220313 062713.600 INFO             PET1 PIOc_sync Enter - MemInfo: [malloc] Space in freed fastbin blocks:                  1248 Byte
20220313 062713.600 INFO             PET1 PIOc_sync Enter - MemInfo: [malloc] Total allocated space:                      18802704 Byte
20220313 062713.600 INFO             PET1 PIOc_sync Enter - MemInfo: [malloc] Total free space:                             276464 Byte
20220313 062713.600 INFO             PET1 PIOc_sync Enter - MemInfo: [malloc] Top-most, releasable space:                   272368 Byte
20220313 062713.600 INFO             PET1 PIOc_sync Enter - MemInfo: [malloc] Total space in use, mmap + non-mmap:        18802704 Byte
20220313 062713.600 INFO             PET1 PIOc_sync Enter - MemInfo: [malloc] Total space held (mmap + non-mmap):         19079168 Byte
20220313 062713.600 INFO             PET1 PIOc_sync Enter - MemInfo: [malloc] Total space used (mmap + non-mmap):         18812096 Byte
20220313 062713.600 INFO             PET1 PIOc_sync Enter - MemInfo: Wall-clock time since execution start:               0.052676 seconds
20220313 062713.601 INFO             PET1 PIOc_sync Exit - MemInfo: [/proc/meminfo - SSI]	MemTotal:       65507008 kB
20220313 062713.601 INFO             PET1 PIOc_sync Exit - MemInfo: [/proc/meminfo - SSI]	MemFree:        48892172 kB
20220313 062713.601 INFO             PET1 PIOc_sync Exit - MemInfo: [/proc/meminfo - SSI]	MemAvailable:   48657024 kB
20220313 062713.601 INFO             PET1 PIOc_sync Exit - MemInfo: [/proc/meminfo - SSI]	Committed_AS:   13094836 kB
20220313 062713.601 INFO             PET1 PIOc_sync Exit - MemInfo: [/proc/meminfo - SSI]	CommittedPercent: 19.99 %
20220313 062713.601 INFO             PET1 PIOc_sync Exit - MemInfo: [/proc/self/status]	VmPeak:	65891284 kB
20220313 062713.601 INFO             PET1 PIOc_sync Exit - MemInfo: [/proc/self/status]	VmSize:	65891284 kB
20220313 062713.601 INFO             PET1 PIOc_sync Exit - MemInfo: [/proc/self/status]	VmLck:	       0 kB
20220313 062713.601 INFO             PET1 PIOc_sync Exit - MemInfo: [/proc/self/status]	VmPin:	       0 kB
20220313 062713.601 INFO             PET1 PIOc_sync Exit - MemInfo: [/proc/self/status]	VmHWM:	   11936 kB
20220313 062713.601 INFO             PET1 PIOc_sync Exit - MemInfo: [/proc/self/status]	VmRSS:	   11936 kB
20220313 062713.601 INFO             PET1 PIOc_sync Exit - MemInfo: [/proc/self/status]	VmData:	   21944 kB
20220313 062713.601 INFO             PET1 PIOc_sync Exit - MemInfo: [/proc/self/status]	VmStk:	     144 kB
20220313 062713.601 INFO             PET1 PIOc_sync Exit - MemInfo: [/proc/self/status]	VmExe:	     212 kB
20220313 062713.601 INFO             PET1 PIOc_sync Exit - MemInfo: [/proc/self/status]	VmLib:	   39920 kB
20220313 062713.601 INFO             PET1 PIOc_sync Exit - MemInfo: [/proc/self/status]	VmPTE:	     224 kB
20220313 062713.601 INFO             PET1 PIOc_sync Exit - MemInfo: [/proc/self/status]	VmPMD:	      28 kB
20220313 062713.601 INFO             PET1 PIOc_sync Exit - MemInfo: [/proc/self/status]	VmSwap:	       0 kB
20220313 062713.601 INFO             PET1 PIOc_sync Exit - MemInfo: [/proc/self/status]	VmRSSPercent: 0.018221 %
20220313 062713.601 INFO             PET1 PIOc_sync Exit - MemInfo: [malloc] Non-mmapped space allocated:                19079168 Byte
20220313 062713.601 INFO             PET1 PIOc_sync Exit - MemInfo: [malloc] Space allocated in mmapped regions:                0 Byte
20220313 062713.601 INFO             PET1 PIOc_sync Exit - MemInfo: [malloc] Maximum total allocated space:                     0 Byte
20220313 062713.601 INFO             PET1 PIOc_sync Exit - MemInfo: [malloc] Space in freed fastbin blocks:                  2768 Byte
20220313 062713.601 INFO             PET1 PIOc_sync Exit - MemInfo: [malloc] Total allocated space:                      18801968 Byte
20220313 062713.601 INFO             PET1 PIOc_sync Exit - MemInfo: [malloc] Total free space:                             277200 Byte
20220313 062713.601 INFO             PET1 PIOc_sync Exit - MemInfo: [malloc] Top-most, releasable space:                   272368 Byte
20220313 062713.601 INFO             PET1 PIOc_sync Exit - MemInfo: [malloc] Total space in use, mmap + non-mmap:        18801968 Byte
20220313 062713.601 INFO             PET1 PIOc_sync Exit - MemInfo: [malloc] Total space held (mmap + non-mmap):         19079168 Byte
20220313 062713.601 INFO             PET1 PIOc_sync Exit - MemInfo: [malloc] Total space used (mmap + non-mmap):         18811360 Byte
20220313 062713.601 INFO             PET1 PIOc_sync Exit - MemInfo: Wall-clock time since execution start:              0.0529226 seconds
20220313 062713.601 INFO             PET1 PIOc_freedecomp Enter - MemInfo: [/proc/meminfo - SSI]	MemTotal:       65507008 kB
20220313 062713.601 INFO             PET1 PIOc_freedecomp Enter - MemInfo: [/proc/meminfo - SSI]	MemFree:        48892172 kB
20220313 062713.601 INFO             PET1 PIOc_freedecomp Enter - MemInfo: [/proc/meminfo - SSI]	MemAvailable:   48657024 kB
20220313 062713.601 INFO             PET1 PIOc_freedecomp Enter - MemInfo: [/proc/meminfo - SSI]	Committed_AS:   13094836 kB
20220313 062713.601 INFO             PET1 PIOc_freedecomp Enter - MemInfo: [/proc/meminfo - SSI]	CommittedPercent: 19.99 %
20220313 062713.601 INFO             PET1 PIOc_freedecomp Enter - MemInfo: [/proc/self/status]	VmPeak:	65891284 kB
20220313 062713.601 INFO             PET1 PIOc_freedecomp Enter - MemInfo: [/proc/self/status]	VmSize:	65891284 kB
20220313 062713.601 INFO             PET1 PIOc_freedecomp Enter - MemInfo: [/proc/self/status]	VmLck:	       0 kB
20220313 062713.601 INFO             PET1 PIOc_freedecomp Enter - MemInfo: [/proc/self/status]	VmPin:	       0 kB
20220313 062713.601 INFO             PET1 PIOc_freedecomp Enter - MemInfo: [/proc/self/status]	VmHWM:	   11936 kB
20220313 062713.601 INFO             PET1 PIOc_freedecomp Enter - MemInfo: [/proc/self/status]	VmRSS:	   11936 kB
20220313 062713.601 INFO             PET1 PIOc_freedecomp Enter - MemInfo: [/proc/self/status]	VmData:	   21944 kB
20220313 062713.601 INFO             PET1 PIOc_freedecomp Enter - MemInfo: [/proc/self/status]	VmStk:	     144 kB
20220313 062713.601 INFO             PET1 PIOc_freedecomp Enter - MemInfo: [/proc/self/status]	VmExe:	     212 kB
20220313 062713.601 INFO             PET1 PIOc_freedecomp Enter - MemInfo: [/proc/self/status]	VmLib:	   39920 kB
20220313 062713.601 INFO             PET1 PIOc_freedecomp Enter - MemInfo: [/proc/self/status]	VmPTE:	     224 kB
20220313 062713.601 INFO             PET1 PIOc_freedecomp Enter - MemInfo: [/proc/self/status]	VmPMD:	      28 kB
20220313 062713.601 INFO             PET1 PIOc_freedecomp Enter - MemInfo: [/proc/self/status]	VmSwap:	       0 kB
20220313 062713.601 INFO             PET1 PIOc_freedecomp Enter - MemInfo: [/proc/self/status]	VmRSSPercent: 0.018221 %
20220313 062713.601 INFO             PET1 PIOc_freedecomp Enter - MemInfo: [malloc] Non-mmapped space allocated:                19079168 Byte
20220313 062713.601 INFO             PET1 PIOc_freedecomp Enter - MemInfo: [malloc] Space allocated in mmapped regions:                0 Byte
20220313 062713.601 INFO             PET1 PIOc_freedecomp Enter - MemInfo: [malloc] Maximum total allocated space:                     0 Byte
20220313 062713.601 INFO             PET1 PIOc_freedecomp Enter - MemInfo: [malloc] Space in freed fastbin blocks:                  2736 Byte
20220313 062713.601 INFO             PET1 PIOc_freedecomp Enter - MemInfo: [malloc] Total allocated space:                      18800192 Byte
20220313 062713.601 INFO             PET1 PIOc_freedecomp Enter - MemInfo: [malloc] Total free space:                             278976 Byte
20220313 062713.601 INFO             PET1 PIOc_freedecomp Enter - MemInfo: [malloc] Top-most, releasable space:                   272368 Byte
20220313 062713.601 INFO             PET1 PIOc_freedecomp Enter - MemInfo: [malloc] Total space in use, mmap + non-mmap:        18800192 Byte
20220313 062713.601 INFO             PET1 PIOc_freedecomp Enter - MemInfo: [malloc] Total space held (mmap + non-mmap):         19079168 Byte
20220313 062713.601 INFO             PET1 PIOc_freedecomp Enter - MemInfo: [malloc] Total space used (mmap + non-mmap):         18809568 Byte
20220313 062713.601 INFO             PET1 PIOc_freedecomp Enter - MemInfo: Wall-clock time since execution start:              0.0531622 seconds
20220313 062713.601 INFO             PET1 PIOc_freedecomp Exit - MemInfo: [/proc/meminfo - SSI]	MemTotal:       65507008 kB
20220313 062713.601 INFO             PET1 PIOc_freedecomp Exit - MemInfo: [/proc/meminfo - SSI]	MemFree:        48892172 kB
20220313 062713.601 INFO             PET1 PIOc_freedecomp Exit - MemInfo: [/proc/meminfo - SSI]	MemAvailable:   48657024 kB
20220313 062713.601 INFO             PET1 PIOc_freedecomp Exit - MemInfo: [/proc/meminfo - SSI]	Committed_AS:   13094836 kB
20220313 062713.601 INFO             PET1 PIOc_freedecomp Exit - MemInfo: [/proc/meminfo - SSI]	CommittedPercent: 19.99 %
20220313 062713.601 INFO             PET1 PIOc_freedecomp Exit - MemInfo: [/proc/self/status]	VmPeak:	65891284 kB
20220313 062713.601 INFO             PET1 PIOc_freedecomp Exit - MemInfo: [/proc/self/status]	VmSize:	65891284 kB
20220313 062713.601 INFO             PET1 PIOc_freedecomp Exit - MemInfo: [/proc/self/status]	VmLck:	       0 kB
20220313 062713.601 INFO             PET1 PIOc_freedecomp Exit - MemInfo: [/proc/self/status]	VmPin:	       0 kB
20220313 062713.601 INFO             PET1 PIOc_freedecomp Exit - MemInfo: [/proc/self/status]	VmHWM:	   11936 kB
20220313 062713.601 INFO             PET1 PIOc_freedecomp Exit - MemInfo: [/proc/self/status]	VmRSS:	   11936 kB
20220313 062713.601 INFO             PET1 PIOc_freedecomp Exit - MemInfo: [/proc/self/status]	VmData:	   21944 kB
20220313 062713.601 INFO             PET1 PIOc_freedecomp Exit - MemInfo: [/proc/self/status]	VmStk:	     144 kB
20220313 062713.601 INFO             PET1 PIOc_freedecomp Exit - MemInfo: [/proc/self/status]	VmExe:	     212 kB
20220313 062713.601 INFO             PET1 PIOc_freedecomp Exit - MemInfo: [/proc/self/status]	VmLib:	   39920 kB
20220313 062713.601 INFO             PET1 PIOc_freedecomp Exit - MemInfo: [/proc/self/status]	VmPTE:	     224 kB
20220313 062713.601 INFO             PET1 PIOc_freedecomp Exit - MemInfo: [/proc/self/status]	VmPMD:	      28 kB
20220313 062713.601 INFO             PET1 PIOc_freedecomp Exit - MemInfo: [/proc/self/status]	VmSwap:	       0 kB
20220313 062713.601 INFO             PET1 PIOc_freedecomp Exit - MemInfo: [/proc/self/status]	VmRSSPercent: 0.018221 %
20220313 062713.601 INFO             PET1 PIOc_freedecomp Exit - MemInfo: [malloc] Non-mmapped space allocated:                19079168 Byte
20220313 062713.601 INFO             PET1 PIOc_freedecomp Exit - MemInfo: [malloc] Space allocated in mmapped regions:                0 Byte
20220313 062713.601 INFO             PET1 PIOc_freedecomp Exit - MemInfo: [malloc] Maximum total allocated space:                     0 Byte
20220313 062713.601 INFO             PET1 PIOc_freedecomp Exit - MemInfo: [malloc] Space in freed fastbin blocks:                  2912 Byte
20220313 062713.601 INFO             PET1 PIOc_freedecomp Exit - MemInfo: [malloc] Total allocated space:                      18798880 Byte
20220313 062713.601 INFO             PET1 PIOc_freedecomp Exit - MemInfo: [malloc] Total free space:                             280288 Byte
20220313 062713.601 INFO             PET1 PIOc_freedecomp Exit - MemInfo: [malloc] Top-most, releasable space:                   272368 Byte
20220313 062713.601 INFO             PET1 PIOc_freedecomp Exit - MemInfo: [malloc] Total space in use, mmap + non-mmap:        18798880 Byte
20220313 062713.601 INFO             PET1 PIOc_freedecomp Exit - MemInfo: [malloc] Total space held (mmap + non-mmap):         19079168 Byte
20220313 062713.601 INFO             PET1 PIOc_freedecomp Exit - MemInfo: [malloc] Total space used (mmap + non-mmap):         18808256 Byte
20220313 062713.601 INFO             PET1 PIOc_freedecomp Exit - MemInfo: Wall-clock time since execution start:              0.0533632 seconds
20220313 062713.602 INFO             PET1 PIOc_sync Enter - MemInfo: [/proc/meminfo - SSI]	MemTotal:       65507008 kB
20220313 062713.602 INFO             PET1 PIOc_sync Enter - MemInfo: [/proc/meminfo - SSI]	MemFree:        48892172 kB
20220313 062713.602 INFO             PET1 PIOc_sync Enter - MemInfo: [/proc/meminfo - SSI]	MemAvailable:   48657024 kB
20220313 062713.602 INFO             PET1 PIOc_sync Enter - MemInfo: [/proc/meminfo - SSI]	Committed_AS:   13094836 kB
20220313 062713.602 INFO             PET1 PIOc_sync Enter - MemInfo: [/proc/meminfo - SSI]	CommittedPercent: 19.99 %
20220313 062713.602 INFO             PET1 PIOc_sync Enter - MemInfo: [/proc/self/status]	VmPeak:	65891284 kB
20220313 062713.602 INFO             PET1 PIOc_sync Enter - MemInfo: [/proc/self/status]	VmSize:	65891284 kB
20220313 062713.602 INFO             PET1 PIOc_sync Enter - MemInfo: [/proc/self/status]	VmLck:	       0 kB
20220313 062713.602 INFO             PET1 PIOc_sync Enter - MemInfo: [/proc/self/status]	VmPin:	       0 kB
20220313 062713.602 INFO             PET1 PIOc_sync Enter - MemInfo: [/proc/self/status]	VmHWM:	   11936 kB
20220313 062713.602 INFO             PET1 PIOc_sync Enter - MemInfo: [/proc/self/status]	VmRSS:	   11936 kB
20220313 062713.602 INFO             PET1 PIOc_sync Enter - MemInfo: [/proc/self/status]	VmData:	   21944 kB
20220313 062713.602 INFO             PET1 PIOc_sync Enter - MemInfo: [/proc/self/status]	VmStk:	     144 kB
20220313 062713.602 INFO             PET1 PIOc_sync Enter - MemInfo: [/proc/self/status]	VmExe:	     212 kB
20220313 062713.602 INFO             PET1 PIOc_sync Enter - MemInfo: [/proc/self/status]	VmLib:	   39920 kB
20220313 062713.602 INFO             PET1 PIOc_sync Enter - MemInfo: [/proc/self/status]	VmPTE:	     224 kB
20220313 062713.602 INFO             PET1 PIOc_sync Enter - MemInfo: [/proc/self/status]	VmPMD:	      28 kB
20220313 062713.602 INFO             PET1 PIOc_sync Enter - MemInfo: [/proc/self/status]	VmSwap:	       0 kB
20220313 062713.602 INFO             PET1 PIOc_sync Enter - MemInfo: [/proc/self/status]	VmRSSPercent: 0.018221 %
20220313 062713.602 INFO             PET1 PIOc_sync Enter - MemInfo: [malloc] Non-mmapped space allocated:                19079168 Byte
20220313 062713.602 INFO             PET1 PIOc_sync Enter - MemInfo: [malloc] Space allocated in mmapped regions:                0 Byte
20220313 062713.602 INFO             PET1 PIOc_sync Enter - MemInfo: [malloc] Maximum total allocated space:                     0 Byte
20220313 062713.602 INFO             PET1 PIOc_sync Enter - MemInfo: [malloc] Space in freed fastbin blocks:                  1248 Byte
20220313 062713.602 INFO             PET1 PIOc_sync Enter - MemInfo: [malloc] Total allocated space:                      18802832 Byte
20220313 062713.602 INFO             PET1 PIOc_sync Enter - MemInfo: [malloc] Total free space:                             276336 Byte
20220313 062713.602 INFO             PET1 PIOc_sync Enter - MemInfo: [malloc] Top-most, releasable space:                   272368 Byte
20220313 062713.602 INFO             PET1 PIOc_sync Enter - MemInfo: [malloc] Total space in use, mmap + non-mmap:        18802832 Byte
20220313 062713.602 INFO             PET1 PIOc_sync Enter - MemInfo: [malloc] Total space held (mmap + non-mmap):         19079168 Byte
20220313 062713.602 INFO             PET1 PIOc_sync Enter - MemInfo: [malloc] Total space used (mmap + non-mmap):         18812224 Byte
20220313 062713.602 INFO             PET1 PIOc_sync Enter - MemInfo: Wall-clock time since execution start:              0.0542519 seconds
20220313 062713.602 INFO             PET1 PIOc_sync Exit - MemInfo: [/proc/meminfo - SSI]	MemTotal:       65507008 kB
20220313 062713.602 INFO             PET1 PIOc_sync Exit - MemInfo: [/proc/meminfo - SSI]	MemFree:        48892172 kB
20220313 062713.602 INFO             PET1 PIOc_sync Exit - MemInfo: [/proc/meminfo - SSI]	MemAvailable:   48657024 kB
20220313 062713.602 INFO             PET1 PIOc_sync Exit - MemInfo: [/proc/meminfo - SSI]	Committed_AS:   13094836 kB
20220313 062713.602 INFO             PET1 PIOc_sync Exit - MemInfo: [/proc/meminfo - SSI]	CommittedPercent: 19.99 %
20220313 062713.602 INFO             PET1 PIOc_sync Exit - MemInfo: [/proc/self/status]	VmPeak:	65891284 kB
20220313 062713.602 INFO             PET1 PIOc_sync Exit - MemInfo: [/proc/self/status]	VmSize:	65891284 kB
20220313 062713.602 INFO             PET1 PIOc_sync Exit - MemInfo: [/proc/self/status]	VmLck:	       0 kB
20220313 062713.602 INFO             PET1 PIOc_sync Exit - MemInfo: [/proc/self/status]	VmPin:	       0 kB
20220313 062713.602 INFO             PET1 PIOc_sync Exit - MemInfo: [/proc/self/status]	VmHWM:	   11936 kB
20220313 062713.602 INFO             PET1 PIOc_sync Exit - MemInfo: [/proc/self/status]	VmRSS:	   11936 kB
20220313 062713.602 INFO             PET1 PIOc_sync Exit - MemInfo: [/proc/self/status]	VmData:	   21944 kB
20220313 062713.602 INFO             PET1 PIOc_sync Exit - MemInfo: [/proc/self/status]	VmStk:	     144 kB
20220313 062713.602 INFO             PET1 PIOc_sync Exit - MemInfo: [/proc/self/status]	VmExe:	     212 kB
20220313 062713.602 INFO             PET1 PIOc_sync Exit - MemInfo: [/proc/self/status]	VmLib:	   39920 kB
20220313 062713.602 INFO             PET1 PIOc_sync Exit - MemInfo: [/proc/self/status]	VmPTE:	     224 kB
20220313 062713.602 INFO             PET1 PIOc_sync Exit - MemInfo: [/proc/self/status]	VmPMD:	      28 kB
20220313 062713.602 INFO             PET1 PIOc_sync Exit - MemInfo: [/proc/self/status]	VmSwap:	       0 kB
20220313 062713.602 INFO             PET1 PIOc_sync Exit - MemInfo: [/proc/self/status]	VmRSSPercent: 0.018221 %
20220313 062713.602 INFO             PET1 PIOc_sync Exit - MemInfo: [malloc] Non-mmapped space allocated:                19079168 Byte
20220313 062713.602 INFO             PET1 PIOc_sync Exit - MemInfo: [malloc] Space allocated in mmapped regions:                0 Byte
20220313 062713.602 INFO             PET1 PIOc_sync Exit - MemInfo: [malloc] Maximum total allocated space:                     0 Byte
20220313 062713.602 INFO             PET1 PIOc_sync Exit - MemInfo: [malloc] Space in freed fastbin blocks:                  2784 Byte
20220313 062713.602 INFO             PET1 PIOc_sync Exit - MemInfo: [malloc] Total allocated space:                      18802112 Byte
20220313 062713.602 INFO             PET1 PIOc_sync Exit - MemInfo: [malloc] Total free space:                             277056 Byte
20220313 062713.602 INFO             PET1 PIOc_sync Exit - MemInfo: [malloc] Top-most, releasable space:                   272368 Byte
20220313 062713.602 INFO             PET1 PIOc_sync Exit - MemInfo: [malloc] Total space in use, mmap + non-mmap:        18802112 Byte
20220313 062713.602 INFO             PET1 PIOc_sync Exit - MemInfo: [malloc] Total space held (mmap + non-mmap):         19079168 Byte
20220313 062713.602 INFO             PET1 PIOc_sync Exit - MemInfo: [malloc] Total space used (mmap + non-mmap):         18811504 Byte
20220313 062713.602 INFO             PET1 PIOc_sync Exit - MemInfo: Wall-clock time since execution start:              0.0545089 seconds
20220313 062713.602 INFO             PET1 PIOc_freedecomp Enter - MemInfo: [/proc/meminfo - SSI]	MemTotal:       65507008 kB
20220313 062713.602 INFO             PET1 PIOc_freedecomp Enter - MemInfo: [/proc/meminfo - SSI]	MemFree:        48892172 kB
20220313 062713.602 INFO             PET1 PIOc_freedecomp Enter - MemInfo: [/proc/meminfo - SSI]	MemAvailable:   48657024 kB
20220313 062713.602 INFO             PET1 PIOc_freedecomp Enter - MemInfo: [/proc/meminfo - SSI]	Committed_AS:   13094836 kB
20220313 062713.602 INFO             PET1 PIOc_freedecomp Enter - MemInfo: [/proc/meminfo - SSI]	CommittedPercent: 19.99 %
20220313 062713.602 INFO             PET1 PIOc_freedecomp Enter - MemInfo: [/proc/self/status]	VmPeak:	65891284 kB
20220313 062713.602 INFO             PET1 PIOc_freedecomp Enter - MemInfo: [/proc/self/status]	VmSize:	65891284 kB
20220313 062713.602 INFO             PET1 PIOc_freedecomp Enter - MemInfo: [/proc/self/status]	VmLck:	       0 kB
