build time -- 2022-03-12 06:02:09.269137
20220312 062707.360 INFO             PET0 !!!!!!!!!!!!!!!!!!!!!!!!!!!!!!!!!!!!!!!!!!!!!!!!!!!!!!
20220312 062707.360 INFO             PET0 !!! THE ESMF_LOG IS SET TO OUTPUT ALL LOG MESSAGES !!!
20220312 062707.360 INFO             PET0 !!!     THIS MAY CAUSE SLOWDOWN IN PERFORMANCE     !!!
20220312 062707.360 INFO             PET0 !!! FOR PRODUCTION RUNS, USE:                      !!!
20220312 062707.360 INFO             PET0 !!!                   ESMF_LOGKIND_Multi_On_Error  !!!
20220312 062707.360 INFO             PET0 !!!!!!!!!!!!!!!!!!!!!!!!!!!!!!!!!!!!!!!!!!!!!!!!!!!!!!
20220312 062707.360 INFO             PET0 Running with ESMF Version   : v8.3.0b09-96-g559b459836
20220312 062707.360 INFO             PET0 ESMF library build date/time: "Mar 12 2022" "06:00:17"
20220312 062707.360 INFO             PET0 ESMF library build location : /glade/scratch/rlong/esmf-testing/gfortran_9.1.0_mpt_O_jedwards_pio_update2
20220312 062707.360 INFO             PET0 ESMF_COMM                   : mpt
20220312 062707.360 INFO             PET0 ESMF_MOAB                   : enabled
20220312 062707.360 INFO             PET0 ESMF_LAPACK                 : enabled
20220312 062707.360 INFO             PET0 ESMF_NETCDF                 : enabled
20220312 062707.360 INFO             PET0 ESMF_PNETCDF                : disabled
20220312 062707.360 INFO             PET0 ESMF_PIO                    : enabled
20220312 062707.360 INFO             PET0 ESMF_YAMLCPP                : enabled
20220312 062707.372 INFO             PET0 PIOc_sync Enter - MemInfo: [/proc/meminfo - SSI]	MemTotal:       65507008 kB
20220312 062707.372 INFO             PET0 PIOc_sync Enter - MemInfo: [/proc/meminfo - SSI]	MemFree:        49439368 kB
20220312 062707.372 INFO             PET0 PIOc_sync Enter - MemInfo: [/proc/meminfo - SSI]	MemAvailable:   49204340 kB
20220312 062707.372 INFO             PET0 PIOc_sync Enter - MemInfo: [/proc/meminfo - SSI]	Committed_AS:   13214700 kB
20220312 062707.372 INFO             PET0 PIOc_sync Enter - MemInfo: [/proc/meminfo - SSI]	CommittedPercent: 20.173 %
20220312 062707.372 INFO             PET0 PIOc_sync Enter - MemInfo: [/proc/self/status]	VmPeak:	65908376 kB
20220312 062707.372 INFO             PET0 PIOc_sync Enter - MemInfo: [/proc/self/status]	VmSize:	65908376 kB
20220312 062707.372 INFO             PET0 PIOc_sync Enter - MemInfo: [/proc/self/status]	VmLck:	       0 kB
20220312 062707.372 INFO             PET0 PIOc_sync Enter - MemInfo: [/proc/self/status]	VmPin:	       0 kB
20220312 062707.372 INFO             PET0 PIOc_sync Enter - MemInfo: [/proc/self/status]	VmHWM:	   30272 kB
20220312 062707.373 INFO             PET0 PIOc_sync Enter - MemInfo: [/proc/self/status]	VmRSS:	   30272 kB
20220312 062707.373 INFO             PET0 PIOc_sync Enter - MemInfo: [/proc/self/status]	VmData:	   39036 kB
20220312 062707.373 INFO             PET0 PIOc_sync Enter - MemInfo: [/proc/self/status]	VmStk:	     144 kB
20220312 062707.373 INFO             PET0 PIOc_sync Enter - MemInfo: [/proc/self/status]	VmExe:	     212 kB
20220312 062707.373 INFO             PET0 PIOc_sync Enter - MemInfo: [/proc/self/status]	VmLib:	   39920 kB
20220312 062707.373 INFO             PET0 PIOc_sync Enter - MemInfo: [/proc/self/status]	VmPTE:	     256 kB
20220312 062707.373 INFO             PET0 PIOc_sync Enter - MemInfo: [/proc/self/status]	VmPMD:	      28 kB
20220312 062707.373 INFO             PET0 PIOc_sync Enter - MemInfo: [/proc/self/status]	VmSwap:	       0 kB
20220312 062707.373 INFO             PET0 PIOc_sync Enter - MemInfo: [/proc/self/status]	VmRSSPercent: 0.0462118 %
20220312 062707.373 INFO             PET0 PIOc_sync Enter - MemInfo: [malloc] Non-mmapped space allocated:                36581376 Byte
20220312 062707.373 INFO             PET0 PIOc_sync Enter - MemInfo: [malloc] Space allocated in mmapped regions:                0 Byte
20220312 062707.373 INFO             PET0 PIOc_sync Enter - MemInfo: [malloc] Maximum total allocated space:                     0 Byte
20220312 062707.373 INFO             PET0 PIOc_sync Enter - MemInfo: [malloc] Space in freed fastbin blocks:                  1168 Byte
20220312 062707.373 INFO             PET0 PIOc_sync Enter - MemInfo: [malloc] Total allocated space:                      36463328 Byte
20220312 062707.373 INFO             PET0 PIOc_sync Enter - MemInfo: [malloc] Total free space:                             118048 Byte
20220312 062707.373 INFO             PET0 PIOc_sync Enter - MemInfo: [malloc] Top-most, releasable space:                   116256 Byte
20220312 062707.373 INFO             PET0 PIOc_sync Enter - MemInfo: [malloc] Total space in use, mmap + non-mmap:        36463328 Byte
20220312 062707.373 INFO             PET0 PIOc_sync Enter - MemInfo: [malloc] Total space held (mmap + non-mmap):         36581376 Byte
20220312 062707.373 INFO             PET0 PIOc_sync Enter - MemInfo: [malloc] Total space used (mmap + non-mmap):         36472720 Byte
20220312 062707.373 INFO             PET0 PIOc_sync Enter - MemInfo: Wall-clock time since execution start:              0.0145141 seconds
20220312 062707.375 INFO             PET0 PIOc_sync Exit - MemInfo: [/proc/meminfo - SSI]	MemTotal:       65507008 kB
20220312 062707.375 INFO             PET0 PIOc_sync Exit - MemInfo: [/proc/meminfo - SSI]	MemFree:        49439368 kB
20220312 062707.375 INFO             PET0 PIOc_sync Exit - MemInfo: [/proc/meminfo - SSI]	MemAvailable:   49204340 kB
20220312 062707.375 INFO             PET0 PIOc_sync Exit - MemInfo: [/proc/meminfo - SSI]	Committed_AS:   13214700 kB
20220312 062707.375 INFO             PET0 PIOc_sync Exit - MemInfo: [/proc/meminfo - SSI]	CommittedPercent: 20.173 %
20220312 062707.376 INFO             PET0 PIOc_sync Exit - MemInfo: [/proc/self/status]	VmPeak:	65908376 kB
20220312 062707.376 INFO             PET0 PIOc_sync Exit - MemInfo: [/proc/self/status]	VmSize:	65908376 kB
20220312 062707.376 INFO             PET0 PIOc_sync Exit - MemInfo: [/proc/self/status]	VmLck:	       0 kB
20220312 062707.376 INFO             PET0 PIOc_sync Exit - MemInfo: [/proc/self/status]	VmPin:	       0 kB
20220312 062707.376 INFO             PET0 PIOc_sync Exit - MemInfo: [/proc/self/status]	VmHWM:	   30368 kB
20220312 062707.376 INFO             PET0 PIOc_sync Exit - MemInfo: [/proc/self/status]	VmRSS:	   30368 kB
20220312 062707.376 INFO             PET0 PIOc_sync Exit - MemInfo: [/proc/self/status]	VmData:	   39036 kB
20220312 062707.376 INFO             PET0 PIOc_sync Exit - MemInfo: [/proc/self/status]	VmStk:	     144 kB
20220312 062707.376 INFO             PET0 PIOc_sync Exit - MemInfo: [/proc/self/status]	VmExe:	     212 kB
20220312 062707.376 INFO             PET0 PIOc_sync Exit - MemInfo: [/proc/self/status]	VmLib:	   39920 kB
20220312 062707.376 INFO             PET0 PIOc_sync Exit - MemInfo: [/proc/self/status]	VmPTE:	     256 kB
20220312 062707.376 INFO             PET0 PIOc_sync Exit - MemInfo: [/proc/self/status]	VmPMD:	      28 kB
20220312 062707.376 INFO             PET0 PIOc_sync Exit - MemInfo: [/proc/self/status]	VmSwap:	       0 kB
20220312 062707.376 INFO             PET0 PIOc_sync Exit - MemInfo: [/proc/self/status]	VmRSSPercent: 0.0463584 %
20220312 062707.376 INFO             PET0 PIOc_sync Exit - MemInfo: [malloc] Non-mmapped space allocated:                36581376 Byte
20220312 062707.376 INFO             PET0 PIOc_sync Exit - MemInfo: [malloc] Space allocated in mmapped regions:                0 Byte
20220312 062707.376 INFO             PET0 PIOc_sync Exit - MemInfo: [malloc] Maximum total allocated space:                     0 Byte
20220312 062707.376 INFO             PET0 PIOc_sync Exit - MemInfo: [malloc] Space in freed fastbin blocks:                  2800 Byte
20220312 062707.376 INFO             PET0 PIOc_sync Exit - MemInfo: [malloc] Total allocated space:                      36462928 Byte
20220312 062707.376 INFO             PET0 PIOc_sync Exit - MemInfo: [malloc] Total free space:                             118448 Byte
20220312 062707.376 INFO             PET0 PIOc_sync Exit - MemInfo: [malloc] Top-most, releasable space:                   115040 Byte
20220312 062707.376 INFO             PET0 PIOc_sync Exit - MemInfo: [malloc] Total space in use, mmap + non-mmap:        36462928 Byte
20220312 062707.376 INFO             PET0 PIOc_sync Exit - MemInfo: [malloc] Total space held (mmap + non-mmap):         36581376 Byte
20220312 062707.376 INFO             PET0 PIOc_sync Exit - MemInfo: [malloc] Total space used (mmap + non-mmap):         36472320 Byte
20220312 062707.376 INFO             PET0 PIOc_sync Exit - MemInfo: Wall-clock time since execution start:               0.017509 seconds
20220312 062707.376 INFO             PET0 PIOc_freedecomp Enter - MemInfo: [/proc/meminfo - SSI]	MemTotal:       65507008 kB
20220312 062707.376 INFO             PET0 PIOc_freedecomp Enter - MemInfo: [/proc/meminfo - SSI]	MemFree:        49439368 kB
20220312 062707.376 INFO             PET0 PIOc_freedecomp Enter - MemInfo: [/proc/meminfo - SSI]	MemAvailable:   49204340 kB
20220312 062707.376 INFO             PET0 PIOc_freedecomp Enter - MemInfo: [/proc/meminfo - SSI]	Committed_AS:   13214700 kB
20220312 062707.376 INFO             PET0 PIOc_freedecomp Enter - MemInfo: [/proc/meminfo - SSI]	CommittedPercent: 20.173 %
20220312 062707.376 INFO             PET0 PIOc_freedecomp Enter - MemInfo: [/proc/self/status]	VmPeak:	65908376 kB
20220312 062707.376 INFO             PET0 PIOc_freedecomp Enter - MemInfo: [/proc/self/status]	VmSize:	65908376 kB
20220312 062707.376 INFO             PET0 PIOc_freedecomp Enter - MemInfo: [/proc/self/status]	VmLck:	       0 kB
20220312 062707.376 INFO             PET0 PIOc_freedecomp Enter - MemInfo: [/proc/self/status]	VmPin:	       0 kB
20220312 062707.376 INFO             PET0 PIOc_freedecomp Enter - MemInfo: [/proc/self/status]	VmHWM:	   30368 kB
20220312 062707.376 INFO             PET0 PIOc_freedecomp Enter - MemInfo: [/proc/self/status]	VmRSS:	   30368 kB
20220312 062707.376 INFO             PET0 PIOc_freedecomp Enter - MemInfo: [/proc/self/status]	VmData:	   39036 kB
20220312 062707.376 INFO             PET0 PIOc_freedecomp Enter - MemInfo: [/proc/self/status]	VmStk:	     144 kB
20220312 062707.376 INFO             PET0 PIOc_freedecomp Enter - MemInfo: [/proc/self/status]	VmExe:	     212 kB
20220312 062707.376 INFO             PET0 PIOc_freedecomp Enter - MemInfo: [/proc/self/status]	VmLib:	   39920 kB
20220312 062707.376 INFO             PET0 PIOc_freedecomp Enter - MemInfo: [/proc/self/status]	VmPTE:	     256 kB
20220312 062707.376 INFO             PET0 PIOc_freedecomp Enter - MemInfo: [/proc/self/status]	VmPMD:	      28 kB
20220312 062707.376 INFO             PET0 PIOc_freedecomp Enter - MemInfo: [/proc/self/status]	VmSwap:	       0 kB
20220312 062707.376 INFO             PET0 PIOc_freedecomp Enter - MemInfo: [/proc/self/status]	VmRSSPercent: 0.0463584 %
20220312 062707.376 INFO             PET0 PIOc_freedecomp Enter - MemInfo: [malloc] Non-mmapped space allocated:                36581376 Byte
20220312 062707.376 INFO             PET0 PIOc_freedecomp Enter - MemInfo: [malloc] Space allocated in mmapped regions:                0 Byte
20220312 062707.376 INFO             PET0 PIOc_freedecomp Enter - MemInfo: [malloc] Maximum total allocated space:                     0 Byte
20220312 062707.376 INFO             PET0 PIOc_freedecomp Enter - MemInfo: [malloc] Space in freed fastbin blocks:                  1040 Byte
20220312 062707.376 INFO             PET0 PIOc_freedecomp Enter - MemInfo: [malloc] Total allocated space:                      19148096 Byte
20220312 062707.376 INFO             PET0 PIOc_freedecomp Enter - MemInfo: [malloc] Total free space:                           17433280 Byte
20220312 062707.376 INFO             PET0 PIOc_freedecomp Enter - MemInfo: [malloc] Top-most, releasable space:                   117632 Byte
20220312 062707.376 INFO             PET0 PIOc_freedecomp Enter - MemInfo: [malloc] Total space in use, mmap + non-mmap:        19148096 Byte
20220312 062707.376 INFO             PET0 PIOc_freedecomp Enter - MemInfo: [malloc] Total space held (mmap + non-mmap):         36581376 Byte
20220312 062707.376 INFO             PET0 PIOc_freedecomp Enter - MemInfo: [malloc] Total space used (mmap + non-mmap):         19157472 Byte
20220312 062707.376 INFO             PET0 PIOc_freedecomp Enter - MemInfo: Wall-clock time since execution start:              0.0177642 seconds
20220312 062707.376 INFO             PET0 PIOc_freedecomp Exit - MemInfo: [/proc/meminfo - SSI]	MemTotal:       65507008 kB
20220312 062707.376 INFO             PET0 PIOc_freedecomp Exit - MemInfo: [/proc/meminfo - SSI]	MemFree:        49439368 kB
20220312 062707.376 INFO             PET0 PIOc_freedecomp Exit - MemInfo: [/proc/meminfo - SSI]	MemAvailable:   49204340 kB
20220312 062707.376 INFO             PET0 PIOc_freedecomp Exit - MemInfo: [/proc/meminfo - SSI]	Committed_AS:   13214700 kB
20220312 062707.376 INFO             PET0 PIOc_freedecomp Exit - MemInfo: [/proc/meminfo - SSI]	CommittedPercent: 20.173 %
20220312 062707.376 INFO             PET0 PIOc_freedecomp Exit - MemInfo: [/proc/self/status]	VmPeak:	65908376 kB
20220312 062707.376 INFO             PET0 PIOc_freedecomp Exit - MemInfo: [/proc/self/status]	VmSize:	65908376 kB
20220312 062707.376 INFO             PET0 PIOc_freedecomp Exit - MemInfo: [/proc/self/status]	VmLck:	       0 kB
20220312 062707.376 INFO             PET0 PIOc_freedecomp Exit - MemInfo: [/proc/self/status]	VmPin:	       0 kB
20220312 062707.376 INFO             PET0 PIOc_freedecomp Exit - MemInfo: [/proc/self/status]	VmHWM:	   30368 kB
20220312 062707.376 INFO             PET0 PIOc_freedecomp Exit - MemInfo: [/proc/self/status]	VmRSS:	   30368 kB
20220312 062707.376 INFO             PET0 PIOc_freedecomp Exit - MemInfo: [/proc/self/status]	VmData:	   39036 kB
20220312 062707.376 INFO             PET0 PIOc_freedecomp Exit - MemInfo: [/proc/self/status]	VmStk:	     144 kB
20220312 062707.376 INFO             PET0 PIOc_freedecomp Exit - MemInfo: [/proc/self/status]	VmExe:	     212 kB
20220312 062707.376 INFO             PET0 PIOc_freedecomp Exit - MemInfo: [/proc/self/status]	VmLib:	   39920 kB
20220312 062707.376 INFO             PET0 PIOc_freedecomp Exit - MemInfo: [/proc/self/status]	VmPTE:	     256 kB
20220312 062707.376 INFO             PET0 PIOc_freedecomp Exit - MemInfo: [/proc/self/status]	VmPMD:	      28 kB
20220312 062707.376 INFO             PET0 PIOc_freedecomp Exit - MemInfo: [/proc/self/status]	VmSwap:	       0 kB
20220312 062707.376 INFO             PET0 PIOc_freedecomp Exit - MemInfo: [/proc/self/status]	VmRSSPercent: 0.0463584 %
20220312 062707.376 INFO             PET0 PIOc_freedecomp Exit - MemInfo: [malloc] Non-mmapped space allocated:                36581376 Byte
20220312 062707.376 INFO             PET0 PIOc_freedecomp Exit - MemInfo: [malloc] Space allocated in mmapped regions:                0 Byte
20220312 062707.376 INFO             PET0 PIOc_freedecomp Exit - MemInfo: [malloc] Maximum total allocated space:                     0 Byte
20220312 062707.376 INFO             PET0 PIOc_freedecomp Exit - MemInfo: [malloc] Space in freed fastbin blocks:                  1344 Byte
20220312 062707.376 INFO             PET0 PIOc_freedecomp Exit - MemInfo: [malloc] Total allocated space:                      19146288 Byte
20220312 062707.376 INFO             PET0 PIOc_freedecomp Exit - MemInfo: [malloc] Total free space:                           17435088 Byte
20220312 062707.376 INFO             PET0 PIOc_freedecomp Exit - MemInfo: [malloc] Top-most, releasable space:                   117632 Byte
20220312 062707.376 INFO             PET0 PIOc_freedecomp Exit - MemInfo: [malloc] Total space in use, mmap + non-mmap:        19146288 Byte
20220312 062707.376 INFO             PET0 PIOc_freedecomp Exit - MemInfo: [malloc] Total space held (mmap + non-mmap):         36581376 Byte
20220312 062707.376 INFO             PET0 PIOc_freedecomp Exit - MemInfo: [malloc] Total space used (mmap + non-mmap):         19155664 Byte
20220312 062707.376 INFO             PET0 PIOc_freedecomp Exit - MemInfo: Wall-clock time since execution start:              0.0179698 seconds
20220312 062707.377 INFO             PET0 PIOc_sync Enter - MemInfo: [/proc/meminfo - SSI]	MemTotal:       65507008 kB
20220312 062707.377 INFO             PET0 PIOc_sync Enter - MemInfo: [/proc/meminfo - SSI]	MemFree:        49439368 kB
20220312 062707.377 INFO             PET0 PIOc_sync Enter - MemInfo: [/proc/meminfo - SSI]	MemAvailable:   49204340 kB
20220312 062707.377 INFO             PET0 PIOc_sync Enter - MemInfo: [/proc/meminfo - SSI]	Committed_AS:   13214700 kB
20220312 062707.377 INFO             PET0 PIOc_sync Enter - MemInfo: [/proc/meminfo - SSI]	CommittedPercent: 20.173 %
20220312 062707.377 INFO             PET0 PIOc_sync Enter - MemInfo: [/proc/self/status]	VmPeak:	65916564 kB
20220312 062707.377 INFO             PET0 PIOc_sync Enter - MemInfo: [/proc/self/status]	VmSize:	65908376 kB
20220312 062707.377 INFO             PET0 PIOc_sync Enter - MemInfo: [/proc/self/status]	VmLck:	       0 kB
20220312 062707.377 INFO             PET0 PIOc_sync Enter - MemInfo: [/proc/self/status]	VmPin:	       0 kB
20220312 062707.377 INFO             PET0 PIOc_sync Enter - MemInfo: [/proc/self/status]	VmHWM:	   30380 kB
20220312 062707.377 INFO             PET0 PIOc_sync Enter - MemInfo: [/proc/self/status]	VmRSS:	   30380 kB
20220312 062707.377 INFO             PET0 PIOc_sync Enter - MemInfo: [/proc/self/status]	VmData:	   39036 kB
20220312 062707.377 INFO             PET0 PIOc_sync Enter - MemInfo: [/proc/self/status]	VmStk:	     144 kB
20220312 062707.377 INFO             PET0 PIOc_sync Enter - MemInfo: [/proc/self/status]	VmExe:	     212 kB
20220312 062707.377 INFO             PET0 PIOc_sync Enter - MemInfo: [/proc/self/status]	VmLib:	   39920 kB
20220312 062707.377 INFO             PET0 PIOc_sync Enter - MemInfo: [/proc/self/status]	VmPTE:	     260 kB
20220312 062707.377 INFO             PET0 PIOc_sync Enter - MemInfo: [/proc/self/status]	VmPMD:	      28 kB
20220312 062707.377 INFO             PET0 PIOc_sync Enter - MemInfo: [/proc/self/status]	VmSwap:	       0 kB
20220312 062707.377 INFO             PET0 PIOc_sync Enter - MemInfo: [/proc/self/status]	VmRSSPercent: 0.0463767 %
20220312 062707.377 INFO             PET0 PIOc_sync Enter - MemInfo: [malloc] Non-mmapped space allocated:                36581376 Byte
20220312 062707.377 INFO             PET0 PIOc_sync Enter - MemInfo: [malloc] Space allocated in mmapped regions:                0 Byte
20220312 062707.377 INFO             PET0 PIOc_sync Enter - MemInfo: [malloc] Maximum total allocated space:                     0 Byte
20220312 062707.377 INFO             PET0 PIOc_sync Enter - MemInfo: [malloc] Space in freed fastbin blocks:                  1712 Byte
20220312 062707.377 INFO             PET0 PIOc_sync Enter - MemInfo: [malloc] Total allocated space:                      36464080 Byte
20220312 062707.377 INFO             PET0 PIOc_sync Enter - MemInfo: [malloc] Total free space:                             117296 Byte
20220312 062707.377 INFO             PET0 PIOc_sync Enter - MemInfo: [malloc] Top-most, releasable space:                   114912 Byte
20220312 062707.377 INFO             PET0 PIOc_sync Enter - MemInfo: [malloc] Total space in use, mmap + non-mmap:        36464080 Byte
20220312 062707.377 INFO             PET0 PIOc_sync Enter - MemInfo: [malloc] Total space held (mmap + non-mmap):         36581376 Byte
20220312 062707.377 INFO             PET0 PIOc_sync Enter - MemInfo: [malloc] Total space used (mmap + non-mmap):         36473472 Byte
20220312 062707.377 INFO             PET0 PIOc_sync Enter - MemInfo: Wall-clock time since execution start:              0.0192405 seconds
20220312 062707.377 INFO             PET0 PIOc_sync Exit - MemInfo: [/proc/meminfo - SSI]	MemTotal:       65507008 kB
20220312 062707.377 INFO             PET0 PIOc_sync Exit - MemInfo: [/proc/meminfo - SSI]	MemFree:        49439368 kB
20220312 062707.377 INFO             PET0 PIOc_sync Exit - MemInfo: [/proc/meminfo - SSI]	MemAvailable:   49204340 kB
20220312 062707.377 INFO             PET0 PIOc_sync Exit - MemInfo: [/proc/meminfo - SSI]	Committed_AS:   13214700 kB
20220312 062707.377 INFO             PET0 PIOc_sync Exit - MemInfo: [/proc/meminfo - SSI]	CommittedPercent: 20.173 %
20220312 062707.377 INFO             PET0 PIOc_sync Exit - MemInfo: [/proc/self/status]	VmPeak:	65916564 kB
20220312 062707.377 INFO             PET0 PIOc_sync Exit - MemInfo: [/proc/self/status]	VmSize:	65908376 kB
20220312 062707.377 INFO             PET0 PIOc_sync Exit - MemInfo: [/proc/self/status]	VmLck:	       0 kB
20220312 062707.377 INFO             PET0 PIOc_sync Exit - MemInfo: [/proc/self/status]	VmPin:	       0 kB
20220312 062707.377 INFO             PET0 PIOc_sync Exit - MemInfo: [/proc/self/status]	VmHWM:	   30380 kB
20220312 062707.378 INFO             PET0 PIOc_sync Exit - MemInfo: [/proc/self/status]	VmRSS:	   30380 kB
20220312 062707.378 INFO             PET0 PIOc_sync Exit - MemInfo: [/proc/self/status]	VmData:	   39036 kB
20220312 062707.378 INFO             PET0 PIOc_sync Exit - MemInfo: [/proc/self/status]	VmStk:	     144 kB
20220312 062707.378 INFO             PET0 PIOc_sync Exit - MemInfo: [/proc/self/status]	VmExe:	     212 kB
20220312 062707.378 INFO             PET0 PIOc_sync Exit - MemInfo: [/proc/self/status]	VmLib:	   39920 kB
20220312 062707.378 INFO             PET0 PIOc_sync Exit - MemInfo: [/proc/self/status]	VmPTE:	     260 kB
20220312 062707.378 INFO             PET0 PIOc_sync Exit - MemInfo: [/proc/self/status]	VmPMD:	      28 kB
20220312 062707.378 INFO             PET0 PIOc_sync Exit - MemInfo: [/proc/self/status]	VmSwap:	       0 kB
20220312 062707.378 INFO             PET0 PIOc_sync Exit - MemInfo: [/proc/self/status]	VmRSSPercent: 0.0463767 %
20220312 062707.378 INFO             PET0 PIOc_sync Exit - MemInfo: [malloc] Non-mmapped space allocated:                36581376 Byte
20220312 062707.378 INFO             PET0 PIOc_sync Exit - MemInfo: [malloc] Space allocated in mmapped regions:                0 Byte
20220312 062707.378 INFO             PET0 PIOc_sync Exit - MemInfo: [malloc] Maximum total allocated space:                     0 Byte
20220312 062707.378 INFO             PET0 PIOc_sync Exit - MemInfo: [malloc] Space in freed fastbin blocks:                  3104 Byte
20220312 062707.378 INFO             PET0 PIOc_sync Exit - MemInfo: [malloc] Total allocated space:                      36463696 Byte
20220312 062707.378 INFO             PET0 PIOc_sync Exit - MemInfo: [malloc] Total free space:                             117680 Byte
20220312 062707.378 INFO             PET0 PIOc_sync Exit - MemInfo: [malloc] Top-most, releasable space:                   113648 Byte
20220312 062707.378 INFO             PET0 PIOc_sync Exit - MemInfo: [malloc] Total space in use, mmap + non-mmap:        36463696 Byte
20220312 062707.378 INFO             PET0 PIOc_sync Exit - MemInfo: [malloc] Total space held (mmap + non-mmap):         36581376 Byte
20220312 062707.378 INFO             PET0 PIOc_sync Exit - MemInfo: [malloc] Total space used (mmap + non-mmap):         36473088 Byte
20220312 062707.378 INFO             PET0 PIOc_sync Exit - MemInfo: Wall-clock time since execution start:               0.019508 seconds
20220312 062707.378 INFO             PET0 PIOc_freedecomp Enter - MemInfo: [/proc/meminfo - SSI]	MemTotal:       65507008 kB
20220312 062707.378 INFO             PET0 PIOc_freedecomp Enter - MemInfo: [/proc/meminfo - SSI]	MemFree:        49439376 kB
20220312 062707.378 INFO             PET0 PIOc_freedecomp Enter - MemInfo: [/proc/meminfo - SSI]	MemAvailable:   49204348 kB
20220312 062707.378 INFO             PET0 PIOc_freedecomp Enter - MemInfo: [/proc/meminfo - SSI]	Committed_AS:   13214700 kB
20220312 062707.378 INFO             PET0 PIOc_freedecomp Enter - MemInfo: [/proc/meminfo - SSI]	CommittedPercent: 20.173 %
20220312 062707.378 INFO             PET0 PIOc_freedecomp Enter - MemInfo: [/proc/self/status]	VmPeak:	65916564 kB
20220312 062707.378 INFO             PET0 PIOc_freedecomp Enter - MemInfo: [/proc/self/status]	VmSize:	65908376 kB
20220312 062707.378 INFO             PET0 PIOc_freedecomp Enter - MemInfo: [/proc/self/status]	VmLck:	       0 kB
20220312 062707.378 INFO             PET0 PIOc_freedecomp Enter - MemInfo: [/proc/self/status]	VmPin:	       0 kB
20220312 062707.378 INFO             PET0 PIOc_freedecomp Enter - MemInfo: [/proc/self/status]	VmHWM:	   30380 kB
20220312 062707.378 INFO             PET0 PIOc_freedecomp Enter - MemInfo: [/proc/self/status]	VmRSS:	   30380 kB
20220312 062707.378 INFO             PET0 PIOc_freedecomp Enter - MemInfo: [/proc/self/status]	VmData:	   39036 kB
20220312 062707.378 INFO             PET0 PIOc_freedecomp Enter - MemInfo: [/proc/self/status]	VmStk:	     144 kB
20220312 062707.378 INFO             PET0 PIOc_freedecomp Enter - MemInfo: [/proc/self/status]	VmExe:	     212 kB
20220312 062707.378 INFO             PET0 PIOc_freedecomp Enter - MemInfo: [/proc/self/status]	VmLib:	   39920 kB
20220312 062707.378 INFO             PET0 PIOc_freedecomp Enter - MemInfo: [/proc/self/status]	VmPTE:	     260 kB
20220312 062707.378 INFO             PET0 PIOc_freedecomp Enter - MemInfo: [/proc/self/status]	VmPMD:	      28 kB
20220312 062707.378 INFO             PET0 PIOc_freedecomp Enter - MemInfo: [/proc/self/status]	VmSwap:	       0 kB
20220312 062707.378 INFO             PET0 PIOc_freedecomp Enter - MemInfo: [/proc/self/status]	VmRSSPercent: 0.0463767 %
20220312 062707.378 INFO             PET0 PIOc_freedecomp Enter - MemInfo: [malloc] Non-mmapped space allocated:                36581376 Byte
20220312 062707.378 INFO             PET0 PIOc_freedecomp Enter - MemInfo: [malloc] Space allocated in mmapped regions:                0 Byte
20220312 062707.378 INFO             PET0 PIOc_freedecomp Enter - MemInfo: [malloc] Maximum total allocated space:                     0 Byte
20220312 062707.378 INFO             PET0 PIOc_freedecomp Enter - MemInfo: [malloc] Space in freed fastbin blocks:                  1040 Byte
20220312 062707.378 INFO             PET0 PIOc_freedecomp Enter - MemInfo: [malloc] Total allocated space:                      19148096 Byte
20220312 062707.378 INFO             PET0 PIOc_freedecomp Enter - MemInfo: [malloc] Total free space:                           17433280 Byte
20220312 062707.378 INFO             PET0 PIOc_freedecomp Enter - MemInfo: [malloc] Top-most, releasable space:                   116224 Byte
20220312 062707.378 INFO             PET0 PIOc_freedecomp Enter - MemInfo: [malloc] Total space in use, mmap + non-mmap:        19148096 Byte
20220312 062707.378 INFO             PET0 PIOc_freedecomp Enter - MemInfo: [malloc] Total space held (mmap + non-mmap):         36581376 Byte
20220312 062707.378 INFO             PET0 PIOc_freedecomp Enter - MemInfo: [malloc] Total space used (mmap + non-mmap):         19157472 Byte
20220312 062707.378 INFO             PET0 PIOc_freedecomp Enter - MemInfo: Wall-clock time since execution start:              0.0197391 seconds
20220312 062707.378 INFO             PET0 PIOc_freedecomp Exit - MemInfo: [/proc/meminfo - SSI]	MemTotal:       65507008 kB
20220312 062707.378 INFO             PET0 PIOc_freedecomp Exit - MemInfo: [/proc/meminfo - SSI]	MemFree:        49439376 kB
20220312 062707.378 INFO             PET0 PIOc_freedecomp Exit - MemInfo: [/proc/meminfo - SSI]	MemAvailable:   49204348 kB
20220312 062707.378 INFO             PET0 PIOc_freedecomp Exit - MemInfo: [/proc/meminfo - SSI]	Committed_AS:   13214700 kB
20220312 062707.378 INFO             PET0 PIOc_freedecomp Exit - MemInfo: [/proc/meminfo - SSI]	CommittedPercent: 20.173 %
20220312 062707.378 INFO             PET0 PIOc_freedecomp Exit - MemInfo: [/proc/self/status]	VmPeak:	65916564 kB
20220312 062707.378 INFO             PET0 PIOc_freedecomp Exit - MemInfo: [/proc/self/status]	VmSize:	65908376 kB
20220312 062707.378 INFO             PET0 PIOc_freedecomp Exit - MemInfo: [/proc/self/status]	VmLck:	       0 kB
20220312 062707.378 INFO             PET0 PIOc_freedecomp Exit - MemInfo: [/proc/self/status]	VmPin:	       0 kB
20220312 062707.378 INFO             PET0 PIOc_freedecomp Exit - MemInfo: [/proc/self/status]	VmHWM:	   30380 kB
20220312 062707.378 INFO             PET0 PIOc_freedecomp Exit - MemInfo: [/proc/self/status]	VmRSS:	   30380 kB
20220312 062707.378 INFO             PET0 PIOc_freedecomp Exit - MemInfo: [/proc/self/status]	VmData:	   39036 kB
20220312 062707.378 INFO             PET0 PIOc_freedecomp Exit - MemInfo: [/proc/self/status]	VmStk:	     144 kB
20220312 062707.378 INFO             PET0 PIOc_freedecomp Exit - MemInfo: [/proc/self/status]	VmExe:	     212 kB
20220312 062707.378 INFO             PET0 PIOc_freedecomp Exit - MemInfo: [/proc/self/status]	VmLib:	   39920 kB
20220312 062707.378 INFO             PET0 PIOc_freedecomp Exit - MemInfo: [/proc/self/status]	VmPTE:	     260 kB
20220312 062707.378 INFO             PET0 PIOc_freedecomp Exit - MemInfo: [/proc/self/status]	VmPMD:	      28 kB
20220312 062707.378 INFO             PET0 PIOc_freedecomp Exit - MemInfo: [/proc/self/status]	VmSwap:	       0 kB
20220312 062707.378 INFO             PET0 PIOc_freedecomp Exit - MemInfo: [/proc/self/status]	VmRSSPercent: 0.0463767 %
20220312 062707.378 INFO             PET0 PIOc_freedecomp Exit - MemInfo: [malloc] Non-mmapped space allocated:                36581376 Byte
20220312 062707.378 INFO             PET0 PIOc_freedecomp Exit - MemInfo: [malloc] Space allocated in mmapped regions:                0 Byte
20220312 062707.378 INFO             PET0 PIOc_freedecomp Exit - MemInfo: [malloc] Maximum total allocated space:                     0 Byte
20220312 062707.378 INFO             PET0 PIOc_freedecomp Exit - MemInfo: [malloc] Space in freed fastbin blocks:                  3056 Byte
20220312 062707.378 INFO             PET0 PIOc_freedecomp Exit - MemInfo: [malloc] Total allocated space:                      19146288 Byte
20220312 062707.378 INFO             PET0 PIOc_freedecomp Exit - MemInfo: [malloc] Total free space:                           17435088 Byte
20220312 062707.378 INFO             PET0 PIOc_freedecomp Exit - MemInfo: [malloc] Top-most, releasable space:                   116224 Byte
20220312 062707.378 INFO             PET0 PIOc_freedecomp Exit - MemInfo: [malloc] Total space in use, mmap + non-mmap:        19146288 Byte
20220312 062707.378 INFO             PET0 PIOc_freedecomp Exit - MemInfo: [malloc] Total space held (mmap + non-mmap):         36581376 Byte
20220312 062707.378 INFO             PET0 PIOc_freedecomp Exit - MemInfo: [malloc] Total space used (mmap + non-mmap):         19155680 Byte
20220312 062707.378 INFO             PET0 PIOc_freedecomp Exit - MemInfo: Wall-clock time since execution start:              0.0199414 seconds
20220312 062707.379 INFO             PET0 PIOc_sync Enter - MemInfo: [/proc/meminfo - SSI]	MemTotal:       65507008 kB
20220312 062707.379 INFO             PET0 PIOc_sync Enter - MemInfo: [/proc/meminfo - SSI]	MemFree:        49439376 kB
20220312 062707.379 INFO             PET0 PIOc_sync Enter - MemInfo: [/proc/meminfo - SSI]	MemAvailable:   49204348 kB
20220312 062707.379 INFO             PET0 PIOc_sync Enter - MemInfo: [/proc/meminfo - SSI]	Committed_AS:   13214700 kB
20220312 062707.379 INFO             PET0 PIOc_sync Enter - MemInfo: [/proc/meminfo - SSI]	CommittedPercent: 20.173 %
20220312 062707.379 INFO             PET0 PIOc_sync Enter - MemInfo: [/proc/self/status]	VmPeak:	65916564 kB
20220312 062707.379 INFO             PET0 PIOc_sync Enter - MemInfo: [/proc/self/status]	VmSize:	65908376 kB
20220312 062707.379 INFO             PET0 PIOc_sync Enter - MemInfo: [/proc/self/status]	VmLck:	       0 kB
20220312 062707.379 INFO             PET0 PIOc_sync Enter - MemInfo: [/proc/self/status]	VmPin:	       0 kB
20220312 062707.379 INFO             PET0 PIOc_sync Enter - MemInfo: [/proc/self/status]	VmHWM:	   30380 kB
20220312 062707.379 INFO             PET0 PIOc_sync Enter - MemInfo: [/proc/self/status]	VmRSS:	   30380 kB
20220312 062707.379 INFO             PET0 PIOc_sync Enter - MemInfo: [/proc/self/status]	VmData:	   39036 kB
20220312 062707.379 INFO             PET0 PIOc_sync Enter - MemInfo: [/proc/self/status]	VmStk:	     144 kB
20220312 062707.379 INFO             PET0 PIOc_sync Enter - MemInfo: [/proc/self/status]	VmExe:	     212 kB
20220312 062707.379 INFO             PET0 PIOc_sync Enter - MemInfo: [/proc/self/status]	VmLib:	   39920 kB
20220312 062707.379 INFO             PET0 PIOc_sync Enter - MemInfo: [/proc/self/status]	VmPTE:	     260 kB
20220312 062707.379 INFO             PET0 PIOc_sync Enter - MemInfo: [/proc/self/status]	VmPMD:	      28 kB
20220312 062707.379 INFO             PET0 PIOc_sync Enter - MemInfo: [/proc/self/status]	VmSwap:	       0 kB
20220312 062707.379 INFO             PET0 PIOc_sync Enter - MemInfo: [/proc/self/status]	VmRSSPercent: 0.0463767 %
20220312 062707.379 INFO             PET0 PIOc_sync Enter - MemInfo: [malloc] Non-mmapped space allocated:                36581376 Byte
20220312 062707.379 INFO             PET0 PIOc_sync Enter - MemInfo: [malloc] Space allocated in mmapped regions:                0 Byte
20220312 062707.379 INFO             PET0 PIOc_sync Enter - MemInfo: [malloc] Maximum total allocated space:                     0 Byte
20220312 062707.379 INFO             PET0 PIOc_sync Enter - MemInfo: [malloc] Space in freed fastbin blocks:                   288 Byte
20220312 062707.379 INFO             PET0 PIOc_sync Enter - MemInfo: [malloc] Total allocated space:                      36464800 Byte
20220312 062707.379 INFO             PET0 PIOc_sync Enter - MemInfo: [malloc] Total free space:                             116576 Byte
20220312 062707.379 INFO             PET0 PIOc_sync Enter - MemInfo: [malloc] Top-most, releasable space:                   114608 Byte
20220312 062707.379 INFO             PET0 PIOc_sync Enter - MemInfo: [malloc] Total space in use, mmap + non-mmap:        36464800 Byte
20220312 062707.379 INFO             PET0 PIOc_sync Enter - MemInfo: [malloc] Total space held (mmap + non-mmap):         36581376 Byte
20220312 062707.379 INFO             PET0 PIOc_sync Enter - MemInfo: [malloc] Total space used (mmap + non-mmap):         36474192 Byte
20220312 062707.379 INFO             PET0 PIOc_sync Enter - MemInfo: Wall-clock time since execution start:              0.0208399 seconds
20220312 062707.379 INFO             PET0 PIOc_sync Exit - MemInfo: [/proc/meminfo - SSI]	MemTotal:       65507008 kB
20220312 062707.379 INFO             PET0 PIOc_sync Exit - MemInfo: [/proc/meminfo - SSI]	MemFree:        49439376 kB
20220312 062707.379 INFO             PET0 PIOc_sync Exit - MemInfo: [/proc/meminfo - SSI]	MemAvailable:   49204348 kB
20220312 062707.379 INFO             PET0 PIOc_sync Exit - MemInfo: [/proc/meminfo - SSI]	Committed_AS:   13214700 kB
20220312 062707.379 INFO             PET0 PIOc_sync Exit - MemInfo: [/proc/meminfo - SSI]	CommittedPercent: 20.173 %
20220312 062707.379 INFO             PET0 PIOc_sync Exit - MemInfo: [/proc/self/status]	VmPeak:	65916564 kB
20220312 062707.379 INFO             PET0 PIOc_sync Exit - MemInfo: [/proc/self/status]	VmSize:	65908376 kB
20220312 062707.379 INFO             PET0 PIOc_sync Exit - MemInfo: [/proc/self/status]	VmLck:	       0 kB
20220312 062707.379 INFO             PET0 PIOc_sync Exit - MemInfo: [/proc/self/status]	VmPin:	       0 kB
20220312 062707.379 INFO             PET0 PIOc_sync Exit - MemInfo: [/proc/self/status]	VmHWM:	   30380 kB
20220312 062707.379 INFO             PET0 PIOc_sync Exit - MemInfo: [/proc/self/status]	VmRSS:	   30380 kB
20220312 062707.379 INFO             PET0 PIOc_sync Exit - MemInfo: [/proc/self/status]	VmData:	   39036 kB
20220312 062707.379 INFO             PET0 PIOc_sync Exit - MemInfo: [/proc/self/status]	VmStk:	     144 kB
20220312 062707.379 INFO             PET0 PIOc_sync Exit - MemInfo: [/proc/self/status]	VmExe:	     212 kB
20220312 062707.379 INFO             PET0 PIOc_sync Exit - MemInfo: [/proc/self/status]	VmLib:	   39920 kB
20220312 062707.379 INFO             PET0 PIOc_sync Exit - MemInfo: [/proc/self/status]	VmPTE:	     260 kB
20220312 062707.379 INFO             PET0 PIOc_sync Exit - MemInfo: [/proc/self/status]	VmPMD:	      28 kB
20220312 062707.379 INFO             PET0 PIOc_sync Exit - MemInfo: [/proc/self/status]	VmSwap:	       0 kB
20220312 062707.379 INFO             PET0 PIOc_sync Exit - MemInfo: [/proc/self/status]	VmRSSPercent: 0.0463767 %
20220312 062707.379 INFO             PET0 PIOc_sync Exit - MemInfo: [malloc] Non-mmapped space allocated:                36581376 Byte
20220312 062707.379 INFO             PET0 PIOc_sync Exit - MemInfo: [malloc] Space allocated in mmapped regions:                0 Byte
20220312 062707.379 INFO             PET0 PIOc_sync Exit - MemInfo: [malloc] Maximum total allocated space:                     0 Byte
20220312 062707.379 INFO             PET0 PIOc_sync Exit - MemInfo: [malloc] Space in freed fastbin blocks:                  3040 Byte
20220312 062707.379 INFO             PET0 PIOc_sync Exit - MemInfo: [malloc] Total allocated space:                      36464416 Byte
20220312 062707.379 INFO             PET0 PIOc_sync Exit - MemInfo: [malloc] Total free space:                             116960 Byte
20220312 062707.379 INFO             PET0 PIOc_sync Exit - MemInfo: [malloc] Top-most, releasable space:                   113248 Byte
20220312 062707.379 INFO             PET0 PIOc_sync Exit - MemInfo: [malloc] Total space in use, mmap + non-mmap:        36464416 Byte
20220312 062707.379 INFO             PET0 PIOc_sync Exit - MemInfo: [malloc] Total space held (mmap + non-mmap):         36581376 Byte
20220312 062707.379 INFO             PET0 PIOc_sync Exit - MemInfo: [malloc] Total space used (mmap + non-mmap):         36473808 Byte
20220312 062707.379 INFO             PET0 PIOc_sync Exit - MemInfo: Wall-clock time since execution start:              0.0210902 seconds
20220312 062707.379 INFO             PET0 PIOc_freedecomp Enter - MemInfo: [/proc/meminfo - SSI]	MemTotal:       65507008 kB
20220312 062707.379 INFO             PET0 PIOc_freedecomp Enter - MemInfo: [/proc/meminfo - SSI]	MemFree:        49439376 kB
20220312 062707.379 INFO             PET0 PIOc_freedecomp Enter - MemInfo: [/proc/meminfo - SSI]	MemAvailable:   49204348 kB
20220312 062707.379 INFO             PET0 PIOc_freedecomp Enter - MemInfo: [/proc/meminfo - SSI]	Committed_AS:   13214700 kB
20220312 062707.379 INFO             PET0 PIOc_freedecomp Enter - MemInfo: [/proc/meminfo - SSI]	CommittedPercent: 20.173 %
20220312 062707.379 INFO             PET0 PIOc_freedecomp Enter - MemInfo: [/proc/self/status]	VmPeak:	65916564 kB
20220312 062707.379 INFO             PET0 PIOc_freedecomp Enter - MemInfo: [/proc/self/status]	VmSize:	65908376 kB
20220312 062707.379 INFO             PET0 PIOc_freedecomp Enter - MemInfo: [/proc/self/status]	VmLck:	       0 kB
20220312 062707.379 INFO             PET0 PIOc_freedecomp Enter - MemInfo: [/proc/self/status]	VmPin:	       0 kB
20220312 062707.379 INFO             PET0 PIOc_freedecomp Enter - MemInfo: [/proc/self/status]	VmHWM:	   30380 kB
20220312 062707.379 INFO             PET0 PIOc_freedecomp Enter - MemInfo: [/proc/self/status]	VmRSS:	   30380 kB
20220312 062707.379 INFO             PET0 PIOc_freedecomp Enter - MemInfo: [/proc/self/status]	VmData:	   39036 kB
20220312 062707.379 INFO             PET0 PIOc_freedecomp Enter - MemInfo: [/proc/self/status]	VmStk:	     144 kB
20220312 062707.379 INFO             PET0 PIOc_freedecomp Enter - MemInfo: [/proc/self/status]	VmExe:	     212 kB
20220312 062707.379 INFO             PET0 PIOc_freedecomp Enter - MemInfo: [/proc/self/status]	VmLib:	   39920 kB
20220312 062707.379 INFO             PET0 PIOc_freedecomp Enter - MemInfo: [/proc/self/status]	VmPTE:	     260 kB
20220312 062707.379 INFO             PET0 PIOc_freedecomp Enter - MemInfo: [/proc/self/status]	VmPMD:	      28 kB
20220312 062707.379 INFO             PET0 PIOc_freedecomp Enter - MemInfo: [/proc/self/status]	VmSwap:	       0 kB
20220312 062707.379 INFO             PET0 PIOc_freedecomp Enter - MemInfo: [/proc/self/status]	VmRSSPercent: 0.0463767 %
20220312 062707.379 INFO             PET0 PIOc_freedecomp Enter - MemInfo: [malloc] Non-mmapped space allocated:                36581376 Byte
20220312 062707.379 INFO             PET0 PIOc_freedecomp Enter - MemInfo: [malloc] Space allocated in mmapped regions:                0 Byte
20220312 062707.379 INFO             PET0 PIOc_freedecomp Enter - MemInfo: [malloc] Maximum total allocated space:                     0 Byte
20220312 062707.379 INFO             PET0 PIOc_freedecomp Enter - MemInfo: [malloc] Space in freed fastbin blocks:                   960 Byte
20220312 062707.379 INFO             PET0 PIOc_freedecomp Enter - MemInfo: [malloc] Total allocated space:                      19148112 Byte
20220312 062707.379 INFO             PET0 PIOc_freedecomp Enter - MemInfo: [malloc] Total free space:                           17433264 Byte
20220312 062707.379 INFO             PET0 PIOc_freedecomp Enter - MemInfo: [malloc] Top-most, releasable space:                   116384 Byte
20220312 062707.379 INFO             PET0 PIOc_freedecomp Enter - MemInfo: [malloc] Total space in use, mmap + non-mmap:        19148112 Byte
20220312 062707.379 INFO             PET0 PIOc_freedecomp Enter - MemInfo: [malloc] Total space held (mmap + non-mmap):         36581376 Byte
20220312 062707.379 INFO             PET0 PIOc_freedecomp Enter - MemInfo: [malloc] Total space used (mmap + non-mmap):         19157488 Byte
20220312 062707.379 INFO             PET0 PIOc_freedecomp Enter - MemInfo: Wall-clock time since execution start:               0.021323 seconds
20220312 062707.379 INFO             PET0 PIOc_freedecomp Exit - MemInfo: [/proc/meminfo - SSI]	MemTotal:       65507008 kB
20220312 062707.379 INFO             PET0 PIOc_freedecomp Exit - MemInfo: [/proc/meminfo - SSI]	MemFree:        49439376 kB
20220312 062707.379 INFO             PET0 PIOc_freedecomp Exit - MemInfo: [/proc/meminfo - SSI]	MemAvailable:   49204348 kB
20220312 062707.379 INFO             PET0 PIOc_freedecomp Exit - MemInfo: [/proc/meminfo - SSI]	Committed_AS:   13214700 kB
20220312 062707.380 INFO             PET0 PIOc_freedecomp Exit - MemInfo: [/proc/meminfo - SSI]	CommittedPercent: 20.173 %
20220312 062707.380 INFO             PET0 PIOc_freedecomp Exit - MemInfo: [/proc/self/status]	VmPeak:	65916564 kB
20220312 062707.380 INFO             PET0 PIOc_freedecomp Exit - MemInfo: [/proc/self/status]	VmSize:	65908376 kB
20220312 062707.380 INFO             PET0 PIOc_freedecomp Exit - MemInfo: [/proc/self/status]	VmLck:	       0 kB
20220312 062707.380 INFO             PET0 PIOc_freedecomp Exit - MemInfo: [/proc/self/status]	VmPin:	       0 kB
20220312 062707.380 INFO             PET0 PIOc_freedecomp Exit - MemInfo: [/proc/self/status]	VmHWM:	   30380 kB
20220312 062707.380 INFO             PET0 PIOc_freedecomp Exit - MemInfo: [/proc/self/status]	VmRSS:	   30380 kB
20220312 062707.380 INFO             PET0 PIOc_freedecomp Exit - MemInfo: [/proc/self/status]	VmData:	   39036 kB
20220312 062707.380 INFO             PET0 PIOc_freedecomp Exit - MemInfo: [/proc/self/status]	VmStk:	     144 kB
20220312 062707.380 INFO             PET0 PIOc_freedecomp Exit - MemInfo: [/proc/self/status]	VmExe:	     212 kB
20220312 062707.380 INFO             PET0 PIOc_freedecomp Exit - MemInfo: [/proc/self/status]	VmLib:	   39920 kB
20220312 062707.380 INFO             PET0 PIOc_freedecomp Exit - MemInfo: [/proc/self/status]	VmPTE:	     260 kB
20220312 062707.380 INFO             PET0 PIOc_freedecomp Exit - MemInfo: [/proc/self/status]	VmPMD:	      28 kB
20220312 062707.380 INFO             PET0 PIOc_freedecomp Exit - MemInfo: [/proc/self/status]	VmSwap:	       0 kB
20220312 062707.380 INFO             PET0 PIOc_freedecomp Exit - MemInfo: [/proc/self/status]	VmRSSPercent: 0.0463767 %
20220312 062707.380 INFO             PET0 PIOc_freedecomp Exit - MemInfo: [malloc] Non-mmapped space allocated:                36581376 Byte
20220312 062707.380 INFO             PET0 PIOc_freedecomp Exit - MemInfo: [malloc] Space allocated in mmapped regions:                0 Byte
20220312 062707.380 INFO             PET0 PIOc_freedecomp Exit - MemInfo: [malloc] Maximum total allocated space:                     0 Byte
20220312 062707.380 INFO             PET0 PIOc_freedecomp Exit - MemInfo: [malloc] Space in freed fastbin blocks:                  2960 Byte
20220312 062707.380 INFO             PET0 PIOc_freedecomp Exit - MemInfo: [malloc] Total allocated space:                      19146288 Byte
20220312 062707.380 INFO             PET0 PIOc_freedecomp Exit - MemInfo: [malloc] Total free space:                           17435088 Byte
20220312 062707.380 INFO             PET0 PIOc_freedecomp Exit - MemInfo: [malloc] Top-most, releasable space:                   116384 Byte
20220312 062707.380 INFO             PET0 PIOc_freedecomp Exit - MemInfo: [malloc] Total space in use, mmap + non-mmap:        19146288 Byte
20220312 062707.380 INFO             PET0 PIOc_freedecomp Exit - MemInfo: [malloc] Total space held (mmap + non-mmap):         36581376 Byte
20220312 062707.380 INFO             PET0 PIOc_freedecomp Exit - MemInfo: [malloc] Total space used (mmap + non-mmap):         19155664 Byte
20220312 062707.380 INFO             PET0 PIOc_freedecomp Exit - MemInfo: Wall-clock time since execution start:              0.0215224 seconds
20220312 062707.380 INFO             PET0 PIOc_sync Enter - MemInfo: [/proc/meminfo - SSI]	MemTotal:       65507008 kB
20220312 062707.380 INFO             PET0 PIOc_sync Enter - MemInfo: [/proc/meminfo - SSI]	MemFree:        49439376 kB
20220312 062707.380 INFO             PET0 PIOc_sync Enter - MemInfo: [/proc/meminfo - SSI]	MemAvailable:   49204348 kB
20220312 062707.380 INFO             PET0 PIOc_sync Enter - MemInfo: [/proc/meminfo - SSI]	Committed_AS:   13214700 kB
20220312 062707.380 INFO             PET0 PIOc_sync Enter - MemInfo: [/proc/meminfo - SSI]	CommittedPercent: 20.173 %
20220312 062707.380 INFO             PET0 PIOc_sync Enter - MemInfo: [/proc/self/status]	VmPeak:	65916564 kB
20220312 062707.380 INFO             PET0 PIOc_sync Enter - MemInfo: [/proc/self/status]	VmSize:	65908376 kB
20220312 062707.380 INFO             PET0 PIOc_sync Enter - MemInfo: [/proc/self/status]	VmLck:	       0 kB
20220312 062707.380 INFO             PET0 PIOc_sync Enter - MemInfo: [/proc/self/status]	VmPin:	       0 kB
20220312 062707.380 INFO             PET0 PIOc_sync Enter - MemInfo: [/proc/self/status]	VmHWM:	   30380 kB
20220312 062707.380 INFO             PET0 PIOc_sync Enter - MemInfo: [/proc/self/status]	VmRSS:	   30380 kB
20220312 062707.380 INFO             PET0 PIOc_sync Enter - MemInfo: [/proc/self/status]	VmData:	   39036 kB
20220312 062707.380 INFO             PET0 PIOc_sync Enter - MemInfo: [/proc/self/status]	VmStk:	     144 kB
20220312 062707.380 INFO             PET0 PIOc_sync Enter - MemInfo: [/proc/self/status]	VmExe:	     212 kB
20220312 062707.380 INFO             PET0 PIOc_sync Enter - MemInfo: [/proc/self/status]	VmLib:	   39920 kB
20220312 062707.380 INFO             PET0 PIOc_sync Enter - MemInfo: [/proc/self/status]	VmPTE:	     260 kB
20220312 062707.380 INFO             PET0 PIOc_sync Enter - MemInfo: [/proc/self/status]	VmPMD:	      28 kB
20220312 062707.380 INFO             PET0 PIOc_sync Enter - MemInfo: [/proc/self/status]	VmSwap:	       0 kB
20220312 062707.380 INFO             PET0 PIOc_sync Enter - MemInfo: [/proc/self/status]	VmRSSPercent: 0.0463767 %
20220312 062707.380 INFO             PET0 PIOc_sync Enter - MemInfo: [malloc] Non-mmapped space allocated:                36581376 Byte
20220312 062707.381 INFO             PET0 PIOc_sync Enter - MemInfo: [malloc] Space allocated in mmapped regions:                0 Byte
20220312 062707.381 INFO             PET0 PIOc_sync Enter - MemInfo: [malloc] Maximum total allocated space:                     0 Byte
20220312 062707.381 INFO             PET0 PIOc_sync Enter - MemInfo: [malloc] Space in freed fastbin blocks:                   256 Byte
20220312 062707.381 INFO             PET0 PIOc_sync Enter - MemInfo: [malloc] Total allocated space:                      36465600 Byte
20220312 062707.381 INFO             PET0 PIOc_sync Enter - MemInfo: [malloc] Total free space:                             115776 Byte
20220312 062707.381 INFO             PET0 PIOc_sync Enter - MemInfo: [malloc] Top-most, releasable space:                   114000 Byte
20220312 062707.381 INFO             PET0 PIOc_sync Enter - MemInfo: [malloc] Total space in use, mmap + non-mmap:        36465600 Byte
20220312 062707.381 INFO             PET0 PIOc_sync Enter - MemInfo: [malloc] Total space held (mmap + non-mmap):         36581376 Byte
20220312 062707.381 INFO             PET0 PIOc_sync Enter - MemInfo: [malloc] Total space used (mmap + non-mmap):         36474976 Byte
20220312 062707.381 INFO             PET0 PIOc_sync Enter - MemInfo: Wall-clock time since execution start:               0.022433 seconds
20220312 062707.381 INFO             PET0 PIOc_sync Exit - MemInfo: [/proc/meminfo - SSI]	MemTotal:       65507008 kB
20220312 062707.381 INFO             PET0 PIOc_sync Exit - MemInfo: [/proc/meminfo - SSI]	MemFree:        49439376 kB
20220312 062707.381 INFO             PET0 PIOc_sync Exit - MemInfo: [/proc/meminfo - SSI]	MemAvailable:   49204348 kB
20220312 062707.381 INFO             PET0 PIOc_sync Exit - MemInfo: [/proc/meminfo - SSI]	Committed_AS:   13214700 kB
20220312 062707.381 INFO             PET0 PIOc_sync Exit - MemInfo: [/proc/meminfo - SSI]	CommittedPercent: 20.173 %
20220312 062707.381 INFO             PET0 PIOc_sync Exit - MemInfo: [/proc/self/status]	VmPeak:	65916564 kB
20220312 062707.381 INFO             PET0 PIOc_sync Exit - MemInfo: [/proc/self/status]	VmSize:	65908376 kB
20220312 062707.381 INFO             PET0 PIOc_sync Exit - MemInfo: [/proc/self/status]	VmLck:	       0 kB
20220312 062707.381 INFO             PET0 PIOc_sync Exit - MemInfo: [/proc/self/status]	VmPin:	       0 kB
20220312 062707.381 INFO             PET0 PIOc_sync Exit - MemInfo: [/proc/self/status]	VmHWM:	   30380 kB
20220312 062707.381 INFO             PET0 PIOc_sync Exit - MemInfo: [/proc/self/status]	VmRSS:	   30380 kB
20220312 062707.381 INFO             PET0 PIOc_sync Exit - MemInfo: [/proc/self/status]	VmData:	   39036 kB
20220312 062707.381 INFO             PET0 PIOc_sync Exit - MemInfo: [/proc/self/status]	VmStk:	     144 kB
20220312 062707.381 INFO             PET0 PIOc_sync Exit - MemInfo: [/proc/self/status]	VmExe:	     212 kB
20220312 062707.381 INFO             PET0 PIOc_sync Exit - MemInfo: [/proc/self/status]	VmLib:	   39920 kB
20220312 062707.381 INFO             PET0 PIOc_sync Exit - MemInfo: [/proc/self/status]	VmPTE:	     260 kB
20220312 062707.381 INFO             PET0 PIOc_sync Exit - MemInfo: [/proc/self/status]	VmPMD:	      28 kB
20220312 062707.381 INFO             PET0 PIOc_sync Exit - MemInfo: [/proc/self/status]	VmSwap:	       0 kB
20220312 062707.381 INFO             PET0 PIOc_sync Exit - MemInfo: [/proc/self/status]	VmRSSPercent: 0.0463767 %
20220312 062707.381 INFO             PET0 PIOc_sync Exit - MemInfo: [malloc] Non-mmapped space allocated:                36581376 Byte
20220312 062707.381 INFO             PET0 PIOc_sync Exit - MemInfo: [malloc] Space allocated in mmapped regions:                0 Byte
20220312 062707.381 INFO             PET0 PIOc_sync Exit - MemInfo: [malloc] Maximum total allocated space:                     0 Byte
20220312 062707.381 INFO             PET0 PIOc_sync Exit - MemInfo: [malloc] Space in freed fastbin blocks:                  1040 Byte
20220312 062707.381 INFO             PET0 PIOc_sync Exit - MemInfo: [malloc] Total allocated space:                      36465216 Byte
20220312 062707.381 INFO             PET0 PIOc_sync Exit - MemInfo: [malloc] Total free space:                             116160 Byte
20220312 062707.381 INFO             PET0 PIOc_sync Exit - MemInfo: [malloc] Top-most, releasable space:                   114016 Byte
20220312 062707.381 INFO             PET0 PIOc_sync Exit - MemInfo: [malloc] Total space in use, mmap + non-mmap:        36465216 Byte
20220312 062707.381 INFO             PET0 PIOc_sync Exit - MemInfo: [malloc] Total space held (mmap + non-mmap):         36581376 Byte
20220312 062707.381 INFO             PET0 PIOc_sync Exit - MemInfo: [malloc] Total space used (mmap + non-mmap):         36474608 Byte
20220312 062707.381 INFO             PET0 PIOc_sync Exit - MemInfo: Wall-clock time since execution start:              0.0226835 seconds
20220312 062707.381 INFO             PET0 PIOc_freedecomp Enter - MemInfo: [/proc/meminfo - SSI]	MemTotal:       65507008 kB
20220312 062707.381 INFO             PET0 PIOc_freedecomp Enter - MemInfo: [/proc/meminfo - SSI]	MemFree:        49439376 kB
20220312 062707.381 INFO             PET0 PIOc_freedecomp Enter - MemInfo: [/proc/meminfo - SSI]	MemAvailable:   49204348 kB
20220312 062707.381 INFO             PET0 PIOc_freedecomp Enter - MemInfo: [/proc/meminfo - SSI]	Committed_AS:   13214700 kB
20220312 062707.381 INFO             PET0 PIOc_freedecomp Enter - MemInfo: [/proc/meminfo - SSI]	CommittedPercent: 20.173 %
20220312 062707.381 INFO             PET0 PIOc_freedecomp Enter - MemInfo: [/proc/self/status]	VmPeak:	65916564 kB
20220312 062707.381 INFO             PET0 PIOc_freedecomp Enter - MemInfo: [/proc/self/status]	VmSize:	65908376 kB
20220312 062707.381 INFO             PET0 PIOc_freedecomp Enter - MemInfo: [/proc/self/status]	VmLck:	       0 kB
20220312 062707.381 INFO             PET0 PIOc_freedecomp Enter - MemInfo: [/proc/self/status]	VmPin:	       0 kB
20220312 062707.381 INFO             PET0 PIOc_freedecomp Enter - MemInfo: [/proc/self/status]	VmHWM:	   30380 kB
20220312 062707.381 INFO             PET0 PIOc_freedecomp Enter - MemInfo: [/proc/self/status]	VmRSS:	   30380 kB
20220312 062707.381 INFO             PET0 PIOc_freedecomp Enter - MemInfo: [/proc/self/status]	VmData:	   39036 kB
20220312 062707.381 INFO             PET0 PIOc_freedecomp Enter - MemInfo: [/proc/self/status]	VmStk:	     144 kB
20220312 062707.381 INFO             PET0 PIOc_freedecomp Enter - MemInfo: [/proc/self/status]	VmExe:	     212 kB
20220312 062707.381 INFO             PET0 PIOc_freedecomp Enter - MemInfo: [/proc/self/status]	VmLib:	   39920 kB
20220312 062707.381 INFO             PET0 PIOc_freedecomp Enter - MemInfo: [/proc/self/status]	VmPTE:	     260 kB
20220312 062707.381 INFO             PET0 PIOc_freedecomp Enter - MemInfo: [/proc/self/status]	VmPMD:	      28 kB
20220312 062707.381 INFO             PET0 PIOc_freedecomp Enter - MemInfo: [/proc/self/status]	VmSwap:	       0 kB
20220312 062707.381 INFO             PET0 PIOc_freedecomp Enter - MemInfo: [/proc/self/status]	VmRSSPercent: 0.0463767 %
20220312 062707.381 INFO             PET0 PIOc_freedecomp Enter - MemInfo: [malloc] Non-mmapped space allocated:                36581376 Byte
20220312 062707.381 INFO             PET0 PIOc_freedecomp Enter - MemInfo: [malloc] Space allocated in mmapped regions:                0 Byte
20220312 062707.381 INFO             PET0 PIOc_freedecomp Enter - MemInfo: [malloc] Maximum total allocated space:                     0 Byte
20220312 062707.381 INFO             PET0 PIOc_freedecomp Enter - MemInfo: [malloc] Space in freed fastbin blocks:                  1040 Byte
20220312 062707.381 INFO             PET0 PIOc_freedecomp Enter - MemInfo: [malloc] Total allocated space:                      19148112 Byte
20220312 062707.381 INFO             PET0 PIOc_freedecomp Enter - MemInfo: [malloc] Total free space:                           17433264 Byte
20220312 062707.381 INFO             PET0 PIOc_freedecomp Enter - MemInfo: [malloc] Top-most, releasable space:                   114016 Byte
20220312 062707.381 INFO             PET0 PIOc_freedecomp Enter - MemInfo: [malloc] Total space in use, mmap + non-mmap:        19148112 Byte
20220312 062707.381 INFO             PET0 PIOc_freedecomp Enter - MemInfo: [malloc] Total space held (mmap + non-mmap):         36581376 Byte
20220312 062707.381 INFO             PET0 PIOc_freedecomp Enter - MemInfo: [malloc] Total space used (mmap + non-mmap):         19157488 Byte
20220312 062707.381 INFO             PET0 PIOc_freedecomp Enter - MemInfo: Wall-clock time since execution start:              0.0229139 seconds
20220312 062707.381 INFO             PET0 PIOc_freedecomp Exit - MemInfo: [/proc/meminfo - SSI]	MemTotal:       65507008 kB
20220312 062707.381 INFO             PET0 PIOc_freedecomp Exit - MemInfo: [/proc/meminfo - SSI]	MemFree:        49439376 kB
20220312 062707.381 INFO             PET0 PIOc_freedecomp Exit - MemInfo: [/proc/meminfo - SSI]	MemAvailable:   49204348 kB
20220312 062707.381 INFO             PET0 PIOc_freedecomp Exit - MemInfo: [/proc/meminfo - SSI]	Committed_AS:   13214700 kB
20220312 062707.381 INFO             PET0 PIOc_freedecomp Exit - MemInfo: [/proc/meminfo - SSI]	CommittedPercent: 20.173 %
20220312 062707.381 INFO             PET0 PIOc_freedecomp Exit - MemInfo: [/proc/self/status]	VmPeak:	65916564 kB
20220312 062707.381 INFO             PET0 PIOc_freedecomp Exit - MemInfo: [/proc/self/status]	VmSize:	65908376 kB
20220312 062707.381 INFO             PET0 PIOc_freedecomp Exit - MemInfo: [/proc/self/status]	VmLck:	       0 kB
20220312 062707.381 INFO             PET0 PIOc_freedecomp Exit - MemInfo: [/proc/self/status]	VmPin:	       0 kB
20220312 062707.381 INFO             PET0 PIOc_freedecomp Exit - MemInfo: [/proc/self/status]	VmHWM:	   30380 kB
20220312 062707.381 INFO             PET0 PIOc_freedecomp Exit - MemInfo: [/proc/self/status]	VmRSS:	   30380 kB
20220312 062707.381 INFO             PET0 PIOc_freedecomp Exit - MemInfo: [/proc/self/status]	VmData:	   39036 kB
20220312 062707.381 INFO             PET0 PIOc_freedecomp Exit - MemInfo: [/proc/self/status]	VmStk:	     144 kB
20220312 062707.381 INFO             PET0 PIOc_freedecomp Exit - MemInfo: [/proc/self/status]	VmExe:	     212 kB
20220312 062707.381 INFO             PET0 PIOc_freedecomp Exit - MemInfo: [/proc/self/status]	VmLib:	   39920 kB
20220312 062707.381 INFO             PET0 PIOc_freedecomp Exit - MemInfo: [/proc/self/status]	VmPTE:	     260 kB
20220312 062707.381 INFO             PET0 PIOc_freedecomp Exit - MemInfo: [/proc/self/status]	VmPMD:	      28 kB
20220312 062707.381 INFO             PET0 PIOc_freedecomp Exit - MemInfo: [/proc/self/status]	VmSwap:	       0 kB
20220312 062707.381 INFO             PET0 PIOc_freedecomp Exit - MemInfo: [/proc/self/status]	VmRSSPercent: 0.0463767 %
20220312 062707.381 INFO             PET0 PIOc_freedecomp Exit - MemInfo: [malloc] Non-mmapped space allocated:                36581376 Byte
20220312 062707.381 INFO             PET0 PIOc_freedecomp Exit - MemInfo: [malloc] Space allocated in mmapped regions:                0 Byte
20220312 062707.381 INFO             PET0 PIOc_freedecomp Exit - MemInfo: [malloc] Maximum total allocated space:                     0 Byte
20220312 062707.381 INFO             PET0 PIOc_freedecomp Exit - MemInfo: [malloc] Space in freed fastbin blocks:                  2944 Byte
20220312 062707.381 INFO             PET0 PIOc_freedecomp Exit - MemInfo: [malloc] Total allocated space:                      19146288 Byte
20220312 062707.381 INFO             PET0 PIOc_freedecomp Exit - MemInfo: [malloc] Total free space:                           17435088 Byte
20220312 062707.381 INFO             PET0 PIOc_freedecomp Exit - MemInfo: [malloc] Top-most, releasable space:                   114016 Byte
20220312 062707.381 INFO             PET0 PIOc_freedecomp Exit - MemInfo: [malloc] Total space in use, mmap + non-mmap:        19146288 Byte
20220312 062707.381 INFO             PET0 PIOc_freedecomp Exit - MemInfo: [malloc] Total space held (mmap + non-mmap):         36581376 Byte
20220312 062707.381 INFO             PET0 PIOc_freedecomp Exit - MemInfo: [malloc] Total space used (mmap + non-mmap):         19155664 Byte
20220312 062707.381 INFO             PET0 PIOc_freedecomp Exit - MemInfo: Wall-clock time since execution start:              0.0231161 seconds
20220312 062707.387 INFO             PET0  NUMBER_OF_PROCESSORS           4
20220312 062707.387 INFO             PET0  PASS  Example ESMF_RHandleBitForBitEx, ESMF_RHandleBitForBitEx.F90, line 1557
20220312 062707.387 INFO             PET0 Finalizing ESMF
20220312 062707.360 INFO             PET1 !!!!!!!!!!!!!!!!!!!!!!!!!!!!!!!!!!!!!!!!!!!!!!!!!!!!!!
20220312 062707.360 INFO             PET1 !!! THE ESMF_LOG IS SET TO OUTPUT ALL LOG MESSAGES !!!
20220312 062707.360 INFO             PET1 !!!     THIS MAY CAUSE SLOWDOWN IN PERFORMANCE     !!!
20220312 062707.360 INFO             PET1 !!! FOR PRODUCTION RUNS, USE:                      !!!
20220312 062707.360 INFO             PET1 !!!                   ESMF_LOGKIND_Multi_On_Error  !!!
20220312 062707.360 INFO             PET1 !!!!!!!!!!!!!!!!!!!!!!!!!!!!!!!!!!!!!!!!!!!!!!!!!!!!!!
20220312 062707.360 INFO             PET1 Running with ESMF Version   : v8.3.0b09-96-g559b459836
20220312 062707.360 INFO             PET1 ESMF library build date/time: "Mar 12 2022" "06:00:17"
20220312 062707.360 INFO             PET1 ESMF library build location : /glade/scratch/rlong/esmf-testing/gfortran_9.1.0_mpt_O_jedwards_pio_update2
20220312 062707.360 INFO             PET1 ESMF_COMM                   : mpt
20220312 062707.360 INFO             PET1 ESMF_MOAB                   : enabled
20220312 062707.360 INFO             PET1 ESMF_LAPACK                 : enabled
20220312 062707.360 INFO             PET1 ESMF_NETCDF                 : enabled
20220312 062707.360 INFO             PET1 ESMF_PNETCDF                : disabled
20220312 062707.360 INFO             PET1 ESMF_PIO                    : enabled
20220312 062707.360 INFO             PET1 ESMF_YAMLCPP                : enabled
20220312 062707.372 INFO             PET1 PIOc_sync Enter - MemInfo: [/proc/meminfo - SSI]	MemTotal:       65507008 kB
20220312 062707.372 INFO             PET1 PIOc_sync Enter - MemInfo: [/proc/meminfo - SSI]	MemFree:        49439368 kB
20220312 062707.372 INFO             PET1 PIOc_sync Enter - MemInfo: [/proc/meminfo - SSI]	MemAvailable:   49204340 kB
20220312 062707.372 INFO             PET1 PIOc_sync Enter - MemInfo: [/proc/meminfo - SSI]	Committed_AS:   13214700 kB
20220312 062707.372 INFO             PET1 PIOc_sync Enter - MemInfo: [/proc/meminfo - SSI]	CommittedPercent: 20.173 %
20220312 062707.372 INFO             PET1 PIOc_sync Enter - MemInfo: [/proc/self/status]	VmPeak:	65891284 kB
20220312 062707.372 INFO             PET1 PIOc_sync Enter - MemInfo: [/proc/self/status]	VmSize:	65891284 kB
20220312 062707.372 INFO             PET1 PIOc_sync Enter - MemInfo: [/proc/self/status]	VmLck:	       0 kB
20220312 062707.372 INFO             PET1 PIOc_sync Enter - MemInfo: [/proc/self/status]	VmPin:	       0 kB
20220312 062707.372 INFO             PET1 PIOc_sync Enter - MemInfo: [/proc/self/status]	VmHWM:	   11856 kB
20220312 062707.373 INFO             PET1 PIOc_sync Enter - MemInfo: [/proc/self/status]	VmRSS:	   11856 kB
20220312 062707.373 INFO             PET1 PIOc_sync Enter - MemInfo: [/proc/self/status]	VmData:	   21944 kB
20220312 062707.373 INFO             PET1 PIOc_sync Enter - MemInfo: [/proc/self/status]	VmStk:	     144 kB
20220312 062707.373 INFO             PET1 PIOc_sync Enter - MemInfo: [/proc/self/status]	VmExe:	     212 kB
20220312 062707.373 INFO             PET1 PIOc_sync Enter - MemInfo: [/proc/self/status]	VmLib:	   39920 kB
20220312 062707.373 INFO             PET1 PIOc_sync Enter - MemInfo: [/proc/self/status]	VmPTE:	     224 kB
20220312 062707.373 INFO             PET1 PIOc_sync Enter - MemInfo: [/proc/self/status]	VmPMD:	      28 kB
20220312 062707.373 INFO             PET1 PIOc_sync Enter - MemInfo: [/proc/self/status]	VmSwap:	       0 kB
20220312 062707.373 INFO             PET1 PIOc_sync Enter - MemInfo: [/proc/self/status]	VmRSSPercent: 0.0180988 %
20220312 062707.373 INFO             PET1 PIOc_sync Enter - MemInfo: [malloc] Non-mmapped space allocated:                19079168 Byte
20220312 062707.373 INFO             PET1 PIOc_sync Enter - MemInfo: [malloc] Space allocated in mmapped regions:                0 Byte
20220312 062707.373 INFO             PET1 PIOc_sync Enter - MemInfo: [malloc] Maximum total allocated space:                     0 Byte
20220312 062707.373 INFO             PET1 PIOc_sync Enter - MemInfo: [malloc] Space in freed fastbin blocks:                  1168 Byte
20220312 062707.373 INFO             PET1 PIOc_sync Enter - MemInfo: [malloc] Total allocated space:                      18802544 Byte
20220312 062707.373 INFO             PET1 PIOc_sync Enter - MemInfo: [malloc] Total free space:                             276624 Byte
20220312 062707.373 INFO             PET1 PIOc_sync Enter - MemInfo: [malloc] Top-most, releasable space:                   272368 Byte
20220312 062707.373 INFO             PET1 PIOc_sync Enter - MemInfo: [malloc] Total space in use, mmap + non-mmap:        18802544 Byte
20220312 062707.373 INFO             PET1 PIOc_sync Enter - MemInfo: [malloc] Total space held (mmap + non-mmap):         19079168 Byte
20220312 062707.373 INFO             PET1 PIOc_sync Enter - MemInfo: [malloc] Total space used (mmap + non-mmap):         18811936 Byte
20220312 062707.373 INFO             PET1 PIOc_sync Enter - MemInfo: Wall-clock time since execution start:              0.0145148 seconds
20220312 062707.375 INFO             PET1 PIOc_sync Exit - MemInfo: [/proc/meminfo - SSI]	MemTotal:       65507008 kB
20220312 062707.375 INFO             PET1 PIOc_sync Exit - MemInfo: [/proc/meminfo - SSI]	MemFree:        49439368 kB
20220312 062707.375 INFO             PET1 PIOc_sync Exit - MemInfo: [/proc/meminfo - SSI]	MemAvailable:   49204340 kB
20220312 062707.375 INFO             PET1 PIOc_sync Exit - MemInfo: [/proc/meminfo - SSI]	Committed_AS:   13214700 kB
20220312 062707.375 INFO             PET1 PIOc_sync Exit - MemInfo: [/proc/meminfo - SSI]	CommittedPercent: 20.173 %
20220312 062707.376 INFO             PET1 PIOc_sync Exit - MemInfo: [/proc/self/status]	VmPeak:	65891284 kB
20220312 062707.376 INFO             PET1 PIOc_sync Exit - MemInfo: [/proc/self/status]	VmSize:	65891284 kB
20220312 062707.376 INFO             PET1 PIOc_sync Exit - MemInfo: [/proc/self/status]	VmLck:	       0 kB
20220312 062707.376 INFO             PET1 PIOc_sync Exit - MemInfo: [/proc/self/status]	VmPin:	       0 kB
20220312 062707.376 INFO             PET1 PIOc_sync Exit - MemInfo: [/proc/self/status]	VmHWM:	   11944 kB
20220312 062707.376 INFO             PET1 PIOc_sync Exit - MemInfo: [/proc/self/status]	VmRSS:	   11944 kB
20220312 062707.376 INFO             PET1 PIOc_sync Exit - MemInfo: [/proc/self/status]	VmData:	   21944 kB
20220312 062707.376 INFO             PET1 PIOc_sync Exit - MemInfo: [/proc/self/status]	VmStk:	     144 kB
20220312 062707.376 INFO             PET1 PIOc_sync Exit - MemInfo: [/proc/self/status]	VmExe:	     212 kB
20220312 062707.376 INFO             PET1 PIOc_sync Exit - MemInfo: [/proc/self/status]	VmLib:	   39920 kB
20220312 062707.376 INFO             PET1 PIOc_sync Exit - MemInfo: [/proc/self/status]	VmPTE:	     224 kB
20220312 062707.376 INFO             PET1 PIOc_sync Exit - MemInfo: [/proc/self/status]	VmPMD:	      28 kB
20220312 062707.376 INFO             PET1 PIOc_sync Exit - MemInfo: [/proc/self/status]	VmSwap:	       0 kB
20220312 062707.376 INFO             PET1 PIOc_sync Exit - MemInfo: [/proc/self/status]	VmRSSPercent: 0.0182332 %
20220312 062707.376 INFO             PET1 PIOc_sync Exit - MemInfo: [malloc] Non-mmapped space allocated:                19079168 Byte
20220312 062707.376 INFO             PET1 PIOc_sync Exit - MemInfo: [malloc] Space allocated in mmapped regions:                0 Byte
20220312 062707.376 INFO             PET1 PIOc_sync Exit - MemInfo: [malloc] Maximum total allocated space:                     0 Byte
20220312 062707.376 INFO             PET1 PIOc_sync Exit - MemInfo: [malloc] Space in freed fastbin blocks:                  2768 Byte
20220312 062707.376 INFO             PET1 PIOc_sync Exit - MemInfo: [malloc] Total allocated space:                      18801808 Byte
20220312 062707.376 INFO             PET1 PIOc_sync Exit - MemInfo: [malloc] Total free space:                             277360 Byte
20220312 062707.376 INFO             PET1 PIOc_sync Exit - MemInfo: [malloc] Top-most, releasable space:                   272368 Byte
20220312 062707.376 INFO             PET1 PIOc_sync Exit - MemInfo: [malloc] Total space in use, mmap + non-mmap:        18801808 Byte
20220312 062707.376 INFO             PET1 PIOc_sync Exit - MemInfo: [malloc] Total space held (mmap + non-mmap):         19079168 Byte
20220312 062707.376 INFO             PET1 PIOc_sync Exit - MemInfo: [malloc] Total space used (mmap + non-mmap):         18811200 Byte
20220312 062707.376 INFO             PET1 PIOc_sync Exit - MemInfo: Wall-clock time since execution start:              0.0175154 seconds
20220312 062707.376 INFO             PET1 PIOc_freedecomp Enter - MemInfo: [/proc/meminfo - SSI]	MemTotal:       65507008 kB
20220312 062707.376 INFO             PET1 PIOc_freedecomp Enter - MemInfo: [/proc/meminfo - SSI]	MemFree:        49439368 kB
20220312 062707.376 INFO             PET1 PIOc_freedecomp Enter - MemInfo: [/proc/meminfo - SSI]	MemAvailable:   49204340 kB
20220312 062707.376 INFO             PET1 PIOc_freedecomp Enter - MemInfo: [/proc/meminfo - SSI]	Committed_AS:   13214700 kB
20220312 062707.376 INFO             PET1 PIOc_freedecomp Enter - MemInfo: [/proc/meminfo - SSI]	CommittedPercent: 20.173 %
20220312 062707.376 INFO             PET1 PIOc_freedecomp Enter - MemInfo: [/proc/self/status]	VmPeak:	65891284 kB
20220312 062707.376 INFO             PET1 PIOc_freedecomp Enter - MemInfo: [/proc/self/status]	VmSize:	65891284 kB
20220312 062707.376 INFO             PET1 PIOc_freedecomp Enter - MemInfo: [/proc/self/status]	VmLck:	       0 kB
20220312 062707.376 INFO             PET1 PIOc_freedecomp Enter - MemInfo: [/proc/self/status]	VmPin:	       0 kB
20220312 062707.376 INFO             PET1 PIOc_freedecomp Enter - MemInfo: [/proc/self/status]	VmHWM:	   11944 kB
20220312 062707.376 INFO             PET1 PIOc_freedecomp Enter - MemInfo: [/proc/self/status]	VmRSS:	   11944 kB
20220312 062707.376 INFO             PET1 PIOc_freedecomp Enter - MemInfo: [/proc/self/status]	VmData:	   21944 kB
20220312 062707.376 INFO             PET1 PIOc_freedecomp Enter - MemInfo: [/proc/self/status]	VmStk:	     144 kB
20220312 062707.376 INFO             PET1 PIOc_freedecomp Enter - MemInfo: [/proc/self/status]	VmExe:	     212 kB
20220312 062707.376 INFO             PET1 PIOc_freedecomp Enter - MemInfo: [/proc/self/status]	VmLib:	   39920 kB
20220312 062707.376 INFO             PET1 PIOc_freedecomp Enter - MemInfo: [/proc/self/status]	VmPTE:	     224 kB
20220312 062707.376 INFO             PET1 PIOc_freedecomp Enter - MemInfo: [/proc/self/status]	VmPMD:	      28 kB
20220312 062707.376 INFO             PET1 PIOc_freedecomp Enter - MemInfo: [/proc/self/status]	VmSwap:	       0 kB
20220312 062707.376 INFO             PET1 PIOc_freedecomp Enter - MemInfo: [/proc/self/status]	VmRSSPercent: 0.0182332 %
20220312 062707.376 INFO             PET1 PIOc_freedecomp Enter - MemInfo: [malloc] Non-mmapped space allocated:                19079168 Byte
20220312 062707.376 INFO             PET1 PIOc_freedecomp Enter - MemInfo: [malloc] Space allocated in mmapped regions:                0 Byte
20220312 062707.376 INFO             PET1 PIOc_freedecomp Enter - MemInfo: [malloc] Maximum total allocated space:                     0 Byte
20220312 062707.376 INFO             PET1 PIOc_freedecomp Enter - MemInfo: [malloc] Space in freed fastbin blocks:                  2512 Byte
20220312 062707.376 INFO             PET1 PIOc_freedecomp Enter - MemInfo: [malloc] Total allocated space:                      18800192 Byte
20220312 062707.376 INFO             PET1 PIOc_freedecomp Enter - MemInfo: [malloc] Total free space:                             278976 Byte
20220312 062707.376 INFO             PET1 PIOc_freedecomp Enter - MemInfo: [malloc] Top-most, releasable space:                   272368 Byte
20220312 062707.376 INFO             PET1 PIOc_freedecomp Enter - MemInfo: [malloc] Total space in use, mmap + non-mmap:        18800192 Byte
20220312 062707.376 INFO             PET1 PIOc_freedecomp Enter - MemInfo: [malloc] Total space held (mmap + non-mmap):         19079168 Byte
20220312 062707.376 INFO             PET1 PIOc_freedecomp Enter - MemInfo: [malloc] Total space used (mmap + non-mmap):         18809568 Byte
20220312 062707.376 INFO             PET1 PIOc_freedecomp Enter - MemInfo: Wall-clock time since execution start:              0.0177677 seconds
20220312 062707.376 INFO             PET1 PIOc_freedecomp Exit - MemInfo: [/proc/meminfo - SSI]	MemTotal:       65507008 kB
20220312 062707.376 INFO             PET1 PIOc_freedecomp Exit - MemInfo: [/proc/meminfo - SSI]	MemFree:        49439368 kB
20220312 062707.376 INFO             PET1 PIOc_freedecomp Exit - MemInfo: [/proc/meminfo - SSI]	MemAvailable:   49204340 kB
20220312 062707.376 INFO             PET1 PIOc_freedecomp Exit - MemInfo: [/proc/meminfo - SSI]	Committed_AS:   13214700 kB
20220312 062707.376 INFO             PET1 PIOc_freedecomp Exit - MemInfo: [/proc/meminfo - SSI]	CommittedPercent: 20.173 %
20220312 062707.376 INFO             PET1 PIOc_freedecomp Exit - MemInfo: [/proc/self/status]	VmPeak:	65891284 kB
20220312 062707.376 INFO             PET1 PIOc_freedecomp Exit - MemInfo: [/proc/self/status]	VmSize:	65891284 kB
20220312 062707.376 INFO             PET1 PIOc_freedecomp Exit - MemInfo: [/proc/self/status]	VmLck:	       0 kB
20220312 062707.376 INFO             PET1 PIOc_freedecomp Exit - MemInfo: [/proc/self/status]	VmPin:	       0 kB
20220312 062707.376 INFO             PET1 PIOc_freedecomp Exit - MemInfo: [/proc/self/status]	VmHWM:	   11944 kB
20220312 062707.376 INFO             PET1 PIOc_freedecomp Exit - MemInfo: [/proc/self/status]	VmRSS:	   11944 kB
20220312 062707.376 INFO             PET1 PIOc_freedecomp Exit - MemInfo: [/proc/self/status]	VmData:	   21944 kB
20220312 062707.376 INFO             PET1 PIOc_freedecomp Exit - MemInfo: [/proc/self/status]	VmStk:	     144 kB
20220312 062707.376 INFO             PET1 PIOc_freedecomp Exit - MemInfo: [/proc/self/status]	VmExe:	     212 kB
20220312 062707.376 INFO             PET1 PIOc_freedecomp Exit - MemInfo: [/proc/self/status]	VmLib:	   39920 kB
20220312 062707.376 INFO             PET1 PIOc_freedecomp Exit - MemInfo: [/proc/self/status]	VmPTE:	     224 kB
20220312 062707.376 INFO             PET1 PIOc_freedecomp Exit - MemInfo: [/proc/self/status]	VmPMD:	      28 kB
20220312 062707.376 INFO             PET1 PIOc_freedecomp Exit - MemInfo: [/proc/self/status]	VmSwap:	       0 kB
20220312 062707.376 INFO             PET1 PIOc_freedecomp Exit - MemInfo: [/proc/self/status]	VmRSSPercent: 0.0182332 %
20220312 062707.376 INFO             PET1 PIOc_freedecomp Exit - MemInfo: [malloc] Non-mmapped space allocated:                19079168 Byte
20220312 062707.376 INFO             PET1 PIOc_freedecomp Exit - MemInfo: [malloc] Space allocated in mmapped regions:                0 Byte
20220312 062707.376 INFO             PET1 PIOc_freedecomp Exit - MemInfo: [malloc] Maximum total allocated space:                     0 Byte
20220312 062707.376 INFO             PET1 PIOc_freedecomp Exit - MemInfo: [malloc] Space in freed fastbin blocks:                  3008 Byte
20220312 062707.376 INFO             PET1 PIOc_freedecomp Exit - MemInfo: [malloc] Total allocated space:                      18798880 Byte
20220312 062707.376 INFO             PET1 PIOc_freedecomp Exit - MemInfo: [malloc] Total free space:                             280288 Byte
20220312 062707.376 INFO             PET1 PIOc_freedecomp Exit - MemInfo: [malloc] Top-most, releasable space:                   272368 Byte
20220312 062707.376 INFO             PET1 PIOc_freedecomp Exit - MemInfo: [malloc] Total space in use, mmap + non-mmap:        18798880 Byte
20220312 062707.376 INFO             PET1 PIOc_freedecomp Exit - MemInfo: [malloc] Total space held (mmap + non-mmap):         19079168 Byte
20220312 062707.376 INFO             PET1 PIOc_freedecomp Exit - MemInfo: [malloc] Total space used (mmap + non-mmap):         18808256 Byte
20220312 062707.376 INFO             PET1 PIOc_freedecomp Exit - MemInfo: Wall-clock time since execution start:              0.0179731 seconds
20220312 062707.377 INFO             PET1 PIOc_sync Enter - MemInfo: [/proc/meminfo - SSI]	MemTotal:       65507008 kB
20220312 062707.377 INFO             PET1 PIOc_sync Enter - MemInfo: [/proc/meminfo - SSI]	MemFree:        49439368 kB
20220312 062707.377 INFO             PET1 PIOc_sync Enter - MemInfo: [/proc/meminfo - SSI]	MemAvailable:   49204340 kB
20220312 062707.377 INFO             PET1 PIOc_sync Enter - MemInfo: [/proc/meminfo - SSI]	Committed_AS:   13214700 kB
20220312 062707.377 INFO             PET1 PIOc_sync Enter - MemInfo: [/proc/meminfo - SSI]	CommittedPercent: 20.173 %
20220312 062707.377 INFO             PET1 PIOc_sync Enter - MemInfo: [/proc/self/status]	VmPeak:	65891284 kB
20220312 062707.377 INFO             PET1 PIOc_sync Enter - MemInfo: [/proc/self/status]	VmSize:	65891284 kB
20220312 062707.377 INFO             PET1 PIOc_sync Enter - MemInfo: [/proc/self/status]	VmLck:	       0 kB
20220312 062707.377 INFO             PET1 PIOc_sync Enter - MemInfo: [/proc/self/status]	VmPin:	       0 kB
20220312 062707.377 INFO             PET1 PIOc_sync Enter - MemInfo: [/proc/self/status]	VmHWM:	   11948 kB
20220312 062707.377 INFO             PET1 PIOc_sync Enter - MemInfo: [/proc/self/status]	VmRSS:	   11948 kB
20220312 062707.377 INFO             PET1 PIOc_sync Enter - MemInfo: [/proc/self/status]	VmData:	   21944 kB
20220312 062707.377 INFO             PET1 PIOc_sync Enter - MemInfo: [/proc/self/status]	VmStk:	     144 kB
20220312 062707.377 INFO             PET1 PIOc_sync Enter - MemInfo: [/proc/self/status]	VmExe:	     212 kB
20220312 062707.377 INFO             PET1 PIOc_sync Enter - MemInfo: [/proc/self/status]	VmLib:	   39920 kB
20220312 062707.377 INFO             PET1 PIOc_sync Enter - MemInfo: [/proc/self/status]	VmPTE:	     224 kB
20220312 062707.377 INFO             PET1 PIOc_sync Enter - MemInfo: [/proc/self/status]	VmPMD:	      28 kB
20220312 062707.377 INFO             PET1 PIOc_sync Enter - MemInfo: [/proc/self/status]	VmSwap:	       0 kB
20220312 062707.377 INFO             PET1 PIOc_sync Enter - MemInfo: [/proc/self/status]	VmRSSPercent: 0.0182393 %
20220312 062707.377 INFO             PET1 PIOc_sync Enter - MemInfo: [malloc] Non-mmapped space allocated:                19079168 Byte
20220312 062707.377 INFO             PET1 PIOc_sync Enter - MemInfo: [malloc] Space allocated in mmapped regions:                0 Byte
20220312 062707.377 INFO             PET1 PIOc_sync Enter - MemInfo: [malloc] Maximum total allocated space:                     0 Byte
20220312 062707.377 INFO             PET1 PIOc_sync Enter - MemInfo: [malloc] Space in freed fastbin blocks:                  1168 Byte
20220312 062707.377 INFO             PET1 PIOc_sync Enter - MemInfo: [malloc] Total allocated space:                      18802704 Byte
20220312 062707.377 INFO             PET1 PIOc_sync Enter - MemInfo: [malloc] Total free space:                             276464 Byte
20220312 062707.377 INFO             PET1 PIOc_sync Enter - MemInfo: [malloc] Top-most, releasable space:                   272368 Byte
20220312 062707.377 INFO             PET1 PIOc_sync Enter - MemInfo: [malloc] Total space in use, mmap + non-mmap:        18802704 Byte
20220312 062707.377 INFO             PET1 PIOc_sync Enter - MemInfo: [malloc] Total space held (mmap + non-mmap):         19079168 Byte
20220312 062707.377 INFO             PET1 PIOc_sync Enter - MemInfo: [malloc] Total space used (mmap + non-mmap):         18812096 Byte
20220312 062707.377 INFO             PET1 PIOc_sync Enter - MemInfo: Wall-clock time since execution start:              0.0192383 seconds
20220312 062707.377 INFO             PET1 PIOc_sync Exit - MemInfo: [/proc/meminfo - SSI]	MemTotal:       65507008 kB
20220312 062707.377 INFO             PET1 PIOc_sync Exit - MemInfo: [/proc/meminfo - SSI]	MemFree:        49439368 kB
20220312 062707.377 INFO             PET1 PIOc_sync Exit - MemInfo: [/proc/meminfo - SSI]	MemAvailable:   49204340 kB
20220312 062707.377 INFO             PET1 PIOc_sync Exit - MemInfo: [/proc/meminfo - SSI]	Committed_AS:   13214700 kB
20220312 062707.377 INFO             PET1 PIOc_sync Exit - MemInfo: [/proc/meminfo - SSI]	CommittedPercent: 20.173 %
20220312 062707.377 INFO             PET1 PIOc_sync Exit - MemInfo: [/proc/self/status]	VmPeak:	65891284 kB
20220312 062707.377 INFO             PET1 PIOc_sync Exit - MemInfo: [/proc/self/status]	VmSize:	65891284 kB
20220312 062707.377 INFO             PET1 PIOc_sync Exit - MemInfo: [/proc/self/status]	VmLck:	       0 kB
20220312 062707.377 INFO             PET1 PIOc_sync Exit - MemInfo: [/proc/self/status]	VmPin:	       0 kB
20220312 062707.377 INFO             PET1 PIOc_sync Exit - MemInfo: [/proc/self/status]	VmHWM:	   11948 kB
20220312 062707.378 INFO             PET1 PIOc_sync Exit - MemInfo: [/proc/self/status]	VmRSS:	   11948 kB
20220312 062707.378 INFO             PET1 PIOc_sync Exit - MemInfo: [/proc/self/status]	VmData:	   21944 kB
20220312 062707.378 INFO             PET1 PIOc_sync Exit - MemInfo: [/proc/self/status]	VmStk:	     144 kB
20220312 062707.378 INFO             PET1 PIOc_sync Exit - MemInfo: [/proc/self/status]	VmExe:	     212 kB
20220312 062707.378 INFO             PET1 PIOc_sync Exit - MemInfo: [/proc/self/status]	VmLib:	   39920 kB
20220312 062707.378 INFO             PET1 PIOc_sync Exit - MemInfo: [/proc/self/status]	VmPTE:	     224 kB
20220312 062707.378 INFO             PET1 PIOc_sync Exit - MemInfo: [/proc/self/status]	VmPMD:	      28 kB
20220312 062707.378 INFO             PET1 PIOc_sync Exit - MemInfo: [/proc/self/status]	VmSwap:	       0 kB
20220312 062707.378 INFO             PET1 PIOc_sync Exit - MemInfo: [/proc/self/status]	VmRSSPercent: 0.0182393 %
20220312 062707.378 INFO             PET1 PIOc_sync Exit - MemInfo: [malloc] Non-mmapped space allocated:                19079168 Byte
20220312 062707.378 INFO             PET1 PIOc_sync Exit - MemInfo: [malloc] Space allocated in mmapped regions:                0 Byte
20220312 062707.378 INFO             PET1 PIOc_sync Exit - MemInfo: [malloc] Maximum total allocated space:                     0 Byte
20220312 062707.378 INFO             PET1 PIOc_sync Exit - MemInfo: [malloc] Space in freed fastbin blocks:                  2896 Byte
20220312 062707.378 INFO             PET1 PIOc_sync Exit - MemInfo: [malloc] Total allocated space:                      18801968 Byte
20220312 062707.378 INFO             PET1 PIOc_sync Exit - MemInfo: [malloc] Total free space:                             277200 Byte
20220312 062707.378 INFO             PET1 PIOc_sync Exit - MemInfo: [malloc] Top-most, releasable space:                   272368 Byte
20220312 062707.378 INFO             PET1 PIOc_sync Exit - MemInfo: [malloc] Total space in use, mmap + non-mmap:        18801968 Byte
20220312 062707.378 INFO             PET1 PIOc_sync Exit - MemInfo: [malloc] Total space held (mmap + non-mmap):         19079168 Byte
20220312 062707.378 INFO             PET1 PIOc_sync Exit - MemInfo: [malloc] Total space used (mmap + non-mmap):         18811360 Byte
20220312 062707.378 INFO             PET1 PIOc_sync Exit - MemInfo: Wall-clock time since execution start:              0.0194989 seconds
20220312 062707.378 INFO             PET1 PIOc_freedecomp Enter - MemInfo: [/proc/meminfo - SSI]	MemTotal:       65507008 kB
20220312 062707.378 INFO             PET1 PIOc_freedecomp Enter - MemInfo: [/proc/meminfo - SSI]	MemFree:        49439376 kB
20220312 062707.378 INFO             PET1 PIOc_freedecomp Enter - MemInfo: [/proc/meminfo - SSI]	MemAvailable:   49204348 kB
20220312 062707.378 INFO             PET1 PIOc_freedecomp Enter - MemInfo: [/proc/meminfo - SSI]	Committed_AS:   13214700 kB
20220312 062707.378 INFO             PET1 PIOc_freedecomp Enter - MemInfo: [/proc/meminfo - SSI]	CommittedPercent: 20.173 %
20220312 062707.378 INFO             PET1 PIOc_freedecomp Enter - MemInfo: [/proc/self/status]	VmPeak:	65891284 kB
20220312 062707.378 INFO             PET1 PIOc_freedecomp Enter - MemInfo: [/proc/self/status]	VmSize:	65891284 kB
20220312 062707.378 INFO             PET1 PIOc_freedecomp Enter - MemInfo: [/proc/self/status]	VmLck:	       0 kB
20220312 062707.378 INFO             PET1 PIOc_freedecomp Enter - MemInfo: [/proc/self/status]	VmPin:	       0 kB
20220312 062707.378 INFO             PET1 PIOc_freedecomp Enter - MemInfo: [/proc/self/status]	VmHWM:	   11948 kB
20220312 062707.378 INFO             PET1 PIOc_freedecomp Enter - MemInfo: [/proc/self/status]	VmRSS:	   11948 kB
20220312 062707.378 INFO             PET1 PIOc_freedecomp Enter - MemInfo: [/proc/self/status]	VmData:	   21944 kB
20220312 062707.378 INFO             PET1 PIOc_freedecomp Enter - MemInfo: [/proc/self/status]	VmStk:	     144 kB
20220312 062707.378 INFO             PET1 PIOc_freedecomp Enter - MemInfo: [/proc/self/status]	VmExe:	     212 kB
20220312 062707.378 INFO             PET1 PIOc_freedecomp Enter - MemInfo: [/proc/self/status]	VmLib:	   39920 kB
20220312 062707.378 INFO             PET1 PIOc_freedecomp Enter - MemInfo: [/proc/self/status]	VmPTE:	     224 kB
20220312 062707.378 INFO             PET1 PIOc_freedecomp Enter - MemInfo: [/proc/self/status]	VmPMD:	      28 kB
20220312 062707.378 INFO             PET1 PIOc_freedecomp Enter - MemInfo: [/proc/self/status]	VmSwap:	       0 kB
20220312 062707.378 INFO             PET1 PIOc_freedecomp Enter - MemInfo: [/proc/self/status]	VmRSSPercent: 0.0182393 %
20220312 062707.378 INFO             PET1 PIOc_freedecomp Enter - MemInfo: [malloc] Non-mmapped space allocated:                19079168 Byte
20220312 062707.378 INFO             PET1 PIOc_freedecomp Enter - MemInfo: [malloc] Space allocated in mmapped regions:                0 Byte
20220312 062707.378 INFO             PET1 PIOc_freedecomp Enter - MemInfo: [malloc] Maximum total allocated space:                     0 Byte
20220312 062707.378 INFO             PET1 PIOc_freedecomp Enter - MemInfo: [malloc] Space in freed fastbin blocks:                  2528 Byte
20220312 062707.378 INFO             PET1 PIOc_freedecomp Enter - MemInfo: [malloc] Total allocated space:                      18800192 Byte
20220312 062707.378 INFO             PET1 PIOc_freedecomp Enter - MemInfo: [malloc] Total free space:                             278976 Byte
20220312 062707.378 INFO             PET1 PIOc_freedecomp Enter - MemInfo: [malloc] Top-most, releasable space:                   272368 Byte
20220312 062707.378 INFO             PET1 PIOc_freedecomp Enter - MemInfo: [malloc] Total space in use, mmap + non-mmap:        18800192 Byte
20220312 062707.378 INFO             PET1 PIOc_freedecomp Enter - MemInfo: [malloc] Total space held (mmap + non-mmap):         19079168 Byte
20220312 062707.378 INFO             PET1 PIOc_freedecomp Enter - MemInfo: [malloc] Total space used (mmap + non-mmap):         18809568 Byte
20220312 062707.378 INFO             PET1 PIOc_freedecomp Enter - MemInfo: Wall-clock time since execution start:              0.0197415 seconds
20220312 062707.378 INFO             PET1 PIOc_freedecomp Exit - MemInfo: [/proc/meminfo - SSI]	MemTotal:       65507008 kB
20220312 062707.378 INFO             PET1 PIOc_freedecomp Exit - MemInfo: [/proc/meminfo - SSI]	MemFree:        49439376 kB
20220312 062707.378 INFO             PET1 PIOc_freedecomp Exit - MemInfo: [/proc/meminfo - SSI]	MemAvailable:   49204348 kB
20220312 062707.378 INFO             PET1 PIOc_freedecomp Exit - MemInfo: [/proc/meminfo - SSI]	Committed_AS:   13214700 kB
20220312 062707.378 INFO             PET1 PIOc_freedecomp Exit - MemInfo: [/proc/meminfo - SSI]	CommittedPercent: 20.173 %
20220312 062707.378 INFO             PET1 PIOc_freedecomp Exit - MemInfo: [/proc/self/status]	VmPeak:	65891284 kB
20220312 062707.378 INFO             PET1 PIOc_freedecomp Exit - MemInfo: [/proc/self/status]	VmSize:	65891284 kB
20220312 062707.378 INFO             PET1 PIOc_freedecomp Exit - MemInfo: [/proc/self/status]	VmLck:	       0 kB
20220312 062707.378 INFO             PET1 PIOc_freedecomp Exit - MemInfo: [/proc/self/status]	VmPin:	       0 kB
20220312 062707.378 INFO             PET1 PIOc_freedecomp Exit - MemInfo: [/proc/self/status]	VmHWM:	   11948 kB
20220312 062707.378 INFO             PET1 PIOc_freedecomp Exit - MemInfo: [/proc/self/status]	VmRSS:	   11948 kB
20220312 062707.378 INFO             PET1 PIOc_freedecomp Exit - MemInfo: [/proc/self/status]	VmData:	   21944 kB
20220312 062707.378 INFO             PET1 PIOc_freedecomp Exit - MemInfo: [/proc/self/status]	VmStk:	     144 kB
20220312 062707.378 INFO             PET1 PIOc_freedecomp Exit - MemInfo: [/proc/self/status]	VmExe:	     212 kB
20220312 062707.378 INFO             PET1 PIOc_freedecomp Exit - MemInfo: [/proc/self/status]	VmLib:	   39920 kB
20220312 062707.378 INFO             PET1 PIOc_freedecomp Exit - MemInfo: [/proc/self/status]	VmPTE:	     224 kB
20220312 062707.378 INFO             PET1 PIOc_freedecomp Exit - MemInfo: [/proc/self/status]	VmPMD:	      28 kB
20220312 062707.378 INFO             PET1 PIOc_freedecomp Exit - MemInfo: [/proc/self/status]	VmSwap:	       0 kB
20220312 062707.378 INFO             PET1 PIOc_freedecomp Exit - MemInfo: [/proc/self/status]	VmRSSPercent: 0.0182393 %
20220312 062707.378 INFO             PET1 PIOc_freedecomp Exit - MemInfo: [malloc] Non-mmapped space allocated:                19079168 Byte
20220312 062707.378 INFO             PET1 PIOc_freedecomp Exit - MemInfo: [malloc] Space allocated in mmapped regions:                0 Byte
20220312 062707.378 INFO             PET1 PIOc_freedecomp Exit - MemInfo: [malloc] Maximum total allocated space:                     0 Byte
20220312 062707.378 INFO             PET1 PIOc_freedecomp Exit - MemInfo: [malloc] Space in freed fastbin blocks:                  2880 Byte
20220312 062707.378 INFO             PET1 PIOc_freedecomp Exit - MemInfo: [malloc] Total allocated space:                      18798880 Byte
20220312 062707.378 INFO             PET1 PIOc_freedecomp Exit - MemInfo: [malloc] Total free space:                             280288 Byte
20220312 062707.378 INFO             PET1 PIOc_freedecomp Exit - MemInfo: [malloc] Top-most, releasable space:                   272368 Byte
20220312 062707.378 INFO             PET1 PIOc_freedecomp Exit - MemInfo: [malloc] Total space in use, mmap + non-mmap:        18798880 Byte
20220312 062707.378 INFO             PET1 PIOc_freedecomp Exit - MemInfo: [malloc] Total space held (mmap + non-mmap):         19079168 Byte
20220312 062707.378 INFO             PET1 PIOc_freedecomp Exit - MemInfo: [malloc] Total space used (mmap + non-mmap):         18808256 Byte
20220312 062707.378 INFO             PET1 PIOc_freedecomp Exit - MemInfo: Wall-clock time since execution start:              0.0199386 seconds
20220312 062707.379 INFO             PET1 PIOc_sync Enter - MemInfo: [/proc/meminfo - SSI]	MemTotal:       65507008 kB
20220312 062707.379 INFO             PET1 PIOc_sync Enter - MemInfo: [/proc/meminfo - SSI]	MemFree:        49439376 kB
20220312 062707.379 INFO             PET1 PIOc_sync Enter - MemInfo: [/proc/meminfo - SSI]	MemAvailable:   49204348 kB
20220312 062707.379 INFO             PET1 PIOc_sync Enter - MemInfo: [/proc/meminfo - SSI]	Committed_AS:   13214700 kB
20220312 062707.379 INFO             PET1 PIOc_sync Enter - MemInfo: [/proc/meminfo - SSI]	CommittedPercent: 20.173 %
20220312 062707.379 INFO             PET1 PIOc_sync Enter - MemInfo: [/proc/self/status]	VmPeak:	65891284 kB
20220312 062707.379 INFO             PET1 PIOc_sync Enter - MemInfo: [/proc/self/status]	VmSize:	65891284 kB
20220312 062707.379 INFO             PET1 PIOc_sync Enter - MemInfo: [/proc/self/status]	VmLck:	       0 kB
20220312 062707.379 INFO             PET1 PIOc_sync Enter - MemInfo: [/proc/self/status]	VmPin:	       0 kB
20220312 062707.379 INFO             PET1 PIOc_sync Enter - MemInfo: [/proc/self/status]	VmHWM:	   11948 kB
20220312 062707.379 INFO             PET1 PIOc_sync Enter - MemInfo: [/proc/self/status]	VmRSS:	   11948 kB
20220312 062707.379 INFO             PET1 PIOc_sync Enter - MemInfo: [/proc/self/status]	VmData:	   21944 kB
20220312 062707.379 INFO             PET1 PIOc_sync Enter - MemInfo: [/proc/self/status]	VmStk:	     144 kB
20220312 062707.379 INFO             PET1 PIOc_sync Enter - MemInfo: [/proc/self/status]	VmExe:	     212 kB
20220312 062707.379 INFO             PET1 PIOc_sync Enter - MemInfo: [/proc/self/status]	VmLib:	   39920 kB
20220312 062707.379 INFO             PET1 PIOc_sync Enter - MemInfo: [/proc/self/status]	VmPTE:	     224 kB
20220312 062707.379 INFO             PET1 PIOc_sync Enter - MemInfo: [/proc/self/status]	VmPMD:	      28 kB
20220312 062707.379 INFO             PET1 PIOc_sync Enter - MemInfo: [/proc/self/status]	VmSwap:	       0 kB
20220312 062707.379 INFO             PET1 PIOc_sync Enter - MemInfo: [/proc/self/status]	VmRSSPercent: 0.0182393 %
20220312 062707.379 INFO             PET1 PIOc_sync Enter - MemInfo: [malloc] Non-mmapped space allocated:                19079168 Byte
20220312 062707.379 INFO             PET1 PIOc_sync Enter - MemInfo: [malloc] Space allocated in mmapped regions:                0 Byte
20220312 062707.379 INFO             PET1 PIOc_sync Enter - MemInfo: [malloc] Maximum total allocated space:                     0 Byte
20220312 062707.379 INFO             PET1 PIOc_sync Enter - MemInfo: [malloc] Space in freed fastbin blocks:                  1168 Byte
20220312 062707.379 INFO             PET1 PIOc_sync Enter - MemInfo: [malloc] Total allocated space:                      18802832 Byte
20220312 062707.379 INFO             PET1 PIOc_sync Enter - MemInfo: [malloc] Total free space:                             276336 Byte
20220312 062707.379 INFO             PET1 PIOc_sync Enter - MemInfo: [malloc] Top-most, releasable space:                   272368 Byte
20220312 062707.379 INFO             PET1 PIOc_sync Enter - MemInfo: [malloc] Total space in use, mmap + non-mmap:        18802832 Byte
20220312 062707.379 INFO             PET1 PIOc_sync Enter - MemInfo: [malloc] Total space held (mmap + non-mmap):         19079168 Byte
20220312 062707.379 INFO             PET1 PIOc_sync Enter - MemInfo: [malloc] Total space used (mmap + non-mmap):         18812224 Byte
20220312 062707.379 INFO             PET1 PIOc_sync Enter - MemInfo: Wall-clock time since execution start:              0.0208352 seconds
20220312 062707.379 INFO             PET1 PIOc_sync Exit - MemInfo: [/proc/meminfo - SSI]	MemTotal:       65507008 kB
20220312 062707.379 INFO             PET1 PIOc_sync Exit - MemInfo: [/proc/meminfo - SSI]	MemFree:        49439376 kB
20220312 062707.379 INFO             PET1 PIOc_sync Exit - MemInfo: [/proc/meminfo - SSI]	MemAvailable:   49204348 kB
20220312 062707.379 INFO             PET1 PIOc_sync Exit - MemInfo: [/proc/meminfo - SSI]	Committed_AS:   13214700 kB
20220312 062707.379 INFO             PET1 PIOc_sync Exit - MemInfo: [/proc/meminfo - SSI]	CommittedPercent: 20.173 %
20220312 062707.379 INFO             PET1 PIOc_sync Exit - MemInfo: [/proc/self/status]	VmPeak:	65891284 kB
20220312 062707.379 INFO             PET1 PIOc_sync Exit - MemInfo: [/proc/self/status]	VmSize:	65891284 kB
20220312 062707.379 INFO             PET1 PIOc_sync Exit - MemInfo: [/proc/self/status]	VmLck:	       0 kB
20220312 062707.379 INFO             PET1 PIOc_sync Exit - MemInfo: [/proc/self/status]	VmPin:	       0 kB
20220312 062707.379 INFO             PET1 PIOc_sync Exit - MemInfo: [/proc/self/status]	VmHWM:	   11948 kB
20220312 062707.379 INFO             PET1 PIOc_sync Exit - MemInfo: [/proc/self/status]	VmRSS:	   11948 kB
20220312 062707.379 INFO             PET1 PIOc_sync Exit - MemInfo: [/proc/self/status]	VmData:	   21944 kB
20220312 062707.379 INFO             PET1 PIOc_sync Exit - MemInfo: [/proc/self/status]	VmStk:	     144 kB
20220312 062707.379 INFO             PET1 PIOc_sync Exit - MemInfo: [/proc/self/status]	VmExe:	     212 kB
20220312 062707.379 INFO             PET1 PIOc_sync Exit - MemInfo: [/proc/self/status]	VmLib:	   39920 kB
20220312 062707.379 INFO             PET1 PIOc_sync Exit - MemInfo: [/proc/self/status]	VmPTE:	     224 kB
20220312 062707.379 INFO             PET1 PIOc_sync Exit - MemInfo: [/proc/self/status]	VmPMD:	      28 kB
20220312 062707.379 INFO             PET1 PIOc_sync Exit - MemInfo: [/proc/self/status]	VmSwap:	       0 kB
20220312 062707.379 INFO             PET1 PIOc_sync Exit - MemInfo: [/proc/self/status]	VmRSSPercent: 0.0182393 %
20220312 062707.379 INFO             PET1 PIOc_sync Exit - MemInfo: [malloc] Non-mmapped space allocated:                19079168 Byte
20220312 062707.379 INFO             PET1 PIOc_sync Exit - MemInfo: [malloc] Space allocated in mmapped regions:                0 Byte
20220312 062707.379 INFO             PET1 PIOc_sync Exit - MemInfo: [malloc] Maximum total allocated space:                     0 Byte
20220312 062707.379 INFO             PET1 PIOc_sync Exit - MemInfo: [malloc] Space in freed fastbin blocks:                  2768 Byte
20220312 062707.379 INFO             PET1 PIOc_sync Exit - MemInfo: [malloc] Total allocated space:                      18802112 Byte
20220312 062707.379 INFO             PET1 PIOc_sync Exit - MemInfo: [malloc] Total free space:                             277056 Byte
20220312 062707.379 INFO             PET1 PIOc_sync Exit - MemInfo: [malloc] Top-most, releasable space:                   272368 Byte
20220312 062707.379 INFO             PET1 PIOc_sync Exit - MemInfo: [malloc] Total space in use, mmap + non-mmap:        18802112 Byte
20220312 062707.379 INFO             PET1 PIOc_sync Exit - MemInfo: [malloc] Total space held (mmap + non-mmap):         19079168 Byte
20220312 062707.379 INFO             PET1 PIOc_sync Exit - MemInfo: [malloc] Total space used (mmap + non-mmap):         18811504 Byte
20220312 062707.379 INFO             PET1 PIOc_sync Exit - MemInfo: Wall-clock time since execution start:              0.0210921 seconds
20220312 062707.379 INFO             PET1 PIOc_freedecomp Enter - MemInfo: [/proc/meminfo - SSI]	MemTotal:       65507008 kB
20220312 062707.379 INFO             PET1 PIOc_freedecomp Enter - MemInfo: [/proc/meminfo - SSI]	MemFree:        49439376 kB
20220312 062707.379 INFO             PET1 PIOc_freedecomp Enter - MemInfo: [/proc/meminfo - SSI]	MemAvailable:   49204348 kB
20220312 062707.379 INFO             PET1 PIOc_freedecomp Enter - MemInfo: [/proc/meminfo - SSI]	Committed_AS:   13214700 kB
20220312 062707.379 INFO             PET1 PIOc_freedecomp Enter - MemInfo: [/proc/meminfo - SSI]	CommittedPercent: 20.173 %
20220312 062707.379 INFO             PET1 PIOc_freedecomp Enter - MemInfo: [/proc/self/status]	VmPeak:	65891284 kB
20220312 062707.379 INFO             PET1 PIOc_freedecomp Enter - MemInfo: [/proc/self/status]	VmSize:	65891284 kB
