build time -- 2022-03-13 03:32:27
20220313 033951.515 INFO             PET0 !!!!!!!!!!!!!!!!!!!!!!!!!!!!!!!!!!!!!!!!!!!!!!!!!!!!!!
20220313 033951.515 INFO             PET0 !!! THE ESMF_LOG IS SET TO OUTPUT ALL LOG MESSAGES !!!
20220313 033951.515 INFO             PET0 !!!     THIS MAY CAUSE SLOWDOWN IN PERFORMANCE     !!!
20220313 033951.515 INFO             PET0 !!! FOR PRODUCTION RUNS, USE:                      !!!
20220313 033951.515 INFO             PET0 !!!                   ESMF_LOGKIND_Multi_On_Error  !!!
20220313 033951.515 INFO             PET0 !!!!!!!!!!!!!!!!!!!!!!!!!!!!!!!!!!!!!!!!!!!!!!!!!!!!!!
20220313 033951.515 INFO             PET0 Running with ESMF Version   : v8.3.0b09-96-g559b459836
20220313 033951.515 INFO             PET0 ESMF library build date/time: "Mar 13 2022" "03:31:26"
20220313 033951.515 INFO             PET0 ESMF library build location : /lfs/h1/emc/ptmp/Mark.Potts/gfortran_10.3.0_mpich3_O_jedwards_pio_update2
20220313 033951.515 INFO             PET0 ESMF_COMM                   : mpich3
20220313 033951.515 INFO             PET0 ESMF_MOAB                   : enabled
20220313 033951.515 INFO             PET0 ESMF_LAPACK                 : enabled
20220313 033951.515 INFO             PET0 ESMF_NETCDF                 : enabled
20220313 033951.515 INFO             PET0 ESMF_PNETCDF                : disabled
20220313 033951.515 INFO             PET0 ESMF_PIO                    : enabled
20220313 033951.515 INFO             PET0 ESMF_YAMLCPP                : enabled
20220313 033951.515 INFO             PET0 Beginning Test, file ESMC_FieldRegridUTest.C, line 68
20220313 033951.515 INFO             PET0 Beginning Test, file ESMC_FieldRegridUTest.C, line 68NUMBER_OF_PROCESSORS 1
20220313 033951.515 INFO             PET0 PASS MeshCreate, ESMC_FieldRegridUTest.C, line 125
20220313 033951.515 INFO             PET0 PASS MeshAddNodes, ESMC_FieldRegridUTest.C, line 133
20220313 033951.516 INFO             PET0 PASS MeshAddElements, ESMC_FieldRegridUTest.C, line 142
20220313 033951.516 INFO             PET0 PASS MeshGetLocalNodeCount, ESMC_FieldRegridUTest.C, line 152
20220313 033951.516 INFO             PET0 PASS MeshGetLocalElementCount, ESMC_FieldRegridUTest.C, line 163
20220313 033951.516 INFO             PET0 PASS MeshCreate, ESMC_FieldRegridUTest.C, line 231
20220313 033951.516 INFO             PET0 PASS MeshAddNodes, ESMC_FieldRegridUTest.C, line 239
20220313 033951.516 INFO             PET0 PASS MeshAddElements, ESMC_FieldRegridUTest.C, line 248
20220313 033951.516 INFO             PET0 PASS MeshGetLocalNodeCount, ESMC_FieldRegridUTest.C, line 258
20220313 033951.516 INFO             PET0 PASS MeshGetLocalElementCount, ESMC_FieldRegridUTest.C, line 269
20220313 033951.516 INFO             PET0 PASS Create ESMC_Field object, ESMC_FieldRegridUTest.C, line 284
20220313 033951.516 INFO             PET0 PASS Create ESMC_Field object, ESMC_FieldRegridUTest.C, line 293
20220313 033951.516 INFO             PET0 PASS Get a void * C pointer to data from ESMC_Field object, ESMC_FieldRegridUTest.C, line 306
20220313 033951.516 INFO             PET0 PASS Get a void * C pointer to data from ESMC_Field object, ESMC_FieldRegridUTest.C, line 325
20220313 033951.516 INFO             PET0 PASS Create an InterArray for maskValues in ESMC_FieldRegridStore(), ESMC_FieldRegridUTest.C, line 343
20220313 033951.520 INFO             PET0 PIOc_sync Enter - MemInfo: [/proc/meminfo - SSI]	MemTotal:       527077124 kB
20220313 033951.520 INFO             PET0 PIOc_sync Enter - MemInfo: [/proc/meminfo - SSI]	MemFree:        518416412 kB
20220313 033951.520 INFO             PET0 PIOc_sync Enter - MemInfo: [/proc/meminfo - SSI]	MemAvailable:   517930252 kB
20220313 033951.520 INFO             PET0 PIOc_sync Enter - MemInfo: [/proc/meminfo - SSI]	Committed_AS:    1614624 kB
20220313 033951.520 INFO             PET0 PIOc_sync Enter - MemInfo: [/proc/meminfo - SSI]	CommittedPercent: 0.306335 %
20220313 033951.520 INFO             PET0 PIOc_sync Enter - MemInfo: [/proc/self/status]	VmPeak:	  153336 kB
20220313 033951.520 INFO             PET0 PIOc_sync Enter - MemInfo: [/proc/self/status]	VmSize:	  153336 kB
20220313 033951.520 INFO             PET0 PIOc_sync Enter - MemInfo: [/proc/self/status]	VmLck:	       0 kB
20220313 033951.520 INFO             PET0 PIOc_sync Enter - MemInfo: [/proc/self/status]	VmPin:	       0 kB
20220313 033951.520 INFO             PET0 PIOc_sync Enter - MemInfo: [/proc/self/status]	VmHWM:	   32380 kB
20220313 033951.520 INFO             PET0 PIOc_sync Enter - MemInfo: [/proc/self/status]	VmRSS:	   32380 kB
20220313 033951.520 INFO             PET0 PIOc_sync Enter - MemInfo: [/proc/self/status]	VmData:	   19780 kB
20220313 033951.520 INFO             PET0 PIOc_sync Enter - MemInfo: [/proc/self/status]	VmStk:	     156 kB
20220313 033951.520 INFO             PET0 PIOc_sync Enter - MemInfo: [/proc/self/status]	VmExe:	     208 kB
20220313 033951.520 INFO             PET0 PIOc_sync Enter - MemInfo: [/proc/self/status]	VmLib:	   77104 kB
20220313 033951.520 INFO             PET0 PIOc_sync Enter - MemInfo: [/proc/self/status]	VmPTE:	     320 kB
20220313 033951.520 INFO             PET0 PIOc_sync Enter - MemInfo: [/proc/self/status]	VmSwap:	       0 kB
20220313 033951.520 INFO             PET0 PIOc_sync Enter - MemInfo: [/proc/self/status]	VmRSSPercent: 0.00614331 %
20220313 033951.520 INFO             PET0 PIOc_sync Enter - MemInfo: [malloc] Non-mmapped space allocated:                 1175552 Byte
20220313 033951.520 INFO             PET0 PIOc_sync Enter - MemInfo: [malloc] Space allocated in mmapped regions:         15282176 Byte
20220313 033951.520 INFO             PET0 PIOc_sync Enter - MemInfo: [malloc] Maximum total allocated space:                     0 Byte
20220313 033951.520 INFO             PET0 PIOc_sync Enter - MemInfo: [malloc] Space in freed fastbin blocks:                     0 Byte
20220313 033951.520 INFO             PET0 PIOc_sync Enter - MemInfo: [malloc] Total allocated space:                       1048128 Byte
20220313 033951.520 INFO             PET0 PIOc_sync Enter - MemInfo: [malloc] Total free space:                             127424 Byte
20220313 033951.520 INFO             PET0 PIOc_sync Enter - MemInfo: [malloc] Top-most, releasable space:                   127376 Byte
20220313 033951.520 INFO             PET0 PIOc_sync Enter - MemInfo: [malloc] Total space in use, mmap + non-mmap:        16330304 Byte
20220313 033951.520 INFO             PET0 PIOc_sync Enter - MemInfo: [malloc] Total space held (mmap + non-mmap):         16457728 Byte
20220313 033951.520 INFO             PET0 PIOc_sync Enter - MemInfo: [malloc] Total space used (mmap + non-mmap):         16338960 Byte
20220313 033951.520 INFO             PET0 PIOc_sync Enter - MemInfo: Wall-clock time since execution start:             0.00653704 seconds
20220313 033951.520 INFO             PET0 PIOc_sync Exit - MemInfo: [/proc/meminfo - SSI]	MemTotal:       527077124 kB
20220313 033951.520 INFO             PET0 PIOc_sync Exit - MemInfo: [/proc/meminfo - SSI]	MemFree:        518415908 kB
20220313 033951.520 INFO             PET0 PIOc_sync Exit - MemInfo: [/proc/meminfo - SSI]	MemAvailable:   517929748 kB
20220313 033951.520 INFO             PET0 PIOc_sync Exit - MemInfo: [/proc/meminfo - SSI]	Committed_AS:    1614908 kB
20220313 033951.521 INFO             PET0 PIOc_sync Exit - MemInfo: [/proc/meminfo - SSI]	CommittedPercent: 0.306389 %
20220313 033951.521 INFO             PET0 PIOc_sync Exit - MemInfo: [/proc/self/status]	VmPeak:	  153620 kB
20220313 033951.521 INFO             PET0 PIOc_sync Exit - MemInfo: [/proc/self/status]	VmSize:	  153620 kB
20220313 033951.521 INFO             PET0 PIOc_sync Exit - MemInfo: [/proc/self/status]	VmLck:	       0 kB
20220313 033951.521 INFO             PET0 PIOc_sync Exit - MemInfo: [/proc/self/status]	VmPin:	       0 kB
20220313 033951.521 INFO             PET0 PIOc_sync Exit - MemInfo: [/proc/self/status]	VmHWM:	   33688 kB
20220313 033951.521 INFO             PET0 PIOc_sync Exit - MemInfo: [/proc/self/status]	VmRSS:	   33688 kB
20220313 033951.521 INFO             PET0 PIOc_sync Exit - MemInfo: [/proc/self/status]	VmData:	   20064 kB
20220313 033951.521 INFO             PET0 PIOc_sync Exit - MemInfo: [/proc/self/status]	VmStk:	     156 kB
20220313 033951.521 INFO             PET0 PIOc_sync Exit - MemInfo: [/proc/self/status]	VmExe:	     208 kB
20220313 033951.521 INFO             PET0 PIOc_sync Exit - MemInfo: [/proc/self/status]	VmLib:	   77104 kB
20220313 033951.521 INFO             PET0 PIOc_sync Exit - MemInfo: [/proc/self/status]	VmPTE:	     320 kB
20220313 033951.521 INFO             PET0 PIOc_sync Exit - MemInfo: [/proc/self/status]	VmSwap:	       0 kB
20220313 033951.521 INFO             PET0 PIOc_sync Exit - MemInfo: [/proc/self/status]	VmRSSPercent: 0.00639147 %
20220313 033951.521 INFO             PET0 PIOc_sync Exit - MemInfo: [malloc] Non-mmapped space allocated:                 1175552 Byte
20220313 033951.521 INFO             PET0 PIOc_sync Exit - MemInfo: [malloc] Space allocated in mmapped regions:         15572992 Byte
20220313 033951.521 INFO             PET0 PIOc_sync Exit - MemInfo: [malloc] Maximum total allocated space:                     0 Byte
20220313 033951.521 INFO             PET0 PIOc_sync Exit - MemInfo: [malloc] Space in freed fastbin blocks:                     0 Byte
20220313 033951.521 INFO             PET0 PIOc_sync Exit - MemInfo: [malloc] Total allocated space:                       1114912 Byte
20220313 033951.521 INFO             PET0 PIOc_sync Exit - MemInfo: [malloc] Total free space:                              60640 Byte
20220313 033951.521 INFO             PET0 PIOc_sync Exit - MemInfo: [malloc] Top-most, releasable space:                    60640 Byte
20220313 033951.521 INFO             PET0 PIOc_sync Exit - MemInfo: [malloc] Total space in use, mmap + non-mmap:        16687904 Byte
20220313 033951.521 INFO             PET0 PIOc_sync Exit - MemInfo: [malloc] Total space held (mmap + non-mmap):         16748544 Byte
20220313 033951.521 INFO             PET0 PIOc_sync Exit - MemInfo: [malloc] Total space used (mmap + non-mmap):         16696112 Byte
20220313 033951.521 INFO             PET0 PIOc_sync Exit - MemInfo: Wall-clock time since execution start:             0.00685603 seconds
20220313 033951.521 INFO             PET0 PIOc_freedecomp Enter - MemInfo: [/proc/meminfo - SSI]	MemTotal:       527077124 kB
20220313 033951.521 INFO             PET0 PIOc_freedecomp Enter - MemInfo: [/proc/meminfo - SSI]	MemFree:        518422808 kB
20220313 033951.521 INFO             PET0 PIOc_freedecomp Enter - MemInfo: [/proc/meminfo - SSI]	MemAvailable:   517936648 kB
20220313 033951.521 INFO             PET0 PIOc_freedecomp Enter - MemInfo: [/proc/meminfo - SSI]	Committed_AS:    1606196 kB
20220313 033951.521 INFO             PET0 PIOc_freedecomp Enter - MemInfo: [/proc/meminfo - SSI]	CommittedPercent: 0.304736 %
20220313 033951.521 INFO             PET0 PIOc_freedecomp Enter - MemInfo: [/proc/self/status]	VmPeak:	  153620 kB
20220313 033951.521 INFO             PET0 PIOc_freedecomp Enter - MemInfo: [/proc/self/status]	VmSize:	  144908 kB
20220313 033951.521 INFO             PET0 PIOc_freedecomp Enter - MemInfo: [/proc/self/status]	VmLck:	       0 kB
20220313 033951.521 INFO             PET0 PIOc_freedecomp Enter - MemInfo: [/proc/self/status]	VmPin:	       0 kB
20220313 033951.521 INFO             PET0 PIOc_freedecomp Enter - MemInfo: [/proc/self/status]	VmHWM:	   33688 kB
20220313 033951.521 INFO             PET0 PIOc_freedecomp Enter - MemInfo: [/proc/self/status]	VmRSS:	   25560 kB
20220313 033951.521 INFO             PET0 PIOc_freedecomp Enter - MemInfo: [/proc/self/status]	VmData:	   11352 kB
20220313 033951.521 INFO             PET0 PIOc_freedecomp Enter - MemInfo: [/proc/self/status]	VmStk:	     156 kB
20220313 033951.521 INFO             PET0 PIOc_freedecomp Enter - MemInfo: [/proc/self/status]	VmExe:	     208 kB
20220313 033951.521 INFO             PET0 PIOc_freedecomp Enter - MemInfo: [/proc/self/status]	VmLib:	   77104 kB
20220313 033951.521 INFO             PET0 PIOc_freedecomp Enter - MemInfo: [/proc/self/status]	VmPTE:	     308 kB
20220313 033951.521 INFO             PET0 PIOc_freedecomp Enter - MemInfo: [/proc/self/status]	VmSwap:	       0 kB
20220313 033951.521 INFO             PET0 PIOc_freedecomp Enter - MemInfo: [/proc/self/status]	VmRSSPercent: 0.00484939 %
20220313 033951.521 INFO             PET0 PIOc_freedecomp Enter - MemInfo: [malloc] Non-mmapped space allocated:                 1175552 Byte
20220313 033951.521 INFO             PET0 PIOc_freedecomp Enter - MemInfo: [malloc] Space allocated in mmapped regions:          6651904 Byte
20220313 033951.521 INFO             PET0 PIOc_freedecomp Enter - MemInfo: [malloc] Maximum total allocated space:                     0 Byte
20220313 033951.521 INFO             PET0 PIOc_freedecomp Enter - MemInfo: [malloc] Space in freed fastbin blocks:                   224 Byte
20220313 033951.521 INFO             PET0 PIOc_freedecomp Enter - MemInfo: [malloc] Total allocated space:                       1104240 Byte
20220313 033951.521 INFO             PET0 PIOc_freedecomp Enter - MemInfo: [malloc] Total free space:                              71312 Byte
20220313 033951.521 INFO             PET0 PIOc_freedecomp Enter - MemInfo: [malloc] Top-most, releasable space:                    60416 Byte
20220313 033951.521 INFO             PET0 PIOc_freedecomp Enter - MemInfo: [malloc] Total space in use, mmap + non-mmap:         7756144 Byte
20220313 033951.521 INFO             PET0 PIOc_freedecomp Enter - MemInfo: [malloc] Total space held (mmap + non-mmap):          7827456 Byte
20220313 033951.521 INFO             PET0 PIOc_freedecomp Enter - MemInfo: [malloc] Total space used (mmap + non-mmap):          7764352 Byte
20220313 033951.521 INFO             PET0 PIOc_freedecomp Enter - MemInfo: Wall-clock time since execution start:             0.00725678 seconds
20220313 033951.521 INFO             PET0 PIOc_freedecomp Exit - MemInfo: [/proc/meminfo - SSI]	MemTotal:       527077124 kB
20220313 033951.521 INFO             PET0 PIOc_freedecomp Exit - MemInfo: [/proc/meminfo - SSI]	MemFree:        518422808 kB
20220313 033951.521 INFO             PET0 PIOc_freedecomp Exit - MemInfo: [/proc/meminfo - SSI]	MemAvailable:   517936648 kB
20220313 033951.521 INFO             PET0 PIOc_freedecomp Exit - MemInfo: [/proc/meminfo - SSI]	Committed_AS:    1606196 kB
20220313 033951.521 INFO             PET0 PIOc_freedecomp Exit - MemInfo: [/proc/meminfo - SSI]	CommittedPercent: 0.304736 %
20220313 033951.521 INFO             PET0 PIOc_freedecomp Exit - MemInfo: [/proc/self/status]	VmPeak:	  153620 kB
20220313 033951.521 INFO             PET0 PIOc_freedecomp Exit - MemInfo: [/proc/self/status]	VmSize:	  144908 kB
20220313 033951.521 INFO             PET0 PIOc_freedecomp Exit - MemInfo: [/proc/self/status]	VmLck:	       0 kB
20220313 033951.521 INFO             PET0 PIOc_freedecomp Exit - MemInfo: [/proc/self/status]	VmPin:	       0 kB
20220313 033951.521 INFO             PET0 PIOc_freedecomp Exit - MemInfo: [/proc/self/status]	VmHWM:	   33688 kB
20220313 033951.521 INFO             PET0 PIOc_freedecomp Exit - MemInfo: [/proc/self/status]	VmRSS:	   25560 kB
20220313 033951.521 INFO             PET0 PIOc_freedecomp Exit - MemInfo: [/proc/self/status]	VmData:	   11352 kB
20220313 033951.521 INFO             PET0 PIOc_freedecomp Exit - MemInfo: [/proc/self/status]	VmStk:	     156 kB
20220313 033951.521 INFO             PET0 PIOc_freedecomp Exit - MemInfo: [/proc/self/status]	VmExe:	     208 kB
20220313 033951.521 INFO             PET0 PIOc_freedecomp Exit - MemInfo: [/proc/self/status]	VmLib:	   77104 kB
20220313 033951.521 INFO             PET0 PIOc_freedecomp Exit - MemInfo: [/proc/self/status]	VmPTE:	     308 kB
20220313 033951.521 INFO             PET0 PIOc_freedecomp Exit - MemInfo: [/proc/self/status]	VmSwap:	       0 kB
20220313 033951.521 INFO             PET0 PIOc_freedecomp Exit - MemInfo: [/proc/self/status]	VmRSSPercent: 0.00484939 %
20220313 033951.521 INFO             PET0 PIOc_freedecomp Exit - MemInfo: [malloc] Non-mmapped space allocated:                 1175552 Byte
20220313 033951.521 INFO             PET0 PIOc_freedecomp Exit - MemInfo: [malloc] Space allocated in mmapped regions:          6651904 Byte
20220313 033951.521 INFO             PET0 PIOc_freedecomp Exit - MemInfo: [malloc] Maximum total allocated space:                     0 Byte
20220313 033951.521 INFO             PET0 PIOc_freedecomp Exit - MemInfo: [malloc] Space in freed fastbin blocks:                   480 Byte
20220313 033951.521 INFO             PET0 PIOc_freedecomp Exit - MemInfo: [malloc] Total allocated space:                       1101872 Byte
20220313 033951.521 INFO             PET0 PIOc_freedecomp Exit - MemInfo: [malloc] Total free space:                              73680 Byte
20220313 033951.521 INFO             PET0 PIOc_freedecomp Exit - MemInfo: [malloc] Top-most, releasable space:                    60416 Byte
20220313 033951.521 INFO             PET0 PIOc_freedecomp Exit - MemInfo: [malloc] Total space in use, mmap + non-mmap:         7753776 Byte
20220313 033951.521 INFO             PET0 PIOc_freedecomp Exit - MemInfo: [malloc] Total space held (mmap + non-mmap):          7827456 Byte
20220313 033951.521 INFO             PET0 PIOc_freedecomp Exit - MemInfo: [malloc] Total space used (mmap + non-mmap):          7761984 Byte
20220313 033951.521 INFO             PET0 PIOc_freedecomp Exit - MemInfo: Wall-clock time since execution start:             0.00744359 seconds
20220313 033951.522 INFO             PET0 PIOc_sync Enter - MemInfo: [/proc/meminfo - SSI]	MemTotal:       527077124 kB
20220313 033951.522 INFO             PET0 PIOc_sync Enter - MemInfo: [/proc/meminfo - SSI]	MemFree:        518418460 kB
20220313 033951.522 INFO             PET0 PIOc_sync Enter - MemInfo: [/proc/meminfo - SSI]	MemAvailable:   517932300 kB
20220313 033951.522 INFO             PET0 PIOc_sync Enter - MemInfo: [/proc/meminfo - SSI]	Committed_AS:    1614972 kB
20220313 033951.522 INFO             PET0 PIOc_sync Enter - MemInfo: [/proc/meminfo - SSI]	CommittedPercent: 0.306401 %
20220313 033951.522 INFO             PET0 PIOc_sync Enter - MemInfo: [/proc/self/status]	VmPeak:	  153684 kB
20220313 033951.522 INFO             PET0 PIOc_sync Enter - MemInfo: [/proc/self/status]	VmSize:	  153684 kB
20220313 033951.522 INFO             PET0 PIOc_sync Enter - MemInfo: [/proc/self/status]	VmLck:	       0 kB
20220313 033951.522 INFO             PET0 PIOc_sync Enter - MemInfo: [/proc/self/status]	VmPin:	       0 kB
20220313 033951.522 INFO             PET0 PIOc_sync Enter - MemInfo: [/proc/self/status]	VmHWM:	   33688 kB
20220313 033951.522 INFO             PET0 PIOc_sync Enter - MemInfo: [/proc/self/status]	VmRSS:	   30704 kB
20220313 033951.522 INFO             PET0 PIOc_sync Enter - MemInfo: [/proc/self/status]	VmData:	   20128 kB
20220313 033951.522 INFO             PET0 PIOc_sync Enter - MemInfo: [/proc/self/status]	VmStk:	     156 kB
20220313 033951.522 INFO             PET0 PIOc_sync Enter - MemInfo: [/proc/self/status]	VmExe:	     208 kB
20220313 033951.522 INFO             PET0 PIOc_sync Enter - MemInfo: [/proc/self/status]	VmLib:	   77104 kB
20220313 033951.522 INFO             PET0 PIOc_sync Enter - MemInfo: [/proc/self/status]	VmPTE:	     320 kB
20220313 033951.522 INFO             PET0 PIOc_sync Enter - MemInfo: [/proc/self/status]	VmSwap:	       0 kB
20220313 033951.522 INFO             PET0 PIOc_sync Enter - MemInfo: [/proc/self/status]	VmRSSPercent: 0.00582533 %
20220313 033951.522 INFO             PET0 PIOc_sync Enter - MemInfo: [malloc] Non-mmapped space allocated:                10162176 Byte
20220313 033951.522 INFO             PET0 PIOc_sync Enter - MemInfo: [malloc] Space allocated in mmapped regions:          6651904 Byte
20220313 033951.522 INFO             PET0 PIOc_sync Enter - MemInfo: [malloc] Maximum total allocated space:                     0 Byte
20220313 033951.522 INFO             PET0 PIOc_sync Enter - MemInfo: [malloc] Space in freed fastbin blocks:                    64 Byte
20220313 033951.522 INFO             PET0 PIOc_sync Enter - MemInfo: [malloc] Total allocated space:                      10031888 Byte
20220313 033951.522 INFO             PET0 PIOc_sync Enter - MemInfo: [malloc] Total free space:                             130288 Byte
20220313 033951.522 INFO             PET0 PIOc_sync Enter - MemInfo: [malloc] Top-most, releasable space:                   128864 Byte
20220313 033951.522 INFO             PET0 PIOc_sync Enter - MemInfo: [malloc] Total space in use, mmap + non-mmap:        16683792 Byte
20220313 033951.522 INFO             PET0 PIOc_sync Enter - MemInfo: [malloc] Total space held (mmap + non-mmap):         16814080 Byte
20220313 033951.522 INFO             PET0 PIOc_sync Enter - MemInfo: [malloc] Total space used (mmap + non-mmap):         16692112 Byte
20220313 033951.522 INFO             PET0 PIOc_sync Enter - MemInfo: Wall-clock time since execution start:             0.00865315 seconds
20220313 033951.522 INFO             PET0 PIOc_sync Exit - MemInfo: [/proc/meminfo - SSI]	MemTotal:       527077124 kB
20220313 033951.522 INFO             PET0 PIOc_sync Exit - MemInfo: [/proc/meminfo - SSI]	MemFree:        518418460 kB
20220313 033951.522 INFO             PET0 PIOc_sync Exit - MemInfo: [/proc/meminfo - SSI]	MemAvailable:   517932300 kB
20220313 033951.523 INFO             PET0 PIOc_sync Exit - MemInfo: [/proc/meminfo - SSI]	Committed_AS:    1614972 kB
20220313 033951.523 INFO             PET0 PIOc_sync Exit - MemInfo: [/proc/meminfo - SSI]	CommittedPercent: 0.306401 %
20220313 033951.523 INFO             PET0 PIOc_sync Exit - MemInfo: [/proc/self/status]	VmPeak:	  153684 kB
20220313 033951.523 INFO             PET0 PIOc_sync Exit - MemInfo: [/proc/self/status]	VmSize:	  153684 kB
20220313 033951.523 INFO             PET0 PIOc_sync Exit - MemInfo: [/proc/self/status]	VmLck:	       0 kB
20220313 033951.523 INFO             PET0 PIOc_sync Exit - MemInfo: [/proc/self/status]	VmPin:	       0 kB
20220313 033951.523 INFO             PET0 PIOc_sync Exit - MemInfo: [/proc/self/status]	VmHWM:	   33688 kB
20220313 033951.523 INFO             PET0 PIOc_sync Exit - MemInfo: [/proc/self/status]	VmRSS:	   30704 kB
20220313 033951.523 INFO             PET0 PIOc_sync Exit - MemInfo: [/proc/self/status]	VmData:	   20128 kB
20220313 033951.523 INFO             PET0 PIOc_sync Exit - MemInfo: [/proc/self/status]	VmStk:	     156 kB
20220313 033951.523 INFO             PET0 PIOc_sync Exit - MemInfo: [/proc/self/status]	VmExe:	     208 kB
20220313 033951.523 INFO             PET0 PIOc_sync Exit - MemInfo: [/proc/self/status]	VmLib:	   77104 kB
20220313 033951.523 INFO             PET0 PIOc_sync Exit - MemInfo: [/proc/self/status]	VmPTE:	     320 kB
20220313 033951.523 INFO             PET0 PIOc_sync Exit - MemInfo: [/proc/self/status]	VmSwap:	       0 kB
20220313 033951.523 INFO             PET0 PIOc_sync Exit - MemInfo: [/proc/self/status]	VmRSSPercent: 0.00582533 %
20220313 033951.523 INFO             PET0 PIOc_sync Exit - MemInfo: [malloc] Non-mmapped space allocated:                10162176 Byte
20220313 033951.523 INFO             PET0 PIOc_sync Exit - MemInfo: [malloc] Space allocated in mmapped regions:          6651904 Byte
20220313 033951.523 INFO             PET0 PIOc_sync Exit - MemInfo: [malloc] Maximum total allocated space:                     0 Byte
20220313 033951.523 INFO             PET0 PIOc_sync Exit - MemInfo: [malloc] Space in freed fastbin blocks:                     0 Byte
20220313 033951.523 INFO             PET0 PIOc_sync Exit - MemInfo: [malloc] Total allocated space:                      10032592 Byte
20220313 033951.523 INFO             PET0 PIOc_sync Exit - MemInfo: [malloc] Total free space:                             129584 Byte
20220313 033951.523 INFO             PET0 PIOc_sync Exit - MemInfo: [malloc] Top-most, releasable space:                   128640 Byte
20220313 033951.523 INFO             PET0 PIOc_sync Exit - MemInfo: [malloc] Total space in use, mmap + non-mmap:        16684496 Byte
20220313 033951.523 INFO             PET0 PIOc_sync Exit - MemInfo: [malloc] Total space held (mmap + non-mmap):         16814080 Byte
20220313 033951.523 INFO             PET0 PIOc_sync Exit - MemInfo: [malloc] Total space used (mmap + non-mmap):         16692704 Byte
20220313 033951.523 INFO             PET0 PIOc_sync Exit - MemInfo: Wall-clock time since execution start:             0.00883627 seconds
20220313 033951.523 INFO             PET0 PIOc_freedecomp Enter - MemInfo: [/proc/meminfo - SSI]	MemTotal:       527077124 kB
20220313 033951.523 INFO             PET0 PIOc_freedecomp Enter - MemInfo: [/proc/meminfo - SSI]	MemFree:        518418460 kB
20220313 033951.523 INFO             PET0 PIOc_freedecomp Enter - MemInfo: [/proc/meminfo - SSI]	MemAvailable:   517932300 kB
20220313 033951.523 INFO             PET0 PIOc_freedecomp Enter - MemInfo: [/proc/meminfo - SSI]	Committed_AS:    1614972 kB
20220313 033951.523 INFO             PET0 PIOc_freedecomp Enter - MemInfo: [/proc/meminfo - SSI]	CommittedPercent: 0.306401 %
20220313 033951.523 INFO             PET0 PIOc_freedecomp Enter - MemInfo: [/proc/self/status]	VmPeak:	  153684 kB
20220313 033951.523 INFO             PET0 PIOc_freedecomp Enter - MemInfo: [/proc/self/status]	VmSize:	  153684 kB
20220313 033951.523 INFO             PET0 PIOc_freedecomp Enter - MemInfo: [/proc/self/status]	VmLck:	       0 kB
20220313 033951.523 INFO             PET0 PIOc_freedecomp Enter - MemInfo: [/proc/self/status]	VmPin:	       0 kB
20220313 033951.523 INFO             PET0 PIOc_freedecomp Enter - MemInfo: [/proc/self/status]	VmHWM:	   33688 kB
20220313 033951.523 INFO             PET0 PIOc_freedecomp Enter - MemInfo: [/proc/self/status]	VmRSS:	   30704 kB
20220313 033951.523 INFO             PET0 PIOc_freedecomp Enter - MemInfo: [/proc/self/status]	VmData:	   20128 kB
20220313 033951.523 INFO             PET0 PIOc_freedecomp Enter - MemInfo: [/proc/self/status]	VmStk:	     156 kB
20220313 033951.523 INFO             PET0 PIOc_freedecomp Enter - MemInfo: [/proc/self/status]	VmExe:	     208 kB
20220313 033951.523 INFO             PET0 PIOc_freedecomp Enter - MemInfo: [/proc/self/status]	VmLib:	   77104 kB
20220313 033951.523 INFO             PET0 PIOc_freedecomp Enter - MemInfo: [/proc/self/status]	VmPTE:	     320 kB
20220313 033951.523 INFO             PET0 PIOc_freedecomp Enter - MemInfo: [/proc/self/status]	VmSwap:	       0 kB
20220313 033951.523 INFO             PET0 PIOc_freedecomp Enter - MemInfo: [/proc/self/status]	VmRSSPercent: 0.00582533 %
20220313 033951.523 INFO             PET0 PIOc_freedecomp Enter - MemInfo: [malloc] Non-mmapped space allocated:                10162176 Byte
20220313 033951.523 INFO             PET0 PIOc_freedecomp Enter - MemInfo: [malloc] Space allocated in mmapped regions:          6651904 Byte
20220313 033951.523 INFO             PET0 PIOc_freedecomp Enter - MemInfo: [malloc] Maximum total allocated space:                     0 Byte
20220313 033951.523 INFO             PET0 PIOc_freedecomp Enter - MemInfo: [malloc] Space in freed fastbin blocks:                   112 Byte
20220313 033951.523 INFO             PET0 PIOc_freedecomp Enter - MemInfo: [malloc] Total allocated space:                       1107984 Byte
20220313 033951.523 INFO             PET0 PIOc_freedecomp Enter - MemInfo: [malloc] Total free space:                            9054192 Byte
20220313 033951.523 INFO             PET0 PIOc_freedecomp Enter - MemInfo: [malloc] Top-most, releasable space:                   128416 Byte
20220313 033951.523 INFO             PET0 PIOc_freedecomp Enter - MemInfo: [malloc] Total space in use, mmap + non-mmap:         7759888 Byte
20220313 033951.523 INFO             PET0 PIOc_freedecomp Enter - MemInfo: [malloc] Total space held (mmap + non-mmap):         16814080 Byte
20220313 033951.523 INFO             PET0 PIOc_freedecomp Enter - MemInfo: [malloc] Total space used (mmap + non-mmap):          7768096 Byte
20220313 033951.523 INFO             PET0 PIOc_freedecomp Enter - MemInfo: Wall-clock time since execution start:             0.00910507 seconds
20220313 033951.523 INFO             PET0 PIOc_freedecomp Exit - MemInfo: [/proc/meminfo - SSI]	MemTotal:       527077124 kB
20220313 033951.523 INFO             PET0 PIOc_freedecomp Exit - MemInfo: [/proc/meminfo - SSI]	MemFree:        518418460 kB
20220313 033951.523 INFO             PET0 PIOc_freedecomp Exit - MemInfo: [/proc/meminfo - SSI]	MemAvailable:   517932300 kB
20220313 033951.523 INFO             PET0 PIOc_freedecomp Exit - MemInfo: [/proc/meminfo - SSI]	Committed_AS:    1614972 kB
20220313 033951.523 INFO             PET0 PIOc_freedecomp Exit - MemInfo: [/proc/meminfo - SSI]	CommittedPercent: 0.306401 %
20220313 033951.523 INFO             PET0 PIOc_freedecomp Exit - MemInfo: [/proc/self/status]	VmPeak:	  153684 kB
20220313 033951.523 INFO             PET0 PIOc_freedecomp Exit - MemInfo: [/proc/self/status]	VmSize:	  153684 kB
20220313 033951.523 INFO             PET0 PIOc_freedecomp Exit - MemInfo: [/proc/self/status]	VmLck:	       0 kB
20220313 033951.523 INFO             PET0 PIOc_freedecomp Exit - MemInfo: [/proc/self/status]	VmPin:	       0 kB
20220313 033951.523 INFO             PET0 PIOc_freedecomp Exit - MemInfo: [/proc/self/status]	VmHWM:	   33688 kB
20220313 033951.523 INFO             PET0 PIOc_freedecomp Exit - MemInfo: [/proc/self/status]	VmRSS:	   30704 kB
20220313 033951.523 INFO             PET0 PIOc_freedecomp Exit - MemInfo: [/proc/self/status]	VmData:	   20128 kB
20220313 033951.523 INFO             PET0 PIOc_freedecomp Exit - MemInfo: [/proc/self/status]	VmStk:	     156 kB
20220313 033951.523 INFO             PET0 PIOc_freedecomp Exit - MemInfo: [/proc/self/status]	VmExe:	     208 kB
20220313 033951.523 INFO             PET0 PIOc_freedecomp Exit - MemInfo: [/proc/self/status]	VmLib:	   77104 kB
20220313 033951.523 INFO             PET0 PIOc_freedecomp Exit - MemInfo: [/proc/self/status]	VmPTE:	     320 kB
20220313 033951.523 INFO             PET0 PIOc_freedecomp Exit - MemInfo: [/proc/self/status]	VmSwap:	       0 kB
20220313 033951.523 INFO             PET0 PIOc_freedecomp Exit - MemInfo: [/proc/self/status]	VmRSSPercent: 0.00582533 %
20220313 033951.523 INFO             PET0 PIOc_freedecomp Exit - MemInfo: [malloc] Non-mmapped space allocated:                10162176 Byte
20220313 033951.523 INFO             PET0 PIOc_freedecomp Exit - MemInfo: [malloc] Space allocated in mmapped regions:          6651904 Byte
20220313 033951.523 INFO             PET0 PIOc_freedecomp Exit - MemInfo: [malloc] Maximum total allocated space:                     0 Byte
20220313 033951.523 INFO             PET0 PIOc_freedecomp Exit - MemInfo: [malloc] Space in freed fastbin blocks:                   480 Byte
20220313 033951.523 INFO             PET0 PIOc_freedecomp Exit - MemInfo: [malloc] Total allocated space:                       1105392 Byte
20220313 033951.523 INFO             PET0 PIOc_freedecomp Exit - MemInfo: [malloc] Total free space:                            9056784 Byte
20220313 033951.523 INFO             PET0 PIOc_freedecomp Exit - MemInfo: [malloc] Top-most, releasable space:                   128416 Byte
20220313 033951.523 INFO             PET0 PIOc_freedecomp Exit - MemInfo: [malloc] Total space in use, mmap + non-mmap:         7757296 Byte
20220313 033951.523 INFO             PET0 PIOc_freedecomp Exit - MemInfo: [malloc] Total space held (mmap + non-mmap):         16814080 Byte
20220313 033951.523 INFO             PET0 PIOc_freedecomp Exit - MemInfo: [malloc] Total space used (mmap + non-mmap):          7765504 Byte
20220313 033951.523 INFO             PET0 PIOc_freedecomp Exit - MemInfo: Wall-clock time since execution start:             0.00929633 seconds
20220313 033951.524 INFO             PET0 PIOc_sync Enter - MemInfo: [/proc/meminfo - SSI]	MemTotal:       527077124 kB
20220313 033951.524 INFO             PET0 PIOc_sync Enter - MemInfo: [/proc/meminfo - SSI]	MemFree:        518417956 kB
20220313 033951.524 INFO             PET0 PIOc_sync Enter - MemInfo: [/proc/meminfo - SSI]	MemAvailable:   517931796 kB
20220313 033951.524 INFO             PET0 PIOc_sync Enter - MemInfo: [/proc/meminfo - SSI]	Committed_AS:    1614972 kB
20220313 033951.524 INFO             PET0 PIOc_sync Enter - MemInfo: [/proc/meminfo - SSI]	CommittedPercent: 0.306401 %
20220313 033951.524 INFO             PET0 PIOc_sync Enter - MemInfo: [/proc/self/status]	VmPeak:	  153684 kB
20220313 033951.524 INFO             PET0 PIOc_sync Enter - MemInfo: [/proc/self/status]	VmSize:	  153684 kB
20220313 033951.524 INFO             PET0 PIOc_sync Enter - MemInfo: [/proc/self/status]	VmLck:	       0 kB
20220313 033951.524 INFO             PET0 PIOc_sync Enter - MemInfo: [/proc/self/status]	VmPin:	       0 kB
20220313 033951.524 INFO             PET0 PIOc_sync Enter - MemInfo: [/proc/self/status]	VmHWM:	   33688 kB
20220313 033951.524 INFO             PET0 PIOc_sync Enter - MemInfo: [/proc/self/status]	VmRSS:	   30964 kB
20220313 033951.524 INFO             PET0 PIOc_sync Enter - MemInfo: [/proc/self/status]	VmData:	   20128 kB
20220313 033951.524 INFO             PET0 PIOc_sync Enter - MemInfo: [/proc/self/status]	VmStk:	     156 kB
20220313 033951.524 INFO             PET0 PIOc_sync Enter - MemInfo: [/proc/self/status]	VmExe:	     208 kB
20220313 033951.524 INFO             PET0 PIOc_sync Enter - MemInfo: [/proc/self/status]	VmLib:	   77104 kB
20220313 033951.524 INFO             PET0 PIOc_sync Enter - MemInfo: [/proc/self/status]	VmPTE:	     320 kB
20220313 033951.524 INFO             PET0 PIOc_sync Enter - MemInfo: [/proc/self/status]	VmSwap:	       0 kB
20220313 033951.524 INFO             PET0 PIOc_sync Enter - MemInfo: [/proc/self/status]	VmRSSPercent: 0.00587466 %
20220313 033951.524 INFO             PET0 PIOc_sync Enter - MemInfo: [malloc] Non-mmapped space allocated:                10162176 Byte
20220313 033951.524 INFO             PET0 PIOc_sync Enter - MemInfo: [malloc] Space allocated in mmapped regions:          6651904 Byte
20220313 033951.524 INFO             PET0 PIOc_sync Enter - MemInfo: [malloc] Maximum total allocated space:                     0 Byte
20220313 033951.524 INFO             PET0 PIOc_sync Enter - MemInfo: [malloc] Space in freed fastbin blocks:                   240 Byte
20220313 033951.524 INFO             PET0 PIOc_sync Enter - MemInfo: [malloc] Total allocated space:                      10035072 Byte
20220313 033951.524 INFO             PET0 PIOc_sync Enter - MemInfo: [malloc] Total free space:                             127104 Byte
20220313 033951.524 INFO             PET0 PIOc_sync Enter - MemInfo: [malloc] Top-most, releasable space:                   123168 Byte
20220313 033951.524 INFO             PET0 PIOc_sync Enter - MemInfo: [malloc] Total space in use, mmap + non-mmap:        16686976 Byte
20220313 033951.524 INFO             PET0 PIOc_sync Enter - MemInfo: [malloc] Total space held (mmap + non-mmap):         16814080 Byte
20220313 033951.524 INFO             PET0 PIOc_sync Enter - MemInfo: [malloc] Total space used (mmap + non-mmap):         16695296 Byte
20220313 033951.524 INFO             PET0 PIOc_sync Enter - MemInfo: Wall-clock time since execution start:              0.0101352 seconds
20220313 033951.524 INFO             PET0 PIOc_sync Exit - MemInfo: [/proc/meminfo - SSI]	MemTotal:       527077124 kB
20220313 033951.524 INFO             PET0 PIOc_sync Exit - MemInfo: [/proc/meminfo - SSI]	MemFree:        518417956 kB
20220313 033951.524 INFO             PET0 PIOc_sync Exit - MemInfo: [/proc/meminfo - SSI]	MemAvailable:   517931796 kB
20220313 033951.524 INFO             PET0 PIOc_sync Exit - MemInfo: [/proc/meminfo - SSI]	Committed_AS:    1614972 kB
20220313 033951.524 INFO             PET0 PIOc_sync Exit - MemInfo: [/proc/meminfo - SSI]	CommittedPercent: 0.306401 %
20220313 033951.524 INFO             PET0 PIOc_sync Exit - MemInfo: [/proc/self/status]	VmPeak:	  153684 kB
20220313 033951.524 INFO             PET0 PIOc_sync Exit - MemInfo: [/proc/self/status]	VmSize:	  153684 kB
20220313 033951.524 INFO             PET0 PIOc_sync Exit - MemInfo: [/proc/self/status]	VmLck:	       0 kB
20220313 033951.524 INFO             PET0 PIOc_sync Exit - MemInfo: [/proc/self/status]	VmPin:	       0 kB
20220313 033951.524 INFO             PET0 PIOc_sync Exit - MemInfo: [/proc/self/status]	VmHWM:	   33688 kB
20220313 033951.524 INFO             PET0 PIOc_sync Exit - MemInfo: [/proc/self/status]	VmRSS:	   30964 kB
20220313 033951.524 INFO             PET0 PIOc_sync Exit - MemInfo: [/proc/self/status]	VmData:	   20128 kB
20220313 033951.524 INFO             PET0 PIOc_sync Exit - MemInfo: [/proc/self/status]	VmStk:	     156 kB
20220313 033951.524 INFO             PET0 PIOc_sync Exit - MemInfo: [/proc/self/status]	VmExe:	     208 kB
20220313 033951.524 INFO             PET0 PIOc_sync Exit - MemInfo: [/proc/self/status]	VmLib:	   77104 kB
20220313 033951.524 INFO             PET0 PIOc_sync Exit - MemInfo: [/proc/self/status]	VmPTE:	     320 kB
20220313 033951.524 INFO             PET0 PIOc_sync Exit - MemInfo: [/proc/self/status]	VmSwap:	       0 kB
20220313 033951.524 INFO             PET0 PIOc_sync Exit - MemInfo: [/proc/self/status]	VmRSSPercent: 0.00587466 %
20220313 033951.524 INFO             PET0 PIOc_sync Exit - MemInfo: [malloc] Non-mmapped space allocated:                10162176 Byte
20220313 033951.524 INFO             PET0 PIOc_sync Exit - MemInfo: [malloc] Space allocated in mmapped regions:          6651904 Byte
20220313 033951.524 INFO             PET0 PIOc_sync Exit - MemInfo: [malloc] Maximum total allocated space:                     0 Byte
20220313 033951.524 INFO             PET0 PIOc_sync Exit - MemInfo: [malloc] Space in freed fastbin blocks:                     0 Byte
20220313 033951.524 INFO             PET0 PIOc_sync Exit - MemInfo: [malloc] Total allocated space:                      10035472 Byte
20220313 033951.524 INFO             PET0 PIOc_sync Exit - MemInfo: [malloc] Total free space:                             126704 Byte
20220313 033951.524 INFO             PET0 PIOc_sync Exit - MemInfo: [malloc] Top-most, releasable space:                   122944 Byte
20220313 033951.524 INFO             PET0 PIOc_sync Exit - MemInfo: [malloc] Total space in use, mmap + non-mmap:        16687376 Byte
20220313 033951.524 INFO             PET0 PIOc_sync Exit - MemInfo: [malloc] Total space held (mmap + non-mmap):         16814080 Byte
20220313 033951.524 INFO             PET0 PIOc_sync Exit - MemInfo: [malloc] Total space used (mmap + non-mmap):         16695584 Byte
20220313 033951.524 INFO             PET0 PIOc_sync Exit - MemInfo: Wall-clock time since execution start:              0.0103398 seconds
20220313 033951.524 INFO             PET0 PIOc_freedecomp Enter - MemInfo: [/proc/meminfo - SSI]	MemTotal:       527077124 kB
20220313 033951.524 INFO             PET0 PIOc_freedecomp Enter - MemInfo: [/proc/meminfo - SSI]	MemFree:        518417956 kB
20220313 033951.524 INFO             PET0 PIOc_freedecomp Enter - MemInfo: [/proc/meminfo - SSI]	MemAvailable:   517931796 kB
20220313 033951.524 INFO             PET0 PIOc_freedecomp Enter - MemInfo: [/proc/meminfo - SSI]	Committed_AS:    1614972 kB
20220313 033951.524 INFO             PET0 PIOc_freedecomp Enter - MemInfo: [/proc/meminfo - SSI]	CommittedPercent: 0.306401 %
20220313 033951.524 INFO             PET0 PIOc_freedecomp Enter - MemInfo: [/proc/self/status]	VmPeak:	  153684 kB
20220313 033951.524 INFO             PET0 PIOc_freedecomp Enter - MemInfo: [/proc/self/status]	VmSize:	  153684 kB
20220313 033951.524 INFO             PET0 PIOc_freedecomp Enter - MemInfo: [/proc/self/status]	VmLck:	       0 kB
20220313 033951.524 INFO             PET0 PIOc_freedecomp Enter - MemInfo: [/proc/self/status]	VmPin:	       0 kB
20220313 033951.524 INFO             PET0 PIOc_freedecomp Enter - MemInfo: [/proc/self/status]	VmHWM:	   33688 kB
20220313 033951.524 INFO             PET0 PIOc_freedecomp Enter - MemInfo: [/proc/self/status]	VmRSS:	   30964 kB
20220313 033951.524 INFO             PET0 PIOc_freedecomp Enter - MemInfo: [/proc/self/status]	VmData:	   20128 kB
20220313 033951.524 INFO             PET0 PIOc_freedecomp Enter - MemInfo: [/proc/self/status]	VmStk:	     156 kB
20220313 033951.524 INFO             PET0 PIOc_freedecomp Enter - MemInfo: [/proc/self/status]	VmExe:	     208 kB
20220313 033951.524 INFO             PET0 PIOc_freedecomp Enter - MemInfo: [/proc/self/status]	VmLib:	   77104 kB
20220313 033951.524 INFO             PET0 PIOc_freedecomp Enter - MemInfo: [/proc/self/status]	VmPTE:	     320 kB
20220313 033951.524 INFO             PET0 PIOc_freedecomp Enter - MemInfo: [/proc/self/status]	VmSwap:	       0 kB
20220313 033951.524 INFO             PET0 PIOc_freedecomp Enter - MemInfo: [/proc/self/status]	VmRSSPercent: 0.00587466 %
20220313 033951.524 INFO             PET0 PIOc_freedecomp Enter - MemInfo: [malloc] Non-mmapped space allocated:                10162176 Byte
20220313 033951.524 INFO             PET0 PIOc_freedecomp Enter - MemInfo: [malloc] Space allocated in mmapped regions:          6651904 Byte
20220313 033951.524 INFO             PET0 PIOc_freedecomp Enter - MemInfo: [malloc] Maximum total allocated space:                     0 Byte
20220313 033951.524 INFO             PET0 PIOc_freedecomp Enter - MemInfo: [malloc] Space in freed fastbin blocks:                   144 Byte
20220313 033951.524 INFO             PET0 PIOc_freedecomp Enter - MemInfo: [malloc] Total allocated space:                       1110864 Byte
20220313 033951.524 INFO             PET0 PIOc_freedecomp Enter - MemInfo: [malloc] Total free space:                            9051312 Byte
20220313 033951.524 INFO             PET0 PIOc_freedecomp Enter - MemInfo: [malloc] Top-most, releasable space:                   122720 Byte
20220313 033951.524 INFO             PET0 PIOc_freedecomp Enter - MemInfo: [malloc] Total space in use, mmap + non-mmap:         7762768 Byte
20220313 033951.524 INFO             PET0 PIOc_freedecomp Enter - MemInfo: [malloc] Total space held (mmap + non-mmap):         16814080 Byte
20220313 033951.524 INFO             PET0 PIOc_freedecomp Enter - MemInfo: [malloc] Total space used (mmap + non-mmap):          7770976 Byte
20220313 033951.524 INFO             PET0 PIOc_freedecomp Enter - MemInfo: Wall-clock time since execution start:              0.0106037 seconds
20220313 033951.524 INFO             PET0 PIOc_freedecomp Exit - MemInfo: [/proc/meminfo - SSI]	MemTotal:       527077124 kB
20220313 033951.524 INFO             PET0 PIOc_freedecomp Exit - MemInfo: [/proc/meminfo - SSI]	MemFree:        518417956 kB
20220313 033951.524 INFO             PET0 PIOc_freedecomp Exit - MemInfo: [/proc/meminfo - SSI]	MemAvailable:   517931796 kB
20220313 033951.524 INFO             PET0 PIOc_freedecomp Exit - MemInfo: [/proc/meminfo - SSI]	Committed_AS:    1614972 kB
20220313 033951.524 INFO             PET0 PIOc_freedecomp Exit - MemInfo: [/proc/meminfo - SSI]	CommittedPercent: 0.306401 %
20220313 033951.524 INFO             PET0 PIOc_freedecomp Exit - MemInfo: [/proc/self/status]	VmPeak:	  153684 kB
20220313 033951.524 INFO             PET0 PIOc_freedecomp Exit - MemInfo: [/proc/self/status]	VmSize:	  153684 kB
20220313 033951.524 INFO             PET0 PIOc_freedecomp Exit - MemInfo: [/proc/self/status]	VmLck:	       0 kB
20220313 033951.524 INFO             PET0 PIOc_freedecomp Exit - MemInfo: [/proc/self/status]	VmPin:	       0 kB
20220313 033951.524 INFO             PET0 PIOc_freedecomp Exit - MemInfo: [/proc/self/status]	VmHWM:	   33688 kB
20220313 033951.524 INFO             PET0 PIOc_freedecomp Exit - MemInfo: [/proc/self/status]	VmRSS:	   30964 kB
20220313 033951.524 INFO             PET0 PIOc_freedecomp Exit - MemInfo: [/proc/self/status]	VmData:	   20128 kB
20220313 033951.524 INFO             PET0 PIOc_freedecomp Exit - MemInfo: [/proc/self/status]	VmStk:	     156 kB
20220313 033951.524 INFO             PET0 PIOc_freedecomp Exit - MemInfo: [/proc/self/status]	VmExe:	     208 kB
20220313 033951.524 INFO             PET0 PIOc_freedecomp Exit - MemInfo: [/proc/self/status]	VmLib:	   77104 kB
20220313 033951.524 INFO             PET0 PIOc_freedecomp Exit - MemInfo: [/proc/self/status]	VmPTE:	     320 kB
20220313 033951.525 INFO             PET0 PIOc_freedecomp Exit - MemInfo: [/proc/self/status]	VmSwap:	       0 kB
20220313 033951.525 INFO             PET0 PIOc_freedecomp Exit - MemInfo: [/proc/self/status]	VmRSSPercent: 0.00587466 %
20220313 033951.525 INFO             PET0 PIOc_freedecomp Exit - MemInfo: [malloc] Non-mmapped space allocated:                10162176 Byte
20220313 033951.525 INFO             PET0 PIOc_freedecomp Exit - MemInfo: [malloc] Space allocated in mmapped regions:          6651904 Byte
20220313 033951.525 INFO             PET0 PIOc_freedecomp Exit - MemInfo: [malloc] Maximum total allocated space:                     0 Byte
20220313 033951.525 INFO             PET0 PIOc_freedecomp Exit - MemInfo: [malloc] Space in freed fastbin blocks:                   576 Byte
20220313 033951.525 INFO             PET0 PIOc_freedecomp Exit - MemInfo: [malloc] Total allocated space:                       1108176 Byte
20220313 033951.525 INFO             PET0 PIOc_freedecomp Exit - MemInfo: [malloc] Total free space:                            9054000 Byte
20220313 033951.525 INFO             PET0 PIOc_freedecomp Exit - MemInfo: [malloc] Top-most, releasable space:                   128416 Byte
20220313 033951.525 INFO             PET0 PIOc_freedecomp Exit - MemInfo: [malloc] Total space in use, mmap + non-mmap:         7760080 Byte
20220313 033951.525 INFO             PET0 PIOc_freedecomp Exit - MemInfo: [malloc] Total space held (mmap + non-mmap):         16814080 Byte
20220313 033951.525 INFO             PET0 PIOc_freedecomp Exit - MemInfo: [malloc] Total space used (mmap + non-mmap):          7768288 Byte
20220313 033951.525 INFO             PET0 PIOc_freedecomp Exit - MemInfo: Wall-clock time since execution start:              0.0107861 seconds
20220313 033951.525 INFO             PET0 PASS Create an ESMC_RouteHandle via ESMC_FieldRegridStore(), ESMC_FieldRegridUTest.C, line 367
20220313 033951.525 INFO             PET0 PASS Execute ESMC_FieldRegrid(), ESMC_FieldRegridUTest.C, line 375
20220313 033951.526 INFO             PET0 PIOc_sync Enter - MemInfo: [/proc/meminfo - SSI]	MemTotal:       527077124 kB
20220313 033951.526 INFO             PET0 PIOc_sync Enter - MemInfo: [/proc/meminfo - SSI]	MemFree:        518409796 kB
20220313 033951.526 INFO             PET0 PIOc_sync Enter - MemInfo: [/proc/meminfo - SSI]	MemAvailable:   517923636 kB
20220313 033951.526 INFO             PET0 PIOc_sync Enter - MemInfo: [/proc/meminfo - SSI]	Committed_AS:    1623168 kB
20220313 033951.526 INFO             PET0 PIOc_sync Enter - MemInfo: [/proc/meminfo - SSI]	CommittedPercent: 0.307956 %
20220313 033951.526 INFO             PET0 PIOc_sync Enter - MemInfo: [/proc/self/status]	VmPeak:	  161880 kB
20220313 033951.526 INFO             PET0 PIOc_sync Enter - MemInfo: [/proc/self/status]	VmSize:	  161880 kB
20220313 033951.526 INFO             PET0 PIOc_sync Enter - MemInfo: [/proc/self/status]	VmLck:	       0 kB
20220313 033951.526 INFO             PET0 PIOc_sync Enter - MemInfo: [/proc/self/status]	VmPin:	       0 kB
20220313 033951.526 INFO             PET0 PIOc_sync Enter - MemInfo: [/proc/self/status]	VmHWM:	   39208 kB
20220313 033951.526 INFO             PET0 PIOc_sync Enter - MemInfo: [/proc/self/status]	VmRSS:	   39208 kB
20220313 033951.526 INFO             PET0 PIOc_sync Enter - MemInfo: [/proc/self/status]	VmData:	   28324 kB
20220313 033951.526 INFO             PET0 PIOc_sync Enter - MemInfo: [/proc/self/status]	VmStk:	     156 kB
20220313 033951.526 INFO             PET0 PIOc_sync Enter - MemInfo: [/proc/self/status]	VmExe:	     208 kB
20220313 033951.526 INFO             PET0 PIOc_sync Enter - MemInfo: [/proc/self/status]	VmLib:	   77104 kB
20220313 033951.526 INFO             PET0 PIOc_sync Enter - MemInfo: [/proc/self/status]	VmPTE:	     336 kB
20220313 033951.526 INFO             PET0 PIOc_sync Enter - MemInfo: [/proc/self/status]	VmSwap:	       0 kB
20220313 033951.526 INFO             PET0 PIOc_sync Enter - MemInfo: [/proc/self/status]	VmRSSPercent: 0.00743876 %
20220313 033951.527 INFO             PET0 PIOc_sync Enter - MemInfo: [malloc] Non-mmapped space allocated:                18554880 Byte
20220313 033951.527 INFO             PET0 PIOc_sync Enter - MemInfo: [malloc] Space allocated in mmapped regions:          6651904 Byte
20220313 033951.527 INFO             PET0 PIOc_sync Enter - MemInfo: [malloc] Maximum total allocated space:                     0 Byte
20220313 033951.527 INFO             PET0 PIOc_sync Enter - MemInfo: [malloc] Space in freed fastbin blocks:                     0 Byte
20220313 033951.527 INFO             PET0 PIOc_sync Enter - MemInfo: [malloc] Total allocated space:                      10043888 Byte
20220313 033951.527 INFO             PET0 PIOc_sync Enter - MemInfo: [malloc] Total free space:                            8510992 Byte
20220313 033951.527 INFO             PET0 PIOc_sync Enter - MemInfo: [malloc] Top-most, releasable space:                   132496 Byte
20220313 033951.527 INFO             PET0 PIOc_sync Enter - MemInfo: [malloc] Total space in use, mmap + non-mmap:        16695792 Byte
20220313 033951.527 INFO             PET0 PIOc_sync Enter - MemInfo: [malloc] Total space held (mmap + non-mmap):         25206784 Byte
20220313 033951.527 INFO             PET0 PIOc_sync Enter - MemInfo: [malloc] Total space used (mmap + non-mmap):         16704000 Byte
20220313 033951.527 INFO             PET0 PIOc_sync Enter - MemInfo: Wall-clock time since execution start:              0.0127853 seconds
20220313 033951.527 INFO             PET0 PIOc_sync Exit - MemInfo: [/proc/meminfo - SSI]	MemTotal:       527077124 kB
20220313 033951.527 INFO             PET0 PIOc_sync Exit - MemInfo: [/proc/meminfo - SSI]	MemFree:        518409592 kB
20220313 033951.527 INFO             PET0 PIOc_sync Exit - MemInfo: [/proc/meminfo - SSI]	MemAvailable:   517923424 kB
20220313 033951.527 INFO             PET0 PIOc_sync Exit - MemInfo: [/proc/meminfo - SSI]	Committed_AS:    1623168 kB
20220313 033951.527 INFO             PET0 PIOc_sync Exit - MemInfo: [/proc/meminfo - SSI]	CommittedPercent: 0.307956 %
20220313 033951.527 INFO             PET0 PIOc_sync Exit - MemInfo: [/proc/self/status]	VmPeak:	  161880 kB
20220313 033951.527 INFO             PET0 PIOc_sync Exit - MemInfo: [/proc/self/status]	VmSize:	  161880 kB
20220313 033951.527 INFO             PET0 PIOc_sync Exit - MemInfo: [/proc/self/status]	VmLck:	       0 kB
20220313 033951.527 INFO             PET0 PIOc_sync Exit - MemInfo: [/proc/self/status]	VmPin:	       0 kB
20220313 033951.527 INFO             PET0 PIOc_sync Exit - MemInfo: [/proc/self/status]	VmHWM:	   39208 kB
20220313 033951.527 INFO             PET0 PIOc_sync Exit - MemInfo: [/proc/self/status]	VmRSS:	   39208 kB
20220313 033951.527 INFO             PET0 PIOc_sync Exit - MemInfo: [/proc/self/status]	VmData:	   28324 kB
20220313 033951.527 INFO             PET0 PIOc_sync Exit - MemInfo: [/proc/self/status]	VmStk:	     156 kB
20220313 033951.527 INFO             PET0 PIOc_sync Exit - MemInfo: [/proc/self/status]	VmExe:	     208 kB
20220313 033951.527 INFO             PET0 PIOc_sync Exit - MemInfo: [/proc/self/status]	VmLib:	   77104 kB
20220313 033951.527 INFO             PET0 PIOc_sync Exit - MemInfo: [/proc/self/status]	VmPTE:	     336 kB
20220313 033951.527 INFO             PET0 PIOc_sync Exit - MemInfo: [/proc/self/status]	VmSwap:	       0 kB
20220313 033951.527 INFO             PET0 PIOc_sync Exit - MemInfo: [/proc/self/status]	VmRSSPercent: 0.00743876 %
20220313 033951.527 INFO             PET0 PIOc_sync Exit - MemInfo: [malloc] Non-mmapped space allocated:                18554880 Byte
20220313 033951.527 INFO             PET0 PIOc_sync Exit - MemInfo: [malloc] Space allocated in mmapped regions:          6651904 Byte
20220313 033951.527 INFO             PET0 PIOc_sync Exit - MemInfo: [malloc] Maximum total allocated space:                     0 Byte
20220313 033951.527 INFO             PET0 PIOc_sync Exit - MemInfo: [malloc] Space in freed fastbin blocks:                     0 Byte
20220313 033951.527 INFO             PET0 PIOc_sync Exit - MemInfo: [malloc] Total allocated space:                      10043632 Byte
20220313 033951.527 INFO             PET0 PIOc_sync Exit - MemInfo: [malloc] Total free space:                            8511248 Byte
20220313 033951.527 INFO             PET0 PIOc_sync Exit - MemInfo: [malloc] Top-most, releasable space:                   132496 Byte
20220313 033951.527 INFO             PET0 PIOc_sync Exit - MemInfo: [malloc] Total space in use, mmap + non-mmap:        16695536 Byte
20220313 033951.527 INFO             PET0 PIOc_sync Exit - MemInfo: [malloc] Total space held (mmap + non-mmap):         25206784 Byte
20220313 033951.527 INFO             PET0 PIOc_sync Exit - MemInfo: [malloc] Total space used (mmap + non-mmap):         16703744 Byte
20220313 033951.527 INFO             PET0 PIOc_sync Exit - MemInfo: Wall-clock time since execution start:              0.0129899 seconds
20220313 033951.527 INFO             PET0 PIOc_freedecomp Enter - MemInfo: [/proc/meminfo - SSI]	MemTotal:       527077124 kB
20220313 033951.527 INFO             PET0 PIOc_freedecomp Enter - MemInfo: [/proc/meminfo - SSI]	MemFree:        518410056 kB
20220313 033951.527 INFO             PET0 PIOc_freedecomp Enter - MemInfo: [/proc/meminfo - SSI]	MemAvailable:   517923888 kB
20220313 033951.527 INFO             PET0 PIOc_freedecomp Enter - MemInfo: [/proc/meminfo - SSI]	Committed_AS:    1623168 kB
20220313 033951.527 INFO             PET0 PIOc_freedecomp Enter - MemInfo: [/proc/meminfo - SSI]	CommittedPercent: 0.307956 %
20220313 033951.527 INFO             PET0 PIOc_freedecomp Enter - MemInfo: [/proc/self/status]	VmPeak:	  161880 kB
20220313 033951.527 INFO             PET0 PIOc_freedecomp Enter - MemInfo: [/proc/self/status]	VmSize:	  161880 kB
20220313 033951.527 INFO             PET0 PIOc_freedecomp Enter - MemInfo: [/proc/self/status]	VmLck:	       0 kB
20220313 033951.527 INFO             PET0 PIOc_freedecomp Enter - MemInfo: [/proc/self/status]	VmPin:	       0 kB
20220313 033951.527 INFO             PET0 PIOc_freedecomp Enter - MemInfo: [/proc/self/status]	VmHWM:	   39208 kB
20220313 033951.527 INFO             PET0 PIOc_freedecomp Enter - MemInfo: [/proc/self/status]	VmRSS:	   39208 kB
20220313 033951.527 INFO             PET0 PIOc_freedecomp Enter - MemInfo: [/proc/self/status]	VmData:	   28324 kB
20220313 033951.527 INFO             PET0 PIOc_freedecomp Enter - MemInfo: [/proc/self/status]	VmStk:	     156 kB
20220313 033951.527 INFO             PET0 PIOc_freedecomp Enter - MemInfo: [/proc/self/status]	VmExe:	     208 kB
20220313 033951.527 INFO             PET0 PIOc_freedecomp Enter - MemInfo: [/proc/self/status]	VmLib:	   77104 kB
20220313 033951.527 INFO             PET0 PIOc_freedecomp Enter - MemInfo: [/proc/self/status]	VmPTE:	     336 kB
20220313 033951.527 INFO             PET0 PIOc_freedecomp Enter - MemInfo: [/proc/self/status]	VmSwap:	       0 kB
20220313 033951.527 INFO             PET0 PIOc_freedecomp Enter - MemInfo: [/proc/self/status]	VmRSSPercent: 0.00743876 %
20220313 033951.527 INFO             PET0 PIOc_freedecomp Enter - MemInfo: [malloc] Non-mmapped space allocated:                18554880 Byte
20220313 033951.527 INFO             PET0 PIOc_freedecomp Enter - MemInfo: [malloc] Space allocated in mmapped regions:          6651904 Byte
20220313 033951.527 INFO             PET0 PIOc_freedecomp Enter - MemInfo: [malloc] Maximum total allocated space:                     0 Byte
20220313 033951.527 INFO             PET0 PIOc_freedecomp Enter - MemInfo: [malloc] Space in freed fastbin blocks:                    64 Byte
20220313 033951.527 INFO             PET0 PIOc_freedecomp Enter - MemInfo: [malloc] Total allocated space:                       1118304 Byte
20220313 033951.527 INFO             PET0 PIOc_freedecomp Enter - MemInfo: [malloc] Total free space:                           17436576 Byte
20220313 033951.527 INFO             PET0 PIOc_freedecomp Enter - MemInfo: [malloc] Top-most, releasable space:                  8521120 Byte
20220313 033951.527 INFO             PET0 PIOc_freedecomp Enter - MemInfo: [malloc] Total space in use, mmap + non-mmap:         7770208 Byte
20220313 033951.527 INFO             PET0 PIOc_freedecomp Enter - MemInfo: [malloc] Total space held (mmap + non-mmap):         25206784 Byte
20220313 033951.527 INFO             PET0 PIOc_freedecomp Enter - MemInfo: [malloc] Total space used (mmap + non-mmap):          7778416 Byte
20220313 033951.527 INFO             PET0 PIOc_freedecomp Enter - MemInfo: Wall-clock time since execution start:              0.0132619 seconds
20220313 033951.527 INFO             PET0 PIOc_freedecomp Exit - MemInfo: [/proc/meminfo - SSI]	MemTotal:       527077124 kB
20220313 033951.527 INFO             PET0 PIOc_freedecomp Exit - MemInfo: [/proc/meminfo - SSI]	MemFree:        518410056 kB
20220313 033951.527 INFO             PET0 PIOc_freedecomp Exit - MemInfo: [/proc/meminfo - SSI]	MemAvailable:   517923888 kB
20220313 033951.527 INFO             PET0 PIOc_freedecomp Exit - MemInfo: [/proc/meminfo - SSI]	Committed_AS:    1623168 kB
20220313 033951.527 INFO             PET0 PIOc_freedecomp Exit - MemInfo: [/proc/meminfo - SSI]	CommittedPercent: 0.307956 %
20220313 033951.527 INFO             PET0 PIOc_freedecomp Exit - MemInfo: [/proc/self/status]	VmPeak:	  161880 kB
20220313 033951.527 INFO             PET0 PIOc_freedecomp Exit - MemInfo: [/proc/self/status]	VmSize:	  161880 kB
20220313 033951.527 INFO             PET0 PIOc_freedecomp Exit - MemInfo: [/proc/self/status]	VmLck:	       0 kB
20220313 033951.527 INFO             PET0 PIOc_freedecomp Exit - MemInfo: [/proc/self/status]	VmPin:	       0 kB
20220313 033951.527 INFO             PET0 PIOc_freedecomp Exit - MemInfo: [/proc/self/status]	VmHWM:	   39208 kB
20220313 033951.527 INFO             PET0 PIOc_freedecomp Exit - MemInfo: [/proc/self/status]	VmRSS:	   39208 kB
20220313 033951.527 INFO             PET0 PIOc_freedecomp Exit - MemInfo: [/proc/self/status]	VmData:	   28324 kB
20220313 033951.527 INFO             PET0 PIOc_freedecomp Exit - MemInfo: [/proc/self/status]	VmStk:	     156 kB
20220313 033951.527 INFO             PET0 PIOc_freedecomp Exit - MemInfo: [/proc/self/status]	VmExe:	     208 kB
20220313 033951.527 INFO             PET0 PIOc_freedecomp Exit - MemInfo: [/proc/self/status]	VmLib:	   77104 kB
20220313 033951.527 INFO             PET0 PIOc_freedecomp Exit - MemInfo: [/proc/self/status]	VmPTE:	     336 kB
20220313 033951.527 INFO             PET0 PIOc_freedecomp Exit - MemInfo: [/proc/self/status]	VmSwap:	       0 kB
20220313 033951.527 INFO             PET0 PIOc_freedecomp Exit - MemInfo: [/proc/self/status]	VmRSSPercent: 0.00743876 %
20220313 033951.527 INFO             PET0 PIOc_freedecomp Exit - MemInfo: [malloc] Non-mmapped space allocated:                18554880 Byte
20220313 033951.527 INFO             PET0 PIOc_freedecomp Exit - MemInfo: [malloc] Space allocated in mmapped regions:          6651904 Byte
20220313 033951.527 INFO             PET0 PIOc_freedecomp Exit - MemInfo: [malloc] Maximum total allocated space:                     0 Byte
20220313 033951.527 INFO             PET0 PIOc_freedecomp Exit - MemInfo: [malloc] Space in freed fastbin blocks:                   592 Byte
20220313 033951.527 INFO             PET0 PIOc_freedecomp Exit - MemInfo: [malloc] Total allocated space:                       1117184 Byte
20220313 033951.527 INFO             PET0 PIOc_freedecomp Exit - MemInfo: [malloc] Total free space:                           17437696 Byte
20220313 033951.527 INFO             PET0 PIOc_freedecomp Exit - MemInfo: [malloc] Top-most, releasable space:                  8521120 Byte
20220313 033951.527 INFO             PET0 PIOc_freedecomp Exit - MemInfo: [malloc] Total space in use, mmap + non-mmap:         7769088 Byte
20220313 033951.527 INFO             PET0 PIOc_freedecomp Exit - MemInfo: [malloc] Total space held (mmap + non-mmap):         25206784 Byte
20220313 033951.527 INFO             PET0 PIOc_freedecomp Exit - MemInfo: [malloc] Total space used (mmap + non-mmap):          7777296 Byte
20220313 033951.527 INFO             PET0 PIOc_freedecomp Exit - MemInfo: Wall-clock time since execution start:              0.0134482 seconds
20220313 033951.528 INFO             PET0 PIOc_sync Enter - MemInfo: [/proc/meminfo - SSI]	MemTotal:       527077124 kB
20220313 033951.528 INFO             PET0 PIOc_sync Enter - MemInfo: [/proc/meminfo - SSI]	MemFree:        518410056 kB
20220313 033951.528 INFO             PET0 PIOc_sync Enter - MemInfo: [/proc/meminfo - SSI]	MemAvailable:   517923888 kB
20220313 033951.528 INFO             PET0 PIOc_sync Enter - MemInfo: [/proc/meminfo - SSI]	Committed_AS:    1623168 kB
20220313 033951.528 INFO             PET0 PIOc_sync Enter - MemInfo: [/proc/meminfo - SSI]	CommittedPercent: 0.307956 %
20220313 033951.528 INFO             PET0 PIOc_sync Enter - MemInfo: [/proc/self/status]	VmPeak:	  161880 kB
20220313 033951.528 INFO             PET0 PIOc_sync Enter - MemInfo: [/proc/self/status]	VmSize:	  161880 kB
20220313 033951.528 INFO             PET0 PIOc_sync Enter - MemInfo: [/proc/self/status]	VmLck:	       0 kB
20220313 033951.528 INFO             PET0 PIOc_sync Enter - MemInfo: [/proc/self/status]	VmPin:	       0 kB
20220313 033951.528 INFO             PET0 PIOc_sync Enter - MemInfo: [/proc/self/status]	VmHWM:	   39208 kB
20220313 033951.528 INFO             PET0 PIOc_sync Enter - MemInfo: [/proc/self/status]	VmRSS:	   39208 kB
20220313 033951.528 INFO             PET0 PIOc_sync Enter - MemInfo: [/proc/self/status]	VmData:	   28324 kB
20220313 033951.528 INFO             PET0 PIOc_sync Enter - MemInfo: [/proc/self/status]	VmStk:	     156 kB
20220313 033951.528 INFO             PET0 PIOc_sync Enter - MemInfo: [/proc/self/status]	VmExe:	     208 kB
20220313 033951.528 INFO             PET0 PIOc_sync Enter - MemInfo: [/proc/self/status]	VmLib:	   77104 kB
20220313 033951.528 INFO             PET0 PIOc_sync Enter - MemInfo: [/proc/self/status]	VmPTE:	     336 kB
20220313 033951.528 INFO             PET0 PIOc_sync Enter - MemInfo: [/proc/self/status]	VmSwap:	       0 kB
20220313 033951.528 INFO             PET0 PIOc_sync Enter - MemInfo: [/proc/self/status]	VmRSSPercent: 0.00743876 %
20220313 033951.528 INFO             PET0 PIOc_sync Enter - MemInfo: [malloc] Non-mmapped space allocated:                18554880 Byte
20220313 033951.528 INFO             PET0 PIOc_sync Enter - MemInfo: [malloc] Space allocated in mmapped regions:          6651904 Byte
20220313 033951.528 INFO             PET0 PIOc_sync Enter - MemInfo: [malloc] Maximum total allocated space:                     0 Byte
20220313 033951.528 INFO             PET0 PIOc_sync Enter - MemInfo: [malloc] Space in freed fastbin blocks:                   448 Byte
20220313 033951.528 INFO             PET0 PIOc_sync Enter - MemInfo: [malloc] Total allocated space:                      10045376 Byte
20220313 033951.528 INFO             PET0 PIOc_sync Enter - MemInfo: [malloc] Total free space:                            8509504 Byte
20220313 033951.528 INFO             PET0 PIOc_sync Enter - MemInfo: [malloc] Top-most, releasable space:                   132496 Byte
20220313 033951.528 INFO             PET0 PIOc_sync Enter - MemInfo: [malloc] Total space in use, mmap + non-mmap:        16697280 Byte
20220313 033951.528 INFO             PET0 PIOc_sync Enter - MemInfo: [malloc] Total space held (mmap + non-mmap):         25206784 Byte
20220313 033951.528 INFO             PET0 PIOc_sync Enter - MemInfo: [malloc] Total space used (mmap + non-mmap):         16705488 Byte
20220313 033951.528 INFO             PET0 PIOc_sync Enter - MemInfo: Wall-clock time since execution start:              0.0143276 seconds
20220313 033951.528 INFO             PET0 PIOc_sync Exit - MemInfo: [/proc/meminfo - SSI]	MemTotal:       527077124 kB
20220313 033951.528 INFO             PET0 PIOc_sync Exit - MemInfo: [/proc/meminfo - SSI]	MemFree:        518410056 kB
20220313 033951.528 INFO             PET0 PIOc_sync Exit - MemInfo: [/proc/meminfo - SSI]	MemAvailable:   517923888 kB
20220313 033951.528 INFO             PET0 PIOc_sync Exit - MemInfo: [/proc/meminfo - SSI]	Committed_AS:    1623168 kB
20220313 033951.528 INFO             PET0 PIOc_sync Exit - MemInfo: [/proc/meminfo - SSI]	CommittedPercent: 0.307956 %
20220313 033951.528 INFO             PET0 PIOc_sync Exit - MemInfo: [/proc/self/status]	VmPeak:	  161880 kB
20220313 033951.528 INFO             PET0 PIOc_sync Exit - MemInfo: [/proc/self/status]	VmSize:	  161880 kB
20220313 033951.528 INFO             PET0 PIOc_sync Exit - MemInfo: [/proc/self/status]	VmLck:	       0 kB
20220313 033951.528 INFO             PET0 PIOc_sync Exit - MemInfo: [/proc/self/status]	VmPin:	       0 kB
20220313 033951.528 INFO             PET0 PIOc_sync Exit - MemInfo: [/proc/self/status]	VmHWM:	   39208 kB
20220313 033951.528 INFO             PET0 PIOc_sync Exit - MemInfo: [/proc/self/status]	VmRSS:	   39208 kB
20220313 033951.528 INFO             PET0 PIOc_sync Exit - MemInfo: [/proc/self/status]	VmData:	   28324 kB
20220313 033951.528 INFO             PET0 PIOc_sync Exit - MemInfo: [/proc/self/status]	VmStk:	     156 kB
20220313 033951.528 INFO             PET0 PIOc_sync Exit - MemInfo: [/proc/self/status]	VmExe:	     208 kB
20220313 033951.528 INFO             PET0 PIOc_sync Exit - MemInfo: [/proc/self/status]	VmLib:	   77104 kB
20220313 033951.528 INFO             PET0 PIOc_sync Exit - MemInfo: [/proc/self/status]	VmPTE:	     336 kB
20220313 033951.528 INFO             PET0 PIOc_sync Exit - MemInfo: [/proc/self/status]	VmSwap:	       0 kB
20220313 033951.528 INFO             PET0 PIOc_sync Exit - MemInfo: [/proc/self/status]	VmRSSPercent: 0.00743876 %
20220313 033951.528 INFO             PET0 PIOc_sync Exit - MemInfo: [malloc] Non-mmapped space allocated:                18554880 Byte
20220313 033951.528 INFO             PET0 PIOc_sync Exit - MemInfo: [malloc] Space allocated in mmapped regions:          6651904 Byte
20220313 033951.528 INFO             PET0 PIOc_sync Exit - MemInfo: [malloc] Maximum total allocated space:                     0 Byte
20220313 033951.528 INFO             PET0 PIOc_sync Exit - MemInfo: [malloc] Space in freed fastbin blocks:                     0 Byte
20220313 033951.528 INFO             PET0 PIOc_sync Exit - MemInfo: [malloc] Total allocated space:                      10045248 Byte
20220313 033951.528 INFO             PET0 PIOc_sync Exit - MemInfo: [malloc] Total free space:                            8509632 Byte
20220313 033951.528 INFO             PET0 PIOc_sync Exit - MemInfo: [malloc] Top-most, releasable space:                   132496 Byte
20220313 033951.528 INFO             PET0 PIOc_sync Exit - MemInfo: [malloc] Total space in use, mmap + non-mmap:        16697152 Byte
20220313 033951.528 INFO             PET0 PIOc_sync Exit - MemInfo: [malloc] Total space held (mmap + non-mmap):         25206784 Byte
20220313 033951.528 INFO             PET0 PIOc_sync Exit - MemInfo: [malloc] Total space used (mmap + non-mmap):         16705360 Byte
20220313 033951.528 INFO             PET0 PIOc_sync Exit - MemInfo: Wall-clock time since execution start:              0.0145253 seconds
20220313 033951.528 INFO             PET0 PIOc_freedecomp Enter - MemInfo: [/proc/meminfo - SSI]	MemTotal:       527077124 kB
20220313 033951.528 INFO             PET0 PIOc_freedecomp Enter - MemInfo: [/proc/meminfo - SSI]	MemFree:        518410056 kB
20220313 033951.528 INFO             PET0 PIOc_freedecomp Enter - MemInfo: [/proc/meminfo - SSI]	MemAvailable:   517923888 kB
20220313 033951.528 INFO             PET0 PIOc_freedecomp Enter - MemInfo: [/proc/meminfo - SSI]	Committed_AS:    1623168 kB
20220313 033951.528 INFO             PET0 PIOc_freedecomp Enter - MemInfo: [/proc/meminfo - SSI]	CommittedPercent: 0.307956 %
20220313 033951.528 INFO             PET0 PIOc_freedecomp Enter - MemInfo: [/proc/self/status]	VmPeak:	  161880 kB
20220313 033951.528 INFO             PET0 PIOc_freedecomp Enter - MemInfo: [/proc/self/status]	VmSize:	  161880 kB
20220313 033951.528 INFO             PET0 PIOc_freedecomp Enter - MemInfo: [/proc/self/status]	VmLck:	       0 kB
20220313 033951.528 INFO             PET0 PIOc_freedecomp Enter - MemInfo: [/proc/self/status]	VmPin:	       0 kB
20220313 033951.528 INFO             PET0 PIOc_freedecomp Enter - MemInfo: [/proc/self/status]	VmHWM:	   39208 kB
20220313 033951.528 INFO             PET0 PIOc_freedecomp Enter - MemInfo: [/proc/self/status]	VmRSS:	   39208 kB
20220313 033951.528 INFO             PET0 PIOc_freedecomp Enter - MemInfo: [/proc/self/status]	VmData:	   28324 kB
20220313 033951.528 INFO             PET0 PIOc_freedecomp Enter - MemInfo: [/proc/self/status]	VmStk:	     156 kB
20220313 033951.528 INFO             PET0 PIOc_freedecomp Enter - MemInfo: [/proc/self/status]	VmExe:	     208 kB
20220313 033951.528 INFO             PET0 PIOc_freedecomp Enter - MemInfo: [/proc/self/status]	VmLib:	   77104 kB
20220313 033951.529 INFO             PET0 PIOc_freedecomp Enter - MemInfo: [/proc/self/status]	VmPTE:	     336 kB
20220313 033951.529 INFO             PET0 PIOc_freedecomp Enter - MemInfo: [/proc/self/status]	VmSwap:	       0 kB
20220313 033951.529 INFO             PET0 PIOc_freedecomp Enter - MemInfo: [/proc/self/status]	VmRSSPercent: 0.00743876 %
20220313 033951.529 INFO             PET0 PIOc_freedecomp Enter - MemInfo: [malloc] Non-mmapped space allocated:                18554880 Byte
20220313 033951.529 INFO             PET0 PIOc_freedecomp Enter - MemInfo: [malloc] Space allocated in mmapped regions:          6651904 Byte
20220313 033951.529 INFO             PET0 PIOc_freedecomp Enter - MemInfo: [malloc] Maximum total allocated space:                     0 Byte
20220313 033951.529 INFO             PET0 PIOc_freedecomp Enter - MemInfo: [malloc] Space in freed fastbin blocks:                   272 Byte
20220313 033951.529 INFO             PET0 PIOc_freedecomp Enter - MemInfo: [malloc] Total allocated space:                       1118928 Byte
20220313 033951.529 INFO             PET0 PIOc_freedecomp Enter - MemInfo: [malloc] Total free space:                           17435952 Byte
20220313 033951.529 INFO             PET0 PIOc_freedecomp Enter - MemInfo: [malloc] Top-most, releasable space:                  8521120 Byte
20220313 033951.529 INFO             PET0 PIOc_freedecomp Enter - MemInfo: [malloc] Total space in use, mmap + non-mmap:         7770832 Byte
20220313 033951.529 INFO             PET0 PIOc_freedecomp Enter - MemInfo: [malloc] Total space held (mmap + non-mmap):         25206784 Byte
20220313 033951.529 INFO             PET0 PIOc_freedecomp Enter - MemInfo: [malloc] Total space used (mmap + non-mmap):          7779040 Byte
20220313 033951.529 INFO             PET0 PIOc_freedecomp Enter - MemInfo: Wall-clock time since execution start:              0.0147895 seconds
20220313 033951.529 INFO             PET0 PIOc_freedecomp Exit - MemInfo: [/proc/meminfo - SSI]	MemTotal:       527077124 kB
20220313 033951.529 INFO             PET0 PIOc_freedecomp Exit - MemInfo: [/proc/meminfo - SSI]	MemFree:        518410056 kB
20220313 033951.529 INFO             PET0 PIOc_freedecomp Exit - MemInfo: [/proc/meminfo - SSI]	MemAvailable:   517923888 kB
20220313 033951.529 INFO             PET0 PIOc_freedecomp Exit - MemInfo: [/proc/meminfo - SSI]	Committed_AS:    1623168 kB
20220313 033951.529 INFO             PET0 PIOc_freedecomp Exit - MemInfo: [/proc/meminfo - SSI]	CommittedPercent: 0.307956 %
20220313 033951.529 INFO             PET0 PIOc_freedecomp Exit - MemInfo: [/proc/self/status]	VmPeak:	  161880 kB
20220313 033951.529 INFO             PET0 PIOc_freedecomp Exit - MemInfo: [/proc/self/status]	VmSize:	  161880 kB
20220313 033951.529 INFO             PET0 PIOc_freedecomp Exit - MemInfo: [/proc/self/status]	VmLck:	       0 kB
20220313 033951.529 INFO             PET0 PIOc_freedecomp Exit - MemInfo: [/proc/self/status]	VmPin:	       0 kB
20220313 033951.529 INFO             PET0 PIOc_freedecomp Exit - MemInfo: [/proc/self/status]	VmHWM:	   39208 kB
20220313 033951.529 INFO             PET0 PIOc_freedecomp Exit - MemInfo: [/proc/self/status]	VmRSS:	   39208 kB
20220313 033951.529 INFO             PET0 PIOc_freedecomp Exit - MemInfo: [/proc/self/status]	VmData:	   28324 kB
20220313 033951.529 INFO             PET0 PIOc_freedecomp Exit - MemInfo: [/proc/self/status]	VmStk:	     156 kB
20220313 033951.529 INFO             PET0 PIOc_freedecomp Exit - MemInfo: [/proc/self/status]	VmExe:	     208 kB
20220313 033951.529 INFO             PET0 PIOc_freedecomp Exit - MemInfo: [/proc/self/status]	VmLib:	   77104 kB
20220313 033951.529 INFO             PET0 PIOc_freedecomp Exit - MemInfo: [/proc/self/status]	VmPTE:	     336 kB
20220313 033951.529 INFO             PET0 PIOc_freedecomp Exit - MemInfo: [/proc/self/status]	VmSwap:	       0 kB
20220313 033951.529 INFO             PET0 PIOc_freedecomp Exit - MemInfo: [/proc/self/status]	VmRSSPercent: 0.00743876 %
20220313 033951.529 INFO             PET0 PIOc_freedecomp Exit - MemInfo: [malloc] Non-mmapped space allocated:                18554880 Byte
20220313 033951.529 INFO             PET0 PIOc_freedecomp Exit - MemInfo: [malloc] Space allocated in mmapped regions:          6651904 Byte
20220313 033951.529 INFO             PET0 PIOc_freedecomp Exit - MemInfo: [malloc] Maximum total allocated space:                     0 Byte
20220313 033951.529 INFO             PET0 PIOc_freedecomp Exit - MemInfo: [malloc] Space in freed fastbin blocks:                   608 Byte
20220313 033951.529 INFO             PET0 PIOc_freedecomp Exit - MemInfo: [malloc] Total allocated space:                       1117792 Byte
20220313 033951.529 INFO             PET0 PIOc_freedecomp Exit - MemInfo: [malloc] Total free space:                           17437088 Byte
20220313 033951.529 INFO             PET0 PIOc_freedecomp Exit - MemInfo: [malloc] Top-most, releasable space:                  8521120 Byte
20220313 033951.529 INFO             PET0 PIOc_freedecomp Exit - MemInfo: [malloc] Total space in use, mmap + non-mmap:         7769696 Byte
20220313 033951.529 INFO             PET0 PIOc_freedecomp Exit - MemInfo: [malloc] Total space held (mmap + non-mmap):         25206784 Byte
20220313 033951.529 INFO             PET0 PIOc_freedecomp Exit - MemInfo: [malloc] Total space used (mmap + non-mmap):          7777904 Byte
20220313 033951.529 INFO             PET0 PIOc_freedecomp Exit - MemInfo: Wall-clock time since execution start:              0.0149721 seconds
20220313 033951.529 INFO             PET0 PIOc_sync Enter - MemInfo: [/proc/meminfo - SSI]	MemTotal:       527077124 kB
20220313 033951.529 INFO             PET0 PIOc_sync Enter - MemInfo: [/proc/meminfo - SSI]	MemFree:        518410056 kB
20220313 033951.529 INFO             PET0 PIOc_sync Enter - MemInfo: [/proc/meminfo - SSI]	MemAvailable:   517923888 kB
20220313 033951.529 INFO             PET0 PIOc_sync Enter - MemInfo: [/proc/meminfo - SSI]	Committed_AS:    1623168 kB
20220313 033951.529 INFO             PET0 PIOc_sync Enter - MemInfo: [/proc/meminfo - SSI]	CommittedPercent: 0.307956 %
20220313 033951.529 INFO             PET0 PIOc_sync Enter - MemInfo: [/proc/self/status]	VmPeak:	  161880 kB
20220313 033951.529 INFO             PET0 PIOc_sync Enter - MemInfo: [/proc/self/status]	VmSize:	  161880 kB
20220313 033951.529 INFO             PET0 PIOc_sync Enter - MemInfo: [/proc/self/status]	VmLck:	       0 kB
20220313 033951.529 INFO             PET0 PIOc_sync Enter - MemInfo: [/proc/self/status]	VmPin:	       0 kB
20220313 033951.529 INFO             PET0 PIOc_sync Enter - MemInfo: [/proc/self/status]	VmHWM:	   39208 kB
20220313 033951.529 INFO             PET0 PIOc_sync Enter - MemInfo: [/proc/self/status]	VmRSS:	   39208 kB
20220313 033951.529 INFO             PET0 PIOc_sync Enter - MemInfo: [/proc/self/status]	VmData:	   28324 kB
20220313 033951.529 INFO             PET0 PIOc_sync Enter - MemInfo: [/proc/self/status]	VmStk:	     156 kB
20220313 033951.529 INFO             PET0 PIOc_sync Enter - MemInfo: [/proc/self/status]	VmExe:	     208 kB
20220313 033951.529 INFO             PET0 PIOc_sync Enter - MemInfo: [/proc/self/status]	VmLib:	   77104 kB
20220313 033951.529 INFO             PET0 PIOc_sync Enter - MemInfo: [/proc/self/status]	VmPTE:	     336 kB
20220313 033951.529 INFO             PET0 PIOc_sync Enter - MemInfo: [/proc/self/status]	VmSwap:	       0 kB
20220313 033951.529 INFO             PET0 PIOc_sync Enter - MemInfo: [/proc/self/status]	VmRSSPercent: 0.00743876 %
20220313 033951.529 INFO             PET0 PIOc_sync Enter - MemInfo: [malloc] Non-mmapped space allocated:                18554880 Byte
20220313 033951.529 INFO             PET0 PIOc_sync Enter - MemInfo: [malloc] Space allocated in mmapped regions:          6651904 Byte
20220313 033951.529 INFO             PET0 PIOc_sync Enter - MemInfo: [malloc] Maximum total allocated space:                     0 Byte
20220313 033951.529 INFO             PET0 PIOc_sync Enter - MemInfo: [malloc] Space in freed fastbin blocks:                   704 Byte
20220313 033951.529 INFO             PET0 PIOc_sync Enter - MemInfo: [malloc] Total allocated space:                      10046720 Byte
20220313 033951.529 INFO             PET0 PIOc_sync Enter - MemInfo: [malloc] Total free space:                            8508160 Byte
20220313 033951.529 INFO             PET0 PIOc_sync Enter - MemInfo: [malloc] Top-most, releasable space:                   132496 Byte
20220313 033951.529 INFO             PET0 PIOc_sync Enter - MemInfo: [malloc] Total space in use, mmap + non-mmap:        16698624 Byte
20220313 033951.529 INFO             PET0 PIOc_sync Enter - MemInfo: [malloc] Total space held (mmap + non-mmap):         25206784 Byte
20220313 033951.529 INFO             PET0 PIOc_sync Enter - MemInfo: [malloc] Total space used (mmap + non-mmap):         16706832 Byte
20220313 033951.530 INFO             PET0 PIOc_sync Enter - MemInfo: Wall-clock time since execution start:              0.0157092 seconds
20220313 033951.530 INFO             PET0 PIOc_sync Exit - MemInfo: [/proc/meminfo - SSI]	MemTotal:       527077124 kB
20220313 033951.530 INFO             PET0 PIOc_sync Exit - MemInfo: [/proc/meminfo - SSI]	MemFree:        518410056 kB
20220313 033951.530 INFO             PET0 PIOc_sync Exit - MemInfo: [/proc/meminfo - SSI]	MemAvailable:   517923888 kB
20220313 033951.530 INFO             PET0 PIOc_sync Exit - MemInfo: [/proc/meminfo - SSI]	Committed_AS:    1623168 kB
20220313 033951.530 INFO             PET0 PIOc_sync Exit - MemInfo: [/proc/meminfo - SSI]	CommittedPercent: 0.307956 %
20220313 033951.530 INFO             PET0 PIOc_sync Exit - MemInfo: [/proc/self/status]	VmPeak:	  161880 kB
20220313 033951.530 INFO             PET0 PIOc_sync Exit - MemInfo: [/proc/self/status]	VmSize:	  161880 kB
20220313 033951.530 INFO             PET0 PIOc_sync Exit - MemInfo: [/proc/self/status]	VmLck:	       0 kB
20220313 033951.530 INFO             PET0 PIOc_sync Exit - MemInfo: [/proc/self/status]	VmPin:	       0 kB
20220313 033951.530 INFO             PET0 PIOc_sync Exit - MemInfo: [/proc/self/status]	VmHWM:	   39208 kB
20220313 033951.530 INFO             PET0 PIOc_sync Exit - MemInfo: [/proc/self/status]	VmRSS:	   39208 kB
20220313 033951.530 INFO             PET0 PIOc_sync Exit - MemInfo: [/proc/self/status]	VmData:	   28324 kB
20220313 033951.530 INFO             PET0 PIOc_sync Exit - MemInfo: [/proc/self/status]	VmStk:	     156 kB
20220313 033951.530 INFO             PET0 PIOc_sync Exit - MemInfo: [/proc/self/status]	VmExe:	     208 kB
20220313 033951.530 INFO             PET0 PIOc_sync Exit - MemInfo: [/proc/self/status]	VmLib:	   77104 kB
20220313 033951.530 INFO             PET0 PIOc_sync Exit - MemInfo: [/proc/self/status]	VmPTE:	     336 kB
20220313 033951.530 INFO             PET0 PIOc_sync Exit - MemInfo: [/proc/self/status]	VmSwap:	       0 kB
20220313 033951.530 INFO             PET0 PIOc_sync Exit - MemInfo: [/proc/self/status]	VmRSSPercent: 0.00743876 %
20220313 033951.530 INFO             PET0 PIOc_sync Exit - MemInfo: [malloc] Non-mmapped space allocated:                18554880 Byte
20220313 033951.530 INFO             PET0 PIOc_sync Exit - MemInfo: [malloc] Space allocated in mmapped regions:          6651904 Byte
20220313 033951.530 INFO             PET0 PIOc_sync Exit - MemInfo: [malloc] Maximum total allocated space:                     0 Byte
20220313 033951.530 INFO             PET0 PIOc_sync Exit - MemInfo: [malloc] Space in freed fastbin blocks:                   144 Byte
20220313 033951.530 INFO             PET0 PIOc_sync Exit - MemInfo: [malloc] Total allocated space:                      10046816 Byte
20220313 033951.530 INFO             PET0 PIOc_sync Exit - MemInfo: [malloc] Total free space:                            8508064 Byte
20220313 033951.530 INFO             PET0 PIOc_sync Exit - MemInfo: [malloc] Top-most, releasable space:                   132496 Byte
20220313 033951.530 INFO             PET0 PIOc_sync Exit - MemInfo: [malloc] Total space in use, mmap + non-mmap:        16698720 Byte
20220313 033951.530 INFO             PET0 PIOc_sync Exit - MemInfo: [malloc] Total space held (mmap + non-mmap):         25206784 Byte
20220313 033951.530 INFO             PET0 PIOc_sync Exit - MemInfo: [malloc] Total space used (mmap + non-mmap):         16706928 Byte
20220313 033951.530 INFO             PET0 PIOc_sync Exit - MemInfo: Wall-clock time since execution start:              0.0159079 seconds
20220313 033951.530 INFO             PET0 PIOc_freedecomp Enter - MemInfo: [/proc/meminfo - SSI]	MemTotal:       527077124 kB
20220313 033951.530 INFO             PET0 PIOc_freedecomp Enter - MemInfo: [/proc/meminfo - SSI]	MemFree:        518410056 kB
20220313 033951.530 INFO             PET0 PIOc_freedecomp Enter - MemInfo: [/proc/meminfo - SSI]	MemAvailable:   517923888 kB
20220313 033951.530 INFO             PET0 PIOc_freedecomp Enter - MemInfo: [/proc/meminfo - SSI]	Committed_AS:    1623168 kB
20220313 033951.530 INFO             PET0 PIOc_freedecomp Enter - MemInfo: [/proc/meminfo - SSI]	CommittedPercent: 0.307956 %
20220313 033951.530 INFO             PET0 PIOc_freedecomp Enter - MemInfo: [/proc/self/status]	VmPeak:	  161880 kB
20220313 033951.530 INFO             PET0 PIOc_freedecomp Enter - MemInfo: [/proc/self/status]	VmSize:	  161880 kB
20220313 033951.530 INFO             PET0 PIOc_freedecomp Enter - MemInfo: [/proc/self/status]	VmLck:	       0 kB
20220313 033951.530 INFO             PET0 PIOc_freedecomp Enter - MemInfo: [/proc/self/status]	VmPin:	       0 kB
20220313 033951.530 INFO             PET0 PIOc_freedecomp Enter - MemInfo: [/proc/self/status]	VmHWM:	   39208 kB
20220313 033951.530 INFO             PET0 PIOc_freedecomp Enter - MemInfo: [/proc/self/status]	VmRSS:	   39208 kB
20220313 033951.530 INFO             PET0 PIOc_freedecomp Enter - MemInfo: [/proc/self/status]	VmData:	   28324 kB
20220313 033951.530 INFO             PET0 PIOc_freedecomp Enter - MemInfo: [/proc/self/status]	VmStk:	     156 kB
20220313 033951.530 INFO             PET0 PIOc_freedecomp Enter - MemInfo: [/proc/self/status]	VmExe:	     208 kB
20220313 033951.530 INFO             PET0 PIOc_freedecomp Enter - MemInfo: [/proc/self/status]	VmLib:	   77104 kB
20220313 033951.530 INFO             PET0 PIOc_freedecomp Enter - MemInfo: [/proc/self/status]	VmPTE:	     336 kB
20220313 033951.530 INFO             PET0 PIOc_freedecomp Enter - MemInfo: [/proc/self/status]	VmSwap:	       0 kB
20220313 033951.530 INFO             PET0 PIOc_freedecomp Enter - MemInfo: [/proc/self/status]	VmRSSPercent: 0.00743876 %
20220313 033951.530 INFO             PET0 PIOc_freedecomp Enter - MemInfo: [malloc] Non-mmapped space allocated:                18554880 Byte
20220313 033951.530 INFO             PET0 PIOc_freedecomp Enter - MemInfo: [malloc] Space allocated in mmapped regions:          6651904 Byte
20220313 033951.530 INFO             PET0 PIOc_freedecomp Enter - MemInfo: [malloc] Maximum total allocated space:                     0 Byte
20220313 033951.530 INFO             PET0 PIOc_freedecomp Enter - MemInfo: [malloc] Space in freed fastbin blocks:                   272 Byte
20220313 033951.530 INFO             PET0 PIOc_freedecomp Enter - MemInfo: [malloc] Total allocated space:                       1119424 Byte
20220313 033951.530 INFO             PET0 PIOc_freedecomp Enter - MemInfo: [malloc] Total free space:                           17435456 Byte
20220313 033951.530 INFO             PET0 PIOc_freedecomp Enter - MemInfo: [malloc] Top-most, releasable space:                  8521120 Byte
20220313 033951.530 INFO             PET0 PIOc_freedecomp Enter - MemInfo: [malloc] Total space in use, mmap + non-mmap:         7771328 Byte
20220313 033951.530 INFO             PET0 PIOc_freedecomp Enter - MemInfo: [malloc] Total space held (mmap + non-mmap):         25206784 Byte
20220313 033951.530 INFO             PET0 PIOc_freedecomp Enter - MemInfo: [malloc] Total space used (mmap + non-mmap):          7779536 Byte
20220313 033951.530 INFO             PET0 PIOc_freedecomp Enter - MemInfo: Wall-clock time since execution start:              0.0161739 seconds
20220313 033951.530 INFO             PET0 PIOc_freedecomp Exit - MemInfo: [/proc/meminfo - SSI]	MemTotal:       527077124 kB
20220313 033951.530 INFO             PET0 PIOc_freedecomp Exit - MemInfo: [/proc/meminfo - SSI]	MemFree:        518410056 kB
20220313 033951.530 INFO             PET0 PIOc_freedecomp Exit - MemInfo: [/proc/meminfo - SSI]	MemAvailable:   517923888 kB
20220313 033951.530 INFO             PET0 PIOc_freedecomp Exit - MemInfo: [/proc/meminfo - SSI]	Committed_AS:    1623168 kB
20220313 033951.530 INFO             PET0 PIOc_freedecomp Exit - MemInfo: [/proc/meminfo - SSI]	CommittedPercent: 0.307956 %
20220313 033951.530 INFO             PET0 PIOc_freedecomp Exit - MemInfo: [/proc/self/status]	VmPeak:	  161880 kB
20220313 033951.530 INFO             PET0 PIOc_freedecomp Exit - MemInfo: [/proc/self/status]	VmSize:	  161880 kB
20220313 033951.530 INFO             PET0 PIOc_freedecomp Exit - MemInfo: [/proc/self/status]	VmLck:	       0 kB
20220313 033951.530 INFO             PET0 PIOc_freedecomp Exit - MemInfo: [/proc/self/status]	VmPin:	       0 kB
20220313 033951.530 INFO             PET0 PIOc_freedecomp Exit - MemInfo: [/proc/self/status]	VmHWM:	   39208 kB
20220313 033951.530 INFO             PET0 PIOc_freedecomp Exit - MemInfo: [/proc/self/status]	VmRSS:	   39208 kB
20220313 033951.530 INFO             PET0 PIOc_freedecomp Exit - MemInfo: [/proc/self/status]	VmData:	   28324 kB
20220313 033951.530 INFO             PET0 PIOc_freedecomp Exit - MemInfo: [/proc/self/status]	VmStk:	     156 kB
20220313 033951.530 INFO             PET0 PIOc_freedecomp Exit - MemInfo: [/proc/self/status]	VmExe:	     208 kB
20220313 033951.530 INFO             PET0 PIOc_freedecomp Exit - MemInfo: [/proc/self/status]	VmLib:	   77104 kB
20220313 033951.530 INFO             PET0 PIOc_freedecomp Exit - MemInfo: [/proc/self/status]	VmPTE:	     336 kB
20220313 033951.530 INFO             PET0 PIOc_freedecomp Exit - MemInfo: [/proc/self/status]	VmSwap:	       0 kB
20220313 033951.530 INFO             PET0 PIOc_freedecomp Exit - MemInfo: [/proc/self/status]	VmRSSPercent: 0.00743876 %
20220313 033951.530 INFO             PET0 PIOc_freedecomp Exit - MemInfo: [malloc] Non-mmapped space allocated:                18554880 Byte
20220313 033951.530 INFO             PET0 PIOc_freedecomp Exit - MemInfo: [malloc] Space allocated in mmapped regions:          6651904 Byte
20220313 033951.530 INFO             PET0 PIOc_freedecomp Exit - MemInfo: [malloc] Maximum total allocated space:                     0 Byte
20220313 033951.530 INFO             PET0 PIOc_freedecomp Exit - MemInfo: [malloc] Space in freed fastbin blocks:                   608 Byte
20220313 033951.530 INFO             PET0 PIOc_freedecomp Exit - MemInfo: [malloc] Total allocated space:                       1118288 Byte
20220313 033951.530 INFO             PET0 PIOc_freedecomp Exit - MemInfo: [malloc] Total free space:                           17436592 Byte
20220313 033951.530 INFO             PET0 PIOc_freedecomp Exit - MemInfo: [malloc] Top-most, releasable space:                  8521120 Byte
20220313 033951.530 INFO             PET0 PIOc_freedecomp Exit - MemInfo: [malloc] Total space in use, mmap + non-mmap:         7770192 Byte
20220313 033951.530 INFO             PET0 PIOc_freedecomp Exit - MemInfo: [malloc] Total space held (mmap + non-mmap):         25206784 Byte
20220313 033951.530 INFO             PET0 PIOc_freedecomp Exit - MemInfo: [malloc] Total space used (mmap + non-mmap):          7778400 Byte
20220313 033951.530 INFO             PET0 PIOc_freedecomp Exit - MemInfo: Wall-clock time since execution start:              0.0163643 seconds
20220313 033951.531 INFO             PET0 PIOc_sync Enter - MemInfo: [/proc/meminfo - SSI]	MemTotal:       527077124 kB
20220313 033951.531 INFO             PET0 PIOc_sync Enter - MemInfo: [/proc/meminfo - SSI]	MemFree:        518410056 kB
20220313 033951.531 INFO             PET0 PIOc_sync Enter - MemInfo: [/proc/meminfo - SSI]	MemAvailable:   517923888 kB
20220313 033951.531 INFO             PET0 PIOc_sync Enter - MemInfo: [/proc/meminfo - SSI]	Committed_AS:    1623168 kB
20220313 033951.531 INFO             PET0 PIOc_sync Enter - MemInfo: [/proc/meminfo - SSI]	CommittedPercent: 0.307956 %
20220313 033951.531 INFO             PET0 PIOc_sync Enter - MemInfo: [/proc/self/status]	VmPeak:	  161880 kB
20220313 033951.531 INFO             PET0 PIOc_sync Enter - MemInfo: [/proc/self/status]	VmSize:	  161880 kB
20220313 033951.531 INFO             PET0 PIOc_sync Enter - MemInfo: [/proc/self/status]	VmLck:	       0 kB
20220313 033951.531 INFO             PET0 PIOc_sync Enter - MemInfo: [/proc/self/status]	VmPin:	       0 kB
20220313 033951.531 INFO             PET0 PIOc_sync Enter - MemInfo: [/proc/self/status]	VmHWM:	   39208 kB
20220313 033951.531 INFO             PET0 PIOc_sync Enter - MemInfo: [/proc/self/status]	VmRSS:	   39208 kB
20220313 033951.531 INFO             PET0 PIOc_sync Enter - MemInfo: [/proc/self/status]	VmData:	   28324 kB
20220313 033951.531 INFO             PET0 PIOc_sync Enter - MemInfo: [/proc/self/status]	VmStk:	     156 kB
20220313 033951.531 INFO             PET0 PIOc_sync Enter - MemInfo: [/proc/self/status]	VmExe:	     208 kB
20220313 033951.531 INFO             PET0 PIOc_sync Enter - MemInfo: [/proc/self/status]	VmLib:	   77104 kB
20220313 033951.531 INFO             PET0 PIOc_sync Enter - MemInfo: [/proc/self/status]	VmPTE:	     336 kB
20220313 033951.531 INFO             PET0 PIOc_sync Enter - MemInfo: [/proc/self/status]	VmSwap:	       0 kB
20220313 033951.531 INFO             PET0 PIOc_sync Enter - MemInfo: [/proc/self/status]	VmRSSPercent: 0.00743876 %
20220313 033951.531 INFO             PET0 PIOc_sync Enter - MemInfo: [malloc] Non-mmapped space allocated:                18554880 Byte
20220313 033951.531 INFO             PET0 PIOc_sync Enter - MemInfo: [malloc] Space allocated in mmapped regions:          6651904 Byte
20220313 033951.531 INFO             PET0 PIOc_sync Enter - MemInfo: [malloc] Maximum total allocated space:                     0 Byte
20220313 033951.531 INFO             PET0 PIOc_sync Enter - MemInfo: [malloc] Space in freed fastbin blocks:                  1600 Byte
20220313 033951.531 INFO             PET0 PIOc_sync Enter - MemInfo: [malloc] Total allocated space:                      10047760 Byte
20220313 033951.531 INFO             PET0 PIOc_sync Enter - MemInfo: [malloc] Total free space:                            8507120 Byte
20220313 033951.531 INFO             PET0 PIOc_sync Enter - MemInfo: [malloc] Top-most, releasable space:                   132496 Byte
20220313 033951.531 INFO             PET0 PIOc_sync Enter - MemInfo: [malloc] Total space in use, mmap + non-mmap:        16699664 Byte
20220313 033951.531 INFO             PET0 PIOc_sync Enter - MemInfo: [malloc] Total space held (mmap + non-mmap):         25206784 Byte
20220313 033951.531 INFO             PET0 PIOc_sync Enter - MemInfo: [malloc] Total space used (mmap + non-mmap):         16708096 Byte
20220313 033951.531 INFO             PET0 PIOc_sync Enter - MemInfo: Wall-clock time since execution start:              0.0171096 seconds
20220313 033951.531 INFO             PET0 PIOc_sync Exit - MemInfo: [/proc/meminfo - SSI]	MemTotal:       527077124 kB
20220313 033951.531 INFO             PET0 PIOc_sync Exit - MemInfo: [/proc/meminfo - SSI]	MemFree:        518410056 kB
20220313 033951.531 INFO             PET0 PIOc_sync Exit - MemInfo: [/proc/meminfo - SSI]	MemAvailable:   517923888 kB
20220313 033951.531 INFO             PET0 PIOc_sync Exit - MemInfo: [/proc/meminfo - SSI]	Committed_AS:    1623168 kB
20220313 033951.531 INFO             PET0 PIOc_sync Exit - MemInfo: [/proc/meminfo - SSI]	CommittedPercent: 0.307956 %
20220313 033951.531 INFO             PET0 PIOc_sync Exit - MemInfo: [/proc/self/status]	VmPeak:	  161880 kB
20220313 033951.531 INFO             PET0 PIOc_sync Exit - MemInfo: [/proc/self/status]	VmSize:	  161880 kB
20220313 033951.531 INFO             PET0 PIOc_sync Exit - MemInfo: [/proc/self/status]	VmLck:	       0 kB
20220313 033951.531 INFO             PET0 PIOc_sync Exit - MemInfo: [/proc/self/status]	VmPin:	       0 kB
20220313 033951.531 INFO             PET0 PIOc_sync Exit - MemInfo: [/proc/self/status]	VmHWM:	   39208 kB
20220313 033951.531 INFO             PET0 PIOc_sync Exit - MemInfo: [/proc/self/status]	VmRSS:	   39208 kB
20220313 033951.531 INFO             PET0 PIOc_sync Exit - MemInfo: [/proc/self/status]	VmData:	   28324 kB
20220313 033951.531 INFO             PET0 PIOc_sync Exit - MemInfo: [/proc/self/status]	VmStk:	     156 kB
20220313 033951.531 INFO             PET0 PIOc_sync Exit - MemInfo: [/proc/self/status]	VmExe:	     208 kB
20220313 033951.531 INFO             PET0 PIOc_sync Exit - MemInfo: [/proc/self/status]	VmLib:	   77104 kB
20220313 033951.531 INFO             PET0 PIOc_sync Exit - MemInfo: [/proc/self/status]	VmPTE:	     336 kB
20220313 033951.531 INFO             PET0 PIOc_sync Exit - MemInfo: [/proc/self/status]	VmSwap:	       0 kB
20220313 033951.531 INFO             PET0 PIOc_sync Exit - MemInfo: [/proc/self/status]	VmRSSPercent: 0.00743876 %
20220313 033951.531 INFO             PET0 PIOc_sync Exit - MemInfo: [malloc] Non-mmapped space allocated:                18554880 Byte
20220313 033951.531 INFO             PET0 PIOc_sync Exit - MemInfo: [malloc] Space allocated in mmapped regions:          6651904 Byte
20220313 033951.531 INFO             PET0 PIOc_sync Exit - MemInfo: [malloc] Maximum total allocated space:                     0 Byte
20220313 033951.531 INFO             PET0 PIOc_sync Exit - MemInfo: [malloc] Space in freed fastbin blocks:                     0 Byte
20220313 033951.531 INFO             PET0 PIOc_sync Exit - MemInfo: [malloc] Total allocated space:                      10047968 Byte
20220313 033951.531 INFO             PET0 PIOc_sync Exit - MemInfo: [malloc] Total free space:                            8506912 Byte
20220313 033951.531 INFO             PET0 PIOc_sync Exit - MemInfo: [malloc] Top-most, releasable space:                   132496 Byte
20220313 033951.531 INFO             PET0 PIOc_sync Exit - MemInfo: [malloc] Total space in use, mmap + non-mmap:        16699872 Byte
20220313 033951.531 INFO             PET0 PIOc_sync Exit - MemInfo: [malloc] Total space held (mmap + non-mmap):         25206784 Byte
20220313 033951.531 INFO             PET0 PIOc_sync Exit - MemInfo: [malloc] Total space used (mmap + non-mmap):         16708080 Byte
20220313 033951.531 INFO             PET0 PIOc_sync Exit - MemInfo: Wall-clock time since execution start:              0.0173125 seconds
20220313 033951.531 INFO             PET0 PIOc_freedecomp Enter - MemInfo: [/proc/meminfo - SSI]	MemTotal:       527077124 kB
20220313 033951.531 INFO             PET0 PIOc_freedecomp Enter - MemInfo: [/proc/meminfo - SSI]	MemFree:        518410056 kB
20220313 033951.531 INFO             PET0 PIOc_freedecomp Enter - MemInfo: [/proc/meminfo - SSI]	MemAvailable:   517923888 kB
20220313 033951.531 INFO             PET0 PIOc_freedecomp Enter - MemInfo: [/proc/meminfo - SSI]	Committed_AS:    1623168 kB
20220313 033951.531 INFO             PET0 PIOc_freedecomp Enter - MemInfo: [/proc/meminfo - SSI]	CommittedPercent: 0.307956 %
20220313 033951.531 INFO             PET0 PIOc_freedecomp Enter - MemInfo: [/proc/self/status]	VmPeak:	  161880 kB
20220313 033951.531 INFO             PET0 PIOc_freedecomp Enter - MemInfo: [/proc/self/status]	VmSize:	  161880 kB
20220313 033951.531 INFO             PET0 PIOc_freedecomp Enter - MemInfo: [/proc/self/status]	VmLck:	       0 kB
20220313 033951.531 INFO             PET0 PIOc_freedecomp Enter - MemInfo: [/proc/self/status]	VmPin:	       0 kB
20220313 033951.531 INFO             PET0 PIOc_freedecomp Enter - MemInfo: [/proc/self/status]	VmHWM:	   39208 kB
20220313 033951.531 INFO             PET0 PIOc_freedecomp Enter - MemInfo: [/proc/self/status]	VmRSS:	   39208 kB
20220313 033951.531 INFO             PET0 PIOc_freedecomp Enter - MemInfo: [/proc/self/status]	VmData:	   28324 kB
20220313 033951.531 INFO             PET0 PIOc_freedecomp Enter - MemInfo: [/proc/self/status]	VmStk:	     156 kB
20220313 033951.531 INFO             PET0 PIOc_freedecomp Enter - MemInfo: [/proc/self/status]	VmExe:	     208 kB
20220313 033951.531 INFO             PET0 PIOc_freedecomp Enter - MemInfo: [/proc/self/status]	VmLib:	   77104 kB
20220313 033951.531 INFO             PET0 PIOc_freedecomp Enter - MemInfo: [/proc/self/status]	VmPTE:	     336 kB
20220313 033951.531 INFO             PET0 PIOc_freedecomp Enter - MemInfo: [/proc/self/status]	VmSwap:	       0 kB
20220313 033951.531 INFO             PET0 PIOc_freedecomp Enter - MemInfo: [/proc/self/status]	VmRSSPercent: 0.00743876 %
20220313 033951.531 INFO             PET0 PIOc_freedecomp Enter - MemInfo: [malloc] Non-mmapped space allocated:                18554880 Byte
20220313 033951.531 INFO             PET0 PIOc_freedecomp Enter - MemInfo: [malloc] Space allocated in mmapped regions:          6651904 Byte
20220313 033951.531 INFO             PET0 PIOc_freedecomp Enter - MemInfo: [malloc] Maximum total allocated space:                     0 Byte
20220313 033951.531 INFO             PET0 PIOc_freedecomp Enter - MemInfo: [malloc] Space in freed fastbin blocks:                     0 Byte
20220313 033951.531 INFO             PET0 PIOc_freedecomp Enter - MemInfo: [malloc] Total allocated space:                       1119808 Byte
20220313 033951.531 INFO             PET0 PIOc_freedecomp Enter - MemInfo: [malloc] Total free space:                           17435072 Byte
20220313 033951.531 INFO             PET0 PIOc_freedecomp Enter - MemInfo: [malloc] Top-most, releasable space:                  8521120 Byte
20220313 033951.531 INFO             PET0 PIOc_freedecomp Enter - MemInfo: [malloc] Total space in use, mmap + non-mmap:         7771712 Byte
