build time -- 2022-03-14 01:38:45
20220314 014601.673 INFO             PET0 !!!!!!!!!!!!!!!!!!!!!!!!!!!!!!!!!!!!!!!!!!!!!!!!!!!!!!
20220314 014601.673 INFO             PET0 !!! THE ESMF_LOG IS SET TO OUTPUT ALL LOG MESSAGES !!!
20220314 014601.673 INFO             PET0 !!!     THIS MAY CAUSE SLOWDOWN IN PERFORMANCE     !!!
20220314 014601.673 INFO             PET0 !!! FOR PRODUCTION RUNS, USE:                      !!!
20220314 014601.673 INFO             PET0 !!!                   ESMF_LOGKIND_Multi_On_Error  !!!
20220314 014601.673 INFO             PET0 !!!!!!!!!!!!!!!!!!!!!!!!!!!!!!!!!!!!!!!!!!!!!!!!!!!!!!
20220314 014601.673 INFO             PET0 Running with ESMF Version   : v8.3.0b09-96-g559b459836
20220314 014601.673 INFO             PET0 ESMF library build date/time: "Mar 14 2022" "01:37:45"
20220314 014601.673 INFO             PET0 ESMF library build location : /lfs/h1/emc/ptmp/Mark.Potts/gfortran_10.3.0_mpich3_O_jedwards_pio_update2
20220314 014601.673 INFO             PET0 ESMF_COMM                   : mpich3
20220314 014601.673 INFO             PET0 ESMF_MOAB                   : enabled
20220314 014601.673 INFO             PET0 ESMF_LAPACK                 : enabled
20220314 014601.673 INFO             PET0 ESMF_NETCDF                 : enabled
20220314 014601.673 INFO             PET0 ESMF_PNETCDF                : disabled
20220314 014601.673 INFO             PET0 ESMF_PIO                    : enabled
20220314 014601.673 INFO             PET0 ESMF_YAMLCPP                : enabled
20220314 014601.673 INFO             PET0 Beginning Test, file ESMC_FieldSMMFromFileUTest.C, line 41
20220314 014601.673 INFO             PET0 Beginning Test, file ESMC_FieldSMMFromFileUTest.C, line 41NUMBER_OF_PROCESSORS 4
20220314 014601.682 INFO             PET0 PIOc_sync Enter - MemInfo: [/proc/meminfo - SSI]	MemTotal:       527077124 kB
20220314 014601.682 INFO             PET0 PIOc_sync Enter - MemInfo: [/proc/meminfo - SSI]	MemFree:        518031424 kB
20220314 014601.682 INFO             PET0 PIOc_sync Enter - MemInfo: [/proc/meminfo - SSI]	MemAvailable:   517766412 kB
20220314 014601.682 INFO             PET0 PIOc_sync Enter - MemInfo: [/proc/meminfo - SSI]	Committed_AS:    1700044 kB
20220314 014601.682 INFO             PET0 PIOc_sync Enter - MemInfo: [/proc/meminfo - SSI]	CommittedPercent: 0.322542 %
20220314 014601.682 INFO             PET0 PIOc_sync Enter - MemInfo: [/proc/self/status]	VmPeak:	  168084 kB
20220314 014601.682 INFO             PET0 PIOc_sync Enter - MemInfo: [/proc/self/status]	VmSize:	  168084 kB
20220314 014601.682 INFO             PET0 PIOc_sync Enter - MemInfo: [/proc/self/status]	VmLck:	       0 kB
20220314 014601.682 INFO             PET0 PIOc_sync Enter - MemInfo: [/proc/self/status]	VmPin:	       0 kB
20220314 014601.682 INFO             PET0 PIOc_sync Enter - MemInfo: [/proc/self/status]	VmHWM:	   35996 kB
20220314 014601.682 INFO             PET0 PIOc_sync Enter - MemInfo: [/proc/self/status]	VmRSS:	   35996 kB
20220314 014601.682 INFO             PET0 PIOc_sync Enter - MemInfo: [/proc/self/status]	VmData:	   16996 kB
20220314 014601.682 INFO             PET0 PIOc_sync Enter - MemInfo: [/proc/self/status]	VmStk:	     156 kB
20220314 014601.682 INFO             PET0 PIOc_sync Enter - MemInfo: [/proc/self/status]	VmExe:	     200 kB
20220314 014601.682 INFO             PET0 PIOc_sync Enter - MemInfo: [/proc/self/status]	VmLib:	   77104 kB
20220314 014601.682 INFO             PET0 PIOc_sync Enter - MemInfo: [/proc/self/status]	VmPTE:	     348 kB
20220314 014601.682 INFO             PET0 PIOc_sync Enter - MemInfo: [/proc/self/status]	VmSwap:	       0 kB
20220314 014601.682 INFO             PET0 PIOc_sync Enter - MemInfo: [/proc/self/status]	VmRSSPercent: 0.00682936 %
20220314 014601.682 INFO             PET0 PIOc_sync Enter - MemInfo: [malloc] Non-mmapped space allocated:                 1208320 Byte
20220314 014601.682 INFO             PET0 PIOc_sync Enter - MemInfo: [malloc] Space allocated in mmapped regions:         12398592 Byte
20220314 014601.682 INFO             PET0 PIOc_sync Enter - MemInfo: [malloc] Maximum total allocated space:                     0 Byte
20220314 014601.682 INFO             PET0 PIOc_sync Enter - MemInfo: [malloc] Space in freed fastbin blocks:                     0 Byte
20220314 014601.682 INFO             PET0 PIOc_sync Enter - MemInfo: [malloc] Total allocated space:                       1194848 Byte
20220314 014601.682 INFO             PET0 PIOc_sync Enter - MemInfo: [malloc] Total free space:                              13472 Byte
20220314 014601.682 INFO             PET0 PIOc_sync Enter - MemInfo: [malloc] Top-most, releasable space:                    12784 Byte
20220314 014601.682 INFO             PET0 PIOc_sync Enter - MemInfo: [malloc] Total space in use, mmap + non-mmap:        13593440 Byte
20220314 014601.682 INFO             PET0 PIOc_sync Enter - MemInfo: [malloc] Total space held (mmap + non-mmap):         13606912 Byte
20220314 014601.682 INFO             PET0 PIOc_sync Enter - MemInfo: [malloc] Total space used (mmap + non-mmap):         13602096 Byte
20220314 014601.682 INFO             PET0 PIOc_sync Enter - MemInfo: Wall-clock time since execution start:              0.0104383 seconds
20220314 014601.682 INFO             PET0 PIOc_sync Exit - MemInfo: [/proc/meminfo - SSI]	MemTotal:       527077124 kB
20220314 014601.682 INFO             PET0 PIOc_sync Exit - MemInfo: [/proc/meminfo - SSI]	MemFree:        518031424 kB
20220314 014601.682 INFO             PET0 PIOc_sync Exit - MemInfo: [/proc/meminfo - SSI]	MemAvailable:   517766412 kB
20220314 014601.682 INFO             PET0 PIOc_sync Exit - MemInfo: [/proc/meminfo - SSI]	Committed_AS:    1700512 kB
20220314 014601.682 INFO             PET0 PIOc_sync Exit - MemInfo: [/proc/meminfo - SSI]	CommittedPercent: 0.322631 %
20220314 014601.682 INFO             PET0 PIOc_sync Exit - MemInfo: [/proc/self/status]	VmPeak:	  168552 kB
20220314 014601.682 INFO             PET0 PIOc_sync Exit - MemInfo: [/proc/self/status]	VmSize:	  168552 kB
20220314 014601.682 INFO             PET0 PIOc_sync Exit - MemInfo: [/proc/self/status]	VmLck:	       0 kB
20220314 014601.682 INFO             PET0 PIOc_sync Exit - MemInfo: [/proc/self/status]	VmPin:	       0 kB
20220314 014601.682 INFO             PET0 PIOc_sync Exit - MemInfo: [/proc/self/status]	VmHWM:	   36708 kB
20220314 014601.682 INFO             PET0 PIOc_sync Exit - MemInfo: [/proc/self/status]	VmRSS:	   36708 kB
20220314 014601.682 INFO             PET0 PIOc_sync Exit - MemInfo: [/proc/self/status]	VmData:	   17464 kB
20220314 014601.682 INFO             PET0 PIOc_sync Exit - MemInfo: [/proc/self/status]	VmStk:	     156 kB
20220314 014601.682 INFO             PET0 PIOc_sync Exit - MemInfo: [/proc/self/status]	VmExe:	     200 kB
20220314 014601.682 INFO             PET0 PIOc_sync Exit - MemInfo: [/proc/self/status]	VmLib:	   77104 kB
20220314 014601.682 INFO             PET0 PIOc_sync Exit - MemInfo: [/proc/self/status]	VmPTE:	     348 kB
20220314 014601.682 INFO             PET0 PIOc_sync Exit - MemInfo: [/proc/self/status]	VmSwap:	       0 kB
20220314 014601.682 INFO             PET0 PIOc_sync Exit - MemInfo: [/proc/self/status]	VmRSSPercent: 0.00696445 %
20220314 014601.682 INFO             PET0 PIOc_sync Exit - MemInfo: [malloc] Non-mmapped space allocated:                 1396736 Byte
20220314 014601.682 INFO             PET0 PIOc_sync Exit - MemInfo: [malloc] Space allocated in mmapped regions:         12689408 Byte
20220314 014601.682 INFO             PET0 PIOc_sync Exit - MemInfo: [malloc] Maximum total allocated space:                     0 Byte
20220314 014601.682 INFO             PET0 PIOc_sync Exit - MemInfo: [malloc] Space in freed fastbin blocks:                     0 Byte
20220314 014601.682 INFO             PET0 PIOc_sync Exit - MemInfo: [malloc] Total allocated space:                       1262048 Byte
20220314 014601.682 INFO             PET0 PIOc_sync Exit - MemInfo: [malloc] Total free space:                             134688 Byte
20220314 014601.682 INFO             PET0 PIOc_sync Exit - MemInfo: [malloc] Top-most, releasable space:                   131296 Byte
20220314 014601.682 INFO             PET0 PIOc_sync Exit - MemInfo: [malloc] Total space in use, mmap + non-mmap:        13951456 Byte
20220314 014601.682 INFO             PET0 PIOc_sync Exit - MemInfo: [malloc] Total space held (mmap + non-mmap):         14086144 Byte
20220314 014601.682 INFO             PET0 PIOc_sync Exit - MemInfo: [malloc] Total space used (mmap + non-mmap):         13959664 Byte
20220314 014601.682 INFO             PET0 PIOc_sync Exit - MemInfo: Wall-clock time since execution start:              0.0107946 seconds
20220314 014601.682 INFO             PET0 PIOc_freedecomp Enter - MemInfo: [/proc/meminfo - SSI]	MemTotal:       527077124 kB
20220314 014601.682 INFO             PET0 PIOc_freedecomp Enter - MemInfo: [/proc/meminfo - SSI]	MemFree:        518037820 kB
20220314 014601.682 INFO             PET0 PIOc_freedecomp Enter - MemInfo: [/proc/meminfo - SSI]	MemAvailable:   517772808 kB
20220314 014601.682 INFO             PET0 PIOc_freedecomp Enter - MemInfo: [/proc/meminfo - SSI]	Committed_AS:    1691800 kB
20220314 014601.682 INFO             PET0 PIOc_freedecomp Enter - MemInfo: [/proc/meminfo - SSI]	CommittedPercent: 0.320978 %
20220314 014601.682 INFO             PET0 PIOc_freedecomp Enter - MemInfo: [/proc/self/status]	VmPeak:	  168552 kB
20220314 014601.682 INFO             PET0 PIOc_freedecomp Enter - MemInfo: [/proc/self/status]	VmSize:	  159840 kB
20220314 014601.682 INFO             PET0 PIOc_freedecomp Enter - MemInfo: [/proc/self/status]	VmLck:	       0 kB
20220314 014601.682 INFO             PET0 PIOc_freedecomp Enter - MemInfo: [/proc/self/status]	VmPin:	       0 kB
20220314 014601.682 INFO             PET0 PIOc_freedecomp Enter - MemInfo: [/proc/self/status]	VmHWM:	   36708 kB
20220314 014601.682 INFO             PET0 PIOc_freedecomp Enter - MemInfo: [/proc/self/status]	VmRSS:	   28616 kB
20220314 014601.682 INFO             PET0 PIOc_freedecomp Enter - MemInfo: [/proc/self/status]	VmData:	    8752 kB
20220314 014601.682 INFO             PET0 PIOc_freedecomp Enter - MemInfo: [/proc/self/status]	VmStk:	     156 kB
20220314 014601.682 INFO             PET0 PIOc_freedecomp Enter - MemInfo: [/proc/self/status]	VmExe:	     200 kB
20220314 014601.682 INFO             PET0 PIOc_freedecomp Enter - MemInfo: [/proc/self/status]	VmLib:	   77104 kB
20220314 014601.682 INFO             PET0 PIOc_freedecomp Enter - MemInfo: [/proc/self/status]	VmPTE:	     332 kB
20220314 014601.682 INFO             PET0 PIOc_freedecomp Enter - MemInfo: [/proc/self/status]	VmSwap:	       0 kB
20220314 014601.682 INFO             PET0 PIOc_freedecomp Enter - MemInfo: [/proc/self/status]	VmRSSPercent: 0.00542919 %
20220314 014601.682 INFO             PET0 PIOc_freedecomp Enter - MemInfo: [malloc] Non-mmapped space allocated:                 1396736 Byte
20220314 014601.682 INFO             PET0 PIOc_freedecomp Enter - MemInfo: [malloc] Space allocated in mmapped regions:          3768320 Byte
20220314 014601.682 INFO             PET0 PIOc_freedecomp Enter - MemInfo: [malloc] Maximum total allocated space:                     0 Byte
20220314 014601.682 INFO             PET0 PIOc_freedecomp Enter - MemInfo: [malloc] Space in freed fastbin blocks:                   432 Byte
20220314 014601.682 INFO             PET0 PIOc_freedecomp Enter - MemInfo: [malloc] Total allocated space:                       1251344 Byte
20220314 014601.682 INFO             PET0 PIOc_freedecomp Enter - MemInfo: [malloc] Total free space:                             145392 Byte
20220314 014601.682 INFO             PET0 PIOc_freedecomp Enter - MemInfo: [malloc] Top-most, releasable space:                   131072 Byte
20220314 014601.682 INFO             PET0 PIOc_freedecomp Enter - MemInfo: [malloc] Total space in use, mmap + non-mmap:         5019664 Byte
20220314 014601.682 INFO             PET0 PIOc_freedecomp Enter - MemInfo: [malloc] Total space held (mmap + non-mmap):          5165056 Byte
20220314 014601.683 INFO             PET0 PIOc_freedecomp Enter - MemInfo: [malloc] Total space used (mmap + non-mmap):          5027872 Byte
20220314 014601.683 INFO             PET0 PIOc_freedecomp Enter - MemInfo: Wall-clock time since execution start:              0.0111871 seconds
20220314 014601.683 INFO             PET0 PIOc_freedecomp Exit - MemInfo: [/proc/meminfo - SSI]	MemTotal:       527077124 kB
20220314 014601.683 INFO             PET0 PIOc_freedecomp Exit - MemInfo: [/proc/meminfo - SSI]	MemFree:        518037820 kB
20220314 014601.683 INFO             PET0 PIOc_freedecomp Exit - MemInfo: [/proc/meminfo - SSI]	MemAvailable:   517772808 kB
20220314 014601.683 INFO             PET0 PIOc_freedecomp Exit - MemInfo: [/proc/meminfo - SSI]	Committed_AS:    1691800 kB
20220314 014601.683 INFO             PET0 PIOc_freedecomp Exit - MemInfo: [/proc/meminfo - SSI]	CommittedPercent: 0.320978 %
20220314 014601.683 INFO             PET0 PIOc_freedecomp Exit - MemInfo: [/proc/self/status]	VmPeak:	  168552 kB
20220314 014601.683 INFO             PET0 PIOc_freedecomp Exit - MemInfo: [/proc/self/status]	VmSize:	  159840 kB
20220314 014601.683 INFO             PET0 PIOc_freedecomp Exit - MemInfo: [/proc/self/status]	VmLck:	       0 kB
20220314 014601.683 INFO             PET0 PIOc_freedecomp Exit - MemInfo: [/proc/self/status]	VmPin:	       0 kB
20220314 014601.683 INFO             PET0 PIOc_freedecomp Exit - MemInfo: [/proc/self/status]	VmHWM:	   36708 kB
20220314 014601.683 INFO             PET0 PIOc_freedecomp Exit - MemInfo: [/proc/self/status]	VmRSS:	   28616 kB
20220314 014601.683 INFO             PET0 PIOc_freedecomp Exit - MemInfo: [/proc/self/status]	VmData:	    8752 kB
20220314 014601.683 INFO             PET0 PIOc_freedecomp Exit - MemInfo: [/proc/self/status]	VmStk:	     156 kB
20220314 014601.683 INFO             PET0 PIOc_freedecomp Exit - MemInfo: [/proc/self/status]	VmExe:	     200 kB
20220314 014601.683 INFO             PET0 PIOc_freedecomp Exit - MemInfo: [/proc/self/status]	VmLib:	   77104 kB
20220314 014601.683 INFO             PET0 PIOc_freedecomp Exit - MemInfo: [/proc/self/status]	VmPTE:	     332 kB
20220314 014601.683 INFO             PET0 PIOc_freedecomp Exit - MemInfo: [/proc/self/status]	VmSwap:	       0 kB
20220314 014601.683 INFO             PET0 PIOc_freedecomp Exit - MemInfo: [/proc/self/status]	VmRSSPercent: 0.00542919 %
20220314 014601.683 INFO             PET0 PIOc_freedecomp Exit - MemInfo: [malloc] Non-mmapped space allocated:                 1396736 Byte
20220314 014601.683 INFO             PET0 PIOc_freedecomp Exit - MemInfo: [malloc] Space allocated in mmapped regions:          3768320 Byte
20220314 014601.683 INFO             PET0 PIOc_freedecomp Exit - MemInfo: [malloc] Maximum total allocated space:                     0 Byte
20220314 014601.683 INFO             PET0 PIOc_freedecomp Exit - MemInfo: [malloc] Space in freed fastbin blocks:                   816 Byte
20220314 014601.683 INFO             PET0 PIOc_freedecomp Exit - MemInfo: [malloc] Total allocated space:                       1246800 Byte
20220314 014601.683 INFO             PET0 PIOc_freedecomp Exit - MemInfo: [malloc] Total free space:                             149936 Byte
20220314 014601.683 INFO             PET0 PIOc_freedecomp Exit - MemInfo: [malloc] Top-most, releasable space:                   131072 Byte
20220314 014601.683 INFO             PET0 PIOc_freedecomp Exit - MemInfo: [malloc] Total space in use, mmap + non-mmap:         5015120 Byte
20220314 014601.683 INFO             PET0 PIOc_freedecomp Exit - MemInfo: [malloc] Total space held (mmap + non-mmap):          5165056 Byte
20220314 014601.683 INFO             PET0 PIOc_freedecomp Exit - MemInfo: [malloc] Total space used (mmap + non-mmap):          5023328 Byte
20220314 014601.683 INFO             PET0 PIOc_freedecomp Exit - MemInfo: Wall-clock time since execution start:              0.0113818 seconds
20220314 014601.684 INFO             PET0 PIOc_sync Enter - MemInfo: [/proc/meminfo - SSI]	MemTotal:       527077124 kB
20220314 014601.684 INFO             PET0 PIOc_sync Enter - MemInfo: [/proc/meminfo - SSI]	MemFree:        518032968 kB
20220314 014601.684 INFO             PET0 PIOc_sync Enter - MemInfo: [/proc/meminfo - SSI]	MemAvailable:   517767956 kB
20220314 014601.684 INFO             PET0 PIOc_sync Enter - MemInfo: [/proc/meminfo - SSI]	Committed_AS:    1700508 kB
20220314 014601.684 INFO             PET0 PIOc_sync Enter - MemInfo: [/proc/meminfo - SSI]	CommittedPercent: 0.32263 %
20220314 014601.684 INFO             PET0 PIOc_sync Enter - MemInfo: [/proc/self/status]	VmPeak:	  168552 kB
20220314 014601.684 INFO             PET0 PIOc_sync Enter - MemInfo: [/proc/self/status]	VmSize:	  168548 kB
20220314 014601.684 INFO             PET0 PIOc_sync Enter - MemInfo: [/proc/self/status]	VmLck:	       0 kB
20220314 014601.684 INFO             PET0 PIOc_sync Enter - MemInfo: [/proc/self/status]	VmPin:	       0 kB
20220314 014601.684 INFO             PET0 PIOc_sync Enter - MemInfo: [/proc/self/status]	VmHWM:	   36708 kB
20220314 014601.684 INFO             PET0 PIOc_sync Enter - MemInfo: [/proc/self/status]	VmRSS:	   34524 kB
20220314 014601.684 INFO             PET0 PIOc_sync Enter - MemInfo: [/proc/self/status]	VmData:	   17460 kB
20220314 014601.684 INFO             PET0 PIOc_sync Enter - MemInfo: [/proc/self/status]	VmStk:	     156 kB
20220314 014601.684 INFO             PET0 PIOc_sync Enter - MemInfo: [/proc/self/status]	VmExe:	     200 kB
20220314 014601.684 INFO             PET0 PIOc_sync Enter - MemInfo: [/proc/self/status]	VmLib:	   77104 kB
20220314 014601.684 INFO             PET0 PIOc_sync Enter - MemInfo: [/proc/self/status]	VmPTE:	     348 kB
20220314 014601.684 INFO             PET0 PIOc_sync Enter - MemInfo: [/proc/self/status]	VmSwap:	       0 kB
20220314 014601.684 INFO             PET0 PIOc_sync Enter - MemInfo: [/proc/self/status]	VmRSSPercent: 0.00655009 %
20220314 014601.684 INFO             PET0 PIOc_sync Enter - MemInfo: [malloc] Non-mmapped space allocated:                10313728 Byte
20220314 014601.684 INFO             PET0 PIOc_sync Enter - MemInfo: [malloc] Space allocated in mmapped regions:          3768320 Byte
20220314 014601.684 INFO             PET0 PIOc_sync Enter - MemInfo: [malloc] Maximum total allocated space:                     0 Byte
20220314 014601.684 INFO             PET0 PIOc_sync Enter - MemInfo: [malloc] Space in freed fastbin blocks:                   112 Byte
20220314 014601.684 INFO             PET0 PIOc_sync Enter - MemInfo: [malloc] Total allocated space:                      10177584 Byte
20220314 014601.685 INFO             PET0 PIOc_sync Enter - MemInfo: [malloc] Total free space:                             136144 Byte
20220314 014601.685 INFO             PET0 PIOc_sync Enter - MemInfo: [malloc] Top-most, releasable space:                   129888 Byte
20220314 014601.685 INFO             PET0 PIOc_sync Enter - MemInfo: [malloc] Total space in use, mmap + non-mmap:        13945904 Byte
20220314 014601.685 INFO             PET0 PIOc_sync Enter - MemInfo: [malloc] Total space held (mmap + non-mmap):         14082048 Byte
20220314 014601.685 INFO             PET0 PIOc_sync Enter - MemInfo: [malloc] Total space used (mmap + non-mmap):         13954224 Byte
20220314 014601.685 INFO             PET0 PIOc_sync Enter - MemInfo: Wall-clock time since execution start:              0.0132158 seconds
20220314 014601.685 INFO             PET0 PIOc_sync Exit - MemInfo: [/proc/meminfo - SSI]	MemTotal:       527077124 kB
20220314 014601.685 INFO             PET0 PIOc_sync Exit - MemInfo: [/proc/meminfo - SSI]	MemFree:        518032968 kB
20220314 014601.685 INFO             PET0 PIOc_sync Exit - MemInfo: [/proc/meminfo - SSI]	MemAvailable:   517767956 kB
20220314 014601.685 INFO             PET0 PIOc_sync Exit - MemInfo: [/proc/meminfo - SSI]	Committed_AS:    1700508 kB
20220314 014601.685 INFO             PET0 PIOc_sync Exit - MemInfo: [/proc/meminfo - SSI]	CommittedPercent: 0.32263 %
20220314 014601.685 INFO             PET0 PIOc_sync Exit - MemInfo: [/proc/self/status]	VmPeak:	  168552 kB
20220314 014601.685 INFO             PET0 PIOc_sync Exit - MemInfo: [/proc/self/status]	VmSize:	  168548 kB
20220314 014601.685 INFO             PET0 PIOc_sync Exit - MemInfo: [/proc/self/status]	VmLck:	       0 kB
20220314 014601.685 INFO             PET0 PIOc_sync Exit - MemInfo: [/proc/self/status]	VmPin:	       0 kB
20220314 014601.685 INFO             PET0 PIOc_sync Exit - MemInfo: [/proc/self/status]	VmHWM:	   36708 kB
20220314 014601.685 INFO             PET0 PIOc_sync Exit - MemInfo: [/proc/self/status]	VmRSS:	   34524 kB
20220314 014601.685 INFO             PET0 PIOc_sync Exit - MemInfo: [/proc/self/status]	VmData:	   17460 kB
20220314 014601.685 INFO             PET0 PIOc_sync Exit - MemInfo: [/proc/self/status]	VmStk:	     156 kB
20220314 014601.685 INFO             PET0 PIOc_sync Exit - MemInfo: [/proc/self/status]	VmExe:	     200 kB
20220314 014601.685 INFO             PET0 PIOc_sync Exit - MemInfo: [/proc/self/status]	VmLib:	   77104 kB
20220314 014601.685 INFO             PET0 PIOc_sync Exit - MemInfo: [/proc/self/status]	VmPTE:	     348 kB
20220314 014601.685 INFO             PET0 PIOc_sync Exit - MemInfo: [/proc/self/status]	VmSwap:	       0 kB
20220314 014601.685 INFO             PET0 PIOc_sync Exit - MemInfo: [/proc/self/status]	VmRSSPercent: 0.00655009 %
20220314 014601.685 INFO             PET0 PIOc_sync Exit - MemInfo: [malloc] Non-mmapped space allocated:                10313728 Byte
20220314 014601.685 INFO             PET0 PIOc_sync Exit - MemInfo: [malloc] Space allocated in mmapped regions:          3768320 Byte
20220314 014601.685 INFO             PET0 PIOc_sync Exit - MemInfo: [malloc] Maximum total allocated space:                     0 Byte
20220314 014601.685 INFO             PET0 PIOc_sync Exit - MemInfo: [malloc] Space in freed fastbin blocks:                     0 Byte
20220314 014601.685 INFO             PET0 PIOc_sync Exit - MemInfo: [malloc] Total allocated space:                      10177744 Byte
20220314 014601.685 INFO             PET0 PIOc_sync Exit - MemInfo: [malloc] Total free space:                             135984 Byte
20220314 014601.685 INFO             PET0 PIOc_sync Exit - MemInfo: [malloc] Top-most, releasable space:                   129664 Byte
20220314 014601.685 INFO             PET0 PIOc_sync Exit - MemInfo: [malloc] Total space in use, mmap + non-mmap:        13946064 Byte
20220314 014601.685 INFO             PET0 PIOc_sync Exit - MemInfo: [malloc] Total space held (mmap + non-mmap):         14082048 Byte
20220314 014601.685 INFO             PET0 PIOc_sync Exit - MemInfo: [malloc] Total space used (mmap + non-mmap):         13954272 Byte
20220314 014601.685 INFO             PET0 PIOc_sync Exit - MemInfo: Wall-clock time since execution start:              0.0134577 seconds
20220314 014601.685 INFO             PET0 PIOc_freedecomp Enter - MemInfo: [/proc/meminfo - SSI]	MemTotal:       527077124 kB
20220314 014601.685 INFO             PET0 PIOc_freedecomp Enter - MemInfo: [/proc/meminfo - SSI]	MemFree:        518032968 kB
20220314 014601.685 INFO             PET0 PIOc_freedecomp Enter - MemInfo: [/proc/meminfo - SSI]	MemAvailable:   517767956 kB
20220314 014601.685 INFO             PET0 PIOc_freedecomp Enter - MemInfo: [/proc/meminfo - SSI]	Committed_AS:    1700508 kB
20220314 014601.685 INFO             PET0 PIOc_freedecomp Enter - MemInfo: [/proc/meminfo - SSI]	CommittedPercent: 0.32263 %
20220314 014601.685 INFO             PET0 PIOc_freedecomp Enter - MemInfo: [/proc/self/status]	VmPeak:	  168552 kB
20220314 014601.685 INFO             PET0 PIOc_freedecomp Enter - MemInfo: [/proc/self/status]	VmSize:	  168548 kB
20220314 014601.685 INFO             PET0 PIOc_freedecomp Enter - MemInfo: [/proc/self/status]	VmLck:	       0 kB
20220314 014601.685 INFO             PET0 PIOc_freedecomp Enter - MemInfo: [/proc/self/status]	VmPin:	       0 kB
20220314 014601.685 INFO             PET0 PIOc_freedecomp Enter - MemInfo: [/proc/self/status]	VmHWM:	   36708 kB
20220314 014601.685 INFO             PET0 PIOc_freedecomp Enter - MemInfo: [/proc/self/status]	VmRSS:	   34524 kB
20220314 014601.685 INFO             PET0 PIOc_freedecomp Enter - MemInfo: [/proc/self/status]	VmData:	   17460 kB
20220314 014601.685 INFO             PET0 PIOc_freedecomp Enter - MemInfo: [/proc/self/status]	VmStk:	     156 kB
20220314 014601.685 INFO             PET0 PIOc_freedecomp Enter - MemInfo: [/proc/self/status]	VmExe:	     200 kB
20220314 014601.685 INFO             PET0 PIOc_freedecomp Enter - MemInfo: [/proc/self/status]	VmLib:	   77104 kB
20220314 014601.685 INFO             PET0 PIOc_freedecomp Enter - MemInfo: [/proc/self/status]	VmPTE:	     348 kB
20220314 014601.685 INFO             PET0 PIOc_freedecomp Enter - MemInfo: [/proc/self/status]	VmSwap:	       0 kB
20220314 014601.685 INFO             PET0 PIOc_freedecomp Enter - MemInfo: [/proc/self/status]	VmRSSPercent: 0.00655009 %
20220314 014601.685 INFO             PET0 PIOc_freedecomp Enter - MemInfo: [malloc] Non-mmapped space allocated:                10313728 Byte
20220314 014601.685 INFO             PET0 PIOc_freedecomp Enter - MemInfo: [malloc] Space allocated in mmapped regions:          3768320 Byte
20220314 014601.685 INFO             PET0 PIOc_freedecomp Enter - MemInfo: [malloc] Maximum total allocated space:                     0 Byte
20220314 014601.685 INFO             PET0 PIOc_freedecomp Enter - MemInfo: [malloc] Space in freed fastbin blocks:                    80 Byte
20220314 014601.685 INFO             PET0 PIOc_freedecomp Enter - MemInfo: [malloc] Total allocated space:                       1252736 Byte
20220314 014601.685 INFO             PET0 PIOc_freedecomp Enter - MemInfo: [malloc] Total free space:                            9060992 Byte
20220314 014601.685 INFO             PET0 PIOc_freedecomp Enter - MemInfo: [malloc] Top-most, releasable space:                   129440 Byte
20220314 014601.685 INFO             PET0 PIOc_freedecomp Enter - MemInfo: [malloc] Total space in use, mmap + non-mmap:         5021056 Byte
20220314 014601.685 INFO             PET0 PIOc_freedecomp Enter - MemInfo: [malloc] Total space held (mmap + non-mmap):         14082048 Byte
20220314 014601.685 INFO             PET0 PIOc_freedecomp Enter - MemInfo: [malloc] Total space used (mmap + non-mmap):          5029264 Byte
20220314 014601.685 INFO             PET0 PIOc_freedecomp Enter - MemInfo: Wall-clock time since execution start:              0.0137639 seconds
20220314 014601.685 INFO             PET0 PIOc_freedecomp Exit - MemInfo: [/proc/meminfo - SSI]	MemTotal:       527077124 kB
20220314 014601.685 INFO             PET0 PIOc_freedecomp Exit - MemInfo: [/proc/meminfo - SSI]	MemFree:        518032968 kB
20220314 014601.685 INFO             PET0 PIOc_freedecomp Exit - MemInfo: [/proc/meminfo - SSI]	MemAvailable:   517767956 kB
20220314 014601.685 INFO             PET0 PIOc_freedecomp Exit - MemInfo: [/proc/meminfo - SSI]	Committed_AS:    1700508 kB
20220314 014601.685 INFO             PET0 PIOc_freedecomp Exit - MemInfo: [/proc/meminfo - SSI]	CommittedPercent: 0.32263 %
20220314 014601.685 INFO             PET0 PIOc_freedecomp Exit - MemInfo: [/proc/self/status]	VmPeak:	  168552 kB
20220314 014601.685 INFO             PET0 PIOc_freedecomp Exit - MemInfo: [/proc/self/status]	VmSize:	  168548 kB
20220314 014601.685 INFO             PET0 PIOc_freedecomp Exit - MemInfo: [/proc/self/status]	VmLck:	       0 kB
20220314 014601.685 INFO             PET0 PIOc_freedecomp Exit - MemInfo: [/proc/self/status]	VmPin:	       0 kB
20220314 014601.685 INFO             PET0 PIOc_freedecomp Exit - MemInfo: [/proc/self/status]	VmHWM:	   36708 kB
20220314 014601.685 INFO             PET0 PIOc_freedecomp Exit - MemInfo: [/proc/self/status]	VmRSS:	   34524 kB
20220314 014601.685 INFO             PET0 PIOc_freedecomp Exit - MemInfo: [/proc/self/status]	VmData:	   17460 kB
20220314 014601.685 INFO             PET0 PIOc_freedecomp Exit - MemInfo: [/proc/self/status]	VmStk:	     156 kB
20220314 014601.685 INFO             PET0 PIOc_freedecomp Exit - MemInfo: [/proc/self/status]	VmExe:	     200 kB
20220314 014601.685 INFO             PET0 PIOc_freedecomp Exit - MemInfo: [/proc/self/status]	VmLib:	   77104 kB
20220314 014601.685 INFO             PET0 PIOc_freedecomp Exit - MemInfo: [/proc/self/status]	VmPTE:	     348 kB
20220314 014601.685 INFO             PET0 PIOc_freedecomp Exit - MemInfo: [/proc/self/status]	VmSwap:	       0 kB
20220314 014601.685 INFO             PET0 PIOc_freedecomp Exit - MemInfo: [/proc/self/status]	VmRSSPercent: 0.00655009 %
20220314 014601.685 INFO             PET0 PIOc_freedecomp Exit - MemInfo: [malloc] Non-mmapped space allocated:                10313728 Byte
20220314 014601.685 INFO             PET0 PIOc_freedecomp Exit - MemInfo: [malloc] Space allocated in mmapped regions:          3768320 Byte
20220314 014601.685 INFO             PET0 PIOc_freedecomp Exit - MemInfo: [malloc] Maximum total allocated space:                     0 Byte
20220314 014601.685 INFO             PET0 PIOc_freedecomp Exit - MemInfo: [malloc] Space in freed fastbin blocks:                   816 Byte
20220314 014601.685 INFO             PET0 PIOc_freedecomp Exit - MemInfo: [malloc] Total allocated space:                       1247968 Byte
20220314 014601.685 INFO             PET0 PIOc_freedecomp Exit - MemInfo: [malloc] Total free space:                            9065760 Byte
20220314 014601.685 INFO             PET0 PIOc_freedecomp Exit - MemInfo: [malloc] Top-most, releasable space:                  9047840 Byte
20220314 014601.685 INFO             PET0 PIOc_freedecomp Exit - MemInfo: [malloc] Total space in use, mmap + non-mmap:         5016288 Byte
20220314 014601.685 INFO             PET0 PIOc_freedecomp Exit - MemInfo: [malloc] Total space held (mmap + non-mmap):         14082048 Byte
20220314 014601.685 INFO             PET0 PIOc_freedecomp Exit - MemInfo: [malloc] Total space used (mmap + non-mmap):          5024496 Byte
20220314 014601.685 INFO             PET0 PIOc_freedecomp Exit - MemInfo: Wall-clock time since execution start:              0.0139481 seconds
20220314 014601.686 INFO             PET0 PIOc_sync Enter - MemInfo: [/proc/meminfo - SSI]	MemTotal:       527077124 kB
20220314 014601.686 INFO             PET0 PIOc_sync Enter - MemInfo: [/proc/meminfo - SSI]	MemFree:        518032968 kB
20220314 014601.686 INFO             PET0 PIOc_sync Enter - MemInfo: [/proc/meminfo - SSI]	MemAvailable:   517767956 kB
20220314 014601.686 INFO             PET0 PIOc_sync Enter - MemInfo: [/proc/meminfo - SSI]	Committed_AS:    1700508 kB
20220314 014601.686 INFO             PET0 PIOc_sync Enter - MemInfo: [/proc/meminfo - SSI]	CommittedPercent: 0.32263 %
20220314 014601.686 INFO             PET0 PIOc_sync Enter - MemInfo: [/proc/self/status]	VmPeak:	  168552 kB
20220314 014601.687 INFO             PET0 PIOc_sync Enter - MemInfo: [/proc/self/status]	VmSize:	  168548 kB
20220314 014601.687 INFO             PET0 PIOc_sync Enter - MemInfo: [/proc/self/status]	VmLck:	       0 kB
20220314 014601.687 INFO             PET0 PIOc_sync Enter - MemInfo: [/proc/self/status]	VmPin:	       0 kB
20220314 014601.687 INFO             PET0 PIOc_sync Enter - MemInfo: [/proc/self/status]	VmHWM:	   36708 kB
20220314 014601.687 INFO             PET0 PIOc_sync Enter - MemInfo: [/proc/self/status]	VmRSS:	   34976 kB
20220314 014601.687 INFO             PET0 PIOc_sync Enter - MemInfo: [/proc/self/status]	VmData:	   17460 kB
20220314 014601.687 INFO             PET0 PIOc_sync Enter - MemInfo: [/proc/self/status]	VmStk:	     156 kB
20220314 014601.687 INFO             PET0 PIOc_sync Enter - MemInfo: [/proc/self/status]	VmExe:	     200 kB
20220314 014601.687 INFO             PET0 PIOc_sync Enter - MemInfo: [/proc/self/status]	VmLib:	   77104 kB
20220314 014601.687 INFO             PET0 PIOc_sync Enter - MemInfo: [/proc/self/status]	VmPTE:	     348 kB
20220314 014601.687 INFO             PET0 PIOc_sync Enter - MemInfo: [/proc/self/status]	VmSwap:	       0 kB
20220314 014601.687 INFO             PET0 PIOc_sync Enter - MemInfo: [/proc/self/status]	VmRSSPercent: 0.00663584 %
20220314 014601.687 INFO             PET0 PIOc_sync Enter - MemInfo: [malloc] Non-mmapped space allocated:                10313728 Byte
20220314 014601.687 INFO             PET0 PIOc_sync Enter - MemInfo: [malloc] Space allocated in mmapped regions:          3768320 Byte
20220314 014601.687 INFO             PET0 PIOc_sync Enter - MemInfo: [malloc] Maximum total allocated space:                     0 Byte
20220314 014601.687 INFO             PET0 PIOc_sync Enter - MemInfo: [malloc] Space in freed fastbin blocks:                   400 Byte
20220314 014601.687 INFO             PET0 PIOc_sync Enter - MemInfo: [malloc] Total allocated space:                      10178816 Byte
20220314 014601.687 INFO             PET0 PIOc_sync Enter - MemInfo: [malloc] Total free space:                             134912 Byte
20220314 014601.687 INFO             PET0 PIOc_sync Enter - MemInfo: [malloc] Top-most, releasable space:                   129888 Byte
20220314 014601.687 INFO             PET0 PIOc_sync Enter - MemInfo: [malloc] Total space in use, mmap + non-mmap:        13947136 Byte
20220314 014601.687 INFO             PET0 PIOc_sync Enter - MemInfo: [malloc] Total space held (mmap + non-mmap):         14082048 Byte
20220314 014601.687 INFO             PET0 PIOc_sync Enter - MemInfo: [malloc] Total space used (mmap + non-mmap):         13955456 Byte
20220314 014601.687 INFO             PET0 PIOc_sync Enter - MemInfo: Wall-clock time since execution start:              0.0153156 seconds
20220314 014601.687 INFO             PET0 PIOc_sync Exit - MemInfo: [/proc/meminfo - SSI]	MemTotal:       527077124 kB
20220314 014601.687 INFO             PET0 PIOc_sync Exit - MemInfo: [/proc/meminfo - SSI]	MemFree:        518032968 kB
20220314 014601.687 INFO             PET0 PIOc_sync Exit - MemInfo: [/proc/meminfo - SSI]	MemAvailable:   517767956 kB
20220314 014601.687 INFO             PET0 PIOc_sync Exit - MemInfo: [/proc/meminfo - SSI]	Committed_AS:    1700508 kB
20220314 014601.687 INFO             PET0 PIOc_sync Exit - MemInfo: [/proc/meminfo - SSI]	CommittedPercent: 0.32263 %
20220314 014601.687 INFO             PET0 PIOc_sync Exit - MemInfo: [/proc/self/status]	VmPeak:	  168552 kB
20220314 014601.687 INFO             PET0 PIOc_sync Exit - MemInfo: [/proc/self/status]	VmSize:	  168548 kB
20220314 014601.687 INFO             PET0 PIOc_sync Exit - MemInfo: [/proc/self/status]	VmLck:	       0 kB
20220314 014601.687 INFO             PET0 PIOc_sync Exit - MemInfo: [/proc/self/status]	VmPin:	       0 kB
20220314 014601.687 INFO             PET0 PIOc_sync Exit - MemInfo: [/proc/self/status]	VmHWM:	   36708 kB
20220314 014601.687 INFO             PET0 PIOc_sync Exit - MemInfo: [/proc/self/status]	VmRSS:	   34976 kB
20220314 014601.687 INFO             PET0 PIOc_sync Exit - MemInfo: [/proc/self/status]	VmData:	   17460 kB
20220314 014601.687 INFO             PET0 PIOc_sync Exit - MemInfo: [/proc/self/status]	VmStk:	     156 kB
20220314 014601.687 INFO             PET0 PIOc_sync Exit - MemInfo: [/proc/self/status]	VmExe:	     200 kB
20220314 014601.687 INFO             PET0 PIOc_sync Exit - MemInfo: [/proc/self/status]	VmLib:	   77104 kB
20220314 014601.687 INFO             PET0 PIOc_sync Exit - MemInfo: [/proc/self/status]	VmPTE:	     348 kB
20220314 014601.687 INFO             PET0 PIOc_sync Exit - MemInfo: [/proc/self/status]	VmSwap:	       0 kB
20220314 014601.687 INFO             PET0 PIOc_sync Exit - MemInfo: [/proc/self/status]	VmRSSPercent: 0.00663584 %
20220314 014601.687 INFO             PET0 PIOc_sync Exit - MemInfo: [malloc] Non-mmapped space allocated:                10313728 Byte
20220314 014601.687 INFO             PET0 PIOc_sync Exit - MemInfo: [malloc] Space allocated in mmapped regions:          3768320 Byte
20220314 014601.687 INFO             PET0 PIOc_sync Exit - MemInfo: [malloc] Maximum total allocated space:                     0 Byte
20220314 014601.687 INFO             PET0 PIOc_sync Exit - MemInfo: [malloc] Space in freed fastbin blocks:                    96 Byte
20220314 014601.687 INFO             PET0 PIOc_sync Exit - MemInfo: [malloc] Total allocated space:                      10179168 Byte
20220314 014601.687 INFO             PET0 PIOc_sync Exit - MemInfo: [malloc] Total free space:                             134560 Byte
20220314 014601.687 INFO             PET0 PIOc_sync Exit - MemInfo: [malloc] Top-most, releasable space:                   129664 Byte
20220314 014601.687 INFO             PET0 PIOc_sync Exit - MemInfo: [malloc] Total space in use, mmap + non-mmap:        13947488 Byte
20220314 014601.687 INFO             PET0 PIOc_sync Exit - MemInfo: [malloc] Total space held (mmap + non-mmap):         14082048 Byte
20220314 014601.687 INFO             PET0 PIOc_sync Exit - MemInfo: [malloc] Total space used (mmap + non-mmap):         13955696 Byte
20220314 014601.687 INFO             PET0 PIOc_sync Exit - MemInfo: Wall-clock time since execution start:              0.0155692 seconds
20220314 014601.687 INFO             PET0 PIOc_freedecomp Enter - MemInfo: [/proc/meminfo - SSI]	MemTotal:       527077124 kB
20220314 014601.687 INFO             PET0 PIOc_freedecomp Enter - MemInfo: [/proc/meminfo - SSI]	MemFree:        518032968 kB
20220314 014601.687 INFO             PET0 PIOc_freedecomp Enter - MemInfo: [/proc/meminfo - SSI]	MemAvailable:   517767956 kB
20220314 014601.687 INFO             PET0 PIOc_freedecomp Enter - MemInfo: [/proc/meminfo - SSI]	Committed_AS:    1700508 kB
20220314 014601.687 INFO             PET0 PIOc_freedecomp Enter - MemInfo: [/proc/meminfo - SSI]	CommittedPercent: 0.32263 %
20220314 014601.687 INFO             PET0 PIOc_freedecomp Enter - MemInfo: [/proc/self/status]	VmPeak:	  168552 kB
20220314 014601.687 INFO             PET0 PIOc_freedecomp Enter - MemInfo: [/proc/self/status]	VmSize:	  168548 kB
20220314 014601.687 INFO             PET0 PIOc_freedecomp Enter - MemInfo: [/proc/self/status]	VmLck:	       0 kB
20220314 014601.687 INFO             PET0 PIOc_freedecomp Enter - MemInfo: [/proc/self/status]	VmPin:	       0 kB
20220314 014601.687 INFO             PET0 PIOc_freedecomp Enter - MemInfo: [/proc/self/status]	VmHWM:	   36708 kB
20220314 014601.687 INFO             PET0 PIOc_freedecomp Enter - MemInfo: [/proc/self/status]	VmRSS:	   34976 kB
20220314 014601.687 INFO             PET0 PIOc_freedecomp Enter - MemInfo: [/proc/self/status]	VmData:	   17460 kB
20220314 014601.687 INFO             PET0 PIOc_freedecomp Enter - MemInfo: [/proc/self/status]	VmStk:	     156 kB
20220314 014601.687 INFO             PET0 PIOc_freedecomp Enter - MemInfo: [/proc/self/status]	VmExe:	     200 kB
20220314 014601.687 INFO             PET0 PIOc_freedecomp Enter - MemInfo: [/proc/self/status]	VmLib:	   77104 kB
20220314 014601.687 INFO             PET0 PIOc_freedecomp Enter - MemInfo: [/proc/self/status]	VmPTE:	     348 kB
20220314 014601.687 INFO             PET0 PIOc_freedecomp Enter - MemInfo: [/proc/self/status]	VmSwap:	       0 kB
20220314 014601.687 INFO             PET0 PIOc_freedecomp Enter - MemInfo: [/proc/self/status]	VmRSSPercent: 0.00663584 %
20220314 014601.687 INFO             PET0 PIOc_freedecomp Enter - MemInfo: [malloc] Non-mmapped space allocated:                10313728 Byte
20220314 014601.687 INFO             PET0 PIOc_freedecomp Enter - MemInfo: [malloc] Space allocated in mmapped regions:          3768320 Byte
20220314 014601.687 INFO             PET0 PIOc_freedecomp Enter - MemInfo: [malloc] Maximum total allocated space:                     0 Byte
20220314 014601.687 INFO             PET0 PIOc_freedecomp Enter - MemInfo: [malloc] Space in freed fastbin blocks:                   176 Byte
20220314 014601.687 INFO             PET0 PIOc_freedecomp Enter - MemInfo: [malloc] Total allocated space:                       1253456 Byte
20220314 014601.687 INFO             PET0 PIOc_freedecomp Enter - MemInfo: [malloc] Total free space:                            9060272 Byte
20220314 014601.687 INFO             PET0 PIOc_freedecomp Enter - MemInfo: [malloc] Top-most, releasable space:                   129440 Byte
20220314 014601.687 INFO             PET0 PIOc_freedecomp Enter - MemInfo: [malloc] Total space in use, mmap + non-mmap:         5021776 Byte
20220314 014601.687 INFO             PET0 PIOc_freedecomp Enter - MemInfo: [malloc] Total space held (mmap + non-mmap):         14082048 Byte
20220314 014601.687 INFO             PET0 PIOc_freedecomp Enter - MemInfo: [malloc] Total space used (mmap + non-mmap):          5029984 Byte
20220314 014601.687 INFO             PET0 PIOc_freedecomp Enter - MemInfo: Wall-clock time since execution start:              0.0158401 seconds
20220314 014601.687 INFO             PET0 PIOc_freedecomp Exit - MemInfo: [/proc/meminfo - SSI]	MemTotal:       527077124 kB
20220314 014601.687 INFO             PET0 PIOc_freedecomp Exit - MemInfo: [/proc/meminfo - SSI]	MemFree:        518032968 kB
20220314 014601.687 INFO             PET0 PIOc_freedecomp Exit - MemInfo: [/proc/meminfo - SSI]	MemAvailable:   517767956 kB
20220314 014601.687 INFO             PET0 PIOc_freedecomp Exit - MemInfo: [/proc/meminfo - SSI]	Committed_AS:    1700508 kB
20220314 014601.687 INFO             PET0 PIOc_freedecomp Exit - MemInfo: [/proc/meminfo - SSI]	CommittedPercent: 0.32263 %
20220314 014601.687 INFO             PET0 PIOc_freedecomp Exit - MemInfo: [/proc/self/status]	VmPeak:	  168552 kB
20220314 014601.687 INFO             PET0 PIOc_freedecomp Exit - MemInfo: [/proc/self/status]	VmSize:	  168548 kB
20220314 014601.687 INFO             PET0 PIOc_freedecomp Exit - MemInfo: [/proc/self/status]	VmLck:	       0 kB
20220314 014601.687 INFO             PET0 PIOc_freedecomp Exit - MemInfo: [/proc/self/status]	VmPin:	       0 kB
20220314 014601.687 INFO             PET0 PIOc_freedecomp Exit - MemInfo: [/proc/self/status]	VmHWM:	   36708 kB
20220314 014601.687 INFO             PET0 PIOc_freedecomp Exit - MemInfo: [/proc/self/status]	VmRSS:	   34976 kB
20220314 014601.687 INFO             PET0 PIOc_freedecomp Exit - MemInfo: [/proc/self/status]	VmData:	   17460 kB
20220314 014601.687 INFO             PET0 PIOc_freedecomp Exit - MemInfo: [/proc/self/status]	VmStk:	     156 kB
20220314 014601.687 INFO             PET0 PIOc_freedecomp Exit - MemInfo: [/proc/self/status]	VmExe:	     200 kB
20220314 014601.687 INFO             PET0 PIOc_freedecomp Exit - MemInfo: [/proc/self/status]	VmLib:	   77104 kB
20220314 014601.687 INFO             PET0 PIOc_freedecomp Exit - MemInfo: [/proc/self/status]	VmPTE:	     348 kB
20220314 014601.687 INFO             PET0 PIOc_freedecomp Exit - MemInfo: [/proc/self/status]	VmSwap:	       0 kB
20220314 014601.687 INFO             PET0 PIOc_freedecomp Exit - MemInfo: [/proc/self/status]	VmRSSPercent: 0.00663584 %
20220314 014601.687 INFO             PET0 PIOc_freedecomp Exit - MemInfo: [malloc] Non-mmapped space allocated:                10313728 Byte
20220314 014601.687 INFO             PET0 PIOc_freedecomp Exit - MemInfo: [malloc] Space allocated in mmapped regions:          3768320 Byte
20220314 014601.687 INFO             PET0 PIOc_freedecomp Exit - MemInfo: [malloc] Maximum total allocated space:                     0 Byte
20220314 014601.687 INFO             PET0 PIOc_freedecomp Exit - MemInfo: [malloc] Space in freed fastbin blocks:                   816 Byte
20220314 014601.687 INFO             PET0 PIOc_freedecomp Exit - MemInfo: [malloc] Total allocated space:                       1248688 Byte
20220314 014601.687 INFO             PET0 PIOc_freedecomp Exit - MemInfo: [malloc] Total free space:                            9065040 Byte
20220314 014601.687 INFO             PET0 PIOc_freedecomp Exit - MemInfo: [malloc] Top-most, releasable space:                  9047840 Byte
20220314 014601.687 INFO             PET0 PIOc_freedecomp Exit - MemInfo: [malloc] Total space in use, mmap + non-mmap:         5017008 Byte
20220314 014601.687 INFO             PET0 PIOc_freedecomp Exit - MemInfo: [malloc] Total space held (mmap + non-mmap):         14082048 Byte
20220314 014601.687 INFO             PET0 PIOc_freedecomp Exit - MemInfo: [malloc] Total space used (mmap + non-mmap):          5025216 Byte
20220314 014601.687 INFO             PET0 PIOc_freedecomp Exit - MemInfo: Wall-clock time since execution start:              0.0160334 seconds
20220314 014601.687 INFO             PET0 PASS ESMC_FieldRegridStoreFile test, ESMC_FieldSMMFromFileUTest.C, line 199
20220314 014601.691 INFO             PET0 PASS ESMC_FieldSMMStore from File test, ESMC_FieldSMMFromFileUTest.C, line 229
20220314 014601.691 INFO             PET0 PASS ESMC_FieldSMMStore From File validation, ESMC_FieldSMMFromFileUTest.C, line 257
20220314 014601.691 INFO             PET0 PASS ESMC_FieldRegridRelease, ESMC_FieldSMMFromFileUTest.C, line 271
20220314 014601.691 INFO             PET0 Ending Test, file ESMC_FieldSMMFromFileUTest.C, line 289
20220314 014601.691 INFO             PET0 Finalizing ESMF
20220314 014601.673 INFO             PET1 !!!!!!!!!!!!!!!!!!!!!!!!!!!!!!!!!!!!!!!!!!!!!!!!!!!!!!
20220314 014601.673 INFO             PET1 !!! THE ESMF_LOG IS SET TO OUTPUT ALL LOG MESSAGES !!!
20220314 014601.673 INFO             PET1 !!!     THIS MAY CAUSE SLOWDOWN IN PERFORMANCE     !!!
20220314 014601.673 INFO             PET1 !!! FOR PRODUCTION RUNS, USE:                      !!!
20220314 014601.673 INFO             PET1 !!!                   ESMF_LOGKIND_Multi_On_Error  !!!
20220314 014601.673 INFO             PET1 !!!!!!!!!!!!!!!!!!!!!!!!!!!!!!!!!!!!!!!!!!!!!!!!!!!!!!
20220314 014601.673 INFO             PET1 Running with ESMF Version   : v8.3.0b09-96-g559b459836
20220314 014601.673 INFO             PET1 ESMF library build date/time: "Mar 14 2022" "01:37:45"
20220314 014601.673 INFO             PET1 ESMF library build location : /lfs/h1/emc/ptmp/Mark.Potts/gfortran_10.3.0_mpich3_O_jedwards_pio_update2
20220314 014601.673 INFO             PET1 ESMF_COMM                   : mpich3
20220314 014601.673 INFO             PET1 ESMF_MOAB                   : enabled
20220314 014601.673 INFO             PET1 ESMF_LAPACK                 : enabled
20220314 014601.673 INFO             PET1 ESMF_NETCDF                 : enabled
20220314 014601.673 INFO             PET1 ESMF_PNETCDF                : disabled
20220314 014601.673 INFO             PET1 ESMF_PIO                    : enabled
20220314 014601.673 INFO             PET1 ESMF_YAMLCPP                : enabled
20220314 014601.674 INFO             PET1 Beginning Test, file ESMC_FieldSMMFromFileUTest.C, line 41
20220314 014601.674 INFO             PET1 Beginning Test, file ESMC_FieldSMMFromFileUTest.C, line 41NUMBER_OF_PROCESSORS 4
20220314 014601.682 INFO             PET1 PIOc_sync Enter - MemInfo: [/proc/meminfo - SSI]	MemTotal:       527077124 kB
20220314 014601.682 INFO             PET1 PIOc_sync Enter - MemInfo: [/proc/meminfo - SSI]	MemFree:        518031424 kB
20220314 014601.682 INFO             PET1 PIOc_sync Enter - MemInfo: [/proc/meminfo - SSI]	MemAvailable:   517766412 kB
20220314 014601.682 INFO             PET1 PIOc_sync Enter - MemInfo: [/proc/meminfo - SSI]	Committed_AS:    1700044 kB
20220314 014601.682 INFO             PET1 PIOc_sync Enter - MemInfo: [/proc/meminfo - SSI]	CommittedPercent: 0.322542 %
20220314 014601.682 INFO             PET1 PIOc_sync Enter - MemInfo: [/proc/self/status]	VmPeak:	  159600 kB
20220314 014601.682 INFO             PET1 PIOc_sync Enter - MemInfo: [/proc/self/status]	VmSize:	  159324 kB
20220314 014601.682 INFO             PET1 PIOc_sync Enter - MemInfo: [/proc/self/status]	VmLck:	       0 kB
20220314 014601.682 INFO             PET1 PIOc_sync Enter - MemInfo: [/proc/self/status]	VmPin:	       0 kB
20220314 014601.682 INFO             PET1 PIOc_sync Enter - MemInfo: [/proc/self/status]	VmHWM:	   25392 kB
20220314 014601.682 INFO             PET1 PIOc_sync Enter - MemInfo: [/proc/self/status]	VmRSS:	   25392 kB
20220314 014601.682 INFO             PET1 PIOc_sync Enter - MemInfo: [/proc/self/status]	VmData:	    8236 kB
20220314 014601.682 INFO             PET1 PIOc_sync Enter - MemInfo: [/proc/self/status]	VmStk:	     156 kB
20220314 014601.682 INFO             PET1 PIOc_sync Enter - MemInfo: [/proc/self/status]	VmExe:	     200 kB
20220314 014601.682 INFO             PET1 PIOc_sync Enter - MemInfo: [/proc/self/status]	VmLib:	   77104 kB
20220314 014601.682 INFO             PET1 PIOc_sync Enter - MemInfo: [/proc/self/status]	VmPTE:	     324 kB
20220314 014601.682 INFO             PET1 PIOc_sync Enter - MemInfo: [/proc/self/status]	VmSwap:	       0 kB
20220314 014601.682 INFO             PET1 PIOc_sync Enter - MemInfo: [/proc/self/status]	VmRSSPercent: 0.00481751 %
20220314 014601.682 INFO             PET1 PIOc_sync Enter - MemInfo: [malloc] Non-mmapped space allocated:                 1159168 Byte
20220314 014601.682 INFO             PET1 PIOc_sync Enter - MemInfo: [malloc] Space allocated in mmapped regions:          3477504 Byte
20220314 014601.682 INFO             PET1 PIOc_sync Enter - MemInfo: [malloc] Maximum total allocated space:                     0 Byte
20220314 014601.682 INFO             PET1 PIOc_sync Enter - MemInfo: [malloc] Space in freed fastbin blocks:                     0 Byte
20220314 014601.682 INFO             PET1 PIOc_sync Enter - MemInfo: [malloc] Total allocated space:                       1010832 Byte
20220314 014601.682 INFO             PET1 PIOc_sync Enter - MemInfo: [malloc] Total free space:                             148336 Byte
20220314 014601.682 INFO             PET1 PIOc_sync Enter - MemInfo: [malloc] Top-most, releasable space:                   132944 Byte
20220314 014601.682 INFO             PET1 PIOc_sync Enter - MemInfo: [malloc] Total space in use, mmap + non-mmap:         4488336 Byte
20220314 014601.682 INFO             PET1 PIOc_sync Enter - MemInfo: [malloc] Total space held (mmap + non-mmap):          4636672 Byte
20220314 014601.682 INFO             PET1 PIOc_sync Enter - MemInfo: [malloc] Total space used (mmap + non-mmap):          4496544 Byte
20220314 014601.682 INFO             PET1 PIOc_sync Enter - MemInfo: Wall-clock time since execution start:              0.0104369 seconds
20220314 014601.682 INFO             PET1 PIOc_sync Exit - MemInfo: [/proc/meminfo - SSI]	MemTotal:       527077124 kB
20220314 014601.682 INFO             PET1 PIOc_sync Exit - MemInfo: [/proc/meminfo - SSI]	MemFree:        518031424 kB
20220314 014601.682 INFO             PET1 PIOc_sync Exit - MemInfo: [/proc/meminfo - SSI]	MemAvailable:   517766412 kB
20220314 014601.682 INFO             PET1 PIOc_sync Exit - MemInfo: [/proc/meminfo - SSI]	Committed_AS:    1700512 kB
20220314 014601.682 INFO             PET1 PIOc_sync Exit - MemInfo: [/proc/meminfo - SSI]	CommittedPercent: 0.322631 %
20220314 014601.682 INFO             PET1 PIOc_sync Exit - MemInfo: [/proc/self/status]	VmPeak:	  159600 kB
20220314 014601.682 INFO             PET1 PIOc_sync Exit - MemInfo: [/proc/self/status]	VmSize:	  159324 kB
20220314 014601.682 INFO             PET1 PIOc_sync Exit - MemInfo: [/proc/self/status]	VmLck:	       0 kB
20220314 014601.682 INFO             PET1 PIOc_sync Exit - MemInfo: [/proc/self/status]	VmPin:	       0 kB
20220314 014601.682 INFO             PET1 PIOc_sync Exit - MemInfo: [/proc/self/status]	VmHWM:	   25392 kB
20220314 014601.682 INFO             PET1 PIOc_sync Exit - MemInfo: [/proc/self/status]	VmRSS:	   25392 kB
20220314 014601.682 INFO             PET1 PIOc_sync Exit - MemInfo: [/proc/self/status]	VmData:	    8236 kB
20220314 014601.682 INFO             PET1 PIOc_sync Exit - MemInfo: [/proc/self/status]	VmStk:	     156 kB
20220314 014601.682 INFO             PET1 PIOc_sync Exit - MemInfo: [/proc/self/status]	VmExe:	     200 kB
20220314 014601.682 INFO             PET1 PIOc_sync Exit - MemInfo: [/proc/self/status]	VmLib:	   77104 kB
20220314 014601.682 INFO             PET1 PIOc_sync Exit - MemInfo: [/proc/self/status]	VmPTE:	     324 kB
20220314 014601.682 INFO             PET1 PIOc_sync Exit - MemInfo: [/proc/self/status]	VmSwap:	       0 kB
20220314 014601.682 INFO             PET1 PIOc_sync Exit - MemInfo: [/proc/self/status]	VmRSSPercent: 0.00481751 %
20220314 014601.682 INFO             PET1 PIOc_sync Exit - MemInfo: [malloc] Non-mmapped space allocated:                 1159168 Byte
20220314 014601.682 INFO             PET1 PIOc_sync Exit - MemInfo: [malloc] Space allocated in mmapped regions:          3477504 Byte
20220314 014601.682 INFO             PET1 PIOc_sync Exit - MemInfo: [malloc] Maximum total allocated space:                     0 Byte
20220314 014601.682 INFO             PET1 PIOc_sync Exit - MemInfo: [malloc] Space in freed fastbin blocks:                     0 Byte
20220314 014601.682 INFO             PET1 PIOc_sync Exit - MemInfo: [malloc] Total allocated space:                       1011152 Byte
20220314 014601.682 INFO             PET1 PIOc_sync Exit - MemInfo: [malloc] Total free space:                             148016 Byte
20220314 014601.682 INFO             PET1 PIOc_sync Exit - MemInfo: [malloc] Top-most, releasable space:                   132720 Byte
20220314 014601.682 INFO             PET1 PIOc_sync Exit - MemInfo: [malloc] Total space in use, mmap + non-mmap:         4488656 Byte
20220314 014601.682 INFO             PET1 PIOc_sync Exit - MemInfo: [malloc] Total space held (mmap + non-mmap):          4636672 Byte
20220314 014601.682 INFO             PET1 PIOc_sync Exit - MemInfo: [malloc] Total space used (mmap + non-mmap):          4496864 Byte
20220314 014601.682 INFO             PET1 PIOc_sync Exit - MemInfo: Wall-clock time since execution start:              0.0107808 seconds
20220314 014601.682 INFO             PET1 PIOc_freedecomp Enter - MemInfo: [/proc/meminfo - SSI]	MemTotal:       527077124 kB
20220314 014601.682 INFO             PET1 PIOc_freedecomp Enter - MemInfo: [/proc/meminfo - SSI]	MemFree:        518037820 kB
20220314 014601.682 INFO             PET1 PIOc_freedecomp Enter - MemInfo: [/proc/meminfo - SSI]	MemAvailable:   517772808 kB
20220314 014601.682 INFO             PET1 PIOc_freedecomp Enter - MemInfo: [/proc/meminfo - SSI]	Committed_AS:    1691800 kB
20220314 014601.682 INFO             PET1 PIOc_freedecomp Enter - MemInfo: [/proc/meminfo - SSI]	CommittedPercent: 0.320978 %
20220314 014601.682 INFO             PET1 PIOc_freedecomp Enter - MemInfo: [/proc/self/status]	VmPeak:	  159600 kB
20220314 014601.682 INFO             PET1 PIOc_freedecomp Enter - MemInfo: [/proc/self/status]	VmSize:	  159324 kB
20220314 014601.682 INFO             PET1 PIOc_freedecomp Enter - MemInfo: [/proc/self/status]	VmLck:	       0 kB
20220314 014601.682 INFO             PET1 PIOc_freedecomp Enter - MemInfo: [/proc/self/status]	VmPin:	       0 kB
20220314 014601.682 INFO             PET1 PIOc_freedecomp Enter - MemInfo: [/proc/self/status]	VmHWM:	   25392 kB
20220314 014601.682 INFO             PET1 PIOc_freedecomp Enter - MemInfo: [/proc/self/status]	VmRSS:	   25392 kB
20220314 014601.682 INFO             PET1 PIOc_freedecomp Enter - MemInfo: [/proc/self/status]	VmData:	    8236 kB
20220314 014601.682 INFO             PET1 PIOc_freedecomp Enter - MemInfo: [/proc/self/status]	VmStk:	     156 kB
20220314 014601.682 INFO             PET1 PIOc_freedecomp Enter - MemInfo: [/proc/self/status]	VmExe:	     200 kB
20220314 014601.682 INFO             PET1 PIOc_freedecomp Enter - MemInfo: [/proc/self/status]	VmLib:	   77104 kB
20220314 014601.682 INFO             PET1 PIOc_freedecomp Enter - MemInfo: [/proc/self/status]	VmPTE:	     324 kB
20220314 014601.682 INFO             PET1 PIOc_freedecomp Enter - MemInfo: [/proc/self/status]	VmSwap:	       0 kB
20220314 014601.682 INFO             PET1 PIOc_freedecomp Enter - MemInfo: [/proc/self/status]	VmRSSPercent: 0.00481751 %
20220314 014601.682 INFO             PET1 PIOc_freedecomp Enter - MemInfo: [malloc] Non-mmapped space allocated:                 1159168 Byte
20220314 014601.682 INFO             PET1 PIOc_freedecomp Enter - MemInfo: [malloc] Space allocated in mmapped regions:          3477504 Byte
20220314 014601.682 INFO             PET1 PIOc_freedecomp Enter - MemInfo: [malloc] Maximum total allocated space:                     0 Byte
20220314 014601.682 INFO             PET1 PIOc_freedecomp Enter - MemInfo: [malloc] Space in freed fastbin blocks:                     0 Byte
20220314 014601.682 INFO             PET1 PIOc_freedecomp Enter - MemInfo: [malloc] Total allocated space:                       1011088 Byte
20220314 014601.682 INFO             PET1 PIOc_freedecomp Enter - MemInfo: [malloc] Total free space:                             148080 Byte
20220314 014601.682 INFO             PET1 PIOc_freedecomp Enter - MemInfo: [malloc] Top-most, releasable space:                   132496 Byte
20220314 014601.682 INFO             PET1 PIOc_freedecomp Enter - MemInfo: [malloc] Total space in use, mmap + non-mmap:         4488592 Byte
20220314 014601.682 INFO             PET1 PIOc_freedecomp Enter - MemInfo: [malloc] Total space held (mmap + non-mmap):          4636672 Byte
20220314 014601.682 INFO             PET1 PIOc_freedecomp Enter - MemInfo: [malloc] Total space used (mmap + non-mmap):          4496800 Byte
20220314 014601.682 INFO             PET1 PIOc_freedecomp Enter - MemInfo: Wall-clock time since execution start:              0.0111612 seconds
20220314 014601.683 INFO             PET1 PIOc_freedecomp Exit - MemInfo: [/proc/meminfo - SSI]	MemTotal:       527077124 kB
20220314 014601.683 INFO             PET1 PIOc_freedecomp Exit - MemInfo: [/proc/meminfo - SSI]	MemFree:        518037820 kB
20220314 014601.683 INFO             PET1 PIOc_freedecomp Exit - MemInfo: [/proc/meminfo - SSI]	MemAvailable:   517772808 kB
20220314 014601.683 INFO             PET1 PIOc_freedecomp Exit - MemInfo: [/proc/meminfo - SSI]	Committed_AS:    1691800 kB
20220314 014601.683 INFO             PET1 PIOc_freedecomp Exit - MemInfo: [/proc/meminfo - SSI]	CommittedPercent: 0.320978 %
20220314 014601.683 INFO             PET1 PIOc_freedecomp Exit - MemInfo: [/proc/self/status]	VmPeak:	  159600 kB
20220314 014601.683 INFO             PET1 PIOc_freedecomp Exit - MemInfo: [/proc/self/status]	VmSize:	  159324 kB
20220314 014601.683 INFO             PET1 PIOc_freedecomp Exit - MemInfo: [/proc/self/status]	VmLck:	       0 kB
20220314 014601.683 INFO             PET1 PIOc_freedecomp Exit - MemInfo: [/proc/self/status]	VmPin:	       0 kB
20220314 014601.683 INFO             PET1 PIOc_freedecomp Exit - MemInfo: [/proc/self/status]	VmHWM:	   25392 kB
20220314 014601.683 INFO             PET1 PIOc_freedecomp Exit - MemInfo: [/proc/self/status]	VmRSS:	   25392 kB
20220314 014601.683 INFO             PET1 PIOc_freedecomp Exit - MemInfo: [/proc/self/status]	VmData:	    8236 kB
20220314 014601.683 INFO             PET1 PIOc_freedecomp Exit - MemInfo: [/proc/self/status]	VmStk:	     156 kB
20220314 014601.683 INFO             PET1 PIOc_freedecomp Exit - MemInfo: [/proc/self/status]	VmExe:	     200 kB
20220314 014601.683 INFO             PET1 PIOc_freedecomp Exit - MemInfo: [/proc/self/status]	VmLib:	   77104 kB
20220314 014601.683 INFO             PET1 PIOc_freedecomp Exit - MemInfo: [/proc/self/status]	VmPTE:	     324 kB
20220314 014601.683 INFO             PET1 PIOc_freedecomp Exit - MemInfo: [/proc/self/status]	VmSwap:	       0 kB
20220314 014601.683 INFO             PET1 PIOc_freedecomp Exit - MemInfo: [/proc/self/status]	VmRSSPercent: 0.00481751 %
20220314 014601.683 INFO             PET1 PIOc_freedecomp Exit - MemInfo: [malloc] Non-mmapped space allocated:                 1159168 Byte
20220314 014601.683 INFO             PET1 PIOc_freedecomp Exit - MemInfo: [malloc] Space allocated in mmapped regions:          3477504 Byte
20220314 014601.683 INFO             PET1 PIOc_freedecomp Exit - MemInfo: [malloc] Maximum total allocated space:                     0 Byte
20220314 014601.683 INFO             PET1 PIOc_freedecomp Exit - MemInfo: [malloc] Space in freed fastbin blocks:                   240 Byte
20220314 014601.683 INFO             PET1 PIOc_freedecomp Exit - MemInfo: [malloc] Total allocated space:                       1009488 Byte
20220314 014601.683 INFO             PET1 PIOc_freedecomp Exit - MemInfo: [malloc] Total free space:                             149680 Byte
20220314 014601.683 INFO             PET1 PIOc_freedecomp Exit - MemInfo: [malloc] Top-most, releasable space:                   132272 Byte
20220314 014601.683 INFO             PET1 PIOc_freedecomp Exit - MemInfo: [malloc] Total space in use, mmap + non-mmap:         4486992 Byte
20220314 014601.683 INFO             PET1 PIOc_freedecomp Exit - MemInfo: [malloc] Total space held (mmap + non-mmap):          4636672 Byte
20220314 014601.683 INFO             PET1 PIOc_freedecomp Exit - MemInfo: [malloc] Total space used (mmap + non-mmap):          4495200 Byte
20220314 014601.683 INFO             PET1 PIOc_freedecomp Exit - MemInfo: Wall-clock time since execution start:               0.011352 seconds
20220314 014601.684 INFO             PET1 PIOc_sync Enter - MemInfo: [/proc/meminfo - SSI]	MemTotal:       527077124 kB
20220314 014601.684 INFO             PET1 PIOc_sync Enter - MemInfo: [/proc/meminfo - SSI]	MemFree:        518032968 kB
20220314 014601.684 INFO             PET1 PIOc_sync Enter - MemInfo: [/proc/meminfo - SSI]	MemAvailable:   517767956 kB
20220314 014601.684 INFO             PET1 PIOc_sync Enter - MemInfo: [/proc/meminfo - SSI]	Committed_AS:    1700508 kB
20220314 014601.684 INFO             PET1 PIOc_sync Enter - MemInfo: [/proc/meminfo - SSI]	CommittedPercent: 0.32263 %
20220314 014601.684 INFO             PET1 PIOc_sync Enter - MemInfo: [/proc/self/status]	VmPeak:	  159600 kB
20220314 014601.684 INFO             PET1 PIOc_sync Enter - MemInfo: [/proc/self/status]	VmSize:	  159324 kB
20220314 014601.684 INFO             PET1 PIOc_sync Enter - MemInfo: [/proc/self/status]	VmLck:	       0 kB
20220314 014601.684 INFO             PET1 PIOc_sync Enter - MemInfo: [/proc/self/status]	VmPin:	       0 kB
20220314 014601.684 INFO             PET1 PIOc_sync Enter - MemInfo: [/proc/self/status]	VmHWM:	   25512 kB
20220314 014601.684 INFO             PET1 PIOc_sync Enter - MemInfo: [/proc/self/status]	VmRSS:	   25496 kB
20220314 014601.684 INFO             PET1 PIOc_sync Enter - MemInfo: [/proc/self/status]	VmData:	    8236 kB
20220314 014601.684 INFO             PET1 PIOc_sync Enter - MemInfo: [/proc/self/status]	VmStk:	     156 kB
20220314 014601.684 INFO             PET1 PIOc_sync Enter - MemInfo: [/proc/self/status]	VmExe:	     200 kB
20220314 014601.684 INFO             PET1 PIOc_sync Enter - MemInfo: [/proc/self/status]	VmLib:	   77104 kB
20220314 014601.684 INFO             PET1 PIOc_sync Enter - MemInfo: [/proc/self/status]	VmPTE:	     324 kB
20220314 014601.684 INFO             PET1 PIOc_sync Enter - MemInfo: [/proc/self/status]	VmSwap:	       0 kB
20220314 014601.684 INFO             PET1 PIOc_sync Enter - MemInfo: [/proc/self/status]	VmRSSPercent: 0.00483724 %
20220314 014601.684 INFO             PET1 PIOc_sync Enter - MemInfo: [malloc] Non-mmapped space allocated:                 1159168 Byte
20220314 014601.684 INFO             PET1 PIOc_sync Enter - MemInfo: [malloc] Space allocated in mmapped regions:          3477504 Byte
20220314 014601.684 INFO             PET1 PIOc_sync Enter - MemInfo: [malloc] Maximum total allocated space:                     0 Byte
20220314 014601.684 INFO             PET1 PIOc_sync Enter - MemInfo: [malloc] Space in freed fastbin blocks:                    48 Byte
20220314 014601.684 INFO             PET1 PIOc_sync Enter - MemInfo: [malloc] Total allocated space:                       1013216 Byte
20220314 014601.684 INFO             PET1 PIOc_sync Enter - MemInfo: [malloc] Total free space:                             145952 Byte
20220314 014601.684 INFO             PET1 PIOc_sync Enter - MemInfo: [malloc] Top-most, releasable space:                   132048 Byte
20220314 014601.684 INFO             PET1 PIOc_sync Enter - MemInfo: [malloc] Total space in use, mmap + non-mmap:         4490720 Byte
20220314 014601.685 INFO             PET1 PIOc_sync Enter - MemInfo: [malloc] Total space held (mmap + non-mmap):          4636672 Byte
20220314 014601.685 INFO             PET1 PIOc_sync Enter - MemInfo: [malloc] Total space used (mmap + non-mmap):          4498928 Byte
20220314 014601.685 INFO             PET1 PIOc_sync Enter - MemInfo: Wall-clock time since execution start:              0.0131913 seconds
20220314 014601.685 INFO             PET1 PIOc_sync Exit - MemInfo: [/proc/meminfo - SSI]	MemTotal:       527077124 kB
20220314 014601.685 INFO             PET1 PIOc_sync Exit - MemInfo: [/proc/meminfo - SSI]	MemFree:        518032968 kB
20220314 014601.685 INFO             PET1 PIOc_sync Exit - MemInfo: [/proc/meminfo - SSI]	MemAvailable:   517767956 kB
20220314 014601.685 INFO             PET1 PIOc_sync Exit - MemInfo: [/proc/meminfo - SSI]	Committed_AS:    1700508 kB
20220314 014601.685 INFO             PET1 PIOc_sync Exit - MemInfo: [/proc/meminfo - SSI]	CommittedPercent: 0.32263 %
20220314 014601.685 INFO             PET1 PIOc_sync Exit - MemInfo: [/proc/self/status]	VmPeak:	  159600 kB
20220314 014601.685 INFO             PET1 PIOc_sync Exit - MemInfo: [/proc/self/status]	VmSize:	  159324 kB
20220314 014601.685 INFO             PET1 PIOc_sync Exit - MemInfo: [/proc/self/status]	VmLck:	       0 kB
20220314 014601.685 INFO             PET1 PIOc_sync Exit - MemInfo: [/proc/self/status]	VmPin:	       0 kB
20220314 014601.685 INFO             PET1 PIOc_sync Exit - MemInfo: [/proc/self/status]	VmHWM:	   25512 kB
20220314 014601.685 INFO             PET1 PIOc_sync Exit - MemInfo: [/proc/self/status]	VmRSS:	   25496 kB
20220314 014601.685 INFO             PET1 PIOc_sync Exit - MemInfo: [/proc/self/status]	VmData:	    8236 kB
20220314 014601.685 INFO             PET1 PIOc_sync Exit - MemInfo: [/proc/self/status]	VmStk:	     156 kB
20220314 014601.685 INFO             PET1 PIOc_sync Exit - MemInfo: [/proc/self/status]	VmExe:	     200 kB
20220314 014601.685 INFO             PET1 PIOc_sync Exit - MemInfo: [/proc/self/status]	VmLib:	   77104 kB
20220314 014601.685 INFO             PET1 PIOc_sync Exit - MemInfo: [/proc/self/status]	VmPTE:	     324 kB
20220314 014601.685 INFO             PET1 PIOc_sync Exit - MemInfo: [/proc/self/status]	VmSwap:	       0 kB
20220314 014601.685 INFO             PET1 PIOc_sync Exit - MemInfo: [/proc/self/status]	VmRSSPercent: 0.00483724 %
20220314 014601.685 INFO             PET1 PIOc_sync Exit - MemInfo: [malloc] Non-mmapped space allocated:                 1159168 Byte
20220314 014601.685 INFO             PET1 PIOc_sync Exit - MemInfo: [malloc] Space allocated in mmapped regions:          3477504 Byte
20220314 014601.685 INFO             PET1 PIOc_sync Exit - MemInfo: [malloc] Maximum total allocated space:                     0 Byte
20220314 014601.685 INFO             PET1 PIOc_sync Exit - MemInfo: [malloc] Space in freed fastbin blocks:                     0 Byte
20220314 014601.685 INFO             PET1 PIOc_sync Exit - MemInfo: [malloc] Total allocated space:                       1013216 Byte
20220314 014601.685 INFO             PET1 PIOc_sync Exit - MemInfo: [malloc] Total free space:                             145952 Byte
20220314 014601.685 INFO             PET1 PIOc_sync Exit - MemInfo: [malloc] Top-most, releasable space:                   131824 Byte
20220314 014601.685 INFO             PET1 PIOc_sync Exit - MemInfo: [malloc] Total space in use, mmap + non-mmap:         4490720 Byte
20220314 014601.685 INFO             PET1 PIOc_sync Exit - MemInfo: [malloc] Total space held (mmap + non-mmap):          4636672 Byte
20220314 014601.685 INFO             PET1 PIOc_sync Exit - MemInfo: [malloc] Total space used (mmap + non-mmap):          4498928 Byte
20220314 014601.685 INFO             PET1 PIOc_sync Exit - MemInfo: Wall-clock time since execution start:              0.0134391 seconds
20220314 014601.685 INFO             PET1 PIOc_freedecomp Enter - MemInfo: [/proc/meminfo - SSI]	MemTotal:       527077124 kB
20220314 014601.685 INFO             PET1 PIOc_freedecomp Enter - MemInfo: [/proc/meminfo - SSI]	MemFree:        518032968 kB
20220314 014601.685 INFO             PET1 PIOc_freedecomp Enter - MemInfo: [/proc/meminfo - SSI]	MemAvailable:   517767956 kB
20220314 014601.685 INFO             PET1 PIOc_freedecomp Enter - MemInfo: [/proc/meminfo - SSI]	Committed_AS:    1700508 kB
20220314 014601.685 INFO             PET1 PIOc_freedecomp Enter - MemInfo: [/proc/meminfo - SSI]	CommittedPercent: 0.32263 %
20220314 014601.685 INFO             PET1 PIOc_freedecomp Enter - MemInfo: [/proc/self/status]	VmPeak:	  159600 kB
20220314 014601.685 INFO             PET1 PIOc_freedecomp Enter - MemInfo: [/proc/self/status]	VmSize:	  159324 kB
20220314 014601.685 INFO             PET1 PIOc_freedecomp Enter - MemInfo: [/proc/self/status]	VmLck:	       0 kB
20220314 014601.685 INFO             PET1 PIOc_freedecomp Enter - MemInfo: [/proc/self/status]	VmPin:	       0 kB
20220314 014601.685 INFO             PET1 PIOc_freedecomp Enter - MemInfo: [/proc/self/status]	VmHWM:	   25512 kB
20220314 014601.685 INFO             PET1 PIOc_freedecomp Enter - MemInfo: [/proc/self/status]	VmRSS:	   25496 kB
20220314 014601.685 INFO             PET1 PIOc_freedecomp Enter - MemInfo: [/proc/self/status]	VmData:	    8236 kB
20220314 014601.685 INFO             PET1 PIOc_freedecomp Enter - MemInfo: [/proc/self/status]	VmStk:	     156 kB
20220314 014601.685 INFO             PET1 PIOc_freedecomp Enter - MemInfo: [/proc/self/status]	VmExe:	     200 kB
20220314 014601.685 INFO             PET1 PIOc_freedecomp Enter - MemInfo: [/proc/self/status]	VmLib:	   77104 kB
20220314 014601.685 INFO             PET1 PIOc_freedecomp Enter - MemInfo: [/proc/self/status]	VmPTE:	     324 kB
20220314 014601.685 INFO             PET1 PIOc_freedecomp Enter - MemInfo: [/proc/self/status]	VmSwap:	       0 kB
20220314 014601.685 INFO             PET1 PIOc_freedecomp Enter - MemInfo: [/proc/self/status]	VmRSSPercent: 0.00483724 %
20220314 014601.685 INFO             PET1 PIOc_freedecomp Enter - MemInfo: [malloc] Non-mmapped space allocated:                 1159168 Byte
20220314 014601.685 INFO             PET1 PIOc_freedecomp Enter - MemInfo: [malloc] Space allocated in mmapped regions:          3477504 Byte
20220314 014601.685 INFO             PET1 PIOc_freedecomp Enter - MemInfo: [malloc] Maximum total allocated space:                     0 Byte
20220314 014601.685 INFO             PET1 PIOc_freedecomp Enter - MemInfo: [malloc] Space in freed fastbin blocks:                     0 Byte
20220314 014601.685 INFO             PET1 PIOc_freedecomp Enter - MemInfo: [malloc] Total allocated space:                       1012256 Byte
20220314 014601.685 INFO             PET1 PIOc_freedecomp Enter - MemInfo: [malloc] Total free space:                             146912 Byte
20220314 014601.685 INFO             PET1 PIOc_freedecomp Enter - MemInfo: [malloc] Top-most, releasable space:                   131600 Byte
20220314 014601.685 INFO             PET1 PIOc_freedecomp Enter - MemInfo: [malloc] Total space in use, mmap + non-mmap:         4489760 Byte
20220314 014601.685 INFO             PET1 PIOc_freedecomp Enter - MemInfo: [malloc] Total space held (mmap + non-mmap):          4636672 Byte
20220314 014601.685 INFO             PET1 PIOc_freedecomp Enter - MemInfo: [malloc] Total space used (mmap + non-mmap):          4497968 Byte
20220314 014601.685 INFO             PET1 PIOc_freedecomp Enter - MemInfo: Wall-clock time since execution start:              0.0137404 seconds
20220314 014601.685 INFO             PET1 PIOc_freedecomp Exit - MemInfo: [/proc/meminfo - SSI]	MemTotal:       527077124 kB
20220314 014601.685 INFO             PET1 PIOc_freedecomp Exit - MemInfo: [/proc/meminfo - SSI]	MemFree:        518032968 kB
20220314 014601.685 INFO             PET1 PIOc_freedecomp Exit - MemInfo: [/proc/meminfo - SSI]	MemAvailable:   517767956 kB
20220314 014601.685 INFO             PET1 PIOc_freedecomp Exit - MemInfo: [/proc/meminfo - SSI]	Committed_AS:    1700508 kB
20220314 014601.685 INFO             PET1 PIOc_freedecomp Exit - MemInfo: [/proc/meminfo - SSI]	CommittedPercent: 0.32263 %
20220314 014601.685 INFO             PET1 PIOc_freedecomp Exit - MemInfo: [/proc/self/status]	VmPeak:	  159600 kB
20220314 014601.685 INFO             PET1 PIOc_freedecomp Exit - MemInfo: [/proc/self/status]	VmSize:	  159324 kB
20220314 014601.685 INFO             PET1 PIOc_freedecomp Exit - MemInfo: [/proc/self/status]	VmLck:	       0 kB
20220314 014601.685 INFO             PET1 PIOc_freedecomp Exit - MemInfo: [/proc/self/status]	VmPin:	       0 kB
20220314 014601.685 INFO             PET1 PIOc_freedecomp Exit - MemInfo: [/proc/self/status]	VmHWM:	   25512 kB
20220314 014601.685 INFO             PET1 PIOc_freedecomp Exit - MemInfo: [/proc/self/status]	VmRSS:	   25496 kB
20220314 014601.685 INFO             PET1 PIOc_freedecomp Exit - MemInfo: [/proc/self/status]	VmData:	    8236 kB
20220314 014601.685 INFO             PET1 PIOc_freedecomp Exit - MemInfo: [/proc/self/status]	VmStk:	     156 kB
20220314 014601.685 INFO             PET1 PIOc_freedecomp Exit - MemInfo: [/proc/self/status]	VmExe:	     200 kB
20220314 014601.685 INFO             PET1 PIOc_freedecomp Exit - MemInfo: [/proc/self/status]	VmLib:	   77104 kB
20220314 014601.685 INFO             PET1 PIOc_freedecomp Exit - MemInfo: [/proc/self/status]	VmPTE:	     324 kB
20220314 014601.685 INFO             PET1 PIOc_freedecomp Exit - MemInfo: [/proc/self/status]	VmSwap:	       0 kB
20220314 014601.685 INFO             PET1 PIOc_freedecomp Exit - MemInfo: [/proc/self/status]	VmRSSPercent: 0.00483724 %
20220314 014601.685 INFO             PET1 PIOc_freedecomp Exit - MemInfo: [malloc] Non-mmapped space allocated:                 1159168 Byte
20220314 014601.685 INFO             PET1 PIOc_freedecomp Exit - MemInfo: [malloc] Space allocated in mmapped regions:          3477504 Byte
20220314 014601.685 INFO             PET1 PIOc_freedecomp Exit - MemInfo: [malloc] Maximum total allocated space:                     0 Byte
20220314 014601.685 INFO             PET1 PIOc_freedecomp Exit - MemInfo: [malloc] Space in freed fastbin blocks:                   368 Byte
20220314 014601.685 INFO             PET1 PIOc_freedecomp Exit - MemInfo: [malloc] Total allocated space:                       1010304 Byte
20220314 014601.685 INFO             PET1 PIOc_freedecomp Exit - MemInfo: [malloc] Total free space:                             148864 Byte
20220314 014601.685 INFO             PET1 PIOc_freedecomp Exit - MemInfo: [malloc] Top-most, releasable space:                   131376 Byte
20220314 014601.685 INFO             PET1 PIOc_freedecomp Exit - MemInfo: [malloc] Total space in use, mmap + non-mmap:         4487808 Byte
20220314 014601.685 INFO             PET1 PIOc_freedecomp Exit - MemInfo: [malloc] Total space held (mmap + non-mmap):          4636672 Byte
20220314 014601.685 INFO             PET1 PIOc_freedecomp Exit - MemInfo: [malloc] Total space used (mmap + non-mmap):          4496016 Byte
20220314 014601.685 INFO             PET1 PIOc_freedecomp Exit - MemInfo: Wall-clock time since execution start:              0.0139243 seconds
20220314 014601.686 INFO             PET1 PIOc_sync Enter - MemInfo: [/proc/meminfo - SSI]	MemTotal:       527077124 kB
20220314 014601.686 INFO             PET1 PIOc_sync Enter - MemInfo: [/proc/meminfo - SSI]	MemFree:        518032968 kB
20220314 014601.686 INFO             PET1 PIOc_sync Enter - MemInfo: [/proc/meminfo - SSI]	MemAvailable:   517767956 kB
20220314 014601.686 INFO             PET1 PIOc_sync Enter - MemInfo: [/proc/meminfo - SSI]	Committed_AS:    1700508 kB
20220314 014601.686 INFO             PET1 PIOc_sync Enter - MemInfo: [/proc/meminfo - SSI]	CommittedPercent: 0.32263 %
20220314 014601.686 INFO             PET1 PIOc_sync Enter - MemInfo: [/proc/self/status]	VmPeak:	  159600 kB
20220314 014601.686 INFO             PET1 PIOc_sync Enter - MemInfo: [/proc/self/status]	VmSize:	  159324 kB
20220314 014601.686 INFO             PET1 PIOc_sync Enter - MemInfo: [/proc/self/status]	VmLck:	       0 kB
20220314 014601.686 INFO             PET1 PIOc_sync Enter - MemInfo: [/proc/self/status]	VmPin:	       0 kB
20220314 014601.687 INFO             PET1 PIOc_sync Enter - MemInfo: [/proc/self/status]	VmHWM:	   25516 kB
20220314 014601.687 INFO             PET1 PIOc_sync Enter - MemInfo: [/proc/self/status]	VmRSS:	   25500 kB
20220314 014601.687 INFO             PET1 PIOc_sync Enter - MemInfo: [/proc/self/status]	VmData:	    8236 kB
20220314 014601.687 INFO             PET1 PIOc_sync Enter - MemInfo: [/proc/self/status]	VmStk:	     156 kB
20220314 014601.687 INFO             PET1 PIOc_sync Enter - MemInfo: [/proc/self/status]	VmExe:	     200 kB
20220314 014601.687 INFO             PET1 PIOc_sync Enter - MemInfo: [/proc/self/status]	VmLib:	   77104 kB
20220314 014601.687 INFO             PET1 PIOc_sync Enter - MemInfo: [/proc/self/status]	VmPTE:	     324 kB
20220314 014601.687 INFO             PET1 PIOc_sync Enter - MemInfo: [/proc/self/status]	VmSwap:	       0 kB
20220314 014601.687 INFO             PET1 PIOc_sync Enter - MemInfo: [/proc/self/status]	VmRSSPercent: 0.004838 %
20220314 014601.687 INFO             PET1 PIOc_sync Enter - MemInfo: [malloc] Non-mmapped space allocated:                 1159168 Byte
20220314 014601.687 INFO             PET1 PIOc_sync Enter - MemInfo: [malloc] Space allocated in mmapped regions:          3477504 Byte
20220314 014601.687 INFO             PET1 PIOc_sync Enter - MemInfo: [malloc] Maximum total allocated space:                     0 Byte
20220314 014601.687 INFO             PET1 PIOc_sync Enter - MemInfo: [malloc] Space in freed fastbin blocks:                    48 Byte
20220314 014601.687 INFO             PET1 PIOc_sync Enter - MemInfo: [malloc] Total allocated space:                       1014528 Byte
20220314 014601.687 INFO             PET1 PIOc_sync Enter - MemInfo: [malloc] Total free space:                             144640 Byte
20220314 014601.687 INFO             PET1 PIOc_sync Enter - MemInfo: [malloc] Top-most, releasable space:                   131152 Byte
20220314 014601.687 INFO             PET1 PIOc_sync Enter - MemInfo: [malloc] Total space in use, mmap + non-mmap:         4492032 Byte
20220314 014601.687 INFO             PET1 PIOc_sync Enter - MemInfo: [malloc] Total space held (mmap + non-mmap):          4636672 Byte
20220314 014601.687 INFO             PET1 PIOc_sync Enter - MemInfo: [malloc] Total space used (mmap + non-mmap):          4500240 Byte
20220314 014601.687 INFO             PET1 PIOc_sync Enter - MemInfo: Wall-clock time since execution start:              0.0152978 seconds
20220314 014601.687 INFO             PET1 PIOc_sync Exit - MemInfo: [/proc/meminfo - SSI]	MemTotal:       527077124 kB
20220314 014601.687 INFO             PET1 PIOc_sync Exit - MemInfo: [/proc/meminfo - SSI]	MemFree:        518032968 kB
20220314 014601.687 INFO             PET1 PIOc_sync Exit - MemInfo: [/proc/meminfo - SSI]	MemAvailable:   517767956 kB
20220314 014601.687 INFO             PET1 PIOc_sync Exit - MemInfo: [/proc/meminfo - SSI]	Committed_AS:    1700508 kB
20220314 014601.687 INFO             PET1 PIOc_sync Exit - MemInfo: [/proc/meminfo - SSI]	CommittedPercent: 0.32263 %
20220314 014601.687 INFO             PET1 PIOc_sync Exit - MemInfo: [/proc/self/status]	VmPeak:	  159600 kB
20220314 014601.687 INFO             PET1 PIOc_sync Exit - MemInfo: [/proc/self/status]	VmSize:	  159324 kB
20220314 014601.687 INFO             PET1 PIOc_sync Exit - MemInfo: [/proc/self/status]	VmLck:	       0 kB
20220314 014601.687 INFO             PET1 PIOc_sync Exit - MemInfo: [/proc/self/status]	VmPin:	       0 kB
20220314 014601.687 INFO             PET1 PIOc_sync Exit - MemInfo: [/proc/self/status]	VmHWM:	   25516 kB
20220314 014601.687 INFO             PET1 PIOc_sync Exit - MemInfo: [/proc/self/status]	VmRSS:	   25500 kB
20220314 014601.687 INFO             PET1 PIOc_sync Exit - MemInfo: [/proc/self/status]	VmData:	    8236 kB
20220314 014601.687 INFO             PET1 PIOc_sync Exit - MemInfo: [/proc/self/status]	VmStk:	     156 kB
20220314 014601.687 INFO             PET1 PIOc_sync Exit - MemInfo: [/proc/self/status]	VmExe:	     200 kB
20220314 014601.687 INFO             PET1 PIOc_sync Exit - MemInfo: [/proc/self/status]	VmLib:	   77104 kB
20220314 014601.687 INFO             PET1 PIOc_sync Exit - MemInfo: [/proc/self/status]	VmPTE:	     324 kB
20220314 014601.687 INFO             PET1 PIOc_sync Exit - MemInfo: [/proc/self/status]	VmSwap:	       0 kB
20220314 014601.687 INFO             PET1 PIOc_sync Exit - MemInfo: [/proc/self/status]	VmRSSPercent: 0.004838 %
20220314 014601.687 INFO             PET1 PIOc_sync Exit - MemInfo: [malloc] Non-mmapped space allocated:                 1159168 Byte
20220314 014601.687 INFO             PET1 PIOc_sync Exit - MemInfo: [malloc] Space allocated in mmapped regions:          3477504 Byte
20220314 014601.687 INFO             PET1 PIOc_sync Exit - MemInfo: [malloc] Maximum total allocated space:                     0 Byte
20220314 014601.687 INFO             PET1 PIOc_sync Exit - MemInfo: [malloc] Space in freed fastbin blocks:                     0 Byte
20220314 014601.687 INFO             PET1 PIOc_sync Exit - MemInfo: [malloc] Total allocated space:                       1014000 Byte
20220314 014601.687 INFO             PET1 PIOc_sync Exit - MemInfo: [malloc] Total free space:                             145168 Byte
20220314 014601.687 INFO             PET1 PIOc_sync Exit - MemInfo: [malloc] Top-most, releasable space:                   130928 Byte
20220314 014601.687 INFO             PET1 PIOc_sync Exit - MemInfo: [malloc] Total space in use, mmap + non-mmap:         4491504 Byte
20220314 014601.687 INFO             PET1 PIOc_sync Exit - MemInfo: [malloc] Total space held (mmap + non-mmap):          4636672 Byte
20220314 014601.687 INFO             PET1 PIOc_sync Exit - MemInfo: [malloc] Total space used (mmap + non-mmap):          4499712 Byte
20220314 014601.687 INFO             PET1 PIOc_sync Exit - MemInfo: Wall-clock time since execution start:              0.0155625 seconds
20220314 014601.687 INFO             PET1 PIOc_freedecomp Enter - MemInfo: [/proc/meminfo - SSI]	MemTotal:       527077124 kB
20220314 014601.687 INFO             PET1 PIOc_freedecomp Enter - MemInfo: [/proc/meminfo - SSI]	MemFree:        518032968 kB
20220314 014601.687 INFO             PET1 PIOc_freedecomp Enter - MemInfo: [/proc/meminfo - SSI]	MemAvailable:   517767956 kB
20220314 014601.687 INFO             PET1 PIOc_freedecomp Enter - MemInfo: [/proc/meminfo - SSI]	Committed_AS:    1700508 kB
20220314 014601.687 INFO             PET1 PIOc_freedecomp Enter - MemInfo: [/proc/meminfo - SSI]	CommittedPercent: 0.32263 %
20220314 014601.687 INFO             PET1 PIOc_freedecomp Enter - MemInfo: [/proc/self/status]	VmPeak:	  159600 kB
20220314 014601.687 INFO             PET1 PIOc_freedecomp Enter - MemInfo: [/proc/self/status]	VmSize:	  159324 kB
20220314 014601.687 INFO             PET1 PIOc_freedecomp Enter - MemInfo: [/proc/self/status]	VmLck:	       0 kB
20220314 014601.687 INFO             PET1 PIOc_freedecomp Enter - MemInfo: [/proc/self/status]	VmPin:	       0 kB
20220314 014601.687 INFO             PET1 PIOc_freedecomp Enter - MemInfo: [/proc/self/status]	VmHWM:	   25516 kB
20220314 014601.687 INFO             PET1 PIOc_freedecomp Enter - MemInfo: [/proc/self/status]	VmRSS:	   25500 kB
20220314 014601.687 INFO             PET1 PIOc_freedecomp Enter - MemInfo: [/proc/self/status]	VmData:	    8236 kB
20220314 014601.687 INFO             PET1 PIOc_freedecomp Enter - MemInfo: [/proc/self/status]	VmStk:	     156 kB
20220314 014601.687 INFO             PET1 PIOc_freedecomp Enter - MemInfo: [/proc/self/status]	VmExe:	     200 kB
20220314 014601.687 INFO             PET1 PIOc_freedecomp Enter - MemInfo: [/proc/self/status]	VmLib:	   77104 kB
20220314 014601.687 INFO             PET1 PIOc_freedecomp Enter - MemInfo: [/proc/self/status]	VmPTE:	     324 kB
20220314 014601.687 INFO             PET1 PIOc_freedecomp Enter - MemInfo: [/proc/self/status]	VmSwap:	       0 kB
20220314 014601.687 INFO             PET1 PIOc_freedecomp Enter - MemInfo: [/proc/self/status]	VmRSSPercent: 0.004838 %
20220314 014601.687 INFO             PET1 PIOc_freedecomp Enter - MemInfo: [malloc] Non-mmapped space allocated:                 1159168 Byte
20220314 014601.687 INFO             PET1 PIOc_freedecomp Enter - MemInfo: [malloc] Space allocated in mmapped regions:          3477504 Byte
20220314 014601.687 INFO             PET1 PIOc_freedecomp Enter - MemInfo: [malloc] Maximum total allocated space:                     0 Byte
20220314 014601.687 INFO             PET1 PIOc_freedecomp Enter - MemInfo: [malloc] Space in freed fastbin blocks:                     0 Byte
20220314 014601.687 INFO             PET1 PIOc_freedecomp Enter - MemInfo: [malloc] Total allocated space:                       1012368 Byte
20220314 014601.687 INFO             PET1 PIOc_freedecomp Enter - MemInfo: [malloc] Total free space:                             146800 Byte
20220314 014601.687 INFO             PET1 PIOc_freedecomp Enter - MemInfo: [malloc] Top-most, releasable space:                   130704 Byte
20220314 014601.687 INFO             PET1 PIOc_freedecomp Enter - MemInfo: [malloc] Total space in use, mmap + non-mmap:         4489872 Byte
20220314 014601.687 INFO             PET1 PIOc_freedecomp Enter - MemInfo: [malloc] Total space held (mmap + non-mmap):          4636672 Byte
20220314 014601.687 INFO             PET1 PIOc_freedecomp Enter - MemInfo: [malloc] Total space used (mmap + non-mmap):          4498080 Byte
20220314 014601.687 INFO             PET1 PIOc_freedecomp Enter - MemInfo: Wall-clock time since execution start:              0.0158173 seconds
20220314 014601.687 INFO             PET1 PIOc_freedecomp Exit - MemInfo: [/proc/meminfo - SSI]	MemTotal:       527077124 kB
20220314 014601.687 INFO             PET1 PIOc_freedecomp Exit - MemInfo: [/proc/meminfo - SSI]	MemFree:        518032968 kB
20220314 014601.687 INFO             PET1 PIOc_freedecomp Exit - MemInfo: [/proc/meminfo - SSI]	MemAvailable:   517767956 kB
20220314 014601.687 INFO             PET1 PIOc_freedecomp Exit - MemInfo: [/proc/meminfo - SSI]	Committed_AS:    1700508 kB
20220314 014601.687 INFO             PET1 PIOc_freedecomp Exit - MemInfo: [/proc/meminfo - SSI]	CommittedPercent: 0.32263 %
20220314 014601.687 INFO             PET1 PIOc_freedecomp Exit - MemInfo: [/proc/self/status]	VmPeak:	  159600 kB
20220314 014601.687 INFO             PET1 PIOc_freedecomp Exit - MemInfo: [/proc/self/status]	VmSize:	  159324 kB
20220314 014601.687 INFO             PET1 PIOc_freedecomp Exit - MemInfo: [/proc/self/status]	VmLck:	       0 kB
20220314 014601.687 INFO             PET1 PIOc_freedecomp Exit - MemInfo: [/proc/self/status]	VmPin:	       0 kB
20220314 014601.687 INFO             PET1 PIOc_freedecomp Exit - MemInfo: [/proc/self/status]	VmHWM:	   25516 kB
20220314 014601.687 INFO             PET1 PIOc_freedecomp Exit - MemInfo: [/proc/self/status]	VmRSS:	   25500 kB
20220314 014601.687 INFO             PET1 PIOc_freedecomp Exit - MemInfo: [/proc/self/status]	VmData:	    8236 kB
20220314 014601.687 INFO             PET1 PIOc_freedecomp Exit - MemInfo: [/proc/self/status]	VmStk:	     156 kB
20220314 014601.687 INFO             PET1 PIOc_freedecomp Exit - MemInfo: [/proc/self/status]	VmExe:	     200 kB
20220314 014601.687 INFO             PET1 PIOc_freedecomp Exit - MemInfo: [/proc/self/status]	VmLib:	   77104 kB
20220314 014601.687 INFO             PET1 PIOc_freedecomp Exit - MemInfo: [/proc/self/status]	VmPTE:	     324 kB
20220314 014601.687 INFO             PET1 PIOc_freedecomp Exit - MemInfo: [/proc/self/status]	VmSwap:	       0 kB
20220314 014601.687 INFO             PET1 PIOc_freedecomp Exit - MemInfo: [/proc/self/status]	VmRSSPercent: 0.004838 %
20220314 014601.687 INFO             PET1 PIOc_freedecomp Exit - MemInfo: [malloc] Non-mmapped space allocated:                 1159168 Byte
20220314 014601.687 INFO             PET1 PIOc_freedecomp Exit - MemInfo: [malloc] Space allocated in mmapped regions:          3477504 Byte
20220314 014601.687 INFO             PET1 PIOc_freedecomp Exit - MemInfo: [malloc] Maximum total allocated space:                     0 Byte
20220314 014601.687 INFO             PET1 PIOc_freedecomp Exit - MemInfo: [malloc] Space in freed fastbin blocks:                   368 Byte
20220314 014601.687 INFO             PET1 PIOc_freedecomp Exit - MemInfo: [malloc] Total allocated space:                       1010416 Byte
20220314 014601.687 INFO             PET1 PIOc_freedecomp Exit - MemInfo: [malloc] Total free space:                             148752 Byte
20220314 014601.687 INFO             PET1 PIOc_freedecomp Exit - MemInfo: [malloc] Top-most, releasable space:                   130480 Byte
20220314 014601.687 INFO             PET1 PIOc_freedecomp Exit - MemInfo: [malloc] Total space in use, mmap + non-mmap:         4487920 Byte
20220314 014601.687 INFO             PET1 PIOc_freedecomp Exit - MemInfo: [malloc] Total space held (mmap + non-mmap):          4636672 Byte
20220314 014601.687 INFO             PET1 PIOc_freedecomp Exit - MemInfo: [malloc] Total space used (mmap + non-mmap):          4496128 Byte
20220314 014601.687 INFO             PET1 PIOc_freedecomp Exit - MemInfo: Wall-clock time since execution start:              0.0160083 seconds
20220314 014601.687 INFO             PET1 PASS ESMC_FieldRegridStoreFile test, ESMC_FieldSMMFromFileUTest.C, line 199
20220314 014601.691 INFO             PET1 PASS ESMC_FieldSMMStore from File test, ESMC_FieldSMMFromFileUTest.C, line 229
20220314 014601.691 INFO             PET1 PASS ESMC_FieldSMMStore From File validation, ESMC_FieldSMMFromFileUTest.C, line 257
20220314 014601.691 INFO             PET1 PASS ESMC_FieldRegridRelease, ESMC_FieldSMMFromFileUTest.C, line 271
20220314 014601.691 INFO             PET1 Ending Test, file ESMC_FieldSMMFromFileUTest.C, line 289
20220314 014601.691 INFO             PET1 Finalizing ESMF
20220314 014601.673 INFO             PET2 !!!!!!!!!!!!!!!!!!!!!!!!!!!!!!!!!!!!!!!!!!!!!!!!!!!!!!
20220314 014601.673 INFO             PET2 !!! THE ESMF_LOG IS SET TO OUTPUT ALL LOG MESSAGES !!!
20220314 014601.673 INFO             PET2 !!!     THIS MAY CAUSE SLOWDOWN IN PERFORMANCE     !!!
20220314 014601.673 INFO             PET2 !!! FOR PRODUCTION RUNS, USE:                      !!!
20220314 014601.673 INFO             PET2 !!!                   ESMF_LOGKIND_Multi_On_Error  !!!
20220314 014601.673 INFO             PET2 !!!!!!!!!!!!!!!!!!!!!!!!!!!!!!!!!!!!!!!!!!!!!!!!!!!!!!
20220314 014601.673 INFO             PET2 Running with ESMF Version   : v8.3.0b09-96-g559b459836
20220314 014601.673 INFO             PET2 ESMF library build date/time: "Mar 14 2022" "01:37:45"
20220314 014601.673 INFO             PET2 ESMF library build location : /lfs/h1/emc/ptmp/Mark.Potts/gfortran_10.3.0_mpich3_O_jedwards_pio_update2
20220314 014601.673 INFO             PET2 ESMF_COMM                   : mpich3
20220314 014601.674 INFO             PET2 ESMF_MOAB                   : enabled
20220314 014601.674 INFO             PET2 ESMF_LAPACK                 : enabled
20220314 014601.674 INFO             PET2 ESMF_NETCDF                 : enabled
20220314 014601.674 INFO             PET2 ESMF_PNETCDF                : disabled
20220314 014601.674 INFO             PET2 ESMF_PIO                    : enabled
20220314 014601.674 INFO             PET2 ESMF_YAMLCPP                : enabled
20220314 014601.674 INFO             PET2 Beginning Test, file ESMC_FieldSMMFromFileUTest.C, line 41
20220314 014601.674 INFO             PET2 Beginning Test, file ESMC_FieldSMMFromFileUTest.C, line 41NUMBER_OF_PROCESSORS 4
20220314 014601.682 INFO             PET2 PIOc_sync Enter - MemInfo: [/proc/meminfo - SSI]	MemTotal:       527077124 kB
20220314 014601.682 INFO             PET2 PIOc_sync Enter - MemInfo: [/proc/meminfo - SSI]	MemFree:        518031424 kB
20220314 014601.682 INFO             PET2 PIOc_sync Enter - MemInfo: [/proc/meminfo - SSI]	MemAvailable:   517766412 kB
20220314 014601.682 INFO             PET2 PIOc_sync Enter - MemInfo: [/proc/meminfo - SSI]	Committed_AS:    1700044 kB
20220314 014601.682 INFO             PET2 PIOc_sync Enter - MemInfo: [/proc/meminfo - SSI]	CommittedPercent: 0.322542 %
20220314 014601.682 INFO             PET2 PIOc_sync Enter - MemInfo: [/proc/self/status]	VmPeak:	  159600 kB
20220314 014601.682 INFO             PET2 PIOc_sync Enter - MemInfo: [/proc/self/status]	VmSize:	  159324 kB
20220314 014601.682 INFO             PET2 PIOc_sync Enter - MemInfo: [/proc/self/status]	VmLck:	       0 kB
20220314 014601.682 INFO             PET2 PIOc_sync Enter - MemInfo: [/proc/self/status]	VmPin:	       0 kB
20220314 014601.682 INFO             PET2 PIOc_sync Enter - MemInfo: [/proc/self/status]	VmHWM:	   24832 kB
20220314 014601.682 INFO             PET2 PIOc_sync Enter - MemInfo: [/proc/self/status]	VmRSS:	   24832 kB
20220314 014601.682 INFO             PET2 PIOc_sync Enter - MemInfo: [/proc/self/status]	VmData:	    8236 kB
20220314 014601.682 INFO             PET2 PIOc_sync Enter - MemInfo: [/proc/self/status]	VmStk:	     156 kB
20220314 014601.682 INFO             PET2 PIOc_sync Enter - MemInfo: [/proc/self/status]	VmExe:	     200 kB
20220314 014601.682 INFO             PET2 PIOc_sync Enter - MemInfo: [/proc/self/status]	VmLib:	   77104 kB
20220314 014601.682 INFO             PET2 PIOc_sync Enter - MemInfo: [/proc/self/status]	VmPTE:	     328 kB
20220314 014601.682 INFO             PET2 PIOc_sync Enter - MemInfo: [/proc/self/status]	VmSwap:	       0 kB
20220314 014601.682 INFO             PET2 PIOc_sync Enter - MemInfo: [/proc/self/status]	VmRSSPercent: 0.00471126 %
20220314 014601.682 INFO             PET2 PIOc_sync Enter - MemInfo: [malloc] Non-mmapped space allocated:                 1159168 Byte
20220314 014601.682 INFO             PET2 PIOc_sync Enter - MemInfo: [malloc] Space allocated in mmapped regions:          3477504 Byte
20220314 014601.682 INFO             PET2 PIOc_sync Enter - MemInfo: [malloc] Maximum total allocated space:                     0 Byte
20220314 014601.682 INFO             PET2 PIOc_sync Enter - MemInfo: [malloc] Space in freed fastbin blocks:                    48 Byte
20220314 014601.682 INFO             PET2 PIOc_sync Enter - MemInfo: [malloc] Total allocated space:                       1010112 Byte
20220314 014601.682 INFO             PET2 PIOc_sync Enter - MemInfo: [malloc] Total free space:                             149056 Byte
20220314 014601.682 INFO             PET2 PIOc_sync Enter - MemInfo: [malloc] Top-most, releasable space:                   134928 Byte
20220314 014601.682 INFO             PET2 PIOc_sync Enter - MemInfo: [malloc] Total space in use, mmap + non-mmap:         4487616 Byte
20220314 014601.682 INFO             PET2 PIOc_sync Enter - MemInfo: [malloc] Total space held (mmap + non-mmap):          4636672 Byte
20220314 014601.682 INFO             PET2 PIOc_sync Enter - MemInfo: [malloc] Total space used (mmap + non-mmap):          4495824 Byte
20220314 014601.682 INFO             PET2 PIOc_sync Enter - MemInfo: Wall-clock time since execution start:              0.0104469 seconds
20220314 014601.682 INFO             PET2 PIOc_sync Exit - MemInfo: [/proc/meminfo - SSI]	MemTotal:       527077124 kB
20220314 014601.682 INFO             PET2 PIOc_sync Exit - MemInfo: [/proc/meminfo - SSI]	MemFree:        518031424 kB
20220314 014601.682 INFO             PET2 PIOc_sync Exit - MemInfo: [/proc/meminfo - SSI]	MemAvailable:   517766412 kB
20220314 014601.682 INFO             PET2 PIOc_sync Exit - MemInfo: [/proc/meminfo - SSI]	Committed_AS:    1700512 kB
20220314 014601.682 INFO             PET2 PIOc_sync Exit - MemInfo: [/proc/meminfo - SSI]	CommittedPercent: 0.322631 %
20220314 014601.682 INFO             PET2 PIOc_sync Exit - MemInfo: [/proc/self/status]	VmPeak:	  159600 kB
20220314 014601.682 INFO             PET2 PIOc_sync Exit - MemInfo: [/proc/self/status]	VmSize:	  159324 kB
20220314 014601.682 INFO             PET2 PIOc_sync Exit - MemInfo: [/proc/self/status]	VmLck:	       0 kB
20220314 014601.682 INFO             PET2 PIOc_sync Exit - MemInfo: [/proc/self/status]	VmPin:	       0 kB
20220314 014601.682 INFO             PET2 PIOc_sync Exit - MemInfo: [/proc/self/status]	VmHWM:	   24832 kB
20220314 014601.682 INFO             PET2 PIOc_sync Exit - MemInfo: [/proc/self/status]	VmRSS:	   24832 kB
20220314 014601.682 INFO             PET2 PIOc_sync Exit - MemInfo: [/proc/self/status]	VmData:	    8236 kB
20220314 014601.682 INFO             PET2 PIOc_sync Exit - MemInfo: [/proc/self/status]	VmStk:	     156 kB
20220314 014601.682 INFO             PET2 PIOc_sync Exit - MemInfo: [/proc/self/status]	VmExe:	     200 kB
20220314 014601.682 INFO             PET2 PIOc_sync Exit - MemInfo: [/proc/self/status]	VmLib:	   77104 kB
20220314 014601.682 INFO             PET2 PIOc_sync Exit - MemInfo: [/proc/self/status]	VmPTE:	     328 kB
20220314 014601.682 INFO             PET2 PIOc_sync Exit - MemInfo: [/proc/self/status]	VmSwap:	       0 kB
20220314 014601.682 INFO             PET2 PIOc_sync Exit - MemInfo: [/proc/self/status]	VmRSSPercent: 0.00471126 %
20220314 014601.682 INFO             PET2 PIOc_sync Exit - MemInfo: [malloc] Non-mmapped space allocated:                 1159168 Byte
20220314 014601.682 INFO             PET2 PIOc_sync Exit - MemInfo: [malloc] Space allocated in mmapped regions:          3477504 Byte
20220314 014601.682 INFO             PET2 PIOc_sync Exit - MemInfo: [malloc] Maximum total allocated space:                     0 Byte
20220314 014601.682 INFO             PET2 PIOc_sync Exit - MemInfo: [malloc] Space in freed fastbin blocks:                     0 Byte
20220314 014601.682 INFO             PET2 PIOc_sync Exit - MemInfo: [malloc] Total allocated space:                       1010432 Byte
20220314 014601.682 INFO             PET2 PIOc_sync Exit - MemInfo: [malloc] Total free space:                             148736 Byte
20220314 014601.682 INFO             PET2 PIOc_sync Exit - MemInfo: [malloc] Top-most, releasable space:                   134704 Byte
20220314 014601.682 INFO             PET2 PIOc_sync Exit - MemInfo: [malloc] Total space in use, mmap + non-mmap:         4487936 Byte
20220314 014601.682 INFO             PET2 PIOc_sync Exit - MemInfo: [malloc] Total space held (mmap + non-mmap):          4636672 Byte
20220314 014601.682 INFO             PET2 PIOc_sync Exit - MemInfo: [malloc] Total space used (mmap + non-mmap):          4496144 Byte
20220314 014601.682 INFO             PET2 PIOc_sync Exit - MemInfo: Wall-clock time since execution start:               0.010768 seconds
20220314 014601.682 INFO             PET2 PIOc_freedecomp Enter - MemInfo: [/proc/meminfo - SSI]	MemTotal:       527077124 kB
20220314 014601.682 INFO             PET2 PIOc_freedecomp Enter - MemInfo: [/proc/meminfo - SSI]	MemFree:        518037820 kB
20220314 014601.682 INFO             PET2 PIOc_freedecomp Enter - MemInfo: [/proc/meminfo - SSI]	MemAvailable:   517772808 kB
20220314 014601.682 INFO             PET2 PIOc_freedecomp Enter - MemInfo: [/proc/meminfo - SSI]	Committed_AS:    1691800 kB
