build time -- 2022-03-13 03:32:27
20220313 033908.351 INFO             PET0 !!!!!!!!!!!!!!!!!!!!!!!!!!!!!!!!!!!!!!!!!!!!!!!!!!!!!!
20220313 033908.351 INFO             PET0 !!! THE ESMF_LOG IS SET TO OUTPUT ALL LOG MESSAGES !!!
20220313 033908.351 INFO             PET0 !!!     THIS MAY CAUSE SLOWDOWN IN PERFORMANCE     !!!
20220313 033908.351 INFO             PET0 !!! FOR PRODUCTION RUNS, USE:                      !!!
20220313 033908.351 INFO             PET0 !!!                   ESMF_LOGKIND_Multi_On_Error  !!!
20220313 033908.351 INFO             PET0 !!!!!!!!!!!!!!!!!!!!!!!!!!!!!!!!!!!!!!!!!!!!!!!!!!!!!!
20220313 033908.351 INFO             PET0 Running with ESMF Version   : v8.3.0b09-96-g559b459836
20220313 033908.351 INFO             PET0 ESMF library build date/time: "Mar 13 2022" "03:31:26"
20220313 033908.351 INFO             PET0 ESMF library build location : /lfs/h1/emc/ptmp/Mark.Potts/gfortran_10.3.0_mpich3_O_jedwards_pio_update2
20220313 033908.351 INFO             PET0 ESMF_COMM                   : mpich3
20220313 033908.351 INFO             PET0 ESMF_MOAB                   : enabled
20220313 033908.351 INFO             PET0 ESMF_LAPACK                 : enabled
20220313 033908.351 INFO             PET0 ESMF_NETCDF                 : enabled
20220313 033908.351 INFO             PET0 ESMF_PNETCDF                : disabled
20220313 033908.351 INFO             PET0 ESMF_PIO                    : enabled
20220313 033908.351 INFO             PET0 ESMF_YAMLCPP                : enabled
20220313 033908.351 INFO             PET0  Beginning Test, file ESMF_ArrayIOUTest.F90, line 103
20220313 033908.351 INFO             PET0  NUMBER_OF_PROCESSORS           6
20220313 033908.351 INFO             PET0  PASS  dstDistgrid Create Test, ESMF_ArrayIOUTest.F90, line 137
20220313 033908.351 INFO             PET0  PASS  Array Spec Set Test, ESMF_ArrayIOUTest.F90, line 145
20220313 033908.352 INFO             PET0  PASS  Array with Halo Create Test, ESMF_ArrayIOUTest.F90, line 160
20220313 033908.352 INFO             PET0  PASS  Array without Halo Create Test, ESMF_ArrayIOUTest.F90, line 170
20220313 033908.352 INFO             PET0  PASS  Accessing Fortran pointers for Arrays Test, ESMF_ArrayIOUTest.F90, line 225
20220313 033908.356 INFO             PET0 PIOc_sync Enter - MemInfo: [/proc/meminfo - SSI]	MemTotal:       527077124 kB
20220313 033908.356 INFO             PET0 PIOc_sync Enter - MemInfo: [/proc/meminfo - SSI]	MemFree:        518476772 kB
20220313 033908.356 INFO             PET0 PIOc_sync Enter - MemInfo: [/proc/meminfo - SSI]	MemAvailable:   517950928 kB
20220313 033908.356 INFO             PET0 PIOc_sync Enter - MemInfo: [/proc/meminfo - SSI]	Committed_AS:    1678468 kB
20220313 033908.356 INFO             PET0 PIOc_sync Enter - MemInfo: [/proc/meminfo - SSI]	CommittedPercent: 0.318448 %
20220313 033908.356 INFO             PET0 PIOc_sync Enter - MemInfo: [/proc/self/status]	VmPeak:	  176644 kB
20220313 033908.356 INFO             PET0 PIOc_sync Enter - MemInfo: [/proc/self/status]	VmSize:	  176644 kB
20220313 033908.356 INFO             PET0 PIOc_sync Enter - MemInfo: [/proc/self/status]	VmLck:	       0 kB
20220313 033908.356 INFO             PET0 PIOc_sync Enter - MemInfo: [/proc/self/status]	VmPin:	       0 kB
20220313 033908.356 INFO             PET0 PIOc_sync Enter - MemInfo: [/proc/self/status]	VmHWM:	   32240 kB
20220313 033908.356 INFO             PET0 PIOc_sync Enter - MemInfo: [/proc/self/status]	VmRSS:	   32240 kB
20220313 033908.356 INFO             PET0 PIOc_sync Enter - MemInfo: [/proc/self/status]	VmData:	   16680 kB
20220313 033908.356 INFO             PET0 PIOc_sync Enter - MemInfo: [/proc/self/status]	VmStk:	     156 kB
20220313 033908.356 INFO             PET0 PIOc_sync Enter - MemInfo: [/proc/self/status]	VmExe:	     300 kB
20220313 033908.356 INFO             PET0 PIOc_sync Enter - MemInfo: [/proc/self/status]	VmLib:	   77104 kB
20220313 033908.356 INFO             PET0 PIOc_sync Enter - MemInfo: [/proc/self/status]	VmPTE:	     340 kB
20220313 033908.356 INFO             PET0 PIOc_sync Enter - MemInfo: [/proc/self/status]	VmSwap:	       0 kB
20220313 033908.356 INFO             PET0 PIOc_sync Enter - MemInfo: [/proc/self/status]	VmRSSPercent: 0.00611675 %
20220313 033908.356 INFO             PET0 PIOc_sync Enter - MemInfo: [malloc] Non-mmapped space allocated:                 1028096 Byte
20220313 033908.356 INFO             PET0 PIOc_sync Enter - MemInfo: [malloc] Space allocated in mmapped regions:         12259328 Byte
20220313 033908.356 INFO             PET0 PIOc_sync Enter - MemInfo: [malloc] Maximum total allocated space:                     0 Byte
20220313 033908.356 INFO             PET0 PIOc_sync Enter - MemInfo: [malloc] Space in freed fastbin blocks:                     0 Byte
20220313 033908.356 INFO             PET0 PIOc_sync Enter - MemInfo: [malloc] Total allocated space:                        869552 Byte
20220313 033908.356 INFO             PET0 PIOc_sync Enter - MemInfo: [malloc] Total free space:                             158544 Byte
20220313 033908.356 INFO             PET0 PIOc_sync Enter - MemInfo: [malloc] Top-most, releasable space:                   133808 Byte
20220313 033908.356 INFO             PET0 PIOc_sync Enter - MemInfo: [malloc] Total space in use, mmap + non-mmap:        13128880 Byte
20220313 033908.356 INFO             PET0 PIOc_sync Enter - MemInfo: [malloc] Total space held (mmap + non-mmap):         13287424 Byte
20220313 033908.356 INFO             PET0 PIOc_sync Enter - MemInfo: [malloc] Total space used (mmap + non-mmap):         13137536 Byte
20220313 033908.356 INFO             PET0 PIOc_sync Enter - MemInfo: Wall-clock time since execution start:             0.00775399 seconds
20220313 033908.356 INFO             PET0 PIOc_sync Exit - MemInfo: [/proc/meminfo - SSI]	MemTotal:       527077124 kB
20220313 033908.356 INFO             PET0 PIOc_sync Exit - MemInfo: [/proc/meminfo - SSI]	MemFree:        518476268 kB
20220313 033908.356 INFO             PET0 PIOc_sync Exit - MemInfo: [/proc/meminfo - SSI]	MemAvailable:   517950424 kB
20220313 033908.356 INFO             PET0 PIOc_sync Exit - MemInfo: [/proc/meminfo - SSI]	Committed_AS:    1678752 kB
20220313 033908.356 INFO             PET0 PIOc_sync Exit - MemInfo: [/proc/meminfo - SSI]	CommittedPercent: 0.318502 %
20220313 033908.357 INFO             PET0 PIOc_sync Exit - MemInfo: [/proc/self/status]	VmPeak:	  176928 kB
20220313 033908.357 INFO             PET0 PIOc_sync Exit - MemInfo: [/proc/self/status]	VmSize:	  176928 kB
20220313 033908.357 INFO             PET0 PIOc_sync Exit - MemInfo: [/proc/self/status]	VmLck:	       0 kB
20220313 033908.357 INFO             PET0 PIOc_sync Exit - MemInfo: [/proc/self/status]	VmPin:	       0 kB
20220313 033908.357 INFO             PET0 PIOc_sync Exit - MemInfo: [/proc/self/status]	VmHWM:	   33268 kB
20220313 033908.357 INFO             PET0 PIOc_sync Exit - MemInfo: [/proc/self/status]	VmRSS:	   33268 kB
20220313 033908.357 INFO             PET0 PIOc_sync Exit - MemInfo: [/proc/self/status]	VmData:	   16964 kB
20220313 033908.357 INFO             PET0 PIOc_sync Exit - MemInfo: [/proc/self/status]	VmStk:	     156 kB
20220313 033908.357 INFO             PET0 PIOc_sync Exit - MemInfo: [/proc/self/status]	VmExe:	     300 kB
20220313 033908.357 INFO             PET0 PIOc_sync Exit - MemInfo: [/proc/self/status]	VmLib:	   77104 kB
20220313 033908.357 INFO             PET0 PIOc_sync Exit - MemInfo: [/proc/self/status]	VmPTE:	     344 kB
20220313 033908.357 INFO             PET0 PIOc_sync Exit - MemInfo: [/proc/self/status]	VmSwap:	       0 kB
20220313 033908.357 INFO             PET0 PIOc_sync Exit - MemInfo: [/proc/self/status]	VmRSSPercent: 0.00631179 %
20220313 033908.357 INFO             PET0 PIOc_sync Exit - MemInfo: [malloc] Non-mmapped space allocated:                 1028096 Byte
20220313 033908.357 INFO             PET0 PIOc_sync Exit - MemInfo: [malloc] Space allocated in mmapped regions:         12550144 Byte
20220313 033908.357 INFO             PET0 PIOc_sync Exit - MemInfo: [malloc] Maximum total allocated space:                     0 Byte
20220313 033908.357 INFO             PET0 PIOc_sync Exit - MemInfo: [malloc] Space in freed fastbin blocks:                     0 Byte
20220313 033908.357 INFO             PET0 PIOc_sync Exit - MemInfo: [malloc] Total allocated space:                        938736 Byte
20220313 033908.357 INFO             PET0 PIOc_sync Exit - MemInfo: [malloc] Total free space:                              89360 Byte
20220313 033908.357 INFO             PET0 PIOc_sync Exit - MemInfo: [malloc] Top-most, releasable space:                    68256 Byte
20220313 033908.357 INFO             PET0 PIOc_sync Exit - MemInfo: [malloc] Total space in use, mmap + non-mmap:        13488880 Byte
20220313 033908.357 INFO             PET0 PIOc_sync Exit - MemInfo: [malloc] Total space held (mmap + non-mmap):         13578240 Byte
20220313 033908.357 INFO             PET0 PIOc_sync Exit - MemInfo: [malloc] Total space used (mmap + non-mmap):         13497200 Byte
20220313 033908.357 INFO             PET0 PIOc_sync Exit - MemInfo: Wall-clock time since execution start:             0.00814659 seconds
20220313 033908.357 INFO             PET0 PIOc_freedecomp Enter - MemInfo: [/proc/meminfo - SSI]	MemTotal:       527077124 kB
20220313 033908.357 INFO             PET0 PIOc_freedecomp Enter - MemInfo: [/proc/meminfo - SSI]	MemFree:        518483168 kB
20220313 033908.357 INFO             PET0 PIOc_freedecomp Enter - MemInfo: [/proc/meminfo - SSI]	MemAvailable:   517957324 kB
20220313 033908.357 INFO             PET0 PIOc_freedecomp Enter - MemInfo: [/proc/meminfo - SSI]	Committed_AS:    1670040 kB
20220313 033908.357 INFO             PET0 PIOc_freedecomp Enter - MemInfo: [/proc/meminfo - SSI]	CommittedPercent: 0.316849 %
20220313 033908.357 INFO             PET0 PIOc_freedecomp Enter - MemInfo: [/proc/self/status]	VmPeak:	  176928 kB
20220313 033908.357 INFO             PET0 PIOc_freedecomp Enter - MemInfo: [/proc/self/status]	VmSize:	  168216 kB
20220313 033908.357 INFO             PET0 PIOc_freedecomp Enter - MemInfo: [/proc/self/status]	VmLck:	       0 kB
20220313 033908.357 INFO             PET0 PIOc_freedecomp Enter - MemInfo: [/proc/self/status]	VmPin:	       0 kB
20220313 033908.357 INFO             PET0 PIOc_freedecomp Enter - MemInfo: [/proc/self/status]	VmHWM:	   33268 kB
20220313 033908.357 INFO             PET0 PIOc_freedecomp Enter - MemInfo: [/proc/self/status]	VmRSS:	   25224 kB
20220313 033908.357 INFO             PET0 PIOc_freedecomp Enter - MemInfo: [/proc/self/status]	VmData:	    8252 kB
20220313 033908.357 INFO             PET0 PIOc_freedecomp Enter - MemInfo: [/proc/self/status]	VmStk:	     156 kB
20220313 033908.357 INFO             PET0 PIOc_freedecomp Enter - MemInfo: [/proc/self/status]	VmExe:	     300 kB
20220313 033908.357 INFO             PET0 PIOc_freedecomp Enter - MemInfo: [/proc/self/status]	VmLib:	   77104 kB
20220313 033908.357 INFO             PET0 PIOc_freedecomp Enter - MemInfo: [/proc/self/status]	VmPTE:	     332 kB
20220313 033908.357 INFO             PET0 PIOc_freedecomp Enter - MemInfo: [/proc/self/status]	VmSwap:	       0 kB
20220313 033908.357 INFO             PET0 PIOc_freedecomp Enter - MemInfo: [/proc/self/status]	VmRSSPercent: 0.00478564 %
20220313 033908.357 INFO             PET0 PIOc_freedecomp Enter - MemInfo: [malloc] Non-mmapped space allocated:                 1028096 Byte
20220313 033908.357 INFO             PET0 PIOc_freedecomp Enter - MemInfo: [malloc] Space allocated in mmapped regions:          3629056 Byte
20220313 033908.357 INFO             PET0 PIOc_freedecomp Enter - MemInfo: [malloc] Maximum total allocated space:                     0 Byte
20220313 033908.357 INFO             PET0 PIOc_freedecomp Enter - MemInfo: [malloc] Space in freed fastbin blocks:                   768 Byte
20220313 033908.357 INFO             PET0 PIOc_freedecomp Enter - MemInfo: [malloc] Total allocated space:                        927808 Byte
20220313 033908.357 INFO             PET0 PIOc_freedecomp Enter - MemInfo: [malloc] Total free space:                             100288 Byte
20220313 033908.357 INFO             PET0 PIOc_freedecomp Enter - MemInfo: [malloc] Top-most, releasable space:                    68256 Byte
20220313 033908.357 INFO             PET0 PIOc_freedecomp Enter - MemInfo: [malloc] Total space in use, mmap + non-mmap:         4556864 Byte
20220313 033908.357 INFO             PET0 PIOc_freedecomp Enter - MemInfo: [malloc] Total space held (mmap + non-mmap):          4657152 Byte
20220313 033908.357 INFO             PET0 PIOc_freedecomp Enter - MemInfo: [malloc] Total space used (mmap + non-mmap):          4565072 Byte
20220313 033908.357 INFO             PET0 PIOc_freedecomp Enter - MemInfo: Wall-clock time since execution start:             0.00861072 seconds
20220313 033908.357 INFO             PET0 PIOc_freedecomp Exit - MemInfo: [/proc/meminfo - SSI]	MemTotal:       527077124 kB
20220313 033908.357 INFO             PET0 PIOc_freedecomp Exit - MemInfo: [/proc/meminfo - SSI]	MemFree:        518483168 kB
20220313 033908.357 INFO             PET0 PIOc_freedecomp Exit - MemInfo: [/proc/meminfo - SSI]	MemAvailable:   517957324 kB
20220313 033908.357 INFO             PET0 PIOc_freedecomp Exit - MemInfo: [/proc/meminfo - SSI]	Committed_AS:    1670040 kB
20220313 033908.357 INFO             PET0 PIOc_freedecomp Exit - MemInfo: [/proc/meminfo - SSI]	CommittedPercent: 0.316849 %
20220313 033908.357 INFO             PET0 PIOc_freedecomp Exit - MemInfo: [/proc/self/status]	VmPeak:	  176928 kB
20220313 033908.357 INFO             PET0 PIOc_freedecomp Exit - MemInfo: [/proc/self/status]	VmSize:	  168216 kB
20220313 033908.357 INFO             PET0 PIOc_freedecomp Exit - MemInfo: [/proc/self/status]	VmLck:	       0 kB
20220313 033908.357 INFO             PET0 PIOc_freedecomp Exit - MemInfo: [/proc/self/status]	VmPin:	       0 kB
20220313 033908.357 INFO             PET0 PIOc_freedecomp Exit - MemInfo: [/proc/self/status]	VmHWM:	   33268 kB
20220313 033908.357 INFO             PET0 PIOc_freedecomp Exit - MemInfo: [/proc/self/status]	VmRSS:	   25224 kB
20220313 033908.357 INFO             PET0 PIOc_freedecomp Exit - MemInfo: [/proc/self/status]	VmData:	    8252 kB
20220313 033908.357 INFO             PET0 PIOc_freedecomp Exit - MemInfo: [/proc/self/status]	VmStk:	     156 kB
20220313 033908.357 INFO             PET0 PIOc_freedecomp Exit - MemInfo: [/proc/self/status]	VmExe:	     300 kB
20220313 033908.357 INFO             PET0 PIOc_freedecomp Exit - MemInfo: [/proc/self/status]	VmLib:	   77104 kB
20220313 033908.357 INFO             PET0 PIOc_freedecomp Exit - MemInfo: [/proc/self/status]	VmPTE:	     332 kB
20220313 033908.357 INFO             PET0 PIOc_freedecomp Exit - MemInfo: [/proc/self/status]	VmSwap:	       0 kB
20220313 033908.357 INFO             PET0 PIOc_freedecomp Exit - MemInfo: [/proc/self/status]	VmRSSPercent: 0.00478564 %
20220313 033908.357 INFO             PET0 PIOc_freedecomp Exit - MemInfo: [malloc] Non-mmapped space allocated:                 1028096 Byte
20220313 033908.357 INFO             PET0 PIOc_freedecomp Exit - MemInfo: [malloc] Space allocated in mmapped regions:          3629056 Byte
20220313 033908.357 INFO             PET0 PIOc_freedecomp Exit - MemInfo: [malloc] Maximum total allocated space:                     0 Byte
20220313 033908.357 INFO             PET0 PIOc_freedecomp Exit - MemInfo: [malloc] Space in freed fastbin blocks:                   464 Byte
20220313 033908.357 INFO             PET0 PIOc_freedecomp Exit - MemInfo: [malloc] Total allocated space:                        914864 Byte
20220313 033908.357 INFO             PET0 PIOc_freedecomp Exit - MemInfo: [malloc] Total free space:                             113232 Byte
20220313 033908.357 INFO             PET0 PIOc_freedecomp Exit - MemInfo: [malloc] Top-most, releasable space:                    68256 Byte
20220313 033908.357 INFO             PET0 PIOc_freedecomp Exit - MemInfo: [malloc] Total space in use, mmap + non-mmap:         4543920 Byte
20220313 033908.357 INFO             PET0 PIOc_freedecomp Exit - MemInfo: [malloc] Total space held (mmap + non-mmap):          4657152 Byte
20220313 033908.357 INFO             PET0 PIOc_freedecomp Exit - MemInfo: [malloc] Total space used (mmap + non-mmap):          4552128 Byte
20220313 033908.357 INFO             PET0 PIOc_freedecomp Exit - MemInfo: Wall-clock time since execution start:             0.00879634 seconds
20220313 033908.357 INFO             PET0  PASS  Write ESMF_Array with Halo to NetCDF Test, ESMF_ArrayIOUTest.F90, line 236
20220313 033908.358 WARNING          PET0 ESMCI_PIO_Handler.C:1318 ESMCI::PIO_Handler::open()  Unable to create file: file3D_withhalo.nc, (PIO/NetCDF error = NetCDF: File exists && NC_NOCLOBBER)
20220313 033908.358 ERROR            PET0 ESMCI_PIO_Handler.C:779 ESMCI::PIO_Handler::arrayWrite() Unable to read from file  - file not open
20220313 033908.358 ERROR            PET0 ESMCI_IO.C:736 ESMCI::IO::write() Unable to read from file  - Internal subroutine call returned Error
20220313 033908.358 ERROR            PET0 ESMCI_IO.C:956 ESMCI::IO::close() Unable to close file  - Internal subroutine call returned Error
20220313 033908.358 ERROR            PET0 ESMCI_IO.C:494 ESMCI::IO::write() Unable to read from file  - Internal subroutine call returned Error
20220313 033908.358 ERROR            PET0 ESMCI_Array.C:4093 ESMCI::Array::write() Unable to write to file  - Internal subroutine call returned Error
20220313 033908.358 ERROR            PET0 ESMCI_Array_F.C:801 c_esmc_arraywrite() Unable to write to file  - Internal subroutine call returned Error
20220313 033908.358 ERROR            PET0 ESMF_Array.F90:3994 ESMF_ArrayWrite Unable to write to file  - Internal subroutine call returned Error
20220313 033908.358 INFO             PET0  PASS  Write ESMF_Array with Halo Test overwrite test, ESMF_ArrayIOUTest.F90, line 250
20220313 033908.358 ERROR            PET0 ESMCI_IO_Handler.C:164 ESMCI::IO_Handler::create() Unknown I/O Format
20220313 033908.358 ERROR            PET0 ESMCI_IO.C:469 ESMCI::IO::write() Invalid argument  - Internal subroutine call returned Error
20220313 033908.358 ERROR            PET0 ESMCI_Array.C:4093 ESMCI::Array::write() Invalid argument  - Internal subroutine call returned Error
20220313 033908.358 ERROR            PET0 ESMCI_Array_F.C:801 c_esmc_arraywrite() Invalid argument  - Internal subroutine call returned Error
20220313 033908.358 ERROR            PET0 ESMF_Array.F90:3994 ESMF_ArrayWrite Invalid argument  - Internal subroutine call returned Error
20220313 033908.358 INFO             PET0  PASS  Write ESMF_Array with Halo to binary Test, ESMF_ArrayIOUTest.F90, line 264
20220313 033908.360 INFO             PET0 PIOc_sync Enter - MemInfo: [/proc/meminfo - SSI]	MemTotal:       527077124 kB
20220313 033908.360 INFO             PET0 PIOc_sync Enter - MemInfo: [/proc/meminfo - SSI]	MemFree:        518475780 kB
20220313 033908.360 INFO             PET0 PIOc_sync Enter - MemInfo: [/proc/meminfo - SSI]	MemAvailable:   517949936 kB
20220313 033908.360 INFO             PET0 PIOc_sync Enter - MemInfo: [/proc/meminfo - SSI]	Committed_AS:    1678808 kB
20220313 033908.360 INFO             PET0 PIOc_sync Enter - MemInfo: [/proc/meminfo - SSI]	CommittedPercent: 0.318513 %
20220313 033908.360 INFO             PET0 PIOc_sync Enter - MemInfo: [/proc/self/status]	VmPeak:	  176984 kB
20220313 033908.360 INFO             PET0 PIOc_sync Enter - MemInfo: [/proc/self/status]	VmSize:	  176984 kB
20220313 033908.360 INFO             PET0 PIOc_sync Enter - MemInfo: [/proc/self/status]	VmLck:	       0 kB
20220313 033908.360 INFO             PET0 PIOc_sync Enter - MemInfo: [/proc/self/status]	VmPin:	       0 kB
20220313 033908.360 INFO             PET0 PIOc_sync Enter - MemInfo: [/proc/self/status]	VmHWM:	   34068 kB
20220313 033908.360 INFO             PET0 PIOc_sync Enter - MemInfo: [/proc/self/status]	VmRSS:	   34068 kB
20220313 033908.360 INFO             PET0 PIOc_sync Enter - MemInfo: [/proc/self/status]	VmData:	   17020 kB
20220313 033908.360 INFO             PET0 PIOc_sync Enter - MemInfo: [/proc/self/status]	VmStk:	     156 kB
20220313 033908.360 INFO             PET0 PIOc_sync Enter - MemInfo: [/proc/self/status]	VmExe:	     300 kB
20220313 033908.360 INFO             PET0 PIOc_sync Enter - MemInfo: [/proc/self/status]	VmLib:	   77104 kB
20220313 033908.360 INFO             PET0 PIOc_sync Enter - MemInfo: [/proc/self/status]	VmPTE:	     352 kB
20220313 033908.360 INFO             PET0 PIOc_sync Enter - MemInfo: [/proc/self/status]	VmSwap:	       0 kB
20220313 033908.360 INFO             PET0 PIOc_sync Enter - MemInfo: [/proc/self/status]	VmRSSPercent: 0.00646357 %
20220313 033908.360 INFO             PET0 PIOc_sync Enter - MemInfo: [malloc] Non-mmapped space allocated:                10006528 Byte
20220313 033908.360 INFO             PET0 PIOc_sync Enter - MemInfo: [malloc] Space allocated in mmapped regions:          3629056 Byte
20220313 033908.360 INFO             PET0 PIOc_sync Enter - MemInfo: [malloc] Maximum total allocated space:                     0 Byte
20220313 033908.360 INFO             PET0 PIOc_sync Enter - MemInfo: [malloc] Space in freed fastbin blocks:                     0 Byte
20220313 033908.360 INFO             PET0 PIOc_sync Enter - MemInfo: [malloc] Total allocated space:                       9848544 Byte
20220313 033908.360 INFO             PET0 PIOc_sync Enter - MemInfo: [malloc] Total free space:                             157984 Byte
20220313 033908.360 INFO             PET0 PIOc_sync Enter - MemInfo: [malloc] Top-most, releasable space:                   133760 Byte
20220313 033908.360 INFO             PET0 PIOc_sync Enter - MemInfo: [malloc] Total space in use, mmap + non-mmap:        13477600 Byte
20220313 033908.360 INFO             PET0 PIOc_sync Enter - MemInfo: [malloc] Total space held (mmap + non-mmap):         13635584 Byte
20220313 033908.360 INFO             PET0 PIOc_sync Enter - MemInfo: [malloc] Total space used (mmap + non-mmap):         13485808 Byte
20220313 033908.360 INFO             PET0 PIOc_sync Enter - MemInfo: Wall-clock time since execution start:              0.0118598 seconds
20220313 033908.360 INFO             PET0 PIOc_sync Exit - MemInfo: [/proc/meminfo - SSI]	MemTotal:       527077124 kB
20220313 033908.360 INFO             PET0 PIOc_sync Exit - MemInfo: [/proc/meminfo - SSI]	MemFree:        518475780 kB
20220313 033908.360 INFO             PET0 PIOc_sync Exit - MemInfo: [/proc/meminfo - SSI]	MemAvailable:   517949936 kB
20220313 033908.360 INFO             PET0 PIOc_sync Exit - MemInfo: [/proc/meminfo - SSI]	Committed_AS:    1678808 kB
20220313 033908.360 INFO             PET0 PIOc_sync Exit - MemInfo: [/proc/meminfo - SSI]	CommittedPercent: 0.318513 %
20220313 033908.360 INFO             PET0 PIOc_sync Exit - MemInfo: [/proc/self/status]	VmPeak:	  176984 kB
20220313 033908.360 INFO             PET0 PIOc_sync Exit - MemInfo: [/proc/self/status]	VmSize:	  176984 kB
20220313 033908.360 INFO             PET0 PIOc_sync Exit - MemInfo: [/proc/self/status]	VmLck:	       0 kB
20220313 033908.361 INFO             PET0 PIOc_sync Exit - MemInfo: [/proc/self/status]	VmPin:	       0 kB
20220313 033908.361 INFO             PET0 PIOc_sync Exit - MemInfo: [/proc/self/status]	VmHWM:	   34068 kB
20220313 033908.361 INFO             PET0 PIOc_sync Exit - MemInfo: [/proc/self/status]	VmRSS:	   34068 kB
20220313 033908.361 INFO             PET0 PIOc_sync Exit - MemInfo: [/proc/self/status]	VmData:	   17020 kB
20220313 033908.361 INFO             PET0 PIOc_sync Exit - MemInfo: [/proc/self/status]	VmStk:	     156 kB
20220313 033908.361 INFO             PET0 PIOc_sync Exit - MemInfo: [/proc/self/status]	VmExe:	     300 kB
20220313 033908.361 INFO             PET0 PIOc_sync Exit - MemInfo: [/proc/self/status]	VmLib:	   77104 kB
20220313 033908.361 INFO             PET0 PIOc_sync Exit - MemInfo: [/proc/self/status]	VmPTE:	     352 kB
20220313 033908.361 INFO             PET0 PIOc_sync Exit - MemInfo: [/proc/self/status]	VmSwap:	       0 kB
20220313 033908.361 INFO             PET0 PIOc_sync Exit - MemInfo: [/proc/self/status]	VmRSSPercent: 0.00646357 %
20220313 033908.361 INFO             PET0 PIOc_sync Exit - MemInfo: [malloc] Non-mmapped space allocated:                10006528 Byte
20220313 033908.361 INFO             PET0 PIOc_sync Exit - MemInfo: [malloc] Space allocated in mmapped regions:          3629056 Byte
20220313 033908.361 INFO             PET0 PIOc_sync Exit - MemInfo: [malloc] Maximum total allocated space:                     0 Byte
20220313 033908.361 INFO             PET0 PIOc_sync Exit - MemInfo: [malloc] Space in freed fastbin blocks:                     0 Byte
20220313 033908.361 INFO             PET0 PIOc_sync Exit - MemInfo: [malloc] Total allocated space:                       9849136 Byte
20220313 033908.361 INFO             PET0 PIOc_sync Exit - MemInfo: [malloc] Total free space:                             157392 Byte
20220313 033908.361 INFO             PET0 PIOc_sync Exit - MemInfo: [malloc] Top-most, releasable space:                   133760 Byte
20220313 033908.361 INFO             PET0 PIOc_sync Exit - MemInfo: [malloc] Total space in use, mmap + non-mmap:        13478192 Byte
20220313 033908.361 INFO             PET0 PIOc_sync Exit - MemInfo: [malloc] Total space held (mmap + non-mmap):         13635584 Byte
20220313 033908.361 INFO             PET0 PIOc_sync Exit - MemInfo: [malloc] Total space used (mmap + non-mmap):         13486400 Byte
20220313 033908.361 INFO             PET0 PIOc_sync Exit - MemInfo: Wall-clock time since execution start:              0.0121276 seconds
20220313 033908.361 INFO             PET0 PIOc_freedecomp Enter - MemInfo: [/proc/meminfo - SSI]	MemTotal:       527077124 kB
20220313 033908.361 INFO             PET0 PIOc_freedecomp Enter - MemInfo: [/proc/meminfo - SSI]	MemFree:        518475780 kB
20220313 033908.361 INFO             PET0 PIOc_freedecomp Enter - MemInfo: [/proc/meminfo - SSI]	MemAvailable:   517949936 kB
20220313 033908.361 INFO             PET0 PIOc_freedecomp Enter - MemInfo: [/proc/meminfo - SSI]	Committed_AS:    1678808 kB
20220313 033908.361 INFO             PET0 PIOc_freedecomp Enter - MemInfo: [/proc/meminfo - SSI]	CommittedPercent: 0.318513 %
20220313 033908.361 INFO             PET0 PIOc_freedecomp Enter - MemInfo: [/proc/self/status]	VmPeak:	  176984 kB
20220313 033908.361 INFO             PET0 PIOc_freedecomp Enter - MemInfo: [/proc/self/status]	VmSize:	  176984 kB
20220313 033908.361 INFO             PET0 PIOc_freedecomp Enter - MemInfo: [/proc/self/status]	VmLck:	       0 kB
20220313 033908.361 INFO             PET0 PIOc_freedecomp Enter - MemInfo: [/proc/self/status]	VmPin:	       0 kB
20220313 033908.361 INFO             PET0 PIOc_freedecomp Enter - MemInfo: [/proc/self/status]	VmHWM:	   34068 kB
20220313 033908.361 INFO             PET0 PIOc_freedecomp Enter - MemInfo: [/proc/self/status]	VmRSS:	   34068 kB
20220313 033908.361 INFO             PET0 PIOc_freedecomp Enter - MemInfo: [/proc/self/status]	VmData:	   17020 kB
20220313 033908.361 INFO             PET0 PIOc_freedecomp Enter - MemInfo: [/proc/self/status]	VmStk:	     156 kB
20220313 033908.361 INFO             PET0 PIOc_freedecomp Enter - MemInfo: [/proc/self/status]	VmExe:	     300 kB
20220313 033908.361 INFO             PET0 PIOc_freedecomp Enter - MemInfo: [/proc/self/status]	VmLib:	   77104 kB
20220313 033908.361 INFO             PET0 PIOc_freedecomp Enter - MemInfo: [/proc/self/status]	VmPTE:	     352 kB
20220313 033908.361 INFO             PET0 PIOc_freedecomp Enter - MemInfo: [/proc/self/status]	VmSwap:	       0 kB
20220313 033908.361 INFO             PET0 PIOc_freedecomp Enter - MemInfo: [/proc/self/status]	VmRSSPercent: 0.00646357 %
20220313 033908.361 INFO             PET0 PIOc_freedecomp Enter - MemInfo: [malloc] Non-mmapped space allocated:                10006528 Byte
20220313 033908.361 INFO             PET0 PIOc_freedecomp Enter - MemInfo: [malloc] Space allocated in mmapped regions:          3629056 Byte
20220313 033908.361 INFO             PET0 PIOc_freedecomp Enter - MemInfo: [malloc] Maximum total allocated space:                     0 Byte
20220313 033908.361 INFO             PET0 PIOc_freedecomp Enter - MemInfo: [malloc] Space in freed fastbin blocks:                   160 Byte
20220313 033908.361 INFO             PET0 PIOc_freedecomp Enter - MemInfo: [malloc] Total allocated space:                        924368 Byte
20220313 033908.361 INFO             PET0 PIOc_freedecomp Enter - MemInfo: [malloc] Total free space:                            9082160 Byte
20220313 033908.361 INFO             PET0 PIOc_freedecomp Enter - MemInfo: [malloc] Top-most, releasable space:                  9046688 Byte
20220313 033908.361 INFO             PET0 PIOc_freedecomp Enter - MemInfo: [malloc] Total space in use, mmap + non-mmap:         4553424 Byte
20220313 033908.361 INFO             PET0 PIOc_freedecomp Enter - MemInfo: [malloc] Total space held (mmap + non-mmap):         13635584 Byte
20220313 033908.361 INFO             PET0 PIOc_freedecomp Enter - MemInfo: [malloc] Total space used (mmap + non-mmap):          4561632 Byte
20220313 033908.361 INFO             PET0 PIOc_freedecomp Enter - MemInfo: Wall-clock time since execution start:              0.0124412 seconds
20220313 033908.361 INFO             PET0 PIOc_freedecomp Exit - MemInfo: [/proc/meminfo - SSI]	MemTotal:       527077124 kB
20220313 033908.361 INFO             PET0 PIOc_freedecomp Exit - MemInfo: [/proc/meminfo - SSI]	MemFree:        518475780 kB
20220313 033908.361 INFO             PET0 PIOc_freedecomp Exit - MemInfo: [/proc/meminfo - SSI]	MemAvailable:   517949936 kB
20220313 033908.361 INFO             PET0 PIOc_freedecomp Exit - MemInfo: [/proc/meminfo - SSI]	Committed_AS:    1678808 kB
20220313 033908.361 INFO             PET0 PIOc_freedecomp Exit - MemInfo: [/proc/meminfo - SSI]	CommittedPercent: 0.318513 %
20220313 033908.361 INFO             PET0 PIOc_freedecomp Exit - MemInfo: [/proc/self/status]	VmPeak:	  176984 kB
20220313 033908.361 INFO             PET0 PIOc_freedecomp Exit - MemInfo: [/proc/self/status]	VmSize:	  176984 kB
20220313 033908.361 INFO             PET0 PIOc_freedecomp Exit - MemInfo: [/proc/self/status]	VmLck:	       0 kB
20220313 033908.361 INFO             PET0 PIOc_freedecomp Exit - MemInfo: [/proc/self/status]	VmPin:	       0 kB
20220313 033908.361 INFO             PET0 PIOc_freedecomp Exit - MemInfo: [/proc/self/status]	VmHWM:	   34068 kB
20220313 033908.361 INFO             PET0 PIOc_freedecomp Exit - MemInfo: [/proc/self/status]	VmRSS:	   34068 kB
20220313 033908.361 INFO             PET0 PIOc_freedecomp Exit - MemInfo: [/proc/self/status]	VmData:	   17020 kB
20220313 033908.361 INFO             PET0 PIOc_freedecomp Exit - MemInfo: [/proc/self/status]	VmStk:	     156 kB
20220313 033908.361 INFO             PET0 PIOc_freedecomp Exit - MemInfo: [/proc/self/status]	VmExe:	     300 kB
20220313 033908.361 INFO             PET0 PIOc_freedecomp Exit - MemInfo: [/proc/self/status]	VmLib:	   77104 kB
20220313 033908.361 INFO             PET0 PIOc_freedecomp Exit - MemInfo: [/proc/self/status]	VmPTE:	     352 kB
20220313 033908.361 INFO             PET0 PIOc_freedecomp Exit - MemInfo: [/proc/self/status]	VmSwap:	       0 kB
20220313 033908.361 INFO             PET0 PIOc_freedecomp Exit - MemInfo: [/proc/self/status]	VmRSSPercent: 0.00646357 %
20220313 033908.361 INFO             PET0 PIOc_freedecomp Exit - MemInfo: [malloc] Non-mmapped space allocated:                10006528 Byte
20220313 033908.361 INFO             PET0 PIOc_freedecomp Exit - MemInfo: [malloc] Space allocated in mmapped regions:          3629056 Byte
20220313 033908.361 INFO             PET0 PIOc_freedecomp Exit - MemInfo: [malloc] Maximum total allocated space:                     0 Byte
20220313 033908.361 INFO             PET0 PIOc_freedecomp Exit - MemInfo: [malloc] Space in freed fastbin blocks:                   432 Byte
20220313 033908.361 INFO             PET0 PIOc_freedecomp Exit - MemInfo: [malloc] Total allocated space:                        923408 Byte
20220313 033908.361 INFO             PET0 PIOc_freedecomp Exit - MemInfo: [malloc] Total free space:                            9083120 Byte
20220313 033908.361 INFO             PET0 PIOc_freedecomp Exit - MemInfo: [malloc] Top-most, releasable space:                  9046688 Byte
20220313 033908.361 INFO             PET0 PIOc_freedecomp Exit - MemInfo: [malloc] Total space in use, mmap + non-mmap:         4552464 Byte
20220313 033908.361 INFO             PET0 PIOc_freedecomp Exit - MemInfo: [malloc] Total space held (mmap + non-mmap):         13635584 Byte
20220313 033908.361 INFO             PET0 PIOc_freedecomp Exit - MemInfo: [malloc] Total space used (mmap + non-mmap):          4560672 Byte
20220313 033908.361 INFO             PET0 PIOc_freedecomp Exit - MemInfo: Wall-clock time since execution start:              0.0126252 seconds
20220313 033908.361 INFO             PET0  PASS  Write ESMF_Array without Halo to NetCDF Test, ESMF_ArrayIOUTest.F90, line 274
20220313 033908.361 INFO             PET0  PASS  Create Array without Halo for PIO Read, ESMF_ArrayIOUTest.F90, line 288
20220313 033908.361 INFO             PET0  PASS  Create Array with Halo for PIO Read, ESMF_ArrayIOUTest.F90, line 299
20220313 033908.362 INFO             PET0  PASS  Create Array with Halo for PIO Read, ESMF_ArrayIOUTest.F90, line 309
20220313 033908.362 WARNING          PET0 ESMCI_PIO_Handler.C:1343 ESMCI::PIO_Handler::open()  Unable to set fill on file: file3D_wouthalo.nc, (PIO/NetCDF error = NetCDF: Write to read only)
20220313 033908.363 INFO             PET0 PIOc_sync Enter - MemInfo: [/proc/meminfo - SSI]	MemTotal:       527077124 kB
20220313 033908.363 INFO             PET0 PIOc_sync Enter - MemInfo: [/proc/meminfo - SSI]	MemFree:        518475780 kB
20220313 033908.363 INFO             PET0 PIOc_sync Enter - MemInfo: [/proc/meminfo - SSI]	MemAvailable:   517949936 kB
20220313 033908.363 INFO             PET0 PIOc_sync Enter - MemInfo: [/proc/meminfo - SSI]	Committed_AS:    1678808 kB
20220313 033908.363 INFO             PET0 PIOc_sync Enter - MemInfo: [/proc/meminfo - SSI]	CommittedPercent: 0.318513 %
20220313 033908.363 INFO             PET0 PIOc_sync Enter - MemInfo: [/proc/self/status]	VmPeak:	  176984 kB
20220313 033908.363 INFO             PET0 PIOc_sync Enter - MemInfo: [/proc/self/status]	VmSize:	  176984 kB
20220313 033908.363 INFO             PET0 PIOc_sync Enter - MemInfo: [/proc/self/status]	VmLck:	       0 kB
20220313 033908.363 INFO             PET0 PIOc_sync Enter - MemInfo: [/proc/self/status]	VmPin:	       0 kB
20220313 033908.363 INFO             PET0 PIOc_sync Enter - MemInfo: [/proc/self/status]	VmHWM:	   34136 kB
20220313 033908.363 INFO             PET0 PIOc_sync Enter - MemInfo: [/proc/self/status]	VmRSS:	   34096 kB
20220313 033908.363 INFO             PET0 PIOc_sync Enter - MemInfo: [/proc/self/status]	VmData:	   17020 kB
20220313 033908.363 INFO             PET0 PIOc_sync Enter - MemInfo: [/proc/self/status]	VmStk:	     156 kB
20220313 033908.363 INFO             PET0 PIOc_sync Enter - MemInfo: [/proc/self/status]	VmExe:	     300 kB
20220313 033908.363 INFO             PET0 PIOc_sync Enter - MemInfo: [/proc/self/status]	VmLib:	   77104 kB
20220313 033908.363 INFO             PET0 PIOc_sync Enter - MemInfo: [/proc/self/status]	VmPTE:	     352 kB
20220313 033908.363 INFO             PET0 PIOc_sync Enter - MemInfo: [/proc/self/status]	VmSwap:	       0 kB
20220313 033908.363 INFO             PET0 PIOc_sync Enter - MemInfo: [/proc/self/status]	VmRSSPercent: 0.00646888 %
20220313 033908.363 INFO             PET0 PIOc_sync Enter - MemInfo: [malloc] Non-mmapped space allocated:                10006528 Byte
20220313 033908.363 INFO             PET0 PIOc_sync Enter - MemInfo: [malloc] Space allocated in mmapped regions:          3629056 Byte
20220313 033908.363 INFO             PET0 PIOc_sync Enter - MemInfo: [malloc] Maximum total allocated space:                     0 Byte
20220313 033908.363 INFO             PET0 PIOc_sync Enter - MemInfo: [malloc] Space in freed fastbin blocks:                     0 Byte
20220313 033908.363 INFO             PET0 PIOc_sync Enter - MemInfo: [malloc] Total allocated space:                       9891088 Byte
20220313 033908.363 INFO             PET0 PIOc_sync Enter - MemInfo: [malloc] Total free space:                             115440 Byte
20220313 033908.363 INFO             PET0 PIOc_sync Enter - MemInfo: [malloc] Top-most, releasable space:                   113200 Byte
20220313 033908.363 INFO             PET0 PIOc_sync Enter - MemInfo: [malloc] Total space in use, mmap + non-mmap:        13520144 Byte
20220313 033908.363 INFO             PET0 PIOc_sync Enter - MemInfo: [malloc] Total space held (mmap + non-mmap):         13635584 Byte
20220313 033908.363 INFO             PET0 PIOc_sync Enter - MemInfo: [malloc] Total space used (mmap + non-mmap):         13528352 Byte
20220313 033908.363 INFO             PET0 PIOc_sync Enter - MemInfo: Wall-clock time since execution start:              0.0145795 seconds
20220313 033908.363 INFO             PET0 PIOc_sync Exit - MemInfo: [/proc/meminfo - SSI]	MemTotal:       527077124 kB
20220313 033908.363 INFO             PET0 PIOc_sync Exit - MemInfo: [/proc/meminfo - SSI]	MemFree:        518475780 kB
20220313 033908.363 INFO             PET0 PIOc_sync Exit - MemInfo: [/proc/meminfo - SSI]	MemAvailable:   517949936 kB
20220313 033908.363 INFO             PET0 PIOc_sync Exit - MemInfo: [/proc/meminfo - SSI]	Committed_AS:    1678808 kB
20220313 033908.363 INFO             PET0 PIOc_sync Exit - MemInfo: [/proc/meminfo - SSI]	CommittedPercent: 0.318513 %
20220313 033908.363 INFO             PET0 PIOc_sync Exit - MemInfo: [/proc/self/status]	VmPeak:	  176984 kB
20220313 033908.363 INFO             PET0 PIOc_sync Exit - MemInfo: [/proc/self/status]	VmSize:	  176984 kB
20220313 033908.363 INFO             PET0 PIOc_sync Exit - MemInfo: [/proc/self/status]	VmLck:	       0 kB
20220313 033908.363 INFO             PET0 PIOc_sync Exit - MemInfo: [/proc/self/status]	VmPin:	       0 kB
20220313 033908.363 INFO             PET0 PIOc_sync Exit - MemInfo: [/proc/self/status]	VmHWM:	   34136 kB
20220313 033908.363 INFO             PET0 PIOc_sync Exit - MemInfo: [/proc/self/status]	VmRSS:	   34096 kB
20220313 033908.363 INFO             PET0 PIOc_sync Exit - MemInfo: [/proc/self/status]	VmData:	   17020 kB
20220313 033908.363 INFO             PET0 PIOc_sync Exit - MemInfo: [/proc/self/status]	VmStk:	     156 kB
20220313 033908.363 INFO             PET0 PIOc_sync Exit - MemInfo: [/proc/self/status]	VmExe:	     300 kB
20220313 033908.363 INFO             PET0 PIOc_sync Exit - MemInfo: [/proc/self/status]	VmLib:	   77104 kB
20220313 033908.363 INFO             PET0 PIOc_sync Exit - MemInfo: [/proc/self/status]	VmPTE:	     352 kB
20220313 033908.363 INFO             PET0 PIOc_sync Exit - MemInfo: [/proc/self/status]	VmSwap:	       0 kB
20220313 033908.363 INFO             PET0 PIOc_sync Exit - MemInfo: [/proc/self/status]	VmRSSPercent: 0.00646888 %
20220313 033908.363 INFO             PET0 PIOc_sync Exit - MemInfo: [malloc] Non-mmapped space allocated:                10006528 Byte
20220313 033908.363 INFO             PET0 PIOc_sync Exit - MemInfo: [malloc] Space allocated in mmapped regions:          3629056 Byte
20220313 033908.363 INFO             PET0 PIOc_sync Exit - MemInfo: [malloc] Maximum total allocated space:                     0 Byte
20220313 033908.363 INFO             PET0 PIOc_sync Exit - MemInfo: [malloc] Space in freed fastbin blocks:                     0 Byte
20220313 033908.363 INFO             PET0 PIOc_sync Exit - MemInfo: [malloc] Total allocated space:                       9891088 Byte
20220313 033908.363 INFO             PET0 PIOc_sync Exit - MemInfo: [malloc] Total free space:                             115440 Byte
20220313 033908.363 INFO             PET0 PIOc_sync Exit - MemInfo: [malloc] Top-most, releasable space:                   112976 Byte
20220313 033908.363 INFO             PET0 PIOc_sync Exit - MemInfo: [malloc] Total space in use, mmap + non-mmap:        13520144 Byte
20220313 033908.363 INFO             PET0 PIOc_sync Exit - MemInfo: [malloc] Total space held (mmap + non-mmap):         13635584 Byte
20220313 033908.363 INFO             PET0 PIOc_sync Exit - MemInfo: [malloc] Total space used (mmap + non-mmap):         13528352 Byte
20220313 033908.363 INFO             PET0 PIOc_sync Exit - MemInfo: Wall-clock time since execution start:              0.0147491 seconds
20220313 033908.363 INFO             PET0 PIOc_freedecomp Enter - MemInfo: [/proc/meminfo - SSI]	MemTotal:       527077124 kB
20220313 033908.363 INFO             PET0 PIOc_freedecomp Enter - MemInfo: [/proc/meminfo - SSI]	MemFree:        518475780 kB
20220313 033908.363 INFO             PET0 PIOc_freedecomp Enter - MemInfo: [/proc/meminfo - SSI]	MemAvailable:   517949936 kB
20220313 033908.363 INFO             PET0 PIOc_freedecomp Enter - MemInfo: [/proc/meminfo - SSI]	Committed_AS:    1678808 kB
20220313 033908.363 INFO             PET0 PIOc_freedecomp Enter - MemInfo: [/proc/meminfo - SSI]	CommittedPercent: 0.318513 %
20220313 033908.363 INFO             PET0 PIOc_freedecomp Enter - MemInfo: [/proc/self/status]	VmPeak:	  176984 kB
20220313 033908.363 INFO             PET0 PIOc_freedecomp Enter - MemInfo: [/proc/self/status]	VmSize:	  176984 kB
20220313 033908.363 INFO             PET0 PIOc_freedecomp Enter - MemInfo: [/proc/self/status]	VmLck:	       0 kB
20220313 033908.363 INFO             PET0 PIOc_freedecomp Enter - MemInfo: [/proc/self/status]	VmPin:	       0 kB
20220313 033908.363 INFO             PET0 PIOc_freedecomp Enter - MemInfo: [/proc/self/status]	VmHWM:	   34136 kB
20220313 033908.363 INFO             PET0 PIOc_freedecomp Enter - MemInfo: [/proc/self/status]	VmRSS:	   34096 kB
20220313 033908.363 INFO             PET0 PIOc_freedecomp Enter - MemInfo: [/proc/self/status]	VmData:	   17020 kB
20220313 033908.363 INFO             PET0 PIOc_freedecomp Enter - MemInfo: [/proc/self/status]	VmStk:	     156 kB
20220313 033908.363 INFO             PET0 PIOc_freedecomp Enter - MemInfo: [/proc/self/status]	VmExe:	     300 kB
20220313 033908.363 INFO             PET0 PIOc_freedecomp Enter - MemInfo: [/proc/self/status]	VmLib:	   77104 kB
20220313 033908.363 INFO             PET0 PIOc_freedecomp Enter - MemInfo: [/proc/self/status]	VmPTE:	     352 kB
20220313 033908.363 INFO             PET0 PIOc_freedecomp Enter - MemInfo: [/proc/self/status]	VmSwap:	       0 kB
20220313 033908.363 INFO             PET0 PIOc_freedecomp Enter - MemInfo: [/proc/self/status]	VmRSSPercent: 0.00646888 %
20220313 033908.363 INFO             PET0 PIOc_freedecomp Enter - MemInfo: [malloc] Non-mmapped space allocated:                10006528 Byte
20220313 033908.364 INFO             PET0 PIOc_freedecomp Enter - MemInfo: [malloc] Space allocated in mmapped regions:          3629056 Byte
20220313 033908.364 INFO             PET0 PIOc_freedecomp Enter - MemInfo: [malloc] Maximum total allocated space:                     0 Byte
20220313 033908.364 INFO             PET0 PIOc_freedecomp Enter - MemInfo: [malloc] Space in freed fastbin blocks:                   128 Byte
20220313 033908.364 INFO             PET0 PIOc_freedecomp Enter - MemInfo: [malloc] Total allocated space:                        965824 Byte
20220313 033908.364 INFO             PET0 PIOc_freedecomp Enter - MemInfo: [malloc] Total free space:                            9040704 Byte
20220313 033908.364 INFO             PET0 PIOc_freedecomp Enter - MemInfo: [malloc] Top-most, releasable space:                   112752 Byte
20220313 033908.364 INFO             PET0 PIOc_freedecomp Enter - MemInfo: [malloc] Total space in use, mmap + non-mmap:         4594880 Byte
20220313 033908.364 INFO             PET0 PIOc_freedecomp Enter - MemInfo: [malloc] Total space held (mmap + non-mmap):         13635584 Byte
20220313 033908.364 INFO             PET0 PIOc_freedecomp Enter - MemInfo: [malloc] Total space used (mmap + non-mmap):          4603088 Byte
20220313 033908.364 INFO             PET0 PIOc_freedecomp Enter - MemInfo: Wall-clock time since execution start:              0.0150575 seconds
20220313 033908.364 INFO             PET0 PIOc_freedecomp Exit - MemInfo: [/proc/meminfo - SSI]	MemTotal:       527077124 kB
20220313 033908.364 INFO             PET0 PIOc_freedecomp Exit - MemInfo: [/proc/meminfo - SSI]	MemFree:        518475780 kB
20220313 033908.364 INFO             PET0 PIOc_freedecomp Exit - MemInfo: [/proc/meminfo - SSI]	MemAvailable:   517949936 kB
20220313 033908.364 INFO             PET0 PIOc_freedecomp Exit - MemInfo: [/proc/meminfo - SSI]	Committed_AS:    1678808 kB
20220313 033908.364 INFO             PET0 PIOc_freedecomp Exit - MemInfo: [/proc/meminfo - SSI]	CommittedPercent: 0.318513 %
20220313 033908.364 INFO             PET0 PIOc_freedecomp Exit - MemInfo: [/proc/self/status]	VmPeak:	  176984 kB
20220313 033908.364 INFO             PET0 PIOc_freedecomp Exit - MemInfo: [/proc/self/status]	VmSize:	  176984 kB
20220313 033908.364 INFO             PET0 PIOc_freedecomp Exit - MemInfo: [/proc/self/status]	VmLck:	       0 kB
20220313 033908.364 INFO             PET0 PIOc_freedecomp Exit - MemInfo: [/proc/self/status]	VmPin:	       0 kB
20220313 033908.364 INFO             PET0 PIOc_freedecomp Exit - MemInfo: [/proc/self/status]	VmHWM:	   34136 kB
20220313 033908.364 INFO             PET0 PIOc_freedecomp Exit - MemInfo: [/proc/self/status]	VmRSS:	   34096 kB
20220313 033908.364 INFO             PET0 PIOc_freedecomp Exit - MemInfo: [/proc/self/status]	VmData:	   17020 kB
20220313 033908.364 INFO             PET0 PIOc_freedecomp Exit - MemInfo: [/proc/self/status]	VmStk:	     156 kB
20220313 033908.364 INFO             PET0 PIOc_freedecomp Exit - MemInfo: [/proc/self/status]	VmExe:	     300 kB
20220313 033908.364 INFO             PET0 PIOc_freedecomp Exit - MemInfo: [/proc/self/status]	VmLib:	   77104 kB
20220313 033908.364 INFO             PET0 PIOc_freedecomp Exit - MemInfo: [/proc/self/status]	VmPTE:	     352 kB
20220313 033908.364 INFO             PET0 PIOc_freedecomp Exit - MemInfo: [/proc/self/status]	VmSwap:	       0 kB
20220313 033908.364 INFO             PET0 PIOc_freedecomp Exit - MemInfo: [/proc/self/status]	VmRSSPercent: 0.00646888 %
20220313 033908.364 INFO             PET0 PIOc_freedecomp Exit - MemInfo: [malloc] Non-mmapped space allocated:                10006528 Byte
20220313 033908.364 INFO             PET0 PIOc_freedecomp Exit - MemInfo: [malloc] Space allocated in mmapped regions:          3629056 Byte
20220313 033908.364 INFO             PET0 PIOc_freedecomp Exit - MemInfo: [malloc] Maximum total allocated space:                     0 Byte
20220313 033908.364 INFO             PET0 PIOc_freedecomp Exit - MemInfo: [malloc] Space in freed fastbin blocks:                    80 Byte
20220313 033908.364 INFO             PET0 PIOc_freedecomp Exit - MemInfo: [malloc] Total allocated space:                        964688 Byte
20220313 033908.364 INFO             PET0 PIOc_freedecomp Exit - MemInfo: [malloc] Total free space:                            9041840 Byte
20220313 033908.364 INFO             PET0 PIOc_freedecomp Exit - MemInfo: [malloc] Top-most, releasable space:                   113728 Byte
20220313 033908.364 INFO             PET0 PIOc_freedecomp Exit - MemInfo: [malloc] Total space in use, mmap + non-mmap:         4593744 Byte
20220313 033908.364 INFO             PET0 PIOc_freedecomp Exit - MemInfo: [malloc] Total space held (mmap + non-mmap):         13635584 Byte
20220313 033908.364 INFO             PET0 PIOc_freedecomp Exit - MemInfo: [malloc] Total space used (mmap + non-mmap):          4601952 Byte
20220313 033908.364 INFO             PET0 PIOc_freedecomp Exit - MemInfo: Wall-clock time since execution start:              0.0152458 seconds
20220313 033908.364 INFO             PET0  PASS  Read ESMF_Array without Halo from NetCDF file Test, ESMF_ArrayIOUTest.F90, line 330
20220313 033908.364 INFO             PET0  PASS  Compare read in data to the existing data - 3D without halo, ESMF_ArrayIOUTest.F90, line 353
20220313 033908.365 WARNING          PET0 ESMCI_PIO_Handler.C:1343 ESMCI::PIO_Handler::open()  Unable to set fill on file: file3D_withhalo.nc, (PIO/NetCDF error = NetCDF: Write to read only)
20220313 033908.365 INFO             PET0 PIOc_sync Enter - MemInfo: [/proc/meminfo - SSI]	MemTotal:       527077124 kB
20220313 033908.365 INFO             PET0 PIOc_sync Enter - MemInfo: [/proc/meminfo - SSI]	MemFree:        518475780 kB
20220313 033908.365 INFO             PET0 PIOc_sync Enter - MemInfo: [/proc/meminfo - SSI]	MemAvailable:   517949936 kB
20220313 033908.365 INFO             PET0 PIOc_sync Enter - MemInfo: [/proc/meminfo - SSI]	Committed_AS:    1678808 kB
20220313 033908.365 INFO             PET0 PIOc_sync Enter - MemInfo: [/proc/meminfo - SSI]	CommittedPercent: 0.318513 %
20220313 033908.365 INFO             PET0 PIOc_sync Enter - MemInfo: [/proc/self/status]	VmPeak:	  176984 kB
20220313 033908.365 INFO             PET0 PIOc_sync Enter - MemInfo: [/proc/self/status]	VmSize:	  176984 kB
20220313 033908.365 INFO             PET0 PIOc_sync Enter - MemInfo: [/proc/self/status]	VmLck:	       0 kB
20220313 033908.365 INFO             PET0 PIOc_sync Enter - MemInfo: [/proc/self/status]	VmPin:	       0 kB
20220313 033908.365 INFO             PET0 PIOc_sync Enter - MemInfo: [/proc/self/status]	VmHWM:	   34388 kB
20220313 033908.365 INFO             PET0 PIOc_sync Enter - MemInfo: [/proc/self/status]	VmRSS:	   34348 kB
20220313 033908.365 INFO             PET0 PIOc_sync Enter - MemInfo: [/proc/self/status]	VmData:	   17020 kB
20220313 033908.365 INFO             PET0 PIOc_sync Enter - MemInfo: [/proc/self/status]	VmStk:	     156 kB
20220313 033908.365 INFO             PET0 PIOc_sync Enter - MemInfo: [/proc/self/status]	VmExe:	     300 kB
20220313 033908.365 INFO             PET0 PIOc_sync Enter - MemInfo: [/proc/self/status]	VmLib:	   77104 kB
20220313 033908.365 INFO             PET0 PIOc_sync Enter - MemInfo: [/proc/self/status]	VmPTE:	     352 kB
20220313 033908.365 INFO             PET0 PIOc_sync Enter - MemInfo: [/proc/self/status]	VmSwap:	       0 kB
20220313 033908.365 INFO             PET0 PIOc_sync Enter - MemInfo: [/proc/self/status]	VmRSSPercent: 0.00651669 %
20220313 033908.365 INFO             PET0 PIOc_sync Enter - MemInfo: [malloc] Non-mmapped space allocated:                10006528 Byte
20220313 033908.365 INFO             PET0 PIOc_sync Enter - MemInfo: [malloc] Space allocated in mmapped regions:          3629056 Byte
20220313 033908.365 INFO             PET0 PIOc_sync Enter - MemInfo: [malloc] Maximum total allocated space:                     0 Byte
20220313 033908.365 INFO             PET0 PIOc_sync Enter - MemInfo: [malloc] Space in freed fastbin blocks:                   192 Byte
20220313 033908.365 INFO             PET0 PIOc_sync Enter - MemInfo: [malloc] Total allocated space:                       9905696 Byte
20220313 033908.365 INFO             PET0 PIOc_sync Enter - MemInfo: [malloc] Total free space:                             100832 Byte
20220313 033908.365 INFO             PET0 PIOc_sync Enter - MemInfo: [malloc] Top-most, releasable space:                    60016 Byte
20220313 033908.365 INFO             PET0 PIOc_sync Enter - MemInfo: [malloc] Total space in use, mmap + non-mmap:        13534752 Byte
20220313 033908.365 INFO             PET0 PIOc_sync Enter - MemInfo: [malloc] Total space held (mmap + non-mmap):         13635584 Byte
20220313 033908.365 INFO             PET0 PIOc_sync Enter - MemInfo: [malloc] Total space used (mmap + non-mmap):         13542960 Byte
20220313 033908.365 INFO             PET0 PIOc_sync Enter - MemInfo: Wall-clock time since execution start:              0.0168182 seconds
20220313 033908.365 INFO             PET0 PIOc_sync Exit - MemInfo: [/proc/meminfo - SSI]	MemTotal:       527077124 kB
20220313 033908.365 INFO             PET0 PIOc_sync Exit - MemInfo: [/proc/meminfo - SSI]	MemFree:        518475780 kB
20220313 033908.365 INFO             PET0 PIOc_sync Exit - MemInfo: [/proc/meminfo - SSI]	MemAvailable:   517949936 kB
20220313 033908.365 INFO             PET0 PIOc_sync Exit - MemInfo: [/proc/meminfo - SSI]	Committed_AS:    1678808 kB
20220313 033908.365 INFO             PET0 PIOc_sync Exit - MemInfo: [/proc/meminfo - SSI]	CommittedPercent: 0.318513 %
20220313 033908.365 INFO             PET0 PIOc_sync Exit - MemInfo: [/proc/self/status]	VmPeak:	  176984 kB
20220313 033908.365 INFO             PET0 PIOc_sync Exit - MemInfo: [/proc/self/status]	VmSize:	  176984 kB
20220313 033908.365 INFO             PET0 PIOc_sync Exit - MemInfo: [/proc/self/status]	VmLck:	       0 kB
20220313 033908.365 INFO             PET0 PIOc_sync Exit - MemInfo: [/proc/self/status]	VmPin:	       0 kB
20220313 033908.365 INFO             PET0 PIOc_sync Exit - MemInfo: [/proc/self/status]	VmHWM:	   34388 kB
20220313 033908.365 INFO             PET0 PIOc_sync Exit - MemInfo: [/proc/self/status]	VmRSS:	   34348 kB
20220313 033908.365 INFO             PET0 PIOc_sync Exit - MemInfo: [/proc/self/status]	VmData:	   17020 kB
20220313 033908.365 INFO             PET0 PIOc_sync Exit - MemInfo: [/proc/self/status]	VmStk:	     156 kB
20220313 033908.365 INFO             PET0 PIOc_sync Exit - MemInfo: [/proc/self/status]	VmExe:	     300 kB
20220313 033908.365 INFO             PET0 PIOc_sync Exit - MemInfo: [/proc/self/status]	VmLib:	   77104 kB
20220313 033908.365 INFO             PET0 PIOc_sync Exit - MemInfo: [/proc/self/status]	VmPTE:	     352 kB
20220313 033908.365 INFO             PET0 PIOc_sync Exit - MemInfo: [/proc/self/status]	VmSwap:	       0 kB
20220313 033908.365 INFO             PET0 PIOc_sync Exit - MemInfo: [/proc/self/status]	VmRSSPercent: 0.00651669 %
20220313 033908.365 INFO             PET0 PIOc_sync Exit - MemInfo: [malloc] Non-mmapped space allocated:                10006528 Byte
20220313 033908.365 INFO             PET0 PIOc_sync Exit - MemInfo: [malloc] Space allocated in mmapped regions:          3629056 Byte
20220313 033908.365 INFO             PET0 PIOc_sync Exit - MemInfo: [malloc] Maximum total allocated space:                     0 Byte
20220313 033908.365 INFO             PET0 PIOc_sync Exit - MemInfo: [malloc] Space in freed fastbin blocks:                     0 Byte
20220313 033908.365 INFO             PET0 PIOc_sync Exit - MemInfo: [malloc] Total allocated space:                       9905696 Byte
20220313 033908.365 INFO             PET0 PIOc_sync Exit - MemInfo: [malloc] Total free space:                             100832 Byte
20220313 033908.365 INFO             PET0 PIOc_sync Exit - MemInfo: [malloc] Top-most, releasable space:                    60016 Byte
20220313 033908.365 INFO             PET0 PIOc_sync Exit - MemInfo: [malloc] Total space in use, mmap + non-mmap:        13534752 Byte
20220313 033908.365 INFO             PET0 PIOc_sync Exit - MemInfo: [malloc] Total space held (mmap + non-mmap):         13635584 Byte
20220313 033908.365 INFO             PET0 PIOc_sync Exit - MemInfo: [malloc] Total space used (mmap + non-mmap):         13542960 Byte
20220313 033908.365 INFO             PET0 PIOc_sync Exit - MemInfo: Wall-clock time since execution start:              0.0170046 seconds
20220313 033908.366 INFO             PET0 PIOc_freedecomp Enter - MemInfo: [/proc/meminfo - SSI]	MemTotal:       527077124 kB
20220313 033908.366 INFO             PET0 PIOc_freedecomp Enter - MemInfo: [/proc/meminfo - SSI]	MemFree:        518475780 kB
20220313 033908.366 INFO             PET0 PIOc_freedecomp Enter - MemInfo: [/proc/meminfo - SSI]	MemAvailable:   517949936 kB
20220313 033908.366 INFO             PET0 PIOc_freedecomp Enter - MemInfo: [/proc/meminfo - SSI]	Committed_AS:    1678808 kB
20220313 033908.366 INFO             PET0 PIOc_freedecomp Enter - MemInfo: [/proc/meminfo - SSI]	CommittedPercent: 0.318513 %
20220313 033908.366 INFO             PET0 PIOc_freedecomp Enter - MemInfo: [/proc/self/status]	VmPeak:	  176984 kB
20220313 033908.366 INFO             PET0 PIOc_freedecomp Enter - MemInfo: [/proc/self/status]	VmSize:	  176984 kB
20220313 033908.366 INFO             PET0 PIOc_freedecomp Enter - MemInfo: [/proc/self/status]	VmLck:	       0 kB
20220313 033908.366 INFO             PET0 PIOc_freedecomp Enter - MemInfo: [/proc/self/status]	VmPin:	       0 kB
20220313 033908.366 INFO             PET0 PIOc_freedecomp Enter - MemInfo: [/proc/self/status]	VmHWM:	   34388 kB
20220313 033908.366 INFO             PET0 PIOc_freedecomp Enter - MemInfo: [/proc/self/status]	VmRSS:	   34348 kB
20220313 033908.366 INFO             PET0 PIOc_freedecomp Enter - MemInfo: [/proc/self/status]	VmData:	   17020 kB
20220313 033908.366 INFO             PET0 PIOc_freedecomp Enter - MemInfo: [/proc/self/status]	VmStk:	     156 kB
20220313 033908.366 INFO             PET0 PIOc_freedecomp Enter - MemInfo: [/proc/self/status]	VmExe:	     300 kB
20220313 033908.366 INFO             PET0 PIOc_freedecomp Enter - MemInfo: [/proc/self/status]	VmLib:	   77104 kB
20220313 033908.366 INFO             PET0 PIOc_freedecomp Enter - MemInfo: [/proc/self/status]	VmPTE:	     352 kB
20220313 033908.366 INFO             PET0 PIOc_freedecomp Enter - MemInfo: [/proc/self/status]	VmSwap:	       0 kB
20220313 033908.366 INFO             PET0 PIOc_freedecomp Enter - MemInfo: [/proc/self/status]	VmRSSPercent: 0.00651669 %
20220313 033908.366 INFO             PET0 PIOc_freedecomp Enter - MemInfo: [malloc] Non-mmapped space allocated:                10006528 Byte
20220313 033908.366 INFO             PET0 PIOc_freedecomp Enter - MemInfo: [malloc] Space allocated in mmapped regions:          3629056 Byte
20220313 033908.366 INFO             PET0 PIOc_freedecomp Enter - MemInfo: [malloc] Maximum total allocated space:                     0 Byte
20220313 033908.366 INFO             PET0 PIOc_freedecomp Enter - MemInfo: [malloc] Space in freed fastbin blocks:                   128 Byte
20220313 033908.366 INFO             PET0 PIOc_freedecomp Enter - MemInfo: [malloc] Total allocated space:                        980304 Byte
20220313 033908.366 INFO             PET0 PIOc_freedecomp Enter - MemInfo: [malloc] Total free space:                            9026224 Byte
20220313 033908.366 INFO             PET0 PIOc_freedecomp Enter - MemInfo: [malloc] Top-most, releasable space:                    60016 Byte
20220313 033908.366 INFO             PET0 PIOc_freedecomp Enter - MemInfo: [malloc] Total space in use, mmap + non-mmap:         4609360 Byte
20220313 033908.366 INFO             PET0 PIOc_freedecomp Enter - MemInfo: [malloc] Total space held (mmap + non-mmap):         13635584 Byte
20220313 033908.366 INFO             PET0 PIOc_freedecomp Enter - MemInfo: [malloc] Total space used (mmap + non-mmap):          4617568 Byte
20220313 033908.366 INFO             PET0 PIOc_freedecomp Enter - MemInfo: Wall-clock time since execution start:               0.017307 seconds
20220313 033908.366 INFO             PET0 PIOc_freedecomp Exit - MemInfo: [/proc/meminfo - SSI]	MemTotal:       527077124 kB
20220313 033908.366 INFO             PET0 PIOc_freedecomp Exit - MemInfo: [/proc/meminfo - SSI]	MemFree:        518475780 kB
20220313 033908.366 INFO             PET0 PIOc_freedecomp Exit - MemInfo: [/proc/meminfo - SSI]	MemAvailable:   517949936 kB
20220313 033908.366 INFO             PET0 PIOc_freedecomp Exit - MemInfo: [/proc/meminfo - SSI]	Committed_AS:    1678808 kB
20220313 033908.366 INFO             PET0 PIOc_freedecomp Exit - MemInfo: [/proc/meminfo - SSI]	CommittedPercent: 0.318513 %
20220313 033908.366 INFO             PET0 PIOc_freedecomp Exit - MemInfo: [/proc/self/status]	VmPeak:	  176984 kB
20220313 033908.366 INFO             PET0 PIOc_freedecomp Exit - MemInfo: [/proc/self/status]	VmSize:	  176984 kB
20220313 033908.366 INFO             PET0 PIOc_freedecomp Exit - MemInfo: [/proc/self/status]	VmLck:	       0 kB
20220313 033908.366 INFO             PET0 PIOc_freedecomp Exit - MemInfo: [/proc/self/status]	VmPin:	       0 kB
20220313 033908.366 INFO             PET0 PIOc_freedecomp Exit - MemInfo: [/proc/self/status]	VmHWM:	   34388 kB
20220313 033908.366 INFO             PET0 PIOc_freedecomp Exit - MemInfo: [/proc/self/status]	VmRSS:	   34348 kB
20220313 033908.366 INFO             PET0 PIOc_freedecomp Exit - MemInfo: [/proc/self/status]	VmData:	   17020 kB
20220313 033908.366 INFO             PET0 PIOc_freedecomp Exit - MemInfo: [/proc/self/status]	VmStk:	     156 kB
20220313 033908.366 INFO             PET0 PIOc_freedecomp Exit - MemInfo: [/proc/self/status]	VmExe:	     300 kB
20220313 033908.366 INFO             PET0 PIOc_freedecomp Exit - MemInfo: [/proc/self/status]	VmLib:	   77104 kB
20220313 033908.366 INFO             PET0 PIOc_freedecomp Exit - MemInfo: [/proc/self/status]	VmPTE:	     352 kB
20220313 033908.366 INFO             PET0 PIOc_freedecomp Exit - MemInfo: [/proc/self/status]	VmSwap:	       0 kB
20220313 033908.366 INFO             PET0 PIOc_freedecomp Exit - MemInfo: [/proc/self/status]	VmRSSPercent: 0.00651669 %
20220313 033908.366 INFO             PET0 PIOc_freedecomp Exit - MemInfo: [malloc] Non-mmapped space allocated:                10006528 Byte
20220313 033908.366 INFO             PET0 PIOc_freedecomp Exit - MemInfo: [malloc] Space allocated in mmapped regions:          3629056 Byte
20220313 033908.366 INFO             PET0 PIOc_freedecomp Exit - MemInfo: [malloc] Maximum total allocated space:                     0 Byte
20220313 033908.366 INFO             PET0 PIOc_freedecomp Exit - MemInfo: [malloc] Space in freed fastbin blocks:                   464 Byte
20220313 033908.366 INFO             PET0 PIOc_freedecomp Exit - MemInfo: [malloc] Total allocated space:                        966432 Byte
20220313 033908.366 INFO             PET0 PIOc_freedecomp Exit - MemInfo: [malloc] Total free space:                            9040096 Byte
20220313 033908.366 INFO             PET0 PIOc_freedecomp Exit - MemInfo: [malloc] Top-most, releasable space:                    60016 Byte
20220313 033908.366 INFO             PET0 PIOc_freedecomp Exit - MemInfo: [malloc] Total space in use, mmap + non-mmap:         4595488 Byte
20220313 033908.366 INFO             PET0 PIOc_freedecomp Exit - MemInfo: [malloc] Total space held (mmap + non-mmap):         13635584 Byte
20220313 033908.366 INFO             PET0 PIOc_freedecomp Exit - MemInfo: [malloc] Total space used (mmap + non-mmap):          4603696 Byte
20220313 033908.366 INFO             PET0 PIOc_freedecomp Exit - MemInfo: Wall-clock time since execution start:              0.0174906 seconds
20220313 033908.366 INFO             PET0  PASS  Read ESMF_Array with Halo from NetCDF Test, ESMF_ArrayIOUTest.F90, line 380
20220313 033908.366 ERROR            PET0 ESMCI_IO_Handler.C:164 ESMCI::IO_Handler::create() Unknown I/O Format
20220313 033908.366 ERROR            PET0 ESMCI_IO.C:264 ESMCI::IO::read() Invalid argument  - Internal subroutine call returned Error
20220313 033908.366 ERROR            PET0 ESMCI_Array.C:3933 ESMCI::Array::read() Invalid argument  - Internal subroutine call returned Error
20220313 033908.366 ERROR            PET0 ESMCI_Array_F.C:831 c_esmc_arrayread() Invalid argument  - Internal subroutine call returned Error
20220313 033908.366 ERROR            PET0 ESMF_ArrayHa.F90:723 ESMF_ArrayRead Invalid argument  - Internal subroutine call returned Error
20220313 033908.366 INFO             PET0  PASS  Read ESMF_Array with Halo from binary Test, ESMF_ArrayIOUTest.F90, line 394
20220313 033908.366 INFO             PET0  PASS  Compare read in data to the existing NetCDF data - 3D with halo, ESMF_ArrayIOUTest.F90, line 412
20220313 033908.366 ERROR            PET0 ESMCI_Array.C:3914 ESMCI::Array::read() Invalid argument  - Array variable name not allowed in binary mode
20220313 033908.366 ERROR            PET0 ESMCI_Array_F.C:831 c_esmc_arrayread() Invalid argument  - Internal subroutine call returned Error
20220313 033908.366 ERROR            PET0 ESMF_ArrayHa.F90:723 ESMF_ArrayRead Invalid argument  - Internal subroutine call returned Error
20220313 033908.366 INFO             PET0  PASS  Read ESMF_Array variable with Halo from binary Test, ESMF_ArrayIOUTest.F90, line 430
20220313 033908.367 INFO             PET0 PIOc_sync Enter - MemInfo: [/proc/meminfo - SSI]	MemTotal:       527077124 kB
20220313 033908.367 INFO             PET0 PIOc_sync Enter - MemInfo: [/proc/meminfo - SSI]	MemFree:        518475780 kB
20220313 033908.367 INFO             PET0 PIOc_sync Enter - MemInfo: [/proc/meminfo - SSI]	MemAvailable:   517949936 kB
20220313 033908.367 INFO             PET0 PIOc_sync Enter - MemInfo: [/proc/meminfo - SSI]	Committed_AS:    1678808 kB
20220313 033908.367 INFO             PET0 PIOc_sync Enter - MemInfo: [/proc/meminfo - SSI]	CommittedPercent: 0.318513 %
20220313 033908.367 INFO             PET0 PIOc_sync Enter - MemInfo: [/proc/self/status]	VmPeak:	  176984 kB
20220313 033908.367 INFO             PET0 PIOc_sync Enter - MemInfo: [/proc/self/status]	VmSize:	  176984 kB
20220313 033908.367 INFO             PET0 PIOc_sync Enter - MemInfo: [/proc/self/status]	VmLck:	       0 kB
20220313 033908.367 INFO             PET0 PIOc_sync Enter - MemInfo: [/proc/self/status]	VmPin:	       0 kB
20220313 033908.367 INFO             PET0 PIOc_sync Enter - MemInfo: [/proc/self/status]	VmHWM:	   34524 kB
20220313 033908.367 INFO             PET0 PIOc_sync Enter - MemInfo: [/proc/self/status]	VmRSS:	   34484 kB
20220313 033908.368 INFO             PET0 PIOc_sync Enter - MemInfo: [/proc/self/status]	VmData:	   17020 kB
20220313 033908.368 INFO             PET0 PIOc_sync Enter - MemInfo: [/proc/self/status]	VmStk:	     156 kB
20220313 033908.368 INFO             PET0 PIOc_sync Enter - MemInfo: [/proc/self/status]	VmExe:	     300 kB
20220313 033908.368 INFO             PET0 PIOc_sync Enter - MemInfo: [/proc/self/status]	VmLib:	   77104 kB
20220313 033908.368 INFO             PET0 PIOc_sync Enter - MemInfo: [/proc/self/status]	VmPTE:	     352 kB
20220313 033908.368 INFO             PET0 PIOc_sync Enter - MemInfo: [/proc/self/status]	VmSwap:	       0 kB
20220313 033908.368 INFO             PET0 PIOc_sync Enter - MemInfo: [/proc/self/status]	VmRSSPercent: 0.0065425 %
20220313 033908.368 INFO             PET0 PIOc_sync Enter - MemInfo: [malloc] Non-mmapped space allocated:                10006528 Byte
20220313 033908.368 INFO             PET0 PIOc_sync Enter - MemInfo: [malloc] Space allocated in mmapped regions:          3629056 Byte
20220313 033908.368 INFO             PET0 PIOc_sync Enter - MemInfo: [malloc] Maximum total allocated space:                     0 Byte
20220313 033908.368 INFO             PET0 PIOc_sync Enter - MemInfo: [malloc] Space in freed fastbin blocks:                    48 Byte
20220313 033908.368 INFO             PET0 PIOc_sync Enter - MemInfo: [malloc] Total allocated space:                       9911088 Byte
20220313 033908.368 INFO             PET0 PIOc_sync Enter - MemInfo: [malloc] Total free space:                              95440 Byte
20220313 033908.368 INFO             PET0 PIOc_sync Enter - MemInfo: [malloc] Top-most, releasable space:                    58576 Byte
20220313 033908.368 INFO             PET0 PIOc_sync Enter - MemInfo: [malloc] Total space in use, mmap + non-mmap:        13540144 Byte
20220313 033908.368 INFO             PET0 PIOc_sync Enter - MemInfo: [malloc] Total space held (mmap + non-mmap):         13635584 Byte
20220313 033908.368 INFO             PET0 PIOc_sync Enter - MemInfo: [malloc] Total space used (mmap + non-mmap):         13548688 Byte
20220313 033908.368 INFO             PET0 PIOc_sync Enter - MemInfo: Wall-clock time since execution start:              0.0190973 seconds
20220313 033908.368 INFO             PET0 PIOc_sync Exit - MemInfo: [/proc/meminfo - SSI]	MemTotal:       527077124 kB
20220313 033908.368 INFO             PET0 PIOc_sync Exit - MemInfo: [/proc/meminfo - SSI]	MemFree:        518475780 kB
20220313 033908.368 INFO             PET0 PIOc_sync Exit - MemInfo: [/proc/meminfo - SSI]	MemAvailable:   517949936 kB
20220313 033908.368 INFO             PET0 PIOc_sync Exit - MemInfo: [/proc/meminfo - SSI]	Committed_AS:    1678808 kB
20220313 033908.368 INFO             PET0 PIOc_sync Exit - MemInfo: [/proc/meminfo - SSI]	CommittedPercent: 0.318513 %
20220313 033908.368 INFO             PET0 PIOc_sync Exit - MemInfo: [/proc/self/status]	VmPeak:	  176984 kB
20220313 033908.368 INFO             PET0 PIOc_sync Exit - MemInfo: [/proc/self/status]	VmSize:	  176984 kB
20220313 033908.368 INFO             PET0 PIOc_sync Exit - MemInfo: [/proc/self/status]	VmLck:	       0 kB
20220313 033908.368 INFO             PET0 PIOc_sync Exit - MemInfo: [/proc/self/status]	VmPin:	       0 kB
20220313 033908.368 INFO             PET0 PIOc_sync Exit - MemInfo: [/proc/self/status]	VmHWM:	   34524 kB
20220313 033908.368 INFO             PET0 PIOc_sync Exit - MemInfo: [/proc/self/status]	VmRSS:	   34484 kB
20220313 033908.368 INFO             PET0 PIOc_sync Exit - MemInfo: [/proc/self/status]	VmData:	   17020 kB
20220313 033908.368 INFO             PET0 PIOc_sync Exit - MemInfo: [/proc/self/status]	VmStk:	     156 kB
20220313 033908.368 INFO             PET0 PIOc_sync Exit - MemInfo: [/proc/self/status]	VmExe:	     300 kB
20220313 033908.368 INFO             PET0 PIOc_sync Exit - MemInfo: [/proc/self/status]	VmLib:	   77104 kB
20220313 033908.368 INFO             PET0 PIOc_sync Exit - MemInfo: [/proc/self/status]	VmPTE:	     352 kB
20220313 033908.368 INFO             PET0 PIOc_sync Exit - MemInfo: [/proc/self/status]	VmSwap:	       0 kB
20220313 033908.368 INFO             PET0 PIOc_sync Exit - MemInfo: [/proc/self/status]	VmRSSPercent: 0.0065425 %
20220313 033908.368 INFO             PET0 PIOc_sync Exit - MemInfo: [malloc] Non-mmapped space allocated:                10006528 Byte
20220313 033908.368 INFO             PET0 PIOc_sync Exit - MemInfo: [malloc] Space allocated in mmapped regions:          3629056 Byte
20220313 033908.368 INFO             PET0 PIOc_sync Exit - MemInfo: [malloc] Maximum total allocated space:                     0 Byte
20220313 033908.368 INFO             PET0 PIOc_sync Exit - MemInfo: [malloc] Space in freed fastbin blocks:                     0 Byte
20220313 033908.368 INFO             PET0 PIOc_sync Exit - MemInfo: [malloc] Total allocated space:                       9907936 Byte
20220313 033908.368 INFO             PET0 PIOc_sync Exit - MemInfo: [malloc] Total free space:                              98592 Byte
20220313 033908.368 INFO             PET0 PIOc_sync Exit - MemInfo: [malloc] Top-most, releasable space:                    58576 Byte
20220313 033908.368 INFO             PET0 PIOc_sync Exit - MemInfo: [malloc] Total space in use, mmap + non-mmap:        13536992 Byte
20220313 033908.368 INFO             PET0 PIOc_sync Exit - MemInfo: [malloc] Total space held (mmap + non-mmap):         13635584 Byte
20220313 033908.368 INFO             PET0 PIOc_sync Exit - MemInfo: [malloc] Total space used (mmap + non-mmap):         13545312 Byte
20220313 033908.368 INFO             PET0 PIOc_sync Exit - MemInfo: Wall-clock time since execution start:              0.0193514 seconds
20220313 033908.368 INFO             PET0 PIOc_freedecomp Enter - MemInfo: [/proc/meminfo - SSI]	MemTotal:       527077124 kB
20220313 033908.368 INFO             PET0 PIOc_freedecomp Enter - MemInfo: [/proc/meminfo - SSI]	MemFree:        518475780 kB
20220313 033908.368 INFO             PET0 PIOc_freedecomp Enter - MemInfo: [/proc/meminfo - SSI]	MemAvailable:   517949936 kB
20220313 033908.368 INFO             PET0 PIOc_freedecomp Enter - MemInfo: [/proc/meminfo - SSI]	Committed_AS:    1678808 kB
20220313 033908.368 INFO             PET0 PIOc_freedecomp Enter - MemInfo: [/proc/meminfo - SSI]	CommittedPercent: 0.318513 %
20220313 033908.368 INFO             PET0 PIOc_freedecomp Enter - MemInfo: [/proc/self/status]	VmPeak:	  176984 kB
20220313 033908.368 INFO             PET0 PIOc_freedecomp Enter - MemInfo: [/proc/self/status]	VmSize:	  176984 kB
20220313 033908.368 INFO             PET0 PIOc_freedecomp Enter - MemInfo: [/proc/self/status]	VmLck:	       0 kB
20220313 033908.368 INFO             PET0 PIOc_freedecomp Enter - MemInfo: [/proc/self/status]	VmPin:	       0 kB
20220313 033908.368 INFO             PET0 PIOc_freedecomp Enter - MemInfo: [/proc/self/status]	VmHWM:	   34524 kB
20220313 033908.368 INFO             PET0 PIOc_freedecomp Enter - MemInfo: [/proc/self/status]	VmRSS:	   34484 kB
20220313 033908.368 INFO             PET0 PIOc_freedecomp Enter - MemInfo: [/proc/self/status]	VmData:	   17020 kB
20220313 033908.368 INFO             PET0 PIOc_freedecomp Enter - MemInfo: [/proc/self/status]	VmStk:	     156 kB
20220313 033908.368 INFO             PET0 PIOc_freedecomp Enter - MemInfo: [/proc/self/status]	VmExe:	     300 kB
20220313 033908.368 INFO             PET0 PIOc_freedecomp Enter - MemInfo: [/proc/self/status]	VmLib:	   77104 kB
20220313 033908.368 INFO             PET0 PIOc_freedecomp Enter - MemInfo: [/proc/self/status]	VmPTE:	     352 kB
20220313 033908.368 INFO             PET0 PIOc_freedecomp Enter - MemInfo: [/proc/self/status]	VmSwap:	       0 kB
20220313 033908.368 INFO             PET0 PIOc_freedecomp Enter - MemInfo: [/proc/self/status]	VmRSSPercent: 0.0065425 %
20220313 033908.368 INFO             PET0 PIOc_freedecomp Enter - MemInfo: [malloc] Non-mmapped space allocated:                10006528 Byte
20220313 033908.368 INFO             PET0 PIOc_freedecomp Enter - MemInfo: [malloc] Space allocated in mmapped regions:          3629056 Byte
20220313 033908.368 INFO             PET0 PIOc_freedecomp Enter - MemInfo: [malloc] Maximum total allocated space:                     0 Byte
20220313 033908.368 INFO             PET0 PIOc_freedecomp Enter - MemInfo: [malloc] Space in freed fastbin blocks:                   112 Byte
20220313 033908.368 INFO             PET0 PIOc_freedecomp Enter - MemInfo: [malloc] Total allocated space:                        982048 Byte
20220313 033908.368 INFO             PET0 PIOc_freedecomp Enter - MemInfo: [malloc] Total free space:                            9024480 Byte
20220313 033908.368 INFO             PET0 PIOc_freedecomp Enter - MemInfo: [malloc] Top-most, releasable space:                    58576 Byte
20220313 033908.368 INFO             PET0 PIOc_freedecomp Enter - MemInfo: [malloc] Total space in use, mmap + non-mmap:         4611104 Byte
20220313 033908.368 INFO             PET0 PIOc_freedecomp Enter - MemInfo: [malloc] Total space held (mmap + non-mmap):         13635584 Byte
20220313 033908.368 INFO             PET0 PIOc_freedecomp Enter - MemInfo: [malloc] Total space used (mmap + non-mmap):          4619312 Byte
20220313 033908.368 INFO             PET0 PIOc_freedecomp Enter - MemInfo: Wall-clock time since execution start:              0.0196682 seconds
20220313 033908.368 INFO             PET0 PIOc_freedecomp Exit - MemInfo: [/proc/meminfo - SSI]	MemTotal:       527077124 kB
20220313 033908.368 INFO             PET0 PIOc_freedecomp Exit - MemInfo: [/proc/meminfo - SSI]	MemFree:        518475780 kB
20220313 033908.368 INFO             PET0 PIOc_freedecomp Exit - MemInfo: [/proc/meminfo - SSI]	MemAvailable:   517949936 kB
20220313 033908.368 INFO             PET0 PIOc_freedecomp Exit - MemInfo: [/proc/meminfo - SSI]	Committed_AS:    1678808 kB
20220313 033908.368 INFO             PET0 PIOc_freedecomp Exit - MemInfo: [/proc/meminfo - SSI]	CommittedPercent: 0.318513 %
20220313 033908.368 INFO             PET0 PIOc_freedecomp Exit - MemInfo: [/proc/self/status]	VmPeak:	  176984 kB
20220313 033908.368 INFO             PET0 PIOc_freedecomp Exit - MemInfo: [/proc/self/status]	VmSize:	  176984 kB
20220313 033908.368 INFO             PET0 PIOc_freedecomp Exit - MemInfo: [/proc/self/status]	VmLck:	       0 kB
20220313 033908.368 INFO             PET0 PIOc_freedecomp Exit - MemInfo: [/proc/self/status]	VmPin:	       0 kB
20220313 033908.368 INFO             PET0 PIOc_freedecomp Exit - MemInfo: [/proc/self/status]	VmHWM:	   34524 kB
20220313 033908.368 INFO             PET0 PIOc_freedecomp Exit - MemInfo: [/proc/self/status]	VmRSS:	   34484 kB
20220313 033908.368 INFO             PET0 PIOc_freedecomp Exit - MemInfo: [/proc/self/status]	VmData:	   17020 kB
20220313 033908.368 INFO             PET0 PIOc_freedecomp Exit - MemInfo: [/proc/self/status]	VmStk:	     156 kB
20220313 033908.368 INFO             PET0 PIOc_freedecomp Exit - MemInfo: [/proc/self/status]	VmExe:	     300 kB
20220313 033908.368 INFO             PET0 PIOc_freedecomp Exit - MemInfo: [/proc/self/status]	VmLib:	   77104 kB
20220313 033908.368 INFO             PET0 PIOc_freedecomp Exit - MemInfo: [/proc/self/status]	VmPTE:	     352 kB
20220313 033908.368 INFO             PET0 PIOc_freedecomp Exit - MemInfo: [/proc/self/status]	VmSwap:	       0 kB
20220313 033908.368 INFO             PET0 PIOc_freedecomp Exit - MemInfo: [/proc/self/status]	VmRSSPercent: 0.0065425 %
20220313 033908.368 INFO             PET0 PIOc_freedecomp Exit - MemInfo: [malloc] Non-mmapped space allocated:                10006528 Byte
20220313 033908.368 INFO             PET0 PIOc_freedecomp Exit - MemInfo: [malloc] Space allocated in mmapped regions:          3629056 Byte
20220313 033908.368 INFO             PET0 PIOc_freedecomp Exit - MemInfo: [malloc] Maximum total allocated space:                     0 Byte
20220313 033908.368 INFO             PET0 PIOc_freedecomp Exit - MemInfo: [malloc] Space in freed fastbin blocks:                   544 Byte
20220313 033908.368 INFO             PET0 PIOc_freedecomp Exit - MemInfo: [malloc] Total allocated space:                        968096 Byte
20220313 033908.368 INFO             PET0 PIOc_freedecomp Exit - MemInfo: [malloc] Total free space:                            9038432 Byte
20220313 033908.368 INFO             PET0 PIOc_freedecomp Exit - MemInfo: [malloc] Top-most, releasable space:                    58576 Byte
20220313 033908.368 INFO             PET0 PIOc_freedecomp Exit - MemInfo: [malloc] Total space in use, mmap + non-mmap:         4597152 Byte
20220313 033908.368 INFO             PET0 PIOc_freedecomp Exit - MemInfo: [malloc] Total space held (mmap + non-mmap):         13635584 Byte
20220313 033908.368 INFO             PET0 PIOc_freedecomp Exit - MemInfo: [malloc] Total space used (mmap + non-mmap):          4605360 Byte
20220313 033908.368 INFO             PET0 PIOc_freedecomp Exit - MemInfo: Wall-clock time since execution start:              0.0198524 seconds
20220313 033908.368 INFO             PET0  PASS  Write ESMF_Array with Halo to NetCDF variable copy Test, ESMF_ArrayIOUTest.F90, line 442
20220313 033908.368 INFO             PET0  PASS  Destroy Array with Halo, ESMF_ArrayIOUTest.F90, line 453
20220313 033908.368 INFO             PET0  PASS  Destroy Array without Halo, ESMF_ArrayIOUTest.F90, line 460
20220313 033908.368 INFO             PET0  PASS  Destroy DistGrid, ESMF_ArrayIOUTest.F90, line 467
20220313 033908.368 INFO             PET0  PASS  dstDistgrid Create Test, ESMF_ArrayIOUTest.F90, line 485
20220313 033908.368 INFO             PET0  PASS  Array Spec Set Test, ESMF_ArrayIOUTest.F90, line 493
20220313 033908.368 INFO             PET0  PASS  Array with Halo Create Test, ESMF_ArrayIOUTest.F90, line 507
20220313 033908.368 INFO             PET0  PASS  Array without Halo Create Test, ESMF_ArrayIOUTest.F90, line 517
20220313 033908.370 INFO             PET0 PIOc_sync Enter - MemInfo: [/proc/meminfo - SSI]	MemTotal:       527077124 kB
20220313 033908.370 INFO             PET0 PIOc_sync Enter - MemInfo: [/proc/meminfo - SSI]	MemFree:        518475780 kB
20220313 033908.370 INFO             PET0 PIOc_sync Enter - MemInfo: [/proc/meminfo - SSI]	MemAvailable:   517949936 kB
20220313 033908.370 INFO             PET0 PIOc_sync Enter - MemInfo: [/proc/meminfo - SSI]	Committed_AS:    1678808 kB
20220313 033908.370 INFO             PET0 PIOc_sync Enter - MemInfo: [/proc/meminfo - SSI]	CommittedPercent: 0.318513 %
20220313 033908.370 INFO             PET0 PIOc_sync Enter - MemInfo: [/proc/self/status]	VmPeak:	  176984 kB
20220313 033908.370 INFO             PET0 PIOc_sync Enter - MemInfo: [/proc/self/status]	VmSize:	  176984 kB
20220313 033908.370 INFO             PET0 PIOc_sync Enter - MemInfo: [/proc/self/status]	VmLck:	       0 kB
20220313 033908.370 INFO             PET0 PIOc_sync Enter - MemInfo: [/proc/self/status]	VmPin:	       0 kB
20220313 033908.370 INFO             PET0 PIOc_sync Enter - MemInfo: [/proc/self/status]	VmHWM:	   34620 kB
20220313 033908.370 INFO             PET0 PIOc_sync Enter - MemInfo: [/proc/self/status]	VmRSS:	   34580 kB
20220313 033908.370 INFO             PET0 PIOc_sync Enter - MemInfo: [/proc/self/status]	VmData:	   17020 kB
20220313 033908.370 INFO             PET0 PIOc_sync Enter - MemInfo: [/proc/self/status]	VmStk:	     156 kB
20220313 033908.370 INFO             PET0 PIOc_sync Enter - MemInfo: [/proc/self/status]	VmExe:	     300 kB
20220313 033908.370 INFO             PET0 PIOc_sync Enter - MemInfo: [/proc/self/status]	VmLib:	   77104 kB
20220313 033908.370 INFO             PET0 PIOc_sync Enter - MemInfo: [/proc/self/status]	VmPTE:	     352 kB
20220313 033908.370 INFO             PET0 PIOc_sync Enter - MemInfo: [/proc/self/status]	VmSwap:	       0 kB
20220313 033908.370 INFO             PET0 PIOc_sync Enter - MemInfo: [/proc/self/status]	VmRSSPercent: 0.00656071 %
20220313 033908.370 INFO             PET0 PIOc_sync Enter - MemInfo: [malloc] Non-mmapped space allocated:                10006528 Byte
20220313 033908.370 INFO             PET0 PIOc_sync Enter - MemInfo: [malloc] Space allocated in mmapped regions:          3629056 Byte
20220313 033908.370 INFO             PET0 PIOc_sync Enter - MemInfo: [malloc] Maximum total allocated space:                     0 Byte
20220313 033908.370 INFO             PET0 PIOc_sync Enter - MemInfo: [malloc] Space in freed fastbin blocks:                    96 Byte
20220313 033908.370 INFO             PET0 PIOc_sync Enter - MemInfo: [malloc] Total allocated space:                       9902976 Byte
20220313 033908.370 INFO             PET0 PIOc_sync Enter - MemInfo: [malloc] Total free space:                             103552 Byte
20220313 033908.370 INFO             PET0 PIOc_sync Enter - MemInfo: [malloc] Top-most, releasable space:                    59232 Byte
20220313 033908.370 INFO             PET0 PIOc_sync Enter - MemInfo: [malloc] Total space in use, mmap + non-mmap:        13532032 Byte
20220313 033908.370 INFO             PET0 PIOc_sync Enter - MemInfo: [malloc] Total space held (mmap + non-mmap):         13635584 Byte
20220313 033908.370 INFO             PET0 PIOc_sync Enter - MemInfo: [malloc] Total space used (mmap + non-mmap):         13540240 Byte
20220313 033908.370 INFO             PET0 PIOc_sync Enter - MemInfo: Wall-clock time since execution start:              0.0218526 seconds
20220313 033908.370 INFO             PET0 PIOc_sync Exit - MemInfo: [/proc/meminfo - SSI]	MemTotal:       527077124 kB
20220313 033908.370 INFO             PET0 PIOc_sync Exit - MemInfo: [/proc/meminfo - SSI]	MemFree:        518475812 kB
20220313 033908.370 INFO             PET0 PIOc_sync Exit - MemInfo: [/proc/meminfo - SSI]	MemAvailable:   517949968 kB
20220313 033908.370 INFO             PET0 PIOc_sync Exit - MemInfo: [/proc/meminfo - SSI]	Committed_AS:    1678808 kB
20220313 033908.370 INFO             PET0 PIOc_sync Exit - MemInfo: [/proc/meminfo - SSI]	CommittedPercent: 0.318513 %
20220313 033908.370 INFO             PET0 PIOc_sync Exit - MemInfo: [/proc/self/status]	VmPeak:	  176984 kB
20220313 033908.370 INFO             PET0 PIOc_sync Exit - MemInfo: [/proc/self/status]	VmSize:	  176984 kB
20220313 033908.370 INFO             PET0 PIOc_sync Exit - MemInfo: [/proc/self/status]	VmLck:	       0 kB
20220313 033908.370 INFO             PET0 PIOc_sync Exit - MemInfo: [/proc/self/status]	VmPin:	       0 kB
20220313 033908.370 INFO             PET0 PIOc_sync Exit - MemInfo: [/proc/self/status]	VmHWM:	   34620 kB
20220313 033908.370 INFO             PET0 PIOc_sync Exit - MemInfo: [/proc/self/status]	VmRSS:	   34580 kB
20220313 033908.370 INFO             PET0 PIOc_sync Exit - MemInfo: [/proc/self/status]	VmData:	   17020 kB
20220313 033908.371 INFO             PET0 PIOc_sync Exit - MemInfo: [/proc/self/status]	VmStk:	     156 kB
20220313 033908.371 INFO             PET0 PIOc_sync Exit - MemInfo: [/proc/self/status]	VmExe:	     300 kB
20220313 033908.371 INFO             PET0 PIOc_sync Exit - MemInfo: [/proc/self/status]	VmLib:	   77104 kB
20220313 033908.371 INFO             PET0 PIOc_sync Exit - MemInfo: [/proc/self/status]	VmPTE:	     352 kB
20220313 033908.371 INFO             PET0 PIOc_sync Exit - MemInfo: [/proc/self/status]	VmSwap:	       0 kB
20220313 033908.371 INFO             PET0 PIOc_sync Exit - MemInfo: [/proc/self/status]	VmRSSPercent: 0.00656071 %
20220313 033908.371 INFO             PET0 PIOc_sync Exit - MemInfo: [malloc] Non-mmapped space allocated:                10006528 Byte
20220313 033908.371 INFO             PET0 PIOc_sync Exit - MemInfo: [malloc] Space allocated in mmapped regions:          3629056 Byte
20220313 033908.371 INFO             PET0 PIOc_sync Exit - MemInfo: [malloc] Maximum total allocated space:                     0 Byte
20220313 033908.371 INFO             PET0 PIOc_sync Exit - MemInfo: [malloc] Space in freed fastbin blocks:                    48 Byte
20220313 033908.371 INFO             PET0 PIOc_sync Exit - MemInfo: [malloc] Total allocated space:                       9903760 Byte
20220313 033908.371 INFO             PET0 PIOc_sync Exit - MemInfo: [malloc] Total free space:                             102768 Byte
20220313 033908.371 INFO             PET0 PIOc_sync Exit - MemInfo: [malloc] Top-most, releasable space:                    59232 Byte
20220313 033908.371 INFO             PET0 PIOc_sync Exit - MemInfo: [malloc] Total space in use, mmap + non-mmap:        13532816 Byte
20220313 033908.371 INFO             PET0 PIOc_sync Exit - MemInfo: [malloc] Total space held (mmap + non-mmap):         13635584 Byte
20220313 033908.371 INFO             PET0 PIOc_sync Exit - MemInfo: [malloc] Total space used (mmap + non-mmap):         13541024 Byte
20220313 033908.371 INFO             PET0 PIOc_sync Exit - MemInfo: Wall-clock time since execution start:               0.022109 seconds
20220313 033908.371 INFO             PET0 PIOc_freedecomp Enter - MemInfo: [/proc/meminfo - SSI]	MemTotal:       527077124 kB
20220313 033908.371 INFO             PET0 PIOc_freedecomp Enter - MemInfo: [/proc/meminfo - SSI]	MemFree:        518475812 kB
20220313 033908.371 INFO             PET0 PIOc_freedecomp Enter - MemInfo: [/proc/meminfo - SSI]	MemAvailable:   517949968 kB
20220313 033908.371 INFO             PET0 PIOc_freedecomp Enter - MemInfo: [/proc/meminfo - SSI]	Committed_AS:    1678808 kB
20220313 033908.371 INFO             PET0 PIOc_freedecomp Enter - MemInfo: [/proc/meminfo - SSI]	CommittedPercent: 0.318513 %
20220313 033908.371 INFO             PET0 PIOc_freedecomp Enter - MemInfo: [/proc/self/status]	VmPeak:	  176984 kB
20220313 033908.371 INFO             PET0 PIOc_freedecomp Enter - MemInfo: [/proc/self/status]	VmSize:	  176984 kB
20220313 033908.371 INFO             PET0 PIOc_freedecomp Enter - MemInfo: [/proc/self/status]	VmLck:	       0 kB
20220313 033908.371 INFO             PET0 PIOc_freedecomp Enter - MemInfo: [/proc/self/status]	VmPin:	       0 kB
20220313 033908.371 INFO             PET0 PIOc_freedecomp Enter - MemInfo: [/proc/self/status]	VmHWM:	   34620 kB
20220313 033908.371 INFO             PET0 PIOc_freedecomp Enter - MemInfo: [/proc/self/status]	VmRSS:	   34580 kB
20220313 033908.371 INFO             PET0 PIOc_freedecomp Enter - MemInfo: [/proc/self/status]	VmData:	   17020 kB
20220313 033908.371 INFO             PET0 PIOc_freedecomp Enter - MemInfo: [/proc/self/status]	VmStk:	     156 kB
20220313 033908.371 INFO             PET0 PIOc_freedecomp Enter - MemInfo: [/proc/self/status]	VmExe:	     300 kB
20220313 033908.371 INFO             PET0 PIOc_freedecomp Enter - MemInfo: [/proc/self/status]	VmLib:	   77104 kB
20220313 033908.371 INFO             PET0 PIOc_freedecomp Enter - MemInfo: [/proc/self/status]	VmPTE:	     352 kB
20220313 033908.371 INFO             PET0 PIOc_freedecomp Enter - MemInfo: [/proc/self/status]	VmSwap:	       0 kB
20220313 033908.371 INFO             PET0 PIOc_freedecomp Enter - MemInfo: [/proc/self/status]	VmRSSPercent: 0.00656071 %
20220313 033908.371 INFO             PET0 PIOc_freedecomp Enter - MemInfo: [malloc] Non-mmapped space allocated:                10006528 Byte
20220313 033908.371 INFO             PET0 PIOc_freedecomp Enter - MemInfo: [malloc] Space allocated in mmapped regions:          3629056 Byte
20220313 033908.371 INFO             PET0 PIOc_freedecomp Enter - MemInfo: [malloc] Maximum total allocated space:                     0 Byte
20220313 033908.371 INFO             PET0 PIOc_freedecomp Enter - MemInfo: [malloc] Space in freed fastbin blocks:                   160 Byte
20220313 033908.371 INFO             PET0 PIOc_freedecomp Enter - MemInfo: [malloc] Total allocated space:                        978480 Byte
20220313 033908.371 INFO             PET0 PIOc_freedecomp Enter - MemInfo: [malloc] Total free space:                            9028048 Byte
20220313 033908.371 INFO             PET0 PIOc_freedecomp Enter - MemInfo: [malloc] Top-most, releasable space:                    59232 Byte
20220313 033908.371 INFO             PET0 PIOc_freedecomp Enter - MemInfo: [malloc] Total space in use, mmap + non-mmap:         4607536 Byte
20220313 033908.371 INFO             PET0 PIOc_freedecomp Enter - MemInfo: [malloc] Total space held (mmap + non-mmap):         13635584 Byte
20220313 033908.371 INFO             PET0 PIOc_freedecomp Enter - MemInfo: [malloc] Total space used (mmap + non-mmap):          4615744 Byte
20220313 033908.371 INFO             PET0 PIOc_freedecomp Enter - MemInfo: Wall-clock time since execution start:              0.0224127 seconds
20220313 033908.371 INFO             PET0 PIOc_freedecomp Exit - MemInfo: [/proc/meminfo - SSI]	MemTotal:       527077124 kB
20220313 033908.371 INFO             PET0 PIOc_freedecomp Exit - MemInfo: [/proc/meminfo - SSI]	MemFree:        518475812 kB
20220313 033908.371 INFO             PET0 PIOc_freedecomp Exit - MemInfo: [/proc/meminfo - SSI]	MemAvailable:   517949968 kB
20220313 033908.371 INFO             PET0 PIOc_freedecomp Exit - MemInfo: [/proc/meminfo - SSI]	Committed_AS:    1678808 kB
20220313 033908.371 INFO             PET0 PIOc_freedecomp Exit - MemInfo: [/proc/meminfo - SSI]	CommittedPercent: 0.318513 %
20220313 033908.371 INFO             PET0 PIOc_freedecomp Exit - MemInfo: [/proc/self/status]	VmPeak:	  176984 kB
20220313 033908.371 INFO             PET0 PIOc_freedecomp Exit - MemInfo: [/proc/self/status]	VmSize:	  176984 kB
20220313 033908.371 INFO             PET0 PIOc_freedecomp Exit - MemInfo: [/proc/self/status]	VmLck:	       0 kB
20220313 033908.371 INFO             PET0 PIOc_freedecomp Exit - MemInfo: [/proc/self/status]	VmPin:	       0 kB
20220313 033908.371 INFO             PET0 PIOc_freedecomp Exit - MemInfo: [/proc/self/status]	VmHWM:	   34620 kB
20220313 033908.371 INFO             PET0 PIOc_freedecomp Exit - MemInfo: [/proc/self/status]	VmRSS:	   34580 kB
20220313 033908.371 INFO             PET0 PIOc_freedecomp Exit - MemInfo: [/proc/self/status]	VmData:	   17020 kB
20220313 033908.371 INFO             PET0 PIOc_freedecomp Exit - MemInfo: [/proc/self/status]	VmStk:	     156 kB
20220313 033908.371 INFO             PET0 PIOc_freedecomp Exit - MemInfo: [/proc/self/status]	VmExe:	     300 kB
20220313 033908.371 INFO             PET0 PIOc_freedecomp Exit - MemInfo: [/proc/self/status]	VmLib:	   77104 kB
20220313 033908.371 INFO             PET0 PIOc_freedecomp Exit - MemInfo: [/proc/self/status]	VmPTE:	     352 kB
20220313 033908.371 INFO             PET0 PIOc_freedecomp Exit - MemInfo: [/proc/self/status]	VmSwap:	       0 kB
20220313 033908.371 INFO             PET0 PIOc_freedecomp Exit - MemInfo: [/proc/self/status]	VmRSSPercent: 0.00656071 %
20220313 033908.371 INFO             PET0 PIOc_freedecomp Exit - MemInfo: [malloc] Non-mmapped space allocated:                10006528 Byte
20220313 033908.371 INFO             PET0 PIOc_freedecomp Exit - MemInfo: [malloc] Space allocated in mmapped regions:          3629056 Byte
20220313 033908.371 INFO             PET0 PIOc_freedecomp Exit - MemInfo: [malloc] Maximum total allocated space:                     0 Byte
20220313 033908.371 INFO             PET0 PIOc_freedecomp Exit - MemInfo: [malloc] Space in freed fastbin blocks:                   480 Byte
20220313 033908.371 INFO             PET0 PIOc_freedecomp Exit - MemInfo: [malloc] Total allocated space:                        977328 Byte
20220313 033908.371 INFO             PET0 PIOc_freedecomp Exit - MemInfo: [malloc] Total free space:                            9029200 Byte
20220313 033908.371 INFO             PET0 PIOc_freedecomp Exit - MemInfo: [malloc] Top-most, releasable space:                    59232 Byte
20220313 033908.371 INFO             PET0 PIOc_freedecomp Exit - MemInfo: [malloc] Total space in use, mmap + non-mmap:         4606384 Byte
20220313 033908.371 INFO             PET0 PIOc_freedecomp Exit - MemInfo: [malloc] Total space held (mmap + non-mmap):         13635584 Byte
20220313 033908.371 INFO             PET0 PIOc_freedecomp Exit - MemInfo: [malloc] Total space used (mmap + non-mmap):          4614592 Byte
20220313 033908.371 INFO             PET0 PIOc_freedecomp Exit - MemInfo: Wall-clock time since execution start:              0.0225821 seconds
20220313 033908.371 INFO             PET0  PASS  Write 2D ESMF_Array with Halo to NetCDF Test, ESMF_ArrayIOUTest.F90, line 547
20220313 033908.372 WARNING          PET0 ESMCI_PIO_Handler.C:1343 ESMCI::PIO_Handler::open()  Unable to set fill on file: file2D_withhalo.nc, (PIO/NetCDF error = NetCDF: Write to read only)
20220313 033908.373 INFO             PET0 PIOc_sync Enter - MemInfo: [/proc/meminfo - SSI]	MemTotal:       527077124 kB
20220313 033908.373 INFO             PET0 PIOc_sync Enter - MemInfo: [/proc/meminfo - SSI]	MemFree:        518475812 kB
20220313 033908.373 INFO             PET0 PIOc_sync Enter - MemInfo: [/proc/meminfo - SSI]	MemAvailable:   517949968 kB
20220313 033908.373 INFO             PET0 PIOc_sync Enter - MemInfo: [/proc/meminfo - SSI]	Committed_AS:    1678808 kB
20220313 033908.373 INFO             PET0 PIOc_sync Enter - MemInfo: [/proc/meminfo - SSI]	CommittedPercent: 0.318513 %
20220313 033908.373 INFO             PET0 PIOc_sync Enter - MemInfo: [/proc/self/status]	VmPeak:	  176984 kB
20220313 033908.373 INFO             PET0 PIOc_sync Enter - MemInfo: [/proc/self/status]	VmSize:	  176984 kB
20220313 033908.373 INFO             PET0 PIOc_sync Enter - MemInfo: [/proc/self/status]	VmLck:	       0 kB
20220313 033908.373 INFO             PET0 PIOc_sync Enter - MemInfo: [/proc/self/status]	VmPin:	       0 kB
20220313 033908.373 INFO             PET0 PIOc_sync Enter - MemInfo: [/proc/self/status]	VmHWM:	   34848 kB
20220313 033908.373 INFO             PET0 PIOc_sync Enter - MemInfo: [/proc/self/status]	VmRSS:	   34808 kB
20220313 033908.373 INFO             PET0 PIOc_sync Enter - MemInfo: [/proc/self/status]	VmData:	   17020 kB
20220313 033908.373 INFO             PET0 PIOc_sync Enter - MemInfo: [/proc/self/status]	VmStk:	     156 kB
20220313 033908.373 INFO             PET0 PIOc_sync Enter - MemInfo: [/proc/self/status]	VmExe:	     300 kB
20220313 033908.373 INFO             PET0 PIOc_sync Enter - MemInfo: [/proc/self/status]	VmLib:	   77104 kB
20220313 033908.373 INFO             PET0 PIOc_sync Enter - MemInfo: [/proc/self/status]	VmPTE:	     352 kB
20220313 033908.373 INFO             PET0 PIOc_sync Enter - MemInfo: [/proc/self/status]	VmSwap:	       0 kB
20220313 033908.373 INFO             PET0 PIOc_sync Enter - MemInfo: [/proc/self/status]	VmRSSPercent: 0.00660397 %
20220313 033908.373 INFO             PET0 PIOc_sync Enter - MemInfo: [malloc] Non-mmapped space allocated:                10006528 Byte
20220313 033908.373 INFO             PET0 PIOc_sync Enter - MemInfo: [malloc] Space allocated in mmapped regions:          3629056 Byte
20220313 033908.373 INFO             PET0 PIOc_sync Enter - MemInfo: [malloc] Maximum total allocated space:                     0 Byte
20220313 033908.373 INFO             PET0 PIOc_sync Enter - MemInfo: [malloc] Space in freed fastbin blocks:                     0 Byte
20220313 033908.373 INFO             PET0 PIOc_sync Enter - MemInfo: [malloc] Total allocated space:                       9904352 Byte
20220313 033908.373 INFO             PET0 PIOc_sync Enter - MemInfo: [malloc] Total free space:                             102176 Byte
20220313 033908.373 INFO             PET0 PIOc_sync Enter - MemInfo: [malloc] Top-most, releasable space:                    59232 Byte
20220313 033908.373 INFO             PET0 PIOc_sync Enter - MemInfo: [malloc] Total space in use, mmap + non-mmap:        13533408 Byte
20220313 033908.373 INFO             PET0 PIOc_sync Enter - MemInfo: [malloc] Total space held (mmap + non-mmap):         13635584 Byte
20220313 033908.373 INFO             PET0 PIOc_sync Enter - MemInfo: [malloc] Total space used (mmap + non-mmap):         13541616 Byte
20220313 033908.373 INFO             PET0 PIOc_sync Enter - MemInfo: Wall-clock time since execution start:              0.0243386 seconds
20220313 033908.373 INFO             PET0 PIOc_sync Exit - MemInfo: [/proc/meminfo - SSI]	MemTotal:       527077124 kB
20220313 033908.373 INFO             PET0 PIOc_sync Exit - MemInfo: [/proc/meminfo - SSI]	MemFree:        518475812 kB
20220313 033908.373 INFO             PET0 PIOc_sync Exit - MemInfo: [/proc/meminfo - SSI]	MemAvailable:   517949968 kB
20220313 033908.373 INFO             PET0 PIOc_sync Exit - MemInfo: [/proc/meminfo - SSI]	Committed_AS:    1678808 kB
20220313 033908.373 INFO             PET0 PIOc_sync Exit - MemInfo: [/proc/meminfo - SSI]	CommittedPercent: 0.318513 %
20220313 033908.373 INFO             PET0 PIOc_sync Exit - MemInfo: [/proc/self/status]	VmPeak:	  176984 kB
20220313 033908.373 INFO             PET0 PIOc_sync Exit - MemInfo: [/proc/self/status]	VmSize:	  176984 kB
20220313 033908.373 INFO             PET0 PIOc_sync Exit - MemInfo: [/proc/self/status]	VmLck:	       0 kB
20220313 033908.373 INFO             PET0 PIOc_sync Exit - MemInfo: [/proc/self/status]	VmPin:	       0 kB
20220313 033908.373 INFO             PET0 PIOc_sync Exit - MemInfo: [/proc/self/status]	VmHWM:	   34848 kB
20220313 033908.373 INFO             PET0 PIOc_sync Exit - MemInfo: [/proc/self/status]	VmRSS:	   34808 kB
20220313 033908.373 INFO             PET0 PIOc_sync Exit - MemInfo: [/proc/self/status]	VmData:	   17020 kB
20220313 033908.373 INFO             PET0 PIOc_sync Exit - MemInfo: [/proc/self/status]	VmStk:	     156 kB
20220313 033908.373 INFO             PET0 PIOc_sync Exit - MemInfo: [/proc/self/status]	VmExe:	     300 kB
20220313 033908.373 INFO             PET0 PIOc_sync Exit - MemInfo: [/proc/self/status]	VmLib:	   77104 kB
20220313 033908.373 INFO             PET0 PIOc_sync Exit - MemInfo: [/proc/self/status]	VmPTE:	     352 kB
20220313 033908.373 INFO             PET0 PIOc_sync Exit - MemInfo: [/proc/self/status]	VmSwap:	       0 kB
