build time -- 2022-03-14 01:38:45
20220314 014524.941 INFO             PET0 !!!!!!!!!!!!!!!!!!!!!!!!!!!!!!!!!!!!!!!!!!!!!!!!!!!!!!
20220314 014524.941 INFO             PET0 !!! THE ESMF_LOG IS SET TO OUTPUT ALL LOG MESSAGES !!!
20220314 014524.941 INFO             PET0 !!!     THIS MAY CAUSE SLOWDOWN IN PERFORMANCE     !!!
20220314 014524.941 INFO             PET0 !!! FOR PRODUCTION RUNS, USE:                      !!!
20220314 014524.941 INFO             PET0 !!!                   ESMF_LOGKIND_Multi_On_Error  !!!
20220314 014524.941 INFO             PET0 !!!!!!!!!!!!!!!!!!!!!!!!!!!!!!!!!!!!!!!!!!!!!!!!!!!!!!
20220314 014524.941 INFO             PET0 Running with ESMF Version   : v8.3.0b09-96-g559b459836
20220314 014524.941 INFO             PET0 ESMF library build date/time: "Mar 14 2022" "01:37:45"
20220314 014524.941 INFO             PET0 ESMF library build location : /lfs/h1/emc/ptmp/Mark.Potts/gfortran_10.3.0_mpich3_O_jedwards_pio_update2
20220314 014524.941 INFO             PET0 ESMF_COMM                   : mpich3
20220314 014524.941 INFO             PET0 ESMF_MOAB                   : enabled
20220314 014524.941 INFO             PET0 ESMF_LAPACK                 : enabled
20220314 014524.941 INFO             PET0 ESMF_NETCDF                 : enabled
20220314 014524.941 INFO             PET0 ESMF_PNETCDF                : disabled
20220314 014524.941 INFO             PET0 ESMF_PIO                    : enabled
20220314 014524.941 INFO             PET0 ESMF_YAMLCPP                : enabled
20220314 014524.941 INFO             PET0  Beginning Test, file ESMF_IOUTest.F90, line 57
20220314 014524.941 INFO             PET0  NUMBER_OF_PROCESSORS           4
20220314 014524.941 INFO             PET0 Starting Test:  ESMF_OutputWeightFile
20220314 014524.946 INFO             PET0 PIOc_sync Enter - MemInfo: [/proc/meminfo - SSI]	MemTotal:       527077124 kB
20220314 014524.946 INFO             PET0 PIOc_sync Enter - MemInfo: [/proc/meminfo - SSI]	MemFree:        518101556 kB
20220314 014524.946 INFO             PET0 PIOc_sync Enter - MemInfo: [/proc/meminfo - SSI]	MemAvailable:   517784324 kB
20220314 014524.946 INFO             PET0 PIOc_sync Enter - MemInfo: [/proc/meminfo - SSI]	Committed_AS:    1689492 kB
20220314 014524.946 INFO             PET0 PIOc_sync Enter - MemInfo: [/proc/meminfo - SSI]	CommittedPercent: 0.32054 %
20220314 014524.946 INFO             PET0 PIOc_sync Enter - MemInfo: [/proc/self/status]	VmPeak:	  167716 kB
20220314 014524.946 INFO             PET0 PIOc_sync Enter - MemInfo: [/proc/self/status]	VmSize:	  167716 kB
20220314 014524.946 INFO             PET0 PIOc_sync Enter - MemInfo: [/proc/self/status]	VmLck:	       0 kB
20220314 014524.946 INFO             PET0 PIOc_sync Enter - MemInfo: [/proc/self/status]	VmPin:	       0 kB
20220314 014524.946 INFO             PET0 PIOc_sync Enter - MemInfo: [/proc/self/status]	VmHWM:	   33140 kB
20220314 014524.946 INFO             PET0 PIOc_sync Enter - MemInfo: [/proc/self/status]	VmRSS:	   33140 kB
20220314 014524.946 INFO             PET0 PIOc_sync Enter - MemInfo: [/proc/self/status]	VmData:	   16624 kB
20220314 014524.946 INFO             PET0 PIOc_sync Enter - MemInfo: [/proc/self/status]	VmStk:	     156 kB
20220314 014524.946 INFO             PET0 PIOc_sync Enter - MemInfo: [/proc/self/status]	VmExe:	     204 kB
20220314 014524.946 INFO             PET0 PIOc_sync Enter - MemInfo: [/proc/self/status]	VmLib:	   77104 kB
20220314 014524.946 INFO             PET0 PIOc_sync Enter - MemInfo: [/proc/self/status]	VmPTE:	     344 kB
20220314 014524.946 INFO             PET0 PIOc_sync Enter - MemInfo: [/proc/self/status]	VmSwap:	       0 kB
20220314 014524.946 INFO             PET0 PIOc_sync Enter - MemInfo: [/proc/self/status]	VmRSSPercent: 0.0062875 %
20220314 014524.946 INFO             PET0 PIOc_sync Enter - MemInfo: [malloc] Non-mmapped space allocated:                  970752 Byte
20220314 014524.946 INFO             PET0 PIOc_sync Enter - MemInfo: [malloc] Space allocated in mmapped regions:         12259328 Byte
20220314 014524.946 INFO             PET0 PIOc_sync Enter - MemInfo: [malloc] Maximum total allocated space:                     0 Byte
20220314 014524.946 INFO             PET0 PIOc_sync Enter - MemInfo: [malloc] Space in freed fastbin blocks:                     0 Byte
20220314 014524.946 INFO             PET0 PIOc_sync Enter - MemInfo: [malloc] Total allocated space:                        840576 Byte
20220314 014524.946 INFO             PET0 PIOc_sync Enter - MemInfo: [malloc] Total free space:                             130176 Byte
20220314 014524.946 INFO             PET0 PIOc_sync Enter - MemInfo: [malloc] Top-most, releasable space:                   130064 Byte
20220314 014524.946 INFO             PET0 PIOc_sync Enter - MemInfo: [malloc] Total space in use, mmap + non-mmap:        13099904 Byte
20220314 014524.946 INFO             PET0 PIOc_sync Enter - MemInfo: [malloc] Total space held (mmap + non-mmap):         13230080 Byte
20220314 014524.946 INFO             PET0 PIOc_sync Enter - MemInfo: [malloc] Total space used (mmap + non-mmap):         13108560 Byte
20220314 014524.946 INFO             PET0 PIOc_sync Enter - MemInfo: Wall-clock time since execution start:              0.0072256 seconds
20220314 014524.946 INFO             PET0 PIOc_sync Exit - MemInfo: [/proc/meminfo - SSI]	MemTotal:       527077124 kB
20220314 014524.946 INFO             PET0 PIOc_sync Exit - MemInfo: [/proc/meminfo - SSI]	MemFree:        518101052 kB
20220314 014524.946 INFO             PET0 PIOc_sync Exit - MemInfo: [/proc/meminfo - SSI]	MemAvailable:   517783820 kB
20220314 014524.946 INFO             PET0 PIOc_sync Exit - MemInfo: [/proc/meminfo - SSI]	Committed_AS:    1689776 kB
20220314 014524.946 INFO             PET0 PIOc_sync Exit - MemInfo: [/proc/meminfo - SSI]	CommittedPercent: 0.320594 %
20220314 014524.946 INFO             PET0 PIOc_sync Exit - MemInfo: [/proc/self/status]	VmPeak:	  168000 kB
20220314 014524.946 INFO             PET0 PIOc_sync Exit - MemInfo: [/proc/self/status]	VmSize:	  168000 kB
20220314 014524.946 INFO             PET0 PIOc_sync Exit - MemInfo: [/proc/self/status]	VmLck:	       0 kB
20220314 014524.946 INFO             PET0 PIOc_sync Exit - MemInfo: [/proc/self/status]	VmPin:	       0 kB
20220314 014524.946 INFO             PET0 PIOc_sync Exit - MemInfo: [/proc/self/status]	VmHWM:	   33680 kB
20220314 014524.946 INFO             PET0 PIOc_sync Exit - MemInfo: [/proc/self/status]	VmRSS:	   33680 kB
20220314 014524.946 INFO             PET0 PIOc_sync Exit - MemInfo: [/proc/self/status]	VmData:	   16908 kB
20220314 014524.946 INFO             PET0 PIOc_sync Exit - MemInfo: [/proc/self/status]	VmStk:	     156 kB
20220314 014524.946 INFO             PET0 PIOc_sync Exit - MemInfo: [/proc/self/status]	VmExe:	     204 kB
20220314 014524.946 INFO             PET0 PIOc_sync Exit - MemInfo: [/proc/self/status]	VmLib:	   77104 kB
20220314 014524.946 INFO             PET0 PIOc_sync Exit - MemInfo: [/proc/self/status]	VmPTE:	     344 kB
20220314 014524.946 INFO             PET0 PIOc_sync Exit - MemInfo: [/proc/self/status]	VmSwap:	       0 kB
20220314 014524.946 INFO             PET0 PIOc_sync Exit - MemInfo: [/proc/self/status]	VmRSSPercent: 0.00638996 %
20220314 014524.946 INFO             PET0 PIOc_sync Exit - MemInfo: [malloc] Non-mmapped space allocated:                  970752 Byte
20220314 014524.946 INFO             PET0 PIOc_sync Exit - MemInfo: [malloc] Space allocated in mmapped regions:         12550144 Byte
20220314 014524.946 INFO             PET0 PIOc_sync Exit - MemInfo: [malloc] Maximum total allocated space:                     0 Byte
20220314 014524.946 INFO             PET0 PIOc_sync Exit - MemInfo: [malloc] Space in freed fastbin blocks:                     0 Byte
20220314 014524.946 INFO             PET0 PIOc_sync Exit - MemInfo: [malloc] Total allocated space:                        908928 Byte
20220314 014524.946 INFO             PET0 PIOc_sync Exit - MemInfo: [malloc] Total free space:                              61824 Byte
20220314 014524.946 INFO             PET0 PIOc_sync Exit - MemInfo: [malloc] Top-most, releasable space:                    60624 Byte
20220314 014524.946 INFO             PET0 PIOc_sync Exit - MemInfo: [malloc] Total space in use, mmap + non-mmap:        13459072 Byte
20220314 014524.946 INFO             PET0 PIOc_sync Exit - MemInfo: [malloc] Total space held (mmap + non-mmap):         13520896 Byte
20220314 014524.946 INFO             PET0 PIOc_sync Exit - MemInfo: [malloc] Total space used (mmap + non-mmap):         13467280 Byte
20220314 014524.946 INFO             PET0 PIOc_sync Exit - MemInfo: Wall-clock time since execution start:             0.00757651 seconds
20220314 014524.947 INFO             PET0 PIOc_freedecomp Enter - MemInfo: [/proc/meminfo - SSI]	MemTotal:       527077124 kB
20220314 014524.947 INFO             PET0 PIOc_freedecomp Enter - MemInfo: [/proc/meminfo - SSI]	MemFree:        518107952 kB
20220314 014524.947 INFO             PET0 PIOc_freedecomp Enter - MemInfo: [/proc/meminfo - SSI]	MemAvailable:   517790720 kB
20220314 014524.947 INFO             PET0 PIOc_freedecomp Enter - MemInfo: [/proc/meminfo - SSI]	Committed_AS:    1681064 kB
20220314 014524.947 INFO             PET0 PIOc_freedecomp Enter - MemInfo: [/proc/meminfo - SSI]	CommittedPercent: 0.318941 %
20220314 014524.947 INFO             PET0 PIOc_freedecomp Enter - MemInfo: [/proc/self/status]	VmPeak:	  168000 kB
20220314 014524.947 INFO             PET0 PIOc_freedecomp Enter - MemInfo: [/proc/self/status]	VmSize:	  159288 kB
20220314 014524.947 INFO             PET0 PIOc_freedecomp Enter - MemInfo: [/proc/self/status]	VmLck:	       0 kB
20220314 014524.947 INFO             PET0 PIOc_freedecomp Enter - MemInfo: [/proc/self/status]	VmPin:	       0 kB
20220314 014524.947 INFO             PET0 PIOc_freedecomp Enter - MemInfo: [/proc/self/status]	VmHWM:	   33680 kB
20220314 014524.947 INFO             PET0 PIOc_freedecomp Enter - MemInfo: [/proc/self/status]	VmRSS:	   25792 kB
20220314 014524.947 INFO             PET0 PIOc_freedecomp Enter - MemInfo: [/proc/self/status]	VmData:	    8196 kB
20220314 014524.947 INFO             PET0 PIOc_freedecomp Enter - MemInfo: [/proc/self/status]	VmStk:	     156 kB
20220314 014524.947 INFO             PET0 PIOc_freedecomp Enter - MemInfo: [/proc/self/status]	VmExe:	     204 kB
20220314 014524.947 INFO             PET0 PIOc_freedecomp Enter - MemInfo: [/proc/self/status]	VmLib:	   77104 kB
20220314 014524.947 INFO             PET0 PIOc_freedecomp Enter - MemInfo: [/proc/self/status]	VmPTE:	     332 kB
20220314 014524.947 INFO             PET0 PIOc_freedecomp Enter - MemInfo: [/proc/self/status]	VmSwap:	       0 kB
20220314 014524.947 INFO             PET0 PIOc_freedecomp Enter - MemInfo: [/proc/self/status]	VmRSSPercent: 0.0048934 %
20220314 014524.947 INFO             PET0 PIOc_freedecomp Enter - MemInfo: [malloc] Non-mmapped space allocated:                  970752 Byte
20220314 014524.947 INFO             PET0 PIOc_freedecomp Enter - MemInfo: [malloc] Space allocated in mmapped regions:          3629056 Byte
20220314 014524.947 INFO             PET0 PIOc_freedecomp Enter - MemInfo: [malloc] Maximum total allocated space:                     0 Byte
20220314 014524.947 INFO             PET0 PIOc_freedecomp Enter - MemInfo: [malloc] Space in freed fastbin blocks:                   368 Byte
20220314 014524.947 INFO             PET0 PIOc_freedecomp Enter - MemInfo: [malloc] Total allocated space:                        898288 Byte
20220314 014524.947 INFO             PET0 PIOc_freedecomp Enter - MemInfo: [malloc] Total free space:                              72464 Byte
20220314 014524.947 INFO             PET0 PIOc_freedecomp Enter - MemInfo: [malloc] Top-most, releasable space:                    60400 Byte
20220314 014524.947 INFO             PET0 PIOc_freedecomp Enter - MemInfo: [malloc] Total space in use, mmap + non-mmap:         4527344 Byte
20220314 014524.947 INFO             PET0 PIOc_freedecomp Enter - MemInfo: [malloc] Total space held (mmap + non-mmap):          4599808 Byte
20220314 014524.947 INFO             PET0 PIOc_freedecomp Enter - MemInfo: [malloc] Total space used (mmap + non-mmap):          4535552 Byte
20220314 014524.947 INFO             PET0 PIOc_freedecomp Enter - MemInfo: Wall-clock time since execution start:             0.00801089 seconds
20220314 014524.947 INFO             PET0 PIOc_freedecomp Exit - MemInfo: [/proc/meminfo - SSI]	MemTotal:       527077124 kB
20220314 014524.947 INFO             PET0 PIOc_freedecomp Exit - MemInfo: [/proc/meminfo - SSI]	MemFree:        518107952 kB
20220314 014524.947 INFO             PET0 PIOc_freedecomp Exit - MemInfo: [/proc/meminfo - SSI]	MemAvailable:   517790720 kB
20220314 014524.947 INFO             PET0 PIOc_freedecomp Exit - MemInfo: [/proc/meminfo - SSI]	Committed_AS:    1681064 kB
20220314 014524.947 INFO             PET0 PIOc_freedecomp Exit - MemInfo: [/proc/meminfo - SSI]	CommittedPercent: 0.318941 %
20220314 014524.947 INFO             PET0 PIOc_freedecomp Exit - MemInfo: [/proc/self/status]	VmPeak:	  168000 kB
20220314 014524.947 INFO             PET0 PIOc_freedecomp Exit - MemInfo: [/proc/self/status]	VmSize:	  159288 kB
20220314 014524.947 INFO             PET0 PIOc_freedecomp Exit - MemInfo: [/proc/self/status]	VmLck:	       0 kB
20220314 014524.947 INFO             PET0 PIOc_freedecomp Exit - MemInfo: [/proc/self/status]	VmPin:	       0 kB
20220314 014524.947 INFO             PET0 PIOc_freedecomp Exit - MemInfo: [/proc/self/status]	VmHWM:	   33680 kB
20220314 014524.947 INFO             PET0 PIOc_freedecomp Exit - MemInfo: [/proc/self/status]	VmRSS:	   25792 kB
20220314 014524.947 INFO             PET0 PIOc_freedecomp Exit - MemInfo: [/proc/self/status]	VmData:	    8196 kB
20220314 014524.947 INFO             PET0 PIOc_freedecomp Exit - MemInfo: [/proc/self/status]	VmStk:	     156 kB
20220314 014524.947 INFO             PET0 PIOc_freedecomp Exit - MemInfo: [/proc/self/status]	VmExe:	     204 kB
20220314 014524.947 INFO             PET0 PIOc_freedecomp Exit - MemInfo: [/proc/self/status]	VmLib:	   77104 kB
20220314 014524.947 INFO             PET0 PIOc_freedecomp Exit - MemInfo: [/proc/self/status]	VmPTE:	     332 kB
20220314 014524.947 INFO             PET0 PIOc_freedecomp Exit - MemInfo: [/proc/self/status]	VmSwap:	       0 kB
20220314 014524.947 INFO             PET0 PIOc_freedecomp Exit - MemInfo: [/proc/self/status]	VmRSSPercent: 0.0048934 %
20220314 014524.947 INFO             PET0 PIOc_freedecomp Exit - MemInfo: [malloc] Non-mmapped space allocated:                  970752 Byte
20220314 014524.947 INFO             PET0 PIOc_freedecomp Exit - MemInfo: [malloc] Space allocated in mmapped regions:          3629056 Byte
20220314 014524.947 INFO             PET0 PIOc_freedecomp Exit - MemInfo: [malloc] Maximum total allocated space:                     0 Byte
20220314 014524.947 INFO             PET0 PIOc_freedecomp Exit - MemInfo: [malloc] Space in freed fastbin blocks:                  1008 Byte
20220314 014524.947 INFO             PET0 PIOc_freedecomp Exit - MemInfo: [malloc] Total allocated space:                        897504 Byte
20220314 014524.947 INFO             PET0 PIOc_freedecomp Exit - MemInfo: [malloc] Total free space:                              73248 Byte
20220314 014524.947 INFO             PET0 PIOc_freedecomp Exit - MemInfo: [malloc] Top-most, releasable space:                    60400 Byte
20220314 014524.947 INFO             PET0 PIOc_freedecomp Exit - MemInfo: [malloc] Total space in use, mmap + non-mmap:         4526560 Byte
20220314 014524.947 INFO             PET0 PIOc_freedecomp Exit - MemInfo: [malloc] Total space held (mmap + non-mmap):          4599808 Byte
20220314 014524.947 INFO             PET0 PIOc_freedecomp Exit - MemInfo: [malloc] Total space used (mmap + non-mmap):          4534768 Byte
20220314 014524.947 INFO             PET0 PIOc_freedecomp Exit - MemInfo: Wall-clock time since execution start:             0.00820085 seconds
20220314 014524.949 INFO             PET0 PIOc_sync Enter - MemInfo: [/proc/meminfo - SSI]	MemTotal:       527077124 kB
20220314 014524.949 INFO             PET0 PIOc_sync Enter - MemInfo: [/proc/meminfo - SSI]	MemFree:        518103100 kB
20220314 014524.949 INFO             PET0 PIOc_sync Enter - MemInfo: [/proc/meminfo - SSI]	MemAvailable:   517785868 kB
20220314 014524.949 INFO             PET0 PIOc_sync Enter - MemInfo: [/proc/meminfo - SSI]	Committed_AS:    1689840 kB
20220314 014524.949 INFO             PET0 PIOc_sync Enter - MemInfo: [/proc/meminfo - SSI]	CommittedPercent: 0.320606 %
20220314 014524.949 INFO             PET0 PIOc_sync Enter - MemInfo: [/proc/self/status]	VmPeak:	  168064 kB
20220314 014524.949 INFO             PET0 PIOc_sync Enter - MemInfo: [/proc/self/status]	VmSize:	  168064 kB
20220314 014524.949 INFO             PET0 PIOc_sync Enter - MemInfo: [/proc/self/status]	VmLck:	       0 kB
20220314 014524.949 INFO             PET0 PIOc_sync Enter - MemInfo: [/proc/self/status]	VmPin:	       0 kB
20220314 014524.949 INFO             PET0 PIOc_sync Enter - MemInfo: [/proc/self/status]	VmHWM:	   33680 kB
20220314 014524.949 INFO             PET0 PIOc_sync Enter - MemInfo: [/proc/self/status]	VmRSS:	   31700 kB
20220314 014524.949 INFO             PET0 PIOc_sync Enter - MemInfo: [/proc/self/status]	VmData:	   16972 kB
20220314 014524.949 INFO             PET0 PIOc_sync Enter - MemInfo: [/proc/self/status]	VmStk:	     156 kB
20220314 014524.949 INFO             PET0 PIOc_sync Enter - MemInfo: [/proc/self/status]	VmExe:	     204 kB
20220314 014524.949 INFO             PET0 PIOc_sync Enter - MemInfo: [/proc/self/status]	VmLib:	   77104 kB
20220314 014524.949 INFO             PET0 PIOc_sync Enter - MemInfo: [/proc/self/status]	VmPTE:	     348 kB
20220314 014524.949 INFO             PET0 PIOc_sync Enter - MemInfo: [/proc/self/status]	VmSwap:	       0 kB
20220314 014524.949 INFO             PET0 PIOc_sync Enter - MemInfo: [/proc/self/status]	VmRSSPercent: 0.0060143 %
20220314 014524.949 INFO             PET0 PIOc_sync Enter - MemInfo: [malloc] Non-mmapped space allocated:                 9957376 Byte
20220314 014524.949 INFO             PET0 PIOc_sync Enter - MemInfo: [malloc] Space allocated in mmapped regions:          3629056 Byte
20220314 014524.949 INFO             PET0 PIOc_sync Enter - MemInfo: [malloc] Maximum total allocated space:                     0 Byte
20220314 014524.949 INFO             PET0 PIOc_sync Enter - MemInfo: [malloc] Space in freed fastbin blocks:                    64 Byte
20220314 014524.949 INFO             PET0 PIOc_sync Enter - MemInfo: [malloc] Total allocated space:                       9825936 Byte
20220314 014524.949 INFO             PET0 PIOc_sync Enter - MemInfo: [malloc] Total free space:                             131440 Byte
20220314 014524.949 INFO             PET0 PIOc_sync Enter - MemInfo: [malloc] Top-most, releasable space:                   128848 Byte
20220314 014524.949 INFO             PET0 PIOc_sync Enter - MemInfo: [malloc] Total space in use, mmap + non-mmap:        13454992 Byte
20220314 014524.949 INFO             PET0 PIOc_sync Enter - MemInfo: [malloc] Total space held (mmap + non-mmap):         13586432 Byte
20220314 014524.949 INFO             PET0 PIOc_sync Enter - MemInfo: [malloc] Total space used (mmap + non-mmap):         13463424 Byte
20220314 014524.949 INFO             PET0 PIOc_sync Enter - MemInfo: Wall-clock time since execution start:               0.010036 seconds
20220314 014524.949 INFO             PET0 PIOc_sync Exit - MemInfo: [/proc/meminfo - SSI]	MemTotal:       527077124 kB
20220314 014524.949 INFO             PET0 PIOc_sync Exit - MemInfo: [/proc/meminfo - SSI]	MemFree:        518103100 kB
20220314 014524.949 INFO             PET0 PIOc_sync Exit - MemInfo: [/proc/meminfo - SSI]	MemAvailable:   517785868 kB
20220314 014524.949 INFO             PET0 PIOc_sync Exit - MemInfo: [/proc/meminfo - SSI]	Committed_AS:    1689840 kB
20220314 014524.949 INFO             PET0 PIOc_sync Exit - MemInfo: [/proc/meminfo - SSI]	CommittedPercent: 0.320606 %
20220314 014524.949 INFO             PET0 PIOc_sync Exit - MemInfo: [/proc/self/status]	VmPeak:	  168064 kB
20220314 014524.949 INFO             PET0 PIOc_sync Exit - MemInfo: [/proc/self/status]	VmSize:	  168064 kB
20220314 014524.949 INFO             PET0 PIOc_sync Exit - MemInfo: [/proc/self/status]	VmLck:	       0 kB
20220314 014524.949 INFO             PET0 PIOc_sync Exit - MemInfo: [/proc/self/status]	VmPin:	       0 kB
20220314 014524.949 INFO             PET0 PIOc_sync Exit - MemInfo: [/proc/self/status]	VmHWM:	   33680 kB
20220314 014524.949 INFO             PET0 PIOc_sync Exit - MemInfo: [/proc/self/status]	VmRSS:	   31700 kB
20220314 014524.949 INFO             PET0 PIOc_sync Exit - MemInfo: [/proc/self/status]	VmData:	   16972 kB
20220314 014524.949 INFO             PET0 PIOc_sync Exit - MemInfo: [/proc/self/status]	VmStk:	     156 kB
20220314 014524.949 INFO             PET0 PIOc_sync Exit - MemInfo: [/proc/self/status]	VmExe:	     204 kB
20220314 014524.949 INFO             PET0 PIOc_sync Exit - MemInfo: [/proc/self/status]	VmLib:	   77104 kB
20220314 014524.949 INFO             PET0 PIOc_sync Exit - MemInfo: [/proc/self/status]	VmPTE:	     348 kB
20220314 014524.949 INFO             PET0 PIOc_sync Exit - MemInfo: [/proc/self/status]	VmSwap:	       0 kB
20220314 014524.949 INFO             PET0 PIOc_sync Exit - MemInfo: [/proc/self/status]	VmRSSPercent: 0.0060143 %
20220314 014524.949 INFO             PET0 PIOc_sync Exit - MemInfo: [malloc] Non-mmapped space allocated:                 9957376 Byte
20220314 014524.949 INFO             PET0 PIOc_sync Exit - MemInfo: [malloc] Space allocated in mmapped regions:          3629056 Byte
20220314 014524.949 INFO             PET0 PIOc_sync Exit - MemInfo: [malloc] Maximum total allocated space:                     0 Byte
20220314 014524.949 INFO             PET0 PIOc_sync Exit - MemInfo: [malloc] Space in freed fastbin blocks:                     0 Byte
20220314 014524.949 INFO             PET0 PIOc_sync Exit - MemInfo: [malloc] Total allocated space:                       9826896 Byte
20220314 014524.949 INFO             PET0 PIOc_sync Exit - MemInfo: [malloc] Total free space:                             130480 Byte
20220314 014524.949 INFO             PET0 PIOc_sync Exit - MemInfo: [malloc] Top-most, releasable space:                   128624 Byte
20220314 014524.949 INFO             PET0 PIOc_sync Exit - MemInfo: [malloc] Total space in use, mmap + non-mmap:        13455952 Byte
20220314 014524.949 INFO             PET0 PIOc_sync Exit - MemInfo: [malloc] Total space held (mmap + non-mmap):         13586432 Byte
20220314 014524.949 INFO             PET0 PIOc_sync Exit - MemInfo: [malloc] Total space used (mmap + non-mmap):         13464160 Byte
20220314 014524.949 INFO             PET0 PIOc_sync Exit - MemInfo: Wall-clock time since execution start:              0.0102707 seconds
20220314 014524.949 INFO             PET0 PIOc_freedecomp Enter - MemInfo: [/proc/meminfo - SSI]	MemTotal:       527077124 kB
20220314 014524.949 INFO             PET0 PIOc_freedecomp Enter - MemInfo: [/proc/meminfo - SSI]	MemFree:        518103100 kB
20220314 014524.949 INFO             PET0 PIOc_freedecomp Enter - MemInfo: [/proc/meminfo - SSI]	MemAvailable:   517785868 kB
20220314 014524.949 INFO             PET0 PIOc_freedecomp Enter - MemInfo: [/proc/meminfo - SSI]	Committed_AS:    1689840 kB
20220314 014524.949 INFO             PET0 PIOc_freedecomp Enter - MemInfo: [/proc/meminfo - SSI]	CommittedPercent: 0.320606 %
20220314 014524.949 INFO             PET0 PIOc_freedecomp Enter - MemInfo: [/proc/self/status]	VmPeak:	  168064 kB
20220314 014524.949 INFO             PET0 PIOc_freedecomp Enter - MemInfo: [/proc/self/status]	VmSize:	  168064 kB
20220314 014524.949 INFO             PET0 PIOc_freedecomp Enter - MemInfo: [/proc/self/status]	VmLck:	       0 kB
20220314 014524.949 INFO             PET0 PIOc_freedecomp Enter - MemInfo: [/proc/self/status]	VmPin:	       0 kB
20220314 014524.949 INFO             PET0 PIOc_freedecomp Enter - MemInfo: [/proc/self/status]	VmHWM:	   33680 kB
20220314 014524.949 INFO             PET0 PIOc_freedecomp Enter - MemInfo: [/proc/self/status]	VmRSS:	   31700 kB
20220314 014524.949 INFO             PET0 PIOc_freedecomp Enter - MemInfo: [/proc/self/status]	VmData:	   16972 kB
20220314 014524.949 INFO             PET0 PIOc_freedecomp Enter - MemInfo: [/proc/self/status]	VmStk:	     156 kB
20220314 014524.949 INFO             PET0 PIOc_freedecomp Enter - MemInfo: [/proc/self/status]	VmExe:	     204 kB
20220314 014524.949 INFO             PET0 PIOc_freedecomp Enter - MemInfo: [/proc/self/status]	VmLib:	   77104 kB
20220314 014524.949 INFO             PET0 PIOc_freedecomp Enter - MemInfo: [/proc/self/status]	VmPTE:	     348 kB
20220314 014524.949 INFO             PET0 PIOc_freedecomp Enter - MemInfo: [/proc/self/status]	VmSwap:	       0 kB
20220314 014524.949 INFO             PET0 PIOc_freedecomp Enter - MemInfo: [/proc/self/status]	VmRSSPercent: 0.0060143 %
20220314 014524.949 INFO             PET0 PIOc_freedecomp Enter - MemInfo: [malloc] Non-mmapped space allocated:                 9957376 Byte
20220314 014524.949 INFO             PET0 PIOc_freedecomp Enter - MemInfo: [malloc] Space allocated in mmapped regions:          3629056 Byte
20220314 014524.949 INFO             PET0 PIOc_freedecomp Enter - MemInfo: [malloc] Maximum total allocated space:                     0 Byte
20220314 014524.949 INFO             PET0 PIOc_freedecomp Enter - MemInfo: [malloc] Space in freed fastbin blocks:                   112 Byte
20220314 014524.949 INFO             PET0 PIOc_freedecomp Enter - MemInfo: [malloc] Total allocated space:                        902672 Byte
20220314 014524.949 INFO             PET0 PIOc_freedecomp Enter - MemInfo: [malloc] Total free space:                            9054704 Byte
20220314 014524.949 INFO             PET0 PIOc_freedecomp Enter - MemInfo: [malloc] Top-most, releasable space:                   128400 Byte
20220314 014524.949 INFO             PET0 PIOc_freedecomp Enter - MemInfo: [malloc] Total space in use, mmap + non-mmap:         4531728 Byte
20220314 014524.949 INFO             PET0 PIOc_freedecomp Enter - MemInfo: [malloc] Total space held (mmap + non-mmap):         13586432 Byte
20220314 014524.949 INFO             PET0 PIOc_freedecomp Enter - MemInfo: [malloc] Total space used (mmap + non-mmap):          4539936 Byte
20220314 014524.949 INFO             PET0 PIOc_freedecomp Enter - MemInfo: Wall-clock time since execution start:               0.010572 seconds
20220314 014524.949 INFO             PET0 PIOc_freedecomp Exit - MemInfo: [/proc/meminfo - SSI]	MemTotal:       527077124 kB
20220314 014524.949 INFO             PET0 PIOc_freedecomp Exit - MemInfo: [/proc/meminfo - SSI]	MemFree:        518103100 kB
20220314 014524.949 INFO             PET0 PIOc_freedecomp Exit - MemInfo: [/proc/meminfo - SSI]	MemAvailable:   517785868 kB
20220314 014524.949 INFO             PET0 PIOc_freedecomp Exit - MemInfo: [/proc/meminfo - SSI]	Committed_AS:    1689840 kB
20220314 014524.949 INFO             PET0 PIOc_freedecomp Exit - MemInfo: [/proc/meminfo - SSI]	CommittedPercent: 0.320606 %
20220314 014524.949 INFO             PET0 PIOc_freedecomp Exit - MemInfo: [/proc/self/status]	VmPeak:	  168064 kB
20220314 014524.949 INFO             PET0 PIOc_freedecomp Exit - MemInfo: [/proc/self/status]	VmSize:	  168064 kB
20220314 014524.949 INFO             PET0 PIOc_freedecomp Exit - MemInfo: [/proc/self/status]	VmLck:	       0 kB
20220314 014524.949 INFO             PET0 PIOc_freedecomp Exit - MemInfo: [/proc/self/status]	VmPin:	       0 kB
20220314 014524.950 INFO             PET0 PIOc_freedecomp Exit - MemInfo: [/proc/self/status]	VmHWM:	   33680 kB
20220314 014524.950 INFO             PET0 PIOc_freedecomp Exit - MemInfo: [/proc/self/status]	VmRSS:	   31700 kB
20220314 014524.950 INFO             PET0 PIOc_freedecomp Exit - MemInfo: [/proc/self/status]	VmData:	   16972 kB
20220314 014524.950 INFO             PET0 PIOc_freedecomp Exit - MemInfo: [/proc/self/status]	VmStk:	     156 kB
20220314 014524.950 INFO             PET0 PIOc_freedecomp Exit - MemInfo: [/proc/self/status]	VmExe:	     204 kB
20220314 014524.950 INFO             PET0 PIOc_freedecomp Exit - MemInfo: [/proc/self/status]	VmLib:	   77104 kB
20220314 014524.950 INFO             PET0 PIOc_freedecomp Exit - MemInfo: [/proc/self/status]	VmPTE:	     348 kB
20220314 014524.950 INFO             PET0 PIOc_freedecomp Exit - MemInfo: [/proc/self/status]	VmSwap:	       0 kB
20220314 014524.950 INFO             PET0 PIOc_freedecomp Exit - MemInfo: [/proc/self/status]	VmRSSPercent: 0.0060143 %
20220314 014524.950 INFO             PET0 PIOc_freedecomp Exit - MemInfo: [malloc] Non-mmapped space allocated:                 9957376 Byte
20220314 014524.950 INFO             PET0 PIOc_freedecomp Exit - MemInfo: [malloc] Space allocated in mmapped regions:          3629056 Byte
20220314 014524.950 INFO             PET0 PIOc_freedecomp Exit - MemInfo: [malloc] Maximum total allocated space:                     0 Byte
20220314 014524.950 INFO             PET0 PIOc_freedecomp Exit - MemInfo: [malloc] Space in freed fastbin blocks:                   864 Byte
20220314 014524.950 INFO             PET0 PIOc_freedecomp Exit - MemInfo: [malloc] Total allocated space:                        901280 Byte
20220314 014524.950 INFO             PET0 PIOc_freedecomp Exit - MemInfo: [malloc] Total free space:                            9056096 Byte
20220314 014524.950 INFO             PET0 PIOc_freedecomp Exit - MemInfo: [malloc] Top-most, releasable space:                   128400 Byte
20220314 014524.950 INFO             PET0 PIOc_freedecomp Exit - MemInfo: [malloc] Total space in use, mmap + non-mmap:         4530336 Byte
20220314 014524.950 INFO             PET0 PIOc_freedecomp Exit - MemInfo: [malloc] Total space held (mmap + non-mmap):         13586432 Byte
20220314 014524.950 INFO             PET0 PIOc_freedecomp Exit - MemInfo: [malloc] Total space used (mmap + non-mmap):          4538544 Byte
20220314 014524.950 INFO             PET0 PIOc_freedecomp Exit - MemInfo: Wall-clock time since execution start:              0.0107539 seconds
20220314 014524.951 INFO             PET0 PIOc_sync Enter - MemInfo: [/proc/meminfo - SSI]	MemTotal:       527077124 kB
20220314 014524.951 INFO             PET0 PIOc_sync Enter - MemInfo: [/proc/meminfo - SSI]	MemFree:        518102596 kB
20220314 014524.951 INFO             PET0 PIOc_sync Enter - MemInfo: [/proc/meminfo - SSI]	MemAvailable:   517785364 kB
20220314 014524.951 INFO             PET0 PIOc_sync Enter - MemInfo: [/proc/meminfo - SSI]	Committed_AS:    1689840 kB
20220314 014524.951 INFO             PET0 PIOc_sync Enter - MemInfo: [/proc/meminfo - SSI]	CommittedPercent: 0.320606 %
20220314 014524.951 INFO             PET0 PIOc_sync Enter - MemInfo: [/proc/self/status]	VmPeak:	  168064 kB
20220314 014524.951 INFO             PET0 PIOc_sync Enter - MemInfo: [/proc/self/status]	VmSize:	  168064 kB
20220314 014524.951 INFO             PET0 PIOc_sync Enter - MemInfo: [/proc/self/status]	VmLck:	       0 kB
20220314 014524.951 INFO             PET0 PIOc_sync Enter - MemInfo: [/proc/self/status]	VmPin:	       0 kB
20220314 014524.951 INFO             PET0 PIOc_sync Enter - MemInfo: [/proc/self/status]	VmHWM:	   33680 kB
20220314 014524.951 INFO             PET0 PIOc_sync Enter - MemInfo: [/proc/self/status]	VmRSS:	   32256 kB
20220314 014524.951 INFO             PET0 PIOc_sync Enter - MemInfo: [/proc/self/status]	VmData:	   16972 kB
20220314 014524.951 INFO             PET0 PIOc_sync Enter - MemInfo: [/proc/self/status]	VmStk:	     156 kB
20220314 014524.951 INFO             PET0 PIOc_sync Enter - MemInfo: [/proc/self/status]	VmExe:	     204 kB
20220314 014524.951 INFO             PET0 PIOc_sync Enter - MemInfo: [/proc/self/status]	VmLib:	   77104 kB
20220314 014524.951 INFO             PET0 PIOc_sync Enter - MemInfo: [/proc/self/status]	VmPTE:	     348 kB
20220314 014524.951 INFO             PET0 PIOc_sync Enter - MemInfo: [/proc/self/status]	VmSwap:	       0 kB
20220314 014524.951 INFO             PET0 PIOc_sync Enter - MemInfo: [/proc/self/status]	VmRSSPercent: 0.00611979 %
20220314 014524.951 INFO             PET0 PIOc_sync Enter - MemInfo: [malloc] Non-mmapped space allocated:                 9957376 Byte
20220314 014524.951 INFO             PET0 PIOc_sync Enter - MemInfo: [malloc] Space allocated in mmapped regions:          3629056 Byte
20220314 014524.951 INFO             PET0 PIOc_sync Enter - MemInfo: [malloc] Maximum total allocated space:                     0 Byte
20220314 014524.951 INFO             PET0 PIOc_sync Enter - MemInfo: [malloc] Space in freed fastbin blocks:                   192 Byte
20220314 014524.951 INFO             PET0 PIOc_sync Enter - MemInfo: [malloc] Total allocated space:                       9829568 Byte
20220314 014524.951 INFO             PET0 PIOc_sync Enter - MemInfo: [malloc] Total free space:                             127808 Byte
20220314 014524.951 INFO             PET0 PIOc_sync Enter - MemInfo: [malloc] Top-most, releasable space:                   123152 Byte
20220314 014524.951 INFO             PET0 PIOc_sync Enter - MemInfo: [malloc] Total space in use, mmap + non-mmap:        13458624 Byte
20220314 014524.951 INFO             PET0 PIOc_sync Enter - MemInfo: [malloc] Total space held (mmap + non-mmap):         13586432 Byte
20220314 014524.951 INFO             PET0 PIOc_sync Enter - MemInfo: [malloc] Total space used (mmap + non-mmap):         13466832 Byte
20220314 014524.951 INFO             PET0 PIOc_sync Enter - MemInfo: Wall-clock time since execution start:              0.0121311 seconds
20220314 014524.951 INFO             PET0 PIOc_sync Exit - MemInfo: [/proc/meminfo - SSI]	MemTotal:       527077124 kB
20220314 014524.951 INFO             PET0 PIOc_sync Exit - MemInfo: [/proc/meminfo - SSI]	MemFree:        518102596 kB
20220314 014524.951 INFO             PET0 PIOc_sync Exit - MemInfo: [/proc/meminfo - SSI]	MemAvailable:   517785364 kB
20220314 014524.951 INFO             PET0 PIOc_sync Exit - MemInfo: [/proc/meminfo - SSI]	Committed_AS:    1689840 kB
20220314 014524.951 INFO             PET0 PIOc_sync Exit - MemInfo: [/proc/meminfo - SSI]	CommittedPercent: 0.320606 %
20220314 014524.951 INFO             PET0 PIOc_sync Exit - MemInfo: [/proc/self/status]	VmPeak:	  168064 kB
20220314 014524.951 INFO             PET0 PIOc_sync Exit - MemInfo: [/proc/self/status]	VmSize:	  168064 kB
20220314 014524.951 INFO             PET0 PIOc_sync Exit - MemInfo: [/proc/self/status]	VmLck:	       0 kB
20220314 014524.951 INFO             PET0 PIOc_sync Exit - MemInfo: [/proc/self/status]	VmPin:	       0 kB
20220314 014524.951 INFO             PET0 PIOc_sync Exit - MemInfo: [/proc/self/status]	VmHWM:	   33680 kB
20220314 014524.951 INFO             PET0 PIOc_sync Exit - MemInfo: [/proc/self/status]	VmRSS:	   32256 kB
20220314 014524.951 INFO             PET0 PIOc_sync Exit - MemInfo: [/proc/self/status]	VmData:	   16972 kB
20220314 014524.951 INFO             PET0 PIOc_sync Exit - MemInfo: [/proc/self/status]	VmStk:	     156 kB
20220314 014524.951 INFO             PET0 PIOc_sync Exit - MemInfo: [/proc/self/status]	VmExe:	     204 kB
20220314 014524.951 INFO             PET0 PIOc_sync Exit - MemInfo: [/proc/self/status]	VmLib:	   77104 kB
20220314 014524.951 INFO             PET0 PIOc_sync Exit - MemInfo: [/proc/self/status]	VmPTE:	     348 kB
20220314 014524.951 INFO             PET0 PIOc_sync Exit - MemInfo: [/proc/self/status]	VmSwap:	       0 kB
20220314 014524.951 INFO             PET0 PIOc_sync Exit - MemInfo: [/proc/self/status]	VmRSSPercent: 0.00611979 %
20220314 014524.951 INFO             PET0 PIOc_sync Exit - MemInfo: [malloc] Non-mmapped space allocated:                 9957376 Byte
20220314 014524.951 INFO             PET0 PIOc_sync Exit - MemInfo: [malloc] Space allocated in mmapped regions:          3629056 Byte
20220314 014524.951 INFO             PET0 PIOc_sync Exit - MemInfo: [malloc] Maximum total allocated space:                     0 Byte
20220314 014524.951 INFO             PET0 PIOc_sync Exit - MemInfo: [malloc] Space in freed fastbin blocks:                     0 Byte
20220314 014524.951 INFO             PET0 PIOc_sync Exit - MemInfo: [malloc] Total allocated space:                       9829680 Byte
20220314 014524.951 INFO             PET0 PIOc_sync Exit - MemInfo: [malloc] Total free space:                             127696 Byte
20220314 014524.951 INFO             PET0 PIOc_sync Exit - MemInfo: [malloc] Top-most, releasable space:                   122928 Byte
20220314 014524.951 INFO             PET0 PIOc_sync Exit - MemInfo: [malloc] Total space in use, mmap + non-mmap:        13458736 Byte
20220314 014524.951 INFO             PET0 PIOc_sync Exit - MemInfo: [malloc] Total space held (mmap + non-mmap):         13586432 Byte
20220314 014524.951 INFO             PET0 PIOc_sync Exit - MemInfo: [malloc] Total space used (mmap + non-mmap):         13466944 Byte
20220314 014524.951 INFO             PET0 PIOc_sync Exit - MemInfo: Wall-clock time since execution start:               0.012368 seconds
20220314 014524.951 INFO             PET0 PIOc_freedecomp Enter - MemInfo: [/proc/meminfo - SSI]	MemTotal:       527077124 kB
20220314 014524.951 INFO             PET0 PIOc_freedecomp Enter - MemInfo: [/proc/meminfo - SSI]	MemFree:        518102596 kB
20220314 014524.951 INFO             PET0 PIOc_freedecomp Enter - MemInfo: [/proc/meminfo - SSI]	MemAvailable:   517785364 kB
20220314 014524.951 INFO             PET0 PIOc_freedecomp Enter - MemInfo: [/proc/meminfo - SSI]	Committed_AS:    1689840 kB
20220314 014524.951 INFO             PET0 PIOc_freedecomp Enter - MemInfo: [/proc/meminfo - SSI]	CommittedPercent: 0.320606 %
20220314 014524.951 INFO             PET0 PIOc_freedecomp Enter - MemInfo: [/proc/self/status]	VmPeak:	  168064 kB
20220314 014524.951 INFO             PET0 PIOc_freedecomp Enter - MemInfo: [/proc/self/status]	VmSize:	  168064 kB
20220314 014524.951 INFO             PET0 PIOc_freedecomp Enter - MemInfo: [/proc/self/status]	VmLck:	       0 kB
20220314 014524.951 INFO             PET0 PIOc_freedecomp Enter - MemInfo: [/proc/self/status]	VmPin:	       0 kB
20220314 014524.951 INFO             PET0 PIOc_freedecomp Enter - MemInfo: [/proc/self/status]	VmHWM:	   33680 kB
20220314 014524.951 INFO             PET0 PIOc_freedecomp Enter - MemInfo: [/proc/self/status]	VmRSS:	   32256 kB
20220314 014524.951 INFO             PET0 PIOc_freedecomp Enter - MemInfo: [/proc/self/status]	VmData:	   16972 kB
20220314 014524.951 INFO             PET0 PIOc_freedecomp Enter - MemInfo: [/proc/self/status]	VmStk:	     156 kB
20220314 014524.951 INFO             PET0 PIOc_freedecomp Enter - MemInfo: [/proc/self/status]	VmExe:	     204 kB
20220314 014524.951 INFO             PET0 PIOc_freedecomp Enter - MemInfo: [/proc/self/status]	VmLib:	   77104 kB
20220314 014524.951 INFO             PET0 PIOc_freedecomp Enter - MemInfo: [/proc/self/status]	VmPTE:	     348 kB
20220314 014524.951 INFO             PET0 PIOc_freedecomp Enter - MemInfo: [/proc/self/status]	VmSwap:	       0 kB
20220314 014524.951 INFO             PET0 PIOc_freedecomp Enter - MemInfo: [/proc/self/status]	VmRSSPercent: 0.00611979 %
20220314 014524.951 INFO             PET0 PIOc_freedecomp Enter - MemInfo: [malloc] Non-mmapped space allocated:                 9957376 Byte
20220314 014524.951 INFO             PET0 PIOc_freedecomp Enter - MemInfo: [malloc] Space allocated in mmapped regions:          3629056 Byte
20220314 014524.951 INFO             PET0 PIOc_freedecomp Enter - MemInfo: [malloc] Maximum total allocated space:                     0 Byte
20220314 014524.951 INFO             PET0 PIOc_freedecomp Enter - MemInfo: [malloc] Space in freed fastbin blocks:                    32 Byte
20220314 014524.951 INFO             PET0 PIOc_freedecomp Enter - MemInfo: [malloc] Total allocated space:                        903488 Byte
20220314 014524.951 INFO             PET0 PIOc_freedecomp Enter - MemInfo: [malloc] Total free space:                            9053888 Byte
20220314 014524.951 INFO             PET0 PIOc_freedecomp Enter - MemInfo: [malloc] Top-most, releasable space:                   122704 Byte
20220314 014524.951 INFO             PET0 PIOc_freedecomp Enter - MemInfo: [malloc] Total space in use, mmap + non-mmap:         4532544 Byte
20220314 014524.951 INFO             PET0 PIOc_freedecomp Enter - MemInfo: [malloc] Total space held (mmap + non-mmap):         13586432 Byte
20220314 014524.951 INFO             PET0 PIOc_freedecomp Enter - MemInfo: [malloc] Total space used (mmap + non-mmap):          4540752 Byte
20220314 014524.951 INFO             PET0 PIOc_freedecomp Enter - MemInfo: Wall-clock time since execution start:               0.012644 seconds
20220314 014524.952 INFO             PET0 PIOc_freedecomp Exit - MemInfo: [/proc/meminfo - SSI]	MemTotal:       527077124 kB
20220314 014524.952 INFO             PET0 PIOc_freedecomp Exit - MemInfo: [/proc/meminfo - SSI]	MemFree:        518102596 kB
20220314 014524.952 INFO             PET0 PIOc_freedecomp Exit - MemInfo: [/proc/meminfo - SSI]	MemAvailable:   517785364 kB
20220314 014524.952 INFO             PET0 PIOc_freedecomp Exit - MemInfo: [/proc/meminfo - SSI]	Committed_AS:    1689840 kB
20220314 014524.952 INFO             PET0 PIOc_freedecomp Exit - MemInfo: [/proc/meminfo - SSI]	CommittedPercent: 0.320606 %
20220314 014524.952 INFO             PET0 PIOc_freedecomp Exit - MemInfo: [/proc/self/status]	VmPeak:	  168064 kB
20220314 014524.952 INFO             PET0 PIOc_freedecomp Exit - MemInfo: [/proc/self/status]	VmSize:	  168064 kB
20220314 014524.952 INFO             PET0 PIOc_freedecomp Exit - MemInfo: [/proc/self/status]	VmLck:	       0 kB
20220314 014524.952 INFO             PET0 PIOc_freedecomp Exit - MemInfo: [/proc/self/status]	VmPin:	       0 kB
20220314 014524.952 INFO             PET0 PIOc_freedecomp Exit - MemInfo: [/proc/self/status]	VmHWM:	   33680 kB
20220314 014524.952 INFO             PET0 PIOc_freedecomp Exit - MemInfo: [/proc/self/status]	VmRSS:	   32256 kB
20220314 014524.952 INFO             PET0 PIOc_freedecomp Exit - MemInfo: [/proc/self/status]	VmData:	   16972 kB
20220314 014524.952 INFO             PET0 PIOc_freedecomp Exit - MemInfo: [/proc/self/status]	VmStk:	     156 kB
20220314 014524.952 INFO             PET0 PIOc_freedecomp Exit - MemInfo: [/proc/self/status]	VmExe:	     204 kB
20220314 014524.952 INFO             PET0 PIOc_freedecomp Exit - MemInfo: [/proc/self/status]	VmLib:	   77104 kB
20220314 014524.952 INFO             PET0 PIOc_freedecomp Exit - MemInfo: [/proc/self/status]	VmPTE:	     348 kB
20220314 014524.952 INFO             PET0 PIOc_freedecomp Exit - MemInfo: [/proc/self/status]	VmSwap:	       0 kB
20220314 014524.952 INFO             PET0 PIOc_freedecomp Exit - MemInfo: [/proc/self/status]	VmRSSPercent: 0.00611979 %
20220314 014524.952 INFO             PET0 PIOc_freedecomp Exit - MemInfo: [malloc] Non-mmapped space allocated:                 9957376 Byte
20220314 014524.952 INFO             PET0 PIOc_freedecomp Exit - MemInfo: [malloc] Space allocated in mmapped regions:          3629056 Byte
20220314 014524.952 INFO             PET0 PIOc_freedecomp Exit - MemInfo: [malloc] Maximum total allocated space:                     0 Byte
20220314 014524.952 INFO             PET0 PIOc_freedecomp Exit - MemInfo: [malloc] Space in freed fastbin blocks:                  1024 Byte
20220314 014524.952 INFO             PET0 PIOc_freedecomp Exit - MemInfo: [malloc] Total allocated space:                        901936 Byte
20220314 014524.952 INFO             PET0 PIOc_freedecomp Exit - MemInfo: [malloc] Total free space:                            9055440 Byte
20220314 014524.952 INFO             PET0 PIOc_freedecomp Exit - MemInfo: [malloc] Top-most, releasable space:                   128400 Byte
20220314 014524.952 INFO             PET0 PIOc_freedecomp Exit - MemInfo: [malloc] Total space in use, mmap + non-mmap:         4530992 Byte
20220314 014524.952 INFO             PET0 PIOc_freedecomp Exit - MemInfo: [malloc] Total space held (mmap + non-mmap):         13586432 Byte
20220314 014524.952 INFO             PET0 PIOc_freedecomp Exit - MemInfo: [malloc] Total space used (mmap + non-mmap):          4539200 Byte
20220314 014524.952 INFO             PET0 PIOc_freedecomp Exit - MemInfo: Wall-clock time since execution start:              0.0128352 seconds
20220314 014524.952 INFO             PET0  PASS  ESMF_OutputWeightFile, ESMF_IOUTest.F90, line 81
20220314 014524.954 INFO             PET0  PASS  call ESMF_OutputWeightFile with empty factor list on four PETs, ESMF_IOUTest.F90, line 191
20220314 014524.954 INFO             PET0  Ending Test, file ESMF_IOUTest.F90, line 201
20220314 014524.954 INFO             PET0 Finalizing ESMF
20220314 014524.941 INFO             PET1 !!!!!!!!!!!!!!!!!!!!!!!!!!!!!!!!!!!!!!!!!!!!!!!!!!!!!!
20220314 014524.941 INFO             PET1 !!! THE ESMF_LOG IS SET TO OUTPUT ALL LOG MESSAGES !!!
20220314 014524.941 INFO             PET1 !!!     THIS MAY CAUSE SLOWDOWN IN PERFORMANCE     !!!
20220314 014524.941 INFO             PET1 !!! FOR PRODUCTION RUNS, USE:                      !!!
20220314 014524.941 INFO             PET1 !!!                   ESMF_LOGKIND_Multi_On_Error  !!!
20220314 014524.941 INFO             PET1 !!!!!!!!!!!!!!!!!!!!!!!!!!!!!!!!!!!!!!!!!!!!!!!!!!!!!!
20220314 014524.941 INFO             PET1 Running with ESMF Version   : v8.3.0b09-96-g559b459836
20220314 014524.941 INFO             PET1 ESMF library build date/time: "Mar 14 2022" "01:37:45"
20220314 014524.941 INFO             PET1 ESMF library build location : /lfs/h1/emc/ptmp/Mark.Potts/gfortran_10.3.0_mpich3_O_jedwards_pio_update2
20220314 014524.941 INFO             PET1 ESMF_COMM                   : mpich3
20220314 014524.941 INFO             PET1 ESMF_MOAB                   : enabled
20220314 014524.941 INFO             PET1 ESMF_LAPACK                 : enabled
20220314 014524.941 INFO             PET1 ESMF_NETCDF                 : enabled
20220314 014524.941 INFO             PET1 ESMF_PNETCDF                : disabled
20220314 014524.941 INFO             PET1 ESMF_PIO                    : enabled
20220314 014524.941 INFO             PET1 ESMF_YAMLCPP                : enabled
20220314 014524.941 INFO             PET1  Beginning Test, file ESMF_IOUTest.F90, line 57
20220314 014524.941 INFO             PET1  NUMBER_OF_PROCESSORS           4
20220314 014524.941 INFO             PET1 Starting Test:  ESMF_OutputWeightFile
20220314 014524.946 INFO             PET1 PIOc_sync Enter - MemInfo: [/proc/meminfo - SSI]	MemTotal:       527077124 kB
20220314 014524.946 INFO             PET1 PIOc_sync Enter - MemInfo: [/proc/meminfo - SSI]	MemFree:        518101556 kB
20220314 014524.946 INFO             PET1 PIOc_sync Enter - MemInfo: [/proc/meminfo - SSI]	MemAvailable:   517784324 kB
20220314 014524.946 INFO             PET1 PIOc_sync Enter - MemInfo: [/proc/meminfo - SSI]	Committed_AS:    1689492 kB
20220314 014524.946 INFO             PET1 PIOc_sync Enter - MemInfo: [/proc/meminfo - SSI]	CommittedPercent: 0.32054 %
20220314 014524.946 INFO             PET1 PIOc_sync Enter - MemInfo: [/proc/self/status]	VmPeak:	  158744 kB
20220314 014524.946 INFO             PET1 PIOc_sync Enter - MemInfo: [/proc/self/status]	VmSize:	  158744 kB
20220314 014524.946 INFO             PET1 PIOc_sync Enter - MemInfo: [/proc/self/status]	VmLck:	       0 kB
20220314 014524.946 INFO             PET1 PIOc_sync Enter - MemInfo: [/proc/self/status]	VmPin:	       0 kB
20220314 014524.946 INFO             PET1 PIOc_sync Enter - MemInfo: [/proc/self/status]	VmHWM:	   21056 kB
20220314 014524.946 INFO             PET1 PIOc_sync Enter - MemInfo: [/proc/self/status]	VmRSS:	   21056 kB
20220314 014524.946 INFO             PET1 PIOc_sync Enter - MemInfo: [/proc/self/status]	VmData:	    7652 kB
20220314 014524.946 INFO             PET1 PIOc_sync Enter - MemInfo: [/proc/self/status]	VmStk:	     156 kB
20220314 014524.946 INFO             PET1 PIOc_sync Enter - MemInfo: [/proc/self/status]	VmExe:	     204 kB
20220314 014524.946 INFO             PET1 PIOc_sync Enter - MemInfo: [/proc/self/status]	VmLib:	   77104 kB
20220314 014524.946 INFO             PET1 PIOc_sync Enter - MemInfo: [/proc/self/status]	VmPTE:	     324 kB
20220314 014524.946 INFO             PET1 PIOc_sync Enter - MemInfo: [/proc/self/status]	VmSwap:	       0 kB
20220314 014524.946 INFO             PET1 PIOc_sync Enter - MemInfo: [/proc/self/status]	VmRSSPercent: 0.00399486 %
20220314 014524.946 INFO             PET1 PIOc_sync Enter - MemInfo: [malloc] Non-mmapped space allocated:                  704512 Byte
20220314 014524.946 INFO             PET1 PIOc_sync Enter - MemInfo: [malloc] Space allocated in mmapped regions:          3338240 Byte
20220314 014524.946 INFO             PET1 PIOc_sync Enter - MemInfo: [malloc] Maximum total allocated space:                     0 Byte
20220314 014524.946 INFO             PET1 PIOc_sync Enter - MemInfo: [malloc] Space in freed fastbin blocks:                     0 Byte
20220314 014524.946 INFO             PET1 PIOc_sync Enter - MemInfo: [malloc] Total allocated space:                        570224 Byte
20220314 014524.946 INFO             PET1 PIOc_sync Enter - MemInfo: [malloc] Total free space:                             134288 Byte
20220314 014524.946 INFO             PET1 PIOc_sync Enter - MemInfo: [malloc] Top-most, releasable space:                   134208 Byte
20220314 014524.946 INFO             PET1 PIOc_sync Enter - MemInfo: [malloc] Total space in use, mmap + non-mmap:         3908464 Byte
20220314 014524.946 INFO             PET1 PIOc_sync Enter - MemInfo: [malloc] Total space held (mmap + non-mmap):          4042752 Byte
20220314 014524.946 INFO             PET1 PIOc_sync Enter - MemInfo: [malloc] Total space used (mmap + non-mmap):          3916672 Byte
20220314 014524.946 INFO             PET1 PIOc_sync Enter - MemInfo: Wall-clock time since execution start:             0.00723474 seconds
20220314 014524.946 INFO             PET1 PIOc_sync Exit - MemInfo: [/proc/meminfo - SSI]	MemTotal:       527077124 kB
20220314 014524.946 INFO             PET1 PIOc_sync Exit - MemInfo: [/proc/meminfo - SSI]	MemFree:        518101052 kB
20220314 014524.946 INFO             PET1 PIOc_sync Exit - MemInfo: [/proc/meminfo - SSI]	MemAvailable:   517783820 kB
20220314 014524.946 INFO             PET1 PIOc_sync Exit - MemInfo: [/proc/meminfo - SSI]	Committed_AS:    1689776 kB
20220314 014524.946 INFO             PET1 PIOc_sync Exit - MemInfo: [/proc/meminfo - SSI]	CommittedPercent: 0.320594 %
20220314 014524.946 INFO             PET1 PIOc_sync Exit - MemInfo: [/proc/self/status]	VmPeak:	  158744 kB
20220314 014524.946 INFO             PET1 PIOc_sync Exit - MemInfo: [/proc/self/status]	VmSize:	  158744 kB
20220314 014524.946 INFO             PET1 PIOc_sync Exit - MemInfo: [/proc/self/status]	VmLck:	       0 kB
20220314 014524.946 INFO             PET1 PIOc_sync Exit - MemInfo: [/proc/self/status]	VmPin:	       0 kB
20220314 014524.946 INFO             PET1 PIOc_sync Exit - MemInfo: [/proc/self/status]	VmHWM:	   21056 kB
20220314 014524.946 INFO             PET1 PIOc_sync Exit - MemInfo: [/proc/self/status]	VmRSS:	   21056 kB
20220314 014524.946 INFO             PET1 PIOc_sync Exit - MemInfo: [/proc/self/status]	VmData:	    7652 kB
20220314 014524.946 INFO             PET1 PIOc_sync Exit - MemInfo: [/proc/self/status]	VmStk:	     156 kB
20220314 014524.946 INFO             PET1 PIOc_sync Exit - MemInfo: [/proc/self/status]	VmExe:	     204 kB
20220314 014524.946 INFO             PET1 PIOc_sync Exit - MemInfo: [/proc/self/status]	VmLib:	   77104 kB
20220314 014524.946 INFO             PET1 PIOc_sync Exit - MemInfo: [/proc/self/status]	VmPTE:	     324 kB
20220314 014524.946 INFO             PET1 PIOc_sync Exit - MemInfo: [/proc/self/status]	VmSwap:	       0 kB
20220314 014524.946 INFO             PET1 PIOc_sync Exit - MemInfo: [/proc/self/status]	VmRSSPercent: 0.00399486 %
20220314 014524.946 INFO             PET1 PIOc_sync Exit - MemInfo: [malloc] Non-mmapped space allocated:                  704512 Byte
20220314 014524.946 INFO             PET1 PIOc_sync Exit - MemInfo: [malloc] Space allocated in mmapped regions:          3338240 Byte
20220314 014524.946 INFO             PET1 PIOc_sync Exit - MemInfo: [malloc] Maximum total allocated space:                     0 Byte
20220314 014524.946 INFO             PET1 PIOc_sync Exit - MemInfo: [malloc] Space in freed fastbin blocks:                     0 Byte
20220314 014524.946 INFO             PET1 PIOc_sync Exit - MemInfo: [malloc] Total allocated space:                        570672 Byte
20220314 014524.946 INFO             PET1 PIOc_sync Exit - MemInfo: [malloc] Total free space:                             133840 Byte
20220314 014524.946 INFO             PET1 PIOc_sync Exit - MemInfo: [malloc] Top-most, releasable space:                   133760 Byte
20220314 014524.946 INFO             PET1 PIOc_sync Exit - MemInfo: [malloc] Total space in use, mmap + non-mmap:         3908912 Byte
20220314 014524.946 INFO             PET1 PIOc_sync Exit - MemInfo: [malloc] Total space held (mmap + non-mmap):          4042752 Byte
20220314 014524.946 INFO             PET1 PIOc_sync Exit - MemInfo: [malloc] Total space used (mmap + non-mmap):          3917120 Byte
20220314 014524.946 INFO             PET1 PIOc_sync Exit - MemInfo: Wall-clock time since execution start:             0.00756517 seconds
20220314 014524.947 INFO             PET1 PIOc_freedecomp Enter - MemInfo: [/proc/meminfo - SSI]	MemTotal:       527077124 kB
20220314 014524.947 INFO             PET1 PIOc_freedecomp Enter - MemInfo: [/proc/meminfo - SSI]	MemFree:        518107952 kB
20220314 014524.947 INFO             PET1 PIOc_freedecomp Enter - MemInfo: [/proc/meminfo - SSI]	MemAvailable:   517790720 kB
20220314 014524.947 INFO             PET1 PIOc_freedecomp Enter - MemInfo: [/proc/meminfo - SSI]	Committed_AS:    1681064 kB
20220314 014524.947 INFO             PET1 PIOc_freedecomp Enter - MemInfo: [/proc/meminfo - SSI]	CommittedPercent: 0.318941 %
20220314 014524.947 INFO             PET1 PIOc_freedecomp Enter - MemInfo: [/proc/self/status]	VmPeak:	  158744 kB
20220314 014524.947 INFO             PET1 PIOc_freedecomp Enter - MemInfo: [/proc/self/status]	VmSize:	  158744 kB
20220314 014524.947 INFO             PET1 PIOc_freedecomp Enter - MemInfo: [/proc/self/status]	VmLck:	       0 kB
20220314 014524.947 INFO             PET1 PIOc_freedecomp Enter - MemInfo: [/proc/self/status]	VmPin:	       0 kB
20220314 014524.947 INFO             PET1 PIOc_freedecomp Enter - MemInfo: [/proc/self/status]	VmHWM:	   21056 kB
20220314 014524.947 INFO             PET1 PIOc_freedecomp Enter - MemInfo: [/proc/self/status]	VmRSS:	   21056 kB
20220314 014524.947 INFO             PET1 PIOc_freedecomp Enter - MemInfo: [/proc/self/status]	VmData:	    7652 kB
20220314 014524.947 INFO             PET1 PIOc_freedecomp Enter - MemInfo: [/proc/self/status]	VmStk:	     156 kB
20220314 014524.947 INFO             PET1 PIOc_freedecomp Enter - MemInfo: [/proc/self/status]	VmExe:	     204 kB
20220314 014524.947 INFO             PET1 PIOc_freedecomp Enter - MemInfo: [/proc/self/status]	VmLib:	   77104 kB
20220314 014524.947 INFO             PET1 PIOc_freedecomp Enter - MemInfo: [/proc/self/status]	VmPTE:	     324 kB
20220314 014524.947 INFO             PET1 PIOc_freedecomp Enter - MemInfo: [/proc/self/status]	VmSwap:	       0 kB
20220314 014524.947 INFO             PET1 PIOc_freedecomp Enter - MemInfo: [/proc/self/status]	VmRSSPercent: 0.00399486 %
20220314 014524.947 INFO             PET1 PIOc_freedecomp Enter - MemInfo: [malloc] Non-mmapped space allocated:                  704512 Byte
20220314 014524.947 INFO             PET1 PIOc_freedecomp Enter - MemInfo: [malloc] Space allocated in mmapped regions:          3338240 Byte
20220314 014524.947 INFO             PET1 PIOc_freedecomp Enter - MemInfo: [malloc] Maximum total allocated space:                     0 Byte
20220314 014524.947 INFO             PET1 PIOc_freedecomp Enter - MemInfo: [malloc] Space in freed fastbin blocks:                     0 Byte
20220314 014524.947 INFO             PET1 PIOc_freedecomp Enter - MemInfo: [malloc] Total allocated space:                        570896 Byte
20220314 014524.947 INFO             PET1 PIOc_freedecomp Enter - MemInfo: [malloc] Total free space:                             133616 Byte
20220314 014524.947 INFO             PET1 PIOc_freedecomp Enter - MemInfo: [malloc] Top-most, releasable space:                   133536 Byte
20220314 014524.947 INFO             PET1 PIOc_freedecomp Enter - MemInfo: [malloc] Total space in use, mmap + non-mmap:         3909136 Byte
20220314 014524.947 INFO             PET1 PIOc_freedecomp Enter - MemInfo: [malloc] Total space held (mmap + non-mmap):          4042752 Byte
20220314 014524.947 INFO             PET1 PIOc_freedecomp Enter - MemInfo: [malloc] Total space used (mmap + non-mmap):          3917344 Byte
20220314 014524.947 INFO             PET1 PIOc_freedecomp Enter - MemInfo: Wall-clock time since execution start:             0.00798723 seconds
20220314 014524.947 INFO             PET1 PIOc_freedecomp Exit - MemInfo: [/proc/meminfo - SSI]	MemTotal:       527077124 kB
20220314 014524.947 INFO             PET1 PIOc_freedecomp Exit - MemInfo: [/proc/meminfo - SSI]	MemFree:        518107952 kB
20220314 014524.947 INFO             PET1 PIOc_freedecomp Exit - MemInfo: [/proc/meminfo - SSI]	MemAvailable:   517790720 kB
20220314 014524.947 INFO             PET1 PIOc_freedecomp Exit - MemInfo: [/proc/meminfo - SSI]	Committed_AS:    1681064 kB
20220314 014524.947 INFO             PET1 PIOc_freedecomp Exit - MemInfo: [/proc/meminfo - SSI]	CommittedPercent: 0.318941 %
20220314 014524.947 INFO             PET1 PIOc_freedecomp Exit - MemInfo: [/proc/self/status]	VmPeak:	  158744 kB
20220314 014524.947 INFO             PET1 PIOc_freedecomp Exit - MemInfo: [/proc/self/status]	VmSize:	  158744 kB
20220314 014524.947 INFO             PET1 PIOc_freedecomp Exit - MemInfo: [/proc/self/status]	VmLck:	       0 kB
20220314 014524.947 INFO             PET1 PIOc_freedecomp Exit - MemInfo: [/proc/self/status]	VmPin:	       0 kB
20220314 014524.947 INFO             PET1 PIOc_freedecomp Exit - MemInfo: [/proc/self/status]	VmHWM:	   21056 kB
20220314 014524.947 INFO             PET1 PIOc_freedecomp Exit - MemInfo: [/proc/self/status]	VmRSS:	   21056 kB
20220314 014524.947 INFO             PET1 PIOc_freedecomp Exit - MemInfo: [/proc/self/status]	VmData:	    7652 kB
20220314 014524.947 INFO             PET1 PIOc_freedecomp Exit - MemInfo: [/proc/self/status]	VmStk:	     156 kB
20220314 014524.947 INFO             PET1 PIOc_freedecomp Exit - MemInfo: [/proc/self/status]	VmExe:	     204 kB
20220314 014524.947 INFO             PET1 PIOc_freedecomp Exit - MemInfo: [/proc/self/status]	VmLib:	   77104 kB
20220314 014524.947 INFO             PET1 PIOc_freedecomp Exit - MemInfo: [/proc/self/status]	VmPTE:	     324 kB
20220314 014524.947 INFO             PET1 PIOc_freedecomp Exit - MemInfo: [/proc/self/status]	VmSwap:	       0 kB
20220314 014524.947 INFO             PET1 PIOc_freedecomp Exit - MemInfo: [/proc/self/status]	VmRSSPercent: 0.00399486 %
20220314 014524.947 INFO             PET1 PIOc_freedecomp Exit - MemInfo: [malloc] Non-mmapped space allocated:                  704512 Byte
20220314 014524.947 INFO             PET1 PIOc_freedecomp Exit - MemInfo: [malloc] Space allocated in mmapped regions:          3338240 Byte
20220314 014524.947 INFO             PET1 PIOc_freedecomp Exit - MemInfo: [malloc] Maximum total allocated space:                     0 Byte
20220314 014524.947 INFO             PET1 PIOc_freedecomp Exit - MemInfo: [malloc] Space in freed fastbin blocks:                   240 Byte
20220314 014524.947 INFO             PET1 PIOc_freedecomp Exit - MemInfo: [malloc] Total allocated space:                        570880 Byte
20220314 014524.947 INFO             PET1 PIOc_freedecomp Exit - MemInfo: [malloc] Total free space:                             133632 Byte
20220314 014524.947 INFO             PET1 PIOc_freedecomp Exit - MemInfo: [malloc] Top-most, releasable space:                   133312 Byte
20220314 014524.947 INFO             PET1 PIOc_freedecomp Exit - MemInfo: [malloc] Total space in use, mmap + non-mmap:         3909120 Byte
20220314 014524.947 INFO             PET1 PIOc_freedecomp Exit - MemInfo: [malloc] Total space held (mmap + non-mmap):          4042752 Byte
20220314 014524.947 INFO             PET1 PIOc_freedecomp Exit - MemInfo: [malloc] Total space used (mmap + non-mmap):          3917328 Byte
20220314 014524.947 INFO             PET1 PIOc_freedecomp Exit - MemInfo: Wall-clock time since execution start:             0.00817081 seconds
20220314 014524.949 INFO             PET1 PIOc_sync Enter - MemInfo: [/proc/meminfo - SSI]	MemTotal:       527077124 kB
20220314 014524.949 INFO             PET1 PIOc_sync Enter - MemInfo: [/proc/meminfo - SSI]	MemFree:        518103100 kB
20220314 014524.949 INFO             PET1 PIOc_sync Enter - MemInfo: [/proc/meminfo - SSI]	MemAvailable:   517785868 kB
20220314 014524.949 INFO             PET1 PIOc_sync Enter - MemInfo: [/proc/meminfo - SSI]	Committed_AS:    1689840 kB
20220314 014524.949 INFO             PET1 PIOc_sync Enter - MemInfo: [/proc/meminfo - SSI]	CommittedPercent: 0.320606 %
20220314 014524.949 INFO             PET1 PIOc_sync Enter - MemInfo: [/proc/self/status]	VmPeak:	  158744 kB
20220314 014524.949 INFO             PET1 PIOc_sync Enter - MemInfo: [/proc/self/status]	VmSize:	  158744 kB
20220314 014524.949 INFO             PET1 PIOc_sync Enter - MemInfo: [/proc/self/status]	VmLck:	       0 kB
20220314 014524.949 INFO             PET1 PIOc_sync Enter - MemInfo: [/proc/self/status]	VmPin:	       0 kB
20220314 014524.949 INFO             PET1 PIOc_sync Enter - MemInfo: [/proc/self/status]	VmHWM:	   21560 kB
20220314 014524.949 INFO             PET1 PIOc_sync Enter - MemInfo: [/proc/self/status]	VmRSS:	   21544 kB
20220314 014524.949 INFO             PET1 PIOc_sync Enter - MemInfo: [/proc/self/status]	VmData:	    7652 kB
20220314 014524.949 INFO             PET1 PIOc_sync Enter - MemInfo: [/proc/self/status]	VmStk:	     156 kB
20220314 014524.949 INFO             PET1 PIOc_sync Enter - MemInfo: [/proc/self/status]	VmExe:	     204 kB
20220314 014524.949 INFO             PET1 PIOc_sync Enter - MemInfo: [/proc/self/status]	VmLib:	   77104 kB
20220314 014524.949 INFO             PET1 PIOc_sync Enter - MemInfo: [/proc/self/status]	VmPTE:	     324 kB
20220314 014524.949 INFO             PET1 PIOc_sync Enter - MemInfo: [/proc/self/status]	VmSwap:	       0 kB
20220314 014524.949 INFO             PET1 PIOc_sync Enter - MemInfo: [/proc/self/status]	VmRSSPercent: 0.00408745 %
20220314 014524.949 INFO             PET1 PIOc_sync Enter - MemInfo: [malloc] Non-mmapped space allocated:                  704512 Byte
20220314 014524.949 INFO             PET1 PIOc_sync Enter - MemInfo: [malloc] Space allocated in mmapped regions:          3338240 Byte
20220314 014524.949 INFO             PET1 PIOc_sync Enter - MemInfo: [malloc] Maximum total allocated space:                     0 Byte
20220314 014524.949 INFO             PET1 PIOc_sync Enter - MemInfo: [malloc] Space in freed fastbin blocks:                     0 Byte
20220314 014524.949 INFO             PET1 PIOc_sync Enter - MemInfo: [malloc] Total allocated space:                        574432 Byte
20220314 014524.949 INFO             PET1 PIOc_sync Enter - MemInfo: [malloc] Total free space:                             130080 Byte
20220314 014524.949 INFO             PET1 PIOc_sync Enter - MemInfo: [malloc] Top-most, releasable space:                   130080 Byte
20220314 014524.949 INFO             PET1 PIOc_sync Enter - MemInfo: [malloc] Total space in use, mmap + non-mmap:         3912672 Byte
20220314 014524.949 INFO             PET1 PIOc_sync Enter - MemInfo: [malloc] Total space held (mmap + non-mmap):          4042752 Byte
20220314 014524.949 INFO             PET1 PIOc_sync Enter - MemInfo: [malloc] Total space used (mmap + non-mmap):          3920880 Byte
20220314 014524.949 INFO             PET1 PIOc_sync Enter - MemInfo: Wall-clock time since execution start:              0.0100196 seconds
20220314 014524.949 INFO             PET1 PIOc_sync Exit - MemInfo: [/proc/meminfo - SSI]	MemTotal:       527077124 kB
20220314 014524.949 INFO             PET1 PIOc_sync Exit - MemInfo: [/proc/meminfo - SSI]	MemFree:        518103100 kB
20220314 014524.949 INFO             PET1 PIOc_sync Exit - MemInfo: [/proc/meminfo - SSI]	MemAvailable:   517785868 kB
20220314 014524.949 INFO             PET1 PIOc_sync Exit - MemInfo: [/proc/meminfo - SSI]	Committed_AS:    1689840 kB
20220314 014524.949 INFO             PET1 PIOc_sync Exit - MemInfo: [/proc/meminfo - SSI]	CommittedPercent: 0.320606 %
20220314 014524.949 INFO             PET1 PIOc_sync Exit - MemInfo: [/proc/self/status]	VmPeak:	  158744 kB
20220314 014524.949 INFO             PET1 PIOc_sync Exit - MemInfo: [/proc/self/status]	VmSize:	  158744 kB
20220314 014524.949 INFO             PET1 PIOc_sync Exit - MemInfo: [/proc/self/status]	VmLck:	       0 kB
20220314 014524.949 INFO             PET1 PIOc_sync Exit - MemInfo: [/proc/self/status]	VmPin:	       0 kB
20220314 014524.949 INFO             PET1 PIOc_sync Exit - MemInfo: [/proc/self/status]	VmHWM:	   21560 kB
20220314 014524.949 INFO             PET1 PIOc_sync Exit - MemInfo: [/proc/self/status]	VmRSS:	   21544 kB
20220314 014524.949 INFO             PET1 PIOc_sync Exit - MemInfo: [/proc/self/status]	VmData:	    7652 kB
20220314 014524.949 INFO             PET1 PIOc_sync Exit - MemInfo: [/proc/self/status]	VmStk:	     156 kB
20220314 014524.949 INFO             PET1 PIOc_sync Exit - MemInfo: [/proc/self/status]	VmExe:	     204 kB
20220314 014524.949 INFO             PET1 PIOc_sync Exit - MemInfo: [/proc/self/status]	VmLib:	   77104 kB
20220314 014524.949 INFO             PET1 PIOc_sync Exit - MemInfo: [/proc/self/status]	VmPTE:	     324 kB
20220314 014524.949 INFO             PET1 PIOc_sync Exit - MemInfo: [/proc/self/status]	VmSwap:	       0 kB
20220314 014524.949 INFO             PET1 PIOc_sync Exit - MemInfo: [/proc/self/status]	VmRSSPercent: 0.00408745 %
20220314 014524.949 INFO             PET1 PIOc_sync Exit - MemInfo: [malloc] Non-mmapped space allocated:                  704512 Byte
20220314 014524.949 INFO             PET1 PIOc_sync Exit - MemInfo: [malloc] Space allocated in mmapped regions:          3338240 Byte
20220314 014524.949 INFO             PET1 PIOc_sync Exit - MemInfo: [malloc] Maximum total allocated space:                     0 Byte
20220314 014524.949 INFO             PET1 PIOc_sync Exit - MemInfo: [malloc] Space in freed fastbin blocks:                     0 Byte
20220314 014524.949 INFO             PET1 PIOc_sync Exit - MemInfo: [malloc] Total allocated space:                        574656 Byte
20220314 014524.949 INFO             PET1 PIOc_sync Exit - MemInfo: [malloc] Total free space:                             129856 Byte
20220314 014524.949 INFO             PET1 PIOc_sync Exit - MemInfo: [malloc] Top-most, releasable space:                   129856 Byte
20220314 014524.949 INFO             PET1 PIOc_sync Exit - MemInfo: [malloc] Total space in use, mmap + non-mmap:         3912896 Byte
20220314 014524.949 INFO             PET1 PIOc_sync Exit - MemInfo: [malloc] Total space held (mmap + non-mmap):          4042752 Byte
20220314 014524.949 INFO             PET1 PIOc_sync Exit - MemInfo: [malloc] Total space used (mmap + non-mmap):          3921104 Byte
20220314 014524.949 INFO             PET1 PIOc_sync Exit - MemInfo: Wall-clock time since execution start:              0.0102608 seconds
20220314 014524.949 INFO             PET1 PIOc_freedecomp Enter - MemInfo: [/proc/meminfo - SSI]	MemTotal:       527077124 kB
20220314 014524.949 INFO             PET1 PIOc_freedecomp Enter - MemInfo: [/proc/meminfo - SSI]	MemFree:        518103100 kB
20220314 014524.949 INFO             PET1 PIOc_freedecomp Enter - MemInfo: [/proc/meminfo - SSI]	MemAvailable:   517785868 kB
20220314 014524.949 INFO             PET1 PIOc_freedecomp Enter - MemInfo: [/proc/meminfo - SSI]	Committed_AS:    1689840 kB
20220314 014524.949 INFO             PET1 PIOc_freedecomp Enter - MemInfo: [/proc/meminfo - SSI]	CommittedPercent: 0.320606 %
20220314 014524.949 INFO             PET1 PIOc_freedecomp Enter - MemInfo: [/proc/self/status]	VmPeak:	  158744 kB
20220314 014524.949 INFO             PET1 PIOc_freedecomp Enter - MemInfo: [/proc/self/status]	VmSize:	  158744 kB
20220314 014524.949 INFO             PET1 PIOc_freedecomp Enter - MemInfo: [/proc/self/status]	VmLck:	       0 kB
20220314 014524.949 INFO             PET1 PIOc_freedecomp Enter - MemInfo: [/proc/self/status]	VmPin:	       0 kB
20220314 014524.949 INFO             PET1 PIOc_freedecomp Enter - MemInfo: [/proc/self/status]	VmHWM:	   21560 kB
20220314 014524.949 INFO             PET1 PIOc_freedecomp Enter - MemInfo: [/proc/self/status]	VmRSS:	   21544 kB
20220314 014524.949 INFO             PET1 PIOc_freedecomp Enter - MemInfo: [/proc/self/status]	VmData:	    7652 kB
20220314 014524.949 INFO             PET1 PIOc_freedecomp Enter - MemInfo: [/proc/self/status]	VmStk:	     156 kB
20220314 014524.949 INFO             PET1 PIOc_freedecomp Enter - MemInfo: [/proc/self/status]	VmExe:	     204 kB
20220314 014524.949 INFO             PET1 PIOc_freedecomp Enter - MemInfo: [/proc/self/status]	VmLib:	   77104 kB
20220314 014524.949 INFO             PET1 PIOc_freedecomp Enter - MemInfo: [/proc/self/status]	VmPTE:	     324 kB
20220314 014524.949 INFO             PET1 PIOc_freedecomp Enter - MemInfo: [/proc/self/status]	VmSwap:	       0 kB
20220314 014524.949 INFO             PET1 PIOc_freedecomp Enter - MemInfo: [/proc/self/status]	VmRSSPercent: 0.00408745 %
20220314 014524.949 INFO             PET1 PIOc_freedecomp Enter - MemInfo: [malloc] Non-mmapped space allocated:                  704512 Byte
20220314 014524.949 INFO             PET1 PIOc_freedecomp Enter - MemInfo: [malloc] Space allocated in mmapped regions:          3338240 Byte
20220314 014524.949 INFO             PET1 PIOc_freedecomp Enter - MemInfo: [malloc] Maximum total allocated space:                     0 Byte
20220314 014524.949 INFO             PET1 PIOc_freedecomp Enter - MemInfo: [malloc] Space in freed fastbin blocks:                     0 Byte
20220314 014524.949 INFO             PET1 PIOc_freedecomp Enter - MemInfo: [malloc] Total allocated space:                        574352 Byte
20220314 014524.949 INFO             PET1 PIOc_freedecomp Enter - MemInfo: [malloc] Total free space:                             130160 Byte
20220314 014524.949 INFO             PET1 PIOc_freedecomp Enter - MemInfo: [malloc] Top-most, releasable space:                   129632 Byte
20220314 014524.949 INFO             PET1 PIOc_freedecomp Enter - MemInfo: [malloc] Total space in use, mmap + non-mmap:         3912592 Byte
20220314 014524.949 INFO             PET1 PIOc_freedecomp Enter - MemInfo: [malloc] Total space held (mmap + non-mmap):          4042752 Byte
20220314 014524.949 INFO             PET1 PIOc_freedecomp Enter - MemInfo: [malloc] Total space used (mmap + non-mmap):          3920800 Byte
20220314 014524.949 INFO             PET1 PIOc_freedecomp Enter - MemInfo: Wall-clock time since execution start:              0.0105505 seconds
20220314 014524.949 INFO             PET1 PIOc_freedecomp Exit - MemInfo: [/proc/meminfo - SSI]	MemTotal:       527077124 kB
20220314 014524.949 INFO             PET1 PIOc_freedecomp Exit - MemInfo: [/proc/meminfo - SSI]	MemFree:        518103100 kB
20220314 014524.949 INFO             PET1 PIOc_freedecomp Exit - MemInfo: [/proc/meminfo - SSI]	MemAvailable:   517785868 kB
20220314 014524.949 INFO             PET1 PIOc_freedecomp Exit - MemInfo: [/proc/meminfo - SSI]	Committed_AS:    1689840 kB
20220314 014524.949 INFO             PET1 PIOc_freedecomp Exit - MemInfo: [/proc/meminfo - SSI]	CommittedPercent: 0.320606 %
20220314 014524.949 INFO             PET1 PIOc_freedecomp Exit - MemInfo: [/proc/self/status]	VmPeak:	  158744 kB
20220314 014524.949 INFO             PET1 PIOc_freedecomp Exit - MemInfo: [/proc/self/status]	VmSize:	  158744 kB
20220314 014524.949 INFO             PET1 PIOc_freedecomp Exit - MemInfo: [/proc/self/status]	VmLck:	       0 kB
20220314 014524.949 INFO             PET1 PIOc_freedecomp Exit - MemInfo: [/proc/self/status]	VmPin:	       0 kB
20220314 014524.949 INFO             PET1 PIOc_freedecomp Exit - MemInfo: [/proc/self/status]	VmHWM:	   21560 kB
20220314 014524.949 INFO             PET1 PIOc_freedecomp Exit - MemInfo: [/proc/self/status]	VmRSS:	   21544 kB
20220314 014524.949 INFO             PET1 PIOc_freedecomp Exit - MemInfo: [/proc/self/status]	VmData:	    7652 kB
20220314 014524.949 INFO             PET1 PIOc_freedecomp Exit - MemInfo: [/proc/self/status]	VmStk:	     156 kB
20220314 014524.949 INFO             PET1 PIOc_freedecomp Exit - MemInfo: [/proc/self/status]	VmExe:	     204 kB
20220314 014524.949 INFO             PET1 PIOc_freedecomp Exit - MemInfo: [/proc/self/status]	VmLib:	   77104 kB
20220314 014524.949 INFO             PET1 PIOc_freedecomp Exit - MemInfo: [/proc/self/status]	VmPTE:	     324 kB
20220314 014524.950 INFO             PET1 PIOc_freedecomp Exit - MemInfo: [/proc/self/status]	VmSwap:	       0 kB
20220314 014524.950 INFO             PET1 PIOc_freedecomp Exit - MemInfo: [/proc/self/status]	VmRSSPercent: 0.00408745 %
20220314 014524.950 INFO             PET1 PIOc_freedecomp Exit - MemInfo: [malloc] Non-mmapped space allocated:                  704512 Byte
20220314 014524.950 INFO             PET1 PIOc_freedecomp Exit - MemInfo: [malloc] Space allocated in mmapped regions:          3338240 Byte
20220314 014524.950 INFO             PET1 PIOc_freedecomp Exit - MemInfo: [malloc] Maximum total allocated space:                     0 Byte
20220314 014524.950 INFO             PET1 PIOc_freedecomp Exit - MemInfo: [malloc] Space in freed fastbin blocks:                   272 Byte
20220314 014524.950 INFO             PET1 PIOc_freedecomp Exit - MemInfo: [malloc] Total allocated space:                        573552 Byte
20220314 014524.950 INFO             PET1 PIOc_freedecomp Exit - MemInfo: [malloc] Total free space:                             130960 Byte
20220314 014524.950 INFO             PET1 PIOc_freedecomp Exit - MemInfo: [malloc] Top-most, releasable space:                   129408 Byte
20220314 014524.950 INFO             PET1 PIOc_freedecomp Exit - MemInfo: [malloc] Total space in use, mmap + non-mmap:         3911792 Byte
20220314 014524.950 INFO             PET1 PIOc_freedecomp Exit - MemInfo: [malloc] Total space held (mmap + non-mmap):          4042752 Byte
20220314 014524.950 INFO             PET1 PIOc_freedecomp Exit - MemInfo: [malloc] Total space used (mmap + non-mmap):          3920000 Byte
20220314 014524.950 INFO             PET1 PIOc_freedecomp Exit - MemInfo: Wall-clock time since execution start:               0.010731 seconds
20220314 014524.951 INFO             PET1 PIOc_sync Enter - MemInfo: [/proc/meminfo - SSI]	MemTotal:       527077124 kB
20220314 014524.951 INFO             PET1 PIOc_sync Enter - MemInfo: [/proc/meminfo - SSI]	MemFree:        518102596 kB
20220314 014524.951 INFO             PET1 PIOc_sync Enter - MemInfo: [/proc/meminfo - SSI]	MemAvailable:   517785364 kB
20220314 014524.951 INFO             PET1 PIOc_sync Enter - MemInfo: [/proc/meminfo - SSI]	Committed_AS:    1689840 kB
20220314 014524.951 INFO             PET1 PIOc_sync Enter - MemInfo: [/proc/meminfo - SSI]	CommittedPercent: 0.320606 %
20220314 014524.951 INFO             PET1 PIOc_sync Enter - MemInfo: [/proc/self/status]	VmPeak:	  158744 kB
20220314 014524.951 INFO             PET1 PIOc_sync Enter - MemInfo: [/proc/self/status]	VmSize:	  158744 kB
20220314 014524.951 INFO             PET1 PIOc_sync Enter - MemInfo: [/proc/self/status]	VmLck:	       0 kB
20220314 014524.951 INFO             PET1 PIOc_sync Enter - MemInfo: [/proc/self/status]	VmPin:	       0 kB
20220314 014524.951 INFO             PET1 PIOc_sync Enter - MemInfo: [/proc/self/status]	VmHWM:	   21616 kB
20220314 014524.951 INFO             PET1 PIOc_sync Enter - MemInfo: [/proc/self/status]	VmRSS:	   21600 kB
20220314 014524.951 INFO             PET1 PIOc_sync Enter - MemInfo: [/proc/self/status]	VmData:	    7652 kB
20220314 014524.951 INFO             PET1 PIOc_sync Enter - MemInfo: [/proc/self/status]	VmStk:	     156 kB
20220314 014524.951 INFO             PET1 PIOc_sync Enter - MemInfo: [/proc/self/status]	VmExe:	     204 kB
20220314 014524.951 INFO             PET1 PIOc_sync Enter - MemInfo: [/proc/self/status]	VmLib:	   77104 kB
20220314 014524.951 INFO             PET1 PIOc_sync Enter - MemInfo: [/proc/self/status]	VmPTE:	     324 kB
20220314 014524.951 INFO             PET1 PIOc_sync Enter - MemInfo: [/proc/self/status]	VmSwap:	       0 kB
20220314 014524.951 INFO             PET1 PIOc_sync Enter - MemInfo: [/proc/self/status]	VmRSSPercent: 0.00409807 %
20220314 014524.951 INFO             PET1 PIOc_sync Enter - MemInfo: [malloc] Non-mmapped space allocated:                  704512 Byte
20220314 014524.951 INFO             PET1 PIOc_sync Enter - MemInfo: [malloc] Space allocated in mmapped regions:          3338240 Byte
20220314 014524.951 INFO             PET1 PIOc_sync Enter - MemInfo: [malloc] Maximum total allocated space:                     0 Byte
20220314 014524.951 INFO             PET1 PIOc_sync Enter - MemInfo: [malloc] Space in freed fastbin blocks:                     0 Byte
20220314 014524.951 INFO             PET1 PIOc_sync Enter - MemInfo: [malloc] Total allocated space:                        576832 Byte
20220314 014524.951 INFO             PET1 PIOc_sync Enter - MemInfo: [malloc] Total free space:                             127680 Byte
20220314 014524.951 INFO             PET1 PIOc_sync Enter - MemInfo: [malloc] Top-most, releasable space:                   127440 Byte
20220314 014524.951 INFO             PET1 PIOc_sync Enter - MemInfo: [malloc] Total space in use, mmap + non-mmap:         3915072 Byte
20220314 014524.951 INFO             PET1 PIOc_sync Enter - MemInfo: [malloc] Total space held (mmap + non-mmap):          4042752 Byte
20220314 014524.951 INFO             PET1 PIOc_sync Enter - MemInfo: [malloc] Total space used (mmap + non-mmap):          3923280 Byte
20220314 014524.951 INFO             PET1 PIOc_sync Enter - MemInfo: Wall-clock time since execution start:              0.0121272 seconds
20220314 014524.951 INFO             PET1 PIOc_sync Exit - MemInfo: [/proc/meminfo - SSI]	MemTotal:       527077124 kB
20220314 014524.951 INFO             PET1 PIOc_sync Exit - MemInfo: [/proc/meminfo - SSI]	MemFree:        518102596 kB
20220314 014524.951 INFO             PET1 PIOc_sync Exit - MemInfo: [/proc/meminfo - SSI]	MemAvailable:   517785364 kB
20220314 014524.951 INFO             PET1 PIOc_sync Exit - MemInfo: [/proc/meminfo - SSI]	Committed_AS:    1689840 kB
20220314 014524.951 INFO             PET1 PIOc_sync Exit - MemInfo: [/proc/meminfo - SSI]	CommittedPercent: 0.320606 %
20220314 014524.951 INFO             PET1 PIOc_sync Exit - MemInfo: [/proc/self/status]	VmPeak:	  158744 kB
20220314 014524.951 INFO             PET1 PIOc_sync Exit - MemInfo: [/proc/self/status]	VmSize:	  158744 kB
20220314 014524.951 INFO             PET1 PIOc_sync Exit - MemInfo: [/proc/self/status]	VmLck:	       0 kB
20220314 014524.951 INFO             PET1 PIOc_sync Exit - MemInfo: [/proc/self/status]	VmPin:	       0 kB
20220314 014524.951 INFO             PET1 PIOc_sync Exit - MemInfo: [/proc/self/status]	VmHWM:	   21616 kB
20220314 014524.951 INFO             PET1 PIOc_sync Exit - MemInfo: [/proc/self/status]	VmRSS:	   21600 kB
20220314 014524.951 INFO             PET1 PIOc_sync Exit - MemInfo: [/proc/self/status]	VmData:	    7652 kB
20220314 014524.951 INFO             PET1 PIOc_sync Exit - MemInfo: [/proc/self/status]	VmStk:	     156 kB
20220314 014524.951 INFO             PET1 PIOc_sync Exit - MemInfo: [/proc/self/status]	VmExe:	     204 kB
20220314 014524.951 INFO             PET1 PIOc_sync Exit - MemInfo: [/proc/self/status]	VmLib:	   77104 kB
20220314 014524.951 INFO             PET1 PIOc_sync Exit - MemInfo: [/proc/self/status]	VmPTE:	     324 kB
20220314 014524.951 INFO             PET1 PIOc_sync Exit - MemInfo: [/proc/self/status]	VmSwap:	       0 kB
20220314 014524.951 INFO             PET1 PIOc_sync Exit - MemInfo: [/proc/self/status]	VmRSSPercent: 0.00409807 %
20220314 014524.951 INFO             PET1 PIOc_sync Exit - MemInfo: [malloc] Non-mmapped space allocated:                  704512 Byte
20220314 014524.951 INFO             PET1 PIOc_sync Exit - MemInfo: [malloc] Space allocated in mmapped regions:          3338240 Byte
20220314 014524.951 INFO             PET1 PIOc_sync Exit - MemInfo: [malloc] Maximum total allocated space:                     0 Byte
20220314 014524.951 INFO             PET1 PIOc_sync Exit - MemInfo: [malloc] Space in freed fastbin blocks:                     0 Byte
20220314 014524.951 INFO             PET1 PIOc_sync Exit - MemInfo: [malloc] Total allocated space:                        576400 Byte
20220314 014524.951 INFO             PET1 PIOc_sync Exit - MemInfo: [malloc] Total free space:                             128112 Byte
20220314 014524.951 INFO             PET1 PIOc_sync Exit - MemInfo: [malloc] Top-most, releasable space:                   127216 Byte
20220314 014524.951 INFO             PET1 PIOc_sync Exit - MemInfo: [malloc] Total space in use, mmap + non-mmap:         3914640 Byte
20220314 014524.951 INFO             PET1 PIOc_sync Exit - MemInfo: [malloc] Total space held (mmap + non-mmap):          4042752 Byte
20220314 014524.951 INFO             PET1 PIOc_sync Exit - MemInfo: [malloc] Total space used (mmap + non-mmap):          3922848 Byte
20220314 014524.951 INFO             PET1 PIOc_sync Exit - MemInfo: Wall-clock time since execution start:              0.0123601 seconds
20220314 014524.951 INFO             PET1 PIOc_freedecomp Enter - MemInfo: [/proc/meminfo - SSI]	MemTotal:       527077124 kB
20220314 014524.951 INFO             PET1 PIOc_freedecomp Enter - MemInfo: [/proc/meminfo - SSI]	MemFree:        518102596 kB
20220314 014524.951 INFO             PET1 PIOc_freedecomp Enter - MemInfo: [/proc/meminfo - SSI]	MemAvailable:   517785364 kB
20220314 014524.951 INFO             PET1 PIOc_freedecomp Enter - MemInfo: [/proc/meminfo - SSI]	Committed_AS:    1689840 kB
20220314 014524.951 INFO             PET1 PIOc_freedecomp Enter - MemInfo: [/proc/meminfo - SSI]	CommittedPercent: 0.320606 %
20220314 014524.951 INFO             PET1 PIOc_freedecomp Enter - MemInfo: [/proc/self/status]	VmPeak:	  158744 kB
20220314 014524.951 INFO             PET1 PIOc_freedecomp Enter - MemInfo: [/proc/self/status]	VmSize:	  158744 kB
20220314 014524.951 INFO             PET1 PIOc_freedecomp Enter - MemInfo: [/proc/self/status]	VmLck:	       0 kB
20220314 014524.951 INFO             PET1 PIOc_freedecomp Enter - MemInfo: [/proc/self/status]	VmPin:	       0 kB
20220314 014524.951 INFO             PET1 PIOc_freedecomp Enter - MemInfo: [/proc/self/status]	VmHWM:	   21616 kB
20220314 014524.951 INFO             PET1 PIOc_freedecomp Enter - MemInfo: [/proc/self/status]	VmRSS:	   21600 kB
20220314 014524.951 INFO             PET1 PIOc_freedecomp Enter - MemInfo: [/proc/self/status]	VmData:	    7652 kB
20220314 014524.951 INFO             PET1 PIOc_freedecomp Enter - MemInfo: [/proc/self/status]	VmStk:	     156 kB
20220314 014524.951 INFO             PET1 PIOc_freedecomp Enter - MemInfo: [/proc/self/status]	VmExe:	     204 kB
20220314 014524.951 INFO             PET1 PIOc_freedecomp Enter - MemInfo: [/proc/self/status]	VmLib:	   77104 kB
20220314 014524.951 INFO             PET1 PIOc_freedecomp Enter - MemInfo: [/proc/self/status]	VmPTE:	     324 kB
20220314 014524.951 INFO             PET1 PIOc_freedecomp Enter - MemInfo: [/proc/self/status]	VmSwap:	       0 kB
20220314 014524.951 INFO             PET1 PIOc_freedecomp Enter - MemInfo: [/proc/self/status]	VmRSSPercent: 0.00409807 %
20220314 014524.951 INFO             PET1 PIOc_freedecomp Enter - MemInfo: [malloc] Non-mmapped space allocated:                  704512 Byte
20220314 014524.951 INFO             PET1 PIOc_freedecomp Enter - MemInfo: [malloc] Space allocated in mmapped regions:          3338240 Byte
20220314 014524.951 INFO             PET1 PIOc_freedecomp Enter - MemInfo: [malloc] Maximum total allocated space:                     0 Byte
20220314 014524.951 INFO             PET1 PIOc_freedecomp Enter - MemInfo: [malloc] Space in freed fastbin blocks:                     0 Byte
20220314 014524.951 INFO             PET1 PIOc_freedecomp Enter - MemInfo: [malloc] Total allocated space:                        574768 Byte
20220314 014524.951 INFO             PET1 PIOc_freedecomp Enter - MemInfo: [malloc] Total free space:                             129744 Byte
20220314 014524.951 INFO             PET1 PIOc_freedecomp Enter - MemInfo: [malloc] Top-most, releasable space:                   126992 Byte
20220314 014524.951 INFO             PET1 PIOc_freedecomp Enter - MemInfo: [malloc] Total space in use, mmap + non-mmap:         3913008 Byte
20220314 014524.951 INFO             PET1 PIOc_freedecomp Enter - MemInfo: [malloc] Total space held (mmap + non-mmap):          4042752 Byte
20220314 014524.951 INFO             PET1 PIOc_freedecomp Enter - MemInfo: [malloc] Total space used (mmap + non-mmap):          3921216 Byte
20220314 014524.951 INFO             PET1 PIOc_freedecomp Enter - MemInfo: Wall-clock time since execution start:              0.0126424 seconds
20220314 014524.952 INFO             PET1 PIOc_freedecomp Exit - MemInfo: [/proc/meminfo - SSI]	MemTotal:       527077124 kB
20220314 014524.952 INFO             PET1 PIOc_freedecomp Exit - MemInfo: [/proc/meminfo - SSI]	MemFree:        518102596 kB
20220314 014524.952 INFO             PET1 PIOc_freedecomp Exit - MemInfo: [/proc/meminfo - SSI]	MemAvailable:   517785364 kB
20220314 014524.952 INFO             PET1 PIOc_freedecomp Exit - MemInfo: [/proc/meminfo - SSI]	Committed_AS:    1689840 kB
20220314 014524.952 INFO             PET1 PIOc_freedecomp Exit - MemInfo: [/proc/meminfo - SSI]	CommittedPercent: 0.320606 %
20220314 014524.952 INFO             PET1 PIOc_freedecomp Exit - MemInfo: [/proc/self/status]	VmPeak:	  158744 kB
20220314 014524.952 INFO             PET1 PIOc_freedecomp Exit - MemInfo: [/proc/self/status]	VmSize:	  158744 kB
20220314 014524.952 INFO             PET1 PIOc_freedecomp Exit - MemInfo: [/proc/self/status]	VmLck:	       0 kB
20220314 014524.952 INFO             PET1 PIOc_freedecomp Exit - MemInfo: [/proc/self/status]	VmPin:	       0 kB
20220314 014524.952 INFO             PET1 PIOc_freedecomp Exit - MemInfo: [/proc/self/status]	VmHWM:	   21616 kB
20220314 014524.952 INFO             PET1 PIOc_freedecomp Exit - MemInfo: [/proc/self/status]	VmRSS:	   21600 kB
20220314 014524.952 INFO             PET1 PIOc_freedecomp Exit - MemInfo: [/proc/self/status]	VmData:	    7652 kB
20220314 014524.952 INFO             PET1 PIOc_freedecomp Exit - MemInfo: [/proc/self/status]	VmStk:	     156 kB
20220314 014524.952 INFO             PET1 PIOc_freedecomp Exit - MemInfo: [/proc/self/status]	VmExe:	     204 kB
20220314 014524.952 INFO             PET1 PIOc_freedecomp Exit - MemInfo: [/proc/self/status]	VmLib:	   77104 kB
20220314 014524.952 INFO             PET1 PIOc_freedecomp Exit - MemInfo: [/proc/self/status]	VmPTE:	     324 kB
20220314 014524.952 INFO             PET1 PIOc_freedecomp Exit - MemInfo: [/proc/self/status]	VmSwap:	       0 kB
20220314 014524.952 INFO             PET1 PIOc_freedecomp Exit - MemInfo: [/proc/self/status]	VmRSSPercent: 0.00409807 %
20220314 014524.952 INFO             PET1 PIOc_freedecomp Exit - MemInfo: [malloc] Non-mmapped space allocated:                  704512 Byte
20220314 014524.952 INFO             PET1 PIOc_freedecomp Exit - MemInfo: [malloc] Space allocated in mmapped regions:          3338240 Byte
20220314 014524.952 INFO             PET1 PIOc_freedecomp Exit - MemInfo: [malloc] Maximum total allocated space:                     0 Byte
20220314 014524.952 INFO             PET1 PIOc_freedecomp Exit - MemInfo: [malloc] Space in freed fastbin blocks:                   272 Byte
20220314 014524.952 INFO             PET1 PIOc_freedecomp Exit - MemInfo: [malloc] Total allocated space:                        573968 Byte
20220314 014524.952 INFO             PET1 PIOc_freedecomp Exit - MemInfo: [malloc] Total free space:                             130544 Byte
20220314 014524.952 INFO             PET1 PIOc_freedecomp Exit - MemInfo: [malloc] Top-most, releasable space:                   126768 Byte
20220314 014524.952 INFO             PET1 PIOc_freedecomp Exit - MemInfo: [malloc] Total space in use, mmap + non-mmap:         3912208 Byte
20220314 014524.952 INFO             PET1 PIOc_freedecomp Exit - MemInfo: [malloc] Total space held (mmap + non-mmap):          4042752 Byte
20220314 014524.952 INFO             PET1 PIOc_freedecomp Exit - MemInfo: [malloc] Total space used (mmap + non-mmap):          3920416 Byte
20220314 014524.952 INFO             PET1 PIOc_freedecomp Exit - MemInfo: Wall-clock time since execution start:              0.0128109 seconds
20220314 014524.952 INFO             PET1  PASS  ESMF_OutputWeightFile, ESMF_IOUTest.F90, line 81
20220314 014524.955 INFO             PET1  PASS  call ESMF_OutputWeightFile with empty factor list on four PETs, ESMF_IOUTest.F90, line 191
20220314 014524.955 INFO             PET1  Ending Test, file ESMF_IOUTest.F90, line 201
20220314 014524.955 INFO             PET1 Finalizing ESMF
20220314 014524.940 INFO             PET2 !!!!!!!!!!!!!!!!!!!!!!!!!!!!!!!!!!!!!!!!!!!!!!!!!!!!!!
20220314 014524.940 INFO             PET2 !!! THE ESMF_LOG IS SET TO OUTPUT ALL LOG MESSAGES !!!
20220314 014524.940 INFO             PET2 !!!     THIS MAY CAUSE SLOWDOWN IN PERFORMANCE     !!!
20220314 014524.940 INFO             PET2 !!! FOR PRODUCTION RUNS, USE:                      !!!
20220314 014524.940 INFO             PET2 !!!                   ESMF_LOGKIND_Multi_On_Error  !!!
20220314 014524.940 INFO             PET2 !!!!!!!!!!!!!!!!!!!!!!!!!!!!!!!!!!!!!!!!!!!!!!!!!!!!!!
20220314 014524.940 INFO             PET2 Running with ESMF Version   : v8.3.0b09-96-g559b459836
20220314 014524.940 INFO             PET2 ESMF library build date/time: "Mar 14 2022" "01:37:45"
20220314 014524.940 INFO             PET2 ESMF library build location : /lfs/h1/emc/ptmp/Mark.Potts/gfortran_10.3.0_mpich3_O_jedwards_pio_update2
20220314 014524.940 INFO             PET2 ESMF_COMM                   : mpich3
20220314 014524.941 INFO             PET2 ESMF_MOAB                   : enabled
20220314 014524.941 INFO             PET2 ESMF_LAPACK                 : enabled
20220314 014524.941 INFO             PET2 ESMF_NETCDF                 : enabled
20220314 014524.941 INFO             PET2 ESMF_PNETCDF                : disabled
20220314 014524.941 INFO             PET2 ESMF_PIO                    : enabled
20220314 014524.941 INFO             PET2 ESMF_YAMLCPP                : enabled
20220314 014524.941 INFO             PET2  Beginning Test, file ESMF_IOUTest.F90, line 57
20220314 014524.941 INFO             PET2  NUMBER_OF_PROCESSORS           4
20220314 014524.941 INFO             PET2 Starting Test:  ESMF_OutputWeightFile
20220314 014524.946 INFO             PET2 PIOc_sync Enter - MemInfo: [/proc/meminfo - SSI]	MemTotal:       527077124 kB
20220314 014524.946 INFO             PET2 PIOc_sync Enter - MemInfo: [/proc/meminfo - SSI]	MemFree:        518101556 kB
20220314 014524.946 INFO             PET2 PIOc_sync Enter - MemInfo: [/proc/meminfo - SSI]	MemAvailable:   517784324 kB
20220314 014524.946 INFO             PET2 PIOc_sync Enter - MemInfo: [/proc/meminfo - SSI]	Committed_AS:    1689492 kB
20220314 014524.946 INFO             PET2 PIOc_sync Enter - MemInfo: [/proc/meminfo - SSI]	CommittedPercent: 0.32054 %
20220314 014524.946 INFO             PET2 PIOc_sync Enter - MemInfo: [/proc/self/status]	VmPeak:	  158744 kB
20220314 014524.946 INFO             PET2 PIOc_sync Enter - MemInfo: [/proc/self/status]	VmSize:	  158744 kB
20220314 014524.946 INFO             PET2 PIOc_sync Enter - MemInfo: [/proc/self/status]	VmLck:	       0 kB
20220314 014524.946 INFO             PET2 PIOc_sync Enter - MemInfo: [/proc/self/status]	VmPin:	       0 kB
20220314 014524.946 INFO             PET2 PIOc_sync Enter - MemInfo: [/proc/self/status]	VmHWM:	   21000 kB
20220314 014524.946 INFO             PET2 PIOc_sync Enter - MemInfo: [/proc/self/status]	VmRSS:	   21000 kB
20220314 014524.946 INFO             PET2 PIOc_sync Enter - MemInfo: [/proc/self/status]	VmData:	    7652 kB
20220314 014524.946 INFO             PET2 PIOc_sync Enter - MemInfo: [/proc/self/status]	VmStk:	     156 kB
20220314 014524.946 INFO             PET2 PIOc_sync Enter - MemInfo: [/proc/self/status]	VmExe:	     204 kB
20220314 014524.946 INFO             PET2 PIOc_sync Enter - MemInfo: [/proc/self/status]	VmLib:	   77104 kB
20220314 014524.946 INFO             PET2 PIOc_sync Enter - MemInfo: [/proc/self/status]	VmPTE:	     324 kB
20220314 014524.946 INFO             PET2 PIOc_sync Enter - MemInfo: [/proc/self/status]	VmSwap:	       0 kB
20220314 014524.946 INFO             PET2 PIOc_sync Enter - MemInfo: [/proc/self/status]	VmRSSPercent: 0.00398424 %
20220314 014524.946 INFO             PET2 PIOc_sync Enter - MemInfo: [malloc] Non-mmapped space allocated:                  704512 Byte
20220314 014524.946 INFO             PET2 PIOc_sync Enter - MemInfo: [malloc] Space allocated in mmapped regions:          3338240 Byte
20220314 014524.946 INFO             PET2 PIOc_sync Enter - MemInfo: [malloc] Maximum total allocated space:                     0 Byte
20220314 014524.946 INFO             PET2 PIOc_sync Enter - MemInfo: [malloc] Space in freed fastbin blocks:                     0 Byte
20220314 014524.946 INFO             PET2 PIOc_sync Enter - MemInfo: [malloc] Total allocated space:                        570512 Byte
20220314 014524.946 INFO             PET2 PIOc_sync Enter - MemInfo: [malloc] Total free space:                             134000 Byte
20220314 014524.946 INFO             PET2 PIOc_sync Enter - MemInfo: [malloc] Top-most, releasable space:                   133888 Byte
20220314 014524.946 INFO             PET2 PIOc_sync Enter - MemInfo: [malloc] Total space in use, mmap + non-mmap:         3908752 Byte
20220314 014524.946 INFO             PET2 PIOc_sync Enter - MemInfo: [malloc] Total space held (mmap + non-mmap):          4042752 Byte
20220314 014524.946 INFO             PET2 PIOc_sync Enter - MemInfo: [malloc] Total space used (mmap + non-mmap):          3916960 Byte
20220314 014524.946 INFO             PET2 PIOc_sync Enter - MemInfo: Wall-clock time since execution start:             0.00723656 seconds
20220314 014524.946 INFO             PET2 PIOc_sync Exit - MemInfo: [/proc/meminfo - SSI]	MemTotal:       527077124 kB
20220314 014524.946 INFO             PET2 PIOc_sync Exit - MemInfo: [/proc/meminfo - SSI]	MemFree:        518101052 kB
20220314 014524.946 INFO             PET2 PIOc_sync Exit - MemInfo: [/proc/meminfo - SSI]	MemAvailable:   517783820 kB
20220314 014524.946 INFO             PET2 PIOc_sync Exit - MemInfo: [/proc/meminfo - SSI]	Committed_AS:    1689776 kB
20220314 014524.946 INFO             PET2 PIOc_sync Exit - MemInfo: [/proc/meminfo - SSI]	CommittedPercent: 0.320594 %
20220314 014524.946 INFO             PET2 PIOc_sync Exit - MemInfo: [/proc/self/status]	VmPeak:	  158744 kB
20220314 014524.946 INFO             PET2 PIOc_sync Exit - MemInfo: [/proc/self/status]	VmSize:	  158744 kB
20220314 014524.946 INFO             PET2 PIOc_sync Exit - MemInfo: [/proc/self/status]	VmLck:	       0 kB
20220314 014524.946 INFO             PET2 PIOc_sync Exit - MemInfo: [/proc/self/status]	VmPin:	       0 kB
20220314 014524.946 INFO             PET2 PIOc_sync Exit - MemInfo: [/proc/self/status]	VmHWM:	   21000 kB
20220314 014524.946 INFO             PET2 PIOc_sync Exit - MemInfo: [/proc/self/status]	VmRSS:	   21000 kB
20220314 014524.946 INFO             PET2 PIOc_sync Exit - MemInfo: [/proc/self/status]	VmData:	    7652 kB
20220314 014524.946 INFO             PET2 PIOc_sync Exit - MemInfo: [/proc/self/status]	VmStk:	     156 kB
20220314 014524.946 INFO             PET2 PIOc_sync Exit - MemInfo: [/proc/self/status]	VmExe:	     204 kB
20220314 014524.946 INFO             PET2 PIOc_sync Exit - MemInfo: [/proc/self/status]	VmLib:	   77104 kB
20220314 014524.946 INFO             PET2 PIOc_sync Exit - MemInfo: [/proc/self/status]	VmPTE:	     324 kB
20220314 014524.946 INFO             PET2 PIOc_sync Exit - MemInfo: [/proc/self/status]	VmSwap:	       0 kB
20220314 014524.946 INFO             PET2 PIOc_sync Exit - MemInfo: [/proc/self/status]	VmRSSPercent: 0.00398424 %
20220314 014524.946 INFO             PET2 PIOc_sync Exit - MemInfo: [malloc] Non-mmapped space allocated:                  704512 Byte
20220314 014524.946 INFO             PET2 PIOc_sync Exit - MemInfo: [malloc] Space allocated in mmapped regions:          3338240 Byte
20220314 014524.946 INFO             PET2 PIOc_sync Exit - MemInfo: [malloc] Maximum total allocated space:                     0 Byte
20220314 014524.946 INFO             PET2 PIOc_sync Exit - MemInfo: [malloc] Space in freed fastbin blocks:                     0 Byte
20220314 014524.946 INFO             PET2 PIOc_sync Exit - MemInfo: [malloc] Total allocated space:                        570960 Byte
20220314 014524.946 INFO             PET2 PIOc_sync Exit - MemInfo: [malloc] Total free space:                             133552 Byte
20220314 014524.946 INFO             PET2 PIOc_sync Exit - MemInfo: [malloc] Top-most, releasable space:                   133440 Byte
20220314 014524.946 INFO             PET2 PIOc_sync Exit - MemInfo: [malloc] Total space in use, mmap + non-mmap:         3909200 Byte
20220314 014524.946 INFO             PET2 PIOc_sync Exit - MemInfo: [malloc] Total space held (mmap + non-mmap):          4042752 Byte
20220314 014524.946 INFO             PET2 PIOc_sync Exit - MemInfo: [malloc] Total space used (mmap + non-mmap):          3917408 Byte
20220314 014524.946 INFO             PET2 PIOc_sync Exit - MemInfo: Wall-clock time since execution start:             0.00755877 seconds
20220314 014524.947 INFO             PET2 PIOc_freedecomp Enter - MemInfo: [/proc/meminfo - SSI]	MemTotal:       527077124 kB
20220314 014524.947 INFO             PET2 PIOc_freedecomp Enter - MemInfo: [/proc/meminfo - SSI]	MemFree:        518107952 kB
20220314 014524.947 INFO             PET2 PIOc_freedecomp Enter - MemInfo: [/proc/meminfo - SSI]	MemAvailable:   517790720 kB
20220314 014524.947 INFO             PET2 PIOc_freedecomp Enter - MemInfo: [/proc/meminfo - SSI]	Committed_AS:    1681064 kB
20220314 014524.947 INFO             PET2 PIOc_freedecomp Enter - MemInfo: [/proc/meminfo - SSI]	CommittedPercent: 0.318941 %
20220314 014524.947 INFO             PET2 PIOc_freedecomp Enter - MemInfo: [/proc/self/status]	VmPeak:	  158744 kB
20220314 014524.947 INFO             PET2 PIOc_freedecomp Enter - MemInfo: [/proc/self/status]	VmSize:	  158744 kB
