build time -- 2022-03-14 01:38:45
20220314 014613.506 INFO             PET0 !!!!!!!!!!!!!!!!!!!!!!!!!!!!!!!!!!!!!!!!!!!!!!!!!!!!!!
20220314 014613.506 INFO             PET0 !!! THE ESMF_LOG IS SET TO OUTPUT ALL LOG MESSAGES !!!
20220314 014613.506 INFO             PET0 !!!     THIS MAY CAUSE SLOWDOWN IN PERFORMANCE     !!!
20220314 014613.506 INFO             PET0 !!! FOR PRODUCTION RUNS, USE:                      !!!
20220314 014613.506 INFO             PET0 !!!                   ESMF_LOGKIND_Multi_On_Error  !!!
20220314 014613.506 INFO             PET0 !!!!!!!!!!!!!!!!!!!!!!!!!!!!!!!!!!!!!!!!!!!!!!!!!!!!!!
20220314 014613.506 INFO             PET0 Running with ESMF Version   : v8.3.0b09-96-g559b459836
20220314 014613.506 INFO             PET0 ESMF library build date/time: "Mar 14 2022" "01:37:45"
20220314 014613.506 INFO             PET0 ESMF library build location : /lfs/h1/emc/ptmp/Mark.Potts/gfortran_10.3.0_mpich3_O_jedwards_pio_update2
20220314 014613.506 INFO             PET0 ESMF_COMM                   : mpich3
20220314 014613.506 INFO             PET0 ESMF_MOAB                   : enabled
20220314 014613.506 INFO             PET0 ESMF_LAPACK                 : enabled
20220314 014613.506 INFO             PET0 ESMF_NETCDF                 : enabled
20220314 014613.506 INFO             PET0 ESMF_PNETCDF                : disabled
20220314 014613.506 INFO             PET0 ESMF_PIO                    : enabled
20220314 014613.506 INFO             PET0 ESMF_YAMLCPP                : enabled
20220314 014613.506 INFO             PET0  Beginning Test, file ESMF_FieldIOUTest.F90, line 123
20220314 014613.506 INFO             PET0  NUMBER_OF_PROCESSORS           4
20220314 014613.506 INFO             PET0  PASS  Array Spec Set, ESMF_FieldIOUTest.F90, line 146
20220314 014613.507 INFO             PET0  PASS  Creating a Grid to use in Field Tests, ESMF_FieldIOUTest.F90, line 157
20220314 014613.507 INFO             PET0  PASS  Create a field from grid and fortran dummy array, ESMF_FieldIOUTest.F90, line 179
20220314 014613.507 INFO             PET0  PASS  Get Farray_w from field, ESMF_FieldIOUTest.F90, line 190
20220314 014613.511 INFO             PET0 PIOc_sync Enter - MemInfo: [/proc/meminfo - SSI]	MemTotal:       527077124 kB
20220314 014613.511 INFO             PET0 PIOc_sync Enter - MemInfo: [/proc/meminfo - SSI]	MemFree:        518045688 kB
20220314 014613.511 INFO             PET0 PIOc_sync Enter - MemInfo: [/proc/meminfo - SSI]	MemAvailable:   517782956 kB
20220314 014613.511 INFO             PET0 PIOc_sync Enter - MemInfo: [/proc/meminfo - SSI]	Committed_AS:    1698080 kB
20220314 014613.511 INFO             PET0 PIOc_sync Enter - MemInfo: [/proc/meminfo - SSI]	CommittedPercent: 0.322169 %
20220314 014613.511 INFO             PET0 PIOc_sync Enter - MemInfo: [/proc/self/status]	VmPeak:	  167784 kB
20220314 014613.511 INFO             PET0 PIOc_sync Enter - MemInfo: [/proc/self/status]	VmSize:	  167784 kB
20220314 014613.511 INFO             PET0 PIOc_sync Enter - MemInfo: [/proc/self/status]	VmLck:	       0 kB
20220314 014613.511 INFO             PET0 PIOc_sync Enter - MemInfo: [/proc/self/status]	VmPin:	       0 kB
20220314 014613.511 INFO             PET0 PIOc_sync Enter - MemInfo: [/proc/self/status]	VmHWM:	   32916 kB
20220314 014613.511 INFO             PET0 PIOc_sync Enter - MemInfo: [/proc/self/status]	VmRSS:	   32916 kB
20220314 014613.511 INFO             PET0 PIOc_sync Enter - MemInfo: [/proc/self/status]	VmData:	   16624 kB
20220314 014613.511 INFO             PET0 PIOc_sync Enter - MemInfo: [/proc/self/status]	VmStk:	     156 kB
20220314 014613.511 INFO             PET0 PIOc_sync Enter - MemInfo: [/proc/self/status]	VmExe:	     272 kB
20220314 014613.511 INFO             PET0 PIOc_sync Enter - MemInfo: [/proc/self/status]	VmLib:	   77104 kB
20220314 014613.511 INFO             PET0 PIOc_sync Enter - MemInfo: [/proc/self/status]	VmPTE:	     328 kB
20220314 014613.511 INFO             PET0 PIOc_sync Enter - MemInfo: [/proc/self/status]	VmSwap:	       0 kB
20220314 014613.511 INFO             PET0 PIOc_sync Enter - MemInfo: [/proc/self/status]	VmRSSPercent: 0.00624501 %
20220314 014613.512 INFO             PET0 PIOc_sync Enter - MemInfo: [malloc] Non-mmapped space allocated:                  970752 Byte
20220314 014613.512 INFO             PET0 PIOc_sync Enter - MemInfo: [malloc] Space allocated in mmapped regions:         12259328 Byte
20220314 014613.512 INFO             PET0 PIOc_sync Enter - MemInfo: [malloc] Maximum total allocated space:                     0 Byte
20220314 014613.512 INFO             PET0 PIOc_sync Enter - MemInfo: [malloc] Space in freed fastbin blocks:                     0 Byte
20220314 014613.512 INFO             PET0 PIOc_sync Enter - MemInfo: [malloc] Total allocated space:                        848960 Byte
20220314 014613.512 INFO             PET0 PIOc_sync Enter - MemInfo: [malloc] Total free space:                             121792 Byte
20220314 014613.512 INFO             PET0 PIOc_sync Enter - MemInfo: [malloc] Top-most, releasable space:                   121664 Byte
20220314 014613.512 INFO             PET0 PIOc_sync Enter - MemInfo: [malloc] Total space in use, mmap + non-mmap:        13108288 Byte
20220314 014613.512 INFO             PET0 PIOc_sync Enter - MemInfo: [malloc] Total space held (mmap + non-mmap):         13230080 Byte
20220314 014613.512 INFO             PET0 PIOc_sync Enter - MemInfo: [malloc] Total space used (mmap + non-mmap):         13116944 Byte
20220314 014613.512 INFO             PET0 PIOc_sync Enter - MemInfo: Wall-clock time since execution start:              0.0075429 seconds
20220314 014613.512 INFO             PET0 PIOc_sync Exit - MemInfo: [/proc/meminfo - SSI]	MemTotal:       527077124 kB
20220314 014613.512 INFO             PET0 PIOc_sync Exit - MemInfo: [/proc/meminfo - SSI]	MemFree:        518045688 kB
20220314 014613.512 INFO             PET0 PIOc_sync Exit - MemInfo: [/proc/meminfo - SSI]	MemAvailable:   517782956 kB
20220314 014613.512 INFO             PET0 PIOc_sync Exit - MemInfo: [/proc/meminfo - SSI]	Committed_AS:    1698364 kB
20220314 014613.512 INFO             PET0 PIOc_sync Exit - MemInfo: [/proc/meminfo - SSI]	CommittedPercent: 0.322223 %
20220314 014613.512 INFO             PET0 PIOc_sync Exit - MemInfo: [/proc/self/status]	VmPeak:	  168068 kB
20220314 014613.512 INFO             PET0 PIOc_sync Exit - MemInfo: [/proc/self/status]	VmSize:	  168068 kB
20220314 014613.512 INFO             PET0 PIOc_sync Exit - MemInfo: [/proc/self/status]	VmLck:	       0 kB
20220314 014613.512 INFO             PET0 PIOc_sync Exit - MemInfo: [/proc/self/status]	VmPin:	       0 kB
20220314 014613.512 INFO             PET0 PIOc_sync Exit - MemInfo: [/proc/self/status]	VmHWM:	   33832 kB
20220314 014613.512 INFO             PET0 PIOc_sync Exit - MemInfo: [/proc/self/status]	VmRSS:	   33832 kB
20220314 014613.512 INFO             PET0 PIOc_sync Exit - MemInfo: [/proc/self/status]	VmData:	   16908 kB
20220314 014613.512 INFO             PET0 PIOc_sync Exit - MemInfo: [/proc/self/status]	VmStk:	     156 kB
20220314 014613.512 INFO             PET0 PIOc_sync Exit - MemInfo: [/proc/self/status]	VmExe:	     272 kB
20220314 014613.512 INFO             PET0 PIOc_sync Exit - MemInfo: [/proc/self/status]	VmLib:	   77104 kB
20220314 014613.512 INFO             PET0 PIOc_sync Exit - MemInfo: [/proc/self/status]	VmPTE:	     332 kB
20220314 014613.512 INFO             PET0 PIOc_sync Exit - MemInfo: [/proc/self/status]	VmSwap:	       0 kB
20220314 014613.512 INFO             PET0 PIOc_sync Exit - MemInfo: [/proc/self/status]	VmRSSPercent: 0.00641879 %
20220314 014613.512 INFO             PET0 PIOc_sync Exit - MemInfo: [malloc] Non-mmapped space allocated:                  970752 Byte
20220314 014613.512 INFO             PET0 PIOc_sync Exit - MemInfo: [malloc] Space allocated in mmapped regions:         12550144 Byte
20220314 014613.512 INFO             PET0 PIOc_sync Exit - MemInfo: [malloc] Maximum total allocated space:                     0 Byte
20220314 014613.512 INFO             PET0 PIOc_sync Exit - MemInfo: [malloc] Space in freed fastbin blocks:                     0 Byte
20220314 014613.512 INFO             PET0 PIOc_sync Exit - MemInfo: [malloc] Total allocated space:                        917856 Byte
20220314 014613.512 INFO             PET0 PIOc_sync Exit - MemInfo: [malloc] Total free space:                              52896 Byte
20220314 014613.512 INFO             PET0 PIOc_sync Exit - MemInfo: [malloc] Top-most, releasable space:                    51456 Byte
20220314 014613.512 INFO             PET0 PIOc_sync Exit - MemInfo: [malloc] Total space in use, mmap + non-mmap:        13468000 Byte
20220314 014613.512 INFO             PET0 PIOc_sync Exit - MemInfo: [malloc] Total space held (mmap + non-mmap):         13520896 Byte
20220314 014613.512 INFO             PET0 PIOc_sync Exit - MemInfo: [malloc] Total space used (mmap + non-mmap):         13476208 Byte
20220314 014613.512 INFO             PET0 PIOc_sync Exit - MemInfo: Wall-clock time since execution start:             0.00790918 seconds
20220314 014613.512 INFO             PET0 PIOc_freedecomp Enter - MemInfo: [/proc/meminfo - SSI]	MemTotal:       527077124 kB
20220314 014613.512 INFO             PET0 PIOc_freedecomp Enter - MemInfo: [/proc/meminfo - SSI]	MemFree:        518052588 kB
20220314 014613.512 INFO             PET0 PIOc_freedecomp Enter - MemInfo: [/proc/meminfo - SSI]	MemAvailable:   517789856 kB
20220314 014613.512 INFO             PET0 PIOc_freedecomp Enter - MemInfo: [/proc/meminfo - SSI]	Committed_AS:    1689652 kB
20220314 014613.512 INFO             PET0 PIOc_freedecomp Enter - MemInfo: [/proc/meminfo - SSI]	CommittedPercent: 0.32057 %
20220314 014613.512 INFO             PET0 PIOc_freedecomp Enter - MemInfo: [/proc/self/status]	VmPeak:	  168068 kB
20220314 014613.512 INFO             PET0 PIOc_freedecomp Enter - MemInfo: [/proc/self/status]	VmSize:	  159356 kB
20220314 014613.512 INFO             PET0 PIOc_freedecomp Enter - MemInfo: [/proc/self/status]	VmLck:	       0 kB
20220314 014613.512 INFO             PET0 PIOc_freedecomp Enter - MemInfo: [/proc/self/status]	VmPin:	       0 kB
20220314 014613.512 INFO             PET0 PIOc_freedecomp Enter - MemInfo: [/proc/self/status]	VmHWM:	   33832 kB
20220314 014613.512 INFO             PET0 PIOc_freedecomp Enter - MemInfo: [/proc/self/status]	VmRSS:	   25884 kB
20220314 014613.512 INFO             PET0 PIOc_freedecomp Enter - MemInfo: [/proc/self/status]	VmData:	    8196 kB
20220314 014613.512 INFO             PET0 PIOc_freedecomp Enter - MemInfo: [/proc/self/status]	VmStk:	     156 kB
20220314 014613.512 INFO             PET0 PIOc_freedecomp Enter - MemInfo: [/proc/self/status]	VmExe:	     272 kB
20220314 014613.512 INFO             PET0 PIOc_freedecomp Enter - MemInfo: [/proc/self/status]	VmLib:	   77104 kB
20220314 014613.512 INFO             PET0 PIOc_freedecomp Enter - MemInfo: [/proc/self/status]	VmPTE:	     320 kB
20220314 014613.512 INFO             PET0 PIOc_freedecomp Enter - MemInfo: [/proc/self/status]	VmSwap:	       0 kB
20220314 014613.512 INFO             PET0 PIOc_freedecomp Enter - MemInfo: [/proc/self/status]	VmRSSPercent: 0.00491086 %
20220314 014613.512 INFO             PET0 PIOc_freedecomp Enter - MemInfo: [malloc] Non-mmapped space allocated:                  970752 Byte
20220314 014613.512 INFO             PET0 PIOc_freedecomp Enter - MemInfo: [malloc] Space allocated in mmapped regions:          3629056 Byte
20220314 014613.512 INFO             PET0 PIOc_freedecomp Enter - MemInfo: [malloc] Maximum total allocated space:                     0 Byte
20220314 014613.512 INFO             PET0 PIOc_freedecomp Enter - MemInfo: [malloc] Space in freed fastbin blocks:                   512 Byte
20220314 014613.512 INFO             PET0 PIOc_freedecomp Enter - MemInfo: [malloc] Total allocated space:                        907072 Byte
20220314 014613.512 INFO             PET0 PIOc_freedecomp Enter - MemInfo: [malloc] Total free space:                              63680 Byte
20220314 014613.512 INFO             PET0 PIOc_freedecomp Enter - MemInfo: [malloc] Top-most, releasable space:                    51232 Byte
20220314 014613.512 INFO             PET0 PIOc_freedecomp Enter - MemInfo: [malloc] Total space in use, mmap + non-mmap:         4536128 Byte
20220314 014613.512 INFO             PET0 PIOc_freedecomp Enter - MemInfo: [malloc] Total space held (mmap + non-mmap):          4599808 Byte
20220314 014613.512 INFO             PET0 PIOc_freedecomp Enter - MemInfo: [malloc] Total space used (mmap + non-mmap):          4544336 Byte
20220314 014613.512 INFO             PET0 PIOc_freedecomp Enter - MemInfo: Wall-clock time since execution start:             0.00836797 seconds
20220314 014613.512 INFO             PET0 PIOc_freedecomp Exit - MemInfo: [/proc/meminfo - SSI]	MemTotal:       527077124 kB
20220314 014613.512 INFO             PET0 PIOc_freedecomp Exit - MemInfo: [/proc/meminfo - SSI]	MemFree:        518052588 kB
20220314 014613.512 INFO             PET0 PIOc_freedecomp Exit - MemInfo: [/proc/meminfo - SSI]	MemAvailable:   517789856 kB
20220314 014613.512 INFO             PET0 PIOc_freedecomp Exit - MemInfo: [/proc/meminfo - SSI]	Committed_AS:    1689652 kB
20220314 014613.512 INFO             PET0 PIOc_freedecomp Exit - MemInfo: [/proc/meminfo - SSI]	CommittedPercent: 0.32057 %
20220314 014613.512 INFO             PET0 PIOc_freedecomp Exit - MemInfo: [/proc/self/status]	VmPeak:	  168068 kB
20220314 014613.512 INFO             PET0 PIOc_freedecomp Exit - MemInfo: [/proc/self/status]	VmSize:	  159356 kB
20220314 014613.512 INFO             PET0 PIOc_freedecomp Exit - MemInfo: [/proc/self/status]	VmLck:	       0 kB
20220314 014613.512 INFO             PET0 PIOc_freedecomp Exit - MemInfo: [/proc/self/status]	VmPin:	       0 kB
20220314 014613.512 INFO             PET0 PIOc_freedecomp Exit - MemInfo: [/proc/self/status]	VmHWM:	   33832 kB
20220314 014613.512 INFO             PET0 PIOc_freedecomp Exit - MemInfo: [/proc/self/status]	VmRSS:	   25884 kB
20220314 014613.512 INFO             PET0 PIOc_freedecomp Exit - MemInfo: [/proc/self/status]	VmData:	    8196 kB
20220314 014613.513 INFO             PET0 PIOc_freedecomp Exit - MemInfo: [/proc/self/status]	VmStk:	     156 kB
20220314 014613.513 INFO             PET0 PIOc_freedecomp Exit - MemInfo: [/proc/self/status]	VmExe:	     272 kB
20220314 014613.513 INFO             PET0 PIOc_freedecomp Exit - MemInfo: [/proc/self/status]	VmLib:	   77104 kB
20220314 014613.513 INFO             PET0 PIOc_freedecomp Exit - MemInfo: [/proc/self/status]	VmPTE:	     320 kB
20220314 014613.513 INFO             PET0 PIOc_freedecomp Exit - MemInfo: [/proc/self/status]	VmSwap:	       0 kB
20220314 014613.513 INFO             PET0 PIOc_freedecomp Exit - MemInfo: [/proc/self/status]	VmRSSPercent: 0.00491086 %
20220314 014613.513 INFO             PET0 PIOc_freedecomp Exit - MemInfo: [malloc] Non-mmapped space allocated:                  970752 Byte
20220314 014613.513 INFO             PET0 PIOc_freedecomp Exit - MemInfo: [malloc] Space allocated in mmapped regions:          3629056 Byte
20220314 014613.513 INFO             PET0 PIOc_freedecomp Exit - MemInfo: [malloc] Maximum total allocated space:                     0 Byte
20220314 014613.513 INFO             PET0 PIOc_freedecomp Exit - MemInfo: [malloc] Space in freed fastbin blocks:                   704 Byte
20220314 014613.513 INFO             PET0 PIOc_freedecomp Exit - MemInfo: [malloc] Total allocated space:                        904800 Byte
20220314 014613.513 INFO             PET0 PIOc_freedecomp Exit - MemInfo: [malloc] Total free space:                              65952 Byte
20220314 014613.513 INFO             PET0 PIOc_freedecomp Exit - MemInfo: [malloc] Top-most, releasable space:                    51232 Byte
20220314 014613.513 INFO             PET0 PIOc_freedecomp Exit - MemInfo: [malloc] Total space in use, mmap + non-mmap:         4533856 Byte
20220314 014613.513 INFO             PET0 PIOc_freedecomp Exit - MemInfo: [malloc] Total space held (mmap + non-mmap):          4599808 Byte
20220314 014613.513 INFO             PET0 PIOc_freedecomp Exit - MemInfo: [malloc] Total space used (mmap + non-mmap):          4542064 Byte
20220314 014613.513 INFO             PET0 PIOc_freedecomp Exit - MemInfo: Wall-clock time since execution start:             0.00853914 seconds
20220314 014613.513 INFO             PET0  PASS  Write Fortran array in Field, ESMF_FieldIOUTest.F90, line 219
20220314 014613.513 INFO             PET0  PASS  Create a field from grid and fortran dummy array without halo, ESMF_FieldIOUTest.F90, line 233
20220314 014613.513 INFO             PET0  PASS  Get Farray_w from nohalo field, ESMF_FieldIOUTest.F90, line 244
20220314 014613.515 INFO             PET0 PIOc_sync Enter - MemInfo: [/proc/meminfo - SSI]	MemTotal:       527077124 kB
20220314 014613.515 INFO             PET0 PIOc_sync Enter - MemInfo: [/proc/meminfo - SSI]	MemFree:        518045420 kB
20220314 014613.515 INFO             PET0 PIOc_sync Enter - MemInfo: [/proc/meminfo - SSI]	MemAvailable:   517782688 kB
20220314 014613.515 INFO             PET0 PIOc_sync Enter - MemInfo: [/proc/meminfo - SSI]	Committed_AS:    1698436 kB
20220314 014613.515 INFO             PET0 PIOc_sync Enter - MemInfo: [/proc/meminfo - SSI]	CommittedPercent: 0.322237 %
20220314 014613.515 INFO             PET0 PIOc_sync Enter - MemInfo: [/proc/self/status]	VmPeak:	  168140 kB
20220314 014613.515 INFO             PET0 PIOc_sync Enter - MemInfo: [/proc/self/status]	VmSize:	  168140 kB
20220314 014613.515 INFO             PET0 PIOc_sync Enter - MemInfo: [/proc/self/status]	VmLck:	       0 kB
20220314 014613.515 INFO             PET0 PIOc_sync Enter - MemInfo: [/proc/self/status]	VmPin:	       0 kB
20220314 014613.515 INFO             PET0 PIOc_sync Enter - MemInfo: [/proc/self/status]	VmHWM:	   34092 kB
20220314 014613.515 INFO             PET0 PIOc_sync Enter - MemInfo: [/proc/self/status]	VmRSS:	   34092 kB
20220314 014613.515 INFO             PET0 PIOc_sync Enter - MemInfo: [/proc/self/status]	VmData:	   16980 kB
20220314 014613.515 INFO             PET0 PIOc_sync Enter - MemInfo: [/proc/self/status]	VmStk:	     156 kB
20220314 014613.515 INFO             PET0 PIOc_sync Enter - MemInfo: [/proc/self/status]	VmExe:	     272 kB
20220314 014613.515 INFO             PET0 PIOc_sync Enter - MemInfo: [/proc/self/status]	VmLib:	   77104 kB
20220314 014613.515 INFO             PET0 PIOc_sync Enter - MemInfo: [/proc/self/status]	VmPTE:	     340 kB
20220314 014613.515 INFO             PET0 PIOc_sync Enter - MemInfo: [/proc/self/status]	VmSwap:	       0 kB
20220314 014613.515 INFO             PET0 PIOc_sync Enter - MemInfo: [/proc/self/status]	VmRSSPercent: 0.00646812 %
20220314 014613.515 INFO             PET0 PIOc_sync Enter - MemInfo: [malloc] Non-mmapped space allocated:                 9965568 Byte
20220314 014613.515 INFO             PET0 PIOc_sync Enter - MemInfo: [malloc] Space allocated in mmapped regions:          3629056 Byte
20220314 014613.515 INFO             PET0 PIOc_sync Enter - MemInfo: [malloc] Maximum total allocated space:                     0 Byte
20220314 014613.515 INFO             PET0 PIOc_sync Enter - MemInfo: [malloc] Space in freed fastbin blocks:                     0 Byte
20220314 014613.515 INFO             PET0 PIOc_sync Enter - MemInfo: [malloc] Total allocated space:                       9840624 Byte
20220314 014613.515 INFO             PET0 PIOc_sync Enter - MemInfo: [malloc] Total free space:                             124944 Byte
20220314 014613.515 INFO             PET0 PIOc_sync Enter - MemInfo: [malloc] Top-most, releasable space:                   122096 Byte
20220314 014613.515 INFO             PET0 PIOc_sync Enter - MemInfo: [malloc] Total space in use, mmap + non-mmap:        13469680 Byte
20220314 014613.515 INFO             PET0 PIOc_sync Enter - MemInfo: [malloc] Total space held (mmap + non-mmap):         13594624 Byte
20220314 014613.515 INFO             PET0 PIOc_sync Enter - MemInfo: [malloc] Total space used (mmap + non-mmap):         13477888 Byte
20220314 014613.515 INFO             PET0 PIOc_sync Enter - MemInfo: Wall-clock time since execution start:              0.0112364 seconds
20220314 014613.515 INFO             PET0 PIOc_sync Exit - MemInfo: [/proc/meminfo - SSI]	MemTotal:       527077124 kB
20220314 014613.515 INFO             PET0 PIOc_sync Exit - MemInfo: [/proc/meminfo - SSI]	MemFree:        518045420 kB
20220314 014613.515 INFO             PET0 PIOc_sync Exit - MemInfo: [/proc/meminfo - SSI]	MemAvailable:   517782688 kB
20220314 014613.515 INFO             PET0 PIOc_sync Exit - MemInfo: [/proc/meminfo - SSI]	Committed_AS:    1698436 kB
20220314 014613.515 INFO             PET0 PIOc_sync Exit - MemInfo: [/proc/meminfo - SSI]	CommittedPercent: 0.322237 %
20220314 014613.515 INFO             PET0 PIOc_sync Exit - MemInfo: [/proc/self/status]	VmPeak:	  168140 kB
20220314 014613.515 INFO             PET0 PIOc_sync Exit - MemInfo: [/proc/self/status]	VmSize:	  168140 kB
20220314 014613.515 INFO             PET0 PIOc_sync Exit - MemInfo: [/proc/self/status]	VmLck:	       0 kB
20220314 014613.515 INFO             PET0 PIOc_sync Exit - MemInfo: [/proc/self/status]	VmPin:	       0 kB
20220314 014613.515 INFO             PET0 PIOc_sync Exit - MemInfo: [/proc/self/status]	VmHWM:	   34092 kB
20220314 014613.515 INFO             PET0 PIOc_sync Exit - MemInfo: [/proc/self/status]	VmRSS:	   34092 kB
20220314 014613.515 INFO             PET0 PIOc_sync Exit - MemInfo: [/proc/self/status]	VmData:	   16980 kB
20220314 014613.515 INFO             PET0 PIOc_sync Exit - MemInfo: [/proc/self/status]	VmStk:	     156 kB
20220314 014613.515 INFO             PET0 PIOc_sync Exit - MemInfo: [/proc/self/status]	VmExe:	     272 kB
20220314 014613.515 INFO             PET0 PIOc_sync Exit - MemInfo: [/proc/self/status]	VmLib:	   77104 kB
20220314 014613.515 INFO             PET0 PIOc_sync Exit - MemInfo: [/proc/self/status]	VmPTE:	     340 kB
20220314 014613.515 INFO             PET0 PIOc_sync Exit - MemInfo: [/proc/self/status]	VmSwap:	       0 kB
20220314 014613.515 INFO             PET0 PIOc_sync Exit - MemInfo: [/proc/self/status]	VmRSSPercent: 0.00646812 %
20220314 014613.515 INFO             PET0 PIOc_sync Exit - MemInfo: [malloc] Non-mmapped space allocated:                 9965568 Byte
20220314 014613.515 INFO             PET0 PIOc_sync Exit - MemInfo: [malloc] Space allocated in mmapped regions:          3629056 Byte
20220314 014613.515 INFO             PET0 PIOc_sync Exit - MemInfo: [malloc] Maximum total allocated space:                     0 Byte
20220314 014613.515 INFO             PET0 PIOc_sync Exit - MemInfo: [malloc] Space in freed fastbin blocks:                     0 Byte
20220314 014613.515 INFO             PET0 PIOc_sync Exit - MemInfo: [malloc] Total allocated space:                       9841632 Byte
20220314 014613.515 INFO             PET0 PIOc_sync Exit - MemInfo: [malloc] Total free space:                             123936 Byte
20220314 014613.515 INFO             PET0 PIOc_sync Exit - MemInfo: [malloc] Top-most, releasable space:                   121872 Byte
20220314 014613.516 INFO             PET0 PIOc_sync Exit - MemInfo: [malloc] Total space in use, mmap + non-mmap:        13470688 Byte
20220314 014613.516 INFO             PET0 PIOc_sync Exit - MemInfo: [malloc] Total space held (mmap + non-mmap):         13594624 Byte
20220314 014613.516 INFO             PET0 PIOc_sync Exit - MemInfo: [malloc] Total space used (mmap + non-mmap):         13478896 Byte
20220314 014613.516 INFO             PET0 PIOc_sync Exit - MemInfo: Wall-clock time since execution start:              0.0114817 seconds
20220314 014613.516 INFO             PET0 PIOc_freedecomp Enter - MemInfo: [/proc/meminfo - SSI]	MemTotal:       527077124 kB
20220314 014613.516 INFO             PET0 PIOc_freedecomp Enter - MemInfo: [/proc/meminfo - SSI]	MemFree:        518045420 kB
20220314 014613.516 INFO             PET0 PIOc_freedecomp Enter - MemInfo: [/proc/meminfo - SSI]	MemAvailable:   517782688 kB
20220314 014613.516 INFO             PET0 PIOc_freedecomp Enter - MemInfo: [/proc/meminfo - SSI]	Committed_AS:    1698436 kB
20220314 014613.516 INFO             PET0 PIOc_freedecomp Enter - MemInfo: [/proc/meminfo - SSI]	CommittedPercent: 0.322237 %
20220314 014613.516 INFO             PET0 PIOc_freedecomp Enter - MemInfo: [/proc/self/status]	VmPeak:	  168140 kB
20220314 014613.516 INFO             PET0 PIOc_freedecomp Enter - MemInfo: [/proc/self/status]	VmSize:	  168140 kB
20220314 014613.516 INFO             PET0 PIOc_freedecomp Enter - MemInfo: [/proc/self/status]	VmLck:	       0 kB
20220314 014613.516 INFO             PET0 PIOc_freedecomp Enter - MemInfo: [/proc/self/status]	VmPin:	       0 kB
20220314 014613.516 INFO             PET0 PIOc_freedecomp Enter - MemInfo: [/proc/self/status]	VmHWM:	   34092 kB
20220314 014613.516 INFO             PET0 PIOc_freedecomp Enter - MemInfo: [/proc/self/status]	VmRSS:	   34092 kB
20220314 014613.516 INFO             PET0 PIOc_freedecomp Enter - MemInfo: [/proc/self/status]	VmData:	   16980 kB
20220314 014613.516 INFO             PET0 PIOc_freedecomp Enter - MemInfo: [/proc/self/status]	VmStk:	     156 kB
20220314 014613.516 INFO             PET0 PIOc_freedecomp Enter - MemInfo: [/proc/self/status]	VmExe:	     272 kB
20220314 014613.516 INFO             PET0 PIOc_freedecomp Enter - MemInfo: [/proc/self/status]	VmLib:	   77104 kB
20220314 014613.516 INFO             PET0 PIOc_freedecomp Enter - MemInfo: [/proc/self/status]	VmPTE:	     340 kB
20220314 014613.516 INFO             PET0 PIOc_freedecomp Enter - MemInfo: [/proc/self/status]	VmSwap:	       0 kB
20220314 014613.516 INFO             PET0 PIOc_freedecomp Enter - MemInfo: [/proc/self/status]	VmRSSPercent: 0.00646812 %
20220314 014613.516 INFO             PET0 PIOc_freedecomp Enter - MemInfo: [malloc] Non-mmapped space allocated:                 9965568 Byte
20220314 014613.516 INFO             PET0 PIOc_freedecomp Enter - MemInfo: [malloc] Space allocated in mmapped regions:          3629056 Byte
20220314 014613.516 INFO             PET0 PIOc_freedecomp Enter - MemInfo: [malloc] Maximum total allocated space:                     0 Byte
20220314 014613.516 INFO             PET0 PIOc_freedecomp Enter - MemInfo: [malloc] Space in freed fastbin blocks:                   144 Byte
20220314 014613.516 INFO             PET0 PIOc_freedecomp Enter - MemInfo: [malloc] Total allocated space:                        917264 Byte
20220314 014613.516 INFO             PET0 PIOc_freedecomp Enter - MemInfo: [malloc] Total free space:                            9048304 Byte
20220314 014613.516 INFO             PET0 PIOc_freedecomp Enter - MemInfo: [malloc] Top-most, releasable space:                   121648 Byte
20220314 014613.516 INFO             PET0 PIOc_freedecomp Enter - MemInfo: [malloc] Total space in use, mmap + non-mmap:         4546320 Byte
20220314 014613.516 INFO             PET0 PIOc_freedecomp Enter - MemInfo: [malloc] Total space held (mmap + non-mmap):         13594624 Byte
20220314 014613.516 INFO             PET0 PIOc_freedecomp Enter - MemInfo: [malloc] Total space used (mmap + non-mmap):          4554528 Byte
20220314 014613.516 INFO             PET0 PIOc_freedecomp Enter - MemInfo: Wall-clock time since execution start:              0.0117837 seconds
20220314 014613.516 INFO             PET0 PIOc_freedecomp Exit - MemInfo: [/proc/meminfo - SSI]	MemTotal:       527077124 kB
20220314 014613.516 INFO             PET0 PIOc_freedecomp Exit - MemInfo: [/proc/meminfo - SSI]	MemFree:        518045420 kB
20220314 014613.516 INFO             PET0 PIOc_freedecomp Exit - MemInfo: [/proc/meminfo - SSI]	MemAvailable:   517782688 kB
20220314 014613.516 INFO             PET0 PIOc_freedecomp Exit - MemInfo: [/proc/meminfo - SSI]	Committed_AS:    1698436 kB
20220314 014613.516 INFO             PET0 PIOc_freedecomp Exit - MemInfo: [/proc/meminfo - SSI]	CommittedPercent: 0.322237 %
20220314 014613.516 INFO             PET0 PIOc_freedecomp Exit - MemInfo: [/proc/self/status]	VmPeak:	  168140 kB
20220314 014613.516 INFO             PET0 PIOc_freedecomp Exit - MemInfo: [/proc/self/status]	VmSize:	  168140 kB
20220314 014613.516 INFO             PET0 PIOc_freedecomp Exit - MemInfo: [/proc/self/status]	VmLck:	       0 kB
20220314 014613.516 INFO             PET0 PIOc_freedecomp Exit - MemInfo: [/proc/self/status]	VmPin:	       0 kB
20220314 014613.516 INFO             PET0 PIOc_freedecomp Exit - MemInfo: [/proc/self/status]	VmHWM:	   34092 kB
20220314 014613.516 INFO             PET0 PIOc_freedecomp Exit - MemInfo: [/proc/self/status]	VmRSS:	   34092 kB
20220314 014613.516 INFO             PET0 PIOc_freedecomp Exit - MemInfo: [/proc/self/status]	VmData:	   16980 kB
20220314 014613.516 INFO             PET0 PIOc_freedecomp Exit - MemInfo: [/proc/self/status]	VmStk:	     156 kB
20220314 014613.516 INFO             PET0 PIOc_freedecomp Exit - MemInfo: [/proc/self/status]	VmExe:	     272 kB
20220314 014613.516 INFO             PET0 PIOc_freedecomp Exit - MemInfo: [/proc/self/status]	VmLib:	   77104 kB
20220314 014613.516 INFO             PET0 PIOc_freedecomp Exit - MemInfo: [/proc/self/status]	VmPTE:	     340 kB
20220314 014613.516 INFO             PET0 PIOc_freedecomp Exit - MemInfo: [/proc/self/status]	VmSwap:	       0 kB
20220314 014613.516 INFO             PET0 PIOc_freedecomp Exit - MemInfo: [/proc/self/status]	VmRSSPercent: 0.00646812 %
20220314 014613.516 INFO             PET0 PIOc_freedecomp Exit - MemInfo: [malloc] Non-mmapped space allocated:                 9965568 Byte
20220314 014613.516 INFO             PET0 PIOc_freedecomp Exit - MemInfo: [malloc] Space allocated in mmapped regions:          3629056 Byte
20220314 014613.516 INFO             PET0 PIOc_freedecomp Exit - MemInfo: [malloc] Maximum total allocated space:                     0 Byte
20220314 014613.516 INFO             PET0 PIOc_freedecomp Exit - MemInfo: [malloc] Space in freed fastbin blocks:                   672 Byte
20220314 014613.516 INFO             PET0 PIOc_freedecomp Exit - MemInfo: [malloc] Total allocated space:                        914272 Byte
20220314 014613.516 INFO             PET0 PIOc_freedecomp Exit - MemInfo: [malloc] Total free space:                            9051296 Byte
20220314 014613.516 INFO             PET0 PIOc_freedecomp Exit - MemInfo: [malloc] Top-most, releasable space:                   121872 Byte
20220314 014613.516 INFO             PET0 PIOc_freedecomp Exit - MemInfo: [malloc] Total space in use, mmap + non-mmap:         4543328 Byte
20220314 014613.516 INFO             PET0 PIOc_freedecomp Exit - MemInfo: [malloc] Total space held (mmap + non-mmap):         13594624 Byte
20220314 014613.516 INFO             PET0 PIOc_freedecomp Exit - MemInfo: [malloc] Total space used (mmap + non-mmap):          4551536 Byte
20220314 014613.516 INFO             PET0 PIOc_freedecomp Exit - MemInfo: Wall-clock time since execution start:              0.0119644 seconds
20220314 014613.516 INFO             PET0  PASS  Write Fortran array in nohalo Field, ESMF_FieldIOUTest.F90, line 268
20220314 014613.516 INFO             PET0  PASS  Create a field from grid and fortran dummy array without halo, ESMF_FieldIOUTest.F90, line 281
20220314 014613.518 INFO             PET0 PIOc_sync Enter - MemInfo: [/proc/meminfo - SSI]	MemTotal:       527077124 kB
20220314 014613.518 INFO             PET0 PIOc_sync Enter - MemInfo: [/proc/meminfo - SSI]	MemFree:        518044916 kB
20220314 014613.518 INFO             PET0 PIOc_sync Enter - MemInfo: [/proc/meminfo - SSI]	MemAvailable:   517782184 kB
20220314 014613.518 INFO             PET0 PIOc_sync Enter - MemInfo: [/proc/meminfo - SSI]	Committed_AS:    1698436 kB
20220314 014613.518 INFO             PET0 PIOc_sync Enter - MemInfo: [/proc/meminfo - SSI]	CommittedPercent: 0.322237 %
20220314 014613.518 INFO             PET0 PIOc_sync Enter - MemInfo: [/proc/self/status]	VmPeak:	  168140 kB
20220314 014613.518 INFO             PET0 PIOc_sync Enter - MemInfo: [/proc/self/status]	VmSize:	  168140 kB
20220314 014613.518 INFO             PET0 PIOc_sync Enter - MemInfo: [/proc/self/status]	VmLck:	       0 kB
20220314 014613.518 INFO             PET0 PIOc_sync Enter - MemInfo: [/proc/self/status]	VmPin:	       0 kB
20220314 014613.518 INFO             PET0 PIOc_sync Enter - MemInfo: [/proc/self/status]	VmHWM:	   34748 kB
20220314 014613.518 INFO             PET0 PIOc_sync Enter - MemInfo: [/proc/self/status]	VmRSS:	   34748 kB
20220314 014613.518 INFO             PET0 PIOc_sync Enter - MemInfo: [/proc/self/status]	VmData:	   16980 kB
20220314 014613.518 INFO             PET0 PIOc_sync Enter - MemInfo: [/proc/self/status]	VmStk:	     156 kB
20220314 014613.518 INFO             PET0 PIOc_sync Enter - MemInfo: [/proc/self/status]	VmExe:	     272 kB
20220314 014613.518 INFO             PET0 PIOc_sync Enter - MemInfo: [/proc/self/status]	VmLib:	   77104 kB
20220314 014613.518 INFO             PET0 PIOc_sync Enter - MemInfo: [/proc/self/status]	VmPTE:	     340 kB
20220314 014613.518 INFO             PET0 PIOc_sync Enter - MemInfo: [/proc/self/status]	VmSwap:	       0 kB
20220314 014613.518 INFO             PET0 PIOc_sync Enter - MemInfo: [/proc/self/status]	VmRSSPercent: 0.00659258 %
20220314 014613.518 INFO             PET0 PIOc_sync Enter - MemInfo: [malloc] Non-mmapped space allocated:                 9965568 Byte
20220314 014613.518 INFO             PET0 PIOc_sync Enter - MemInfo: [malloc] Space allocated in mmapped regions:          3629056 Byte
20220314 014613.518 INFO             PET0 PIOc_sync Enter - MemInfo: [malloc] Maximum total allocated space:                     0 Byte
20220314 014613.518 INFO             PET0 PIOc_sync Enter - MemInfo: [malloc] Space in freed fastbin blocks:                     0 Byte
20220314 014613.518 INFO             PET0 PIOc_sync Enter - MemInfo: [malloc] Total allocated space:                       9847168 Byte
20220314 014613.518 INFO             PET0 PIOc_sync Enter - MemInfo: [malloc] Total free space:                             118400 Byte
20220314 014613.518 INFO             PET0 PIOc_sync Enter - MemInfo: [malloc] Top-most, releasable space:                   111376 Byte
20220314 014613.518 INFO             PET0 PIOc_sync Enter - MemInfo: [malloc] Total space in use, mmap + non-mmap:        13476224 Byte
20220314 014613.518 INFO             PET0 PIOc_sync Enter - MemInfo: [malloc] Total space held (mmap + non-mmap):         13594624 Byte
20220314 014613.518 INFO             PET0 PIOc_sync Enter - MemInfo: [malloc] Total space used (mmap + non-mmap):         13484432 Byte
20220314 014613.518 INFO             PET0 PIOc_sync Enter - MemInfo: Wall-clock time since execution start:              0.0137883 seconds
20220314 014613.518 INFO             PET0 PIOc_sync Exit - MemInfo: [/proc/meminfo - SSI]	MemTotal:       527077124 kB
20220314 014613.518 INFO             PET0 PIOc_sync Exit - MemInfo: [/proc/meminfo - SSI]	MemFree:        518044916 kB
20220314 014613.518 INFO             PET0 PIOc_sync Exit - MemInfo: [/proc/meminfo - SSI]	MemAvailable:   517782184 kB
20220314 014613.518 INFO             PET0 PIOc_sync Exit - MemInfo: [/proc/meminfo - SSI]	Committed_AS:    1698436 kB
20220314 014613.518 INFO             PET0 PIOc_sync Exit - MemInfo: [/proc/meminfo - SSI]	CommittedPercent: 0.322237 %
20220314 014613.518 INFO             PET0 PIOc_sync Exit - MemInfo: [/proc/self/status]	VmPeak:	  168140 kB
20220314 014613.518 INFO             PET0 PIOc_sync Exit - MemInfo: [/proc/self/status]	VmSize:	  168140 kB
20220314 014613.518 INFO             PET0 PIOc_sync Exit - MemInfo: [/proc/self/status]	VmLck:	       0 kB
20220314 014613.518 INFO             PET0 PIOc_sync Exit - MemInfo: [/proc/self/status]	VmPin:	       0 kB
20220314 014613.518 INFO             PET0 PIOc_sync Exit - MemInfo: [/proc/self/status]	VmHWM:	   34748 kB
20220314 014613.518 INFO             PET0 PIOc_sync Exit - MemInfo: [/proc/self/status]	VmRSS:	   34748 kB
20220314 014613.518 INFO             PET0 PIOc_sync Exit - MemInfo: [/proc/self/status]	VmData:	   16980 kB
20220314 014613.518 INFO             PET0 PIOc_sync Exit - MemInfo: [/proc/self/status]	VmStk:	     156 kB
20220314 014613.518 INFO             PET0 PIOc_sync Exit - MemInfo: [/proc/self/status]	VmExe:	     272 kB
20220314 014613.518 INFO             PET0 PIOc_sync Exit - MemInfo: [/proc/self/status]	VmLib:	   77104 kB
20220314 014613.518 INFO             PET0 PIOc_sync Exit - MemInfo: [/proc/self/status]	VmPTE:	     340 kB
20220314 014613.518 INFO             PET0 PIOc_sync Exit - MemInfo: [/proc/self/status]	VmSwap:	       0 kB
20220314 014613.518 INFO             PET0 PIOc_sync Exit - MemInfo: [/proc/self/status]	VmRSSPercent: 0.00659258 %
20220314 014613.518 INFO             PET0 PIOc_sync Exit - MemInfo: [malloc] Non-mmapped space allocated:                 9965568 Byte
20220314 014613.518 INFO             PET0 PIOc_sync Exit - MemInfo: [malloc] Space allocated in mmapped regions:          3629056 Byte
20220314 014613.518 INFO             PET0 PIOc_sync Exit - MemInfo: [malloc] Maximum total allocated space:                     0 Byte
20220314 014613.518 INFO             PET0 PIOc_sync Exit - MemInfo: [malloc] Space in freed fastbin blocks:                     0 Byte
20220314 014613.518 INFO             PET0 PIOc_sync Exit - MemInfo: [malloc] Total allocated space:                       9847280 Byte
20220314 014613.518 INFO             PET0 PIOc_sync Exit - MemInfo: [malloc] Total free space:                             118288 Byte
20220314 014613.518 INFO             PET0 PIOc_sync Exit - MemInfo: [malloc] Top-most, releasable space:                   111152 Byte
20220314 014613.518 INFO             PET0 PIOc_sync Exit - MemInfo: [malloc] Total space in use, mmap + non-mmap:        13476336 Byte
20220314 014613.518 INFO             PET0 PIOc_sync Exit - MemInfo: [malloc] Total space held (mmap + non-mmap):         13594624 Byte
20220314 014613.518 INFO             PET0 PIOc_sync Exit - MemInfo: [malloc] Total space used (mmap + non-mmap):         13484544 Byte
20220314 014613.518 INFO             PET0 PIOc_sync Exit - MemInfo: Wall-clock time since execution start:              0.0140353 seconds
20220314 014613.518 INFO             PET0 PIOc_freedecomp Enter - MemInfo: [/proc/meminfo - SSI]	MemTotal:       527077124 kB
20220314 014613.518 INFO             PET0 PIOc_freedecomp Enter - MemInfo: [/proc/meminfo - SSI]	MemFree:        518044916 kB
20220314 014613.518 INFO             PET0 PIOc_freedecomp Enter - MemInfo: [/proc/meminfo - SSI]	MemAvailable:   517782184 kB
20220314 014613.518 INFO             PET0 PIOc_freedecomp Enter - MemInfo: [/proc/meminfo - SSI]	Committed_AS:    1698436 kB
20220314 014613.518 INFO             PET0 PIOc_freedecomp Enter - MemInfo: [/proc/meminfo - SSI]	CommittedPercent: 0.322237 %
20220314 014613.518 INFO             PET0 PIOc_freedecomp Enter - MemInfo: [/proc/self/status]	VmPeak:	  168140 kB
20220314 014613.518 INFO             PET0 PIOc_freedecomp Enter - MemInfo: [/proc/self/status]	VmSize:	  168140 kB
20220314 014613.518 INFO             PET0 PIOc_freedecomp Enter - MemInfo: [/proc/self/status]	VmLck:	       0 kB
20220314 014613.518 INFO             PET0 PIOc_freedecomp Enter - MemInfo: [/proc/self/status]	VmPin:	       0 kB
20220314 014613.518 INFO             PET0 PIOc_freedecomp Enter - MemInfo: [/proc/self/status]	VmHWM:	   34748 kB
20220314 014613.518 INFO             PET0 PIOc_freedecomp Enter - MemInfo: [/proc/self/status]	VmRSS:	   34748 kB
20220314 014613.518 INFO             PET0 PIOc_freedecomp Enter - MemInfo: [/proc/self/status]	VmData:	   16980 kB
20220314 014613.518 INFO             PET0 PIOc_freedecomp Enter - MemInfo: [/proc/self/status]	VmStk:	     156 kB
20220314 014613.518 INFO             PET0 PIOc_freedecomp Enter - MemInfo: [/proc/self/status]	VmExe:	     272 kB
20220314 014613.518 INFO             PET0 PIOc_freedecomp Enter - MemInfo: [/proc/self/status]	VmLib:	   77104 kB
20220314 014613.518 INFO             PET0 PIOc_freedecomp Enter - MemInfo: [/proc/self/status]	VmPTE:	     340 kB
20220314 014613.518 INFO             PET0 PIOc_freedecomp Enter - MemInfo: [/proc/self/status]	VmSwap:	       0 kB
20220314 014613.518 INFO             PET0 PIOc_freedecomp Enter - MemInfo: [/proc/self/status]	VmRSSPercent: 0.00659258 %
20220314 014613.518 INFO             PET0 PIOc_freedecomp Enter - MemInfo: [malloc] Non-mmapped space allocated:                 9965568 Byte
20220314 014613.518 INFO             PET0 PIOc_freedecomp Enter - MemInfo: [malloc] Space allocated in mmapped regions:          3629056 Byte
20220314 014613.518 INFO             PET0 PIOc_freedecomp Enter - MemInfo: [malloc] Maximum total allocated space:                     0 Byte
20220314 014613.518 INFO             PET0 PIOc_freedecomp Enter - MemInfo: [malloc] Space in freed fastbin blocks:                   144 Byte
20220314 014613.518 INFO             PET0 PIOc_freedecomp Enter - MemInfo: [malloc] Total allocated space:                        922272 Byte
20220314 014613.518 INFO             PET0 PIOc_freedecomp Enter - MemInfo: [malloc] Total free space:                            9043296 Byte
20220314 014613.518 INFO             PET0 PIOc_freedecomp Enter - MemInfo: [malloc] Top-most, releasable space:                   110928 Byte
20220314 014613.518 INFO             PET0 PIOc_freedecomp Enter - MemInfo: [malloc] Total space in use, mmap + non-mmap:         4551328 Byte
20220314 014613.518 INFO             PET0 PIOc_freedecomp Enter - MemInfo: [malloc] Total space held (mmap + non-mmap):         13594624 Byte
20220314 014613.518 INFO             PET0 PIOc_freedecomp Enter - MemInfo: [malloc] Total space used (mmap + non-mmap):          4559536 Byte
20220314 014613.518 INFO             PET0 PIOc_freedecomp Enter - MemInfo: Wall-clock time since execution start:              0.0143408 seconds
20220314 014613.518 INFO             PET0 PIOc_freedecomp Exit - MemInfo: [/proc/meminfo - SSI]	MemTotal:       527077124 kB
20220314 014613.518 INFO             PET0 PIOc_freedecomp Exit - MemInfo: [/proc/meminfo - SSI]	MemFree:        518044916 kB
20220314 014613.518 INFO             PET0 PIOc_freedecomp Exit - MemInfo: [/proc/meminfo - SSI]	MemAvailable:   517782184 kB
20220314 014613.518 INFO             PET0 PIOc_freedecomp Exit - MemInfo: [/proc/meminfo - SSI]	Committed_AS:    1698436 kB
20220314 014613.518 INFO             PET0 PIOc_freedecomp Exit - MemInfo: [/proc/meminfo - SSI]	CommittedPercent: 0.322237 %
20220314 014613.518 INFO             PET0 PIOc_freedecomp Exit - MemInfo: [/proc/self/status]	VmPeak:	  168140 kB
20220314 014613.518 INFO             PET0 PIOc_freedecomp Exit - MemInfo: [/proc/self/status]	VmSize:	  168140 kB
20220314 014613.518 INFO             PET0 PIOc_freedecomp Exit - MemInfo: [/proc/self/status]	VmLck:	       0 kB
20220314 014613.518 INFO             PET0 PIOc_freedecomp Exit - MemInfo: [/proc/self/status]	VmPin:	       0 kB
20220314 014613.518 INFO             PET0 PIOc_freedecomp Exit - MemInfo: [/proc/self/status]	VmHWM:	   34748 kB
20220314 014613.518 INFO             PET0 PIOc_freedecomp Exit - MemInfo: [/proc/self/status]	VmRSS:	   34748 kB
20220314 014613.518 INFO             PET0 PIOc_freedecomp Exit - MemInfo: [/proc/self/status]	VmData:	   16980 kB
20220314 014613.518 INFO             PET0 PIOc_freedecomp Exit - MemInfo: [/proc/self/status]	VmStk:	     156 kB
20220314 014613.518 INFO             PET0 PIOc_freedecomp Exit - MemInfo: [/proc/self/status]	VmExe:	     272 kB
20220314 014613.518 INFO             PET0 PIOc_freedecomp Exit - MemInfo: [/proc/self/status]	VmLib:	   77104 kB
20220314 014613.518 INFO             PET0 PIOc_freedecomp Exit - MemInfo: [/proc/self/status]	VmPTE:	     340 kB
20220314 014613.518 INFO             PET0 PIOc_freedecomp Exit - MemInfo: [/proc/self/status]	VmSwap:	       0 kB
20220314 014613.518 INFO             PET0 PIOc_freedecomp Exit - MemInfo: [/proc/self/status]	VmRSSPercent: 0.00659258 %
20220314 014613.518 INFO             PET0 PIOc_freedecomp Exit - MemInfo: [malloc] Non-mmapped space allocated:                 9965568 Byte
20220314 014613.519 INFO             PET0 PIOc_freedecomp Exit - MemInfo: [malloc] Space allocated in mmapped regions:          3629056 Byte
20220314 014613.519 INFO             PET0 PIOc_freedecomp Exit - MemInfo: [malloc] Maximum total allocated space:                     0 Byte
20220314 014613.519 INFO             PET0 PIOc_freedecomp Exit - MemInfo: [malloc] Space in freed fastbin blocks:                   704 Byte
20220314 014613.519 INFO             PET0 PIOc_freedecomp Exit - MemInfo: [malloc] Total allocated space:                        919248 Byte
20220314 014613.519 INFO             PET0 PIOc_freedecomp Exit - MemInfo: [malloc] Total free space:                            9046320 Byte
20220314 014613.519 INFO             PET0 PIOc_freedecomp Exit - MemInfo: [malloc] Top-most, releasable space:                   121648 Byte
20220314 014613.519 INFO             PET0 PIOc_freedecomp Exit - MemInfo: [malloc] Total space in use, mmap + non-mmap:         4548304 Byte
20220314 014613.519 INFO             PET0 PIOc_freedecomp Exit - MemInfo: [malloc] Total space held (mmap + non-mmap):         13594624 Byte
20220314 014613.519 INFO             PET0 PIOc_freedecomp Exit - MemInfo: [malloc] Total space used (mmap + non-mmap):          4556512 Byte
20220314 014613.519 INFO             PET0 PIOc_freedecomp Exit - MemInfo: Wall-clock time since execution start:              0.0145234 seconds
20220314 014613.521 INFO             PET0 PIOc_sync Enter - MemInfo: [/proc/meminfo - SSI]	MemTotal:       527077124 kB
20220314 014613.521 INFO             PET0 PIOc_sync Enter - MemInfo: [/proc/meminfo - SSI]	MemFree:        518038268 kB
20220314 014613.521 INFO             PET0 PIOc_sync Enter - MemInfo: [/proc/meminfo - SSI]	MemAvailable:   517775536 kB
20220314 014613.521 INFO             PET0 PIOc_sync Enter - MemInfo: [/proc/meminfo - SSI]	Committed_AS:    1706640 kB
20220314 014613.521 INFO             PET0 PIOc_sync Enter - MemInfo: [/proc/meminfo - SSI]	CommittedPercent: 0.323793 %
20220314 014613.521 INFO             PET0 PIOc_sync Enter - MemInfo: [/proc/self/status]	VmPeak:	  176344 kB
20220314 014613.521 INFO             PET0 PIOc_sync Enter - MemInfo: [/proc/self/status]	VmSize:	  176344 kB
20220314 014613.521 INFO             PET0 PIOc_sync Enter - MemInfo: [/proc/self/status]	VmLck:	       0 kB
20220314 014613.521 INFO             PET0 PIOc_sync Enter - MemInfo: [/proc/self/status]	VmPin:	       0 kB
20220314 014613.521 INFO             PET0 PIOc_sync Enter - MemInfo: [/proc/self/status]	VmHWM:	   40720 kB
20220314 014613.521 INFO             PET0 PIOc_sync Enter - MemInfo: [/proc/self/status]	VmRSS:	   40720 kB
20220314 014613.521 INFO             PET0 PIOc_sync Enter - MemInfo: [/proc/self/status]	VmData:	   25184 kB
20220314 014613.521 INFO             PET0 PIOc_sync Enter - MemInfo: [/proc/self/status]	VmStk:	     156 kB
20220314 014613.521 INFO             PET0 PIOc_sync Enter - MemInfo: [/proc/self/status]	VmExe:	     272 kB
20220314 014613.521 INFO             PET0 PIOc_sync Enter - MemInfo: [/proc/self/status]	VmLib:	   77104 kB
20220314 014613.521 INFO             PET0 PIOc_sync Enter - MemInfo: [/proc/self/status]	VmPTE:	     352 kB
20220314 014613.521 INFO             PET0 PIOc_sync Enter - MemInfo: [/proc/self/status]	VmSwap:	       0 kB
20220314 014613.521 INFO             PET0 PIOc_sync Enter - MemInfo: [/proc/self/status]	VmRSSPercent: 0.00772562 %
20220314 014613.521 INFO             PET0 PIOc_sync Enter - MemInfo: [malloc] Non-mmapped space allocated:                18366464 Byte
20220314 014613.521 INFO             PET0 PIOc_sync Enter - MemInfo: [malloc] Space allocated in mmapped regions:          3629056 Byte
20220314 014613.521 INFO             PET0 PIOc_sync Enter - MemInfo: [malloc] Maximum total allocated space:                     0 Byte
20220314 014613.521 INFO             PET0 PIOc_sync Enter - MemInfo: [malloc] Space in freed fastbin blocks:                   512 Byte
20220314 014613.521 INFO             PET0 PIOc_sync Enter - MemInfo: [malloc] Total allocated space:                       9849696 Byte
20220314 014613.521 INFO             PET0 PIOc_sync Enter - MemInfo: [malloc] Total free space:                            8516768 Byte
20220314 014613.521 INFO             PET0 PIOc_sync Enter - MemInfo: [malloc] Top-most, releasable space:                   134144 Byte
20220314 014613.521 INFO             PET0 PIOc_sync Enter - MemInfo: [malloc] Total space in use, mmap + non-mmap:        13478752 Byte
20220314 014613.521 INFO             PET0 PIOc_sync Enter - MemInfo: [malloc] Total space held (mmap + non-mmap):         21995520 Byte
20220314 014613.521 INFO             PET0 PIOc_sync Enter - MemInfo: [malloc] Total space used (mmap + non-mmap):         13486960 Byte
20220314 014613.521 INFO             PET0 PIOc_sync Enter - MemInfo: Wall-clock time since execution start:              0.0166327 seconds
20220314 014613.521 INFO             PET0 PIOc_sync Exit - MemInfo: [/proc/meminfo - SSI]	MemTotal:       527077124 kB
20220314 014613.521 INFO             PET0 PIOc_sync Exit - MemInfo: [/proc/meminfo - SSI]	MemFree:        518038268 kB
20220314 014613.521 INFO             PET0 PIOc_sync Exit - MemInfo: [/proc/meminfo - SSI]	MemAvailable:   517775536 kB
20220314 014613.521 INFO             PET0 PIOc_sync Exit - MemInfo: [/proc/meminfo - SSI]	Committed_AS:    1706640 kB
20220314 014613.521 INFO             PET0 PIOc_sync Exit - MemInfo: [/proc/meminfo - SSI]	CommittedPercent: 0.323793 %
20220314 014613.521 INFO             PET0 PIOc_sync Exit - MemInfo: [/proc/self/status]	VmPeak:	  176344 kB
20220314 014613.521 INFO             PET0 PIOc_sync Exit - MemInfo: [/proc/self/status]	VmSize:	  176344 kB
20220314 014613.521 INFO             PET0 PIOc_sync Exit - MemInfo: [/proc/self/status]	VmLck:	       0 kB
20220314 014613.521 INFO             PET0 PIOc_sync Exit - MemInfo: [/proc/self/status]	VmPin:	       0 kB
20220314 014613.521 INFO             PET0 PIOc_sync Exit - MemInfo: [/proc/self/status]	VmHWM:	   40720 kB
20220314 014613.521 INFO             PET0 PIOc_sync Exit - MemInfo: [/proc/self/status]	VmRSS:	   40720 kB
20220314 014613.521 INFO             PET0 PIOc_sync Exit - MemInfo: [/proc/self/status]	VmData:	   25184 kB
20220314 014613.521 INFO             PET0 PIOc_sync Exit - MemInfo: [/proc/self/status]	VmStk:	     156 kB
20220314 014613.521 INFO             PET0 PIOc_sync Exit - MemInfo: [/proc/self/status]	VmExe:	     272 kB
20220314 014613.521 INFO             PET0 PIOc_sync Exit - MemInfo: [/proc/self/status]	VmLib:	   77104 kB
20220314 014613.521 INFO             PET0 PIOc_sync Exit - MemInfo: [/proc/self/status]	VmPTE:	     352 kB
20220314 014613.521 INFO             PET0 PIOc_sync Exit - MemInfo: [/proc/self/status]	VmSwap:	       0 kB
20220314 014613.521 INFO             PET0 PIOc_sync Exit - MemInfo: [/proc/self/status]	VmRSSPercent: 0.00772562 %
20220314 014613.521 INFO             PET0 PIOc_sync Exit - MemInfo: [malloc] Non-mmapped space allocated:                18366464 Byte
20220314 014613.521 INFO             PET0 PIOc_sync Exit - MemInfo: [malloc] Space allocated in mmapped regions:          3629056 Byte
20220314 014613.521 INFO             PET0 PIOc_sync Exit - MemInfo: [malloc] Maximum total allocated space:                     0 Byte
20220314 014613.521 INFO             PET0 PIOc_sync Exit - MemInfo: [malloc] Space in freed fastbin blocks:                     0 Byte
20220314 014613.521 INFO             PET0 PIOc_sync Exit - MemInfo: [malloc] Total allocated space:                       9849792 Byte
20220314 014613.521 INFO             PET0 PIOc_sync Exit - MemInfo: [malloc] Total free space:                            8516672 Byte
20220314 014613.521 INFO             PET0 PIOc_sync Exit - MemInfo: [malloc] Top-most, releasable space:                   134144 Byte
20220314 014613.521 INFO             PET0 PIOc_sync Exit - MemInfo: [malloc] Total space in use, mmap + non-mmap:        13478848 Byte
20220314 014613.521 INFO             PET0 PIOc_sync Exit - MemInfo: [malloc] Total space held (mmap + non-mmap):         21995520 Byte
20220314 014613.521 INFO             PET0 PIOc_sync Exit - MemInfo: [malloc] Total space used (mmap + non-mmap):         13487056 Byte
20220314 014613.521 INFO             PET0 PIOc_sync Exit - MemInfo: Wall-clock time since execution start:              0.0168755 seconds
20220314 014613.521 INFO             PET0 PIOc_freedecomp Enter - MemInfo: [/proc/meminfo - SSI]	MemTotal:       527077124 kB
20220314 014613.521 INFO             PET0 PIOc_freedecomp Enter - MemInfo: [/proc/meminfo - SSI]	MemFree:        518038268 kB
20220314 014613.521 INFO             PET0 PIOc_freedecomp Enter - MemInfo: [/proc/meminfo - SSI]	MemAvailable:   517775536 kB
20220314 014613.521 INFO             PET0 PIOc_freedecomp Enter - MemInfo: [/proc/meminfo - SSI]	Committed_AS:    1706640 kB
20220314 014613.521 INFO             PET0 PIOc_freedecomp Enter - MemInfo: [/proc/meminfo - SSI]	CommittedPercent: 0.323793 %
20220314 014613.521 INFO             PET0 PIOc_freedecomp Enter - MemInfo: [/proc/self/status]	VmPeak:	  176344 kB
20220314 014613.521 INFO             PET0 PIOc_freedecomp Enter - MemInfo: [/proc/self/status]	VmSize:	  176344 kB
20220314 014613.521 INFO             PET0 PIOc_freedecomp Enter - MemInfo: [/proc/self/status]	VmLck:	       0 kB
20220314 014613.521 INFO             PET0 PIOc_freedecomp Enter - MemInfo: [/proc/self/status]	VmPin:	       0 kB
20220314 014613.521 INFO             PET0 PIOc_freedecomp Enter - MemInfo: [/proc/self/status]	VmHWM:	   40720 kB
20220314 014613.521 INFO             PET0 PIOc_freedecomp Enter - MemInfo: [/proc/self/status]	VmRSS:	   40720 kB
20220314 014613.521 INFO             PET0 PIOc_freedecomp Enter - MemInfo: [/proc/self/status]	VmData:	   25184 kB
20220314 014613.521 INFO             PET0 PIOc_freedecomp Enter - MemInfo: [/proc/self/status]	VmStk:	     156 kB
20220314 014613.521 INFO             PET0 PIOc_freedecomp Enter - MemInfo: [/proc/self/status]	VmExe:	     272 kB
20220314 014613.521 INFO             PET0 PIOc_freedecomp Enter - MemInfo: [/proc/self/status]	VmLib:	   77104 kB
20220314 014613.521 INFO             PET0 PIOc_freedecomp Enter - MemInfo: [/proc/self/status]	VmPTE:	     352 kB
20220314 014613.521 INFO             PET0 PIOc_freedecomp Enter - MemInfo: [/proc/self/status]	VmSwap:	       0 kB
20220314 014613.521 INFO             PET0 PIOc_freedecomp Enter - MemInfo: [/proc/self/status]	VmRSSPercent: 0.00772562 %
20220314 014613.521 INFO             PET0 PIOc_freedecomp Enter - MemInfo: [malloc] Non-mmapped space allocated:                18366464 Byte
20220314 014613.521 INFO             PET0 PIOc_freedecomp Enter - MemInfo: [malloc] Space allocated in mmapped regions:          3629056 Byte
20220314 014613.521 INFO             PET0 PIOc_freedecomp Enter - MemInfo: [malloc] Maximum total allocated space:                     0 Byte
20220314 014613.521 INFO             PET0 PIOc_freedecomp Enter - MemInfo: [malloc] Space in freed fastbin blocks:                   144 Byte
20220314 014613.521 INFO             PET0 PIOc_freedecomp Enter - MemInfo: [malloc] Total allocated space:                        924304 Byte
20220314 014613.521 INFO             PET0 PIOc_freedecomp Enter - MemInfo: [malloc] Total free space:                           17442160 Byte
20220314 014613.521 INFO             PET0 PIOc_freedecomp Enter - MemInfo: [malloc] Top-most, releasable space:                  8522768 Byte
20220314 014613.521 INFO             PET0 PIOc_freedecomp Enter - MemInfo: [malloc] Total space in use, mmap + non-mmap:         4553360 Byte
20220314 014613.521 INFO             PET0 PIOc_freedecomp Enter - MemInfo: [malloc] Total space held (mmap + non-mmap):         21995520 Byte
20220314 014613.521 INFO             PET0 PIOc_freedecomp Enter - MemInfo: [malloc] Total space used (mmap + non-mmap):          4561568 Byte
20220314 014613.521 INFO             PET0 PIOc_freedecomp Enter - MemInfo: Wall-clock time since execution start:               0.017183 seconds
20220314 014613.521 INFO             PET0 PIOc_freedecomp Exit - MemInfo: [/proc/meminfo - SSI]	MemTotal:       527077124 kB
20220314 014613.521 INFO             PET0 PIOc_freedecomp Exit - MemInfo: [/proc/meminfo - SSI]	MemFree:        518038268 kB
20220314 014613.521 INFO             PET0 PIOc_freedecomp Exit - MemInfo: [/proc/meminfo - SSI]	MemAvailable:   517775536 kB
20220314 014613.521 INFO             PET0 PIOc_freedecomp Exit - MemInfo: [/proc/meminfo - SSI]	Committed_AS:    1706640 kB
20220314 014613.521 INFO             PET0 PIOc_freedecomp Exit - MemInfo: [/proc/meminfo - SSI]	CommittedPercent: 0.323793 %
20220314 014613.521 INFO             PET0 PIOc_freedecomp Exit - MemInfo: [/proc/self/status]	VmPeak:	  176344 kB
20220314 014613.521 INFO             PET0 PIOc_freedecomp Exit - MemInfo: [/proc/self/status]	VmSize:	  176344 kB
20220314 014613.521 INFO             PET0 PIOc_freedecomp Exit - MemInfo: [/proc/self/status]	VmLck:	       0 kB
20220314 014613.521 INFO             PET0 PIOc_freedecomp Exit - MemInfo: [/proc/self/status]	VmPin:	       0 kB
20220314 014613.521 INFO             PET0 PIOc_freedecomp Exit - MemInfo: [/proc/self/status]	VmHWM:	   40720 kB
20220314 014613.521 INFO             PET0 PIOc_freedecomp Exit - MemInfo: [/proc/self/status]	VmRSS:	   40720 kB
20220314 014613.521 INFO             PET0 PIOc_freedecomp Exit - MemInfo: [/proc/self/status]	VmData:	   25184 kB
20220314 014613.521 INFO             PET0 PIOc_freedecomp Exit - MemInfo: [/proc/self/status]	VmStk:	     156 kB
20220314 014613.521 INFO             PET0 PIOc_freedecomp Exit - MemInfo: [/proc/self/status]	VmExe:	     272 kB
20220314 014613.521 INFO             PET0 PIOc_freedecomp Exit - MemInfo: [/proc/self/status]	VmLib:	   77104 kB
20220314 014613.521 INFO             PET0 PIOc_freedecomp Exit - MemInfo: [/proc/self/status]	VmPTE:	     352 kB
20220314 014613.521 INFO             PET0 PIOc_freedecomp Exit - MemInfo: [/proc/self/status]	VmSwap:	       0 kB
20220314 014613.521 INFO             PET0 PIOc_freedecomp Exit - MemInfo: [/proc/self/status]	VmRSSPercent: 0.00772562 %
20220314 014613.521 INFO             PET0 PIOc_freedecomp Exit - MemInfo: [malloc] Non-mmapped space allocated:                18366464 Byte
20220314 014613.521 INFO             PET0 PIOc_freedecomp Exit - MemInfo: [malloc] Space allocated in mmapped regions:          3629056 Byte
20220314 014613.521 INFO             PET0 PIOc_freedecomp Exit - MemInfo: [malloc] Maximum total allocated space:                     0 Byte
20220314 014613.521 INFO             PET0 PIOc_freedecomp Exit - MemInfo: [malloc] Space in freed fastbin blocks:                   864 Byte
20220314 014613.521 INFO             PET0 PIOc_freedecomp Exit - MemInfo: [malloc] Total allocated space:                        920944 Byte
20220314 014613.521 INFO             PET0 PIOc_freedecomp Exit - MemInfo: [malloc] Total free space:                           17445520 Byte
20220314 014613.521 INFO             PET0 PIOc_freedecomp Exit - MemInfo: [malloc] Top-most, releasable space:                  8522768 Byte
20220314 014613.521 INFO             PET0 PIOc_freedecomp Exit - MemInfo: [malloc] Total space in use, mmap + non-mmap:         4550000 Byte
20220314 014613.521 INFO             PET0 PIOc_freedecomp Exit - MemInfo: [malloc] Total space held (mmap + non-mmap):         21995520 Byte
20220314 014613.521 INFO             PET0 PIOc_freedecomp Exit - MemInfo: [malloc] Total space used (mmap + non-mmap):          4558208 Byte
20220314 014613.521 INFO             PET0 PIOc_freedecomp Exit - MemInfo: Wall-clock time since execution start:              0.0173734 seconds
20220314 014613.521 INFO             PET0  PASS  Write multiple Fields with same dimensions to a file, ESMF_FieldIOUTest.F90, line 292
20220314 014613.522 INFO             PET0  PASS  Create grid for field metadata test, ESMF_FieldIOUTest.F90, line 309
20220314 014613.522 INFO             PET0  PASS  Create field with global indices, ESMF_FieldIOUTest.F90, line 316
20220314 014613.522 INFO             PET0  PASS  Get Farray_md from field, ESMF_FieldIOUTest.F90, line 324
20220314 014613.523 INFO             PET0 PIOc_sync Enter - MemInfo: [/proc/meminfo - SSI]	MemTotal:       527077124 kB
20220314 014613.523 INFO             PET0 PIOc_sync Enter - MemInfo: [/proc/meminfo - SSI]	MemFree:        518036212 kB
20220314 014613.523 INFO             PET0 PIOc_sync Enter - MemInfo: [/proc/meminfo - SSI]	MemAvailable:   517773480 kB
20220314 014613.523 INFO             PET0 PIOc_sync Enter - MemInfo: [/proc/meminfo - SSI]	Committed_AS:    1706640 kB
20220314 014613.523 INFO             PET0 PIOc_sync Enter - MemInfo: [/proc/meminfo - SSI]	CommittedPercent: 0.323793 %
20220314 014613.523 INFO             PET0 PIOc_sync Enter - MemInfo: [/proc/self/status]	VmPeak:	  176344 kB
20220314 014613.523 INFO             PET0 PIOc_sync Enter - MemInfo: [/proc/self/status]	VmSize:	  176344 kB
20220314 014613.523 INFO             PET0 PIOc_sync Enter - MemInfo: [/proc/self/status]	VmLck:	       0 kB
20220314 014613.523 INFO             PET0 PIOc_sync Enter - MemInfo: [/proc/self/status]	VmPin:	       0 kB
20220314 014613.523 INFO             PET0 PIOc_sync Enter - MemInfo: [/proc/self/status]	VmHWM:	   43004 kB
20220314 014613.523 INFO             PET0 PIOc_sync Enter - MemInfo: [/proc/self/status]	VmRSS:	   43004 kB
20220314 014613.523 INFO             PET0 PIOc_sync Enter - MemInfo: [/proc/self/status]	VmData:	   25184 kB
20220314 014613.523 INFO             PET0 PIOc_sync Enter - MemInfo: [/proc/self/status]	VmStk:	     156 kB
20220314 014613.523 INFO             PET0 PIOc_sync Enter - MemInfo: [/proc/self/status]	VmExe:	     272 kB
20220314 014613.523 INFO             PET0 PIOc_sync Enter - MemInfo: [/proc/self/status]	VmLib:	   77104 kB
20220314 014613.524 INFO             PET0 PIOc_sync Enter - MemInfo: [/proc/self/status]	VmPTE:	     356 kB
20220314 014613.524 INFO             PET0 PIOc_sync Enter - MemInfo: [/proc/self/status]	VmSwap:	       0 kB
20220314 014613.524 INFO             PET0 PIOc_sync Enter - MemInfo: [/proc/self/status]	VmRSSPercent: 0.00815896 %
20220314 014613.524 INFO             PET0 PIOc_sync Enter - MemInfo: [malloc] Non-mmapped space allocated:                18366464 Byte
20220314 014613.524 INFO             PET0 PIOc_sync Enter - MemInfo: [malloc] Space allocated in mmapped regions:          3629056 Byte
20220314 014613.524 INFO             PET0 PIOc_sync Enter - MemInfo: [malloc] Maximum total allocated space:                     0 Byte
20220314 014613.524 INFO             PET0 PIOc_sync Enter - MemInfo: [malloc] Space in freed fastbin blocks:                     0 Byte
20220314 014613.524 INFO             PET0 PIOc_sync Enter - MemInfo: [malloc] Total allocated space:                       9872128 Byte
20220314 014613.524 INFO             PET0 PIOc_sync Enter - MemInfo: [malloc] Total free space:                            8494336 Byte
20220314 014613.524 INFO             PET0 PIOc_sync Enter - MemInfo: [malloc] Top-most, releasable space:                   134144 Byte
20220314 014613.524 INFO             PET0 PIOc_sync Enter - MemInfo: [malloc] Total space in use, mmap + non-mmap:        13501184 Byte
20220314 014613.524 INFO             PET0 PIOc_sync Enter - MemInfo: [malloc] Total space held (mmap + non-mmap):         21995520 Byte
20220314 014613.524 INFO             PET0 PIOc_sync Enter - MemInfo: [malloc] Total space used (mmap + non-mmap):         13509392 Byte
20220314 014613.524 INFO             PET0 PIOc_sync Enter - MemInfo: Wall-clock time since execution start:              0.0195289 seconds
20220314 014613.524 INFO             PET0 PIOc_sync Exit - MemInfo: [/proc/meminfo - SSI]	MemTotal:       527077124 kB
20220314 014613.524 INFO             PET0 PIOc_sync Exit - MemInfo: [/proc/meminfo - SSI]	MemFree:        518036212 kB
20220314 014613.524 INFO             PET0 PIOc_sync Exit - MemInfo: [/proc/meminfo - SSI]	MemAvailable:   517773480 kB
20220314 014613.524 INFO             PET0 PIOc_sync Exit - MemInfo: [/proc/meminfo - SSI]	Committed_AS:    1706640 kB
20220314 014613.524 INFO             PET0 PIOc_sync Exit - MemInfo: [/proc/meminfo - SSI]	CommittedPercent: 0.323793 %
20220314 014613.524 INFO             PET0 PIOc_sync Exit - MemInfo: [/proc/self/status]	VmPeak:	  176344 kB
20220314 014613.524 INFO             PET0 PIOc_sync Exit - MemInfo: [/proc/self/status]	VmSize:	  176344 kB
20220314 014613.524 INFO             PET0 PIOc_sync Exit - MemInfo: [/proc/self/status]	VmLck:	       0 kB
20220314 014613.524 INFO             PET0 PIOc_sync Exit - MemInfo: [/proc/self/status]	VmPin:	       0 kB
20220314 014613.524 INFO             PET0 PIOc_sync Exit - MemInfo: [/proc/self/status]	VmHWM:	   43004 kB
20220314 014613.524 INFO             PET0 PIOc_sync Exit - MemInfo: [/proc/self/status]	VmRSS:	   43004 kB
20220314 014613.524 INFO             PET0 PIOc_sync Exit - MemInfo: [/proc/self/status]	VmData:	   25184 kB
20220314 014613.524 INFO             PET0 PIOc_sync Exit - MemInfo: [/proc/self/status]	VmStk:	     156 kB
20220314 014613.524 INFO             PET0 PIOc_sync Exit - MemInfo: [/proc/self/status]	VmExe:	     272 kB
20220314 014613.524 INFO             PET0 PIOc_sync Exit - MemInfo: [/proc/self/status]	VmLib:	   77104 kB
20220314 014613.524 INFO             PET0 PIOc_sync Exit - MemInfo: [/proc/self/status]	VmPTE:	     356 kB
20220314 014613.524 INFO             PET0 PIOc_sync Exit - MemInfo: [/proc/self/status]	VmSwap:	       0 kB
20220314 014613.524 INFO             PET0 PIOc_sync Exit - MemInfo: [/proc/self/status]	VmRSSPercent: 0.00815896 %
20220314 014613.524 INFO             PET0 PIOc_sync Exit - MemInfo: [malloc] Non-mmapped space allocated:                18366464 Byte
20220314 014613.524 INFO             PET0 PIOc_sync Exit - MemInfo: [malloc] Space allocated in mmapped regions:          3629056 Byte
20220314 014613.524 INFO             PET0 PIOc_sync Exit - MemInfo: [malloc] Maximum total allocated space:                     0 Byte
20220314 014613.524 INFO             PET0 PIOc_sync Exit - MemInfo: [malloc] Space in freed fastbin blocks:                     0 Byte
20220314 014613.524 INFO             PET0 PIOc_sync Exit - MemInfo: [malloc] Total allocated space:                       9881200 Byte
20220314 014613.524 INFO             PET0 PIOc_sync Exit - MemInfo: [malloc] Total free space:                            8485264 Byte
20220314 014613.524 INFO             PET0 PIOc_sync Exit - MemInfo: [malloc] Top-most, releasable space:                   134144 Byte
20220314 014613.524 INFO             PET0 PIOc_sync Exit - MemInfo: [malloc] Total space in use, mmap + non-mmap:        13510256 Byte
20220314 014613.524 INFO             PET0 PIOc_sync Exit - MemInfo: [malloc] Total space held (mmap + non-mmap):         21995520 Byte
20220314 014613.524 INFO             PET0 PIOc_sync Exit - MemInfo: [malloc] Total space used (mmap + non-mmap):         13518464 Byte
20220314 014613.524 INFO             PET0 PIOc_sync Exit - MemInfo: Wall-clock time since execution start:               0.019773 seconds
20220314 014613.524 INFO             PET0 PIOc_freedecomp Enter - MemInfo: [/proc/meminfo - SSI]	MemTotal:       527077124 kB
20220314 014613.524 INFO             PET0 PIOc_freedecomp Enter - MemInfo: [/proc/meminfo - SSI]	MemFree:        518036212 kB
20220314 014613.524 INFO             PET0 PIOc_freedecomp Enter - MemInfo: [/proc/meminfo - SSI]	MemAvailable:   517773480 kB
20220314 014613.524 INFO             PET0 PIOc_freedecomp Enter - MemInfo: [/proc/meminfo - SSI]	Committed_AS:    1706640 kB
20220314 014613.524 INFO             PET0 PIOc_freedecomp Enter - MemInfo: [/proc/meminfo - SSI]	CommittedPercent: 0.323793 %
20220314 014613.524 INFO             PET0 PIOc_freedecomp Enter - MemInfo: [/proc/self/status]	VmPeak:	  176344 kB
20220314 014613.524 INFO             PET0 PIOc_freedecomp Enter - MemInfo: [/proc/self/status]	VmSize:	  176344 kB
20220314 014613.524 INFO             PET0 PIOc_freedecomp Enter - MemInfo: [/proc/self/status]	VmLck:	       0 kB
20220314 014613.524 INFO             PET0 PIOc_freedecomp Enter - MemInfo: [/proc/self/status]	VmPin:	       0 kB
20220314 014613.524 INFO             PET0 PIOc_freedecomp Enter - MemInfo: [/proc/self/status]	VmHWM:	   43004 kB
20220314 014613.524 INFO             PET0 PIOc_freedecomp Enter - MemInfo: [/proc/self/status]	VmRSS:	   43004 kB
20220314 014613.524 INFO             PET0 PIOc_freedecomp Enter - MemInfo: [/proc/self/status]	VmData:	   25184 kB
20220314 014613.524 INFO             PET0 PIOc_freedecomp Enter - MemInfo: [/proc/self/status]	VmStk:	     156 kB
20220314 014613.524 INFO             PET0 PIOc_freedecomp Enter - MemInfo: [/proc/self/status]	VmExe:	     272 kB
20220314 014613.524 INFO             PET0 PIOc_freedecomp Enter - MemInfo: [/proc/self/status]	VmLib:	   77104 kB
20220314 014613.524 INFO             PET0 PIOc_freedecomp Enter - MemInfo: [/proc/self/status]	VmPTE:	     356 kB
20220314 014613.524 INFO             PET0 PIOc_freedecomp Enter - MemInfo: [/proc/self/status]	VmSwap:	       0 kB
20220314 014613.524 INFO             PET0 PIOc_freedecomp Enter - MemInfo: [/proc/self/status]	VmRSSPercent: 0.00815896 %
20220314 014613.524 INFO             PET0 PIOc_freedecomp Enter - MemInfo: [malloc] Non-mmapped space allocated:                18366464 Byte
20220314 014613.524 INFO             PET0 PIOc_freedecomp Enter - MemInfo: [malloc] Space allocated in mmapped regions:          3629056 Byte
20220314 014613.524 INFO             PET0 PIOc_freedecomp Enter - MemInfo: [malloc] Maximum total allocated space:                     0 Byte
20220314 014613.524 INFO             PET0 PIOc_freedecomp Enter - MemInfo: [malloc] Space in freed fastbin blocks:                   144 Byte
20220314 014613.524 INFO             PET0 PIOc_freedecomp Enter - MemInfo: [malloc] Total allocated space:                        956464 Byte
20220314 014613.524 INFO             PET0 PIOc_freedecomp Enter - MemInfo: [malloc] Total free space:                           17410000 Byte
20220314 014613.524 INFO             PET0 PIOc_freedecomp Enter - MemInfo: [malloc] Top-most, releasable space:                  8522768 Byte
20220314 014613.524 INFO             PET0 PIOc_freedecomp Enter - MemInfo: [malloc] Total space in use, mmap + non-mmap:         4585520 Byte
20220314 014613.524 INFO             PET0 PIOc_freedecomp Enter - MemInfo: [malloc] Total space held (mmap + non-mmap):         21995520 Byte
20220314 014613.524 INFO             PET0 PIOc_freedecomp Enter - MemInfo: [malloc] Total space used (mmap + non-mmap):          4593728 Byte
20220314 014613.524 INFO             PET0 PIOc_freedecomp Enter - MemInfo: Wall-clock time since execution start:              0.0200648 seconds
20220314 014613.524 INFO             PET0 PIOc_freedecomp Exit - MemInfo: [/proc/meminfo - SSI]	MemTotal:       527077124 kB
20220314 014613.524 INFO             PET0 PIOc_freedecomp Exit - MemInfo: [/proc/meminfo - SSI]	MemFree:        518036212 kB
20220314 014613.524 INFO             PET0 PIOc_freedecomp Exit - MemInfo: [/proc/meminfo - SSI]	MemAvailable:   517773480 kB
20220314 014613.524 INFO             PET0 PIOc_freedecomp Exit - MemInfo: [/proc/meminfo - SSI]	Committed_AS:    1706640 kB
20220314 014613.524 INFO             PET0 PIOc_freedecomp Exit - MemInfo: [/proc/meminfo - SSI]	CommittedPercent: 0.323793 %
20220314 014613.524 INFO             PET0 PIOc_freedecomp Exit - MemInfo: [/proc/self/status]	VmPeak:	  176344 kB
20220314 014613.524 INFO             PET0 PIOc_freedecomp Exit - MemInfo: [/proc/self/status]	VmSize:	  176344 kB
20220314 014613.524 INFO             PET0 PIOc_freedecomp Exit - MemInfo: [/proc/self/status]	VmLck:	       0 kB
20220314 014613.524 INFO             PET0 PIOc_freedecomp Exit - MemInfo: [/proc/self/status]	VmPin:	       0 kB
20220314 014613.524 INFO             PET0 PIOc_freedecomp Exit - MemInfo: [/proc/self/status]	VmHWM:	   43004 kB
20220314 014613.524 INFO             PET0 PIOc_freedecomp Exit - MemInfo: [/proc/self/status]	VmRSS:	   43004 kB
20220314 014613.524 INFO             PET0 PIOc_freedecomp Exit - MemInfo: [/proc/self/status]	VmData:	   25184 kB
20220314 014613.524 INFO             PET0 PIOc_freedecomp Exit - MemInfo: [/proc/self/status]	VmStk:	     156 kB
20220314 014613.524 INFO             PET0 PIOc_freedecomp Exit - MemInfo: [/proc/self/status]	VmExe:	     272 kB
20220314 014613.524 INFO             PET0 PIOc_freedecomp Exit - MemInfo: [/proc/self/status]	VmLib:	   77104 kB
20220314 014613.524 INFO             PET0 PIOc_freedecomp Exit - MemInfo: [/proc/self/status]	VmPTE:	     356 kB
20220314 014613.524 INFO             PET0 PIOc_freedecomp Exit - MemInfo: [/proc/self/status]	VmSwap:	       0 kB
20220314 014613.524 INFO             PET0 PIOc_freedecomp Exit - MemInfo: [/proc/self/status]	VmRSSPercent: 0.00815896 %
20220314 014613.524 INFO             PET0 PIOc_freedecomp Exit - MemInfo: [malloc] Non-mmapped space allocated:                18366464 Byte
20220314 014613.524 INFO             PET0 PIOc_freedecomp Exit - MemInfo: [malloc] Space allocated in mmapped regions:          3629056 Byte
20220314 014613.524 INFO             PET0 PIOc_freedecomp Exit - MemInfo: [malloc] Maximum total allocated space:                     0 Byte
20220314 014613.524 INFO             PET0 PIOc_freedecomp Exit - MemInfo: [malloc] Space in freed fastbin blocks:                   448 Byte
20220314 014613.524 INFO             PET0 PIOc_freedecomp Exit - MemInfo: [malloc] Total allocated space:                        948704 Byte
20220314 014613.524 INFO             PET0 PIOc_freedecomp Exit - MemInfo: [malloc] Total free space:                           17417760 Byte
20220314 014613.524 INFO             PET0 PIOc_freedecomp Exit - MemInfo: [malloc] Top-most, releasable space:                  8522768 Byte
20220314 014613.524 INFO             PET0 PIOc_freedecomp Exit - MemInfo: [malloc] Total space in use, mmap + non-mmap:         4577760 Byte
20220314 014613.524 INFO             PET0 PIOc_freedecomp Exit - MemInfo: [malloc] Total space held (mmap + non-mmap):         21995520 Byte
20220314 014613.524 INFO             PET0 PIOc_freedecomp Exit - MemInfo: [malloc] Total space used (mmap + non-mmap):          4585968 Byte
20220314 014613.524 INFO             PET0 PIOc_freedecomp Exit - MemInfo: Wall-clock time since execution start:              0.0202453 seconds
20220314 014613.524 INFO             PET0  PASS  Write Field to NetCDF file, ESMF_FieldIOUTest.F90, line 348
20220314 014613.525 INFO             PET0  PASS  Confirm NetCDF metadata - open file, ESMF_FieldIOUTest.F90, line 359
20220314 014613.525 INFO             PET0  PASS  Confirm NetCDF metadata - check dim 1, ESMF_FieldIOUTest.F90, line 369
20220314 014613.525 INFO             PET0  PASS  Confirm NetCDF metadata - check dim 1 len, ESMF_FieldIOUTest.F90, line 379
20220314 014613.525 INFO             PET0  PASS  Confirm NetCDF metadata - check dim 2, ESMF_FieldIOUTest.F90, line 389
20220314 014613.525 INFO             PET0  PASS  Confirm NetCDF metadata - check dim 2 len, ESMF_FieldIOUTest.F90, line 399
20220314 014613.525 INFO             PET0  PASS  Confirm NetCDF metadata - variable exists, ESMF_FieldIOUTest.F90, line 409
20220314 014613.525 INFO             PET0  PASS  Confirm NetCDF metadata - variable has expected dims, ESMF_FieldIOUTest.F90, line 420
20220314 014613.525 INFO             PET0  PASS  Confirm NetCDF data - check data for field, ESMF_FieldIOUTest.F90, line 445
20220314 014613.525 INFO             PET0  PASS  Confirm NetCDF data - close file, ESMF_FieldIOUTest.F90, line 456
20220314 014613.529 INFO             PET0 PIOc_sync Enter - MemInfo: [/proc/meminfo - SSI]	MemTotal:       527077124 kB
20220314 014613.529 INFO             PET0 PIOc_sync Enter - MemInfo: [/proc/meminfo - SSI]	MemFree:        518031660 kB
20220314 014613.529 INFO             PET0 PIOc_sync Enter - MemInfo: [/proc/meminfo - SSI]	MemAvailable:   517768976 kB
20220314 014613.529 INFO             PET0 PIOc_sync Enter - MemInfo: [/proc/meminfo - SSI]	Committed_AS:    1707432 kB
20220314 014613.529 INFO             PET0 PIOc_sync Enter - MemInfo: [/proc/meminfo - SSI]	CommittedPercent: 0.323943 %
20220314 014613.529 INFO             PET0 PIOc_sync Enter - MemInfo: [/proc/self/status]	VmPeak:	  176344 kB
20220314 014613.529 INFO             PET0 PIOc_sync Enter - MemInfo: [/proc/self/status]	VmSize:	  176344 kB
20220314 014613.529 INFO             PET0 PIOc_sync Enter - MemInfo: [/proc/self/status]	VmLck:	       0 kB
20220314 014613.529 INFO             PET0 PIOc_sync Enter - MemInfo: [/proc/self/status]	VmPin:	       0 kB
20220314 014613.529 INFO             PET0 PIOc_sync Enter - MemInfo: [/proc/self/status]	VmHWM:	   43148 kB
20220314 014613.529 INFO             PET0 PIOc_sync Enter - MemInfo: [/proc/self/status]	VmRSS:	   43124 kB
20220314 014613.529 INFO             PET0 PIOc_sync Enter - MemInfo: [/proc/self/status]	VmData:	   25184 kB
20220314 014613.529 INFO             PET0 PIOc_sync Enter - MemInfo: [/proc/self/status]	VmStk:	     156 kB
20220314 014613.529 INFO             PET0 PIOc_sync Enter - MemInfo: [/proc/self/status]	VmExe:	     272 kB
20220314 014613.529 INFO             PET0 PIOc_sync Enter - MemInfo: [/proc/self/status]	VmLib:	   77104 kB
20220314 014613.529 INFO             PET0 PIOc_sync Enter - MemInfo: [/proc/self/status]	VmPTE:	     360 kB
20220314 014613.529 INFO             PET0 PIOc_sync Enter - MemInfo: [/proc/self/status]	VmSwap:	       0 kB
20220314 014613.529 INFO             PET0 PIOc_sync Enter - MemInfo: [/proc/self/status]	VmRSSPercent: 0.00818172 %
20220314 014613.529 INFO             PET0 PIOc_sync Enter - MemInfo: [malloc] Non-mmapped space allocated:                18366464 Byte
20220314 014613.529 INFO             PET0 PIOc_sync Enter - MemInfo: [malloc] Space allocated in mmapped regions:          3629056 Byte
20220314 014613.529 INFO             PET0 PIOc_sync Enter - MemInfo: [malloc] Maximum total allocated space:                     0 Byte
20220314 014613.529 INFO             PET0 PIOc_sync Enter - MemInfo: [malloc] Space in freed fastbin blocks:                     0 Byte
20220314 014613.529 INFO             PET0 PIOc_sync Enter - MemInfo: [malloc] Total allocated space:                       9883520 Byte
20220314 014613.529 INFO             PET0 PIOc_sync Enter - MemInfo: [malloc] Total free space:                            8482944 Byte
20220314 014613.529 INFO             PET0 PIOc_sync Enter - MemInfo: [malloc] Top-most, releasable space:                   134144 Byte
20220314 014613.529 INFO             PET0 PIOc_sync Enter - MemInfo: [malloc] Total space in use, mmap + non-mmap:        13512576 Byte
20220314 014613.529 INFO             PET0 PIOc_sync Enter - MemInfo: [malloc] Total space held (mmap + non-mmap):         21995520 Byte
20220314 014613.529 INFO             PET0 PIOc_sync Enter - MemInfo: [malloc] Total space used (mmap + non-mmap):         13520784 Byte
20220314 014613.529 INFO             PET0 PIOc_sync Enter - MemInfo: Wall-clock time since execution start:              0.0251579 seconds
20220314 014613.529 INFO             PET0 PIOc_sync Exit - MemInfo: [/proc/meminfo - SSI]	MemTotal:       527077124 kB
20220314 014613.529 INFO             PET0 PIOc_sync Exit - MemInfo: [/proc/meminfo - SSI]	MemFree:        518031660 kB
20220314 014613.529 INFO             PET0 PIOc_sync Exit - MemInfo: [/proc/meminfo - SSI]	MemAvailable:   517768976 kB
20220314 014613.529 INFO             PET0 PIOc_sync Exit - MemInfo: [/proc/meminfo - SSI]	Committed_AS:    1707432 kB
20220314 014613.529 INFO             PET0 PIOc_sync Exit - MemInfo: [/proc/meminfo - SSI]	CommittedPercent: 0.323943 %
20220314 014613.529 INFO             PET0 PIOc_sync Exit - MemInfo: [/proc/self/status]	VmPeak:	  176344 kB
20220314 014613.529 INFO             PET0 PIOc_sync Exit - MemInfo: [/proc/self/status]	VmSize:	  176344 kB
20220314 014613.529 INFO             PET0 PIOc_sync Exit - MemInfo: [/proc/self/status]	VmLck:	       0 kB
20220314 014613.529 INFO             PET0 PIOc_sync Exit - MemInfo: [/proc/self/status]	VmPin:	       0 kB
20220314 014613.529 INFO             PET0 PIOc_sync Exit - MemInfo: [/proc/self/status]	VmHWM:	   43148 kB
20220314 014613.529 INFO             PET0 PIOc_sync Exit - MemInfo: [/proc/self/status]	VmRSS:	   43124 kB
20220314 014613.529 INFO             PET0 PIOc_sync Exit - MemInfo: [/proc/self/status]	VmData:	   25184 kB
20220314 014613.529 INFO             PET0 PIOc_sync Exit - MemInfo: [/proc/self/status]	VmStk:	     156 kB
20220314 014613.529 INFO             PET0 PIOc_sync Exit - MemInfo: [/proc/self/status]	VmExe:	     272 kB
20220314 014613.529 INFO             PET0 PIOc_sync Exit - MemInfo: [/proc/self/status]	VmLib:	   77104 kB
20220314 014613.529 INFO             PET0 PIOc_sync Exit - MemInfo: [/proc/self/status]	VmPTE:	     360 kB
20220314 014613.529 INFO             PET0 PIOc_sync Exit - MemInfo: [/proc/self/status]	VmSwap:	       0 kB
20220314 014613.529 INFO             PET0 PIOc_sync Exit - MemInfo: [/proc/self/status]	VmRSSPercent: 0.00818172 %
20220314 014613.529 INFO             PET0 PIOc_sync Exit - MemInfo: [malloc] Non-mmapped space allocated:                18366464 Byte
20220314 014613.529 INFO             PET0 PIOc_sync Exit - MemInfo: [malloc] Space allocated in mmapped regions:          3629056 Byte
20220314 014613.529 INFO             PET0 PIOc_sync Exit - MemInfo: [malloc] Maximum total allocated space:                     0 Byte
20220314 014613.529 INFO             PET0 PIOc_sync Exit - MemInfo: [malloc] Space in freed fastbin blocks:                     0 Byte
20220314 014613.529 INFO             PET0 PIOc_sync Exit - MemInfo: [malloc] Total allocated space:                       9884208 Byte
20220314 014613.529 INFO             PET0 PIOc_sync Exit - MemInfo: [malloc] Total free space:                            8482256 Byte
20220314 014613.529 INFO             PET0 PIOc_sync Exit - MemInfo: [malloc] Top-most, releasable space:                   134144 Byte
20220314 014613.529 INFO             PET0 PIOc_sync Exit - MemInfo: [malloc] Total space in use, mmap + non-mmap:        13513264 Byte
20220314 014613.529 INFO             PET0 PIOc_sync Exit - MemInfo: [malloc] Total space held (mmap + non-mmap):         21995520 Byte
20220314 014613.529 INFO             PET0 PIOc_sync Exit - MemInfo: [malloc] Total space used (mmap + non-mmap):         13521472 Byte
20220314 014613.529 INFO             PET0 PIOc_sync Exit - MemInfo: Wall-clock time since execution start:              0.0254221 seconds
20220314 014613.530 INFO             PET0 PIOc_freedecomp Enter - MemInfo: [/proc/meminfo - SSI]	MemTotal:       527077124 kB
20220314 014613.530 INFO             PET0 PIOc_freedecomp Enter - MemInfo: [/proc/meminfo - SSI]	MemFree:        518032148 kB
20220314 014613.530 INFO             PET0 PIOc_freedecomp Enter - MemInfo: [/proc/meminfo - SSI]	MemAvailable:   517769480 kB
20220314 014613.530 INFO             PET0 PIOc_freedecomp Enter - MemInfo: [/proc/meminfo - SSI]	Committed_AS:    1707432 kB
20220314 014613.530 INFO             PET0 PIOc_freedecomp Enter - MemInfo: [/proc/meminfo - SSI]	CommittedPercent: 0.323943 %
20220314 014613.530 INFO             PET0 PIOc_freedecomp Enter - MemInfo: [/proc/self/status]	VmPeak:	  176344 kB
20220314 014613.530 INFO             PET0 PIOc_freedecomp Enter - MemInfo: [/proc/self/status]	VmSize:	  176344 kB
20220314 014613.530 INFO             PET0 PIOc_freedecomp Enter - MemInfo: [/proc/self/status]	VmLck:	       0 kB
20220314 014613.530 INFO             PET0 PIOc_freedecomp Enter - MemInfo: [/proc/self/status]	VmPin:	       0 kB
20220314 014613.530 INFO             PET0 PIOc_freedecomp Enter - MemInfo: [/proc/self/status]	VmHWM:	   43148 kB
20220314 014613.530 INFO             PET0 PIOc_freedecomp Enter - MemInfo: [/proc/self/status]	VmRSS:	   43124 kB
20220314 014613.530 INFO             PET0 PIOc_freedecomp Enter - MemInfo: [/proc/self/status]	VmData:	   25184 kB
20220314 014613.530 INFO             PET0 PIOc_freedecomp Enter - MemInfo: [/proc/self/status]	VmStk:	     156 kB
20220314 014613.530 INFO             PET0 PIOc_freedecomp Enter - MemInfo: [/proc/self/status]	VmExe:	     272 kB
20220314 014613.530 INFO             PET0 PIOc_freedecomp Enter - MemInfo: [/proc/self/status]	VmLib:	   77104 kB
20220314 014613.530 INFO             PET0 PIOc_freedecomp Enter - MemInfo: [/proc/self/status]	VmPTE:	     360 kB
20220314 014613.530 INFO             PET0 PIOc_freedecomp Enter - MemInfo: [/proc/self/status]	VmSwap:	       0 kB
20220314 014613.530 INFO             PET0 PIOc_freedecomp Enter - MemInfo: [/proc/self/status]	VmRSSPercent: 0.00818172 %
20220314 014613.530 INFO             PET0 PIOc_freedecomp Enter - MemInfo: [malloc] Non-mmapped space allocated:                18366464 Byte
20220314 014613.530 INFO             PET0 PIOc_freedecomp Enter - MemInfo: [malloc] Space allocated in mmapped regions:          3629056 Byte
20220314 014613.530 INFO             PET0 PIOc_freedecomp Enter - MemInfo: [malloc] Maximum total allocated space:                     0 Byte
20220314 014613.530 INFO             PET0 PIOc_freedecomp Enter - MemInfo: [malloc] Space in freed fastbin blocks:                   144 Byte
20220314 014613.530 INFO             PET0 PIOc_freedecomp Enter - MemInfo: [malloc] Total allocated space:                        958688 Byte
20220314 014613.530 INFO             PET0 PIOc_freedecomp Enter - MemInfo: [malloc] Total free space:                           17407776 Byte
20220314 014613.530 INFO             PET0 PIOc_freedecomp Enter - MemInfo: [malloc] Top-most, releasable space:                  8522768 Byte
20220314 014613.530 INFO             PET0 PIOc_freedecomp Enter - MemInfo: [malloc] Total space in use, mmap + non-mmap:         4587744 Byte
20220314 014613.530 INFO             PET0 PIOc_freedecomp Enter - MemInfo: [malloc] Total space held (mmap + non-mmap):         21995520 Byte
20220314 014613.530 INFO             PET0 PIOc_freedecomp Enter - MemInfo: [malloc] Total space used (mmap + non-mmap):          4595952 Byte
20220314 014613.530 INFO             PET0 PIOc_freedecomp Enter - MemInfo: Wall-clock time since execution start:              0.0257228 seconds
20220314 014613.530 INFO             PET0 PIOc_freedecomp Exit - MemInfo: [/proc/meminfo - SSI]	MemTotal:       527077124 kB
20220314 014613.530 INFO             PET0 PIOc_freedecomp Exit - MemInfo: [/proc/meminfo - SSI]	MemFree:        518032148 kB
20220314 014613.530 INFO             PET0 PIOc_freedecomp Exit - MemInfo: [/proc/meminfo - SSI]	MemAvailable:   517769480 kB
20220314 014613.530 INFO             PET0 PIOc_freedecomp Exit - MemInfo: [/proc/meminfo - SSI]	Committed_AS:    1707432 kB
20220314 014613.530 INFO             PET0 PIOc_freedecomp Exit - MemInfo: [/proc/meminfo - SSI]	CommittedPercent: 0.323943 %
20220314 014613.530 INFO             PET0 PIOc_freedecomp Exit - MemInfo: [/proc/self/status]	VmPeak:	  176344 kB
20220314 014613.530 INFO             PET0 PIOc_freedecomp Exit - MemInfo: [/proc/self/status]	VmSize:	  176344 kB
20220314 014613.530 INFO             PET0 PIOc_freedecomp Exit - MemInfo: [/proc/self/status]	VmLck:	       0 kB
20220314 014613.530 INFO             PET0 PIOc_freedecomp Exit - MemInfo: [/proc/self/status]	VmPin:	       0 kB
20220314 014613.530 INFO             PET0 PIOc_freedecomp Exit - MemInfo: [/proc/self/status]	VmHWM:	   43148 kB
20220314 014613.530 INFO             PET0 PIOc_freedecomp Exit - MemInfo: [/proc/self/status]	VmRSS:	   43124 kB
20220314 014613.530 INFO             PET0 PIOc_freedecomp Exit - MemInfo: [/proc/self/status]	VmData:	   25184 kB
20220314 014613.530 INFO             PET0 PIOc_freedecomp Exit - MemInfo: [/proc/self/status]	VmStk:	     156 kB
20220314 014613.530 INFO             PET0 PIOc_freedecomp Exit - MemInfo: [/proc/self/status]	VmExe:	     272 kB
20220314 014613.530 INFO             PET0 PIOc_freedecomp Exit - MemInfo: [/proc/self/status]	VmLib:	   77104 kB
20220314 014613.530 INFO             PET0 PIOc_freedecomp Exit - MemInfo: [/proc/self/status]	VmPTE:	     360 kB
20220314 014613.530 INFO             PET0 PIOc_freedecomp Exit - MemInfo: [/proc/self/status]	VmSwap:	       0 kB
20220314 014613.530 INFO             PET0 PIOc_freedecomp Exit - MemInfo: [/proc/self/status]	VmRSSPercent: 0.00818172 %
20220314 014613.530 INFO             PET0 PIOc_freedecomp Exit - MemInfo: [malloc] Non-mmapped space allocated:                18366464 Byte
20220314 014613.530 INFO             PET0 PIOc_freedecomp Exit - MemInfo: [malloc] Space allocated in mmapped regions:          3629056 Byte
20220314 014613.530 INFO             PET0 PIOc_freedecomp Exit - MemInfo: [malloc] Maximum total allocated space:                     0 Byte
20220314 014613.530 INFO             PET0 PIOc_freedecomp Exit - MemInfo: [malloc] Space in freed fastbin blocks:                   704 Byte
20220314 014613.530 INFO             PET0 PIOc_freedecomp Exit - MemInfo: [malloc] Total allocated space:                        955664 Byte
20220314 014613.530 INFO             PET0 PIOc_freedecomp Exit - MemInfo: [malloc] Total free space:                           17410800 Byte
20220314 014613.530 INFO             PET0 PIOc_freedecomp Exit - MemInfo: [malloc] Top-most, releasable space:                  8522768 Byte
20220314 014613.530 INFO             PET0 PIOc_freedecomp Exit - MemInfo: [malloc] Total space in use, mmap + non-mmap:         4584720 Byte
20220314 014613.530 INFO             PET0 PIOc_freedecomp Exit - MemInfo: [malloc] Total space held (mmap + non-mmap):         21995520 Byte
20220314 014613.530 INFO             PET0 PIOc_freedecomp Exit - MemInfo: [malloc] Total space used (mmap + non-mmap):          4592928 Byte
20220314 014613.530 INFO             PET0 PIOc_freedecomp Exit - MemInfo: Wall-clock time since execution start:              0.0259069 seconds
20220314 014613.532 INFO             PET0 PIOc_sync Enter - MemInfo: [/proc/meminfo - SSI]	MemTotal:       527077124 kB
20220314 014613.532 INFO             PET0 PIOc_sync Enter - MemInfo: [/proc/meminfo - SSI]	MemFree:        518031896 kB
20220314 014613.532 INFO             PET0 PIOc_sync Enter - MemInfo: [/proc/meminfo - SSI]	MemAvailable:   517769228 kB
20220314 014613.532 INFO             PET0 PIOc_sync Enter - MemInfo: [/proc/meminfo - SSI]	Committed_AS:    1707432 kB
20220314 014613.532 INFO             PET0 PIOc_sync Enter - MemInfo: [/proc/meminfo - SSI]	CommittedPercent: 0.323943 %
20220314 014613.532 INFO             PET0 PIOc_sync Enter - MemInfo: [/proc/self/status]	VmPeak:	  176344 kB
20220314 014613.532 INFO             PET0 PIOc_sync Enter - MemInfo: [/proc/self/status]	VmSize:	  176344 kB
20220314 014613.532 INFO             PET0 PIOc_sync Enter - MemInfo: [/proc/self/status]	VmLck:	       0 kB
20220314 014613.532 INFO             PET0 PIOc_sync Enter - MemInfo: [/proc/self/status]	VmPin:	       0 kB
20220314 014613.532 INFO             PET0 PIOc_sync Enter - MemInfo: [/proc/self/status]	VmHWM:	   43460 kB
20220314 014613.532 INFO             PET0 PIOc_sync Enter - MemInfo: [/proc/self/status]	VmRSS:	   43436 kB
20220314 014613.532 INFO             PET0 PIOc_sync Enter - MemInfo: [/proc/self/status]	VmData:	   25184 kB
20220314 014613.532 INFO             PET0 PIOc_sync Enter - MemInfo: [/proc/self/status]	VmStk:	     156 kB
20220314 014613.532 INFO             PET0 PIOc_sync Enter - MemInfo: [/proc/self/status]	VmExe:	     272 kB
20220314 014613.532 INFO             PET0 PIOc_sync Enter - MemInfo: [/proc/self/status]	VmLib:	   77104 kB
20220314 014613.532 INFO             PET0 PIOc_sync Enter - MemInfo: [/proc/self/status]	VmPTE:	     360 kB
20220314 014613.532 INFO             PET0 PIOc_sync Enter - MemInfo: [/proc/self/status]	VmSwap:	       0 kB
20220314 014613.532 INFO             PET0 PIOc_sync Enter - MemInfo: [/proc/self/status]	VmRSSPercent: 0.00824092 %
20220314 014613.532 INFO             PET0 PIOc_sync Enter - MemInfo: [malloc] Non-mmapped space allocated:                18366464 Byte
20220314 014613.532 INFO             PET0 PIOc_sync Enter - MemInfo: [malloc] Space allocated in mmapped regions:          3629056 Byte
20220314 014613.532 INFO             PET0 PIOc_sync Enter - MemInfo: [malloc] Maximum total allocated space:                     0 Byte
20220314 014613.532 INFO             PET0 PIOc_sync Enter - MemInfo: [malloc] Space in freed fastbin blocks:                     0 Byte
20220314 014613.532 INFO             PET0 PIOc_sync Enter - MemInfo: [malloc] Total allocated space:                       9890256 Byte
20220314 014613.532 INFO             PET0 PIOc_sync Enter - MemInfo: [malloc] Total free space:                            8476208 Byte
20220314 014613.532 INFO             PET0 PIOc_sync Enter - MemInfo: [malloc] Top-most, releasable space:                   134144 Byte
20220314 014613.532 INFO             PET0 PIOc_sync Enter - MemInfo: [malloc] Total space in use, mmap + non-mmap:        13519312 Byte
20220314 014613.532 INFO             PET0 PIOc_sync Enter - MemInfo: [malloc] Total space held (mmap + non-mmap):         21995520 Byte
20220314 014613.532 INFO             PET0 PIOc_sync Enter - MemInfo: [malloc] Total space used (mmap + non-mmap):         13527520 Byte
20220314 014613.532 INFO             PET0 PIOc_sync Enter - MemInfo: Wall-clock time since execution start:              0.0277832 seconds
20220314 014613.532 INFO             PET0 PIOc_sync Exit - MemInfo: [/proc/meminfo - SSI]	MemTotal:       527077124 kB
20220314 014613.532 INFO             PET0 PIOc_sync Exit - MemInfo: [/proc/meminfo - SSI]	MemFree:        518031896 kB
20220314 014613.532 INFO             PET0 PIOc_sync Exit - MemInfo: [/proc/meminfo - SSI]	MemAvailable:   517769228 kB
20220314 014613.532 INFO             PET0 PIOc_sync Exit - MemInfo: [/proc/meminfo - SSI]	Committed_AS:    1707432 kB
20220314 014613.532 INFO             PET0 PIOc_sync Exit - MemInfo: [/proc/meminfo - SSI]	CommittedPercent: 0.323943 %
20220314 014613.532 INFO             PET0 PIOc_sync Exit - MemInfo: [/proc/self/status]	VmPeak:	  176344 kB
20220314 014613.532 INFO             PET0 PIOc_sync Exit - MemInfo: [/proc/self/status]	VmSize:	  176344 kB
20220314 014613.532 INFO             PET0 PIOc_sync Exit - MemInfo: [/proc/self/status]	VmLck:	       0 kB
20220314 014613.532 INFO             PET0 PIOc_sync Exit - MemInfo: [/proc/self/status]	VmPin:	       0 kB
20220314 014613.532 INFO             PET0 PIOc_sync Exit - MemInfo: [/proc/self/status]	VmHWM:	   43460 kB
20220314 014613.532 INFO             PET0 PIOc_sync Exit - MemInfo: [/proc/self/status]	VmRSS:	   43436 kB
20220314 014613.532 INFO             PET0 PIOc_sync Exit - MemInfo: [/proc/self/status]	VmData:	   25184 kB
20220314 014613.532 INFO             PET0 PIOc_sync Exit - MemInfo: [/proc/self/status]	VmStk:	     156 kB
20220314 014613.532 INFO             PET0 PIOc_sync Exit - MemInfo: [/proc/self/status]	VmExe:	     272 kB
20220314 014613.532 INFO             PET0 PIOc_sync Exit - MemInfo: [/proc/self/status]	VmLib:	   77104 kB
20220314 014613.532 INFO             PET0 PIOc_sync Exit - MemInfo: [/proc/self/status]	VmPTE:	     360 kB
20220314 014613.532 INFO             PET0 PIOc_sync Exit - MemInfo: [/proc/self/status]	VmSwap:	       0 kB
20220314 014613.532 INFO             PET0 PIOc_sync Exit - MemInfo: [/proc/self/status]	VmRSSPercent: 0.00824092 %
20220314 014613.532 INFO             PET0 PIOc_sync Exit - MemInfo: [malloc] Non-mmapped space allocated:                18366464 Byte
20220314 014613.532 INFO             PET0 PIOc_sync Exit - MemInfo: [malloc] Space allocated in mmapped regions:          3629056 Byte
20220314 014613.532 INFO             PET0 PIOc_sync Exit - MemInfo: [malloc] Maximum total allocated space:                     0 Byte
20220314 014613.532 INFO             PET0 PIOc_sync Exit - MemInfo: [malloc] Space in freed fastbin blocks:                     0 Byte
20220314 014613.532 INFO             PET0 PIOc_sync Exit - MemInfo: [malloc] Total allocated space:                       9890528 Byte
20220314 014613.532 INFO             PET0 PIOc_sync Exit - MemInfo: [malloc] Total free space:                            8475936 Byte
20220314 014613.532 INFO             PET0 PIOc_sync Exit - MemInfo: [malloc] Top-most, releasable space:                   134144 Byte
20220314 014613.532 INFO             PET0 PIOc_sync Exit - MemInfo: [malloc] Total space in use, mmap + non-mmap:        13519584 Byte
20220314 014613.532 INFO             PET0 PIOc_sync Exit - MemInfo: [malloc] Total space held (mmap + non-mmap):         21995520 Byte
20220314 014613.532 INFO             PET0 PIOc_sync Exit - MemInfo: [malloc] Total space used (mmap + non-mmap):         13527792 Byte
20220314 014613.532 INFO             PET0 PIOc_sync Exit - MemInfo: Wall-clock time since execution start:              0.0280245 seconds
20220314 014613.532 INFO             PET0 PIOc_freedecomp Enter - MemInfo: [/proc/meminfo - SSI]	MemTotal:       527077124 kB
20220314 014613.532 INFO             PET0 PIOc_freedecomp Enter - MemInfo: [/proc/meminfo - SSI]	MemFree:        518031896 kB
20220314 014613.532 INFO             PET0 PIOc_freedecomp Enter - MemInfo: [/proc/meminfo - SSI]	MemAvailable:   517769228 kB
20220314 014613.532 INFO             PET0 PIOc_freedecomp Enter - MemInfo: [/proc/meminfo - SSI]	Committed_AS:    1707432 kB
20220314 014613.532 INFO             PET0 PIOc_freedecomp Enter - MemInfo: [/proc/meminfo - SSI]	CommittedPercent: 0.323943 %
20220314 014613.532 INFO             PET0 PIOc_freedecomp Enter - MemInfo: [/proc/self/status]	VmPeak:	  176344 kB
20220314 014613.532 INFO             PET0 PIOc_freedecomp Enter - MemInfo: [/proc/self/status]	VmSize:	  176344 kB
20220314 014613.532 INFO             PET0 PIOc_freedecomp Enter - MemInfo: [/proc/self/status]	VmLck:	       0 kB
20220314 014613.532 INFO             PET0 PIOc_freedecomp Enter - MemInfo: [/proc/self/status]	VmPin:	       0 kB
20220314 014613.532 INFO             PET0 PIOc_freedecomp Enter - MemInfo: [/proc/self/status]	VmHWM:	   43460 kB
20220314 014613.532 INFO             PET0 PIOc_freedecomp Enter - MemInfo: [/proc/self/status]	VmRSS:	   43436 kB
20220314 014613.532 INFO             PET0 PIOc_freedecomp Enter - MemInfo: [/proc/self/status]	VmData:	   25184 kB
20220314 014613.532 INFO             PET0 PIOc_freedecomp Enter - MemInfo: [/proc/self/status]	VmStk:	     156 kB
20220314 014613.532 INFO             PET0 PIOc_freedecomp Enter - MemInfo: [/proc/self/status]	VmExe:	     272 kB
20220314 014613.532 INFO             PET0 PIOc_freedecomp Enter - MemInfo: [/proc/self/status]	VmLib:	   77104 kB
20220314 014613.532 INFO             PET0 PIOc_freedecomp Enter - MemInfo: [/proc/self/status]	VmPTE:	     360 kB
20220314 014613.532 INFO             PET0 PIOc_freedecomp Enter - MemInfo: [/proc/self/status]	VmSwap:	       0 kB
20220314 014613.532 INFO             PET0 PIOc_freedecomp Enter - MemInfo: [/proc/self/status]	VmRSSPercent: 0.00824092 %
20220314 014613.532 INFO             PET0 PIOc_freedecomp Enter - MemInfo: [malloc] Non-mmapped space allocated:                18366464 Byte
20220314 014613.532 INFO             PET0 PIOc_freedecomp Enter - MemInfo: [malloc] Space allocated in mmapped regions:          3629056 Byte
