build time -- 2022-03-13 03:32:27
20220313 033903.385 INFO             PET0 !!!!!!!!!!!!!!!!!!!!!!!!!!!!!!!!!!!!!!!!!!!!!!!!!!!!!!
20220313 033903.385 INFO             PET0 !!! THE ESMF_LOG IS SET TO OUTPUT ALL LOG MESSAGES !!!
20220313 033903.385 INFO             PET0 !!!     THIS MAY CAUSE SLOWDOWN IN PERFORMANCE     !!!
20220313 033903.385 INFO             PET0 !!! FOR PRODUCTION RUNS, USE:                      !!!
20220313 033903.385 INFO             PET0 !!!                   ESMF_LOGKIND_Multi_On_Error  !!!
20220313 033903.385 INFO             PET0 !!!!!!!!!!!!!!!!!!!!!!!!!!!!!!!!!!!!!!!!!!!!!!!!!!!!!!
20220313 033903.385 INFO             PET0 Running with ESMF Version   : v8.3.0b09-96-g559b459836
20220313 033903.385 INFO             PET0 ESMF library build date/time: "Mar 13 2022" "03:31:26"
20220313 033903.385 INFO             PET0 ESMF library build location : /lfs/h1/emc/ptmp/Mark.Potts/gfortran_10.3.0_mpich3_O_jedwards_pio_update2
20220313 033903.385 INFO             PET0 ESMF_COMM                   : mpich3
20220313 033903.385 INFO             PET0 ESMF_MOAB                   : enabled
20220313 033903.385 INFO             PET0 ESMF_LAPACK                 : enabled
20220313 033903.385 INFO             PET0 ESMF_NETCDF                 : enabled
20220313 033903.385 INFO             PET0 ESMF_PNETCDF                : disabled
20220313 033903.385 INFO             PET0 ESMF_PIO                    : enabled
20220313 033903.385 INFO             PET0 ESMF_YAMLCPP                : enabled
20220313 033903.385 INFO             PET0  Beginning Test, file ESMF_RouteHandleAdvancedUTest.F90, line 346
20220313 033903.385 INFO             PET0  NUMBER_OF_PROCESSORS           4
20220313 033903.389 INFO             PET0 ESMF_FieldRedistStoreNF(): Just entered routine.
20220313 033903.488 INFO             PET0 ESMF_FieldRedistStoreNF(): Leaving routine.
20220313 033903.488 INFO             PET0  PASS  Create RouteHandle for the original petList, ESMF_RouteHandleAdvancedUTest.F90, line 511
20220313 033903.488 INFO             PET0  PASS  Test RouteHandleIsCreated(), ESMF_RouteHandleAdvancedUTest.F90, line 519
20220313 033903.488 INFO             PET0  PASS  Test RouteHandleIsCreated() return value, ESMF_RouteHandleAdvancedUTest.F90, line 526
20220313 033903.488 INFO             PET0  PASS  Test RouteHandleGet(), ESMF_RouteHandleAdvancedUTest.F90, line 534
20220313 033903.492 INFO             PET0  PASS  Test RouteHandleWrite(), ESMF_RouteHandleAdvancedUTest.F90, line 542
20220313 033903.492 INFO             PET0  PASS  Test RouteHandleDestroy(), ESMF_RouteHandleAdvancedUTest.F90, line 550
20220313 033903.494 INFO             PET0  PASS  Test RouteHandleCreate(from file), ESMF_RouteHandleAdvancedUTest.F90, line 558
20220313 033903.495 INFO             PET0  PASS  Apply the read in Routehandle, ESMF_RouteHandleAdvancedUTest.F90, line 567
20220313 033903.495 INFO             PET0  PASS  Test RouteHandleDestroy() for the read in Routehandle, ESMF_RouteHandleAdvancedUTest.F90, line 575
20220313 033903.495 INFO             PET0 ESMF_FieldRedistStoreNF(): Just entered routine.
20220313 033903.589 INFO             PET0 ESMF_FieldRedistStoreNF(): Leaving routine.
20220313 033903.589 INFO             PET0  PASS  Create RouteHandle for the original petList, ESMF_RouteHandleAdvancedUTest.F90, line 585
20220313 033903.589 INFO             PET0  PASS  Transfer RouteHandle to a different petList, ESMF_RouteHandleAdvancedUTest.F90, line 602
20220313 033903.595 INFO             PET0 PIOc_sync Enter - MemInfo: [/proc/meminfo - SSI]	MemTotal:       527077124 kB
20220313 033903.595 INFO             PET0 PIOc_sync Enter - MemInfo: [/proc/meminfo - SSI]	MemFree:        518449796 kB
20220313 033903.595 INFO             PET0 PIOc_sync Enter - MemInfo: [/proc/meminfo - SSI]	MemAvailable:   517918512 kB
20220313 033903.595 INFO             PET0 PIOc_sync Enter - MemInfo: [/proc/meminfo - SSI]	Committed_AS:    1733300 kB
20220313 033903.595 INFO             PET0 PIOc_sync Enter - MemInfo: [/proc/meminfo - SSI]	CommittedPercent: 0.328851 %
20220313 033903.595 INFO             PET0 PIOc_sync Enter - MemInfo: [/proc/self/status]	VmPeak:	  180508 kB
20220313 033903.595 INFO             PET0 PIOc_sync Enter - MemInfo: [/proc/self/status]	VmSize:	  180508 kB
20220313 033903.595 INFO             PET0 PIOc_sync Enter - MemInfo: [/proc/self/status]	VmLck:	       0 kB
20220313 033903.595 INFO             PET0 PIOc_sync Enter - MemInfo: [/proc/self/status]	VmPin:	       0 kB
20220313 033903.595 INFO             PET0 PIOc_sync Enter - MemInfo: [/proc/self/status]	VmHWM:	   42152 kB
20220313 033903.595 INFO             PET0 PIOc_sync Enter - MemInfo: [/proc/self/status]	VmRSS:	   42152 kB
20220313 033903.595 INFO             PET0 PIOc_sync Enter - MemInfo: [/proc/self/status]	VmData:	   29400 kB
20220313 033903.595 INFO             PET0 PIOc_sync Enter - MemInfo: [/proc/self/status]	VmStk:	     156 kB
20220313 033903.595 INFO             PET0 PIOc_sync Enter - MemInfo: [/proc/self/status]	VmExe:	     220 kB
20220313 033903.595 INFO             PET0 PIOc_sync Enter - MemInfo: [/proc/self/status]	VmLib:	   77104 kB
20220313 033903.595 INFO             PET0 PIOc_sync Enter - MemInfo: [/proc/self/status]	VmPTE:	     360 kB
20220313 033903.595 INFO             PET0 PIOc_sync Enter - MemInfo: [/proc/self/status]	VmSwap:	       0 kB
20220313 033903.595 INFO             PET0 PIOc_sync Enter - MemInfo: [/proc/self/status]	VmRSSPercent: 0.00799731 %
20220313 033903.595 INFO             PET0 PIOc_sync Enter - MemInfo: [malloc] Non-mmapped space allocated:                22601728 Byte
20220313 033903.595 INFO             PET0 PIOc_sync Enter - MemInfo: [malloc] Space allocated in mmapped regions:          3710976 Byte
20220313 033903.595 INFO             PET0 PIOc_sync Enter - MemInfo: [malloc] Maximum total allocated space:                     0 Byte
20220313 033903.595 INFO             PET0 PIOc_sync Enter - MemInfo: [malloc] Space in freed fastbin blocks:                     0 Byte
20220313 033903.595 INFO             PET0 PIOc_sync Enter - MemInfo: [malloc] Total allocated space:                      10819136 Byte
20220313 033903.595 INFO             PET0 PIOc_sync Enter - MemInfo: [malloc] Total free space:                           11782592 Byte
20220313 033903.595 INFO             PET0 PIOc_sync Enter - MemInfo: [malloc] Top-most, releasable space:                  7035984 Byte
20220313 033903.595 INFO             PET0 PIOc_sync Enter - MemInfo: [malloc] Total space in use, mmap + non-mmap:        14530112 Byte
20220313 033903.595 INFO             PET0 PIOc_sync Enter - MemInfo: [malloc] Total space held (mmap + non-mmap):         26312704 Byte
20220313 033903.595 INFO             PET0 PIOc_sync Enter - MemInfo: [malloc] Total space used (mmap + non-mmap):         14538768 Byte
20220313 033903.595 INFO             PET0 PIOc_sync Enter - MemInfo: Wall-clock time since execution start:               0.212362 seconds
20220313 033903.595 INFO             PET0 PIOc_sync Exit - MemInfo: [/proc/meminfo - SSI]	MemTotal:       527077124 kB
20220313 033903.595 INFO             PET0 PIOc_sync Exit - MemInfo: [/proc/meminfo - SSI]	MemFree:        518449796 kB
20220313 033903.595 INFO             PET0 PIOc_sync Exit - MemInfo: [/proc/meminfo - SSI]	MemAvailable:   517918512 kB
20220313 033903.595 INFO             PET0 PIOc_sync Exit - MemInfo: [/proc/meminfo - SSI]	Committed_AS:    1733300 kB
20220313 033903.595 INFO             PET0 PIOc_sync Exit - MemInfo: [/proc/meminfo - SSI]	CommittedPercent: 0.328851 %
20220313 033903.595 INFO             PET0 PIOc_sync Exit - MemInfo: [/proc/self/status]	VmPeak:	  180508 kB
20220313 033903.595 INFO             PET0 PIOc_sync Exit - MemInfo: [/proc/self/status]	VmSize:	  180508 kB
20220313 033903.595 INFO             PET0 PIOc_sync Exit - MemInfo: [/proc/self/status]	VmLck:	       0 kB
20220313 033903.595 INFO             PET0 PIOc_sync Exit - MemInfo: [/proc/self/status]	VmPin:	       0 kB
20220313 033903.595 INFO             PET0 PIOc_sync Exit - MemInfo: [/proc/self/status]	VmHWM:	   42152 kB
20220313 033903.595 INFO             PET0 PIOc_sync Exit - MemInfo: [/proc/self/status]	VmRSS:	   42152 kB
20220313 033903.595 INFO             PET0 PIOc_sync Exit - MemInfo: [/proc/self/status]	VmData:	   29400 kB
20220313 033903.595 INFO             PET0 PIOc_sync Exit - MemInfo: [/proc/self/status]	VmStk:	     156 kB
20220313 033903.595 INFO             PET0 PIOc_sync Exit - MemInfo: [/proc/self/status]	VmExe:	     220 kB
20220313 033903.595 INFO             PET0 PIOc_sync Exit - MemInfo: [/proc/self/status]	VmLib:	   77104 kB
20220313 033903.595 INFO             PET0 PIOc_sync Exit - MemInfo: [/proc/self/status]	VmPTE:	     360 kB
20220313 033903.595 INFO             PET0 PIOc_sync Exit - MemInfo: [/proc/self/status]	VmSwap:	       0 kB
20220313 033903.595 INFO             PET0 PIOc_sync Exit - MemInfo: [/proc/self/status]	VmRSSPercent: 0.00799731 %
20220313 033903.595 INFO             PET0 PIOc_sync Exit - MemInfo: [malloc] Non-mmapped space allocated:                22601728 Byte
20220313 033903.595 INFO             PET0 PIOc_sync Exit - MemInfo: [malloc] Space allocated in mmapped regions:          3710976 Byte
20220313 033903.595 INFO             PET0 PIOc_sync Exit - MemInfo: [malloc] Maximum total allocated space:                     0 Byte
20220313 033903.595 INFO             PET0 PIOc_sync Exit - MemInfo: [malloc] Space in freed fastbin blocks:                     0 Byte
20220313 033903.595 INFO             PET0 PIOc_sync Exit - MemInfo: [malloc] Total allocated space:                      11173792 Byte
20220313 033903.595 INFO             PET0 PIOc_sync Exit - MemInfo: [malloc] Total free space:                           11427936 Byte
20220313 033903.595 INFO             PET0 PIOc_sync Exit - MemInfo: [malloc] Top-most, releasable space:                  7035984 Byte
20220313 033903.595 INFO             PET0 PIOc_sync Exit - MemInfo: [malloc] Total space in use, mmap + non-mmap:        14884768 Byte
20220313 033903.595 INFO             PET0 PIOc_sync Exit - MemInfo: [malloc] Total space held (mmap + non-mmap):         26312704 Byte
20220313 033903.595 INFO             PET0 PIOc_sync Exit - MemInfo: [malloc] Total space used (mmap + non-mmap):         14892976 Byte
20220313 033903.595 INFO             PET0 PIOc_sync Exit - MemInfo: Wall-clock time since execution start:               0.212667 seconds
20220313 033903.596 INFO             PET0 PIOc_freedecomp Enter - MemInfo: [/proc/meminfo - SSI]	MemTotal:       527077124 kB
20220313 033903.596 INFO             PET0 PIOc_freedecomp Enter - MemInfo: [/proc/meminfo - SSI]	MemFree:        518449796 kB
20220313 033903.596 INFO             PET0 PIOc_freedecomp Enter - MemInfo: [/proc/meminfo - SSI]	MemAvailable:   517918512 kB
20220313 033903.596 INFO             PET0 PIOc_freedecomp Enter - MemInfo: [/proc/meminfo - SSI]	Committed_AS:    1733300 kB
20220313 033903.596 INFO             PET0 PIOc_freedecomp Enter - MemInfo: [/proc/meminfo - SSI]	CommittedPercent: 0.328851 %
20220313 033903.596 INFO             PET0 PIOc_freedecomp Enter - MemInfo: [/proc/self/status]	VmPeak:	  180508 kB
20220313 033903.596 INFO             PET0 PIOc_freedecomp Enter - MemInfo: [/proc/self/status]	VmSize:	  180508 kB
20220313 033903.596 INFO             PET0 PIOc_freedecomp Enter - MemInfo: [/proc/self/status]	VmLck:	       0 kB
20220313 033903.596 INFO             PET0 PIOc_freedecomp Enter - MemInfo: [/proc/self/status]	VmPin:	       0 kB
20220313 033903.596 INFO             PET0 PIOc_freedecomp Enter - MemInfo: [/proc/self/status]	VmHWM:	   42152 kB
20220313 033903.596 INFO             PET0 PIOc_freedecomp Enter - MemInfo: [/proc/self/status]	VmRSS:	   42152 kB
20220313 033903.596 INFO             PET0 PIOc_freedecomp Enter - MemInfo: [/proc/self/status]	VmData:	   29400 kB
20220313 033903.596 INFO             PET0 PIOc_freedecomp Enter - MemInfo: [/proc/self/status]	VmStk:	     156 kB
20220313 033903.596 INFO             PET0 PIOc_freedecomp Enter - MemInfo: [/proc/self/status]	VmExe:	     220 kB
20220313 033903.596 INFO             PET0 PIOc_freedecomp Enter - MemInfo: [/proc/self/status]	VmLib:	   77104 kB
20220313 033903.596 INFO             PET0 PIOc_freedecomp Enter - MemInfo: [/proc/self/status]	VmPTE:	     360 kB
20220313 033903.596 INFO             PET0 PIOc_freedecomp Enter - MemInfo: [/proc/self/status]	VmSwap:	       0 kB
20220313 033903.596 INFO             PET0 PIOc_freedecomp Enter - MemInfo: [/proc/self/status]	VmRSSPercent: 0.00799731 %
20220313 033903.596 INFO             PET0 PIOc_freedecomp Enter - MemInfo: [malloc] Non-mmapped space allocated:                22601728 Byte
20220313 033903.596 INFO             PET0 PIOc_freedecomp Enter - MemInfo: [malloc] Space allocated in mmapped regions:          3710976 Byte
20220313 033903.596 INFO             PET0 PIOc_freedecomp Enter - MemInfo: [malloc] Maximum total allocated space:                     0 Byte
20220313 033903.596 INFO             PET0 PIOc_freedecomp Enter - MemInfo: [malloc] Space in freed fastbin blocks:                   112 Byte
20220313 033903.596 INFO             PET0 PIOc_freedecomp Enter - MemInfo: [malloc] Total allocated space:                       2250144 Byte
20220313 033903.596 INFO             PET0 PIOc_freedecomp Enter - MemInfo: [malloc] Total free space:                           20351584 Byte
20220313 033903.596 INFO             PET0 PIOc_freedecomp Enter - MemInfo: [malloc] Top-most, releasable space:                 15424608 Byte
20220313 033903.596 INFO             PET0 PIOc_freedecomp Enter - MemInfo: [malloc] Total space in use, mmap + non-mmap:         5961120 Byte
20220313 033903.596 INFO             PET0 PIOc_freedecomp Enter - MemInfo: [malloc] Total space held (mmap + non-mmap):         26312704 Byte
20220313 033903.596 INFO             PET0 PIOc_freedecomp Enter - MemInfo: [malloc] Total space used (mmap + non-mmap):          5969328 Byte
20220313 033903.596 INFO             PET0 PIOc_freedecomp Enter - MemInfo: Wall-clock time since execution start:                0.21303 seconds
20220313 033903.596 INFO             PET0 PIOc_freedecomp Exit - MemInfo: [/proc/meminfo - SSI]	MemTotal:       527077124 kB
20220313 033903.596 INFO             PET0 PIOc_freedecomp Exit - MemInfo: [/proc/meminfo - SSI]	MemFree:        518449796 kB
20220313 033903.596 INFO             PET0 PIOc_freedecomp Exit - MemInfo: [/proc/meminfo - SSI]	MemAvailable:   517918512 kB
20220313 033903.596 INFO             PET0 PIOc_freedecomp Exit - MemInfo: [/proc/meminfo - SSI]	Committed_AS:    1733300 kB
20220313 033903.596 INFO             PET0 PIOc_freedecomp Exit - MemInfo: [/proc/meminfo - SSI]	CommittedPercent: 0.328851 %
20220313 033903.596 INFO             PET0 PIOc_freedecomp Exit - MemInfo: [/proc/self/status]	VmPeak:	  180508 kB
20220313 033903.596 INFO             PET0 PIOc_freedecomp Exit - MemInfo: [/proc/self/status]	VmSize:	  180508 kB
20220313 033903.596 INFO             PET0 PIOc_freedecomp Exit - MemInfo: [/proc/self/status]	VmLck:	       0 kB
20220313 033903.596 INFO             PET0 PIOc_freedecomp Exit - MemInfo: [/proc/self/status]	VmPin:	       0 kB
20220313 033903.596 INFO             PET0 PIOc_freedecomp Exit - MemInfo: [/proc/self/status]	VmHWM:	   42152 kB
20220313 033903.596 INFO             PET0 PIOc_freedecomp Exit - MemInfo: [/proc/self/status]	VmRSS:	   42152 kB
20220313 033903.596 INFO             PET0 PIOc_freedecomp Exit - MemInfo: [/proc/self/status]	VmData:	   29400 kB
20220313 033903.596 INFO             PET0 PIOc_freedecomp Exit - MemInfo: [/proc/self/status]	VmStk:	     156 kB
20220313 033903.596 INFO             PET0 PIOc_freedecomp Exit - MemInfo: [/proc/self/status]	VmExe:	     220 kB
20220313 033903.596 INFO             PET0 PIOc_freedecomp Exit - MemInfo: [/proc/self/status]	VmLib:	   77104 kB
20220313 033903.596 INFO             PET0 PIOc_freedecomp Exit - MemInfo: [/proc/self/status]	VmPTE:	     360 kB
20220313 033903.596 INFO             PET0 PIOc_freedecomp Exit - MemInfo: [/proc/self/status]	VmSwap:	       0 kB
20220313 033903.596 INFO             PET0 PIOc_freedecomp Exit - MemInfo: [/proc/self/status]	VmRSSPercent: 0.00799731 %
20220313 033903.596 INFO             PET0 PIOc_freedecomp Exit - MemInfo: [malloc] Non-mmapped space allocated:                22601728 Byte
20220313 033903.596 INFO             PET0 PIOc_freedecomp Exit - MemInfo: [malloc] Space allocated in mmapped regions:          3710976 Byte
20220313 033903.596 INFO             PET0 PIOc_freedecomp Exit - MemInfo: [malloc] Maximum total allocated space:                     0 Byte
20220313 033903.596 INFO             PET0 PIOc_freedecomp Exit - MemInfo: [malloc] Space in freed fastbin blocks:                   528 Byte
20220313 033903.596 INFO             PET0 PIOc_freedecomp Exit - MemInfo: [malloc] Total allocated space:                       2249840 Byte
20220313 033903.596 INFO             PET0 PIOc_freedecomp Exit - MemInfo: [malloc] Total free space:                           20351888 Byte
20220313 033903.596 INFO             PET0 PIOc_freedecomp Exit - MemInfo: [malloc] Top-most, releasable space:                 15424608 Byte
20220313 033903.596 INFO             PET0 PIOc_freedecomp Exit - MemInfo: [malloc] Total space in use, mmap + non-mmap:         5960816 Byte
20220313 033903.596 INFO             PET0 PIOc_freedecomp Exit - MemInfo: [malloc] Total space held (mmap + non-mmap):         26312704 Byte
20220313 033903.596 INFO             PET0 PIOc_freedecomp Exit - MemInfo: [malloc] Total space used (mmap + non-mmap):          5969024 Byte
20220313 033903.596 INFO             PET0 PIOc_freedecomp Exit - MemInfo: Wall-clock time since execution start:               0.213214 seconds
20220313 033903.597 INFO             PET0 PIOc_sync Enter - MemInfo: [/proc/meminfo - SSI]	MemTotal:       527077124 kB
20220313 033903.597 INFO             PET0 PIOc_sync Enter - MemInfo: [/proc/meminfo - SSI]	MemFree:        518449796 kB
20220313 033903.597 INFO             PET0 PIOc_sync Enter - MemInfo: [/proc/meminfo - SSI]	MemAvailable:   517918512 kB
20220313 033903.597 INFO             PET0 PIOc_sync Enter - MemInfo: [/proc/meminfo - SSI]	Committed_AS:    1733300 kB
20220313 033903.597 INFO             PET0 PIOc_sync Enter - MemInfo: [/proc/meminfo - SSI]	CommittedPercent: 0.328851 %
20220313 033903.597 INFO             PET0 PIOc_sync Enter - MemInfo: [/proc/self/status]	VmPeak:	  180508 kB
20220313 033903.597 INFO             PET0 PIOc_sync Enter - MemInfo: [/proc/self/status]	VmSize:	  180508 kB
20220313 033903.597 INFO             PET0 PIOc_sync Enter - MemInfo: [/proc/self/status]	VmLck:	       0 kB
20220313 033903.597 INFO             PET0 PIOc_sync Enter - MemInfo: [/proc/self/status]	VmPin:	       0 kB
20220313 033903.597 INFO             PET0 PIOc_sync Enter - MemInfo: [/proc/self/status]	VmHWM:	   42560 kB
20220313 033903.597 INFO             PET0 PIOc_sync Enter - MemInfo: [/proc/self/status]	VmRSS:	   42536 kB
20220313 033903.597 INFO             PET0 PIOc_sync Enter - MemInfo: [/proc/self/status]	VmData:	   29400 kB
20220313 033903.597 INFO             PET0 PIOc_sync Enter - MemInfo: [/proc/self/status]	VmStk:	     156 kB
20220313 033903.597 INFO             PET0 PIOc_sync Enter - MemInfo: [/proc/self/status]	VmExe:	     220 kB
20220313 033903.597 INFO             PET0 PIOc_sync Enter - MemInfo: [/proc/self/status]	VmLib:	   77104 kB
20220313 033903.597 INFO             PET0 PIOc_sync Enter - MemInfo: [/proc/self/status]	VmPTE:	     360 kB
20220313 033903.597 INFO             PET0 PIOc_sync Enter - MemInfo: [/proc/self/status]	VmSwap:	       0 kB
20220313 033903.597 INFO             PET0 PIOc_sync Enter - MemInfo: [/proc/self/status]	VmRSSPercent: 0.00807017 %
20220313 033903.597 INFO             PET0 PIOc_sync Enter - MemInfo: [malloc] Non-mmapped space allocated:                22601728 Byte
20220313 033903.597 INFO             PET0 PIOc_sync Enter - MemInfo: [malloc] Space allocated in mmapped regions:          3710976 Byte
20220313 033903.597 INFO             PET0 PIOc_sync Enter - MemInfo: [malloc] Maximum total allocated space:                     0 Byte
20220313 033903.597 INFO             PET0 PIOc_sync Enter - MemInfo: [malloc] Space in freed fastbin blocks:                   320 Byte
20220313 033903.597 INFO             PET0 PIOc_sync Enter - MemInfo: [malloc] Total allocated space:                      11178112 Byte
20220313 033903.597 INFO             PET0 PIOc_sync Enter - MemInfo: [malloc] Total free space:                           11423616 Byte
20220313 033903.597 INFO             PET0 PIOc_sync Enter - MemInfo: [malloc] Top-most, releasable space:                  7035984 Byte
20220313 033903.597 INFO             PET0 PIOc_sync Enter - MemInfo: [malloc] Total space in use, mmap + non-mmap:        14889088 Byte
20220313 033903.597 INFO             PET0 PIOc_sync Enter - MemInfo: [malloc] Total space held (mmap + non-mmap):         26312704 Byte
20220313 033903.597 INFO             PET0 PIOc_sync Enter - MemInfo: [malloc] Total space used (mmap + non-mmap):         14897408 Byte
20220313 033903.597 INFO             PET0 PIOc_sync Enter - MemInfo: Wall-clock time since execution start:               0.214662 seconds
20220313 033903.598 INFO             PET0 PIOc_sync Exit - MemInfo: [/proc/meminfo - SSI]	MemTotal:       527077124 kB
20220313 033903.598 INFO             PET0 PIOc_sync Exit - MemInfo: [/proc/meminfo - SSI]	MemFree:        518449796 kB
20220313 033903.598 INFO             PET0 PIOc_sync Exit - MemInfo: [/proc/meminfo - SSI]	MemAvailable:   517918512 kB
20220313 033903.598 INFO             PET0 PIOc_sync Exit - MemInfo: [/proc/meminfo - SSI]	Committed_AS:    1733300 kB
20220313 033903.598 INFO             PET0 PIOc_sync Exit - MemInfo: [/proc/meminfo - SSI]	CommittedPercent: 0.328851 %
20220313 033903.598 INFO             PET0 PIOc_sync Exit - MemInfo: [/proc/self/status]	VmPeak:	  180508 kB
20220313 033903.598 INFO             PET0 PIOc_sync Exit - MemInfo: [/proc/self/status]	VmSize:	  180508 kB
20220313 033903.598 INFO             PET0 PIOc_sync Exit - MemInfo: [/proc/self/status]	VmLck:	       0 kB
20220313 033903.598 INFO             PET0 PIOc_sync Exit - MemInfo: [/proc/self/status]	VmPin:	       0 kB
20220313 033903.598 INFO             PET0 PIOc_sync Exit - MemInfo: [/proc/self/status]	VmHWM:	   42560 kB
20220313 033903.598 INFO             PET0 PIOc_sync Exit - MemInfo: [/proc/self/status]	VmRSS:	   42536 kB
20220313 033903.598 INFO             PET0 PIOc_sync Exit - MemInfo: [/proc/self/status]	VmData:	   29400 kB
20220313 033903.598 INFO             PET0 PIOc_sync Exit - MemInfo: [/proc/self/status]	VmStk:	     156 kB
20220313 033903.598 INFO             PET0 PIOc_sync Exit - MemInfo: [/proc/self/status]	VmExe:	     220 kB
20220313 033903.598 INFO             PET0 PIOc_sync Exit - MemInfo: [/proc/self/status]	VmLib:	   77104 kB
20220313 033903.598 INFO             PET0 PIOc_sync Exit - MemInfo: [/proc/self/status]	VmPTE:	     360 kB
20220313 033903.598 INFO             PET0 PIOc_sync Exit - MemInfo: [/proc/self/status]	VmSwap:	       0 kB
20220313 033903.598 INFO             PET0 PIOc_sync Exit - MemInfo: [/proc/self/status]	VmRSSPercent: 0.00807017 %
20220313 033903.598 INFO             PET0 PIOc_sync Exit - MemInfo: [malloc] Non-mmapped space allocated:                22601728 Byte
20220313 033903.598 INFO             PET0 PIOc_sync Exit - MemInfo: [malloc] Space allocated in mmapped regions:          3710976 Byte
20220313 033903.598 INFO             PET0 PIOc_sync Exit - MemInfo: [malloc] Maximum total allocated space:                     0 Byte
20220313 033903.598 INFO             PET0 PIOc_sync Exit - MemInfo: [malloc] Space in freed fastbin blocks:                    32 Byte
20220313 033903.598 INFO             PET0 PIOc_sync Exit - MemInfo: [malloc] Total allocated space:                      11178592 Byte
20220313 033903.598 INFO             PET0 PIOc_sync Exit - MemInfo: [malloc] Total free space:                           11423136 Byte
20220313 033903.598 INFO             PET0 PIOc_sync Exit - MemInfo: [malloc] Top-most, releasable space:                  7035984 Byte
20220313 033903.598 INFO             PET0 PIOc_sync Exit - MemInfo: [malloc] Total space in use, mmap + non-mmap:        14889568 Byte
20220313 033903.598 INFO             PET0 PIOc_sync Exit - MemInfo: [malloc] Total space held (mmap + non-mmap):         26312704 Byte
20220313 033903.598 INFO             PET0 PIOc_sync Exit - MemInfo: [malloc] Total space used (mmap + non-mmap):         14897776 Byte
20220313 033903.598 INFO             PET0 PIOc_sync Exit - MemInfo: Wall-clock time since execution start:               0.214896 seconds
20220313 033903.598 INFO             PET0 PIOc_freedecomp Enter - MemInfo: [/proc/meminfo - SSI]	MemTotal:       527077124 kB
20220313 033903.598 INFO             PET0 PIOc_freedecomp Enter - MemInfo: [/proc/meminfo - SSI]	MemFree:        518449796 kB
20220313 033903.598 INFO             PET0 PIOc_freedecomp Enter - MemInfo: [/proc/meminfo - SSI]	MemAvailable:   517918512 kB
20220313 033903.598 INFO             PET0 PIOc_freedecomp Enter - MemInfo: [/proc/meminfo - SSI]	Committed_AS:    1733300 kB
20220313 033903.598 INFO             PET0 PIOc_freedecomp Enter - MemInfo: [/proc/meminfo - SSI]	CommittedPercent: 0.328851 %
20220313 033903.598 INFO             PET0 PIOc_freedecomp Enter - MemInfo: [/proc/self/status]	VmPeak:	  180508 kB
20220313 033903.598 INFO             PET0 PIOc_freedecomp Enter - MemInfo: [/proc/self/status]	VmSize:	  180508 kB
20220313 033903.598 INFO             PET0 PIOc_freedecomp Enter - MemInfo: [/proc/self/status]	VmLck:	       0 kB
20220313 033903.598 INFO             PET0 PIOc_freedecomp Enter - MemInfo: [/proc/self/status]	VmPin:	       0 kB
20220313 033903.598 INFO             PET0 PIOc_freedecomp Enter - MemInfo: [/proc/self/status]	VmHWM:	   42560 kB
20220313 033903.598 INFO             PET0 PIOc_freedecomp Enter - MemInfo: [/proc/self/status]	VmRSS:	   42536 kB
20220313 033903.598 INFO             PET0 PIOc_freedecomp Enter - MemInfo: [/proc/self/status]	VmData:	   29400 kB
20220313 033903.598 INFO             PET0 PIOc_freedecomp Enter - MemInfo: [/proc/self/status]	VmStk:	     156 kB
20220313 033903.598 INFO             PET0 PIOc_freedecomp Enter - MemInfo: [/proc/self/status]	VmExe:	     220 kB
20220313 033903.598 INFO             PET0 PIOc_freedecomp Enter - MemInfo: [/proc/self/status]	VmLib:	   77104 kB
20220313 033903.598 INFO             PET0 PIOc_freedecomp Enter - MemInfo: [/proc/self/status]	VmPTE:	     360 kB
20220313 033903.598 INFO             PET0 PIOc_freedecomp Enter - MemInfo: [/proc/self/status]	VmSwap:	       0 kB
20220313 033903.598 INFO             PET0 PIOc_freedecomp Enter - MemInfo: [/proc/self/status]	VmRSSPercent: 0.00807017 %
20220313 033903.598 INFO             PET0 PIOc_freedecomp Enter - MemInfo: [malloc] Non-mmapped space allocated:                22601728 Byte
20220313 033903.598 INFO             PET0 PIOc_freedecomp Enter - MemInfo: [malloc] Space allocated in mmapped regions:          3710976 Byte
20220313 033903.598 INFO             PET0 PIOc_freedecomp Enter - MemInfo: [malloc] Maximum total allocated space:                     0 Byte
20220313 033903.598 INFO             PET0 PIOc_freedecomp Enter - MemInfo: [malloc] Space in freed fastbin blocks:                   272 Byte
20220313 033903.598 INFO             PET0 PIOc_freedecomp Enter - MemInfo: [malloc] Total allocated space:                       2253184 Byte
20220313 033903.598 INFO             PET0 PIOc_freedecomp Enter - MemInfo: [malloc] Total free space:                           20348544 Byte
20220313 033903.598 INFO             PET0 PIOc_freedecomp Enter - MemInfo: [malloc] Top-most, releasable space:                 15424608 Byte
20220313 033903.598 INFO             PET0 PIOc_freedecomp Enter - MemInfo: [malloc] Total space in use, mmap + non-mmap:         5964160 Byte
20220313 033903.598 INFO             PET0 PIOc_freedecomp Enter - MemInfo: [malloc] Total space held (mmap + non-mmap):         26312704 Byte
20220313 033903.598 INFO             PET0 PIOc_freedecomp Enter - MemInfo: [malloc] Total space used (mmap + non-mmap):          5972368 Byte
20220313 033903.598 INFO             PET0 PIOc_freedecomp Enter - MemInfo: Wall-clock time since execution start:               0.215169 seconds
20220313 033903.598 INFO             PET0 PIOc_freedecomp Exit - MemInfo: [/proc/meminfo - SSI]	MemTotal:       527077124 kB
20220313 033903.598 INFO             PET0 PIOc_freedecomp Exit - MemInfo: [/proc/meminfo - SSI]	MemFree:        518449796 kB
20220313 033903.598 INFO             PET0 PIOc_freedecomp Exit - MemInfo: [/proc/meminfo - SSI]	MemAvailable:   517918512 kB
20220313 033903.598 INFO             PET0 PIOc_freedecomp Exit - MemInfo: [/proc/meminfo - SSI]	Committed_AS:    1733300 kB
20220313 033903.598 INFO             PET0 PIOc_freedecomp Exit - MemInfo: [/proc/meminfo - SSI]	CommittedPercent: 0.328851 %
20220313 033903.598 INFO             PET0 PIOc_freedecomp Exit - MemInfo: [/proc/self/status]	VmPeak:	  180508 kB
20220313 033903.598 INFO             PET0 PIOc_freedecomp Exit - MemInfo: [/proc/self/status]	VmSize:	  180508 kB
20220313 033903.598 INFO             PET0 PIOc_freedecomp Exit - MemInfo: [/proc/self/status]	VmLck:	       0 kB
20220313 033903.598 INFO             PET0 PIOc_freedecomp Exit - MemInfo: [/proc/self/status]	VmPin:	       0 kB
20220313 033903.598 INFO             PET0 PIOc_freedecomp Exit - MemInfo: [/proc/self/status]	VmHWM:	   42560 kB
20220313 033903.598 INFO             PET0 PIOc_freedecomp Exit - MemInfo: [/proc/self/status]	VmRSS:	   42536 kB
20220313 033903.598 INFO             PET0 PIOc_freedecomp Exit - MemInfo: [/proc/self/status]	VmData:	   29400 kB
20220313 033903.598 INFO             PET0 PIOc_freedecomp Exit - MemInfo: [/proc/self/status]	VmStk:	     156 kB
20220313 033903.598 INFO             PET0 PIOc_freedecomp Exit - MemInfo: [/proc/self/status]	VmExe:	     220 kB
20220313 033903.598 INFO             PET0 PIOc_freedecomp Exit - MemInfo: [/proc/self/status]	VmLib:	   77104 kB
20220313 033903.598 INFO             PET0 PIOc_freedecomp Exit - MemInfo: [/proc/self/status]	VmPTE:	     360 kB
20220313 033903.598 INFO             PET0 PIOc_freedecomp Exit - MemInfo: [/proc/self/status]	VmSwap:	       0 kB
20220313 033903.598 INFO             PET0 PIOc_freedecomp Exit - MemInfo: [/proc/self/status]	VmRSSPercent: 0.00807017 %
20220313 033903.598 INFO             PET0 PIOc_freedecomp Exit - MemInfo: [malloc] Non-mmapped space allocated:                22601728 Byte
20220313 033903.598 INFO             PET0 PIOc_freedecomp Exit - MemInfo: [malloc] Space allocated in mmapped regions:          3710976 Byte
20220313 033903.598 INFO             PET0 PIOc_freedecomp Exit - MemInfo: [malloc] Maximum total allocated space:                     0 Byte
20220313 033903.598 INFO             PET0 PIOc_freedecomp Exit - MemInfo: [malloc] Space in freed fastbin blocks:                   720 Byte
20220313 033903.598 INFO             PET0 PIOc_freedecomp Exit - MemInfo: [malloc] Total allocated space:                       2251488 Byte
20220313 033903.598 INFO             PET0 PIOc_freedecomp Exit - MemInfo: [malloc] Total free space:                           20350240 Byte
20220313 033903.598 INFO             PET0 PIOc_freedecomp Exit - MemInfo: [malloc] Top-most, releasable space:                 15424608 Byte
20220313 033903.598 INFO             PET0 PIOc_freedecomp Exit - MemInfo: [malloc] Total space in use, mmap + non-mmap:         5962464 Byte
20220313 033903.598 INFO             PET0 PIOc_freedecomp Exit - MemInfo: [malloc] Total space held (mmap + non-mmap):         26312704 Byte
20220313 033903.598 INFO             PET0 PIOc_freedecomp Exit - MemInfo: [malloc] Total space used (mmap + non-mmap):          5970672 Byte
20220313 033903.598 INFO             PET0 PIOc_freedecomp Exit - MemInfo: Wall-clock time since execution start:               0.215356 seconds
20220313 033903.599 INFO             PET0 PIOc_sync Enter - MemInfo: [/proc/meminfo - SSI]	MemTotal:       527077124 kB
20220313 033903.599 INFO             PET0 PIOc_sync Enter - MemInfo: [/proc/meminfo - SSI]	MemFree:        518449732 kB
20220313 033903.599 INFO             PET0 PIOc_sync Enter - MemInfo: [/proc/meminfo - SSI]	MemAvailable:   517918448 kB
20220313 033903.599 INFO             PET0 PIOc_sync Enter - MemInfo: [/proc/meminfo - SSI]	Committed_AS:    1733300 kB
20220313 033903.599 INFO             PET0 PIOc_sync Enter - MemInfo: [/proc/meminfo - SSI]	CommittedPercent: 0.328851 %
20220313 033903.599 INFO             PET0 PIOc_sync Enter - MemInfo: [/proc/self/status]	VmPeak:	  180508 kB
20220313 033903.599 INFO             PET0 PIOc_sync Enter - MemInfo: [/proc/self/status]	VmSize:	  180508 kB
20220313 033903.599 INFO             PET0 PIOc_sync Enter - MemInfo: [/proc/self/status]	VmLck:	       0 kB
20220313 033903.599 INFO             PET0 PIOc_sync Enter - MemInfo: [/proc/self/status]	VmPin:	       0 kB
20220313 033903.599 INFO             PET0 PIOc_sync Enter - MemInfo: [/proc/self/status]	VmHWM:	   42572 kB
20220313 033903.599 INFO             PET0 PIOc_sync Enter - MemInfo: [/proc/self/status]	VmRSS:	   42548 kB
20220313 033903.599 INFO             PET0 PIOc_sync Enter - MemInfo: [/proc/self/status]	VmData:	   29400 kB
20220313 033903.599 INFO             PET0 PIOc_sync Enter - MemInfo: [/proc/self/status]	VmStk:	     156 kB
20220313 033903.599 INFO             PET0 PIOc_sync Enter - MemInfo: [/proc/self/status]	VmExe:	     220 kB
20220313 033903.599 INFO             PET0 PIOc_sync Enter - MemInfo: [/proc/self/status]	VmLib:	   77104 kB
20220313 033903.599 INFO             PET0 PIOc_sync Enter - MemInfo: [/proc/self/status]	VmPTE:	     360 kB
20220313 033903.599 INFO             PET0 PIOc_sync Enter - MemInfo: [/proc/self/status]	VmSwap:	       0 kB
20220313 033903.599 INFO             PET0 PIOc_sync Enter - MemInfo: [/proc/self/status]	VmRSSPercent: 0.00807244 %
20220313 033903.599 INFO             PET0 PIOc_sync Enter - MemInfo: [malloc] Non-mmapped space allocated:                22601728 Byte
20220313 033903.599 INFO             PET0 PIOc_sync Enter - MemInfo: [malloc] Space allocated in mmapped regions:          3710976 Byte
20220313 033903.599 INFO             PET0 PIOc_sync Enter - MemInfo: [malloc] Maximum total allocated space:                     0 Byte
20220313 033903.599 INFO             PET0 PIOc_sync Enter - MemInfo: [malloc] Space in freed fastbin blocks:                   672 Byte
20220313 033903.599 INFO             PET0 PIOc_sync Enter - MemInfo: [malloc] Total allocated space:                      11180224 Byte
20220313 033903.599 INFO             PET0 PIOc_sync Enter - MemInfo: [malloc] Total free space:                           11421504 Byte
20220313 033903.599 INFO             PET0 PIOc_sync Enter - MemInfo: [malloc] Top-most, releasable space:                  7035984 Byte
20220313 033903.599 INFO             PET0 PIOc_sync Enter - MemInfo: [malloc] Total space in use, mmap + non-mmap:        14891200 Byte
20220313 033903.599 INFO             PET0 PIOc_sync Enter - MemInfo: [malloc] Total space held (mmap + non-mmap):         26312704 Byte
20220313 033903.599 INFO             PET0 PIOc_sync Enter - MemInfo: [malloc] Total space used (mmap + non-mmap):         14899520 Byte
20220313 033903.599 INFO             PET0 PIOc_sync Enter - MemInfo: Wall-clock time since execution start:               0.216664 seconds
20220313 033903.600 INFO             PET0 PIOc_sync Exit - MemInfo: [/proc/meminfo - SSI]	MemTotal:       527077124 kB
20220313 033903.600 INFO             PET0 PIOc_sync Exit - MemInfo: [/proc/meminfo - SSI]	MemFree:        518449732 kB
20220313 033903.600 INFO             PET0 PIOc_sync Exit - MemInfo: [/proc/meminfo - SSI]	MemAvailable:   517918448 kB
20220313 033903.600 INFO             PET0 PIOc_sync Exit - MemInfo: [/proc/meminfo - SSI]	Committed_AS:    1733300 kB
20220313 033903.600 INFO             PET0 PIOc_sync Exit - MemInfo: [/proc/meminfo - SSI]	CommittedPercent: 0.328851 %
20220313 033903.600 INFO             PET0 PIOc_sync Exit - MemInfo: [/proc/self/status]	VmPeak:	  180508 kB
20220313 033903.600 INFO             PET0 PIOc_sync Exit - MemInfo: [/proc/self/status]	VmSize:	  180508 kB
20220313 033903.600 INFO             PET0 PIOc_sync Exit - MemInfo: [/proc/self/status]	VmLck:	       0 kB
20220313 033903.600 INFO             PET0 PIOc_sync Exit - MemInfo: [/proc/self/status]	VmPin:	       0 kB
20220313 033903.600 INFO             PET0 PIOc_sync Exit - MemInfo: [/proc/self/status]	VmHWM:	   42572 kB
20220313 033903.600 INFO             PET0 PIOc_sync Exit - MemInfo: [/proc/self/status]	VmRSS:	   42548 kB
20220313 033903.600 INFO             PET0 PIOc_sync Exit - MemInfo: [/proc/self/status]	VmData:	   29400 kB
20220313 033903.600 INFO             PET0 PIOc_sync Exit - MemInfo: [/proc/self/status]	VmStk:	     156 kB
20220313 033903.600 INFO             PET0 PIOc_sync Exit - MemInfo: [/proc/self/status]	VmExe:	     220 kB
20220313 033903.600 INFO             PET0 PIOc_sync Exit - MemInfo: [/proc/self/status]	VmLib:	   77104 kB
20220313 033903.600 INFO             PET0 PIOc_sync Exit - MemInfo: [/proc/self/status]	VmPTE:	     360 kB
20220313 033903.600 INFO             PET0 PIOc_sync Exit - MemInfo: [/proc/self/status]	VmSwap:	       0 kB
20220313 033903.600 INFO             PET0 PIOc_sync Exit - MemInfo: [/proc/self/status]	VmRSSPercent: 0.00807244 %
20220313 033903.600 INFO             PET0 PIOc_sync Exit - MemInfo: [malloc] Non-mmapped space allocated:                22601728 Byte
20220313 033903.600 INFO             PET0 PIOc_sync Exit - MemInfo: [malloc] Space allocated in mmapped regions:          3710976 Byte
20220313 033903.600 INFO             PET0 PIOc_sync Exit - MemInfo: [malloc] Maximum total allocated space:                     0 Byte
20220313 033903.600 INFO             PET0 PIOc_sync Exit - MemInfo: [malloc] Space in freed fastbin blocks:                     0 Byte
20220313 033903.600 INFO             PET0 PIOc_sync Exit - MemInfo: [malloc] Total allocated space:                      11180480 Byte
20220313 033903.600 INFO             PET0 PIOc_sync Exit - MemInfo: [malloc] Total free space:                           11421248 Byte
20220313 033903.600 INFO             PET0 PIOc_sync Exit - MemInfo: [malloc] Top-most, releasable space:                  7035984 Byte
20220313 033903.600 INFO             PET0 PIOc_sync Exit - MemInfo: [malloc] Total space in use, mmap + non-mmap:        14891456 Byte
20220313 033903.600 INFO             PET0 PIOc_sync Exit - MemInfo: [malloc] Total space held (mmap + non-mmap):         26312704 Byte
20220313 033903.600 INFO             PET0 PIOc_sync Exit - MemInfo: [malloc] Total space used (mmap + non-mmap):         14899664 Byte
20220313 033903.600 INFO             PET0 PIOc_sync Exit - MemInfo: Wall-clock time since execution start:               0.216893 seconds
20220313 033903.600 INFO             PET0 PIOc_freedecomp Enter - MemInfo: [/proc/meminfo - SSI]	MemTotal:       527077124 kB
20220313 033903.600 INFO             PET0 PIOc_freedecomp Enter - MemInfo: [/proc/meminfo - SSI]	MemFree:        518449732 kB
20220313 033903.600 INFO             PET0 PIOc_freedecomp Enter - MemInfo: [/proc/meminfo - SSI]	MemAvailable:   517918448 kB
20220313 033903.600 INFO             PET0 PIOc_freedecomp Enter - MemInfo: [/proc/meminfo - SSI]	Committed_AS:    1733300 kB
20220313 033903.600 INFO             PET0 PIOc_freedecomp Enter - MemInfo: [/proc/meminfo - SSI]	CommittedPercent: 0.328851 %
20220313 033903.600 INFO             PET0 PIOc_freedecomp Enter - MemInfo: [/proc/self/status]	VmPeak:	  180508 kB
20220313 033903.600 INFO             PET0 PIOc_freedecomp Enter - MemInfo: [/proc/self/status]	VmSize:	  180508 kB
20220313 033903.600 INFO             PET0 PIOc_freedecomp Enter - MemInfo: [/proc/self/status]	VmLck:	       0 kB
20220313 033903.600 INFO             PET0 PIOc_freedecomp Enter - MemInfo: [/proc/self/status]	VmPin:	       0 kB
20220313 033903.600 INFO             PET0 PIOc_freedecomp Enter - MemInfo: [/proc/self/status]	VmHWM:	   42572 kB
20220313 033903.600 INFO             PET0 PIOc_freedecomp Enter - MemInfo: [/proc/self/status]	VmRSS:	   42548 kB
20220313 033903.600 INFO             PET0 PIOc_freedecomp Enter - MemInfo: [/proc/self/status]	VmData:	   29400 kB
20220313 033903.600 INFO             PET0 PIOc_freedecomp Enter - MemInfo: [/proc/self/status]	VmStk:	     156 kB
20220313 033903.600 INFO             PET0 PIOc_freedecomp Enter - MemInfo: [/proc/self/status]	VmExe:	     220 kB
20220313 033903.600 INFO             PET0 PIOc_freedecomp Enter - MemInfo: [/proc/self/status]	VmLib:	   77104 kB
20220313 033903.600 INFO             PET0 PIOc_freedecomp Enter - MemInfo: [/proc/self/status]	VmPTE:	     360 kB
20220313 033903.600 INFO             PET0 PIOc_freedecomp Enter - MemInfo: [/proc/self/status]	VmSwap:	       0 kB
20220313 033903.600 INFO             PET0 PIOc_freedecomp Enter - MemInfo: [/proc/self/status]	VmRSSPercent: 0.00807244 %
20220313 033903.600 INFO             PET0 PIOc_freedecomp Enter - MemInfo: [malloc] Non-mmapped space allocated:                22601728 Byte
20220313 033903.600 INFO             PET0 PIOc_freedecomp Enter - MemInfo: [malloc] Space allocated in mmapped regions:          3710976 Byte
20220313 033903.600 INFO             PET0 PIOc_freedecomp Enter - MemInfo: [malloc] Maximum total allocated space:                     0 Byte
20220313 033903.600 INFO             PET0 PIOc_freedecomp Enter - MemInfo: [malloc] Space in freed fastbin blocks:                   272 Byte
20220313 033903.600 INFO             PET0 PIOc_freedecomp Enter - MemInfo: [malloc] Total allocated space:                       2253984 Byte
20220313 033903.600 INFO             PET0 PIOc_freedecomp Enter - MemInfo: [malloc] Total free space:                           20347744 Byte
20220313 033903.600 INFO             PET0 PIOc_freedecomp Enter - MemInfo: [malloc] Top-most, releasable space:                 15424608 Byte
20220313 033903.600 INFO             PET0 PIOc_freedecomp Enter - MemInfo: [malloc] Total space in use, mmap + non-mmap:         5964960 Byte
20220313 033903.600 INFO             PET0 PIOc_freedecomp Enter - MemInfo: [malloc] Total space held (mmap + non-mmap):         26312704 Byte
20220313 033903.600 INFO             PET0 PIOc_freedecomp Enter - MemInfo: [malloc] Total space used (mmap + non-mmap):          5973168 Byte
20220313 033903.600 INFO             PET0 PIOc_freedecomp Enter - MemInfo: Wall-clock time since execution start:               0.217191 seconds
20220313 033903.600 INFO             PET0 PIOc_freedecomp Exit - MemInfo: [/proc/meminfo - SSI]	MemTotal:       527077124 kB
20220313 033903.600 INFO             PET0 PIOc_freedecomp Exit - MemInfo: [/proc/meminfo - SSI]	MemFree:        518449732 kB
20220313 033903.600 INFO             PET0 PIOc_freedecomp Exit - MemInfo: [/proc/meminfo - SSI]	MemAvailable:   517918448 kB
20220313 033903.600 INFO             PET0 PIOc_freedecomp Exit - MemInfo: [/proc/meminfo - SSI]	Committed_AS:    1733300 kB
20220313 033903.600 INFO             PET0 PIOc_freedecomp Exit - MemInfo: [/proc/meminfo - SSI]	CommittedPercent: 0.328851 %
20220313 033903.600 INFO             PET0 PIOc_freedecomp Exit - MemInfo: [/proc/self/status]	VmPeak:	  180508 kB
20220313 033903.600 INFO             PET0 PIOc_freedecomp Exit - MemInfo: [/proc/self/status]	VmSize:	  180508 kB
20220313 033903.600 INFO             PET0 PIOc_freedecomp Exit - MemInfo: [/proc/self/status]	VmLck:	       0 kB
20220313 033903.600 INFO             PET0 PIOc_freedecomp Exit - MemInfo: [/proc/self/status]	VmPin:	       0 kB
20220313 033903.600 INFO             PET0 PIOc_freedecomp Exit - MemInfo: [/proc/self/status]	VmHWM:	   42572 kB
20220313 033903.600 INFO             PET0 PIOc_freedecomp Exit - MemInfo: [/proc/self/status]	VmRSS:	   42548 kB
20220313 033903.600 INFO             PET0 PIOc_freedecomp Exit - MemInfo: [/proc/self/status]	VmData:	   29400 kB
20220313 033903.600 INFO             PET0 PIOc_freedecomp Exit - MemInfo: [/proc/self/status]	VmStk:	     156 kB
20220313 033903.600 INFO             PET0 PIOc_freedecomp Exit - MemInfo: [/proc/self/status]	VmExe:	     220 kB
20220313 033903.600 INFO             PET0 PIOc_freedecomp Exit - MemInfo: [/proc/self/status]	VmLib:	   77104 kB
20220313 033903.600 INFO             PET0 PIOc_freedecomp Exit - MemInfo: [/proc/self/status]	VmPTE:	     360 kB
20220313 033903.600 INFO             PET0 PIOc_freedecomp Exit - MemInfo: [/proc/self/status]	VmSwap:	       0 kB
20220313 033903.600 INFO             PET0 PIOc_freedecomp Exit - MemInfo: [/proc/self/status]	VmRSSPercent: 0.00807244 %
20220313 033903.600 INFO             PET0 PIOc_freedecomp Exit - MemInfo: [malloc] Non-mmapped space allocated:                22601728 Byte
20220313 033903.600 INFO             PET0 PIOc_freedecomp Exit - MemInfo: [malloc] Space allocated in mmapped regions:          3710976 Byte
20220313 033903.600 INFO             PET0 PIOc_freedecomp Exit - MemInfo: [malloc] Maximum total allocated space:                     0 Byte
20220313 033903.600 INFO             PET0 PIOc_freedecomp Exit - MemInfo: [malloc] Space in freed fastbin blocks:                   784 Byte
20220313 033903.600 INFO             PET0 PIOc_freedecomp Exit - MemInfo: [malloc] Total allocated space:                       2252224 Byte
20220313 033903.600 INFO             PET0 PIOc_freedecomp Exit - MemInfo: [malloc] Total free space:                           20349504 Byte
20220313 033903.600 INFO             PET0 PIOc_freedecomp Exit - MemInfo: [malloc] Top-most, releasable space:                 15424608 Byte
20220313 033903.600 INFO             PET0 PIOc_freedecomp Exit - MemInfo: [malloc] Total space in use, mmap + non-mmap:         5963200 Byte
20220313 033903.600 INFO             PET0 PIOc_freedecomp Exit - MemInfo: [malloc] Total space held (mmap + non-mmap):         26312704 Byte
20220313 033903.600 INFO             PET0 PIOc_freedecomp Exit - MemInfo: [malloc] Total space used (mmap + non-mmap):          5971408 Byte
20220313 033903.600 INFO             PET0 PIOc_freedecomp Exit - MemInfo: Wall-clock time since execution start:               0.217372 seconds
20220313 033903.601 INFO             PET0 PIOc_sync Enter - MemInfo: [/proc/meminfo - SSI]	MemTotal:       527077124 kB
20220313 033903.601 INFO             PET0 PIOc_sync Enter - MemInfo: [/proc/meminfo - SSI]	MemFree:        518449732 kB
20220313 033903.601 INFO             PET0 PIOc_sync Enter - MemInfo: [/proc/meminfo - SSI]	MemAvailable:   517918448 kB
20220313 033903.601 INFO             PET0 PIOc_sync Enter - MemInfo: [/proc/meminfo - SSI]	Committed_AS:    1733300 kB
20220313 033903.601 INFO             PET0 PIOc_sync Enter - MemInfo: [/proc/meminfo - SSI]	CommittedPercent: 0.328851 %
20220313 033903.601 INFO             PET0 PIOc_sync Enter - MemInfo: [/proc/self/status]	VmPeak:	  180508 kB
20220313 033903.601 INFO             PET0 PIOc_sync Enter - MemInfo: [/proc/self/status]	VmSize:	  180508 kB
20220313 033903.601 INFO             PET0 PIOc_sync Enter - MemInfo: [/proc/self/status]	VmLck:	       0 kB
20220313 033903.601 INFO             PET0 PIOc_sync Enter - MemInfo: [/proc/self/status]	VmPin:	       0 kB
20220313 033903.601 INFO             PET0 PIOc_sync Enter - MemInfo: [/proc/self/status]	VmHWM:	   42584 kB
20220313 033903.601 INFO             PET0 PIOc_sync Enter - MemInfo: [/proc/self/status]	VmRSS:	   42560 kB
20220313 033903.601 INFO             PET0 PIOc_sync Enter - MemInfo: [/proc/self/status]	VmData:	   29400 kB
20220313 033903.601 INFO             PET0 PIOc_sync Enter - MemInfo: [/proc/self/status]	VmStk:	     156 kB
20220313 033903.601 INFO             PET0 PIOc_sync Enter - MemInfo: [/proc/self/status]	VmExe:	     220 kB
20220313 033903.601 INFO             PET0 PIOc_sync Enter - MemInfo: [/proc/self/status]	VmLib:	   77104 kB
20220313 033903.601 INFO             PET0 PIOc_sync Enter - MemInfo: [/proc/self/status]	VmPTE:	     360 kB
20220313 033903.601 INFO             PET0 PIOc_sync Enter - MemInfo: [/proc/self/status]	VmSwap:	       0 kB
20220313 033903.601 INFO             PET0 PIOc_sync Enter - MemInfo: [/proc/self/status]	VmRSSPercent: 0.00807472 %
20220313 033903.601 INFO             PET0 PIOc_sync Enter - MemInfo: [malloc] Non-mmapped space allocated:                22601728 Byte
20220313 033903.601 INFO             PET0 PIOc_sync Enter - MemInfo: [malloc] Space allocated in mmapped regions:          3710976 Byte
20220313 033903.601 INFO             PET0 PIOc_sync Enter - MemInfo: [malloc] Maximum total allocated space:                     0 Byte
20220313 033903.601 INFO             PET0 PIOc_sync Enter - MemInfo: [malloc] Space in freed fastbin blocks:                  1584 Byte
20220313 033903.601 INFO             PET0 PIOc_sync Enter - MemInfo: [malloc] Total allocated space:                      11181440 Byte
20220313 033903.601 INFO             PET0 PIOc_sync Enter - MemInfo: [malloc] Total free space:                           11420288 Byte
20220313 033903.601 INFO             PET0 PIOc_sync Enter - MemInfo: [malloc] Top-most, releasable space:                  7035984 Byte
20220313 033903.601 INFO             PET0 PIOc_sync Enter - MemInfo: [malloc] Total space in use, mmap + non-mmap:        14892416 Byte
20220313 033903.601 INFO             PET0 PIOc_sync Enter - MemInfo: [malloc] Total space held (mmap + non-mmap):         26312704 Byte
20220313 033903.601 INFO             PET0 PIOc_sync Enter - MemInfo: [malloc] Total space used (mmap + non-mmap):         14900736 Byte
20220313 033903.601 INFO             PET0 PIOc_sync Enter - MemInfo: Wall-clock time since execution start:               0.218633 seconds
20220313 033903.602 INFO             PET0 PIOc_sync Exit - MemInfo: [/proc/meminfo - SSI]	MemTotal:       527077124 kB
20220313 033903.602 INFO             PET0 PIOc_sync Exit - MemInfo: [/proc/meminfo - SSI]	MemFree:        518449732 kB
20220313 033903.602 INFO             PET0 PIOc_sync Exit - MemInfo: [/proc/meminfo - SSI]	MemAvailable:   517918448 kB
20220313 033903.602 INFO             PET0 PIOc_sync Exit - MemInfo: [/proc/meminfo - SSI]	Committed_AS:    1733300 kB
20220313 033903.602 INFO             PET0 PIOc_sync Exit - MemInfo: [/proc/meminfo - SSI]	CommittedPercent: 0.328851 %
20220313 033903.602 INFO             PET0 PIOc_sync Exit - MemInfo: [/proc/self/status]	VmPeak:	  180508 kB
20220313 033903.602 INFO             PET0 PIOc_sync Exit - MemInfo: [/proc/self/status]	VmSize:	  180508 kB
20220313 033903.602 INFO             PET0 PIOc_sync Exit - MemInfo: [/proc/self/status]	VmLck:	       0 kB
20220313 033903.602 INFO             PET0 PIOc_sync Exit - MemInfo: [/proc/self/status]	VmPin:	       0 kB
20220313 033903.602 INFO             PET0 PIOc_sync Exit - MemInfo: [/proc/self/status]	VmHWM:	   42584 kB
20220313 033903.602 INFO             PET0 PIOc_sync Exit - MemInfo: [/proc/self/status]	VmRSS:	   42560 kB
20220313 033903.602 INFO             PET0 PIOc_sync Exit - MemInfo: [/proc/self/status]	VmData:	   29400 kB
20220313 033903.602 INFO             PET0 PIOc_sync Exit - MemInfo: [/proc/self/status]	VmStk:	     156 kB
20220313 033903.602 INFO             PET0 PIOc_sync Exit - MemInfo: [/proc/self/status]	VmExe:	     220 kB
20220313 033903.602 INFO             PET0 PIOc_sync Exit - MemInfo: [/proc/self/status]	VmLib:	   77104 kB
20220313 033903.602 INFO             PET0 PIOc_sync Exit - MemInfo: [/proc/self/status]	VmPTE:	     360 kB
20220313 033903.602 INFO             PET0 PIOc_sync Exit - MemInfo: [/proc/self/status]	VmSwap:	       0 kB
20220313 033903.602 INFO             PET0 PIOc_sync Exit - MemInfo: [/proc/self/status]	VmRSSPercent: 0.00807472 %
20220313 033903.602 INFO             PET0 PIOc_sync Exit - MemInfo: [malloc] Non-mmapped space allocated:                22601728 Byte
20220313 033903.602 INFO             PET0 PIOc_sync Exit - MemInfo: [malloc] Space allocated in mmapped regions:          3710976 Byte
20220313 033903.602 INFO             PET0 PIOc_sync Exit - MemInfo: [malloc] Maximum total allocated space:                     0 Byte
20220313 033903.602 INFO             PET0 PIOc_sync Exit - MemInfo: [malloc] Space in freed fastbin blocks:                   160 Byte
20220313 033903.602 INFO             PET0 PIOc_sync Exit - MemInfo: [malloc] Total allocated space:                      11181696 Byte
20220313 033903.602 INFO             PET0 PIOc_sync Exit - MemInfo: [malloc] Total free space:                           11420032 Byte
20220313 033903.602 INFO             PET0 PIOc_sync Exit - MemInfo: [malloc] Top-most, releasable space:                  7035984 Byte
20220313 033903.602 INFO             PET0 PIOc_sync Exit - MemInfo: [malloc] Total space in use, mmap + non-mmap:        14892672 Byte
20220313 033903.602 INFO             PET0 PIOc_sync Exit - MemInfo: [malloc] Total space held (mmap + non-mmap):         26312704 Byte
20220313 033903.602 INFO             PET0 PIOc_sync Exit - MemInfo: [malloc] Total space used (mmap + non-mmap):         14900880 Byte
20220313 033903.602 INFO             PET0 PIOc_sync Exit - MemInfo: Wall-clock time since execution start:               0.218871 seconds
20220313 033903.602 INFO             PET0 PIOc_freedecomp Enter - MemInfo: [/proc/meminfo - SSI]	MemTotal:       527077124 kB
20220313 033903.602 INFO             PET0 PIOc_freedecomp Enter - MemInfo: [/proc/meminfo - SSI]	MemFree:        518449732 kB
20220313 033903.602 INFO             PET0 PIOc_freedecomp Enter - MemInfo: [/proc/meminfo - SSI]	MemAvailable:   517918448 kB
20220313 033903.602 INFO             PET0 PIOc_freedecomp Enter - MemInfo: [/proc/meminfo - SSI]	Committed_AS:    1733300 kB
20220313 033903.602 INFO             PET0 PIOc_freedecomp Enter - MemInfo: [/proc/meminfo - SSI]	CommittedPercent: 0.328851 %
20220313 033903.602 INFO             PET0 PIOc_freedecomp Enter - MemInfo: [/proc/self/status]	VmPeak:	  180508 kB
20220313 033903.602 INFO             PET0 PIOc_freedecomp Enter - MemInfo: [/proc/self/status]	VmSize:	  180508 kB
20220313 033903.602 INFO             PET0 PIOc_freedecomp Enter - MemInfo: [/proc/self/status]	VmLck:	       0 kB
20220313 033903.602 INFO             PET0 PIOc_freedecomp Enter - MemInfo: [/proc/self/status]	VmPin:	       0 kB
20220313 033903.602 INFO             PET0 PIOc_freedecomp Enter - MemInfo: [/proc/self/status]	VmHWM:	   42584 kB
20220313 033903.602 INFO             PET0 PIOc_freedecomp Enter - MemInfo: [/proc/self/status]	VmRSS:	   42560 kB
20220313 033903.602 INFO             PET0 PIOc_freedecomp Enter - MemInfo: [/proc/self/status]	VmData:	   29400 kB
20220313 033903.602 INFO             PET0 PIOc_freedecomp Enter - MemInfo: [/proc/self/status]	VmStk:	     156 kB
20220313 033903.602 INFO             PET0 PIOc_freedecomp Enter - MemInfo: [/proc/self/status]	VmExe:	     220 kB
20220313 033903.602 INFO             PET0 PIOc_freedecomp Enter - MemInfo: [/proc/self/status]	VmLib:	   77104 kB
20220313 033903.602 INFO             PET0 PIOc_freedecomp Enter - MemInfo: [/proc/self/status]	VmPTE:	     360 kB
20220313 033903.602 INFO             PET0 PIOc_freedecomp Enter - MemInfo: [/proc/self/status]	VmSwap:	       0 kB
20220313 033903.602 INFO             PET0 PIOc_freedecomp Enter - MemInfo: [/proc/self/status]	VmRSSPercent: 0.00807472 %
20220313 033903.602 INFO             PET0 PIOc_freedecomp Enter - MemInfo: [malloc] Non-mmapped space allocated:                22601728 Byte
20220313 033903.602 INFO             PET0 PIOc_freedecomp Enter - MemInfo: [malloc] Space allocated in mmapped regions:          3710976 Byte
20220313 033903.602 INFO             PET0 PIOc_freedecomp Enter - MemInfo: [malloc] Maximum total allocated space:                     0 Byte
20220313 033903.602 INFO             PET0 PIOc_freedecomp Enter - MemInfo: [malloc] Space in freed fastbin blocks:                   272 Byte
20220313 033903.602 INFO             PET0 PIOc_freedecomp Enter - MemInfo: [malloc] Total allocated space:                       2254224 Byte
20220313 033903.602 INFO             PET0 PIOc_freedecomp Enter - MemInfo: [malloc] Total free space:                           20347504 Byte
20220313 033903.602 INFO             PET0 PIOc_freedecomp Enter - MemInfo: [malloc] Top-most, releasable space:                 15424608 Byte
20220313 033903.602 INFO             PET0 PIOc_freedecomp Enter - MemInfo: [malloc] Total space in use, mmap + non-mmap:         5965200 Byte
20220313 033903.602 INFO             PET0 PIOc_freedecomp Enter - MemInfo: [malloc] Total space held (mmap + non-mmap):         26312704 Byte
20220313 033903.602 INFO             PET0 PIOc_freedecomp Enter - MemInfo: [malloc] Total space used (mmap + non-mmap):          5973408 Byte
20220313 033903.602 INFO             PET0 PIOc_freedecomp Enter - MemInfo: Wall-clock time since execution start:               0.219142 seconds
20220313 033903.602 INFO             PET0 PIOc_freedecomp Exit - MemInfo: [/proc/meminfo - SSI]	MemTotal:       527077124 kB
20220313 033903.602 INFO             PET0 PIOc_freedecomp Exit - MemInfo: [/proc/meminfo - SSI]	MemFree:        518449732 kB
20220313 033903.602 INFO             PET0 PIOc_freedecomp Exit - MemInfo: [/proc/meminfo - SSI]	MemAvailable:   517918448 kB
20220313 033903.602 INFO             PET0 PIOc_freedecomp Exit - MemInfo: [/proc/meminfo - SSI]	Committed_AS:    1733300 kB
20220313 033903.602 INFO             PET0 PIOc_freedecomp Exit - MemInfo: [/proc/meminfo - SSI]	CommittedPercent: 0.328851 %
20220313 033903.602 INFO             PET0 PIOc_freedecomp Exit - MemInfo: [/proc/self/status]	VmPeak:	  180508 kB
20220313 033903.602 INFO             PET0 PIOc_freedecomp Exit - MemInfo: [/proc/self/status]	VmSize:	  180508 kB
20220313 033903.602 INFO             PET0 PIOc_freedecomp Exit - MemInfo: [/proc/self/status]	VmLck:	       0 kB
20220313 033903.602 INFO             PET0 PIOc_freedecomp Exit - MemInfo: [/proc/self/status]	VmPin:	       0 kB
20220313 033903.602 INFO             PET0 PIOc_freedecomp Exit - MemInfo: [/proc/self/status]	VmHWM:	   42584 kB
20220313 033903.602 INFO             PET0 PIOc_freedecomp Exit - MemInfo: [/proc/self/status]	VmRSS:	   42560 kB
20220313 033903.602 INFO             PET0 PIOc_freedecomp Exit - MemInfo: [/proc/self/status]	VmData:	   29400 kB
20220313 033903.602 INFO             PET0 PIOc_freedecomp Exit - MemInfo: [/proc/self/status]	VmStk:	     156 kB
20220313 033903.602 INFO             PET0 PIOc_freedecomp Exit - MemInfo: [/proc/self/status]	VmExe:	     220 kB
20220313 033903.602 INFO             PET0 PIOc_freedecomp Exit - MemInfo: [/proc/self/status]	VmLib:	   77104 kB
20220313 033903.602 INFO             PET0 PIOc_freedecomp Exit - MemInfo: [/proc/self/status]	VmPTE:	     360 kB
20220313 033903.602 INFO             PET0 PIOc_freedecomp Exit - MemInfo: [/proc/self/status]	VmSwap:	       0 kB
20220313 033903.602 INFO             PET0 PIOc_freedecomp Exit - MemInfo: [/proc/self/status]	VmRSSPercent: 0.00807472 %
20220313 033903.602 INFO             PET0 PIOc_freedecomp Exit - MemInfo: [malloc] Non-mmapped space allocated:                22601728 Byte
20220313 033903.602 INFO             PET0 PIOc_freedecomp Exit - MemInfo: [malloc] Space allocated in mmapped regions:          3710976 Byte
20220313 033903.602 INFO             PET0 PIOc_freedecomp Exit - MemInfo: [malloc] Maximum total allocated space:                     0 Byte
20220313 033903.602 INFO             PET0 PIOc_freedecomp Exit - MemInfo: [malloc] Space in freed fastbin blocks:                   784 Byte
20220313 033903.602 INFO             PET0 PIOc_freedecomp Exit - MemInfo: [malloc] Total allocated space:                       2252608 Byte
20220313 033903.602 INFO             PET0 PIOc_freedecomp Exit - MemInfo: [malloc] Total free space:                           20349120 Byte
20220313 033903.602 INFO             PET0 PIOc_freedecomp Exit - MemInfo: [malloc] Top-most, releasable space:                 15424608 Byte
20220313 033903.602 INFO             PET0 PIOc_freedecomp Exit - MemInfo: [malloc] Total space in use, mmap + non-mmap:         5963584 Byte
20220313 033903.602 INFO             PET0 PIOc_freedecomp Exit - MemInfo: [malloc] Total space held (mmap + non-mmap):         26312704 Byte
20220313 033903.602 INFO             PET0 PIOc_freedecomp Exit - MemInfo: [malloc] Total space used (mmap + non-mmap):          5971792 Byte
20220313 033903.602 INFO             PET0 PIOc_freedecomp Exit - MemInfo: Wall-clock time since execution start:               0.219328 seconds
20220313 033903.603 INFO             PET0  PASS  Test RouteHandleDestroy(), ESMF_RouteHandleAdvancedUTest.F90, line 633
20220313 033903.603 INFO             PET0  PASS  Apply the copied Routehandle, ESMF_RouteHandleAdvancedUTest.F90, line 643
20220313 033903.603 INFO             PET0  PASS  Test RouteHandleDestroy() for the copied Routehandle, ESMF_RouteHandleAdvancedUTest.F90, line 651
20220313 033903.603 INFO             PET0  PASS  Test ESMF_DynamicMaskSetR4R4R4(), ESMF_RouteHandleAdvancedUTest.F90, line 716
20220313 033903.603 INFO             PET0  PASS  Test ESMF_DynamicMaskSetR4R4R4V(), ESMF_RouteHandleAdvancedUTest.F90, line 725
20220313 033903.603 INFO             PET0  PASS  Test ESMF_DynamicMaskSetR4R8R4V(), ESMF_RouteHandleAdvancedUTest.F90, line 734
20220313 033903.603 INFO             PET0  Ending Test, file ESMF_RouteHandleAdvancedUTest.F90, line 749
20220313 033903.603 INFO             PET0 Finalizing ESMF
20220313 033903.384 INFO             PET1 !!!!!!!!!!!!!!!!!!!!!!!!!!!!!!!!!!!!!!!!!!!!!!!!!!!!!!
20220313 033903.384 INFO             PET1 !!! THE ESMF_LOG IS SET TO OUTPUT ALL LOG MESSAGES !!!
20220313 033903.384 INFO             PET1 !!!     THIS MAY CAUSE SLOWDOWN IN PERFORMANCE     !!!
20220313 033903.384 INFO             PET1 !!! FOR PRODUCTION RUNS, USE:                      !!!
20220313 033903.384 INFO             PET1 !!!                   ESMF_LOGKIND_Multi_On_Error  !!!
20220313 033903.384 INFO             PET1 !!!!!!!!!!!!!!!!!!!!!!!!!!!!!!!!!!!!!!!!!!!!!!!!!!!!!!
20220313 033903.384 INFO             PET1 Running with ESMF Version   : v8.3.0b09-96-g559b459836
20220313 033903.384 INFO             PET1 ESMF library build date/time: "Mar 13 2022" "03:31:26"
20220313 033903.384 INFO             PET1 ESMF library build location : /lfs/h1/emc/ptmp/Mark.Potts/gfortran_10.3.0_mpich3_O_jedwards_pio_update2
20220313 033903.384 INFO             PET1 ESMF_COMM                   : mpich3
20220313 033903.385 INFO             PET1 ESMF_MOAB                   : enabled
20220313 033903.385 INFO             PET1 ESMF_LAPACK                 : enabled
20220313 033903.385 INFO             PET1 ESMF_NETCDF                 : enabled
20220313 033903.385 INFO             PET1 ESMF_PNETCDF                : disabled
20220313 033903.385 INFO             PET1 ESMF_PIO                    : enabled
20220313 033903.385 INFO             PET1 ESMF_YAMLCPP                : enabled
20220313 033903.385 INFO             PET1  Beginning Test, file ESMF_RouteHandleAdvancedUTest.F90, line 346
20220313 033903.385 INFO             PET1  NUMBER_OF_PROCESSORS           4
20220313 033903.389 INFO             PET1 ESMF_FieldRedistStoreNF(): Just entered routine.
20220313 033903.488 INFO             PET1 ESMF_FieldRedistStoreNF(): Leaving routine.
20220313 033903.488 INFO             PET1  PASS  Create RouteHandle for the original petList, ESMF_RouteHandleAdvancedUTest.F90, line 511
20220313 033903.488 INFO             PET1  PASS  Test RouteHandleIsCreated(), ESMF_RouteHandleAdvancedUTest.F90, line 519
20220313 033903.488 INFO             PET1  PASS  Test RouteHandleIsCreated() return value, ESMF_RouteHandleAdvancedUTest.F90, line 526
20220313 033903.488 INFO             PET1  PASS  Test RouteHandleGet(), ESMF_RouteHandleAdvancedUTest.F90, line 534
20220313 033903.492 INFO             PET1  PASS  Test RouteHandleWrite(), ESMF_RouteHandleAdvancedUTest.F90, line 542
20220313 033903.492 INFO             PET1  PASS  Test RouteHandleDestroy(), ESMF_RouteHandleAdvancedUTest.F90, line 550
20220313 033903.494 INFO             PET1  PASS  Test RouteHandleCreate(from file), ESMF_RouteHandleAdvancedUTest.F90, line 558
20220313 033903.495 INFO             PET1  PASS  Apply the read in Routehandle, ESMF_RouteHandleAdvancedUTest.F90, line 567
20220313 033903.495 INFO             PET1  PASS  Test RouteHandleDestroy() for the read in Routehandle, ESMF_RouteHandleAdvancedUTest.F90, line 575
20220313 033903.495 INFO             PET1 ESMF_FieldRedistStoreNF(): Just entered routine.
20220313 033903.589 INFO             PET1 ESMF_FieldRedistStoreNF(): Leaving routine.
20220313 033903.589 INFO             PET1  PASS  Create RouteHandle for the original petList, ESMF_RouteHandleAdvancedUTest.F90, line 585
20220313 033903.589 INFO             PET1  PASS  Transfer RouteHandle to a different petList, ESMF_RouteHandleAdvancedUTest.F90, line 602
20220313 033903.595 INFO             PET1 PIOc_sync Enter - MemInfo: [/proc/meminfo - SSI]	MemTotal:       527077124 kB
20220313 033903.595 INFO             PET1 PIOc_sync Enter - MemInfo: [/proc/meminfo - SSI]	MemFree:        518449796 kB
20220313 033903.595 INFO             PET1 PIOc_sync Enter - MemInfo: [/proc/meminfo - SSI]	MemAvailable:   517918512 kB
20220313 033903.595 INFO             PET1 PIOc_sync Enter - MemInfo: [/proc/meminfo - SSI]	Committed_AS:    1733300 kB
20220313 033903.595 INFO             PET1 PIOc_sync Enter - MemInfo: [/proc/meminfo - SSI]	CommittedPercent: 0.328851 %
20220313 033903.595 INFO             PET1 PIOc_sync Enter - MemInfo: [/proc/self/status]	VmPeak:	  180500 kB
20220313 033903.595 INFO             PET1 PIOc_sync Enter - MemInfo: [/proc/self/status]	VmSize:	  180500 kB
20220313 033903.595 INFO             PET1 PIOc_sync Enter - MemInfo: [/proc/self/status]	VmLck:	       0 kB
20220313 033903.595 INFO             PET1 PIOc_sync Enter - MemInfo: [/proc/self/status]	VmPin:	       0 kB
20220313 033903.595 INFO             PET1 PIOc_sync Enter - MemInfo: [/proc/self/status]	VmHWM:	   36680 kB
20220313 033903.595 INFO             PET1 PIOc_sync Enter - MemInfo: [/proc/self/status]	VmRSS:	   36680 kB
20220313 033903.595 INFO             PET1 PIOc_sync Enter - MemInfo: [/proc/self/status]	VmData:	   29392 kB
20220313 033903.595 INFO             PET1 PIOc_sync Enter - MemInfo: [/proc/self/status]	VmStk:	     156 kB
20220313 033903.595 INFO             PET1 PIOc_sync Enter - MemInfo: [/proc/self/status]	VmExe:	     220 kB
20220313 033903.595 INFO             PET1 PIOc_sync Enter - MemInfo: [/proc/self/status]	VmLib:	   77104 kB
20220313 033903.595 INFO             PET1 PIOc_sync Enter - MemInfo: [/proc/self/status]	VmPTE:	     348 kB
20220313 033903.595 INFO             PET1 PIOc_sync Enter - MemInfo: [/proc/self/status]	VmSwap:	       0 kB
20220313 033903.595 INFO             PET1 PIOc_sync Enter - MemInfo: [/proc/self/status]	VmRSSPercent: 0.00695913 %
20220313 033903.595 INFO             PET1 PIOc_sync Enter - MemInfo: [malloc] Non-mmapped space allocated:                22593536 Byte
20220313 033903.595 INFO             PET1 PIOc_sync Enter - MemInfo: [malloc] Space allocated in mmapped regions:          3710976 Byte
20220313 033903.595 INFO             PET1 PIOc_sync Enter - MemInfo: [malloc] Maximum total allocated space:                     0 Byte
20220313 033903.595 INFO             PET1 PIOc_sync Enter - MemInfo: [malloc] Space in freed fastbin blocks:                    32 Byte
20220313 033903.595 INFO             PET1 PIOc_sync Enter - MemInfo: [malloc] Total allocated space:                       1633760 Byte
20220313 033903.595 INFO             PET1 PIOc_sync Enter - MemInfo: [malloc] Total free space:                           20959776 Byte
20220313 033903.595 INFO             PET1 PIOc_sync Enter - MemInfo: [malloc] Top-most, releasable space:                 15421280 Byte
20220313 033903.595 INFO             PET1 PIOc_sync Enter - MemInfo: [malloc] Total space in use, mmap + non-mmap:         5344736 Byte
20220313 033903.595 INFO             PET1 PIOc_sync Enter - MemInfo: [malloc] Total space held (mmap + non-mmap):         26304512 Byte
20220313 033903.595 INFO             PET1 PIOc_sync Enter - MemInfo: [malloc] Total space used (mmap + non-mmap):          5352944 Byte
20220313 033903.595 INFO             PET1 PIOc_sync Enter - MemInfo: Wall-clock time since execution start:               0.212374 seconds
20220313 033903.595 INFO             PET1 PIOc_sync Exit - MemInfo: [/proc/meminfo - SSI]	MemTotal:       527077124 kB
20220313 033903.595 INFO             PET1 PIOc_sync Exit - MemInfo: [/proc/meminfo - SSI]	MemFree:        518449796 kB
20220313 033903.595 INFO             PET1 PIOc_sync Exit - MemInfo: [/proc/meminfo - SSI]	MemAvailable:   517918512 kB
20220313 033903.595 INFO             PET1 PIOc_sync Exit - MemInfo: [/proc/meminfo - SSI]	Committed_AS:    1733300 kB
20220313 033903.595 INFO             PET1 PIOc_sync Exit - MemInfo: [/proc/meminfo - SSI]	CommittedPercent: 0.328851 %
20220313 033903.595 INFO             PET1 PIOc_sync Exit - MemInfo: [/proc/self/status]	VmPeak:	  180500 kB
20220313 033903.595 INFO             PET1 PIOc_sync Exit - MemInfo: [/proc/self/status]	VmSize:	  180500 kB
20220313 033903.595 INFO             PET1 PIOc_sync Exit - MemInfo: [/proc/self/status]	VmLck:	       0 kB
20220313 033903.595 INFO             PET1 PIOc_sync Exit - MemInfo: [/proc/self/status]	VmPin:	       0 kB
20220313 033903.595 INFO             PET1 PIOc_sync Exit - MemInfo: [/proc/self/status]	VmHWM:	   36680 kB
20220313 033903.595 INFO             PET1 PIOc_sync Exit - MemInfo: [/proc/self/status]	VmRSS:	   36680 kB
20220313 033903.595 INFO             PET1 PIOc_sync Exit - MemInfo: [/proc/self/status]	VmData:	   29392 kB
20220313 033903.595 INFO             PET1 PIOc_sync Exit - MemInfo: [/proc/self/status]	VmStk:	     156 kB
20220313 033903.595 INFO             PET1 PIOc_sync Exit - MemInfo: [/proc/self/status]	VmExe:	     220 kB
20220313 033903.595 INFO             PET1 PIOc_sync Exit - MemInfo: [/proc/self/status]	VmLib:	   77104 kB
20220313 033903.595 INFO             PET1 PIOc_sync Exit - MemInfo: [/proc/self/status]	VmPTE:	     348 kB
20220313 033903.595 INFO             PET1 PIOc_sync Exit - MemInfo: [/proc/self/status]	VmSwap:	       0 kB
20220313 033903.595 INFO             PET1 PIOc_sync Exit - MemInfo: [/proc/self/status]	VmRSSPercent: 0.00695913 %
20220313 033903.595 INFO             PET1 PIOc_sync Exit - MemInfo: [malloc] Non-mmapped space allocated:                22593536 Byte
20220313 033903.595 INFO             PET1 PIOc_sync Exit - MemInfo: [malloc] Space allocated in mmapped regions:          3710976 Byte
20220313 033903.595 INFO             PET1 PIOc_sync Exit - MemInfo: [malloc] Maximum total allocated space:                     0 Byte
20220313 033903.595 INFO             PET1 PIOc_sync Exit - MemInfo: [malloc] Space in freed fastbin blocks:                     0 Byte
20220313 033903.595 INFO             PET1 PIOc_sync Exit - MemInfo: [malloc] Total allocated space:                       1634208 Byte
20220313 033903.595 INFO             PET1 PIOc_sync Exit - MemInfo: [malloc] Total free space:                           20959328 Byte
20220313 033903.595 INFO             PET1 PIOc_sync Exit - MemInfo: [malloc] Top-most, releasable space:                 15421280 Byte
20220313 033903.595 INFO             PET1 PIOc_sync Exit - MemInfo: [malloc] Total space in use, mmap + non-mmap:         5345184 Byte
20220313 033903.595 INFO             PET1 PIOc_sync Exit - MemInfo: [malloc] Total space held (mmap + non-mmap):         26304512 Byte
20220313 033903.595 INFO             PET1 PIOc_sync Exit - MemInfo: [malloc] Total space used (mmap + non-mmap):          5353392 Byte
20220313 033903.595 INFO             PET1 PIOc_sync Exit - MemInfo: Wall-clock time since execution start:               0.212664 seconds
20220313 033903.596 INFO             PET1 PIOc_freedecomp Enter - MemInfo: [/proc/meminfo - SSI]	MemTotal:       527077124 kB
20220313 033903.596 INFO             PET1 PIOc_freedecomp Enter - MemInfo: [/proc/meminfo - SSI]	MemFree:        518449796 kB
20220313 033903.596 INFO             PET1 PIOc_freedecomp Enter - MemInfo: [/proc/meminfo - SSI]	MemAvailable:   517918512 kB
20220313 033903.596 INFO             PET1 PIOc_freedecomp Enter - MemInfo: [/proc/meminfo - SSI]	Committed_AS:    1733300 kB
20220313 033903.596 INFO             PET1 PIOc_freedecomp Enter - MemInfo: [/proc/meminfo - SSI]	CommittedPercent: 0.328851 %
20220313 033903.596 INFO             PET1 PIOc_freedecomp Enter - MemInfo: [/proc/self/status]	VmPeak:	  180500 kB
20220313 033903.596 INFO             PET1 PIOc_freedecomp Enter - MemInfo: [/proc/self/status]	VmSize:	  180500 kB
20220313 033903.596 INFO             PET1 PIOc_freedecomp Enter - MemInfo: [/proc/self/status]	VmLck:	       0 kB
20220313 033903.596 INFO             PET1 PIOc_freedecomp Enter - MemInfo: [/proc/self/status]	VmPin:	       0 kB
20220313 033903.596 INFO             PET1 PIOc_freedecomp Enter - MemInfo: [/proc/self/status]	VmHWM:	   36680 kB
20220313 033903.596 INFO             PET1 PIOc_freedecomp Enter - MemInfo: [/proc/self/status]	VmRSS:	   36680 kB
20220313 033903.596 INFO             PET1 PIOc_freedecomp Enter - MemInfo: [/proc/self/status]	VmData:	   29392 kB
20220313 033903.596 INFO             PET1 PIOc_freedecomp Enter - MemInfo: [/proc/self/status]	VmStk:	     156 kB
20220313 033903.596 INFO             PET1 PIOc_freedecomp Enter - MemInfo: [/proc/self/status]	VmExe:	     220 kB
20220313 033903.596 INFO             PET1 PIOc_freedecomp Enter - MemInfo: [/proc/self/status]	VmLib:	   77104 kB
20220313 033903.596 INFO             PET1 PIOc_freedecomp Enter - MemInfo: [/proc/self/status]	VmPTE:	     348 kB
20220313 033903.596 INFO             PET1 PIOc_freedecomp Enter - MemInfo: [/proc/self/status]	VmSwap:	       0 kB
20220313 033903.596 INFO             PET1 PIOc_freedecomp Enter - MemInfo: [/proc/self/status]	VmRSSPercent: 0.00695913 %
20220313 033903.596 INFO             PET1 PIOc_freedecomp Enter - MemInfo: [malloc] Non-mmapped space allocated:                22593536 Byte
20220313 033903.596 INFO             PET1 PIOc_freedecomp Enter - MemInfo: [malloc] Space allocated in mmapped regions:          3710976 Byte
20220313 033903.596 INFO             PET1 PIOc_freedecomp Enter - MemInfo: [malloc] Maximum total allocated space:                     0 Byte
20220313 033903.596 INFO             PET1 PIOc_freedecomp Enter - MemInfo: [malloc] Space in freed fastbin blocks:                     0 Byte
20220313 033903.596 INFO             PET1 PIOc_freedecomp Enter - MemInfo: [malloc] Total allocated space:                       1634432 Byte
20220313 033903.596 INFO             PET1 PIOc_freedecomp Enter - MemInfo: [malloc] Total free space:                           20959104 Byte
20220313 033903.596 INFO             PET1 PIOc_freedecomp Enter - MemInfo: [malloc] Top-most, releasable space:                 15421280 Byte
20220313 033903.596 INFO             PET1 PIOc_freedecomp Enter - MemInfo: [malloc] Total space in use, mmap + non-mmap:         5345408 Byte
20220313 033903.596 INFO             PET1 PIOc_freedecomp Enter - MemInfo: [malloc] Total space held (mmap + non-mmap):         26304512 Byte
20220313 033903.596 INFO             PET1 PIOc_freedecomp Enter - MemInfo: [malloc] Total space used (mmap + non-mmap):          5353616 Byte
20220313 033903.596 INFO             PET1 PIOc_freedecomp Enter - MemInfo: Wall-clock time since execution start:               0.213013 seconds
20220313 033903.596 INFO             PET1 PIOc_freedecomp Exit - MemInfo: [/proc/meminfo - SSI]	MemTotal:       527077124 kB
20220313 033903.596 INFO             PET1 PIOc_freedecomp Exit - MemInfo: [/proc/meminfo - SSI]	MemFree:        518449796 kB
20220313 033903.596 INFO             PET1 PIOc_freedecomp Exit - MemInfo: [/proc/meminfo - SSI]	MemAvailable:   517918512 kB
20220313 033903.596 INFO             PET1 PIOc_freedecomp Exit - MemInfo: [/proc/meminfo - SSI]	Committed_AS:    1733300 kB
20220313 033903.596 INFO             PET1 PIOc_freedecomp Exit - MemInfo: [/proc/meminfo - SSI]	CommittedPercent: 0.328851 %
20220313 033903.596 INFO             PET1 PIOc_freedecomp Exit - MemInfo: [/proc/self/status]	VmPeak:	  180500 kB
20220313 033903.596 INFO             PET1 PIOc_freedecomp Exit - MemInfo: [/proc/self/status]	VmSize:	  180500 kB
20220313 033903.596 INFO             PET1 PIOc_freedecomp Exit - MemInfo: [/proc/self/status]	VmLck:	       0 kB
20220313 033903.596 INFO             PET1 PIOc_freedecomp Exit - MemInfo: [/proc/self/status]	VmPin:	       0 kB
20220313 033903.596 INFO             PET1 PIOc_freedecomp Exit - MemInfo: [/proc/self/status]	VmHWM:	   36680 kB
20220313 033903.596 INFO             PET1 PIOc_freedecomp Exit - MemInfo: [/proc/self/status]	VmRSS:	   36680 kB
20220313 033903.596 INFO             PET1 PIOc_freedecomp Exit - MemInfo: [/proc/self/status]	VmData:	   29392 kB
20220313 033903.596 INFO             PET1 PIOc_freedecomp Exit - MemInfo: [/proc/self/status]	VmStk:	     156 kB
20220313 033903.596 INFO             PET1 PIOc_freedecomp Exit - MemInfo: [/proc/self/status]	VmExe:	     220 kB
20220313 033903.596 INFO             PET1 PIOc_freedecomp Exit - MemInfo: [/proc/self/status]	VmLib:	   77104 kB
20220313 033903.596 INFO             PET1 PIOc_freedecomp Exit - MemInfo: [/proc/self/status]	VmPTE:	     348 kB
20220313 033903.596 INFO             PET1 PIOc_freedecomp Exit - MemInfo: [/proc/self/status]	VmSwap:	       0 kB
20220313 033903.596 INFO             PET1 PIOc_freedecomp Exit - MemInfo: [/proc/self/status]	VmRSSPercent: 0.00695913 %
20220313 033903.596 INFO             PET1 PIOc_freedecomp Exit - MemInfo: [malloc] Non-mmapped space allocated:                22593536 Byte
20220313 033903.596 INFO             PET1 PIOc_freedecomp Exit - MemInfo: [malloc] Space allocated in mmapped regions:          3710976 Byte
20220313 033903.596 INFO             PET1 PIOc_freedecomp Exit - MemInfo: [malloc] Maximum total allocated space:                     0 Byte
20220313 033903.596 INFO             PET1 PIOc_freedecomp Exit - MemInfo: [malloc] Space in freed fastbin blocks:                   240 Byte
20220313 033903.596 INFO             PET1 PIOc_freedecomp Exit - MemInfo: [malloc] Total allocated space:                       1634416 Byte
20220313 033903.596 INFO             PET1 PIOc_freedecomp Exit - MemInfo: [malloc] Total free space:                           20959120 Byte
20220313 033903.596 INFO             PET1 PIOc_freedecomp Exit - MemInfo: [malloc] Top-most, releasable space:                 15421280 Byte
20220313 033903.596 INFO             PET1 PIOc_freedecomp Exit - MemInfo: [malloc] Total space in use, mmap + non-mmap:         5345392 Byte
20220313 033903.596 INFO             PET1 PIOc_freedecomp Exit - MemInfo: [malloc] Total space held (mmap + non-mmap):         26304512 Byte
20220313 033903.596 INFO             PET1 PIOc_freedecomp Exit - MemInfo: [malloc] Total space used (mmap + non-mmap):          5353600 Byte
20220313 033903.596 INFO             PET1 PIOc_freedecomp Exit - MemInfo: Wall-clock time since execution start:               0.213195 seconds
20220313 033903.597 INFO             PET1 PIOc_sync Enter - MemInfo: [/proc/meminfo - SSI]	MemTotal:       527077124 kB
20220313 033903.597 INFO             PET1 PIOc_sync Enter - MemInfo: [/proc/meminfo - SSI]	MemFree:        518449796 kB
20220313 033903.597 INFO             PET1 PIOc_sync Enter - MemInfo: [/proc/meminfo - SSI]	MemAvailable:   517918512 kB
20220313 033903.597 INFO             PET1 PIOc_sync Enter - MemInfo: [/proc/meminfo - SSI]	Committed_AS:    1733300 kB
20220313 033903.597 INFO             PET1 PIOc_sync Enter - MemInfo: [/proc/meminfo - SSI]	CommittedPercent: 0.328851 %
20220313 033903.597 INFO             PET1 PIOc_sync Enter - MemInfo: [/proc/self/status]	VmPeak:	  180500 kB
20220313 033903.597 INFO             PET1 PIOc_sync Enter - MemInfo: [/proc/self/status]	VmSize:	  180500 kB
20220313 033903.597 INFO             PET1 PIOc_sync Enter - MemInfo: [/proc/self/status]	VmLck:	       0 kB
20220313 033903.597 INFO             PET1 PIOc_sync Enter - MemInfo: [/proc/self/status]	VmPin:	       0 kB
20220313 033903.597 INFO             PET1 PIOc_sync Enter - MemInfo: [/proc/self/status]	VmHWM:	   36860 kB
20220313 033903.597 INFO             PET1 PIOc_sync Enter - MemInfo: [/proc/self/status]	VmRSS:	   36844 kB
20220313 033903.597 INFO             PET1 PIOc_sync Enter - MemInfo: [/proc/self/status]	VmData:	   29392 kB
20220313 033903.597 INFO             PET1 PIOc_sync Enter - MemInfo: [/proc/self/status]	VmStk:	     156 kB
20220313 033903.597 INFO             PET1 PIOc_sync Enter - MemInfo: [/proc/self/status]	VmExe:	     220 kB
20220313 033903.597 INFO             PET1 PIOc_sync Enter - MemInfo: [/proc/self/status]	VmLib:	   77104 kB
20220313 033903.597 INFO             PET1 PIOc_sync Enter - MemInfo: [/proc/self/status]	VmPTE:	     348 kB
20220313 033903.597 INFO             PET1 PIOc_sync Enter - MemInfo: [/proc/self/status]	VmSwap:	       0 kB
20220313 033903.597 INFO             PET1 PIOc_sync Enter - MemInfo: [/proc/self/status]	VmRSSPercent: 0.00699025 %
20220313 033903.597 INFO             PET1 PIOc_sync Enter - MemInfo: [malloc] Non-mmapped space allocated:                22593536 Byte
20220313 033903.597 INFO             PET1 PIOc_sync Enter - MemInfo: [malloc] Space allocated in mmapped regions:          3710976 Byte
20220313 033903.597 INFO             PET1 PIOc_sync Enter - MemInfo: [malloc] Maximum total allocated space:                     0 Byte
20220313 033903.597 INFO             PET1 PIOc_sync Enter - MemInfo: [malloc] Space in freed fastbin blocks:                    32 Byte
20220313 033903.597 INFO             PET1 PIOc_sync Enter - MemInfo: [malloc] Total allocated space:                       1637920 Byte
20220313 033903.597 INFO             PET1 PIOc_sync Enter - MemInfo: [malloc] Total free space:                           20955616 Byte
20220313 033903.597 INFO             PET1 PIOc_sync Enter - MemInfo: [malloc] Top-most, releasable space:                 15421280 Byte
20220313 033903.597 INFO             PET1 PIOc_sync Enter - MemInfo: [malloc] Total space in use, mmap + non-mmap:         5348896 Byte
20220313 033903.597 INFO             PET1 PIOc_sync Enter - MemInfo: [malloc] Total space held (mmap + non-mmap):         26304512 Byte
20220313 033903.597 INFO             PET1 PIOc_sync Enter - MemInfo: [malloc] Total space used (mmap + non-mmap):          5357104 Byte
20220313 033903.597 INFO             PET1 PIOc_sync Enter - MemInfo: Wall-clock time since execution start:                0.21465 seconds
20220313 033903.598 INFO             PET1 PIOc_sync Exit - MemInfo: [/proc/meminfo - SSI]	MemTotal:       527077124 kB
20220313 033903.598 INFO             PET1 PIOc_sync Exit - MemInfo: [/proc/meminfo - SSI]	MemFree:        518449796 kB
20220313 033903.598 INFO             PET1 PIOc_sync Exit - MemInfo: [/proc/meminfo - SSI]	MemAvailable:   517918512 kB
20220313 033903.598 INFO             PET1 PIOc_sync Exit - MemInfo: [/proc/meminfo - SSI]	Committed_AS:    1733300 kB
20220313 033903.598 INFO             PET1 PIOc_sync Exit - MemInfo: [/proc/meminfo - SSI]	CommittedPercent: 0.328851 %
20220313 033903.598 INFO             PET1 PIOc_sync Exit - MemInfo: [/proc/self/status]	VmPeak:	  180500 kB
20220313 033903.598 INFO             PET1 PIOc_sync Exit - MemInfo: [/proc/self/status]	VmSize:	  180500 kB
20220313 033903.598 INFO             PET1 PIOc_sync Exit - MemInfo: [/proc/self/status]	VmLck:	       0 kB
20220313 033903.598 INFO             PET1 PIOc_sync Exit - MemInfo: [/proc/self/status]	VmPin:	       0 kB
20220313 033903.598 INFO             PET1 PIOc_sync Exit - MemInfo: [/proc/self/status]	VmHWM:	   36860 kB
20220313 033903.598 INFO             PET1 PIOc_sync Exit - MemInfo: [/proc/self/status]	VmRSS:	   36844 kB
20220313 033903.598 INFO             PET1 PIOc_sync Exit - MemInfo: [/proc/self/status]	VmData:	   29392 kB
20220313 033903.598 INFO             PET1 PIOc_sync Exit - MemInfo: [/proc/self/status]	VmStk:	     156 kB
20220313 033903.598 INFO             PET1 PIOc_sync Exit - MemInfo: [/proc/self/status]	VmExe:	     220 kB
20220313 033903.598 INFO             PET1 PIOc_sync Exit - MemInfo: [/proc/self/status]	VmLib:	   77104 kB
20220313 033903.598 INFO             PET1 PIOc_sync Exit - MemInfo: [/proc/self/status]	VmPTE:	     348 kB
20220313 033903.598 INFO             PET1 PIOc_sync Exit - MemInfo: [/proc/self/status]	VmSwap:	       0 kB
20220313 033903.598 INFO             PET1 PIOc_sync Exit - MemInfo: [/proc/self/status]	VmRSSPercent: 0.00699025 %
20220313 033903.598 INFO             PET1 PIOc_sync Exit - MemInfo: [malloc] Non-mmapped space allocated:                22593536 Byte
20220313 033903.598 INFO             PET1 PIOc_sync Exit - MemInfo: [malloc] Space allocated in mmapped regions:          3710976 Byte
20220313 033903.598 INFO             PET1 PIOc_sync Exit - MemInfo: [malloc] Maximum total allocated space:                     0 Byte
20220313 033903.598 INFO             PET1 PIOc_sync Exit - MemInfo: [malloc] Space in freed fastbin blocks:                     0 Byte
20220313 033903.598 INFO             PET1 PIOc_sync Exit - MemInfo: [malloc] Total allocated space:                       1638144 Byte
20220313 033903.598 INFO             PET1 PIOc_sync Exit - MemInfo: [malloc] Total free space:                           20955392 Byte
20220313 033903.598 INFO             PET1 PIOc_sync Exit - MemInfo: [malloc] Top-most, releasable space:                 15421280 Byte
20220313 033903.598 INFO             PET1 PIOc_sync Exit - MemInfo: [malloc] Total space in use, mmap + non-mmap:         5349120 Byte
20220313 033903.598 INFO             PET1 PIOc_sync Exit - MemInfo: [malloc] Total space held (mmap + non-mmap):         26304512 Byte
20220313 033903.598 INFO             PET1 PIOc_sync Exit - MemInfo: [malloc] Total space used (mmap + non-mmap):          5357328 Byte
20220313 033903.598 INFO             PET1 PIOc_sync Exit - MemInfo: Wall-clock time since execution start:               0.214883 seconds
20220313 033903.598 INFO             PET1 PIOc_freedecomp Enter - MemInfo: [/proc/meminfo - SSI]	MemTotal:       527077124 kB
20220313 033903.598 INFO             PET1 PIOc_freedecomp Enter - MemInfo: [/proc/meminfo - SSI]	MemFree:        518449796 kB
20220313 033903.598 INFO             PET1 PIOc_freedecomp Enter - MemInfo: [/proc/meminfo - SSI]	MemAvailable:   517918512 kB
20220313 033903.598 INFO             PET1 PIOc_freedecomp Enter - MemInfo: [/proc/meminfo - SSI]	Committed_AS:    1733300 kB
20220313 033903.598 INFO             PET1 PIOc_freedecomp Enter - MemInfo: [/proc/meminfo - SSI]	CommittedPercent: 0.328851 %
20220313 033903.598 INFO             PET1 PIOc_freedecomp Enter - MemInfo: [/proc/self/status]	VmPeak:	  180500 kB
20220313 033903.598 INFO             PET1 PIOc_freedecomp Enter - MemInfo: [/proc/self/status]	VmSize:	  180500 kB
20220313 033903.598 INFO             PET1 PIOc_freedecomp Enter - MemInfo: [/proc/self/status]	VmLck:	       0 kB
20220313 033903.598 INFO             PET1 PIOc_freedecomp Enter - MemInfo: [/proc/self/status]	VmPin:	       0 kB
20220313 033903.598 INFO             PET1 PIOc_freedecomp Enter - MemInfo: [/proc/self/status]	VmHWM:	   36860 kB
20220313 033903.598 INFO             PET1 PIOc_freedecomp Enter - MemInfo: [/proc/self/status]	VmRSS:	   36844 kB
20220313 033903.598 INFO             PET1 PIOc_freedecomp Enter - MemInfo: [/proc/self/status]	VmData:	   29392 kB
20220313 033903.598 INFO             PET1 PIOc_freedecomp Enter - MemInfo: [/proc/self/status]	VmStk:	     156 kB
20220313 033903.598 INFO             PET1 PIOc_freedecomp Enter - MemInfo: [/proc/self/status]	VmExe:	     220 kB
20220313 033903.598 INFO             PET1 PIOc_freedecomp Enter - MemInfo: [/proc/self/status]	VmLib:	   77104 kB
20220313 033903.598 INFO             PET1 PIOc_freedecomp Enter - MemInfo: [/proc/self/status]	VmPTE:	     348 kB
20220313 033903.598 INFO             PET1 PIOc_freedecomp Enter - MemInfo: [/proc/self/status]	VmSwap:	       0 kB
20220313 033903.598 INFO             PET1 PIOc_freedecomp Enter - MemInfo: [/proc/self/status]	VmRSSPercent: 0.00699025 %
20220313 033903.598 INFO             PET1 PIOc_freedecomp Enter - MemInfo: [malloc] Non-mmapped space allocated:                22593536 Byte
20220313 033903.598 INFO             PET1 PIOc_freedecomp Enter - MemInfo: [malloc] Space allocated in mmapped regions:          3710976 Byte
20220313 033903.598 INFO             PET1 PIOc_freedecomp Enter - MemInfo: [malloc] Maximum total allocated space:                     0 Byte
20220313 033903.598 INFO             PET1 PIOc_freedecomp Enter - MemInfo: [malloc] Space in freed fastbin blocks:                     0 Byte
20220313 033903.598 INFO             PET1 PIOc_freedecomp Enter - MemInfo: [malloc] Total allocated space:                       1637168 Byte
20220313 033903.598 INFO             PET1 PIOc_freedecomp Enter - MemInfo: [malloc] Total free space:                           20956368 Byte
20220313 033903.598 INFO             PET1 PIOc_freedecomp Enter - MemInfo: [malloc] Top-most, releasable space:                 15421280 Byte
20220313 033903.598 INFO             PET1 PIOc_freedecomp Enter - MemInfo: [malloc] Total space in use, mmap + non-mmap:         5348144 Byte
20220313 033903.598 INFO             PET1 PIOc_freedecomp Enter - MemInfo: [malloc] Total space held (mmap + non-mmap):         26304512 Byte
20220313 033903.598 INFO             PET1 PIOc_freedecomp Enter - MemInfo: [malloc] Total space used (mmap + non-mmap):          5356352 Byte
20220313 033903.598 INFO             PET1 PIOc_freedecomp Enter - MemInfo: Wall-clock time since execution start:               0.215162 seconds
20220313 033903.598 INFO             PET1 PIOc_freedecomp Exit - MemInfo: [/proc/meminfo - SSI]	MemTotal:       527077124 kB
20220313 033903.598 INFO             PET1 PIOc_freedecomp Exit - MemInfo: [/proc/meminfo - SSI]	MemFree:        518449796 kB
20220313 033903.598 INFO             PET1 PIOc_freedecomp Exit - MemInfo: [/proc/meminfo - SSI]	MemAvailable:   517918512 kB
20220313 033903.598 INFO             PET1 PIOc_freedecomp Exit - MemInfo: [/proc/meminfo - SSI]	Committed_AS:    1733300 kB
20220313 033903.598 INFO             PET1 PIOc_freedecomp Exit - MemInfo: [/proc/meminfo - SSI]	CommittedPercent: 0.328851 %
20220313 033903.598 INFO             PET1 PIOc_freedecomp Exit - MemInfo: [/proc/self/status]	VmPeak:	  180500 kB
20220313 033903.598 INFO             PET1 PIOc_freedecomp Exit - MemInfo: [/proc/self/status]	VmSize:	  180500 kB
20220313 033903.598 INFO             PET1 PIOc_freedecomp Exit - MemInfo: [/proc/self/status]	VmLck:	       0 kB
20220313 033903.598 INFO             PET1 PIOc_freedecomp Exit - MemInfo: [/proc/self/status]	VmPin:	       0 kB
20220313 033903.598 INFO             PET1 PIOc_freedecomp Exit - MemInfo: [/proc/self/status]	VmHWM:	   36860 kB
20220313 033903.598 INFO             PET1 PIOc_freedecomp Exit - MemInfo: [/proc/self/status]	VmRSS:	   36844 kB
20220313 033903.598 INFO             PET1 PIOc_freedecomp Exit - MemInfo: [/proc/self/status]	VmData:	   29392 kB
20220313 033903.598 INFO             PET1 PIOc_freedecomp Exit - MemInfo: [/proc/self/status]	VmStk:	     156 kB
20220313 033903.598 INFO             PET1 PIOc_freedecomp Exit - MemInfo: [/proc/self/status]	VmExe:	     220 kB
20220313 033903.598 INFO             PET1 PIOc_freedecomp Exit - MemInfo: [/proc/self/status]	VmLib:	   77104 kB
20220313 033903.598 INFO             PET1 PIOc_freedecomp Exit - MemInfo: [/proc/self/status]	VmPTE:	     348 kB
20220313 033903.598 INFO             PET1 PIOc_freedecomp Exit - MemInfo: [/proc/self/status]	VmSwap:	       0 kB
20220313 033903.598 INFO             PET1 PIOc_freedecomp Exit - MemInfo: [/proc/self/status]	VmRSSPercent: 0.00699025 %
20220313 033903.598 INFO             PET1 PIOc_freedecomp Exit - MemInfo: [malloc] Non-mmapped space allocated:                22593536 Byte
20220313 033903.598 INFO             PET1 PIOc_freedecomp Exit - MemInfo: [malloc] Space allocated in mmapped regions:          3710976 Byte
20220313 033903.598 INFO             PET1 PIOc_freedecomp Exit - MemInfo: [malloc] Maximum total allocated space:                     0 Byte
20220313 033903.598 INFO             PET1 PIOc_freedecomp Exit - MemInfo: [malloc] Space in freed fastbin blocks:                   272 Byte
20220313 033903.598 INFO             PET1 PIOc_freedecomp Exit - MemInfo: [malloc] Total allocated space:                       1636064 Byte
20220313 033903.598 INFO             PET1 PIOc_freedecomp Exit - MemInfo: [malloc] Total free space:                           20957472 Byte
20220313 033903.598 INFO             PET1 PIOc_freedecomp Exit - MemInfo: [malloc] Top-most, releasable space:                 15421280 Byte
20220313 033903.598 INFO             PET1 PIOc_freedecomp Exit - MemInfo: [malloc] Total space in use, mmap + non-mmap:         5347040 Byte
20220313 033903.598 INFO             PET1 PIOc_freedecomp Exit - MemInfo: [malloc] Total space held (mmap + non-mmap):         26304512 Byte
20220313 033903.598 INFO             PET1 PIOc_freedecomp Exit - MemInfo: [malloc] Total space used (mmap + non-mmap):          5355248 Byte
20220313 033903.598 INFO             PET1 PIOc_freedecomp Exit - MemInfo: Wall-clock time since execution start:               0.215346 seconds
20220313 033903.599 INFO             PET1 PIOc_sync Enter - MemInfo: [/proc/meminfo - SSI]	MemTotal:       527077124 kB
20220313 033903.599 INFO             PET1 PIOc_sync Enter - MemInfo: [/proc/meminfo - SSI]	MemFree:        518449732 kB
20220313 033903.599 INFO             PET1 PIOc_sync Enter - MemInfo: [/proc/meminfo - SSI]	MemAvailable:   517918448 kB
20220313 033903.599 INFO             PET1 PIOc_sync Enter - MemInfo: [/proc/meminfo - SSI]	Committed_AS:    1733300 kB
20220313 033903.599 INFO             PET1 PIOc_sync Enter - MemInfo: [/proc/meminfo - SSI]	CommittedPercent: 0.328851 %
20220313 033903.599 INFO             PET1 PIOc_sync Enter - MemInfo: [/proc/self/status]	VmPeak:	  180500 kB
20220313 033903.599 INFO             PET1 PIOc_sync Enter - MemInfo: [/proc/self/status]	VmSize:	  180500 kB
20220313 033903.599 INFO             PET1 PIOc_sync Enter - MemInfo: [/proc/self/status]	VmLck:	       0 kB
20220313 033903.599 INFO             PET1 PIOc_sync Enter - MemInfo: [/proc/self/status]	VmPin:	       0 kB
20220313 033903.599 INFO             PET1 PIOc_sync Enter - MemInfo: [/proc/self/status]	VmHWM:	   36864 kB
20220313 033903.599 INFO             PET1 PIOc_sync Enter - MemInfo: [/proc/self/status]	VmRSS:	   36848 kB
20220313 033903.599 INFO             PET1 PIOc_sync Enter - MemInfo: [/proc/self/status]	VmData:	   29392 kB
20220313 033903.599 INFO             PET1 PIOc_sync Enter - MemInfo: [/proc/self/status]	VmStk:	     156 kB
20220313 033903.599 INFO             PET1 PIOc_sync Enter - MemInfo: [/proc/self/status]	VmExe:	     220 kB
20220313 033903.599 INFO             PET1 PIOc_sync Enter - MemInfo: [/proc/self/status]	VmLib:	   77104 kB
20220313 033903.599 INFO             PET1 PIOc_sync Enter - MemInfo: [/proc/self/status]	VmPTE:	     348 kB
20220313 033903.599 INFO             PET1 PIOc_sync Enter - MemInfo: [/proc/self/status]	VmSwap:	       0 kB
20220313 033903.599 INFO             PET1 PIOc_sync Enter - MemInfo: [/proc/self/status]	VmRSSPercent: 0.00699101 %
20220313 033903.599 INFO             PET1 PIOc_sync Enter - MemInfo: [malloc] Non-mmapped space allocated:                22593536 Byte
20220313 033903.599 INFO             PET1 PIOc_sync Enter - MemInfo: [malloc] Space allocated in mmapped regions:          3710976 Byte
20220313 033903.599 INFO             PET1 PIOc_sync Enter - MemInfo: [malloc] Maximum total allocated space:                     0 Byte
20220313 033903.599 INFO             PET1 PIOc_sync Enter - MemInfo: [malloc] Space in freed fastbin blocks:                    32 Byte
20220313 033903.599 INFO             PET1 PIOc_sync Enter - MemInfo: [malloc] Total allocated space:                       1639488 Byte
20220313 033903.599 INFO             PET1 PIOc_sync Enter - MemInfo: [malloc] Total free space:                           20954048 Byte
20220313 033903.599 INFO             PET1 PIOc_sync Enter - MemInfo: [malloc] Top-most, releasable space:                 15421280 Byte
20220313 033903.599 INFO             PET1 PIOc_sync Enter - MemInfo: [malloc] Total space in use, mmap + non-mmap:         5350464 Byte
20220313 033903.599 INFO             PET1 PIOc_sync Enter - MemInfo: [malloc] Total space held (mmap + non-mmap):         26304512 Byte
20220313 033903.599 INFO             PET1 PIOc_sync Enter - MemInfo: [malloc] Total space used (mmap + non-mmap):          5358672 Byte
20220313 033903.599 INFO             PET1 PIOc_sync Enter - MemInfo: Wall-clock time since execution start:               0.216648 seconds
20220313 033903.600 INFO             PET1 PIOc_sync Exit - MemInfo: [/proc/meminfo - SSI]	MemTotal:       527077124 kB
20220313 033903.600 INFO             PET1 PIOc_sync Exit - MemInfo: [/proc/meminfo - SSI]	MemFree:        518449732 kB
20220313 033903.600 INFO             PET1 PIOc_sync Exit - MemInfo: [/proc/meminfo - SSI]	MemAvailable:   517918448 kB
20220313 033903.600 INFO             PET1 PIOc_sync Exit - MemInfo: [/proc/meminfo - SSI]	Committed_AS:    1733300 kB
20220313 033903.600 INFO             PET1 PIOc_sync Exit - MemInfo: [/proc/meminfo - SSI]	CommittedPercent: 0.328851 %
20220313 033903.600 INFO             PET1 PIOc_sync Exit - MemInfo: [/proc/self/status]	VmPeak:	  180500 kB
20220313 033903.600 INFO             PET1 PIOc_sync Exit - MemInfo: [/proc/self/status]	VmSize:	  180500 kB
20220313 033903.600 INFO             PET1 PIOc_sync Exit - MemInfo: [/proc/self/status]	VmLck:	       0 kB
20220313 033903.600 INFO             PET1 PIOc_sync Exit - MemInfo: [/proc/self/status]	VmPin:	       0 kB
20220313 033903.600 INFO             PET1 PIOc_sync Exit - MemInfo: [/proc/self/status]	VmHWM:	   36864 kB
20220313 033903.600 INFO             PET1 PIOc_sync Exit - MemInfo: [/proc/self/status]	VmRSS:	   36848 kB
20220313 033903.600 INFO             PET1 PIOc_sync Exit - MemInfo: [/proc/self/status]	VmData:	   29392 kB
20220313 033903.600 INFO             PET1 PIOc_sync Exit - MemInfo: [/proc/self/status]	VmStk:	     156 kB
20220313 033903.600 INFO             PET1 PIOc_sync Exit - MemInfo: [/proc/self/status]	VmExe:	     220 kB
20220313 033903.600 INFO             PET1 PIOc_sync Exit - MemInfo: [/proc/self/status]	VmLib:	   77104 kB
20220313 033903.600 INFO             PET1 PIOc_sync Exit - MemInfo: [/proc/self/status]	VmPTE:	     348 kB
20220313 033903.600 INFO             PET1 PIOc_sync Exit - MemInfo: [/proc/self/status]	VmSwap:	       0 kB
20220313 033903.600 INFO             PET1 PIOc_sync Exit - MemInfo: [/proc/self/status]	VmRSSPercent: 0.00699101 %
20220313 033903.600 INFO             PET1 PIOc_sync Exit - MemInfo: [malloc] Non-mmapped space allocated:                22593536 Byte
20220313 033903.600 INFO             PET1 PIOc_sync Exit - MemInfo: [malloc] Space allocated in mmapped regions:          3710976 Byte
20220313 033903.600 INFO             PET1 PIOc_sync Exit - MemInfo: [malloc] Maximum total allocated space:                     0 Byte
20220313 033903.600 INFO             PET1 PIOc_sync Exit - MemInfo: [malloc] Space in freed fastbin blocks:                     0 Byte
