build time -- 2022-03-14 01:38:45
20220314 014513.344 INFO             PET0 !!!!!!!!!!!!!!!!!!!!!!!!!!!!!!!!!!!!!!!!!!!!!!!!!!!!!!
20220314 014513.344 INFO             PET0 !!! THE ESMF_LOG IS SET TO OUTPUT ALL LOG MESSAGES !!!
20220314 014513.344 INFO             PET0 !!!     THIS MAY CAUSE SLOWDOWN IN PERFORMANCE     !!!
20220314 014513.344 INFO             PET0 !!! FOR PRODUCTION RUNS, USE:                      !!!
20220314 014513.344 INFO             PET0 !!!                   ESMF_LOGKIND_Multi_On_Error  !!!
20220314 014513.344 INFO             PET0 !!!!!!!!!!!!!!!!!!!!!!!!!!!!!!!!!!!!!!!!!!!!!!!!!!!!!!
20220314 014513.344 INFO             PET0 Running with ESMF Version   : v8.3.0b09-96-g559b459836
20220314 014513.344 INFO             PET0 ESMF library build date/time: "Mar 14 2022" "01:37:45"
20220314 014513.344 INFO             PET0 ESMF library build location : /lfs/h1/emc/ptmp/Mark.Potts/gfortran_10.3.0_mpich3_O_jedwards_pio_update2
20220314 014513.344 INFO             PET0 ESMF_COMM                   : mpich3
20220314 014513.344 INFO             PET0 ESMF_MOAB                   : enabled
20220314 014513.344 INFO             PET0 ESMF_LAPACK                 : enabled
20220314 014513.344 INFO             PET0 ESMF_NETCDF                 : enabled
20220314 014513.344 INFO             PET0 ESMF_PNETCDF                : disabled
20220314 014513.344 INFO             PET0 ESMF_PIO                    : enabled
20220314 014513.344 INFO             PET0 ESMF_YAMLCPP                : enabled
20220314 014513.345 INFO             PET0  Beginning Test, file ESMF_RouteHandleAdvancedUTest.F90, line 346
20220314 014513.345 INFO             PET0  NUMBER_OF_PROCESSORS           4
20220314 014513.348 INFO             PET0 ESMF_FieldRedistStoreNF(): Just entered routine.
20220314 014513.446 INFO             PET0 ESMF_FieldRedistStoreNF(): Leaving routine.
20220314 014513.447 INFO             PET0  PASS  Create RouteHandle for the original petList, ESMF_RouteHandleAdvancedUTest.F90, line 511
20220314 014513.447 INFO             PET0  PASS  Test RouteHandleIsCreated(), ESMF_RouteHandleAdvancedUTest.F90, line 519
20220314 014513.447 INFO             PET0  PASS  Test RouteHandleIsCreated() return value, ESMF_RouteHandleAdvancedUTest.F90, line 526
20220314 014513.447 INFO             PET0  PASS  Test RouteHandleGet(), ESMF_RouteHandleAdvancedUTest.F90, line 534
20220314 014513.451 INFO             PET0  PASS  Test RouteHandleWrite(), ESMF_RouteHandleAdvancedUTest.F90, line 542
20220314 014513.451 INFO             PET0  PASS  Test RouteHandleDestroy(), ESMF_RouteHandleAdvancedUTest.F90, line 550
20220314 014513.453 INFO             PET0  PASS  Test RouteHandleCreate(from file), ESMF_RouteHandleAdvancedUTest.F90, line 558
20220314 014513.454 INFO             PET0  PASS  Apply the read in Routehandle, ESMF_RouteHandleAdvancedUTest.F90, line 567
20220314 014513.454 INFO             PET0  PASS  Test RouteHandleDestroy() for the read in Routehandle, ESMF_RouteHandleAdvancedUTest.F90, line 575
20220314 014513.454 INFO             PET0 ESMF_FieldRedistStoreNF(): Just entered routine.
20220314 014513.547 INFO             PET0 ESMF_FieldRedistStoreNF(): Leaving routine.
20220314 014513.547 INFO             PET0  PASS  Create RouteHandle for the original petList, ESMF_RouteHandleAdvancedUTest.F90, line 585
20220314 014513.547 INFO             PET0  PASS  Transfer RouteHandle to a different petList, ESMF_RouteHandleAdvancedUTest.F90, line 602
20220314 014513.553 INFO             PET0 PIOc_sync Enter - MemInfo: [/proc/meminfo - SSI]	MemTotal:       527077124 kB
20220314 014513.553 INFO             PET0 PIOc_sync Enter - MemInfo: [/proc/meminfo - SSI]	MemFree:        518093648 kB
20220314 014513.553 INFO             PET0 PIOc_sync Enter - MemInfo: [/proc/meminfo - SSI]	MemAvailable:   517745604 kB
20220314 014513.553 INFO             PET0 PIOc_sync Enter - MemInfo: [/proc/meminfo - SSI]	Committed_AS:    1769648 kB
20220314 014513.553 INFO             PET0 PIOc_sync Enter - MemInfo: [/proc/meminfo - SSI]	CommittedPercent: 0.335747 %
20220314 014513.553 INFO             PET0 PIOc_sync Enter - MemInfo: [/proc/self/status]	VmPeak:	  180508 kB
20220314 014513.553 INFO             PET0 PIOc_sync Enter - MemInfo: [/proc/self/status]	VmSize:	  180508 kB
20220314 014513.553 INFO             PET0 PIOc_sync Enter - MemInfo: [/proc/self/status]	VmLck:	       0 kB
20220314 014513.553 INFO             PET0 PIOc_sync Enter - MemInfo: [/proc/self/status]	VmPin:	       0 kB
20220314 014513.553 INFO             PET0 PIOc_sync Enter - MemInfo: [/proc/self/status]	VmHWM:	   42584 kB
20220314 014513.553 INFO             PET0 PIOc_sync Enter - MemInfo: [/proc/self/status]	VmRSS:	   42584 kB
20220314 014513.553 INFO             PET0 PIOc_sync Enter - MemInfo: [/proc/self/status]	VmData:	   29400 kB
20220314 014513.553 INFO             PET0 PIOc_sync Enter - MemInfo: [/proc/self/status]	VmStk:	     156 kB
20220314 014513.553 INFO             PET0 PIOc_sync Enter - MemInfo: [/proc/self/status]	VmExe:	     220 kB
20220314 014513.553 INFO             PET0 PIOc_sync Enter - MemInfo: [/proc/self/status]	VmLib:	   77104 kB
20220314 014513.553 INFO             PET0 PIOc_sync Enter - MemInfo: [/proc/self/status]	VmPTE:	     368 kB
20220314 014513.553 INFO             PET0 PIOc_sync Enter - MemInfo: [/proc/self/status]	VmSwap:	       0 kB
20220314 014513.553 INFO             PET0 PIOc_sync Enter - MemInfo: [/proc/self/status]	VmRSSPercent: 0.00807927 %
20220314 014513.553 INFO             PET0 PIOc_sync Enter - MemInfo: [malloc] Non-mmapped space allocated:                22601728 Byte
20220314 014513.553 INFO             PET0 PIOc_sync Enter - MemInfo: [malloc] Space allocated in mmapped regions:          3710976 Byte
20220314 014513.553 INFO             PET0 PIOc_sync Enter - MemInfo: [malloc] Maximum total allocated space:                     0 Byte
20220314 014513.553 INFO             PET0 PIOc_sync Enter - MemInfo: [malloc] Space in freed fastbin blocks:                     0 Byte
20220314 014513.553 INFO             PET0 PIOc_sync Enter - MemInfo: [malloc] Total allocated space:                      10819104 Byte
20220314 014513.553 INFO             PET0 PIOc_sync Enter - MemInfo: [malloc] Total free space:                           11782624 Byte
20220314 014513.553 INFO             PET0 PIOc_sync Enter - MemInfo: [malloc] Top-most, releasable space:                  7036016 Byte
20220314 014513.553 INFO             PET0 PIOc_sync Enter - MemInfo: [malloc] Total space in use, mmap + non-mmap:        14530080 Byte
20220314 014513.553 INFO             PET0 PIOc_sync Enter - MemInfo: [malloc] Total space held (mmap + non-mmap):         26312704 Byte
20220314 014513.553 INFO             PET0 PIOc_sync Enter - MemInfo: [malloc] Total space used (mmap + non-mmap):         14538736 Byte
20220314 014513.553 INFO             PET0 PIOc_sync Enter - MemInfo: Wall-clock time since execution start:                0.21096 seconds
20220314 014513.554 INFO             PET0 PIOc_sync Exit - MemInfo: [/proc/meminfo - SSI]	MemTotal:       527077124 kB
20220314 014513.554 INFO             PET0 PIOc_sync Exit - MemInfo: [/proc/meminfo - SSI]	MemFree:        518093648 kB
20220314 014513.554 INFO             PET0 PIOc_sync Exit - MemInfo: [/proc/meminfo - SSI]	MemAvailable:   517745604 kB
20220314 014513.554 INFO             PET0 PIOc_sync Exit - MemInfo: [/proc/meminfo - SSI]	Committed_AS:    1769648 kB
20220314 014513.554 INFO             PET0 PIOc_sync Exit - MemInfo: [/proc/meminfo - SSI]	CommittedPercent: 0.335747 %
20220314 014513.554 INFO             PET0 PIOc_sync Exit - MemInfo: [/proc/self/status]	VmPeak:	  180508 kB
20220314 014513.554 INFO             PET0 PIOc_sync Exit - MemInfo: [/proc/self/status]	VmSize:	  180508 kB
20220314 014513.554 INFO             PET0 PIOc_sync Exit - MemInfo: [/proc/self/status]	VmLck:	       0 kB
20220314 014513.554 INFO             PET0 PIOc_sync Exit - MemInfo: [/proc/self/status]	VmPin:	       0 kB
20220314 014513.554 INFO             PET0 PIOc_sync Exit - MemInfo: [/proc/self/status]	VmHWM:	   43964 kB
20220314 014513.554 INFO             PET0 PIOc_sync Exit - MemInfo: [/proc/self/status]	VmRSS:	   43964 kB
20220314 014513.554 INFO             PET0 PIOc_sync Exit - MemInfo: [/proc/self/status]	VmData:	   29400 kB
20220314 014513.554 INFO             PET0 PIOc_sync Exit - MemInfo: [/proc/self/status]	VmStk:	     156 kB
20220314 014513.554 INFO             PET0 PIOc_sync Exit - MemInfo: [/proc/self/status]	VmExe:	     220 kB
20220314 014513.554 INFO             PET0 PIOc_sync Exit - MemInfo: [/proc/self/status]	VmLib:	   77104 kB
20220314 014513.554 INFO             PET0 PIOc_sync Exit - MemInfo: [/proc/self/status]	VmPTE:	     368 kB
20220314 014513.554 INFO             PET0 PIOc_sync Exit - MemInfo: [/proc/self/status]	VmSwap:	       0 kB
20220314 014513.554 INFO             PET0 PIOc_sync Exit - MemInfo: [/proc/self/status]	VmRSSPercent: 0.00834109 %
20220314 014513.554 INFO             PET0 PIOc_sync Exit - MemInfo: [malloc] Non-mmapped space allocated:                22601728 Byte
20220314 014513.554 INFO             PET0 PIOc_sync Exit - MemInfo: [malloc] Space allocated in mmapped regions:          3710976 Byte
20220314 014513.554 INFO             PET0 PIOc_sync Exit - MemInfo: [malloc] Maximum total allocated space:                     0 Byte
20220314 014513.554 INFO             PET0 PIOc_sync Exit - MemInfo: [malloc] Space in freed fastbin blocks:                     0 Byte
20220314 014513.554 INFO             PET0 PIOc_sync Exit - MemInfo: [malloc] Total allocated space:                      11173760 Byte
20220314 014513.554 INFO             PET0 PIOc_sync Exit - MemInfo: [malloc] Total free space:                           11427968 Byte
20220314 014513.554 INFO             PET0 PIOc_sync Exit - MemInfo: [malloc] Top-most, releasable space:                  7036016 Byte
20220314 014513.554 INFO             PET0 PIOc_sync Exit - MemInfo: [malloc] Total space in use, mmap + non-mmap:        14884736 Byte
20220314 014513.554 INFO             PET0 PIOc_sync Exit - MemInfo: [malloc] Total space held (mmap + non-mmap):         26312704 Byte
20220314 014513.554 INFO             PET0 PIOc_sync Exit - MemInfo: [malloc] Total space used (mmap + non-mmap):         14892944 Byte
20220314 014513.554 INFO             PET0 PIOc_sync Exit - MemInfo: Wall-clock time since execution start:               0.211243 seconds
20220314 014513.554 INFO             PET0 PIOc_freedecomp Enter - MemInfo: [/proc/meminfo - SSI]	MemTotal:       527077124 kB
20220314 014513.554 INFO             PET0 PIOc_freedecomp Enter - MemInfo: [/proc/meminfo - SSI]	MemFree:        518093648 kB
20220314 014513.554 INFO             PET0 PIOc_freedecomp Enter - MemInfo: [/proc/meminfo - SSI]	MemAvailable:   517745604 kB
20220314 014513.554 INFO             PET0 PIOc_freedecomp Enter - MemInfo: [/proc/meminfo - SSI]	Committed_AS:    1769648 kB
20220314 014513.554 INFO             PET0 PIOc_freedecomp Enter - MemInfo: [/proc/meminfo - SSI]	CommittedPercent: 0.335747 %
20220314 014513.554 INFO             PET0 PIOc_freedecomp Enter - MemInfo: [/proc/self/status]	VmPeak:	  180508 kB
20220314 014513.554 INFO             PET0 PIOc_freedecomp Enter - MemInfo: [/proc/self/status]	VmSize:	  180508 kB
20220314 014513.554 INFO             PET0 PIOc_freedecomp Enter - MemInfo: [/proc/self/status]	VmLck:	       0 kB
20220314 014513.554 INFO             PET0 PIOc_freedecomp Enter - MemInfo: [/proc/self/status]	VmPin:	       0 kB
20220314 014513.554 INFO             PET0 PIOc_freedecomp Enter - MemInfo: [/proc/self/status]	VmHWM:	   43964 kB
20220314 014513.554 INFO             PET0 PIOc_freedecomp Enter - MemInfo: [/proc/self/status]	VmRSS:	   43964 kB
20220314 014513.554 INFO             PET0 PIOc_freedecomp Enter - MemInfo: [/proc/self/status]	VmData:	   29400 kB
20220314 014513.554 INFO             PET0 PIOc_freedecomp Enter - MemInfo: [/proc/self/status]	VmStk:	     156 kB
20220314 014513.554 INFO             PET0 PIOc_freedecomp Enter - MemInfo: [/proc/self/status]	VmExe:	     220 kB
20220314 014513.554 INFO             PET0 PIOc_freedecomp Enter - MemInfo: [/proc/self/status]	VmLib:	   77104 kB
20220314 014513.554 INFO             PET0 PIOc_freedecomp Enter - MemInfo: [/proc/self/status]	VmPTE:	     368 kB
20220314 014513.554 INFO             PET0 PIOc_freedecomp Enter - MemInfo: [/proc/self/status]	VmSwap:	       0 kB
20220314 014513.554 INFO             PET0 PIOc_freedecomp Enter - MemInfo: [/proc/self/status]	VmRSSPercent: 0.00834109 %
20220314 014513.554 INFO             PET0 PIOc_freedecomp Enter - MemInfo: [malloc] Non-mmapped space allocated:                22601728 Byte
20220314 014513.554 INFO             PET0 PIOc_freedecomp Enter - MemInfo: [malloc] Space allocated in mmapped regions:          3710976 Byte
20220314 014513.554 INFO             PET0 PIOc_freedecomp Enter - MemInfo: [malloc] Maximum total allocated space:                     0 Byte
20220314 014513.554 INFO             PET0 PIOc_freedecomp Enter - MemInfo: [malloc] Space in freed fastbin blocks:                   112 Byte
20220314 014513.554 INFO             PET0 PIOc_freedecomp Enter - MemInfo: [malloc] Total allocated space:                       2250112 Byte
20220314 014513.554 INFO             PET0 PIOc_freedecomp Enter - MemInfo: [malloc] Total free space:                           20351616 Byte
20220314 014513.554 INFO             PET0 PIOc_freedecomp Enter - MemInfo: [malloc] Top-most, releasable space:                 15424640 Byte
20220314 014513.554 INFO             PET0 PIOc_freedecomp Enter - MemInfo: [malloc] Total space in use, mmap + non-mmap:         5961088 Byte
20220314 014513.554 INFO             PET0 PIOc_freedecomp Enter - MemInfo: [malloc] Total space held (mmap + non-mmap):         26312704 Byte
20220314 014513.554 INFO             PET0 PIOc_freedecomp Enter - MemInfo: [malloc] Total space used (mmap + non-mmap):          5969296 Byte
20220314 014513.554 INFO             PET0 PIOc_freedecomp Enter - MemInfo: Wall-clock time since execution start:               0.211581 seconds
20220314 014513.554 INFO             PET0 PIOc_freedecomp Exit - MemInfo: [/proc/meminfo - SSI]	MemTotal:       527077124 kB
20220314 014513.554 INFO             PET0 PIOc_freedecomp Exit - MemInfo: [/proc/meminfo - SSI]	MemFree:        518093648 kB
20220314 014513.554 INFO             PET0 PIOc_freedecomp Exit - MemInfo: [/proc/meminfo - SSI]	MemAvailable:   517745604 kB
20220314 014513.554 INFO             PET0 PIOc_freedecomp Exit - MemInfo: [/proc/meminfo - SSI]	Committed_AS:    1769648 kB
20220314 014513.554 INFO             PET0 PIOc_freedecomp Exit - MemInfo: [/proc/meminfo - SSI]	CommittedPercent: 0.335747 %
20220314 014513.554 INFO             PET0 PIOc_freedecomp Exit - MemInfo: [/proc/self/status]	VmPeak:	  180508 kB
20220314 014513.554 INFO             PET0 PIOc_freedecomp Exit - MemInfo: [/proc/self/status]	VmSize:	  180508 kB
20220314 014513.554 INFO             PET0 PIOc_freedecomp Exit - MemInfo: [/proc/self/status]	VmLck:	       0 kB
20220314 014513.554 INFO             PET0 PIOc_freedecomp Exit - MemInfo: [/proc/self/status]	VmPin:	       0 kB
20220314 014513.554 INFO             PET0 PIOc_freedecomp Exit - MemInfo: [/proc/self/status]	VmHWM:	   43964 kB
20220314 014513.554 INFO             PET0 PIOc_freedecomp Exit - MemInfo: [/proc/self/status]	VmRSS:	   43964 kB
20220314 014513.554 INFO             PET0 PIOc_freedecomp Exit - MemInfo: [/proc/self/status]	VmData:	   29400 kB
20220314 014513.554 INFO             PET0 PIOc_freedecomp Exit - MemInfo: [/proc/self/status]	VmStk:	     156 kB
20220314 014513.554 INFO             PET0 PIOc_freedecomp Exit - MemInfo: [/proc/self/status]	VmExe:	     220 kB
20220314 014513.554 INFO             PET0 PIOc_freedecomp Exit - MemInfo: [/proc/self/status]	VmLib:	   77104 kB
20220314 014513.554 INFO             PET0 PIOc_freedecomp Exit - MemInfo: [/proc/self/status]	VmPTE:	     368 kB
20220314 014513.554 INFO             PET0 PIOc_freedecomp Exit - MemInfo: [/proc/self/status]	VmSwap:	       0 kB
20220314 014513.554 INFO             PET0 PIOc_freedecomp Exit - MemInfo: [/proc/self/status]	VmRSSPercent: 0.00834109 %
20220314 014513.554 INFO             PET0 PIOc_freedecomp Exit - MemInfo: [malloc] Non-mmapped space allocated:                22601728 Byte
20220314 014513.554 INFO             PET0 PIOc_freedecomp Exit - MemInfo: [malloc] Space allocated in mmapped regions:          3710976 Byte
20220314 014513.554 INFO             PET0 PIOc_freedecomp Exit - MemInfo: [malloc] Maximum total allocated space:                     0 Byte
20220314 014513.554 INFO             PET0 PIOc_freedecomp Exit - MemInfo: [malloc] Space in freed fastbin blocks:                   528 Byte
20220314 014513.554 INFO             PET0 PIOc_freedecomp Exit - MemInfo: [malloc] Total allocated space:                       2249808 Byte
20220314 014513.554 INFO             PET0 PIOc_freedecomp Exit - MemInfo: [malloc] Total free space:                           20351920 Byte
20220314 014513.554 INFO             PET0 PIOc_freedecomp Exit - MemInfo: [malloc] Top-most, releasable space:                 15424640 Byte
20220314 014513.554 INFO             PET0 PIOc_freedecomp Exit - MemInfo: [malloc] Total space in use, mmap + non-mmap:         5960784 Byte
20220314 014513.554 INFO             PET0 PIOc_freedecomp Exit - MemInfo: [malloc] Total space held (mmap + non-mmap):         26312704 Byte
20220314 014513.554 INFO             PET0 PIOc_freedecomp Exit - MemInfo: [malloc] Total space used (mmap + non-mmap):          5968992 Byte
20220314 014513.554 INFO             PET0 PIOc_freedecomp Exit - MemInfo: Wall-clock time since execution start:               0.211762 seconds
20220314 014513.556 INFO             PET0 PIOc_sync Enter - MemInfo: [/proc/meminfo - SSI]	MemTotal:       527077124 kB
20220314 014513.556 INFO             PET0 PIOc_sync Enter - MemInfo: [/proc/meminfo - SSI]	MemFree:        518093648 kB
20220314 014513.556 INFO             PET0 PIOc_sync Enter - MemInfo: [/proc/meminfo - SSI]	MemAvailable:   517745604 kB
20220314 014513.556 INFO             PET0 PIOc_sync Enter - MemInfo: [/proc/meminfo - SSI]	Committed_AS:    1769648 kB
20220314 014513.556 INFO             PET0 PIOc_sync Enter - MemInfo: [/proc/meminfo - SSI]	CommittedPercent: 0.335747 %
20220314 014513.556 INFO             PET0 PIOc_sync Enter - MemInfo: [/proc/self/status]	VmPeak:	  180508 kB
20220314 014513.556 INFO             PET0 PIOc_sync Enter - MemInfo: [/proc/self/status]	VmSize:	  180508 kB
20220314 014513.556 INFO             PET0 PIOc_sync Enter - MemInfo: [/proc/self/status]	VmLck:	       0 kB
20220314 014513.556 INFO             PET0 PIOc_sync Enter - MemInfo: [/proc/self/status]	VmPin:	       0 kB
20220314 014513.556 INFO             PET0 PIOc_sync Enter - MemInfo: [/proc/self/status]	VmHWM:	   44024 kB
20220314 014513.556 INFO             PET0 PIOc_sync Enter - MemInfo: [/proc/self/status]	VmRSS:	   44000 kB
20220314 014513.556 INFO             PET0 PIOc_sync Enter - MemInfo: [/proc/self/status]	VmData:	   29400 kB
20220314 014513.556 INFO             PET0 PIOc_sync Enter - MemInfo: [/proc/self/status]	VmStk:	     156 kB
20220314 014513.556 INFO             PET0 PIOc_sync Enter - MemInfo: [/proc/self/status]	VmExe:	     220 kB
20220314 014513.556 INFO             PET0 PIOc_sync Enter - MemInfo: [/proc/self/status]	VmLib:	   77104 kB
20220314 014513.556 INFO             PET0 PIOc_sync Enter - MemInfo: [/proc/self/status]	VmPTE:	     368 kB
20220314 014513.556 INFO             PET0 PIOc_sync Enter - MemInfo: [/proc/self/status]	VmSwap:	       0 kB
20220314 014513.556 INFO             PET0 PIOc_sync Enter - MemInfo: [/proc/self/status]	VmRSSPercent: 0.00834792 %
20220314 014513.556 INFO             PET0 PIOc_sync Enter - MemInfo: [malloc] Non-mmapped space allocated:                22601728 Byte
20220314 014513.556 INFO             PET0 PIOc_sync Enter - MemInfo: [malloc] Space allocated in mmapped regions:          3710976 Byte
20220314 014513.556 INFO             PET0 PIOc_sync Enter - MemInfo: [malloc] Maximum total allocated space:                     0 Byte
20220314 014513.556 INFO             PET0 PIOc_sync Enter - MemInfo: [malloc] Space in freed fastbin blocks:                   320 Byte
20220314 014513.556 INFO             PET0 PIOc_sync Enter - MemInfo: [malloc] Total allocated space:                      11178080 Byte
20220314 014513.556 INFO             PET0 PIOc_sync Enter - MemInfo: [malloc] Total free space:                           11423648 Byte
20220314 014513.556 INFO             PET0 PIOc_sync Enter - MemInfo: [malloc] Top-most, releasable space:                  7036016 Byte
20220314 014513.556 INFO             PET0 PIOc_sync Enter - MemInfo: [malloc] Total space in use, mmap + non-mmap:        14889056 Byte
20220314 014513.556 INFO             PET0 PIOc_sync Enter - MemInfo: [malloc] Total space held (mmap + non-mmap):         26312704 Byte
20220314 014513.556 INFO             PET0 PIOc_sync Enter - MemInfo: [malloc] Total space used (mmap + non-mmap):         14897376 Byte
20220314 014513.556 INFO             PET0 PIOc_sync Enter - MemInfo: Wall-clock time since execution start:               0.213226 seconds
20220314 014513.556 INFO             PET0 PIOc_sync Exit - MemInfo: [/proc/meminfo - SSI]	MemTotal:       527077124 kB
20220314 014513.556 INFO             PET0 PIOc_sync Exit - MemInfo: [/proc/meminfo - SSI]	MemFree:        518093648 kB
20220314 014513.556 INFO             PET0 PIOc_sync Exit - MemInfo: [/proc/meminfo - SSI]	MemAvailable:   517745604 kB
20220314 014513.556 INFO             PET0 PIOc_sync Exit - MemInfo: [/proc/meminfo - SSI]	Committed_AS:    1769648 kB
20220314 014513.556 INFO             PET0 PIOc_sync Exit - MemInfo: [/proc/meminfo - SSI]	CommittedPercent: 0.335747 %
20220314 014513.556 INFO             PET0 PIOc_sync Exit - MemInfo: [/proc/self/status]	VmPeak:	  180508 kB
20220314 014513.556 INFO             PET0 PIOc_sync Exit - MemInfo: [/proc/self/status]	VmSize:	  180508 kB
20220314 014513.556 INFO             PET0 PIOc_sync Exit - MemInfo: [/proc/self/status]	VmLck:	       0 kB
20220314 014513.556 INFO             PET0 PIOc_sync Exit - MemInfo: [/proc/self/status]	VmPin:	       0 kB
20220314 014513.556 INFO             PET0 PIOc_sync Exit - MemInfo: [/proc/self/status]	VmHWM:	   44024 kB
20220314 014513.556 INFO             PET0 PIOc_sync Exit - MemInfo: [/proc/self/status]	VmRSS:	   44000 kB
20220314 014513.556 INFO             PET0 PIOc_sync Exit - MemInfo: [/proc/self/status]	VmData:	   29400 kB
20220314 014513.556 INFO             PET0 PIOc_sync Exit - MemInfo: [/proc/self/status]	VmStk:	     156 kB
20220314 014513.556 INFO             PET0 PIOc_sync Exit - MemInfo: [/proc/self/status]	VmExe:	     220 kB
20220314 014513.556 INFO             PET0 PIOc_sync Exit - MemInfo: [/proc/self/status]	VmLib:	   77104 kB
20220314 014513.556 INFO             PET0 PIOc_sync Exit - MemInfo: [/proc/self/status]	VmPTE:	     368 kB
20220314 014513.556 INFO             PET0 PIOc_sync Exit - MemInfo: [/proc/self/status]	VmSwap:	       0 kB
20220314 014513.556 INFO             PET0 PIOc_sync Exit - MemInfo: [/proc/self/status]	VmRSSPercent: 0.00834792 %
20220314 014513.556 INFO             PET0 PIOc_sync Exit - MemInfo: [malloc] Non-mmapped space allocated:                22601728 Byte
20220314 014513.556 INFO             PET0 PIOc_sync Exit - MemInfo: [malloc] Space allocated in mmapped regions:          3710976 Byte
20220314 014513.556 INFO             PET0 PIOc_sync Exit - MemInfo: [malloc] Maximum total allocated space:                     0 Byte
20220314 014513.556 INFO             PET0 PIOc_sync Exit - MemInfo: [malloc] Space in freed fastbin blocks:                    32 Byte
20220314 014513.556 INFO             PET0 PIOc_sync Exit - MemInfo: [malloc] Total allocated space:                      11178560 Byte
20220314 014513.556 INFO             PET0 PIOc_sync Exit - MemInfo: [malloc] Total free space:                           11423168 Byte
20220314 014513.556 INFO             PET0 PIOc_sync Exit - MemInfo: [malloc] Top-most, releasable space:                  7036016 Byte
20220314 014513.556 INFO             PET0 PIOc_sync Exit - MemInfo: [malloc] Total space in use, mmap + non-mmap:        14889536 Byte
20220314 014513.556 INFO             PET0 PIOc_sync Exit - MemInfo: [malloc] Total space held (mmap + non-mmap):         26312704 Byte
20220314 014513.556 INFO             PET0 PIOc_sync Exit - MemInfo: [malloc] Total space used (mmap + non-mmap):         14897744 Byte
20220314 014513.556 INFO             PET0 PIOc_sync Exit - MemInfo: Wall-clock time since execution start:               0.213458 seconds
20220314 014513.556 INFO             PET0 PIOc_freedecomp Enter - MemInfo: [/proc/meminfo - SSI]	MemTotal:       527077124 kB
20220314 014513.556 INFO             PET0 PIOc_freedecomp Enter - MemInfo: [/proc/meminfo - SSI]	MemFree:        518093648 kB
20220314 014513.556 INFO             PET0 PIOc_freedecomp Enter - MemInfo: [/proc/meminfo - SSI]	MemAvailable:   517745604 kB
20220314 014513.556 INFO             PET0 PIOc_freedecomp Enter - MemInfo: [/proc/meminfo - SSI]	Committed_AS:    1769648 kB
20220314 014513.556 INFO             PET0 PIOc_freedecomp Enter - MemInfo: [/proc/meminfo - SSI]	CommittedPercent: 0.335747 %
20220314 014513.556 INFO             PET0 PIOc_freedecomp Enter - MemInfo: [/proc/self/status]	VmPeak:	  180508 kB
20220314 014513.556 INFO             PET0 PIOc_freedecomp Enter - MemInfo: [/proc/self/status]	VmSize:	  180508 kB
20220314 014513.556 INFO             PET0 PIOc_freedecomp Enter - MemInfo: [/proc/self/status]	VmLck:	       0 kB
20220314 014513.556 INFO             PET0 PIOc_freedecomp Enter - MemInfo: [/proc/self/status]	VmPin:	       0 kB
20220314 014513.556 INFO             PET0 PIOc_freedecomp Enter - MemInfo: [/proc/self/status]	VmHWM:	   44024 kB
20220314 014513.556 INFO             PET0 PIOc_freedecomp Enter - MemInfo: [/proc/self/status]	VmRSS:	   44000 kB
20220314 014513.556 INFO             PET0 PIOc_freedecomp Enter - MemInfo: [/proc/self/status]	VmData:	   29400 kB
20220314 014513.556 INFO             PET0 PIOc_freedecomp Enter - MemInfo: [/proc/self/status]	VmStk:	     156 kB
20220314 014513.556 INFO             PET0 PIOc_freedecomp Enter - MemInfo: [/proc/self/status]	VmExe:	     220 kB
20220314 014513.556 INFO             PET0 PIOc_freedecomp Enter - MemInfo: [/proc/self/status]	VmLib:	   77104 kB
20220314 014513.556 INFO             PET0 PIOc_freedecomp Enter - MemInfo: [/proc/self/status]	VmPTE:	     368 kB
20220314 014513.556 INFO             PET0 PIOc_freedecomp Enter - MemInfo: [/proc/self/status]	VmSwap:	       0 kB
20220314 014513.556 INFO             PET0 PIOc_freedecomp Enter - MemInfo: [/proc/self/status]	VmRSSPercent: 0.00834792 %
20220314 014513.556 INFO             PET0 PIOc_freedecomp Enter - MemInfo: [malloc] Non-mmapped space allocated:                22601728 Byte
20220314 014513.556 INFO             PET0 PIOc_freedecomp Enter - MemInfo: [malloc] Space allocated in mmapped regions:          3710976 Byte
20220314 014513.556 INFO             PET0 PIOc_freedecomp Enter - MemInfo: [malloc] Maximum total allocated space:                     0 Byte
20220314 014513.556 INFO             PET0 PIOc_freedecomp Enter - MemInfo: [malloc] Space in freed fastbin blocks:                   272 Byte
20220314 014513.556 INFO             PET0 PIOc_freedecomp Enter - MemInfo: [malloc] Total allocated space:                       2253152 Byte
20220314 014513.556 INFO             PET0 PIOc_freedecomp Enter - MemInfo: [malloc] Total free space:                           20348576 Byte
20220314 014513.556 INFO             PET0 PIOc_freedecomp Enter - MemInfo: [malloc] Top-most, releasable space:                 15424640 Byte
20220314 014513.556 INFO             PET0 PIOc_freedecomp Enter - MemInfo: [malloc] Total space in use, mmap + non-mmap:         5964128 Byte
20220314 014513.556 INFO             PET0 PIOc_freedecomp Enter - MemInfo: [malloc] Total space held (mmap + non-mmap):         26312704 Byte
20220314 014513.556 INFO             PET0 PIOc_freedecomp Enter - MemInfo: [malloc] Total space used (mmap + non-mmap):          5972336 Byte
20220314 014513.556 INFO             PET0 PIOc_freedecomp Enter - MemInfo: Wall-clock time since execution start:               0.213735 seconds
20220314 014513.556 INFO             PET0 PIOc_freedecomp Exit - MemInfo: [/proc/meminfo - SSI]	MemTotal:       527077124 kB
20220314 014513.556 INFO             PET0 PIOc_freedecomp Exit - MemInfo: [/proc/meminfo - SSI]	MemFree:        518093648 kB
20220314 014513.556 INFO             PET0 PIOc_freedecomp Exit - MemInfo: [/proc/meminfo - SSI]	MemAvailable:   517745604 kB
20220314 014513.556 INFO             PET0 PIOc_freedecomp Exit - MemInfo: [/proc/meminfo - SSI]	Committed_AS:    1769648 kB
20220314 014513.556 INFO             PET0 PIOc_freedecomp Exit - MemInfo: [/proc/meminfo - SSI]	CommittedPercent: 0.335747 %
20220314 014513.556 INFO             PET0 PIOc_freedecomp Exit - MemInfo: [/proc/self/status]	VmPeak:	  180508 kB
20220314 014513.556 INFO             PET0 PIOc_freedecomp Exit - MemInfo: [/proc/self/status]	VmSize:	  180508 kB
20220314 014513.556 INFO             PET0 PIOc_freedecomp Exit - MemInfo: [/proc/self/status]	VmLck:	       0 kB
20220314 014513.556 INFO             PET0 PIOc_freedecomp Exit - MemInfo: [/proc/self/status]	VmPin:	       0 kB
20220314 014513.556 INFO             PET0 PIOc_freedecomp Exit - MemInfo: [/proc/self/status]	VmHWM:	   44024 kB
20220314 014513.556 INFO             PET0 PIOc_freedecomp Exit - MemInfo: [/proc/self/status]	VmRSS:	   44000 kB
20220314 014513.556 INFO             PET0 PIOc_freedecomp Exit - MemInfo: [/proc/self/status]	VmData:	   29400 kB
20220314 014513.556 INFO             PET0 PIOc_freedecomp Exit - MemInfo: [/proc/self/status]	VmStk:	     156 kB
20220314 014513.556 INFO             PET0 PIOc_freedecomp Exit - MemInfo: [/proc/self/status]	VmExe:	     220 kB
20220314 014513.556 INFO             PET0 PIOc_freedecomp Exit - MemInfo: [/proc/self/status]	VmLib:	   77104 kB
20220314 014513.556 INFO             PET0 PIOc_freedecomp Exit - MemInfo: [/proc/self/status]	VmPTE:	     368 kB
20220314 014513.556 INFO             PET0 PIOc_freedecomp Exit - MemInfo: [/proc/self/status]	VmSwap:	       0 kB
20220314 014513.556 INFO             PET0 PIOc_freedecomp Exit - MemInfo: [/proc/self/status]	VmRSSPercent: 0.00834792 %
20220314 014513.556 INFO             PET0 PIOc_freedecomp Exit - MemInfo: [malloc] Non-mmapped space allocated:                22601728 Byte
20220314 014513.556 INFO             PET0 PIOc_freedecomp Exit - MemInfo: [malloc] Space allocated in mmapped regions:          3710976 Byte
20220314 014513.556 INFO             PET0 PIOc_freedecomp Exit - MemInfo: [malloc] Maximum total allocated space:                     0 Byte
20220314 014513.556 INFO             PET0 PIOc_freedecomp Exit - MemInfo: [malloc] Space in freed fastbin blocks:                   720 Byte
20220314 014513.556 INFO             PET0 PIOc_freedecomp Exit - MemInfo: [malloc] Total allocated space:                       2251456 Byte
20220314 014513.556 INFO             PET0 PIOc_freedecomp Exit - MemInfo: [malloc] Total free space:                           20350272 Byte
20220314 014513.556 INFO             PET0 PIOc_freedecomp Exit - MemInfo: [malloc] Top-most, releasable space:                 15424640 Byte
20220314 014513.556 INFO             PET0 PIOc_freedecomp Exit - MemInfo: [malloc] Total space in use, mmap + non-mmap:         5962432 Byte
20220314 014513.556 INFO             PET0 PIOc_freedecomp Exit - MemInfo: [malloc] Total space held (mmap + non-mmap):         26312704 Byte
20220314 014513.556 INFO             PET0 PIOc_freedecomp Exit - MemInfo: [malloc] Total space used (mmap + non-mmap):          5970640 Byte
20220314 014513.556 INFO             PET0 PIOc_freedecomp Exit - MemInfo: Wall-clock time since execution start:                0.21392 seconds
20220314 014513.557 INFO             PET0 PIOc_sync Enter - MemInfo: [/proc/meminfo - SSI]	MemTotal:       527077124 kB
20220314 014513.557 INFO             PET0 PIOc_sync Enter - MemInfo: [/proc/meminfo - SSI]	MemFree:        518093648 kB
20220314 014513.557 INFO             PET0 PIOc_sync Enter - MemInfo: [/proc/meminfo - SSI]	MemAvailable:   517745604 kB
20220314 014513.558 INFO             PET0 PIOc_sync Enter - MemInfo: [/proc/meminfo - SSI]	Committed_AS:    1769648 kB
20220314 014513.558 INFO             PET0 PIOc_sync Enter - MemInfo: [/proc/meminfo - SSI]	CommittedPercent: 0.335747 %
20220314 014513.558 INFO             PET0 PIOc_sync Enter - MemInfo: [/proc/self/status]	VmPeak:	  180508 kB
20220314 014513.558 INFO             PET0 PIOc_sync Enter - MemInfo: [/proc/self/status]	VmSize:	  180508 kB
20220314 014513.558 INFO             PET0 PIOc_sync Enter - MemInfo: [/proc/self/status]	VmLck:	       0 kB
20220314 014513.558 INFO             PET0 PIOc_sync Enter - MemInfo: [/proc/self/status]	VmPin:	       0 kB
20220314 014513.558 INFO             PET0 PIOc_sync Enter - MemInfo: [/proc/self/status]	VmHWM:	   44044 kB
20220314 014513.558 INFO             PET0 PIOc_sync Enter - MemInfo: [/proc/self/status]	VmRSS:	   44020 kB
20220314 014513.558 INFO             PET0 PIOc_sync Enter - MemInfo: [/proc/self/status]	VmData:	   29400 kB
20220314 014513.558 INFO             PET0 PIOc_sync Enter - MemInfo: [/proc/self/status]	VmStk:	     156 kB
20220314 014513.558 INFO             PET0 PIOc_sync Enter - MemInfo: [/proc/self/status]	VmExe:	     220 kB
20220314 014513.558 INFO             PET0 PIOc_sync Enter - MemInfo: [/proc/self/status]	VmLib:	   77104 kB
20220314 014513.558 INFO             PET0 PIOc_sync Enter - MemInfo: [/proc/self/status]	VmPTE:	     368 kB
20220314 014513.558 INFO             PET0 PIOc_sync Enter - MemInfo: [/proc/self/status]	VmSwap:	       0 kB
20220314 014513.558 INFO             PET0 PIOc_sync Enter - MemInfo: [/proc/self/status]	VmRSSPercent: 0.00835172 %
20220314 014513.558 INFO             PET0 PIOc_sync Enter - MemInfo: [malloc] Non-mmapped space allocated:                22601728 Byte
20220314 014513.558 INFO             PET0 PIOc_sync Enter - MemInfo: [malloc] Space allocated in mmapped regions:          3710976 Byte
20220314 014513.558 INFO             PET0 PIOc_sync Enter - MemInfo: [malloc] Maximum total allocated space:                     0 Byte
20220314 014513.558 INFO             PET0 PIOc_sync Enter - MemInfo: [malloc] Space in freed fastbin blocks:                   720 Byte
20220314 014513.558 INFO             PET0 PIOc_sync Enter - MemInfo: [malloc] Total allocated space:                      11180192 Byte
20220314 014513.558 INFO             PET0 PIOc_sync Enter - MemInfo: [malloc] Total free space:                           11421536 Byte
20220314 014513.558 INFO             PET0 PIOc_sync Enter - MemInfo: [malloc] Top-most, releasable space:                  7036016 Byte
20220314 014513.558 INFO             PET0 PIOc_sync Enter - MemInfo: [malloc] Total space in use, mmap + non-mmap:        14891168 Byte
20220314 014513.558 INFO             PET0 PIOc_sync Enter - MemInfo: [malloc] Total space held (mmap + non-mmap):         26312704 Byte
20220314 014513.558 INFO             PET0 PIOc_sync Enter - MemInfo: [malloc] Total space used (mmap + non-mmap):         14899488 Byte
20220314 014513.558 INFO             PET0 PIOc_sync Enter - MemInfo: Wall-clock time since execution start:               0.215153 seconds
20220314 014513.558 INFO             PET0 PIOc_sync Exit - MemInfo: [/proc/meminfo - SSI]	MemTotal:       527077124 kB
20220314 014513.558 INFO             PET0 PIOc_sync Exit - MemInfo: [/proc/meminfo - SSI]	MemFree:        518093648 kB
20220314 014513.558 INFO             PET0 PIOc_sync Exit - MemInfo: [/proc/meminfo - SSI]	MemAvailable:   517745604 kB
20220314 014513.558 INFO             PET0 PIOc_sync Exit - MemInfo: [/proc/meminfo - SSI]	Committed_AS:    1769648 kB
20220314 014513.558 INFO             PET0 PIOc_sync Exit - MemInfo: [/proc/meminfo - SSI]	CommittedPercent: 0.335747 %
20220314 014513.558 INFO             PET0 PIOc_sync Exit - MemInfo: [/proc/self/status]	VmPeak:	  180508 kB
20220314 014513.558 INFO             PET0 PIOc_sync Exit - MemInfo: [/proc/self/status]	VmSize:	  180508 kB
20220314 014513.558 INFO             PET0 PIOc_sync Exit - MemInfo: [/proc/self/status]	VmLck:	       0 kB
20220314 014513.558 INFO             PET0 PIOc_sync Exit - MemInfo: [/proc/self/status]	VmPin:	       0 kB
20220314 014513.558 INFO             PET0 PIOc_sync Exit - MemInfo: [/proc/self/status]	VmHWM:	   44044 kB
20220314 014513.558 INFO             PET0 PIOc_sync Exit - MemInfo: [/proc/self/status]	VmRSS:	   44020 kB
20220314 014513.558 INFO             PET0 PIOc_sync Exit - MemInfo: [/proc/self/status]	VmData:	   29400 kB
20220314 014513.558 INFO             PET0 PIOc_sync Exit - MemInfo: [/proc/self/status]	VmStk:	     156 kB
20220314 014513.558 INFO             PET0 PIOc_sync Exit - MemInfo: [/proc/self/status]	VmExe:	     220 kB
20220314 014513.558 INFO             PET0 PIOc_sync Exit - MemInfo: [/proc/self/status]	VmLib:	   77104 kB
20220314 014513.558 INFO             PET0 PIOc_sync Exit - MemInfo: [/proc/self/status]	VmPTE:	     368 kB
20220314 014513.558 INFO             PET0 PIOc_sync Exit - MemInfo: [/proc/self/status]	VmSwap:	       0 kB
20220314 014513.558 INFO             PET0 PIOc_sync Exit - MemInfo: [/proc/self/status]	VmRSSPercent: 0.00835172 %
20220314 014513.558 INFO             PET0 PIOc_sync Exit - MemInfo: [malloc] Non-mmapped space allocated:                22601728 Byte
20220314 014513.558 INFO             PET0 PIOc_sync Exit - MemInfo: [malloc] Space allocated in mmapped regions:          3710976 Byte
20220314 014513.558 INFO             PET0 PIOc_sync Exit - MemInfo: [malloc] Maximum total allocated space:                     0 Byte
20220314 014513.558 INFO             PET0 PIOc_sync Exit - MemInfo: [malloc] Space in freed fastbin blocks:                    32 Byte
20220314 014513.558 INFO             PET0 PIOc_sync Exit - MemInfo: [malloc] Total allocated space:                      11180464 Byte
20220314 014513.558 INFO             PET0 PIOc_sync Exit - MemInfo: [malloc] Total free space:                           11421264 Byte
20220314 014513.558 INFO             PET0 PIOc_sync Exit - MemInfo: [malloc] Top-most, releasable space:                  7036016 Byte
20220314 014513.558 INFO             PET0 PIOc_sync Exit - MemInfo: [malloc] Total space in use, mmap + non-mmap:        14891440 Byte
20220314 014513.558 INFO             PET0 PIOc_sync Exit - MemInfo: [malloc] Total space held (mmap + non-mmap):         26312704 Byte
20220314 014513.558 INFO             PET0 PIOc_sync Exit - MemInfo: [malloc] Total space used (mmap + non-mmap):         14899648 Byte
20220314 014513.558 INFO             PET0 PIOc_sync Exit - MemInfo: Wall-clock time since execution start:               0.215388 seconds
20220314 014513.558 INFO             PET0 PIOc_freedecomp Enter - MemInfo: [/proc/meminfo - SSI]	MemTotal:       527077124 kB
20220314 014513.558 INFO             PET0 PIOc_freedecomp Enter - MemInfo: [/proc/meminfo - SSI]	MemFree:        518093648 kB
20220314 014513.558 INFO             PET0 PIOc_freedecomp Enter - MemInfo: [/proc/meminfo - SSI]	MemAvailable:   517745604 kB
20220314 014513.558 INFO             PET0 PIOc_freedecomp Enter - MemInfo: [/proc/meminfo - SSI]	Committed_AS:    1769648 kB
20220314 014513.558 INFO             PET0 PIOc_freedecomp Enter - MemInfo: [/proc/meminfo - SSI]	CommittedPercent: 0.335747 %
20220314 014513.558 INFO             PET0 PIOc_freedecomp Enter - MemInfo: [/proc/self/status]	VmPeak:	  180508 kB
20220314 014513.558 INFO             PET0 PIOc_freedecomp Enter - MemInfo: [/proc/self/status]	VmSize:	  180508 kB
20220314 014513.558 INFO             PET0 PIOc_freedecomp Enter - MemInfo: [/proc/self/status]	VmLck:	       0 kB
20220314 014513.558 INFO             PET0 PIOc_freedecomp Enter - MemInfo: [/proc/self/status]	VmPin:	       0 kB
20220314 014513.558 INFO             PET0 PIOc_freedecomp Enter - MemInfo: [/proc/self/status]	VmHWM:	   44044 kB
20220314 014513.558 INFO             PET0 PIOc_freedecomp Enter - MemInfo: [/proc/self/status]	VmRSS:	   44020 kB
20220314 014513.558 INFO             PET0 PIOc_freedecomp Enter - MemInfo: [/proc/self/status]	VmData:	   29400 kB
20220314 014513.558 INFO             PET0 PIOc_freedecomp Enter - MemInfo: [/proc/self/status]	VmStk:	     156 kB
20220314 014513.558 INFO             PET0 PIOc_freedecomp Enter - MemInfo: [/proc/self/status]	VmExe:	     220 kB
20220314 014513.558 INFO             PET0 PIOc_freedecomp Enter - MemInfo: [/proc/self/status]	VmLib:	   77104 kB
20220314 014513.558 INFO             PET0 PIOc_freedecomp Enter - MemInfo: [/proc/self/status]	VmPTE:	     368 kB
20220314 014513.558 INFO             PET0 PIOc_freedecomp Enter - MemInfo: [/proc/self/status]	VmSwap:	       0 kB
20220314 014513.558 INFO             PET0 PIOc_freedecomp Enter - MemInfo: [/proc/self/status]	VmRSSPercent: 0.00835172 %
20220314 014513.558 INFO             PET0 PIOc_freedecomp Enter - MemInfo: [malloc] Non-mmapped space allocated:                22601728 Byte
20220314 014513.558 INFO             PET0 PIOc_freedecomp Enter - MemInfo: [malloc] Space allocated in mmapped regions:          3710976 Byte
20220314 014513.558 INFO             PET0 PIOc_freedecomp Enter - MemInfo: [malloc] Maximum total allocated space:                     0 Byte
20220314 014513.558 INFO             PET0 PIOc_freedecomp Enter - MemInfo: [malloc] Space in freed fastbin blocks:                   272 Byte
20220314 014513.558 INFO             PET0 PIOc_freedecomp Enter - MemInfo: [malloc] Total allocated space:                       2253968 Byte
20220314 014513.558 INFO             PET0 PIOc_freedecomp Enter - MemInfo: [malloc] Total free space:                           20347760 Byte
20220314 014513.558 INFO             PET0 PIOc_freedecomp Enter - MemInfo: [malloc] Top-most, releasable space:                 15424640 Byte
20220314 014513.558 INFO             PET0 PIOc_freedecomp Enter - MemInfo: [malloc] Total space in use, mmap + non-mmap:         5964944 Byte
20220314 014513.558 INFO             PET0 PIOc_freedecomp Enter - MemInfo: [malloc] Total space held (mmap + non-mmap):         26312704 Byte
20220314 014513.558 INFO             PET0 PIOc_freedecomp Enter - MemInfo: [malloc] Total space used (mmap + non-mmap):          5973152 Byte
20220314 014513.558 INFO             PET0 PIOc_freedecomp Enter - MemInfo: Wall-clock time since execution start:               0.215689 seconds
20220314 014513.558 INFO             PET0 PIOc_freedecomp Exit - MemInfo: [/proc/meminfo - SSI]	MemTotal:       527077124 kB
20220314 014513.558 INFO             PET0 PIOc_freedecomp Exit - MemInfo: [/proc/meminfo - SSI]	MemFree:        518093648 kB
20220314 014513.558 INFO             PET0 PIOc_freedecomp Exit - MemInfo: [/proc/meminfo - SSI]	MemAvailable:   517745604 kB
20220314 014513.558 INFO             PET0 PIOc_freedecomp Exit - MemInfo: [/proc/meminfo - SSI]	Committed_AS:    1769648 kB
20220314 014513.558 INFO             PET0 PIOc_freedecomp Exit - MemInfo: [/proc/meminfo - SSI]	CommittedPercent: 0.335747 %
20220314 014513.558 INFO             PET0 PIOc_freedecomp Exit - MemInfo: [/proc/self/status]	VmPeak:	  180508 kB
20220314 014513.558 INFO             PET0 PIOc_freedecomp Exit - MemInfo: [/proc/self/status]	VmSize:	  180508 kB
20220314 014513.558 INFO             PET0 PIOc_freedecomp Exit - MemInfo: [/proc/self/status]	VmLck:	       0 kB
20220314 014513.558 INFO             PET0 PIOc_freedecomp Exit - MemInfo: [/proc/self/status]	VmPin:	       0 kB
20220314 014513.558 INFO             PET0 PIOc_freedecomp Exit - MemInfo: [/proc/self/status]	VmHWM:	   44044 kB
20220314 014513.558 INFO             PET0 PIOc_freedecomp Exit - MemInfo: [/proc/self/status]	VmRSS:	   44020 kB
20220314 014513.558 INFO             PET0 PIOc_freedecomp Exit - MemInfo: [/proc/self/status]	VmData:	   29400 kB
20220314 014513.558 INFO             PET0 PIOc_freedecomp Exit - MemInfo: [/proc/self/status]	VmStk:	     156 kB
20220314 014513.558 INFO             PET0 PIOc_freedecomp Exit - MemInfo: [/proc/self/status]	VmExe:	     220 kB
20220314 014513.558 INFO             PET0 PIOc_freedecomp Exit - MemInfo: [/proc/self/status]	VmLib:	   77104 kB
20220314 014513.558 INFO             PET0 PIOc_freedecomp Exit - MemInfo: [/proc/self/status]	VmPTE:	     368 kB
20220314 014513.558 INFO             PET0 PIOc_freedecomp Exit - MemInfo: [/proc/self/status]	VmSwap:	       0 kB
20220314 014513.558 INFO             PET0 PIOc_freedecomp Exit - MemInfo: [/proc/self/status]	VmRSSPercent: 0.00835172 %
20220314 014513.558 INFO             PET0 PIOc_freedecomp Exit - MemInfo: [malloc] Non-mmapped space allocated:                22601728 Byte
20220314 014513.558 INFO             PET0 PIOc_freedecomp Exit - MemInfo: [malloc] Space allocated in mmapped regions:          3710976 Byte
20220314 014513.558 INFO             PET0 PIOc_freedecomp Exit - MemInfo: [malloc] Maximum total allocated space:                     0 Byte
20220314 014513.558 INFO             PET0 PIOc_freedecomp Exit - MemInfo: [malloc] Space in freed fastbin blocks:                   784 Byte
20220314 014513.558 INFO             PET0 PIOc_freedecomp Exit - MemInfo: [malloc] Total allocated space:                       2252064 Byte
20220314 014513.558 INFO             PET0 PIOc_freedecomp Exit - MemInfo: [malloc] Total free space:                           20349664 Byte
20220314 014513.558 INFO             PET0 PIOc_freedecomp Exit - MemInfo: [malloc] Top-most, releasable space:                 15424640 Byte
20220314 014513.558 INFO             PET0 PIOc_freedecomp Exit - MemInfo: [malloc] Total space in use, mmap + non-mmap:         5963040 Byte
20220314 014513.558 INFO             PET0 PIOc_freedecomp Exit - MemInfo: [malloc] Total space held (mmap + non-mmap):         26312704 Byte
20220314 014513.558 INFO             PET0 PIOc_freedecomp Exit - MemInfo: [malloc] Total space used (mmap + non-mmap):          5971248 Byte
20220314 014513.558 INFO             PET0 PIOc_freedecomp Exit - MemInfo: Wall-clock time since execution start:                0.21587 seconds
20220314 014513.559 INFO             PET0 PIOc_sync Enter - MemInfo: [/proc/meminfo - SSI]	MemTotal:       527077124 kB
20220314 014513.559 INFO             PET0 PIOc_sync Enter - MemInfo: [/proc/meminfo - SSI]	MemFree:        518093648 kB
20220314 014513.559 INFO             PET0 PIOc_sync Enter - MemInfo: [/proc/meminfo - SSI]	MemAvailable:   517745604 kB
20220314 014513.559 INFO             PET0 PIOc_sync Enter - MemInfo: [/proc/meminfo - SSI]	Committed_AS:    1769648 kB
20220314 014513.559 INFO             PET0 PIOc_sync Enter - MemInfo: [/proc/meminfo - SSI]	CommittedPercent: 0.335747 %
20220314 014513.560 INFO             PET0 PIOc_sync Enter - MemInfo: [/proc/self/status]	VmPeak:	  180508 kB
20220314 014513.560 INFO             PET0 PIOc_sync Enter - MemInfo: [/proc/self/status]	VmSize:	  180508 kB
20220314 014513.560 INFO             PET0 PIOc_sync Enter - MemInfo: [/proc/self/status]	VmLck:	       0 kB
20220314 014513.560 INFO             PET0 PIOc_sync Enter - MemInfo: [/proc/self/status]	VmPin:	       0 kB
20220314 014513.560 INFO             PET0 PIOc_sync Enter - MemInfo: [/proc/self/status]	VmHWM:	   44048 kB
20220314 014513.560 INFO             PET0 PIOc_sync Enter - MemInfo: [/proc/self/status]	VmRSS:	   44024 kB
20220314 014513.560 INFO             PET0 PIOc_sync Enter - MemInfo: [/proc/self/status]	VmData:	   29400 kB
20220314 014513.560 INFO             PET0 PIOc_sync Enter - MemInfo: [/proc/self/status]	VmStk:	     156 kB
20220314 014513.560 INFO             PET0 PIOc_sync Enter - MemInfo: [/proc/self/status]	VmExe:	     220 kB
20220314 014513.560 INFO             PET0 PIOc_sync Enter - MemInfo: [/proc/self/status]	VmLib:	   77104 kB
20220314 014513.560 INFO             PET0 PIOc_sync Enter - MemInfo: [/proc/self/status]	VmPTE:	     368 kB
20220314 014513.560 INFO             PET0 PIOc_sync Enter - MemInfo: [/proc/self/status]	VmSwap:	       0 kB
20220314 014513.560 INFO             PET0 PIOc_sync Enter - MemInfo: [/proc/self/status]	VmRSSPercent: 0.00835248 %
20220314 014513.560 INFO             PET0 PIOc_sync Enter - MemInfo: [malloc] Non-mmapped space allocated:                22601728 Byte
20220314 014513.560 INFO             PET0 PIOc_sync Enter - MemInfo: [malloc] Space allocated in mmapped regions:          3710976 Byte
20220314 014513.560 INFO             PET0 PIOc_sync Enter - MemInfo: [malloc] Maximum total allocated space:                     0 Byte
20220314 014513.560 INFO             PET0 PIOc_sync Enter - MemInfo: [malloc] Space in freed fastbin blocks:                  1696 Byte
20220314 014513.560 INFO             PET0 PIOc_sync Enter - MemInfo: [malloc] Total allocated space:                      11181456 Byte
20220314 014513.560 INFO             PET0 PIOc_sync Enter - MemInfo: [malloc] Total free space:                           11420272 Byte
20220314 014513.560 INFO             PET0 PIOc_sync Enter - MemInfo: [malloc] Top-most, releasable space:                  7036016 Byte
20220314 014513.560 INFO             PET0 PIOc_sync Enter - MemInfo: [malloc] Total space in use, mmap + non-mmap:        14892432 Byte
20220314 014513.560 INFO             PET0 PIOc_sync Enter - MemInfo: [malloc] Total space held (mmap + non-mmap):         26312704 Byte
20220314 014513.560 INFO             PET0 PIOc_sync Enter - MemInfo: [malloc] Total space used (mmap + non-mmap):         14900752 Byte
20220314 014513.560 INFO             PET0 PIOc_sync Enter - MemInfo: Wall-clock time since execution start:               0.217129 seconds
20220314 014513.560 INFO             PET0 PIOc_sync Exit - MemInfo: [/proc/meminfo - SSI]	MemTotal:       527077124 kB
20220314 014513.560 INFO             PET0 PIOc_sync Exit - MemInfo: [/proc/meminfo - SSI]	MemFree:        518093648 kB
20220314 014513.560 INFO             PET0 PIOc_sync Exit - MemInfo: [/proc/meminfo - SSI]	MemAvailable:   517745604 kB
20220314 014513.560 INFO             PET0 PIOc_sync Exit - MemInfo: [/proc/meminfo - SSI]	Committed_AS:    1769648 kB
20220314 014513.560 INFO             PET0 PIOc_sync Exit - MemInfo: [/proc/meminfo - SSI]	CommittedPercent: 0.335747 %
20220314 014513.560 INFO             PET0 PIOc_sync Exit - MemInfo: [/proc/self/status]	VmPeak:	  180508 kB
20220314 014513.560 INFO             PET0 PIOc_sync Exit - MemInfo: [/proc/self/status]	VmSize:	  180508 kB
20220314 014513.560 INFO             PET0 PIOc_sync Exit - MemInfo: [/proc/self/status]	VmLck:	       0 kB
20220314 014513.560 INFO             PET0 PIOc_sync Exit - MemInfo: [/proc/self/status]	VmPin:	       0 kB
20220314 014513.560 INFO             PET0 PIOc_sync Exit - MemInfo: [/proc/self/status]	VmHWM:	   44048 kB
20220314 014513.560 INFO             PET0 PIOc_sync Exit - MemInfo: [/proc/self/status]	VmRSS:	   44024 kB
20220314 014513.560 INFO             PET0 PIOc_sync Exit - MemInfo: [/proc/self/status]	VmData:	   29400 kB
20220314 014513.560 INFO             PET0 PIOc_sync Exit - MemInfo: [/proc/self/status]	VmStk:	     156 kB
20220314 014513.560 INFO             PET0 PIOc_sync Exit - MemInfo: [/proc/self/status]	VmExe:	     220 kB
20220314 014513.560 INFO             PET0 PIOc_sync Exit - MemInfo: [/proc/self/status]	VmLib:	   77104 kB
20220314 014513.560 INFO             PET0 PIOc_sync Exit - MemInfo: [/proc/self/status]	VmPTE:	     368 kB
20220314 014513.560 INFO             PET0 PIOc_sync Exit - MemInfo: [/proc/self/status]	VmSwap:	       0 kB
20220314 014513.560 INFO             PET0 PIOc_sync Exit - MemInfo: [/proc/self/status]	VmRSSPercent: 0.00835248 %
20220314 014513.560 INFO             PET0 PIOc_sync Exit - MemInfo: [malloc] Non-mmapped space allocated:                22601728 Byte
20220314 014513.560 INFO             PET0 PIOc_sync Exit - MemInfo: [malloc] Space allocated in mmapped regions:          3710976 Byte
20220314 014513.560 INFO             PET0 PIOc_sync Exit - MemInfo: [malloc] Maximum total allocated space:                     0 Byte
20220314 014513.560 INFO             PET0 PIOc_sync Exit - MemInfo: [malloc] Space in freed fastbin blocks:                   160 Byte
20220314 014513.560 INFO             PET0 PIOc_sync Exit - MemInfo: [malloc] Total allocated space:                      11181936 Byte
20220314 014513.560 INFO             PET0 PIOc_sync Exit - MemInfo: [malloc] Total free space:                           11419792 Byte
20220314 014513.560 INFO             PET0 PIOc_sync Exit - MemInfo: [malloc] Top-most, releasable space:                  7036016 Byte
20220314 014513.560 INFO             PET0 PIOc_sync Exit - MemInfo: [malloc] Total space in use, mmap + non-mmap:        14892912 Byte
20220314 014513.560 INFO             PET0 PIOc_sync Exit - MemInfo: [malloc] Total space held (mmap + non-mmap):         26312704 Byte
20220314 014513.560 INFO             PET0 PIOc_sync Exit - MemInfo: [malloc] Total space used (mmap + non-mmap):         14901120 Byte
20220314 014513.560 INFO             PET0 PIOc_sync Exit - MemInfo: Wall-clock time since execution start:               0.217361 seconds
20220314 014513.560 INFO             PET0 PIOc_freedecomp Enter - MemInfo: [/proc/meminfo - SSI]	MemTotal:       527077124 kB
20220314 014513.560 INFO             PET0 PIOc_freedecomp Enter - MemInfo: [/proc/meminfo - SSI]	MemFree:        518093648 kB
20220314 014513.560 INFO             PET0 PIOc_freedecomp Enter - MemInfo: [/proc/meminfo - SSI]	MemAvailable:   517745604 kB
20220314 014513.560 INFO             PET0 PIOc_freedecomp Enter - MemInfo: [/proc/meminfo - SSI]	Committed_AS:    1769648 kB
20220314 014513.560 INFO             PET0 PIOc_freedecomp Enter - MemInfo: [/proc/meminfo - SSI]	CommittedPercent: 0.335747 %
20220314 014513.560 INFO             PET0 PIOc_freedecomp Enter - MemInfo: [/proc/self/status]	VmPeak:	  180508 kB
20220314 014513.560 INFO             PET0 PIOc_freedecomp Enter - MemInfo: [/proc/self/status]	VmSize:	  180508 kB
20220314 014513.560 INFO             PET0 PIOc_freedecomp Enter - MemInfo: [/proc/self/status]	VmLck:	       0 kB
20220314 014513.560 INFO             PET0 PIOc_freedecomp Enter - MemInfo: [/proc/self/status]	VmPin:	       0 kB
20220314 014513.560 INFO             PET0 PIOc_freedecomp Enter - MemInfo: [/proc/self/status]	VmHWM:	   44048 kB
20220314 014513.560 INFO             PET0 PIOc_freedecomp Enter - MemInfo: [/proc/self/status]	VmRSS:	   44024 kB
20220314 014513.560 INFO             PET0 PIOc_freedecomp Enter - MemInfo: [/proc/self/status]	VmData:	   29400 kB
20220314 014513.560 INFO             PET0 PIOc_freedecomp Enter - MemInfo: [/proc/self/status]	VmStk:	     156 kB
20220314 014513.560 INFO             PET0 PIOc_freedecomp Enter - MemInfo: [/proc/self/status]	VmExe:	     220 kB
20220314 014513.560 INFO             PET0 PIOc_freedecomp Enter - MemInfo: [/proc/self/status]	VmLib:	   77104 kB
20220314 014513.560 INFO             PET0 PIOc_freedecomp Enter - MemInfo: [/proc/self/status]	VmPTE:	     368 kB
20220314 014513.560 INFO             PET0 PIOc_freedecomp Enter - MemInfo: [/proc/self/status]	VmSwap:	       0 kB
20220314 014513.560 INFO             PET0 PIOc_freedecomp Enter - MemInfo: [/proc/self/status]	VmRSSPercent: 0.00835248 %
20220314 014513.560 INFO             PET0 PIOc_freedecomp Enter - MemInfo: [malloc] Non-mmapped space allocated:                22601728 Byte
20220314 014513.560 INFO             PET0 PIOc_freedecomp Enter - MemInfo: [malloc] Space allocated in mmapped regions:          3710976 Byte
20220314 014513.560 INFO             PET0 PIOc_freedecomp Enter - MemInfo: [malloc] Maximum total allocated space:                     0 Byte
20220314 014513.560 INFO             PET0 PIOc_freedecomp Enter - MemInfo: [malloc] Space in freed fastbin blocks:                   272 Byte
20220314 014513.560 INFO             PET0 PIOc_freedecomp Enter - MemInfo: [malloc] Total allocated space:                       2254528 Byte
20220314 014513.560 INFO             PET0 PIOc_freedecomp Enter - MemInfo: [malloc] Total free space:                           20347200 Byte
20220314 014513.560 INFO             PET0 PIOc_freedecomp Enter - MemInfo: [malloc] Top-most, releasable space:                 15424640 Byte
20220314 014513.560 INFO             PET0 PIOc_freedecomp Enter - MemInfo: [malloc] Total space in use, mmap + non-mmap:         5965504 Byte
20220314 014513.560 INFO             PET0 PIOc_freedecomp Enter - MemInfo: [malloc] Total space held (mmap + non-mmap):         26312704 Byte
20220314 014513.560 INFO             PET0 PIOc_freedecomp Enter - MemInfo: [malloc] Total space used (mmap + non-mmap):          5973712 Byte
20220314 014513.560 INFO             PET0 PIOc_freedecomp Enter - MemInfo: Wall-clock time since execution start:               0.217635 seconds
20220314 014513.560 INFO             PET0 PIOc_freedecomp Exit - MemInfo: [/proc/meminfo - SSI]	MemTotal:       527077124 kB
20220314 014513.560 INFO             PET0 PIOc_freedecomp Exit - MemInfo: [/proc/meminfo - SSI]	MemFree:        518093648 kB
20220314 014513.560 INFO             PET0 PIOc_freedecomp Exit - MemInfo: [/proc/meminfo - SSI]	MemAvailable:   517745604 kB
20220314 014513.560 INFO             PET0 PIOc_freedecomp Exit - MemInfo: [/proc/meminfo - SSI]	Committed_AS:    1769648 kB
20220314 014513.560 INFO             PET0 PIOc_freedecomp Exit - MemInfo: [/proc/meminfo - SSI]	CommittedPercent: 0.335747 %
20220314 014513.560 INFO             PET0 PIOc_freedecomp Exit - MemInfo: [/proc/self/status]	VmPeak:	  180508 kB
20220314 014513.560 INFO             PET0 PIOc_freedecomp Exit - MemInfo: [/proc/self/status]	VmSize:	  180508 kB
20220314 014513.560 INFO             PET0 PIOc_freedecomp Exit - MemInfo: [/proc/self/status]	VmLck:	       0 kB
20220314 014513.560 INFO             PET0 PIOc_freedecomp Exit - MemInfo: [/proc/self/status]	VmPin:	       0 kB
20220314 014513.560 INFO             PET0 PIOc_freedecomp Exit - MemInfo: [/proc/self/status]	VmHWM:	   44048 kB
20220314 014513.560 INFO             PET0 PIOc_freedecomp Exit - MemInfo: [/proc/self/status]	VmRSS:	   44024 kB
20220314 014513.560 INFO             PET0 PIOc_freedecomp Exit - MemInfo: [/proc/self/status]	VmData:	   29400 kB
20220314 014513.560 INFO             PET0 PIOc_freedecomp Exit - MemInfo: [/proc/self/status]	VmStk:	     156 kB
20220314 014513.560 INFO             PET0 PIOc_freedecomp Exit - MemInfo: [/proc/self/status]	VmExe:	     220 kB
20220314 014513.560 INFO             PET0 PIOc_freedecomp Exit - MemInfo: [/proc/self/status]	VmLib:	   77104 kB
20220314 014513.560 INFO             PET0 PIOc_freedecomp Exit - MemInfo: [/proc/self/status]	VmPTE:	     368 kB
20220314 014513.560 INFO             PET0 PIOc_freedecomp Exit - MemInfo: [/proc/self/status]	VmSwap:	       0 kB
20220314 014513.560 INFO             PET0 PIOc_freedecomp Exit - MemInfo: [/proc/self/status]	VmRSSPercent: 0.00835248 %
20220314 014513.560 INFO             PET0 PIOc_freedecomp Exit - MemInfo: [malloc] Non-mmapped space allocated:                22601728 Byte
20220314 014513.560 INFO             PET0 PIOc_freedecomp Exit - MemInfo: [malloc] Space allocated in mmapped regions:          3710976 Byte
20220314 014513.560 INFO             PET0 PIOc_freedecomp Exit - MemInfo: [malloc] Maximum total allocated space:                     0 Byte
20220314 014513.560 INFO             PET0 PIOc_freedecomp Exit - MemInfo: [malloc] Space in freed fastbin blocks:                   784 Byte
20220314 014513.560 INFO             PET0 PIOc_freedecomp Exit - MemInfo: [malloc] Total allocated space:                       2252912 Byte
20220314 014513.560 INFO             PET0 PIOc_freedecomp Exit - MemInfo: [malloc] Total free space:                           20348816 Byte
20220314 014513.560 INFO             PET0 PIOc_freedecomp Exit - MemInfo: [malloc] Top-most, releasable space:                 15424640 Byte
20220314 014513.560 INFO             PET0 PIOc_freedecomp Exit - MemInfo: [malloc] Total space in use, mmap + non-mmap:         5963888 Byte
20220314 014513.560 INFO             PET0 PIOc_freedecomp Exit - MemInfo: [malloc] Total space held (mmap + non-mmap):         26312704 Byte
20220314 014513.560 INFO             PET0 PIOc_freedecomp Exit - MemInfo: [malloc] Total space used (mmap + non-mmap):          5972096 Byte
20220314 014513.560 INFO             PET0 PIOc_freedecomp Exit - MemInfo: Wall-clock time since execution start:                0.21782 seconds
20220314 014513.561 INFO             PET0  PASS  Test RouteHandleDestroy(), ESMF_RouteHandleAdvancedUTest.F90, line 633
20220314 014513.561 INFO             PET0  PASS  Apply the copied Routehandle, ESMF_RouteHandleAdvancedUTest.F90, line 643
20220314 014513.561 INFO             PET0  PASS  Test RouteHandleDestroy() for the copied Routehandle, ESMF_RouteHandleAdvancedUTest.F90, line 651
20220314 014513.561 INFO             PET0  PASS  Test ESMF_DynamicMaskSetR4R4R4(), ESMF_RouteHandleAdvancedUTest.F90, line 716
20220314 014513.561 INFO             PET0  PASS  Test ESMF_DynamicMaskSetR4R4R4V(), ESMF_RouteHandleAdvancedUTest.F90, line 725
20220314 014513.561 INFO             PET0  PASS  Test ESMF_DynamicMaskSetR4R8R4V(), ESMF_RouteHandleAdvancedUTest.F90, line 734
20220314 014513.561 INFO             PET0  Ending Test, file ESMF_RouteHandleAdvancedUTest.F90, line 749
20220314 014513.561 INFO             PET0 Finalizing ESMF
20220314 014513.344 INFO             PET1 !!!!!!!!!!!!!!!!!!!!!!!!!!!!!!!!!!!!!!!!!!!!!!!!!!!!!!
20220314 014513.344 INFO             PET1 !!! THE ESMF_LOG IS SET TO OUTPUT ALL LOG MESSAGES !!!
20220314 014513.344 INFO             PET1 !!!     THIS MAY CAUSE SLOWDOWN IN PERFORMANCE     !!!
20220314 014513.344 INFO             PET1 !!! FOR PRODUCTION RUNS, USE:                      !!!
20220314 014513.344 INFO             PET1 !!!                   ESMF_LOGKIND_Multi_On_Error  !!!
20220314 014513.344 INFO             PET1 !!!!!!!!!!!!!!!!!!!!!!!!!!!!!!!!!!!!!!!!!!!!!!!!!!!!!!
20220314 014513.344 INFO             PET1 Running with ESMF Version   : v8.3.0b09-96-g559b459836
20220314 014513.344 INFO             PET1 ESMF library build date/time: "Mar 14 2022" "01:37:45"
20220314 014513.344 INFO             PET1 ESMF library build location : /lfs/h1/emc/ptmp/Mark.Potts/gfortran_10.3.0_mpich3_O_jedwards_pio_update2
20220314 014513.344 INFO             PET1 ESMF_COMM                   : mpich3
20220314 014513.344 INFO             PET1 ESMF_MOAB                   : enabled
20220314 014513.344 INFO             PET1 ESMF_LAPACK                 : enabled
20220314 014513.344 INFO             PET1 ESMF_NETCDF                 : enabled
20220314 014513.344 INFO             PET1 ESMF_PNETCDF                : disabled
20220314 014513.344 INFO             PET1 ESMF_PIO                    : enabled
20220314 014513.344 INFO             PET1 ESMF_YAMLCPP                : enabled
20220314 014513.345 INFO             PET1  Beginning Test, file ESMF_RouteHandleAdvancedUTest.F90, line 346
20220314 014513.345 INFO             PET1  NUMBER_OF_PROCESSORS           4
20220314 014513.348 INFO             PET1 ESMF_FieldRedistStoreNF(): Just entered routine.
20220314 014513.446 INFO             PET1 ESMF_FieldRedistStoreNF(): Leaving routine.
20220314 014513.447 INFO             PET1  PASS  Create RouteHandle for the original petList, ESMF_RouteHandleAdvancedUTest.F90, line 511
20220314 014513.447 INFO             PET1  PASS  Test RouteHandleIsCreated(), ESMF_RouteHandleAdvancedUTest.F90, line 519
20220314 014513.447 INFO             PET1  PASS  Test RouteHandleIsCreated() return value, ESMF_RouteHandleAdvancedUTest.F90, line 526
20220314 014513.447 INFO             PET1  PASS  Test RouteHandleGet(), ESMF_RouteHandleAdvancedUTest.F90, line 534
20220314 014513.451 INFO             PET1  PASS  Test RouteHandleWrite(), ESMF_RouteHandleAdvancedUTest.F90, line 542
20220314 014513.451 INFO             PET1  PASS  Test RouteHandleDestroy(), ESMF_RouteHandleAdvancedUTest.F90, line 550
20220314 014513.453 INFO             PET1  PASS  Test RouteHandleCreate(from file), ESMF_RouteHandleAdvancedUTest.F90, line 558
20220314 014513.454 INFO             PET1  PASS  Apply the read in Routehandle, ESMF_RouteHandleAdvancedUTest.F90, line 567
20220314 014513.454 INFO             PET1  PASS  Test RouteHandleDestroy() for the read in Routehandle, ESMF_RouteHandleAdvancedUTest.F90, line 575
20220314 014513.454 INFO             PET1 ESMF_FieldRedistStoreNF(): Just entered routine.
20220314 014513.547 INFO             PET1 ESMF_FieldRedistStoreNF(): Leaving routine.
20220314 014513.547 INFO             PET1  PASS  Create RouteHandle for the original petList, ESMF_RouteHandleAdvancedUTest.F90, line 585
20220314 014513.547 INFO             PET1  PASS  Transfer RouteHandle to a different petList, ESMF_RouteHandleAdvancedUTest.F90, line 602
20220314 014513.553 INFO             PET1 PIOc_sync Enter - MemInfo: [/proc/meminfo - SSI]	MemTotal:       527077124 kB
20220314 014513.553 INFO             PET1 PIOc_sync Enter - MemInfo: [/proc/meminfo - SSI]	MemFree:        518093648 kB
20220314 014513.553 INFO             PET1 PIOc_sync Enter - MemInfo: [/proc/meminfo - SSI]	MemAvailable:   517745604 kB
20220314 014513.553 INFO             PET1 PIOc_sync Enter - MemInfo: [/proc/meminfo - SSI]	Committed_AS:    1769648 kB
20220314 014513.553 INFO             PET1 PIOc_sync Enter - MemInfo: [/proc/meminfo - SSI]	CommittedPercent: 0.335747 %
20220314 014513.553 INFO             PET1 PIOc_sync Enter - MemInfo: [/proc/self/status]	VmPeak:	  180500 kB
20220314 014513.553 INFO             PET1 PIOc_sync Enter - MemInfo: [/proc/self/status]	VmSize:	  180500 kB
20220314 014513.553 INFO             PET1 PIOc_sync Enter - MemInfo: [/proc/self/status]	VmLck:	       0 kB
20220314 014513.553 INFO             PET1 PIOc_sync Enter - MemInfo: [/proc/self/status]	VmPin:	       0 kB
20220314 014513.553 INFO             PET1 PIOc_sync Enter - MemInfo: [/proc/self/status]	VmHWM:	   37696 kB
20220314 014513.553 INFO             PET1 PIOc_sync Enter - MemInfo: [/proc/self/status]	VmRSS:	   37696 kB
20220314 014513.553 INFO             PET1 PIOc_sync Enter - MemInfo: [/proc/self/status]	VmData:	   29392 kB
20220314 014513.553 INFO             PET1 PIOc_sync Enter - MemInfo: [/proc/self/status]	VmStk:	     156 kB
20220314 014513.553 INFO             PET1 PIOc_sync Enter - MemInfo: [/proc/self/status]	VmExe:	     220 kB
20220314 014513.553 INFO             PET1 PIOc_sync Enter - MemInfo: [/proc/self/status]	VmLib:	   77104 kB
20220314 014513.553 INFO             PET1 PIOc_sync Enter - MemInfo: [/proc/self/status]	VmPTE:	     360 kB
20220314 014513.553 INFO             PET1 PIOc_sync Enter - MemInfo: [/proc/self/status]	VmSwap:	       0 kB
20220314 014513.553 INFO             PET1 PIOc_sync Enter - MemInfo: [/proc/self/status]	VmRSSPercent: 0.00715189 %
20220314 014513.553 INFO             PET1 PIOc_sync Enter - MemInfo: [malloc] Non-mmapped space allocated:                22593536 Byte
20220314 014513.553 INFO             PET1 PIOc_sync Enter - MemInfo: [malloc] Space allocated in mmapped regions:          3710976 Byte
20220314 014513.553 INFO             PET1 PIOc_sync Enter - MemInfo: [malloc] Maximum total allocated space:                     0 Byte
20220314 014513.553 INFO             PET1 PIOc_sync Enter - MemInfo: [malloc] Space in freed fastbin blocks:                    32 Byte
20220314 014513.553 INFO             PET1 PIOc_sync Enter - MemInfo: [malloc] Total allocated space:                       1633712 Byte
20220314 014513.553 INFO             PET1 PIOc_sync Enter - MemInfo: [malloc] Total free space:                           20959824 Byte
20220314 014513.553 INFO             PET1 PIOc_sync Enter - MemInfo: [malloc] Top-most, releasable space:                 15421328 Byte
20220314 014513.553 INFO             PET1 PIOc_sync Enter - MemInfo: [malloc] Total space in use, mmap + non-mmap:         5344688 Byte
20220314 014513.553 INFO             PET1 PIOc_sync Enter - MemInfo: [malloc] Total space held (mmap + non-mmap):         26304512 Byte
20220314 014513.553 INFO             PET1 PIOc_sync Enter - MemInfo: [malloc] Total space used (mmap + non-mmap):          5352896 Byte
20220314 014513.553 INFO             PET1 PIOc_sync Enter - MemInfo: Wall-clock time since execution start:                0.21096 seconds
20220314 014513.554 INFO             PET1 PIOc_sync Exit - MemInfo: [/proc/meminfo - SSI]	MemTotal:       527077124 kB
20220314 014513.554 INFO             PET1 PIOc_sync Exit - MemInfo: [/proc/meminfo - SSI]	MemFree:        518093648 kB
20220314 014513.554 INFO             PET1 PIOc_sync Exit - MemInfo: [/proc/meminfo - SSI]	MemAvailable:   517745604 kB
20220314 014513.554 INFO             PET1 PIOc_sync Exit - MemInfo: [/proc/meminfo - SSI]	Committed_AS:    1769648 kB
20220314 014513.554 INFO             PET1 PIOc_sync Exit - MemInfo: [/proc/meminfo - SSI]	CommittedPercent: 0.335747 %
20220314 014513.554 INFO             PET1 PIOc_sync Exit - MemInfo: [/proc/self/status]	VmPeak:	  180500 kB
20220314 014513.554 INFO             PET1 PIOc_sync Exit - MemInfo: [/proc/self/status]	VmSize:	  180500 kB
20220314 014513.554 INFO             PET1 PIOc_sync Exit - MemInfo: [/proc/self/status]	VmLck:	       0 kB
20220314 014513.554 INFO             PET1 PIOc_sync Exit - MemInfo: [/proc/self/status]	VmPin:	       0 kB
20220314 014513.554 INFO             PET1 PIOc_sync Exit - MemInfo: [/proc/self/status]	VmHWM:	   37696 kB
20220314 014513.554 INFO             PET1 PIOc_sync Exit - MemInfo: [/proc/self/status]	VmRSS:	   37696 kB
20220314 014513.554 INFO             PET1 PIOc_sync Exit - MemInfo: [/proc/self/status]	VmData:	   29392 kB
20220314 014513.554 INFO             PET1 PIOc_sync Exit - MemInfo: [/proc/self/status]	VmStk:	     156 kB
20220314 014513.554 INFO             PET1 PIOc_sync Exit - MemInfo: [/proc/self/status]	VmExe:	     220 kB
20220314 014513.554 INFO             PET1 PIOc_sync Exit - MemInfo: [/proc/self/status]	VmLib:	   77104 kB
20220314 014513.554 INFO             PET1 PIOc_sync Exit - MemInfo: [/proc/self/status]	VmPTE:	     360 kB
20220314 014513.554 INFO             PET1 PIOc_sync Exit - MemInfo: [/proc/self/status]	VmSwap:	       0 kB
20220314 014513.554 INFO             PET1 PIOc_sync Exit - MemInfo: [/proc/self/status]	VmRSSPercent: 0.00715189 %
20220314 014513.554 INFO             PET1 PIOc_sync Exit - MemInfo: [malloc] Non-mmapped space allocated:                22593536 Byte
20220314 014513.554 INFO             PET1 PIOc_sync Exit - MemInfo: [malloc] Space allocated in mmapped regions:          3710976 Byte
20220314 014513.554 INFO             PET1 PIOc_sync Exit - MemInfo: [malloc] Maximum total allocated space:                     0 Byte
20220314 014513.554 INFO             PET1 PIOc_sync Exit - MemInfo: [malloc] Space in freed fastbin blocks:                     0 Byte
20220314 014513.554 INFO             PET1 PIOc_sync Exit - MemInfo: [malloc] Total allocated space:                       1634160 Byte
20220314 014513.554 INFO             PET1 PIOc_sync Exit - MemInfo: [malloc] Total free space:                           20959376 Byte
20220314 014513.554 INFO             PET1 PIOc_sync Exit - MemInfo: [malloc] Top-most, releasable space:                 15421328 Byte
20220314 014513.554 INFO             PET1 PIOc_sync Exit - MemInfo: [malloc] Total space in use, mmap + non-mmap:         5345136 Byte
20220314 014513.554 INFO             PET1 PIOc_sync Exit - MemInfo: [malloc] Total space held (mmap + non-mmap):         26304512 Byte
20220314 014513.554 INFO             PET1 PIOc_sync Exit - MemInfo: [malloc] Total space used (mmap + non-mmap):          5353344 Byte
20220314 014513.554 INFO             PET1 PIOc_sync Exit - MemInfo: Wall-clock time since execution start:               0.211248 seconds
20220314 014513.554 INFO             PET1 PIOc_freedecomp Enter - MemInfo: [/proc/meminfo - SSI]	MemTotal:       527077124 kB
20220314 014513.554 INFO             PET1 PIOc_freedecomp Enter - MemInfo: [/proc/meminfo - SSI]	MemFree:        518093648 kB
20220314 014513.554 INFO             PET1 PIOc_freedecomp Enter - MemInfo: [/proc/meminfo - SSI]	MemAvailable:   517745604 kB
20220314 014513.554 INFO             PET1 PIOc_freedecomp Enter - MemInfo: [/proc/meminfo - SSI]	Committed_AS:    1769648 kB
20220314 014513.554 INFO             PET1 PIOc_freedecomp Enter - MemInfo: [/proc/meminfo - SSI]	CommittedPercent: 0.335747 %
20220314 014513.554 INFO             PET1 PIOc_freedecomp Enter - MemInfo: [/proc/self/status]	VmPeak:	  180500 kB
20220314 014513.554 INFO             PET1 PIOc_freedecomp Enter - MemInfo: [/proc/self/status]	VmSize:	  180500 kB
20220314 014513.554 INFO             PET1 PIOc_freedecomp Enter - MemInfo: [/proc/self/status]	VmLck:	       0 kB
20220314 014513.554 INFO             PET1 PIOc_freedecomp Enter - MemInfo: [/proc/self/status]	VmPin:	       0 kB
20220314 014513.554 INFO             PET1 PIOc_freedecomp Enter - MemInfo: [/proc/self/status]	VmHWM:	   37696 kB
20220314 014513.554 INFO             PET1 PIOc_freedecomp Enter - MemInfo: [/proc/self/status]	VmRSS:	   37696 kB
20220314 014513.554 INFO             PET1 PIOc_freedecomp Enter - MemInfo: [/proc/self/status]	VmData:	   29392 kB
20220314 014513.554 INFO             PET1 PIOc_freedecomp Enter - MemInfo: [/proc/self/status]	VmStk:	     156 kB
20220314 014513.554 INFO             PET1 PIOc_freedecomp Enter - MemInfo: [/proc/self/status]	VmExe:	     220 kB
20220314 014513.554 INFO             PET1 PIOc_freedecomp Enter - MemInfo: [/proc/self/status]	VmLib:	   77104 kB
20220314 014513.554 INFO             PET1 PIOc_freedecomp Enter - MemInfo: [/proc/self/status]	VmPTE:	     360 kB
20220314 014513.554 INFO             PET1 PIOc_freedecomp Enter - MemInfo: [/proc/self/status]	VmSwap:	       0 kB
20220314 014513.554 INFO             PET1 PIOc_freedecomp Enter - MemInfo: [/proc/self/status]	VmRSSPercent: 0.00715189 %
20220314 014513.554 INFO             PET1 PIOc_freedecomp Enter - MemInfo: [malloc] Non-mmapped space allocated:                22593536 Byte
20220314 014513.554 INFO             PET1 PIOc_freedecomp Enter - MemInfo: [malloc] Space allocated in mmapped regions:          3710976 Byte
20220314 014513.554 INFO             PET1 PIOc_freedecomp Enter - MemInfo: [malloc] Maximum total allocated space:                     0 Byte
20220314 014513.554 INFO             PET1 PIOc_freedecomp Enter - MemInfo: [malloc] Space in freed fastbin blocks:                     0 Byte
20220314 014513.554 INFO             PET1 PIOc_freedecomp Enter - MemInfo: [malloc] Total allocated space:                       1634384 Byte
20220314 014513.554 INFO             PET1 PIOc_freedecomp Enter - MemInfo: [malloc] Total free space:                           20959152 Byte
20220314 014513.554 INFO             PET1 PIOc_freedecomp Enter - MemInfo: [malloc] Top-most, releasable space:                 15421328 Byte
20220314 014513.554 INFO             PET1 PIOc_freedecomp Enter - MemInfo: [malloc] Total space in use, mmap + non-mmap:         5345360 Byte
20220314 014513.554 INFO             PET1 PIOc_freedecomp Enter - MemInfo: [malloc] Total space held (mmap + non-mmap):         26304512 Byte
20220314 014513.554 INFO             PET1 PIOc_freedecomp Enter - MemInfo: [malloc] Total space used (mmap + non-mmap):          5353568 Byte
20220314 014513.554 INFO             PET1 PIOc_freedecomp Enter - MemInfo: Wall-clock time since execution start:               0.211568 seconds
20220314 014513.554 INFO             PET1 PIOc_freedecomp Exit - MemInfo: [/proc/meminfo - SSI]	MemTotal:       527077124 kB
20220314 014513.554 INFO             PET1 PIOc_freedecomp Exit - MemInfo: [/proc/meminfo - SSI]	MemFree:        518093648 kB
20220314 014513.554 INFO             PET1 PIOc_freedecomp Exit - MemInfo: [/proc/meminfo - SSI]	MemAvailable:   517745604 kB
20220314 014513.554 INFO             PET1 PIOc_freedecomp Exit - MemInfo: [/proc/meminfo - SSI]	Committed_AS:    1769648 kB
20220314 014513.554 INFO             PET1 PIOc_freedecomp Exit - MemInfo: [/proc/meminfo - SSI]	CommittedPercent: 0.335747 %
20220314 014513.554 INFO             PET1 PIOc_freedecomp Exit - MemInfo: [/proc/self/status]	VmPeak:	  180500 kB
20220314 014513.554 INFO             PET1 PIOc_freedecomp Exit - MemInfo: [/proc/self/status]	VmSize:	  180500 kB
20220314 014513.554 INFO             PET1 PIOc_freedecomp Exit - MemInfo: [/proc/self/status]	VmLck:	       0 kB
20220314 014513.554 INFO             PET1 PIOc_freedecomp Exit - MemInfo: [/proc/self/status]	VmPin:	       0 kB
20220314 014513.554 INFO             PET1 PIOc_freedecomp Exit - MemInfo: [/proc/self/status]	VmHWM:	   37696 kB
20220314 014513.554 INFO             PET1 PIOc_freedecomp Exit - MemInfo: [/proc/self/status]	VmRSS:	   37696 kB
20220314 014513.554 INFO             PET1 PIOc_freedecomp Exit - MemInfo: [/proc/self/status]	VmData:	   29392 kB
20220314 014513.554 INFO             PET1 PIOc_freedecomp Exit - MemInfo: [/proc/self/status]	VmStk:	     156 kB
20220314 014513.554 INFO             PET1 PIOc_freedecomp Exit - MemInfo: [/proc/self/status]	VmExe:	     220 kB
20220314 014513.554 INFO             PET1 PIOc_freedecomp Exit - MemInfo: [/proc/self/status]	VmLib:	   77104 kB
20220314 014513.554 INFO             PET1 PIOc_freedecomp Exit - MemInfo: [/proc/self/status]	VmPTE:	     360 kB
20220314 014513.554 INFO             PET1 PIOc_freedecomp Exit - MemInfo: [/proc/self/status]	VmSwap:	       0 kB
20220314 014513.554 INFO             PET1 PIOc_freedecomp Exit - MemInfo: [/proc/self/status]	VmRSSPercent: 0.00715189 %
20220314 014513.554 INFO             PET1 PIOc_freedecomp Exit - MemInfo: [malloc] Non-mmapped space allocated:                22593536 Byte
20220314 014513.554 INFO             PET1 PIOc_freedecomp Exit - MemInfo: [malloc] Space allocated in mmapped regions:          3710976 Byte
20220314 014513.554 INFO             PET1 PIOc_freedecomp Exit - MemInfo: [malloc] Maximum total allocated space:                     0 Byte
20220314 014513.554 INFO             PET1 PIOc_freedecomp Exit - MemInfo: [malloc] Space in freed fastbin blocks:                   240 Byte
20220314 014513.554 INFO             PET1 PIOc_freedecomp Exit - MemInfo: [malloc] Total allocated space:                       1634368 Byte
20220314 014513.554 INFO             PET1 PIOc_freedecomp Exit - MemInfo: [malloc] Total free space:                           20959168 Byte
20220314 014513.554 INFO             PET1 PIOc_freedecomp Exit - MemInfo: [malloc] Top-most, releasable space:                 15421328 Byte
20220314 014513.554 INFO             PET1 PIOc_freedecomp Exit - MemInfo: [malloc] Total space in use, mmap + non-mmap:         5345344 Byte
20220314 014513.554 INFO             PET1 PIOc_freedecomp Exit - MemInfo: [malloc] Total space held (mmap + non-mmap):         26304512 Byte
20220314 014513.554 INFO             PET1 PIOc_freedecomp Exit - MemInfo: [malloc] Total space used (mmap + non-mmap):          5353552 Byte
20220314 014513.554 INFO             PET1 PIOc_freedecomp Exit - MemInfo: Wall-clock time since execution start:                0.21175 seconds
20220314 014513.556 INFO             PET1 PIOc_sync Enter - MemInfo: [/proc/meminfo - SSI]	MemTotal:       527077124 kB
20220314 014513.556 INFO             PET1 PIOc_sync Enter - MemInfo: [/proc/meminfo - SSI]	MemFree:        518093648 kB
20220314 014513.556 INFO             PET1 PIOc_sync Enter - MemInfo: [/proc/meminfo - SSI]	MemAvailable:   517745604 kB
20220314 014513.556 INFO             PET1 PIOc_sync Enter - MemInfo: [/proc/meminfo - SSI]	Committed_AS:    1769648 kB
20220314 014513.556 INFO             PET1 PIOc_sync Enter - MemInfo: [/proc/meminfo - SSI]	CommittedPercent: 0.335747 %
20220314 014513.556 INFO             PET1 PIOc_sync Enter - MemInfo: [/proc/self/status]	VmPeak:	  180500 kB
20220314 014513.556 INFO             PET1 PIOc_sync Enter - MemInfo: [/proc/self/status]	VmSize:	  180500 kB
20220314 014513.556 INFO             PET1 PIOc_sync Enter - MemInfo: [/proc/self/status]	VmLck:	       0 kB
20220314 014513.556 INFO             PET1 PIOc_sync Enter - MemInfo: [/proc/self/status]	VmPin:	       0 kB
20220314 014513.556 INFO             PET1 PIOc_sync Enter - MemInfo: [/proc/self/status]	VmHWM:	   37820 kB
20220314 014513.556 INFO             PET1 PIOc_sync Enter - MemInfo: [/proc/self/status]	VmRSS:	   37804 kB
20220314 014513.556 INFO             PET1 PIOc_sync Enter - MemInfo: [/proc/self/status]	VmData:	   29392 kB
20220314 014513.556 INFO             PET1 PIOc_sync Enter - MemInfo: [/proc/self/status]	VmStk:	     156 kB
20220314 014513.556 INFO             PET1 PIOc_sync Enter - MemInfo: [/proc/self/status]	VmExe:	     220 kB
20220314 014513.556 INFO             PET1 PIOc_sync Enter - MemInfo: [/proc/self/status]	VmLib:	   77104 kB
20220314 014513.556 INFO             PET1 PIOc_sync Enter - MemInfo: [/proc/self/status]	VmPTE:	     360 kB
20220314 014513.556 INFO             PET1 PIOc_sync Enter - MemInfo: [/proc/self/status]	VmSwap:	       0 kB
20220314 014513.556 INFO             PET1 PIOc_sync Enter - MemInfo: [/proc/self/status]	VmRSSPercent: 0.00717238 %
20220314 014513.556 INFO             PET1 PIOc_sync Enter - MemInfo: [malloc] Non-mmapped space allocated:                22593536 Byte
20220314 014513.556 INFO             PET1 PIOc_sync Enter - MemInfo: [malloc] Space allocated in mmapped regions:          3710976 Byte
20220314 014513.556 INFO             PET1 PIOc_sync Enter - MemInfo: [malloc] Maximum total allocated space:                     0 Byte
20220314 014513.556 INFO             PET1 PIOc_sync Enter - MemInfo: [malloc] Space in freed fastbin blocks:                    32 Byte
20220314 014513.556 INFO             PET1 PIOc_sync Enter - MemInfo: [malloc] Total allocated space:                       1637920 Byte
20220314 014513.556 INFO             PET1 PIOc_sync Enter - MemInfo: [malloc] Total free space:                           20955616 Byte
20220314 014513.556 INFO             PET1 PIOc_sync Enter - MemInfo: [malloc] Top-most, releasable space:                 15421328 Byte
20220314 014513.556 INFO             PET1 PIOc_sync Enter - MemInfo: [malloc] Total space in use, mmap + non-mmap:         5348896 Byte
20220314 014513.556 INFO             PET1 PIOc_sync Enter - MemInfo: [malloc] Total space held (mmap + non-mmap):         26304512 Byte
20220314 014513.556 INFO             PET1 PIOc_sync Enter - MemInfo: [malloc] Total space used (mmap + non-mmap):          5357104 Byte
20220314 014513.556 INFO             PET1 PIOc_sync Enter - MemInfo: Wall-clock time since execution start:               0.213216 seconds
20220314 014513.556 INFO             PET1 PIOc_sync Exit - MemInfo: [/proc/meminfo - SSI]	MemTotal:       527077124 kB
20220314 014513.556 INFO             PET1 PIOc_sync Exit - MemInfo: [/proc/meminfo - SSI]	MemFree:        518093648 kB
20220314 014513.556 INFO             PET1 PIOc_sync Exit - MemInfo: [/proc/meminfo - SSI]	MemAvailable:   517745604 kB
20220314 014513.556 INFO             PET1 PIOc_sync Exit - MemInfo: [/proc/meminfo - SSI]	Committed_AS:    1769648 kB
20220314 014513.556 INFO             PET1 PIOc_sync Exit - MemInfo: [/proc/meminfo - SSI]	CommittedPercent: 0.335747 %
20220314 014513.556 INFO             PET1 PIOc_sync Exit - MemInfo: [/proc/self/status]	VmPeak:	  180500 kB
20220314 014513.556 INFO             PET1 PIOc_sync Exit - MemInfo: [/proc/self/status]	VmSize:	  180500 kB
20220314 014513.556 INFO             PET1 PIOc_sync Exit - MemInfo: [/proc/self/status]	VmLck:	       0 kB
20220314 014513.556 INFO             PET1 PIOc_sync Exit - MemInfo: [/proc/self/status]	VmPin:	       0 kB
20220314 014513.556 INFO             PET1 PIOc_sync Exit - MemInfo: [/proc/self/status]	VmHWM:	   37820 kB
20220314 014513.556 INFO             PET1 PIOc_sync Exit - MemInfo: [/proc/self/status]	VmRSS:	   37804 kB
20220314 014513.556 INFO             PET1 PIOc_sync Exit - MemInfo: [/proc/self/status]	VmData:	   29392 kB
20220314 014513.556 INFO             PET1 PIOc_sync Exit - MemInfo: [/proc/self/status]	VmStk:	     156 kB
20220314 014513.556 INFO             PET1 PIOc_sync Exit - MemInfo: [/proc/self/status]	VmExe:	     220 kB
20220314 014513.556 INFO             PET1 PIOc_sync Exit - MemInfo: [/proc/self/status]	VmLib:	   77104 kB
20220314 014513.556 INFO             PET1 PIOc_sync Exit - MemInfo: [/proc/self/status]	VmPTE:	     360 kB
20220314 014513.556 INFO             PET1 PIOc_sync Exit - MemInfo: [/proc/self/status]	VmSwap:	       0 kB
20220314 014513.556 INFO             PET1 PIOc_sync Exit - MemInfo: [/proc/self/status]	VmRSSPercent: 0.00717238 %
20220314 014513.556 INFO             PET1 PIOc_sync Exit - MemInfo: [malloc] Non-mmapped space allocated:                22593536 Byte
20220314 014513.556 INFO             PET1 PIOc_sync Exit - MemInfo: [malloc] Space allocated in mmapped regions:          3710976 Byte
20220314 014513.556 INFO             PET1 PIOc_sync Exit - MemInfo: [malloc] Maximum total allocated space:                     0 Byte
20220314 014513.556 INFO             PET1 PIOc_sync Exit - MemInfo: [malloc] Space in freed fastbin blocks:                     0 Byte
20220314 014513.556 INFO             PET1 PIOc_sync Exit - MemInfo: [malloc] Total allocated space:                       1638144 Byte
20220314 014513.556 INFO             PET1 PIOc_sync Exit - MemInfo: [malloc] Total free space:                           20955392 Byte
20220314 014513.556 INFO             PET1 PIOc_sync Exit - MemInfo: [malloc] Top-most, releasable space:                 15421328 Byte
20220314 014513.556 INFO             PET1 PIOc_sync Exit - MemInfo: [malloc] Total space in use, mmap + non-mmap:         5349120 Byte
20220314 014513.556 INFO             PET1 PIOc_sync Exit - MemInfo: [malloc] Total space held (mmap + non-mmap):         26304512 Byte
20220314 014513.556 INFO             PET1 PIOc_sync Exit - MemInfo: [malloc] Total space used (mmap + non-mmap):          5357328 Byte
20220314 014513.556 INFO             PET1 PIOc_sync Exit - MemInfo: Wall-clock time since execution start:               0.213463 seconds
20220314 014513.556 INFO             PET1 PIOc_freedecomp Enter - MemInfo: [/proc/meminfo - SSI]	MemTotal:       527077124 kB
20220314 014513.556 INFO             PET1 PIOc_freedecomp Enter - MemInfo: [/proc/meminfo - SSI]	MemFree:        518093648 kB
20220314 014513.556 INFO             PET1 PIOc_freedecomp Enter - MemInfo: [/proc/meminfo - SSI]	MemAvailable:   517745604 kB
20220314 014513.556 INFO             PET1 PIOc_freedecomp Enter - MemInfo: [/proc/meminfo - SSI]	Committed_AS:    1769648 kB
20220314 014513.556 INFO             PET1 PIOc_freedecomp Enter - MemInfo: [/proc/meminfo - SSI]	CommittedPercent: 0.335747 %
20220314 014513.556 INFO             PET1 PIOc_freedecomp Enter - MemInfo: [/proc/self/status]	VmPeak:	  180500 kB
20220314 014513.556 INFO             PET1 PIOc_freedecomp Enter - MemInfo: [/proc/self/status]	VmSize:	  180500 kB
20220314 014513.556 INFO             PET1 PIOc_freedecomp Enter - MemInfo: [/proc/self/status]	VmLck:	       0 kB
20220314 014513.556 INFO             PET1 PIOc_freedecomp Enter - MemInfo: [/proc/self/status]	VmPin:	       0 kB
20220314 014513.556 INFO             PET1 PIOc_freedecomp Enter - MemInfo: [/proc/self/status]	VmHWM:	   37820 kB
20220314 014513.556 INFO             PET1 PIOc_freedecomp Enter - MemInfo: [/proc/self/status]	VmRSS:	   37804 kB
20220314 014513.556 INFO             PET1 PIOc_freedecomp Enter - MemInfo: [/proc/self/status]	VmData:	   29392 kB
20220314 014513.556 INFO             PET1 PIOc_freedecomp Enter - MemInfo: [/proc/self/status]	VmStk:	     156 kB
20220314 014513.556 INFO             PET1 PIOc_freedecomp Enter - MemInfo: [/proc/self/status]	VmExe:	     220 kB
20220314 014513.556 INFO             PET1 PIOc_freedecomp Enter - MemInfo: [/proc/self/status]	VmLib:	   77104 kB
20220314 014513.556 INFO             PET1 PIOc_freedecomp Enter - MemInfo: [/proc/self/status]	VmPTE:	     360 kB
20220314 014513.556 INFO             PET1 PIOc_freedecomp Enter - MemInfo: [/proc/self/status]	VmSwap:	       0 kB
20220314 014513.556 INFO             PET1 PIOc_freedecomp Enter - MemInfo: [/proc/self/status]	VmRSSPercent: 0.00717238 %
20220314 014513.556 INFO             PET1 PIOc_freedecomp Enter - MemInfo: [malloc] Non-mmapped space allocated:                22593536 Byte
20220314 014513.556 INFO             PET1 PIOc_freedecomp Enter - MemInfo: [malloc] Space allocated in mmapped regions:          3710976 Byte
20220314 014513.556 INFO             PET1 PIOc_freedecomp Enter - MemInfo: [malloc] Maximum total allocated space:                     0 Byte
20220314 014513.556 INFO             PET1 PIOc_freedecomp Enter - MemInfo: [malloc] Space in freed fastbin blocks:                     0 Byte
20220314 014513.556 INFO             PET1 PIOc_freedecomp Enter - MemInfo: [malloc] Total allocated space:                       1637168 Byte
20220314 014513.556 INFO             PET1 PIOc_freedecomp Enter - MemInfo: [malloc] Total free space:                           20956368 Byte
20220314 014513.556 INFO             PET1 PIOc_freedecomp Enter - MemInfo: [malloc] Top-most, releasable space:                 15421328 Byte
20220314 014513.556 INFO             PET1 PIOc_freedecomp Enter - MemInfo: [malloc] Total space in use, mmap + non-mmap:         5348144 Byte
20220314 014513.556 INFO             PET1 PIOc_freedecomp Enter - MemInfo: [malloc] Total space held (mmap + non-mmap):         26304512 Byte
20220314 014513.556 INFO             PET1 PIOc_freedecomp Enter - MemInfo: [malloc] Total space used (mmap + non-mmap):          5356352 Byte
20220314 014513.556 INFO             PET1 PIOc_freedecomp Enter - MemInfo: Wall-clock time since execution start:               0.213724 seconds
20220314 014513.556 INFO             PET1 PIOc_freedecomp Exit - MemInfo: [/proc/meminfo - SSI]	MemTotal:       527077124 kB
20220314 014513.556 INFO             PET1 PIOc_freedecomp Exit - MemInfo: [/proc/meminfo - SSI]	MemFree:        518093648 kB
20220314 014513.556 INFO             PET1 PIOc_freedecomp Exit - MemInfo: [/proc/meminfo - SSI]	MemAvailable:   517745604 kB
20220314 014513.556 INFO             PET1 PIOc_freedecomp Exit - MemInfo: [/proc/meminfo - SSI]	Committed_AS:    1769648 kB
20220314 014513.556 INFO             PET1 PIOc_freedecomp Exit - MemInfo: [/proc/meminfo - SSI]	CommittedPercent: 0.335747 %
20220314 014513.556 INFO             PET1 PIOc_freedecomp Exit - MemInfo: [/proc/self/status]	VmPeak:	  180500 kB
20220314 014513.556 INFO             PET1 PIOc_freedecomp Exit - MemInfo: [/proc/self/status]	VmSize:	  180500 kB
20220314 014513.556 INFO             PET1 PIOc_freedecomp Exit - MemInfo: [/proc/self/status]	VmLck:	       0 kB
20220314 014513.556 INFO             PET1 PIOc_freedecomp Exit - MemInfo: [/proc/self/status]	VmPin:	       0 kB
20220314 014513.556 INFO             PET1 PIOc_freedecomp Exit - MemInfo: [/proc/self/status]	VmHWM:	   37820 kB
20220314 014513.556 INFO             PET1 PIOc_freedecomp Exit - MemInfo: [/proc/self/status]	VmRSS:	   37804 kB
20220314 014513.556 INFO             PET1 PIOc_freedecomp Exit - MemInfo: [/proc/self/status]	VmData:	   29392 kB
20220314 014513.556 INFO             PET1 PIOc_freedecomp Exit - MemInfo: [/proc/self/status]	VmStk:	     156 kB
20220314 014513.556 INFO             PET1 PIOc_freedecomp Exit - MemInfo: [/proc/self/status]	VmExe:	     220 kB
20220314 014513.556 INFO             PET1 PIOc_freedecomp Exit - MemInfo: [/proc/self/status]	VmLib:	   77104 kB
20220314 014513.556 INFO             PET1 PIOc_freedecomp Exit - MemInfo: [/proc/self/status]	VmPTE:	     360 kB
20220314 014513.556 INFO             PET1 PIOc_freedecomp Exit - MemInfo: [/proc/self/status]	VmSwap:	       0 kB
20220314 014513.556 INFO             PET1 PIOc_freedecomp Exit - MemInfo: [/proc/self/status]	VmRSSPercent: 0.00717238 %
20220314 014513.556 INFO             PET1 PIOc_freedecomp Exit - MemInfo: [malloc] Non-mmapped space allocated:                22593536 Byte
20220314 014513.556 INFO             PET1 PIOc_freedecomp Exit - MemInfo: [malloc] Space allocated in mmapped regions:          3710976 Byte
20220314 014513.556 INFO             PET1 PIOc_freedecomp Exit - MemInfo: [malloc] Maximum total allocated space:                     0 Byte
20220314 014513.556 INFO             PET1 PIOc_freedecomp Exit - MemInfo: [malloc] Space in freed fastbin blocks:                   272 Byte
20220314 014513.556 INFO             PET1 PIOc_freedecomp Exit - MemInfo: [malloc] Total allocated space:                       1636064 Byte
20220314 014513.556 INFO             PET1 PIOc_freedecomp Exit - MemInfo: [malloc] Total free space:                           20957472 Byte
20220314 014513.556 INFO             PET1 PIOc_freedecomp Exit - MemInfo: [malloc] Top-most, releasable space:                 15421328 Byte
20220314 014513.556 INFO             PET1 PIOc_freedecomp Exit - MemInfo: [malloc] Total space in use, mmap + non-mmap:         5347040 Byte
20220314 014513.556 INFO             PET1 PIOc_freedecomp Exit - MemInfo: [malloc] Total space held (mmap + non-mmap):         26304512 Byte
20220314 014513.556 INFO             PET1 PIOc_freedecomp Exit - MemInfo: [malloc] Total space used (mmap + non-mmap):          5355248 Byte
20220314 014513.556 INFO             PET1 PIOc_freedecomp Exit - MemInfo: Wall-clock time since execution start:               0.213907 seconds
20220314 014513.557 INFO             PET1 PIOc_sync Enter - MemInfo: [/proc/meminfo - SSI]	MemTotal:       527077124 kB
20220314 014513.557 INFO             PET1 PIOc_sync Enter - MemInfo: [/proc/meminfo - SSI]	MemFree:        518093648 kB
20220314 014513.557 INFO             PET1 PIOc_sync Enter - MemInfo: [/proc/meminfo - SSI]	MemAvailable:   517745604 kB
20220314 014513.557 INFO             PET1 PIOc_sync Enter - MemInfo: [/proc/meminfo - SSI]	Committed_AS:    1769648 kB
20220314 014513.557 INFO             PET1 PIOc_sync Enter - MemInfo: [/proc/meminfo - SSI]	CommittedPercent: 0.335747 %
20220314 014513.558 INFO             PET1 PIOc_sync Enter - MemInfo: [/proc/self/status]	VmPeak:	  180500 kB
20220314 014513.558 INFO             PET1 PIOc_sync Enter - MemInfo: [/proc/self/status]	VmSize:	  180500 kB
20220314 014513.558 INFO             PET1 PIOc_sync Enter - MemInfo: [/proc/self/status]	VmLck:	       0 kB
20220314 014513.558 INFO             PET1 PIOc_sync Enter - MemInfo: [/proc/self/status]	VmPin:	       0 kB
20220314 014513.558 INFO             PET1 PIOc_sync Enter - MemInfo: [/proc/self/status]	VmHWM:	   37824 kB
20220314 014513.558 INFO             PET1 PIOc_sync Enter - MemInfo: [/proc/self/status]	VmRSS:	   37808 kB
20220314 014513.558 INFO             PET1 PIOc_sync Enter - MemInfo: [/proc/self/status]	VmData:	   29392 kB
20220314 014513.558 INFO             PET1 PIOc_sync Enter - MemInfo: [/proc/self/status]	VmStk:	     156 kB
20220314 014513.558 INFO             PET1 PIOc_sync Enter - MemInfo: [/proc/self/status]	VmExe:	     220 kB
20220314 014513.558 INFO             PET1 PIOc_sync Enter - MemInfo: [/proc/self/status]	VmLib:	   77104 kB
20220314 014513.558 INFO             PET1 PIOc_sync Enter - MemInfo: [/proc/self/status]	VmPTE:	     360 kB
20220314 014513.558 INFO             PET1 PIOc_sync Enter - MemInfo: [/proc/self/status]	VmSwap:	       0 kB
20220314 014513.558 INFO             PET1 PIOc_sync Enter - MemInfo: [/proc/self/status]	VmRSSPercent: 0.00717314 %
20220314 014513.558 INFO             PET1 PIOc_sync Enter - MemInfo: [malloc] Non-mmapped space allocated:                22593536 Byte
20220314 014513.558 INFO             PET1 PIOc_sync Enter - MemInfo: [malloc] Space allocated in mmapped regions:          3710976 Byte
20220314 014513.558 INFO             PET1 PIOc_sync Enter - MemInfo: [malloc] Maximum total allocated space:                     0 Byte
20220314 014513.558 INFO             PET1 PIOc_sync Enter - MemInfo: [malloc] Space in freed fastbin blocks:                    32 Byte
20220314 014513.558 INFO             PET1 PIOc_sync Enter - MemInfo: [malloc] Total allocated space:                       1639392 Byte
20220314 014513.558 INFO             PET1 PIOc_sync Enter - MemInfo: [malloc] Total free space:                           20954144 Byte
20220314 014513.558 INFO             PET1 PIOc_sync Enter - MemInfo: [malloc] Top-most, releasable space:                 15421328 Byte
20220314 014513.558 INFO             PET1 PIOc_sync Enter - MemInfo: [malloc] Total space in use, mmap + non-mmap:         5350368 Byte
20220314 014513.558 INFO             PET1 PIOc_sync Enter - MemInfo: [malloc] Total space held (mmap + non-mmap):         26304512 Byte
20220314 014513.558 INFO             PET1 PIOc_sync Enter - MemInfo: [malloc] Total space used (mmap + non-mmap):          5358576 Byte
20220314 014513.558 INFO             PET1 PIOc_sync Enter - MemInfo: Wall-clock time since execution start:               0.215134 seconds
20220314 014513.558 INFO             PET1 PIOc_sync Exit - MemInfo: [/proc/meminfo - SSI]	MemTotal:       527077124 kB
20220314 014513.558 INFO             PET1 PIOc_sync Exit - MemInfo: [/proc/meminfo - SSI]	MemFree:        518093648 kB
20220314 014513.558 INFO             PET1 PIOc_sync Exit - MemInfo: [/proc/meminfo - SSI]	MemAvailable:   517745604 kB
20220314 014513.558 INFO             PET1 PIOc_sync Exit - MemInfo: [/proc/meminfo - SSI]	Committed_AS:    1769648 kB
20220314 014513.558 INFO             PET1 PIOc_sync Exit - MemInfo: [/proc/meminfo - SSI]	CommittedPercent: 0.335747 %
20220314 014513.558 INFO             PET1 PIOc_sync Exit - MemInfo: [/proc/self/status]	VmPeak:	  180500 kB
20220314 014513.558 INFO             PET1 PIOc_sync Exit - MemInfo: [/proc/self/status]	VmSize:	  180500 kB
20220314 014513.558 INFO             PET1 PIOc_sync Exit - MemInfo: [/proc/self/status]	VmLck:	       0 kB
20220314 014513.558 INFO             PET1 PIOc_sync Exit - MemInfo: [/proc/self/status]	VmPin:	       0 kB
20220314 014513.558 INFO             PET1 PIOc_sync Exit - MemInfo: [/proc/self/status]	VmHWM:	   37824 kB
20220314 014513.558 INFO             PET1 PIOc_sync Exit - MemInfo: [/proc/self/status]	VmRSS:	   37808 kB
20220314 014513.558 INFO             PET1 PIOc_sync Exit - MemInfo: [/proc/self/status]	VmData:	   29392 kB
20220314 014513.558 INFO             PET1 PIOc_sync Exit - MemInfo: [/proc/self/status]	VmStk:	     156 kB
20220314 014513.558 INFO             PET1 PIOc_sync Exit - MemInfo: [/proc/self/status]	VmExe:	     220 kB
20220314 014513.558 INFO             PET1 PIOc_sync Exit - MemInfo: [/proc/self/status]	VmLib:	   77104 kB
20220314 014513.558 INFO             PET1 PIOc_sync Exit - MemInfo: [/proc/self/status]	VmPTE:	     360 kB
20220314 014513.558 INFO             PET1 PIOc_sync Exit - MemInfo: [/proc/self/status]	VmSwap:	       0 kB
20220314 014513.558 INFO             PET1 PIOc_sync Exit - MemInfo: [/proc/self/status]	VmRSSPercent: 0.00717314 %
20220314 014513.558 INFO             PET1 PIOc_sync Exit - MemInfo: [malloc] Non-mmapped space allocated:                22593536 Byte
20220314 014513.558 INFO             PET1 PIOc_sync Exit - MemInfo: [malloc] Space allocated in mmapped regions:          3710976 Byte
20220314 014513.558 INFO             PET1 PIOc_sync Exit - MemInfo: [malloc] Maximum total allocated space:                     0 Byte
20220314 014513.558 INFO             PET1 PIOc_sync Exit - MemInfo: [malloc] Space in freed fastbin blocks:                     0 Byte
