build time -- 2022-03-14 01:38:45
20220314 014623.361 INFO             PET0 !!!!!!!!!!!!!!!!!!!!!!!!!!!!!!!!!!!!!!!!!!!!!!!!!!!!!!
20220314 014623.361 INFO             PET0 !!! THE ESMF_LOG IS SET TO OUTPUT ALL LOG MESSAGES !!!
20220314 014623.361 INFO             PET0 !!!     THIS MAY CAUSE SLOWDOWN IN PERFORMANCE     !!!
20220314 014623.361 INFO             PET0 !!! FOR PRODUCTION RUNS, USE:                      !!!
20220314 014623.361 INFO             PET0 !!!                   ESMF_LOGKIND_Multi_On_Error  !!!
20220314 014623.361 INFO             PET0 !!!!!!!!!!!!!!!!!!!!!!!!!!!!!!!!!!!!!!!!!!!!!!!!!!!!!!
20220314 014623.361 INFO             PET0 Running with ESMF Version   : v8.3.0b09-96-g559b459836
20220314 014623.361 INFO             PET0 ESMF library build date/time: "Mar 14 2022" "01:37:45"
20220314 014623.361 INFO             PET0 ESMF library build location : /lfs/h1/emc/ptmp/Mark.Potts/gfortran_10.3.0_mpich3_O_jedwards_pio_update2
20220314 014623.361 INFO             PET0 ESMF_COMM                   : mpich3
20220314 014623.361 INFO             PET0 ESMF_MOAB                   : enabled
20220314 014623.361 INFO             PET0 ESMF_LAPACK                 : enabled
20220314 014623.361 INFO             PET0 ESMF_NETCDF                 : enabled
20220314 014623.361 INFO             PET0 ESMF_PNETCDF                : disabled
20220314 014623.361 INFO             PET0 ESMF_PIO                    : enabled
20220314 014623.361 INFO             PET0 ESMF_YAMLCPP                : enabled
20220314 014623.362 INFO             PET0  Beginning Test, file ESMF_FieldSMMFromFileUTest.F90, line 287
20220314 014623.362 INFO             PET0  NUMBER_OF_PROCESSORS           4
20220314 014623.468 INFO             PET0  PASS  ESMF_FieldSMMFromFile Unit Test, ESMF_FieldSMMFromFileUTest.F90, line 300
20220314 014623.473 INFO             PET0 PIOc_sync Enter - MemInfo: [/proc/meminfo - SSI]	MemTotal:       527077124 kB
20220314 014623.473 INFO             PET0 PIOc_sync Enter - MemInfo: [/proc/meminfo - SSI]	MemFree:        517952040 kB
20220314 014623.473 INFO             PET0 PIOc_sync Enter - MemInfo: [/proc/meminfo - SSI]	MemAvailable:   517696904 kB
20220314 014623.473 INFO             PET0 PIOc_sync Enter - MemInfo: [/proc/meminfo - SSI]	Committed_AS:    1802280 kB
20220314 014623.473 INFO             PET0 PIOc_sync Enter - MemInfo: [/proc/meminfo - SSI]	CommittedPercent: 0.341939 %
20220314 014623.473 INFO             PET0 PIOc_sync Enter - MemInfo: [/proc/self/status]	VmPeak:	  203148 kB
20220314 014623.473 INFO             PET0 PIOc_sync Enter - MemInfo: [/proc/self/status]	VmSize:	  203148 kB
20220314 014623.473 INFO             PET0 PIOc_sync Enter - MemInfo: [/proc/self/status]	VmLck:	       0 kB
20220314 014623.473 INFO             PET0 PIOc_sync Enter - MemInfo: [/proc/self/status]	VmPin:	       0 kB
20220314 014623.474 INFO             PET0 PIOc_sync Enter - MemInfo: [/proc/self/status]	VmHWM:	   65244 kB
20220314 014623.474 INFO             PET0 PIOc_sync Enter - MemInfo: [/proc/self/status]	VmRSS:	   65244 kB
20220314 014623.474 INFO             PET0 PIOc_sync Enter - MemInfo: [/proc/self/status]	VmData:	   52056 kB
20220314 014623.474 INFO             PET0 PIOc_sync Enter - MemInfo: [/proc/self/status]	VmStk:	     156 kB
20220314 014623.474 INFO             PET0 PIOc_sync Enter - MemInfo: [/proc/self/status]	VmExe:	     204 kB
20220314 014623.474 INFO             PET0 PIOc_sync Enter - MemInfo: [/proc/self/status]	VmLib:	   77104 kB
20220314 014623.474 INFO             PET0 PIOc_sync Enter - MemInfo: [/proc/self/status]	VmPTE:	     412 kB
20220314 014623.474 INFO             PET0 PIOc_sync Enter - MemInfo: [/proc/self/status]	VmSwap:	       0 kB
20220314 014623.474 INFO             PET0 PIOc_sync Enter - MemInfo: [/proc/self/status]	VmRSSPercent: 0.0123785 %
20220314 014623.474 INFO             PET0 PIOc_sync Enter - MemInfo: [malloc] Non-mmapped space allocated:                46964736 Byte
20220314 014623.474 INFO             PET0 PIOc_sync Enter - MemInfo: [malloc] Space allocated in mmapped regions:          2547712 Byte
20220314 014623.474 INFO             PET0 PIOc_sync Enter - MemInfo: [malloc] Maximum total allocated space:                     0 Byte
20220314 014623.474 INFO             PET0 PIOc_sync Enter - MemInfo: [malloc] Space in freed fastbin blocks:                     0 Byte
20220314 014623.474 INFO             PET0 PIOc_sync Enter - MemInfo: [malloc] Total allocated space:                      36315520 Byte
20220314 014623.474 INFO             PET0 PIOc_sync Enter - MemInfo: [malloc] Total free space:                           10649216 Byte
20220314 014623.474 INFO             PET0 PIOc_sync Enter - MemInfo: [malloc] Top-most, releasable space:                   132208 Byte
20220314 014623.474 INFO             PET0 PIOc_sync Enter - MemInfo: [malloc] Total space in use, mmap + non-mmap:        38863232 Byte
20220314 014623.474 INFO             PET0 PIOc_sync Enter - MemInfo: [malloc] Total space held (mmap + non-mmap):         49512448 Byte
20220314 014623.474 INFO             PET0 PIOc_sync Enter - MemInfo: [malloc] Total space used (mmap + non-mmap):         38871440 Byte
20220314 014623.474 INFO             PET0 PIOc_sync Enter - MemInfo: Wall-clock time since execution start:               0.114348 seconds
20220314 014623.474 INFO             PET0 PIOc_sync Exit - MemInfo: [/proc/meminfo - SSI]	MemTotal:       527077124 kB
20220314 014623.474 INFO             PET0 PIOc_sync Exit - MemInfo: [/proc/meminfo - SSI]	MemFree:        517952040 kB
20220314 014623.474 INFO             PET0 PIOc_sync Exit - MemInfo: [/proc/meminfo - SSI]	MemAvailable:   517696904 kB
20220314 014623.474 INFO             PET0 PIOc_sync Exit - MemInfo: [/proc/meminfo - SSI]	Committed_AS:    1802280 kB
20220314 014623.474 INFO             PET0 PIOc_sync Exit - MemInfo: [/proc/meminfo - SSI]	CommittedPercent: 0.341939 %
20220314 014623.474 INFO             PET0 PIOc_sync Exit - MemInfo: [/proc/self/status]	VmPeak:	  203148 kB
20220314 014623.474 INFO             PET0 PIOc_sync Exit - MemInfo: [/proc/self/status]	VmSize:	  203148 kB
20220314 014623.474 INFO             PET0 PIOc_sync Exit - MemInfo: [/proc/self/status]	VmLck:	       0 kB
20220314 014623.474 INFO             PET0 PIOc_sync Exit - MemInfo: [/proc/self/status]	VmPin:	       0 kB
20220314 014623.474 INFO             PET0 PIOc_sync Exit - MemInfo: [/proc/self/status]	VmHWM:	   65244 kB
20220314 014623.474 INFO             PET0 PIOc_sync Exit - MemInfo: [/proc/self/status]	VmRSS:	   65244 kB
20220314 014623.474 INFO             PET0 PIOc_sync Exit - MemInfo: [/proc/self/status]	VmData:	   52056 kB
20220314 014623.474 INFO             PET0 PIOc_sync Exit - MemInfo: [/proc/self/status]	VmStk:	     156 kB
20220314 014623.474 INFO             PET0 PIOc_sync Exit - MemInfo: [/proc/self/status]	VmExe:	     204 kB
20220314 014623.474 INFO             PET0 PIOc_sync Exit - MemInfo: [/proc/self/status]	VmLib:	   77104 kB
20220314 014623.474 INFO             PET0 PIOc_sync Exit - MemInfo: [/proc/self/status]	VmPTE:	     412 kB
20220314 014623.474 INFO             PET0 PIOc_sync Exit - MemInfo: [/proc/self/status]	VmSwap:	       0 kB
20220314 014623.474 INFO             PET0 PIOc_sync Exit - MemInfo: [/proc/self/status]	VmRSSPercent: 0.0123785 %
20220314 014623.474 INFO             PET0 PIOc_sync Exit - MemInfo: [malloc] Non-mmapped space allocated:                46964736 Byte
20220314 014623.474 INFO             PET0 PIOc_sync Exit - MemInfo: [malloc] Space allocated in mmapped regions:          2547712 Byte
20220314 014623.474 INFO             PET0 PIOc_sync Exit - MemInfo: [malloc] Maximum total allocated space:                     0 Byte
20220314 014623.474 INFO             PET0 PIOc_sync Exit - MemInfo: [malloc] Space in freed fastbin blocks:                     0 Byte
20220314 014623.474 INFO             PET0 PIOc_sync Exit - MemInfo: [malloc] Total allocated space:                      36668960 Byte
20220314 014623.474 INFO             PET0 PIOc_sync Exit - MemInfo: [malloc] Total free space:                           10295776 Byte
20220314 014623.474 INFO             PET0 PIOc_sync Exit - MemInfo: [malloc] Top-most, releasable space:                   132208 Byte
20220314 014623.474 INFO             PET0 PIOc_sync Exit - MemInfo: [malloc] Total space in use, mmap + non-mmap:        39216672 Byte
20220314 014623.474 INFO             PET0 PIOc_sync Exit - MemInfo: [malloc] Total space held (mmap + non-mmap):         49512448 Byte
20220314 014623.474 INFO             PET0 PIOc_sync Exit - MemInfo: [malloc] Total space used (mmap + non-mmap):         39224880 Byte
20220314 014623.474 INFO             PET0 PIOc_sync Exit - MemInfo: Wall-clock time since execution start:               0.114658 seconds
20220314 014623.474 INFO             PET0 PIOc_freedecomp Enter - MemInfo: [/proc/meminfo - SSI]	MemTotal:       527077124 kB
20220314 014623.474 INFO             PET0 PIOc_freedecomp Enter - MemInfo: [/proc/meminfo - SSI]	MemFree:        517952040 kB
20220314 014623.474 INFO             PET0 PIOc_freedecomp Enter - MemInfo: [/proc/meminfo - SSI]	MemAvailable:   517696904 kB
20220314 014623.474 INFO             PET0 PIOc_freedecomp Enter - MemInfo: [/proc/meminfo - SSI]	Committed_AS:    1802280 kB
20220314 014623.474 INFO             PET0 PIOc_freedecomp Enter - MemInfo: [/proc/meminfo - SSI]	CommittedPercent: 0.341939 %
20220314 014623.474 INFO             PET0 PIOc_freedecomp Enter - MemInfo: [/proc/self/status]	VmPeak:	  203148 kB
20220314 014623.474 INFO             PET0 PIOc_freedecomp Enter - MemInfo: [/proc/self/status]	VmSize:	  203148 kB
20220314 014623.474 INFO             PET0 PIOc_freedecomp Enter - MemInfo: [/proc/self/status]	VmLck:	       0 kB
20220314 014623.474 INFO             PET0 PIOc_freedecomp Enter - MemInfo: [/proc/self/status]	VmPin:	       0 kB
20220314 014623.474 INFO             PET0 PIOc_freedecomp Enter - MemInfo: [/proc/self/status]	VmHWM:	   65244 kB
20220314 014623.474 INFO             PET0 PIOc_freedecomp Enter - MemInfo: [/proc/self/status]	VmRSS:	   65244 kB
20220314 014623.474 INFO             PET0 PIOc_freedecomp Enter - MemInfo: [/proc/self/status]	VmData:	   52056 kB
20220314 014623.474 INFO             PET0 PIOc_freedecomp Enter - MemInfo: [/proc/self/status]	VmStk:	     156 kB
20220314 014623.474 INFO             PET0 PIOc_freedecomp Enter - MemInfo: [/proc/self/status]	VmExe:	     204 kB
20220314 014623.474 INFO             PET0 PIOc_freedecomp Enter - MemInfo: [/proc/self/status]	VmLib:	   77104 kB
20220314 014623.474 INFO             PET0 PIOc_freedecomp Enter - MemInfo: [/proc/self/status]	VmPTE:	     412 kB
20220314 014623.474 INFO             PET0 PIOc_freedecomp Enter - MemInfo: [/proc/self/status]	VmSwap:	       0 kB
20220314 014623.474 INFO             PET0 PIOc_freedecomp Enter - MemInfo: [/proc/self/status]	VmRSSPercent: 0.0123785 %
20220314 014623.474 INFO             PET0 PIOc_freedecomp Enter - MemInfo: [malloc] Non-mmapped space allocated:                46964736 Byte
20220314 014623.474 INFO             PET0 PIOc_freedecomp Enter - MemInfo: [malloc] Space allocated in mmapped regions:          2547712 Byte
20220314 014623.474 INFO             PET0 PIOc_freedecomp Enter - MemInfo: [malloc] Maximum total allocated space:                     0 Byte
20220314 014623.474 INFO             PET0 PIOc_freedecomp Enter - MemInfo: [malloc] Space in freed fastbin blocks:                   416 Byte
20220314 014623.474 INFO             PET0 PIOc_freedecomp Enter - MemInfo: [malloc] Total allocated space:                      28269344 Byte
20220314 014623.474 INFO             PET0 PIOc_freedecomp Enter - MemInfo: [malloc] Total free space:                           18695392 Byte
20220314 014623.474 INFO             PET0 PIOc_freedecomp Enter - MemInfo: [malloc] Top-most, releasable space:                  8520832 Byte
20220314 014623.474 INFO             PET0 PIOc_freedecomp Enter - MemInfo: [malloc] Total space in use, mmap + non-mmap:        30817056 Byte
20220314 014623.474 INFO             PET0 PIOc_freedecomp Enter - MemInfo: [malloc] Total space held (mmap + non-mmap):         49512448 Byte
20220314 014623.474 INFO             PET0 PIOc_freedecomp Enter - MemInfo: [malloc] Total space used (mmap + non-mmap):         30825264 Byte
20220314 014623.474 INFO             PET0 PIOc_freedecomp Enter - MemInfo: Wall-clock time since execution start:               0.114978 seconds
20220314 014623.474 INFO             PET0 PIOc_freedecomp Exit - MemInfo: [/proc/meminfo - SSI]	MemTotal:       527077124 kB
20220314 014623.474 INFO             PET0 PIOc_freedecomp Exit - MemInfo: [/proc/meminfo - SSI]	MemFree:        517952040 kB
20220314 014623.474 INFO             PET0 PIOc_freedecomp Exit - MemInfo: [/proc/meminfo - SSI]	MemAvailable:   517696904 kB
20220314 014623.474 INFO             PET0 PIOc_freedecomp Exit - MemInfo: [/proc/meminfo - SSI]	Committed_AS:    1802280 kB
20220314 014623.474 INFO             PET0 PIOc_freedecomp Exit - MemInfo: [/proc/meminfo - SSI]	CommittedPercent: 0.341939 %
20220314 014623.474 INFO             PET0 PIOc_freedecomp Exit - MemInfo: [/proc/self/status]	VmPeak:	  203148 kB
20220314 014623.474 INFO             PET0 PIOc_freedecomp Exit - MemInfo: [/proc/self/status]	VmSize:	  203148 kB
20220314 014623.474 INFO             PET0 PIOc_freedecomp Exit - MemInfo: [/proc/self/status]	VmLck:	       0 kB
20220314 014623.474 INFO             PET0 PIOc_freedecomp Exit - MemInfo: [/proc/self/status]	VmPin:	       0 kB
20220314 014623.474 INFO             PET0 PIOc_freedecomp Exit - MemInfo: [/proc/self/status]	VmHWM:	   65244 kB
20220314 014623.474 INFO             PET0 PIOc_freedecomp Exit - MemInfo: [/proc/self/status]	VmRSS:	   65244 kB
20220314 014623.474 INFO             PET0 PIOc_freedecomp Exit - MemInfo: [/proc/self/status]	VmData:	   52056 kB
20220314 014623.474 INFO             PET0 PIOc_freedecomp Exit - MemInfo: [/proc/self/status]	VmStk:	     156 kB
20220314 014623.474 INFO             PET0 PIOc_freedecomp Exit - MemInfo: [/proc/self/status]	VmExe:	     204 kB
20220314 014623.474 INFO             PET0 PIOc_freedecomp Exit - MemInfo: [/proc/self/status]	VmLib:	   77104 kB
20220314 014623.474 INFO             PET0 PIOc_freedecomp Exit - MemInfo: [/proc/self/status]	VmPTE:	     412 kB
20220314 014623.474 INFO             PET0 PIOc_freedecomp Exit - MemInfo: [/proc/self/status]	VmSwap:	       0 kB
20220314 014623.474 INFO             PET0 PIOc_freedecomp Exit - MemInfo: [/proc/self/status]	VmRSSPercent: 0.0123785 %
20220314 014623.474 INFO             PET0 PIOc_freedecomp Exit - MemInfo: [malloc] Non-mmapped space allocated:                46964736 Byte
20220314 014623.474 INFO             PET0 PIOc_freedecomp Exit - MemInfo: [malloc] Space allocated in mmapped regions:          2547712 Byte
20220314 014623.474 INFO             PET0 PIOc_freedecomp Exit - MemInfo: [malloc] Maximum total allocated space:                     0 Byte
20220314 014623.474 INFO             PET0 PIOc_freedecomp Exit - MemInfo: [malloc] Space in freed fastbin blocks:                   832 Byte
20220314 014623.474 INFO             PET0 PIOc_freedecomp Exit - MemInfo: [malloc] Total allocated space:                      28264784 Byte
20220314 014623.474 INFO             PET0 PIOc_freedecomp Exit - MemInfo: [malloc] Total free space:                           18699952 Byte
20220314 014623.474 INFO             PET0 PIOc_freedecomp Exit - MemInfo: [malloc] Top-most, releasable space:                  8520832 Byte
20220314 014623.474 INFO             PET0 PIOc_freedecomp Exit - MemInfo: [malloc] Total space in use, mmap + non-mmap:        30812496 Byte
20220314 014623.474 INFO             PET0 PIOc_freedecomp Exit - MemInfo: [malloc] Total space held (mmap + non-mmap):         49512448 Byte
20220314 014623.474 INFO             PET0 PIOc_freedecomp Exit - MemInfo: [malloc] Total space used (mmap + non-mmap):         30820704 Byte
20220314 014623.474 INFO             PET0 PIOc_freedecomp Exit - MemInfo: Wall-clock time since execution start:                0.11515 seconds
20220314 014623.476 INFO             PET0 PIOc_sync Enter - MemInfo: [/proc/meminfo - SSI]	MemTotal:       527077124 kB
20220314 014623.476 INFO             PET0 PIOc_sync Enter - MemInfo: [/proc/meminfo - SSI]	MemFree:        517952040 kB
20220314 014623.476 INFO             PET0 PIOc_sync Enter - MemInfo: [/proc/meminfo - SSI]	MemAvailable:   517696904 kB
20220314 014623.476 INFO             PET0 PIOc_sync Enter - MemInfo: [/proc/meminfo - SSI]	Committed_AS:    1802280 kB
20220314 014623.476 INFO             PET0 PIOc_sync Enter - MemInfo: [/proc/meminfo - SSI]	CommittedPercent: 0.341939 %
20220314 014623.476 INFO             PET0 PIOc_sync Enter - MemInfo: [/proc/self/status]	VmPeak:	  203148 kB
20220314 014623.476 INFO             PET0 PIOc_sync Enter - MemInfo: [/proc/self/status]	VmSize:	  203148 kB
20220314 014623.476 INFO             PET0 PIOc_sync Enter - MemInfo: [/proc/self/status]	VmLck:	       0 kB
20220314 014623.476 INFO             PET0 PIOc_sync Enter - MemInfo: [/proc/self/status]	VmPin:	       0 kB
20220314 014623.476 INFO             PET0 PIOc_sync Enter - MemInfo: [/proc/self/status]	VmHWM:	   65316 kB
20220314 014623.476 INFO             PET0 PIOc_sync Enter - MemInfo: [/proc/self/status]	VmRSS:	   65292 kB
20220314 014623.476 INFO             PET0 PIOc_sync Enter - MemInfo: [/proc/self/status]	VmData:	   52056 kB
20220314 014623.476 INFO             PET0 PIOc_sync Enter - MemInfo: [/proc/self/status]	VmStk:	     156 kB
20220314 014623.476 INFO             PET0 PIOc_sync Enter - MemInfo: [/proc/self/status]	VmExe:	     204 kB
20220314 014623.476 INFO             PET0 PIOc_sync Enter - MemInfo: [/proc/self/status]	VmLib:	   77104 kB
20220314 014623.476 INFO             PET0 PIOc_sync Enter - MemInfo: [/proc/self/status]	VmPTE:	     412 kB
20220314 014623.476 INFO             PET0 PIOc_sync Enter - MemInfo: [/proc/self/status]	VmSwap:	       0 kB
20220314 014623.476 INFO             PET0 PIOc_sync Enter - MemInfo: [/proc/self/status]	VmRSSPercent: 0.0123876 %
20220314 014623.476 INFO             PET0 PIOc_sync Enter - MemInfo: [malloc] Non-mmapped space allocated:                46964736 Byte
20220314 014623.476 INFO             PET0 PIOc_sync Enter - MemInfo: [malloc] Space allocated in mmapped regions:          2547712 Byte
20220314 014623.476 INFO             PET0 PIOc_sync Enter - MemInfo: [malloc] Maximum total allocated space:                     0 Byte
20220314 014623.476 INFO             PET0 PIOc_sync Enter - MemInfo: [malloc] Space in freed fastbin blocks:                   112 Byte
20220314 014623.476 INFO             PET0 PIOc_sync Enter - MemInfo: [malloc] Total allocated space:                      36670000 Byte
20220314 014623.476 INFO             PET0 PIOc_sync Enter - MemInfo: [malloc] Total free space:                           10294736 Byte
20220314 014623.476 INFO             PET0 PIOc_sync Enter - MemInfo: [malloc] Top-most, releasable space:                   132208 Byte
20220314 014623.476 INFO             PET0 PIOc_sync Enter - MemInfo: [malloc] Total space in use, mmap + non-mmap:        39217712 Byte
20220314 014623.476 INFO             PET0 PIOc_sync Enter - MemInfo: [malloc] Total space held (mmap + non-mmap):         49512448 Byte
20220314 014623.476 INFO             PET0 PIOc_sync Enter - MemInfo: [malloc] Total space used (mmap + non-mmap):         39225920 Byte
20220314 014623.476 INFO             PET0 PIOc_sync Enter - MemInfo: Wall-clock time since execution start:               0.116563 seconds
20220314 014623.476 INFO             PET0 PIOc_sync Exit - MemInfo: [/proc/meminfo - SSI]	MemTotal:       527077124 kB
20220314 014623.476 INFO             PET0 PIOc_sync Exit - MemInfo: [/proc/meminfo - SSI]	MemFree:        517952040 kB
20220314 014623.476 INFO             PET0 PIOc_sync Exit - MemInfo: [/proc/meminfo - SSI]	MemAvailable:   517696904 kB
20220314 014623.476 INFO             PET0 PIOc_sync Exit - MemInfo: [/proc/meminfo - SSI]	Committed_AS:    1802280 kB
20220314 014623.476 INFO             PET0 PIOc_sync Exit - MemInfo: [/proc/meminfo - SSI]	CommittedPercent: 0.341939 %
20220314 014623.476 INFO             PET0 PIOc_sync Exit - MemInfo: [/proc/self/status]	VmPeak:	  203148 kB
20220314 014623.476 INFO             PET0 PIOc_sync Exit - MemInfo: [/proc/self/status]	VmSize:	  203148 kB
20220314 014623.476 INFO             PET0 PIOc_sync Exit - MemInfo: [/proc/self/status]	VmLck:	       0 kB
20220314 014623.476 INFO             PET0 PIOc_sync Exit - MemInfo: [/proc/self/status]	VmPin:	       0 kB
20220314 014623.476 INFO             PET0 PIOc_sync Exit - MemInfo: [/proc/self/status]	VmHWM:	   65316 kB
20220314 014623.476 INFO             PET0 PIOc_sync Exit - MemInfo: [/proc/self/status]	VmRSS:	   65292 kB
20220314 014623.476 INFO             PET0 PIOc_sync Exit - MemInfo: [/proc/self/status]	VmData:	   52056 kB
20220314 014623.476 INFO             PET0 PIOc_sync Exit - MemInfo: [/proc/self/status]	VmStk:	     156 kB
20220314 014623.476 INFO             PET0 PIOc_sync Exit - MemInfo: [/proc/self/status]	VmExe:	     204 kB
20220314 014623.476 INFO             PET0 PIOc_sync Exit - MemInfo: [/proc/self/status]	VmLib:	   77104 kB
20220314 014623.476 INFO             PET0 PIOc_sync Exit - MemInfo: [/proc/self/status]	VmPTE:	     412 kB
20220314 014623.476 INFO             PET0 PIOc_sync Exit - MemInfo: [/proc/self/status]	VmSwap:	       0 kB
20220314 014623.476 INFO             PET0 PIOc_sync Exit - MemInfo: [/proc/self/status]	VmRSSPercent: 0.0123876 %
20220314 014623.476 INFO             PET0 PIOc_sync Exit - MemInfo: [malloc] Non-mmapped space allocated:                46964736 Byte
20220314 014623.476 INFO             PET0 PIOc_sync Exit - MemInfo: [malloc] Space allocated in mmapped regions:          2547712 Byte
20220314 014623.476 INFO             PET0 PIOc_sync Exit - MemInfo: [malloc] Maximum total allocated space:                     0 Byte
20220314 014623.476 INFO             PET0 PIOc_sync Exit - MemInfo: [malloc] Space in freed fastbin blocks:                    96 Byte
20220314 014623.476 INFO             PET0 PIOc_sync Exit - MemInfo: [malloc] Total allocated space:                      36670688 Byte
20220314 014623.476 INFO             PET0 PIOc_sync Exit - MemInfo: [malloc] Total free space:                           10294048 Byte
20220314 014623.476 INFO             PET0 PIOc_sync Exit - MemInfo: [malloc] Top-most, releasable space:                   132208 Byte
20220314 014623.476 INFO             PET0 PIOc_sync Exit - MemInfo: [malloc] Total space in use, mmap + non-mmap:        39218400 Byte
20220314 014623.476 INFO             PET0 PIOc_sync Exit - MemInfo: [malloc] Total space held (mmap + non-mmap):         49512448 Byte
20220314 014623.476 INFO             PET0 PIOc_sync Exit - MemInfo: [malloc] Total space used (mmap + non-mmap):         39226608 Byte
20220314 014623.476 INFO             PET0 PIOc_sync Exit - MemInfo: Wall-clock time since execution start:               0.116804 seconds
20220314 014623.476 INFO             PET0 PIOc_freedecomp Enter - MemInfo: [/proc/meminfo - SSI]	MemTotal:       527077124 kB
20220314 014623.476 INFO             PET0 PIOc_freedecomp Enter - MemInfo: [/proc/meminfo - SSI]	MemFree:        517952040 kB
20220314 014623.476 INFO             PET0 PIOc_freedecomp Enter - MemInfo: [/proc/meminfo - SSI]	MemAvailable:   517696904 kB
20220314 014623.476 INFO             PET0 PIOc_freedecomp Enter - MemInfo: [/proc/meminfo - SSI]	Committed_AS:    1802280 kB
20220314 014623.476 INFO             PET0 PIOc_freedecomp Enter - MemInfo: [/proc/meminfo - SSI]	CommittedPercent: 0.341939 %
20220314 014623.476 INFO             PET0 PIOc_freedecomp Enter - MemInfo: [/proc/self/status]	VmPeak:	  203148 kB
20220314 014623.476 INFO             PET0 PIOc_freedecomp Enter - MemInfo: [/proc/self/status]	VmSize:	  203148 kB
20220314 014623.476 INFO             PET0 PIOc_freedecomp Enter - MemInfo: [/proc/self/status]	VmLck:	       0 kB
20220314 014623.476 INFO             PET0 PIOc_freedecomp Enter - MemInfo: [/proc/self/status]	VmPin:	       0 kB
20220314 014623.476 INFO             PET0 PIOc_freedecomp Enter - MemInfo: [/proc/self/status]	VmHWM:	   65316 kB
20220314 014623.476 INFO             PET0 PIOc_freedecomp Enter - MemInfo: [/proc/self/status]	VmRSS:	   65292 kB
20220314 014623.476 INFO             PET0 PIOc_freedecomp Enter - MemInfo: [/proc/self/status]	VmData:	   52056 kB
20220314 014623.476 INFO             PET0 PIOc_freedecomp Enter - MemInfo: [/proc/self/status]	VmStk:	     156 kB
20220314 014623.476 INFO             PET0 PIOc_freedecomp Enter - MemInfo: [/proc/self/status]	VmExe:	     204 kB
20220314 014623.476 INFO             PET0 PIOc_freedecomp Enter - MemInfo: [/proc/self/status]	VmLib:	   77104 kB
20220314 014623.476 INFO             PET0 PIOc_freedecomp Enter - MemInfo: [/proc/self/status]	VmPTE:	     412 kB
20220314 014623.476 INFO             PET0 PIOc_freedecomp Enter - MemInfo: [/proc/self/status]	VmSwap:	       0 kB
20220314 014623.476 INFO             PET0 PIOc_freedecomp Enter - MemInfo: [/proc/self/status]	VmRSSPercent: 0.0123876 %
20220314 014623.476 INFO             PET0 PIOc_freedecomp Enter - MemInfo: [malloc] Non-mmapped space allocated:                46964736 Byte
20220314 014623.476 INFO             PET0 PIOc_freedecomp Enter - MemInfo: [malloc] Space allocated in mmapped regions:          2547712 Byte
20220314 014623.476 INFO             PET0 PIOc_freedecomp Enter - MemInfo: [malloc] Maximum total allocated space:                     0 Byte
20220314 014623.476 INFO             PET0 PIOc_freedecomp Enter - MemInfo: [malloc] Space in freed fastbin blocks:                   768 Byte
20220314 014623.476 INFO             PET0 PIOc_freedecomp Enter - MemInfo: [malloc] Total allocated space:                      28269472 Byte
20220314 014623.476 INFO             PET0 PIOc_freedecomp Enter - MemInfo: [malloc] Total free space:                           18695264 Byte
20220314 014623.476 INFO             PET0 PIOc_freedecomp Enter - MemInfo: [malloc] Top-most, releasable space:                  8520832 Byte
20220314 014623.476 INFO             PET0 PIOc_freedecomp Enter - MemInfo: [malloc] Total space in use, mmap + non-mmap:        30817184 Byte
20220314 014623.476 INFO             PET0 PIOc_freedecomp Enter - MemInfo: [malloc] Total space held (mmap + non-mmap):         49512448 Byte
20220314 014623.476 INFO             PET0 PIOc_freedecomp Enter - MemInfo: [malloc] Total space used (mmap + non-mmap):         30825392 Byte
20220314 014623.476 INFO             PET0 PIOc_freedecomp Enter - MemInfo: Wall-clock time since execution start:               0.117104 seconds
20220314 014623.476 INFO             PET0 PIOc_freedecomp Exit - MemInfo: [/proc/meminfo - SSI]	MemTotal:       527077124 kB
20220314 014623.476 INFO             PET0 PIOc_freedecomp Exit - MemInfo: [/proc/meminfo - SSI]	MemFree:        517952040 kB
20220314 014623.476 INFO             PET0 PIOc_freedecomp Exit - MemInfo: [/proc/meminfo - SSI]	MemAvailable:   517696904 kB
20220314 014623.476 INFO             PET0 PIOc_freedecomp Exit - MemInfo: [/proc/meminfo - SSI]	Committed_AS:    1802280 kB
20220314 014623.476 INFO             PET0 PIOc_freedecomp Exit - MemInfo: [/proc/meminfo - SSI]	CommittedPercent: 0.341939 %
20220314 014623.476 INFO             PET0 PIOc_freedecomp Exit - MemInfo: [/proc/self/status]	VmPeak:	  203148 kB
20220314 014623.476 INFO             PET0 PIOc_freedecomp Exit - MemInfo: [/proc/self/status]	VmSize:	  203148 kB
20220314 014623.476 INFO             PET0 PIOc_freedecomp Exit - MemInfo: [/proc/self/status]	VmLck:	       0 kB
20220314 014623.476 INFO             PET0 PIOc_freedecomp Exit - MemInfo: [/proc/self/status]	VmPin:	       0 kB
20220314 014623.476 INFO             PET0 PIOc_freedecomp Exit - MemInfo: [/proc/self/status]	VmHWM:	   65316 kB
20220314 014623.476 INFO             PET0 PIOc_freedecomp Exit - MemInfo: [/proc/self/status]	VmRSS:	   65292 kB
20220314 014623.476 INFO             PET0 PIOc_freedecomp Exit - MemInfo: [/proc/self/status]	VmData:	   52056 kB
20220314 014623.476 INFO             PET0 PIOc_freedecomp Exit - MemInfo: [/proc/self/status]	VmStk:	     156 kB
20220314 014623.477 INFO             PET0 PIOc_freedecomp Exit - MemInfo: [/proc/self/status]	VmExe:	     204 kB
20220314 014623.477 INFO             PET0 PIOc_freedecomp Exit - MemInfo: [/proc/self/status]	VmLib:	   77104 kB
20220314 014623.477 INFO             PET0 PIOc_freedecomp Exit - MemInfo: [/proc/self/status]	VmPTE:	     412 kB
20220314 014623.477 INFO             PET0 PIOc_freedecomp Exit - MemInfo: [/proc/self/status]	VmSwap:	       0 kB
20220314 014623.477 INFO             PET0 PIOc_freedecomp Exit - MemInfo: [/proc/self/status]	VmRSSPercent: 0.0123876 %
20220314 014623.477 INFO             PET0 PIOc_freedecomp Exit - MemInfo: [malloc] Non-mmapped space allocated:                46964736 Byte
20220314 014623.477 INFO             PET0 PIOc_freedecomp Exit - MemInfo: [malloc] Space allocated in mmapped regions:          2547712 Byte
20220314 014623.477 INFO             PET0 PIOc_freedecomp Exit - MemInfo: [malloc] Maximum total allocated space:                     0 Byte
20220314 014623.477 INFO             PET0 PIOc_freedecomp Exit - MemInfo: [malloc] Space in freed fastbin blocks:                   816 Byte
20220314 014623.477 INFO             PET0 PIOc_freedecomp Exit - MemInfo: [malloc] Total allocated space:                      28264704 Byte
20220314 014623.477 INFO             PET0 PIOc_freedecomp Exit - MemInfo: [malloc] Total free space:                           18700032 Byte
20220314 014623.477 INFO             PET0 PIOc_freedecomp Exit - MemInfo: [malloc] Top-most, releasable space:                  8520832 Byte
20220314 014623.477 INFO             PET0 PIOc_freedecomp Exit - MemInfo: [malloc] Total space in use, mmap + non-mmap:        30812416 Byte
20220314 014623.477 INFO             PET0 PIOc_freedecomp Exit - MemInfo: [malloc] Total space held (mmap + non-mmap):         49512448 Byte
20220314 014623.477 INFO             PET0 PIOc_freedecomp Exit - MemInfo: [malloc] Total space used (mmap + non-mmap):         30820624 Byte
20220314 014623.477 INFO             PET0 PIOc_freedecomp Exit - MemInfo: Wall-clock time since execution start:               0.117289 seconds
20220314 014623.478 INFO             PET0 PIOc_sync Enter - MemInfo: [/proc/meminfo - SSI]	MemTotal:       527077124 kB
20220314 014623.478 INFO             PET0 PIOc_sync Enter - MemInfo: [/proc/meminfo - SSI]	MemFree:        517951536 kB
20220314 014623.478 INFO             PET0 PIOc_sync Enter - MemInfo: [/proc/meminfo - SSI]	MemAvailable:   517696400 kB
20220314 014623.478 INFO             PET0 PIOc_sync Enter - MemInfo: [/proc/meminfo - SSI]	Committed_AS:    1802280 kB
20220314 014623.478 INFO             PET0 PIOc_sync Enter - MemInfo: [/proc/meminfo - SSI]	CommittedPercent: 0.341939 %
20220314 014623.478 INFO             PET0 PIOc_sync Enter - MemInfo: [/proc/self/status]	VmPeak:	  203148 kB
20220314 014623.478 INFO             PET0 PIOc_sync Enter - MemInfo: [/proc/self/status]	VmSize:	  203148 kB
20220314 014623.478 INFO             PET0 PIOc_sync Enter - MemInfo: [/proc/self/status]	VmLck:	       0 kB
20220314 014623.478 INFO             PET0 PIOc_sync Enter - MemInfo: [/proc/self/status]	VmPin:	       0 kB
20220314 014623.478 INFO             PET0 PIOc_sync Enter - MemInfo: [/proc/self/status]	VmHWM:	   65320 kB
20220314 014623.478 INFO             PET0 PIOc_sync Enter - MemInfo: [/proc/self/status]	VmRSS:	   65296 kB
20220314 014623.478 INFO             PET0 PIOc_sync Enter - MemInfo: [/proc/self/status]	VmData:	   52056 kB
20220314 014623.478 INFO             PET0 PIOc_sync Enter - MemInfo: [/proc/self/status]	VmStk:	     156 kB
20220314 014623.478 INFO             PET0 PIOc_sync Enter - MemInfo: [/proc/self/status]	VmExe:	     204 kB
20220314 014623.478 INFO             PET0 PIOc_sync Enter - MemInfo: [/proc/self/status]	VmLib:	   77104 kB
20220314 014623.478 INFO             PET0 PIOc_sync Enter - MemInfo: [/proc/self/status]	VmPTE:	     412 kB
20220314 014623.478 INFO             PET0 PIOc_sync Enter - MemInfo: [/proc/self/status]	VmSwap:	       0 kB
20220314 014623.478 INFO             PET0 PIOc_sync Enter - MemInfo: [/proc/self/status]	VmRSSPercent: 0.0123883 %
20220314 014623.478 INFO             PET0 PIOc_sync Enter - MemInfo: [malloc] Non-mmapped space allocated:                46964736 Byte
20220314 014623.478 INFO             PET0 PIOc_sync Enter - MemInfo: [malloc] Space allocated in mmapped regions:          2547712 Byte
20220314 014623.478 INFO             PET0 PIOc_sync Enter - MemInfo: [malloc] Maximum total allocated space:                     0 Byte
20220314 014623.478 INFO             PET0 PIOc_sync Enter - MemInfo: [malloc] Space in freed fastbin blocks:                   544 Byte
20220314 014623.478 INFO             PET0 PIOc_sync Enter - MemInfo: [malloc] Total allocated space:                      36670576 Byte
20220314 014623.478 INFO             PET0 PIOc_sync Enter - MemInfo: [malloc] Total free space:                           10294160 Byte
20220314 014623.478 INFO             PET0 PIOc_sync Enter - MemInfo: [malloc] Top-most, releasable space:                   132208 Byte
20220314 014623.478 INFO             PET0 PIOc_sync Enter - MemInfo: [malloc] Total space in use, mmap + non-mmap:        39218288 Byte
20220314 014623.478 INFO             PET0 PIOc_sync Enter - MemInfo: [malloc] Total space held (mmap + non-mmap):         49512448 Byte
20220314 014623.478 INFO             PET0 PIOc_sync Enter - MemInfo: [malloc] Total space used (mmap + non-mmap):         39226496 Byte
20220314 014623.478 INFO             PET0 PIOc_sync Enter - MemInfo: Wall-clock time since execution start:               0.118519 seconds
20220314 014623.478 INFO             PET0 PIOc_sync Exit - MemInfo: [/proc/meminfo - SSI]	MemTotal:       527077124 kB
20220314 014623.478 INFO             PET0 PIOc_sync Exit - MemInfo: [/proc/meminfo - SSI]	MemFree:        517951536 kB
20220314 014623.478 INFO             PET0 PIOc_sync Exit - MemInfo: [/proc/meminfo - SSI]	MemAvailable:   517696400 kB
20220314 014623.478 INFO             PET0 PIOc_sync Exit - MemInfo: [/proc/meminfo - SSI]	Committed_AS:    1802280 kB
20220314 014623.478 INFO             PET0 PIOc_sync Exit - MemInfo: [/proc/meminfo - SSI]	CommittedPercent: 0.341939 %
20220314 014623.478 INFO             PET0 PIOc_sync Exit - MemInfo: [/proc/self/status]	VmPeak:	  203148 kB
20220314 014623.478 INFO             PET0 PIOc_sync Exit - MemInfo: [/proc/self/status]	VmSize:	  203148 kB
20220314 014623.478 INFO             PET0 PIOc_sync Exit - MemInfo: [/proc/self/status]	VmLck:	       0 kB
20220314 014623.478 INFO             PET0 PIOc_sync Exit - MemInfo: [/proc/self/status]	VmPin:	       0 kB
20220314 014623.478 INFO             PET0 PIOc_sync Exit - MemInfo: [/proc/self/status]	VmHWM:	   65320 kB
20220314 014623.478 INFO             PET0 PIOc_sync Exit - MemInfo: [/proc/self/status]	VmRSS:	   65296 kB
20220314 014623.478 INFO             PET0 PIOc_sync Exit - MemInfo: [/proc/self/status]	VmData:	   52056 kB
20220314 014623.478 INFO             PET0 PIOc_sync Exit - MemInfo: [/proc/self/status]	VmStk:	     156 kB
20220314 014623.478 INFO             PET0 PIOc_sync Exit - MemInfo: [/proc/self/status]	VmExe:	     204 kB
20220314 014623.478 INFO             PET0 PIOc_sync Exit - MemInfo: [/proc/self/status]	VmLib:	   77104 kB
20220314 014623.478 INFO             PET0 PIOc_sync Exit - MemInfo: [/proc/self/status]	VmPTE:	     412 kB
20220314 014623.478 INFO             PET0 PIOc_sync Exit - MemInfo: [/proc/self/status]	VmSwap:	       0 kB
20220314 014623.478 INFO             PET0 PIOc_sync Exit - MemInfo: [/proc/self/status]	VmRSSPercent: 0.0123883 %
20220314 014623.478 INFO             PET0 PIOc_sync Exit - MemInfo: [malloc] Non-mmapped space allocated:                46964736 Byte
20220314 014623.478 INFO             PET0 PIOc_sync Exit - MemInfo: [malloc] Space allocated in mmapped regions:          2547712 Byte
20220314 014623.478 INFO             PET0 PIOc_sync Exit - MemInfo: [malloc] Maximum total allocated space:                     0 Byte
20220314 014623.478 INFO             PET0 PIOc_sync Exit - MemInfo: [malloc] Space in freed fastbin blocks:                   208 Byte
20220314 014623.478 INFO             PET0 PIOc_sync Exit - MemInfo: [malloc] Total allocated space:                      36671408 Byte
20220314 014623.478 INFO             PET0 PIOc_sync Exit - MemInfo: [malloc] Total free space:                           10293328 Byte
20220314 014623.478 INFO             PET0 PIOc_sync Exit - MemInfo: [malloc] Top-most, releasable space:                   132208 Byte
20220314 014623.478 INFO             PET0 PIOc_sync Exit - MemInfo: [malloc] Total space in use, mmap + non-mmap:        39219120 Byte
20220314 014623.478 INFO             PET0 PIOc_sync Exit - MemInfo: [malloc] Total space held (mmap + non-mmap):         49512448 Byte
20220314 014623.478 INFO             PET0 PIOc_sync Exit - MemInfo: [malloc] Total space used (mmap + non-mmap):         39227328 Byte
20220314 014623.478 INFO             PET0 PIOc_sync Exit - MemInfo: Wall-clock time since execution start:                0.11877 seconds
20220314 014623.478 INFO             PET0 PIOc_freedecomp Enter - MemInfo: [/proc/meminfo - SSI]	MemTotal:       527077124 kB
20220314 014623.478 INFO             PET0 PIOc_freedecomp Enter - MemInfo: [/proc/meminfo - SSI]	MemFree:        517951536 kB
20220314 014623.478 INFO             PET0 PIOc_freedecomp Enter - MemInfo: [/proc/meminfo - SSI]	MemAvailable:   517696400 kB
20220314 014623.478 INFO             PET0 PIOc_freedecomp Enter - MemInfo: [/proc/meminfo - SSI]	Committed_AS:    1802280 kB
20220314 014623.478 INFO             PET0 PIOc_freedecomp Enter - MemInfo: [/proc/meminfo - SSI]	CommittedPercent: 0.341939 %
20220314 014623.478 INFO             PET0 PIOc_freedecomp Enter - MemInfo: [/proc/self/status]	VmPeak:	  203148 kB
20220314 014623.478 INFO             PET0 PIOc_freedecomp Enter - MemInfo: [/proc/self/status]	VmSize:	  203148 kB
20220314 014623.478 INFO             PET0 PIOc_freedecomp Enter - MemInfo: [/proc/self/status]	VmLck:	       0 kB
20220314 014623.478 INFO             PET0 PIOc_freedecomp Enter - MemInfo: [/proc/self/status]	VmPin:	       0 kB
20220314 014623.478 INFO             PET0 PIOc_freedecomp Enter - MemInfo: [/proc/self/status]	VmHWM:	   65320 kB
20220314 014623.478 INFO             PET0 PIOc_freedecomp Enter - MemInfo: [/proc/self/status]	VmRSS:	   65296 kB
20220314 014623.478 INFO             PET0 PIOc_freedecomp Enter - MemInfo: [/proc/self/status]	VmData:	   52056 kB
20220314 014623.478 INFO             PET0 PIOc_freedecomp Enter - MemInfo: [/proc/self/status]	VmStk:	     156 kB
20220314 014623.478 INFO             PET0 PIOc_freedecomp Enter - MemInfo: [/proc/self/status]	VmExe:	     204 kB
20220314 014623.478 INFO             PET0 PIOc_freedecomp Enter - MemInfo: [/proc/self/status]	VmLib:	   77104 kB
20220314 014623.478 INFO             PET0 PIOc_freedecomp Enter - MemInfo: [/proc/self/status]	VmPTE:	     412 kB
20220314 014623.478 INFO             PET0 PIOc_freedecomp Enter - MemInfo: [/proc/self/status]	VmSwap:	       0 kB
20220314 014623.478 INFO             PET0 PIOc_freedecomp Enter - MemInfo: [/proc/self/status]	VmRSSPercent: 0.0123883 %
20220314 014623.478 INFO             PET0 PIOc_freedecomp Enter - MemInfo: [malloc] Non-mmapped space allocated:                46964736 Byte
20220314 014623.478 INFO             PET0 PIOc_freedecomp Enter - MemInfo: [malloc] Space allocated in mmapped regions:          2547712 Byte
20220314 014623.478 INFO             PET0 PIOc_freedecomp Enter - MemInfo: [malloc] Maximum total allocated space:                     0 Byte
20220314 014623.478 INFO             PET0 PIOc_freedecomp Enter - MemInfo: [malloc] Space in freed fastbin blocks:                   976 Byte
20220314 014623.478 INFO             PET0 PIOc_freedecomp Enter - MemInfo: [malloc] Total allocated space:                      28269824 Byte
20220314 014623.478 INFO             PET0 PIOc_freedecomp Enter - MemInfo: [malloc] Total free space:                           18694912 Byte
20220314 014623.478 INFO             PET0 PIOc_freedecomp Enter - MemInfo: [malloc] Top-most, releasable space:                  8520832 Byte
20220314 014623.478 INFO             PET0 PIOc_freedecomp Enter - MemInfo: [malloc] Total space in use, mmap + non-mmap:        30817536 Byte
20220314 014623.478 INFO             PET0 PIOc_freedecomp Enter - MemInfo: [malloc] Total space held (mmap + non-mmap):         49512448 Byte
20220314 014623.478 INFO             PET0 PIOc_freedecomp Enter - MemInfo: [malloc] Total space used (mmap + non-mmap):         30825744 Byte
20220314 014623.478 INFO             PET0 PIOc_freedecomp Enter - MemInfo: Wall-clock time since execution start:               0.119067 seconds
20220314 014623.478 INFO             PET0 PIOc_freedecomp Exit - MemInfo: [/proc/meminfo - SSI]	MemTotal:       527077124 kB
20220314 014623.478 INFO             PET0 PIOc_freedecomp Exit - MemInfo: [/proc/meminfo - SSI]	MemFree:        517951536 kB
20220314 014623.478 INFO             PET0 PIOc_freedecomp Exit - MemInfo: [/proc/meminfo - SSI]	MemAvailable:   517696400 kB
20220314 014623.478 INFO             PET0 PIOc_freedecomp Exit - MemInfo: [/proc/meminfo - SSI]	Committed_AS:    1802280 kB
20220314 014623.478 INFO             PET0 PIOc_freedecomp Exit - MemInfo: [/proc/meminfo - SSI]	CommittedPercent: 0.341939 %
20220314 014623.478 INFO             PET0 PIOc_freedecomp Exit - MemInfo: [/proc/self/status]	VmPeak:	  203148 kB
20220314 014623.478 INFO             PET0 PIOc_freedecomp Exit - MemInfo: [/proc/self/status]	VmSize:	  203148 kB
20220314 014623.478 INFO             PET0 PIOc_freedecomp Exit - MemInfo: [/proc/self/status]	VmLck:	       0 kB
20220314 014623.478 INFO             PET0 PIOc_freedecomp Exit - MemInfo: [/proc/self/status]	VmPin:	       0 kB
20220314 014623.478 INFO             PET0 PIOc_freedecomp Exit - MemInfo: [/proc/self/status]	VmHWM:	   65320 kB
20220314 014623.478 INFO             PET0 PIOc_freedecomp Exit - MemInfo: [/proc/self/status]	VmRSS:	   65296 kB
20220314 014623.478 INFO             PET0 PIOc_freedecomp Exit - MemInfo: [/proc/self/status]	VmData:	   52056 kB
20220314 014623.478 INFO             PET0 PIOc_freedecomp Exit - MemInfo: [/proc/self/status]	VmStk:	     156 kB
20220314 014623.478 INFO             PET0 PIOc_freedecomp Exit - MemInfo: [/proc/self/status]	VmExe:	     204 kB
20220314 014623.478 INFO             PET0 PIOc_freedecomp Exit - MemInfo: [/proc/self/status]	VmLib:	   77104 kB
20220314 014623.478 INFO             PET0 PIOc_freedecomp Exit - MemInfo: [/proc/self/status]	VmPTE:	     412 kB
20220314 014623.478 INFO             PET0 PIOc_freedecomp Exit - MemInfo: [/proc/self/status]	VmSwap:	       0 kB
20220314 014623.478 INFO             PET0 PIOc_freedecomp Exit - MemInfo: [/proc/self/status]	VmRSSPercent: 0.0123883 %
20220314 014623.478 INFO             PET0 PIOc_freedecomp Exit - MemInfo: [malloc] Non-mmapped space allocated:                46964736 Byte
20220314 014623.478 INFO             PET0 PIOc_freedecomp Exit - MemInfo: [malloc] Space allocated in mmapped regions:          2547712 Byte
20220314 014623.478 INFO             PET0 PIOc_freedecomp Exit - MemInfo: [malloc] Maximum total allocated space:                     0 Byte
20220314 014623.479 INFO             PET0 PIOc_freedecomp Exit - MemInfo: [malloc] Space in freed fastbin blocks:                   816 Byte
20220314 014623.479 INFO             PET0 PIOc_freedecomp Exit - MemInfo: [malloc] Total allocated space:                      28265056 Byte
20220314 014623.479 INFO             PET0 PIOc_freedecomp Exit - MemInfo: [malloc] Total free space:                           18699680 Byte
20220314 014623.479 INFO             PET0 PIOc_freedecomp Exit - MemInfo: [malloc] Top-most, releasable space:                  8520832 Byte
20220314 014623.479 INFO             PET0 PIOc_freedecomp Exit - MemInfo: [malloc] Total space in use, mmap + non-mmap:        30812768 Byte
20220314 014623.479 INFO             PET0 PIOc_freedecomp Exit - MemInfo: [malloc] Total space held (mmap + non-mmap):         49512448 Byte
20220314 014623.479 INFO             PET0 PIOc_freedecomp Exit - MemInfo: [malloc] Total space used (mmap + non-mmap):         30820976 Byte
20220314 014623.479 INFO             PET0 PIOc_freedecomp Exit - MemInfo: Wall-clock time since execution start:               0.119237 seconds
20220314 014623.480 INFO             PET0  PASS  ESMF_FieldRegridStoreFromFile Unit Test, ESMF_FieldSMMFromFileUTest.F90, line 315
20220314 014623.480 INFO             PET0  Ending Test, file ESMF_FieldSMMFromFileUTest.F90, line 322
20220314 014623.480 INFO             PET0 Finalizing ESMF
20220314 014623.361 INFO             PET1 !!!!!!!!!!!!!!!!!!!!!!!!!!!!!!!!!!!!!!!!!!!!!!!!!!!!!!
20220314 014623.361 INFO             PET1 !!! THE ESMF_LOG IS SET TO OUTPUT ALL LOG MESSAGES !!!
20220314 014623.361 INFO             PET1 !!!     THIS MAY CAUSE SLOWDOWN IN PERFORMANCE     !!!
20220314 014623.361 INFO             PET1 !!! FOR PRODUCTION RUNS, USE:                      !!!
20220314 014623.361 INFO             PET1 !!!                   ESMF_LOGKIND_Multi_On_Error  !!!
20220314 014623.361 INFO             PET1 !!!!!!!!!!!!!!!!!!!!!!!!!!!!!!!!!!!!!!!!!!!!!!!!!!!!!!
20220314 014623.361 INFO             PET1 Running with ESMF Version   : v8.3.0b09-96-g559b459836
20220314 014623.361 INFO             PET1 ESMF library build date/time: "Mar 14 2022" "01:37:45"
20220314 014623.361 INFO             PET1 ESMF library build location : /lfs/h1/emc/ptmp/Mark.Potts/gfortran_10.3.0_mpich3_O_jedwards_pio_update2
20220314 014623.361 INFO             PET1 ESMF_COMM                   : mpich3
20220314 014623.361 INFO             PET1 ESMF_MOAB                   : enabled
20220314 014623.361 INFO             PET1 ESMF_LAPACK                 : enabled
20220314 014623.361 INFO             PET1 ESMF_NETCDF                 : enabled
20220314 014623.361 INFO             PET1 ESMF_PNETCDF                : disabled
20220314 014623.361 INFO             PET1 ESMF_PIO                    : enabled
20220314 014623.361 INFO             PET1 ESMF_YAMLCPP                : enabled
20220314 014623.362 INFO             PET1  Beginning Test, file ESMF_FieldSMMFromFileUTest.F90, line 287
20220314 014623.362 INFO             PET1  NUMBER_OF_PROCESSORS           4
20220314 014623.467 INFO             PET1  PASS  ESMF_FieldSMMFromFile Unit Test, ESMF_FieldSMMFromFileUTest.F90, line 300
20220314 014623.473 INFO             PET1 PIOc_sync Enter - MemInfo: [/proc/meminfo - SSI]	MemTotal:       527077124 kB
20220314 014623.473 INFO             PET1 PIOc_sync Enter - MemInfo: [/proc/meminfo - SSI]	MemFree:        517952040 kB
20220314 014623.473 INFO             PET1 PIOc_sync Enter - MemInfo: [/proc/meminfo - SSI]	MemAvailable:   517696904 kB
20220314 014623.473 INFO             PET1 PIOc_sync Enter - MemInfo: [/proc/meminfo - SSI]	Committed_AS:    1802280 kB
20220314 014623.473 INFO             PET1 PIOc_sync Enter - MemInfo: [/proc/meminfo - SSI]	CommittedPercent: 0.341939 %
20220314 014623.473 INFO             PET1 PIOc_sync Enter - MemInfo: [/proc/self/status]	VmPeak:	  183368 kB
20220314 014623.473 INFO             PET1 PIOc_sync Enter - MemInfo: [/proc/self/status]	VmSize:	  183368 kB
20220314 014623.473 INFO             PET1 PIOc_sync Enter - MemInfo: [/proc/self/status]	VmLck:	       0 kB
20220314 014623.473 INFO             PET1 PIOc_sync Enter - MemInfo: [/proc/self/status]	VmPin:	       0 kB
20220314 014623.474 INFO             PET1 PIOc_sync Enter - MemInfo: [/proc/self/status]	VmHWM:	   47112 kB
20220314 014623.474 INFO             PET1 PIOc_sync Enter - MemInfo: [/proc/self/status]	VmRSS:	   47112 kB
20220314 014623.474 INFO             PET1 PIOc_sync Enter - MemInfo: [/proc/self/status]	VmData:	   32276 kB
20220314 014623.474 INFO             PET1 PIOc_sync Enter - MemInfo: [/proc/self/status]	VmStk:	     156 kB
20220314 014623.474 INFO             PET1 PIOc_sync Enter - MemInfo: [/proc/self/status]	VmExe:	     204 kB
20220314 014623.474 INFO             PET1 PIOc_sync Enter - MemInfo: [/proc/self/status]	VmLib:	   77104 kB
20220314 014623.474 INFO             PET1 PIOc_sync Enter - MemInfo: [/proc/self/status]	VmPTE:	     380 kB
20220314 014623.474 INFO             PET1 PIOc_sync Enter - MemInfo: [/proc/self/status]	VmSwap:	       0 kB
20220314 014623.474 INFO             PET1 PIOc_sync Enter - MemInfo: [/proc/self/status]	VmRSSPercent: 0.00893835 %
20220314 014623.474 INFO             PET1 PIOc_sync Enter - MemInfo: [malloc] Non-mmapped space allocated:                26710016 Byte
20220314 014623.474 INFO             PET1 PIOc_sync Enter - MemInfo: [malloc] Space allocated in mmapped regions:          2547712 Byte
20220314 014623.474 INFO             PET1 PIOc_sync Enter - MemInfo: [malloc] Maximum total allocated space:                     0 Byte
20220314 014623.474 INFO             PET1 PIOc_sync Enter - MemInfo: [malloc] Space in freed fastbin blocks:                     0 Byte
20220314 014623.474 INFO             PET1 PIOc_sync Enter - MemInfo: [malloc] Total allocated space:                      11194208 Byte
20220314 014623.474 INFO             PET1 PIOc_sync Enter - MemInfo: [malloc] Total free space:                           15515808 Byte
20220314 014623.474 INFO             PET1 PIOc_sync Enter - MemInfo: [malloc] Top-most, releasable space:                  8523344 Byte
20220314 014623.474 INFO             PET1 PIOc_sync Enter - MemInfo: [malloc] Total space in use, mmap + non-mmap:        13741920 Byte
20220314 014623.474 INFO             PET1 PIOc_sync Enter - MemInfo: [malloc] Total space held (mmap + non-mmap):         29257728 Byte
20220314 014623.474 INFO             PET1 PIOc_sync Enter - MemInfo: [malloc] Total space used (mmap + non-mmap):         13750128 Byte
20220314 014623.474 INFO             PET1 PIOc_sync Enter - MemInfo: Wall-clock time since execution start:                0.11435 seconds
20220314 014623.474 INFO             PET1 PIOc_sync Exit - MemInfo: [/proc/meminfo - SSI]	MemTotal:       527077124 kB
20220314 014623.474 INFO             PET1 PIOc_sync Exit - MemInfo: [/proc/meminfo - SSI]	MemFree:        517952040 kB
20220314 014623.474 INFO             PET1 PIOc_sync Exit - MemInfo: [/proc/meminfo - SSI]	MemAvailable:   517696904 kB
20220314 014623.474 INFO             PET1 PIOc_sync Exit - MemInfo: [/proc/meminfo - SSI]	Committed_AS:    1802280 kB
20220314 014623.474 INFO             PET1 PIOc_sync Exit - MemInfo: [/proc/meminfo - SSI]	CommittedPercent: 0.341939 %
20220314 014623.474 INFO             PET1 PIOc_sync Exit - MemInfo: [/proc/self/status]	VmPeak:	  183368 kB
20220314 014623.474 INFO             PET1 PIOc_sync Exit - MemInfo: [/proc/self/status]	VmSize:	  183368 kB
20220314 014623.474 INFO             PET1 PIOc_sync Exit - MemInfo: [/proc/self/status]	VmLck:	       0 kB
20220314 014623.474 INFO             PET1 PIOc_sync Exit - MemInfo: [/proc/self/status]	VmPin:	       0 kB
20220314 014623.474 INFO             PET1 PIOc_sync Exit - MemInfo: [/proc/self/status]	VmHWM:	   47112 kB
20220314 014623.474 INFO             PET1 PIOc_sync Exit - MemInfo: [/proc/self/status]	VmRSS:	   47112 kB
20220314 014623.474 INFO             PET1 PIOc_sync Exit - MemInfo: [/proc/self/status]	VmData:	   32276 kB
20220314 014623.474 INFO             PET1 PIOc_sync Exit - MemInfo: [/proc/self/status]	VmStk:	     156 kB
20220314 014623.474 INFO             PET1 PIOc_sync Exit - MemInfo: [/proc/self/status]	VmExe:	     204 kB
20220314 014623.474 INFO             PET1 PIOc_sync Exit - MemInfo: [/proc/self/status]	VmLib:	   77104 kB
20220314 014623.474 INFO             PET1 PIOc_sync Exit - MemInfo: [/proc/self/status]	VmPTE:	     380 kB
20220314 014623.474 INFO             PET1 PIOc_sync Exit - MemInfo: [/proc/self/status]	VmSwap:	       0 kB
20220314 014623.474 INFO             PET1 PIOc_sync Exit - MemInfo: [/proc/self/status]	VmRSSPercent: 0.00893835 %
20220314 014623.474 INFO             PET1 PIOc_sync Exit - MemInfo: [malloc] Non-mmapped space allocated:                26710016 Byte
20220314 014623.474 INFO             PET1 PIOc_sync Exit - MemInfo: [malloc] Space allocated in mmapped regions:          2547712 Byte
20220314 014623.474 INFO             PET1 PIOc_sync Exit - MemInfo: [malloc] Maximum total allocated space:                     0 Byte
20220314 014623.474 INFO             PET1 PIOc_sync Exit - MemInfo: [malloc] Space in freed fastbin blocks:                     0 Byte
20220314 014623.474 INFO             PET1 PIOc_sync Exit - MemInfo: [malloc] Total allocated space:                      11194528 Byte
20220314 014623.474 INFO             PET1 PIOc_sync Exit - MemInfo: [malloc] Total free space:                           15515488 Byte
20220314 014623.474 INFO             PET1 PIOc_sync Exit - MemInfo: [malloc] Top-most, releasable space:                  8523344 Byte
20220314 014623.474 INFO             PET1 PIOc_sync Exit - MemInfo: [malloc] Total space in use, mmap + non-mmap:        13742240 Byte
20220314 014623.474 INFO             PET1 PIOc_sync Exit - MemInfo: [malloc] Total space held (mmap + non-mmap):         29257728 Byte
20220314 014623.474 INFO             PET1 PIOc_sync Exit - MemInfo: [malloc] Total space used (mmap + non-mmap):         13750448 Byte
20220314 014623.474 INFO             PET1 PIOc_sync Exit - MemInfo: Wall-clock time since execution start:               0.114638 seconds
20220314 014623.474 INFO             PET1 PIOc_freedecomp Enter - MemInfo: [/proc/meminfo - SSI]	MemTotal:       527077124 kB
20220314 014623.474 INFO             PET1 PIOc_freedecomp Enter - MemInfo: [/proc/meminfo - SSI]	MemFree:        517952040 kB
20220314 014623.474 INFO             PET1 PIOc_freedecomp Enter - MemInfo: [/proc/meminfo - SSI]	MemAvailable:   517696904 kB
20220314 014623.474 INFO             PET1 PIOc_freedecomp Enter - MemInfo: [/proc/meminfo - SSI]	Committed_AS:    1802280 kB
20220314 014623.474 INFO             PET1 PIOc_freedecomp Enter - MemInfo: [/proc/meminfo - SSI]	CommittedPercent: 0.341939 %
20220314 014623.474 INFO             PET1 PIOc_freedecomp Enter - MemInfo: [/proc/self/status]	VmPeak:	  183368 kB
20220314 014623.474 INFO             PET1 PIOc_freedecomp Enter - MemInfo: [/proc/self/status]	VmSize:	  183368 kB
20220314 014623.474 INFO             PET1 PIOc_freedecomp Enter - MemInfo: [/proc/self/status]	VmLck:	       0 kB
20220314 014623.474 INFO             PET1 PIOc_freedecomp Enter - MemInfo: [/proc/self/status]	VmPin:	       0 kB
20220314 014623.474 INFO             PET1 PIOc_freedecomp Enter - MemInfo: [/proc/self/status]	VmHWM:	   47112 kB
20220314 014623.474 INFO             PET1 PIOc_freedecomp Enter - MemInfo: [/proc/self/status]	VmRSS:	   47112 kB
20220314 014623.474 INFO             PET1 PIOc_freedecomp Enter - MemInfo: [/proc/self/status]	VmData:	   32276 kB
20220314 014623.474 INFO             PET1 PIOc_freedecomp Enter - MemInfo: [/proc/self/status]	VmStk:	     156 kB
20220314 014623.474 INFO             PET1 PIOc_freedecomp Enter - MemInfo: [/proc/self/status]	VmExe:	     204 kB
20220314 014623.474 INFO             PET1 PIOc_freedecomp Enter - MemInfo: [/proc/self/status]	VmLib:	   77104 kB
20220314 014623.474 INFO             PET1 PIOc_freedecomp Enter - MemInfo: [/proc/self/status]	VmPTE:	     380 kB
20220314 014623.474 INFO             PET1 PIOc_freedecomp Enter - MemInfo: [/proc/self/status]	VmSwap:	       0 kB
20220314 014623.474 INFO             PET1 PIOc_freedecomp Enter - MemInfo: [/proc/self/status]	VmRSSPercent: 0.00893835 %
20220314 014623.474 INFO             PET1 PIOc_freedecomp Enter - MemInfo: [malloc] Non-mmapped space allocated:                26710016 Byte
20220314 014623.474 INFO             PET1 PIOc_freedecomp Enter - MemInfo: [malloc] Space allocated in mmapped regions:          2547712 Byte
20220314 014623.474 INFO             PET1 PIOc_freedecomp Enter - MemInfo: [malloc] Maximum total allocated space:                     0 Byte
20220314 014623.474 INFO             PET1 PIOc_freedecomp Enter - MemInfo: [malloc] Space in freed fastbin blocks:                     0 Byte
20220314 014623.474 INFO             PET1 PIOc_freedecomp Enter - MemInfo: [malloc] Total allocated space:                      11194464 Byte
20220314 014623.474 INFO             PET1 PIOc_freedecomp Enter - MemInfo: [malloc] Total free space:                           15515552 Byte
20220314 014623.474 INFO             PET1 PIOc_freedecomp Enter - MemInfo: [malloc] Top-most, releasable space:                  8523344 Byte
20220314 014623.474 INFO             PET1 PIOc_freedecomp Enter - MemInfo: [malloc] Total space in use, mmap + non-mmap:        13742176 Byte
20220314 014623.474 INFO             PET1 PIOc_freedecomp Enter - MemInfo: [malloc] Total space held (mmap + non-mmap):         29257728 Byte
20220314 014623.474 INFO             PET1 PIOc_freedecomp Enter - MemInfo: [malloc] Total space used (mmap + non-mmap):         13750384 Byte
20220314 014623.474 INFO             PET1 PIOc_freedecomp Enter - MemInfo: Wall-clock time since execution start:               0.114942 seconds
20220314 014623.474 INFO             PET1 PIOc_freedecomp Exit - MemInfo: [/proc/meminfo - SSI]	MemTotal:       527077124 kB
20220314 014623.474 INFO             PET1 PIOc_freedecomp Exit - MemInfo: [/proc/meminfo - SSI]	MemFree:        517952040 kB
20220314 014623.474 INFO             PET1 PIOc_freedecomp Exit - MemInfo: [/proc/meminfo - SSI]	MemAvailable:   517696904 kB
20220314 014623.474 INFO             PET1 PIOc_freedecomp Exit - MemInfo: [/proc/meminfo - SSI]	Committed_AS:    1802280 kB
20220314 014623.474 INFO             PET1 PIOc_freedecomp Exit - MemInfo: [/proc/meminfo - SSI]	CommittedPercent: 0.341939 %
20220314 014623.474 INFO             PET1 PIOc_freedecomp Exit - MemInfo: [/proc/self/status]	VmPeak:	  183368 kB
20220314 014623.474 INFO             PET1 PIOc_freedecomp Exit - MemInfo: [/proc/self/status]	VmSize:	  183368 kB
20220314 014623.474 INFO             PET1 PIOc_freedecomp Exit - MemInfo: [/proc/self/status]	VmLck:	       0 kB
20220314 014623.474 INFO             PET1 PIOc_freedecomp Exit - MemInfo: [/proc/self/status]	VmPin:	       0 kB
20220314 014623.474 INFO             PET1 PIOc_freedecomp Exit - MemInfo: [/proc/self/status]	VmHWM:	   47112 kB
20220314 014623.474 INFO             PET1 PIOc_freedecomp Exit - MemInfo: [/proc/self/status]	VmRSS:	   47112 kB
20220314 014623.474 INFO             PET1 PIOc_freedecomp Exit - MemInfo: [/proc/self/status]	VmData:	   32276 kB
20220314 014623.474 INFO             PET1 PIOc_freedecomp Exit - MemInfo: [/proc/self/status]	VmStk:	     156 kB
20220314 014623.474 INFO             PET1 PIOc_freedecomp Exit - MemInfo: [/proc/self/status]	VmExe:	     204 kB
20220314 014623.474 INFO             PET1 PIOc_freedecomp Exit - MemInfo: [/proc/self/status]	VmLib:	   77104 kB
20220314 014623.474 INFO             PET1 PIOc_freedecomp Exit - MemInfo: [/proc/self/status]	VmPTE:	     380 kB
20220314 014623.474 INFO             PET1 PIOc_freedecomp Exit - MemInfo: [/proc/self/status]	VmSwap:	       0 kB
20220314 014623.474 INFO             PET1 PIOc_freedecomp Exit - MemInfo: [/proc/self/status]	VmRSSPercent: 0.00893835 %
20220314 014623.474 INFO             PET1 PIOc_freedecomp Exit - MemInfo: [malloc] Non-mmapped space allocated:                26710016 Byte
20220314 014623.474 INFO             PET1 PIOc_freedecomp Exit - MemInfo: [malloc] Space allocated in mmapped regions:          2547712 Byte
20220314 014623.474 INFO             PET1 PIOc_freedecomp Exit - MemInfo: [malloc] Maximum total allocated space:                     0 Byte
20220314 014623.474 INFO             PET1 PIOc_freedecomp Exit - MemInfo: [malloc] Space in freed fastbin blocks:                   288 Byte
20220314 014623.474 INFO             PET1 PIOc_freedecomp Exit - MemInfo: [malloc] Total allocated space:                      11192288 Byte
20220314 014623.474 INFO             PET1 PIOc_freedecomp Exit - MemInfo: [malloc] Total free space:                           15517728 Byte
20220314 014623.474 INFO             PET1 PIOc_freedecomp Exit - MemInfo: [malloc] Top-most, releasable space:                  8523344 Byte
20220314 014623.474 INFO             PET1 PIOc_freedecomp Exit - MemInfo: [malloc] Total space in use, mmap + non-mmap:        13740000 Byte
20220314 014623.474 INFO             PET1 PIOc_freedecomp Exit - MemInfo: [malloc] Total space held (mmap + non-mmap):         29257728 Byte
20220314 014623.474 INFO             PET1 PIOc_freedecomp Exit - MemInfo: [malloc] Total space used (mmap + non-mmap):         13748208 Byte
20220314 014623.474 INFO             PET1 PIOc_freedecomp Exit - MemInfo: Wall-clock time since execution start:               0.115116 seconds
20220314 014623.476 INFO             PET1 PIOc_sync Enter - MemInfo: [/proc/meminfo - SSI]	MemTotal:       527077124 kB
20220314 014623.476 INFO             PET1 PIOc_sync Enter - MemInfo: [/proc/meminfo - SSI]	MemFree:        517952040 kB
20220314 014623.476 INFO             PET1 PIOc_sync Enter - MemInfo: [/proc/meminfo - SSI]	MemAvailable:   517696904 kB
20220314 014623.476 INFO             PET1 PIOc_sync Enter - MemInfo: [/proc/meminfo - SSI]	Committed_AS:    1802280 kB
20220314 014623.476 INFO             PET1 PIOc_sync Enter - MemInfo: [/proc/meminfo - SSI]	CommittedPercent: 0.341939 %
20220314 014623.476 INFO             PET1 PIOc_sync Enter - MemInfo: [/proc/self/status]	VmPeak:	  183368 kB
20220314 014623.476 INFO             PET1 PIOc_sync Enter - MemInfo: [/proc/self/status]	VmSize:	  183368 kB
20220314 014623.476 INFO             PET1 PIOc_sync Enter - MemInfo: [/proc/self/status]	VmLck:	       0 kB
20220314 014623.476 INFO             PET1 PIOc_sync Enter - MemInfo: [/proc/self/status]	VmPin:	       0 kB
20220314 014623.476 INFO             PET1 PIOc_sync Enter - MemInfo: [/proc/self/status]	VmHWM:	   47444 kB
20220314 014623.476 INFO             PET1 PIOc_sync Enter - MemInfo: [/proc/self/status]	VmRSS:	   47428 kB
20220314 014623.476 INFO             PET1 PIOc_sync Enter - MemInfo: [/proc/self/status]	VmData:	   32276 kB
20220314 014623.476 INFO             PET1 PIOc_sync Enter - MemInfo: [/proc/self/status]	VmStk:	     156 kB
20220314 014623.476 INFO             PET1 PIOc_sync Enter - MemInfo: [/proc/self/status]	VmExe:	     204 kB
20220314 014623.476 INFO             PET1 PIOc_sync Enter - MemInfo: [/proc/self/status]	VmLib:	   77104 kB
20220314 014623.476 INFO             PET1 PIOc_sync Enter - MemInfo: [/proc/self/status]	VmPTE:	     380 kB
20220314 014623.476 INFO             PET1 PIOc_sync Enter - MemInfo: [/proc/self/status]	VmSwap:	       0 kB
20220314 014623.476 INFO             PET1 PIOc_sync Enter - MemInfo: [/proc/self/status]	VmRSSPercent: 0.0089983 %
20220314 014623.476 INFO             PET1 PIOc_sync Enter - MemInfo: [malloc] Non-mmapped space allocated:                26710016 Byte
20220314 014623.476 INFO             PET1 PIOc_sync Enter - MemInfo: [malloc] Space allocated in mmapped regions:          2547712 Byte
20220314 014623.476 INFO             PET1 PIOc_sync Enter - MemInfo: [malloc] Maximum total allocated space:                     0 Byte
20220314 014623.476 INFO             PET1 PIOc_sync Enter - MemInfo: [malloc] Space in freed fastbin blocks:                    48 Byte
20220314 014623.476 INFO             PET1 PIOc_sync Enter - MemInfo: [malloc] Total allocated space:                      11196016 Byte
20220314 014623.476 INFO             PET1 PIOc_sync Enter - MemInfo: [malloc] Total free space:                           15514000 Byte
20220314 014623.476 INFO             PET1 PIOc_sync Enter - MemInfo: [malloc] Top-most, releasable space:                  8523344 Byte
20220314 014623.476 INFO             PET1 PIOc_sync Enter - MemInfo: [malloc] Total space in use, mmap + non-mmap:        13743728 Byte
20220314 014623.476 INFO             PET1 PIOc_sync Enter - MemInfo: [malloc] Total space held (mmap + non-mmap):         29257728 Byte
20220314 014623.476 INFO             PET1 PIOc_sync Enter - MemInfo: [malloc] Total space used (mmap + non-mmap):         13751936 Byte
20220314 014623.476 INFO             PET1 PIOc_sync Enter - MemInfo: Wall-clock time since execution start:               0.116543 seconds
20220314 014623.476 INFO             PET1 PIOc_sync Exit - MemInfo: [/proc/meminfo - SSI]	MemTotal:       527077124 kB
20220314 014623.476 INFO             PET1 PIOc_sync Exit - MemInfo: [/proc/meminfo - SSI]	MemFree:        517952040 kB
20220314 014623.476 INFO             PET1 PIOc_sync Exit - MemInfo: [/proc/meminfo - SSI]	MemAvailable:   517696904 kB
20220314 014623.476 INFO             PET1 PIOc_sync Exit - MemInfo: [/proc/meminfo - SSI]	Committed_AS:    1802280 kB
20220314 014623.476 INFO             PET1 PIOc_sync Exit - MemInfo: [/proc/meminfo - SSI]	CommittedPercent: 0.341939 %
20220314 014623.476 INFO             PET1 PIOc_sync Exit - MemInfo: [/proc/self/status]	VmPeak:	  183368 kB
20220314 014623.476 INFO             PET1 PIOc_sync Exit - MemInfo: [/proc/self/status]	VmSize:	  183368 kB
20220314 014623.476 INFO             PET1 PIOc_sync Exit - MemInfo: [/proc/self/status]	VmLck:	       0 kB
20220314 014623.476 INFO             PET1 PIOc_sync Exit - MemInfo: [/proc/self/status]	VmPin:	       0 kB
20220314 014623.476 INFO             PET1 PIOc_sync Exit - MemInfo: [/proc/self/status]	VmHWM:	   47444 kB
20220314 014623.476 INFO             PET1 PIOc_sync Exit - MemInfo: [/proc/self/status]	VmRSS:	   47428 kB
20220314 014623.476 INFO             PET1 PIOc_sync Exit - MemInfo: [/proc/self/status]	VmData:	   32276 kB
20220314 014623.476 INFO             PET1 PIOc_sync Exit - MemInfo: [/proc/self/status]	VmStk:	     156 kB
20220314 014623.476 INFO             PET1 PIOc_sync Exit - MemInfo: [/proc/self/status]	VmExe:	     204 kB
20220314 014623.476 INFO             PET1 PIOc_sync Exit - MemInfo: [/proc/self/status]	VmLib:	   77104 kB
20220314 014623.476 INFO             PET1 PIOc_sync Exit - MemInfo: [/proc/self/status]	VmPTE:	     380 kB
20220314 014623.476 INFO             PET1 PIOc_sync Exit - MemInfo: [/proc/self/status]	VmSwap:	       0 kB
20220314 014623.476 INFO             PET1 PIOc_sync Exit - MemInfo: [/proc/self/status]	VmRSSPercent: 0.0089983 %
20220314 014623.476 INFO             PET1 PIOc_sync Exit - MemInfo: [malloc] Non-mmapped space allocated:                26710016 Byte
20220314 014623.476 INFO             PET1 PIOc_sync Exit - MemInfo: [malloc] Space allocated in mmapped regions:          2547712 Byte
20220314 014623.476 INFO             PET1 PIOc_sync Exit - MemInfo: [malloc] Maximum total allocated space:                     0 Byte
20220314 014623.476 INFO             PET1 PIOc_sync Exit - MemInfo: [malloc] Space in freed fastbin blocks:                     0 Byte
20220314 014623.476 INFO             PET1 PIOc_sync Exit - MemInfo: [malloc] Total allocated space:                      11196016 Byte
20220314 014623.476 INFO             PET1 PIOc_sync Exit - MemInfo: [malloc] Total free space:                           15514000 Byte
20220314 014623.476 INFO             PET1 PIOc_sync Exit - MemInfo: [malloc] Top-most, releasable space:                  8523344 Byte
20220314 014623.476 INFO             PET1 PIOc_sync Exit - MemInfo: [malloc] Total space in use, mmap + non-mmap:        13743728 Byte
20220314 014623.476 INFO             PET1 PIOc_sync Exit - MemInfo: [malloc] Total space held (mmap + non-mmap):         29257728 Byte
20220314 014623.476 INFO             PET1 PIOc_sync Exit - MemInfo: [malloc] Total space used (mmap + non-mmap):         13751936 Byte
20220314 014623.476 INFO             PET1 PIOc_sync Exit - MemInfo: Wall-clock time since execution start:               0.116774 seconds
20220314 014623.476 INFO             PET1 PIOc_freedecomp Enter - MemInfo: [/proc/meminfo - SSI]	MemTotal:       527077124 kB
20220314 014623.476 INFO             PET1 PIOc_freedecomp Enter - MemInfo: [/proc/meminfo - SSI]	MemFree:        517952040 kB
20220314 014623.476 INFO             PET1 PIOc_freedecomp Enter - MemInfo: [/proc/meminfo - SSI]	MemAvailable:   517696904 kB
20220314 014623.476 INFO             PET1 PIOc_freedecomp Enter - MemInfo: [/proc/meminfo - SSI]	Committed_AS:    1802280 kB
20220314 014623.476 INFO             PET1 PIOc_freedecomp Enter - MemInfo: [/proc/meminfo - SSI]	CommittedPercent: 0.341939 %
20220314 014623.476 INFO             PET1 PIOc_freedecomp Enter - MemInfo: [/proc/self/status]	VmPeak:	  183368 kB
20220314 014623.476 INFO             PET1 PIOc_freedecomp Enter - MemInfo: [/proc/self/status]	VmSize:	  183368 kB
20220314 014623.476 INFO             PET1 PIOc_freedecomp Enter - MemInfo: [/proc/self/status]	VmLck:	       0 kB
20220314 014623.476 INFO             PET1 PIOc_freedecomp Enter - MemInfo: [/proc/self/status]	VmPin:	       0 kB
20220314 014623.476 INFO             PET1 PIOc_freedecomp Enter - MemInfo: [/proc/self/status]	VmHWM:	   47444 kB
20220314 014623.476 INFO             PET1 PIOc_freedecomp Enter - MemInfo: [/proc/self/status]	VmRSS:	   47428 kB
20220314 014623.476 INFO             PET1 PIOc_freedecomp Enter - MemInfo: [/proc/self/status]	VmData:	   32276 kB
20220314 014623.476 INFO             PET1 PIOc_freedecomp Enter - MemInfo: [/proc/self/status]	VmStk:	     156 kB
20220314 014623.476 INFO             PET1 PIOc_freedecomp Enter - MemInfo: [/proc/self/status]	VmExe:	     204 kB
20220314 014623.476 INFO             PET1 PIOc_freedecomp Enter - MemInfo: [/proc/self/status]	VmLib:	   77104 kB
20220314 014623.476 INFO             PET1 PIOc_freedecomp Enter - MemInfo: [/proc/self/status]	VmPTE:	     380 kB
20220314 014623.476 INFO             PET1 PIOc_freedecomp Enter - MemInfo: [/proc/self/status]	VmSwap:	       0 kB
20220314 014623.476 INFO             PET1 PIOc_freedecomp Enter - MemInfo: [/proc/self/status]	VmRSSPercent: 0.0089983 %
20220314 014623.476 INFO             PET1 PIOc_freedecomp Enter - MemInfo: [malloc] Non-mmapped space allocated:                26710016 Byte
20220314 014623.476 INFO             PET1 PIOc_freedecomp Enter - MemInfo: [malloc] Space allocated in mmapped regions:          2547712 Byte
20220314 014623.476 INFO             PET1 PIOc_freedecomp Enter - MemInfo: [malloc] Maximum total allocated space:                     0 Byte
20220314 014623.476 INFO             PET1 PIOc_freedecomp Enter - MemInfo: [malloc] Space in freed fastbin blocks:                     0 Byte
20220314 014623.476 INFO             PET1 PIOc_freedecomp Enter - MemInfo: [malloc] Total allocated space:                      11194528 Byte
20220314 014623.476 INFO             PET1 PIOc_freedecomp Enter - MemInfo: [malloc] Total free space:                           15515488 Byte
20220314 014623.476 INFO             PET1 PIOc_freedecomp Enter - MemInfo: [malloc] Top-most, releasable space:                  8523344 Byte
20220314 014623.476 INFO             PET1 PIOc_freedecomp Enter - MemInfo: [malloc] Total space in use, mmap + non-mmap:        13742240 Byte
20220314 014623.476 INFO             PET1 PIOc_freedecomp Enter - MemInfo: [malloc] Total space held (mmap + non-mmap):         29257728 Byte
20220314 014623.476 INFO             PET1 PIOc_freedecomp Enter - MemInfo: [malloc] Total space used (mmap + non-mmap):         13750448 Byte
20220314 014623.476 INFO             PET1 PIOc_freedecomp Enter - MemInfo: Wall-clock time since execution start:               0.117087 seconds
20220314 014623.476 INFO             PET1 PIOc_freedecomp Exit - MemInfo: [/proc/meminfo - SSI]	MemTotal:       527077124 kB
20220314 014623.476 INFO             PET1 PIOc_freedecomp Exit - MemInfo: [/proc/meminfo - SSI]	MemFree:        517952040 kB
20220314 014623.476 INFO             PET1 PIOc_freedecomp Exit - MemInfo: [/proc/meminfo - SSI]	MemAvailable:   517696904 kB
20220314 014623.476 INFO             PET1 PIOc_freedecomp Exit - MemInfo: [/proc/meminfo - SSI]	Committed_AS:    1802280 kB
20220314 014623.476 INFO             PET1 PIOc_freedecomp Exit - MemInfo: [/proc/meminfo - SSI]	CommittedPercent: 0.341939 %
20220314 014623.476 INFO             PET1 PIOc_freedecomp Exit - MemInfo: [/proc/self/status]	VmPeak:	  183368 kB
20220314 014623.476 INFO             PET1 PIOc_freedecomp Exit - MemInfo: [/proc/self/status]	VmSize:	  183368 kB
20220314 014623.476 INFO             PET1 PIOc_freedecomp Exit - MemInfo: [/proc/self/status]	VmLck:	       0 kB
20220314 014623.476 INFO             PET1 PIOc_freedecomp Exit - MemInfo: [/proc/self/status]	VmPin:	       0 kB
20220314 014623.476 INFO             PET1 PIOc_freedecomp Exit - MemInfo: [/proc/self/status]	VmHWM:	   47444 kB
20220314 014623.476 INFO             PET1 PIOc_freedecomp Exit - MemInfo: [/proc/self/status]	VmRSS:	   47428 kB
20220314 014623.476 INFO             PET1 PIOc_freedecomp Exit - MemInfo: [/proc/self/status]	VmData:	   32276 kB
20220314 014623.476 INFO             PET1 PIOc_freedecomp Exit - MemInfo: [/proc/self/status]	VmStk:	     156 kB
20220314 014623.476 INFO             PET1 PIOc_freedecomp Exit - MemInfo: [/proc/self/status]	VmExe:	     204 kB
20220314 014623.476 INFO             PET1 PIOc_freedecomp Exit - MemInfo: [/proc/self/status]	VmLib:	   77104 kB
20220314 014623.476 INFO             PET1 PIOc_freedecomp Exit - MemInfo: [/proc/self/status]	VmPTE:	     380 kB
20220314 014623.477 INFO             PET1 PIOc_freedecomp Exit - MemInfo: [/proc/self/status]	VmSwap:	       0 kB
20220314 014623.477 INFO             PET1 PIOc_freedecomp Exit - MemInfo: [/proc/self/status]	VmRSSPercent: 0.0089983 %
20220314 014623.477 INFO             PET1 PIOc_freedecomp Exit - MemInfo: [malloc] Non-mmapped space allocated:                26710016 Byte
20220314 014623.477 INFO             PET1 PIOc_freedecomp Exit - MemInfo: [malloc] Space allocated in mmapped regions:          2547712 Byte
20220314 014623.477 INFO             PET1 PIOc_freedecomp Exit - MemInfo: [malloc] Maximum total allocated space:                     0 Byte
20220314 014623.477 INFO             PET1 PIOc_freedecomp Exit - MemInfo: [malloc] Space in freed fastbin blocks:                   368 Byte
20220314 014623.477 INFO             PET1 PIOc_freedecomp Exit - MemInfo: [malloc] Total allocated space:                      11192272 Byte
20220314 014623.477 INFO             PET1 PIOc_freedecomp Exit - MemInfo: [malloc] Total free space:                           15517744 Byte
20220314 014623.477 INFO             PET1 PIOc_freedecomp Exit - MemInfo: [malloc] Top-most, releasable space:                  8523344 Byte
20220314 014623.477 INFO             PET1 PIOc_freedecomp Exit - MemInfo: [malloc] Total space in use, mmap + non-mmap:        13739984 Byte
20220314 014623.477 INFO             PET1 PIOc_freedecomp Exit - MemInfo: [malloc] Total space held (mmap + non-mmap):         29257728 Byte
20220314 014623.477 INFO             PET1 PIOc_freedecomp Exit - MemInfo: [malloc] Total space used (mmap + non-mmap):         13748192 Byte
20220314 014623.477 INFO             PET1 PIOc_freedecomp Exit - MemInfo: Wall-clock time since execution start:               0.117269 seconds
20220314 014623.478 INFO             PET1 PIOc_sync Enter - MemInfo: [/proc/meminfo - SSI]	MemTotal:       527077124 kB
20220314 014623.478 INFO             PET1 PIOc_sync Enter - MemInfo: [/proc/meminfo - SSI]	MemFree:        517951536 kB
20220314 014623.478 INFO             PET1 PIOc_sync Enter - MemInfo: [/proc/meminfo - SSI]	MemAvailable:   517696400 kB
20220314 014623.478 INFO             PET1 PIOc_sync Enter - MemInfo: [/proc/meminfo - SSI]	Committed_AS:    1802280 kB
20220314 014623.478 INFO             PET1 PIOc_sync Enter - MemInfo: [/proc/meminfo - SSI]	CommittedPercent: 0.341939 %
20220314 014623.478 INFO             PET1 PIOc_sync Enter - MemInfo: [/proc/self/status]	VmPeak:	  183368 kB
20220314 014623.478 INFO             PET1 PIOc_sync Enter - MemInfo: [/proc/self/status]	VmSize:	  183368 kB
20220314 014623.478 INFO             PET1 PIOc_sync Enter - MemInfo: [/proc/self/status]	VmLck:	       0 kB
20220314 014623.478 INFO             PET1 PIOc_sync Enter - MemInfo: [/proc/self/status]	VmPin:	       0 kB
20220314 014623.478 INFO             PET1 PIOc_sync Enter - MemInfo: [/proc/self/status]	VmHWM:	   47448 kB
20220314 014623.478 INFO             PET1 PIOc_sync Enter - MemInfo: [/proc/self/status]	VmRSS:	   47432 kB
20220314 014623.478 INFO             PET1 PIOc_sync Enter - MemInfo: [/proc/self/status]	VmData:	   32276 kB
20220314 014623.478 INFO             PET1 PIOc_sync Enter - MemInfo: [/proc/self/status]	VmStk:	     156 kB
20220314 014623.478 INFO             PET1 PIOc_sync Enter - MemInfo: [/proc/self/status]	VmExe:	     204 kB
20220314 014623.478 INFO             PET1 PIOc_sync Enter - MemInfo: [/proc/self/status]	VmLib:	   77104 kB
20220314 014623.478 INFO             PET1 PIOc_sync Enter - MemInfo: [/proc/self/status]	VmPTE:	     380 kB
20220314 014623.478 INFO             PET1 PIOc_sync Enter - MemInfo: [/proc/self/status]	VmSwap:	       0 kB
20220314 014623.478 INFO             PET1 PIOc_sync Enter - MemInfo: [/proc/self/status]	VmRSSPercent: 0.00899906 %
20220314 014623.478 INFO             PET1 PIOc_sync Enter - MemInfo: [malloc] Non-mmapped space allocated:                26710016 Byte
20220314 014623.478 INFO             PET1 PIOc_sync Enter - MemInfo: [malloc] Space allocated in mmapped regions:          2547712 Byte
20220314 014623.478 INFO             PET1 PIOc_sync Enter - MemInfo: [malloc] Maximum total allocated space:                     0 Byte
20220314 014623.478 INFO             PET1 PIOc_sync Enter - MemInfo: [malloc] Space in freed fastbin blocks:                    48 Byte
20220314 014623.478 INFO             PET1 PIOc_sync Enter - MemInfo: [malloc] Total allocated space:                      11195680 Byte
20220314 014623.478 INFO             PET1 PIOc_sync Enter - MemInfo: [malloc] Total free space:                           15514336 Byte
20220314 014623.478 INFO             PET1 PIOc_sync Enter - MemInfo: [malloc] Top-most, releasable space:                  8523344 Byte
20220314 014623.478 INFO             PET1 PIOc_sync Enter - MemInfo: [malloc] Total space in use, mmap + non-mmap:        13743392 Byte
20220314 014623.478 INFO             PET1 PIOc_sync Enter - MemInfo: [malloc] Total space held (mmap + non-mmap):         29257728 Byte
20220314 014623.478 INFO             PET1 PIOc_sync Enter - MemInfo: [malloc] Total space used (mmap + non-mmap):         13751600 Byte
20220314 014623.478 INFO             PET1 PIOc_sync Enter - MemInfo: Wall-clock time since execution start:               0.118506 seconds
20220314 014623.478 INFO             PET1 PIOc_sync Exit - MemInfo: [/proc/meminfo - SSI]	MemTotal:       527077124 kB
20220314 014623.478 INFO             PET1 PIOc_sync Exit - MemInfo: [/proc/meminfo - SSI]	MemFree:        517951536 kB
20220314 014623.478 INFO             PET1 PIOc_sync Exit - MemInfo: [/proc/meminfo - SSI]	MemAvailable:   517696400 kB
20220314 014623.478 INFO             PET1 PIOc_sync Exit - MemInfo: [/proc/meminfo - SSI]	Committed_AS:    1802280 kB
20220314 014623.478 INFO             PET1 PIOc_sync Exit - MemInfo: [/proc/meminfo - SSI]	CommittedPercent: 0.341939 %
20220314 014623.478 INFO             PET1 PIOc_sync Exit - MemInfo: [/proc/self/status]	VmPeak:	  183368 kB
20220314 014623.478 INFO             PET1 PIOc_sync Exit - MemInfo: [/proc/self/status]	VmSize:	  183368 kB
20220314 014623.478 INFO             PET1 PIOc_sync Exit - MemInfo: [/proc/self/status]	VmLck:	       0 kB
20220314 014623.478 INFO             PET1 PIOc_sync Exit - MemInfo: [/proc/self/status]	VmPin:	       0 kB
20220314 014623.478 INFO             PET1 PIOc_sync Exit - MemInfo: [/proc/self/status]	VmHWM:	   47448 kB
20220314 014623.478 INFO             PET1 PIOc_sync Exit - MemInfo: [/proc/self/status]	VmRSS:	   47432 kB
20220314 014623.478 INFO             PET1 PIOc_sync Exit - MemInfo: [/proc/self/status]	VmData:	   32276 kB
20220314 014623.478 INFO             PET1 PIOc_sync Exit - MemInfo: [/proc/self/status]	VmStk:	     156 kB
20220314 014623.478 INFO             PET1 PIOc_sync Exit - MemInfo: [/proc/self/status]	VmExe:	     204 kB
20220314 014623.478 INFO             PET1 PIOc_sync Exit - MemInfo: [/proc/self/status]	VmLib:	   77104 kB
20220314 014623.478 INFO             PET1 PIOc_sync Exit - MemInfo: [/proc/self/status]	VmPTE:	     380 kB
20220314 014623.478 INFO             PET1 PIOc_sync Exit - MemInfo: [/proc/self/status]	VmSwap:	       0 kB
20220314 014623.478 INFO             PET1 PIOc_sync Exit - MemInfo: [/proc/self/status]	VmRSSPercent: 0.00899906 %
20220314 014623.478 INFO             PET1 PIOc_sync Exit - MemInfo: [malloc] Non-mmapped space allocated:                26710016 Byte
20220314 014623.478 INFO             PET1 PIOc_sync Exit - MemInfo: [malloc] Space allocated in mmapped regions:          2547712 Byte
20220314 014623.478 INFO             PET1 PIOc_sync Exit - MemInfo: [malloc] Maximum total allocated space:                     0 Byte
20220314 014623.478 INFO             PET1 PIOc_sync Exit - MemInfo: [malloc] Space in freed fastbin blocks:                     0 Byte
20220314 014623.478 INFO             PET1 PIOc_sync Exit - MemInfo: [malloc] Total allocated space:                      11195680 Byte
20220314 014623.478 INFO             PET1 PIOc_sync Exit - MemInfo: [malloc] Total free space:                           15514336 Byte
20220314 014623.478 INFO             PET1 PIOc_sync Exit - MemInfo: [malloc] Top-most, releasable space:                  8523344 Byte
20220314 014623.478 INFO             PET1 PIOc_sync Exit - MemInfo: [malloc] Total space in use, mmap + non-mmap:        13743392 Byte
20220314 014623.478 INFO             PET1 PIOc_sync Exit - MemInfo: [malloc] Total space held (mmap + non-mmap):         29257728 Byte
20220314 014623.478 INFO             PET1 PIOc_sync Exit - MemInfo: [malloc] Total space used (mmap + non-mmap):         13751600 Byte
20220314 014623.478 INFO             PET1 PIOc_sync Exit - MemInfo: Wall-clock time since execution start:               0.118751 seconds
20220314 014623.478 INFO             PET1 PIOc_freedecomp Enter - MemInfo: [/proc/meminfo - SSI]	MemTotal:       527077124 kB
20220314 014623.478 INFO             PET1 PIOc_freedecomp Enter - MemInfo: [/proc/meminfo - SSI]	MemFree:        517951536 kB
20220314 014623.478 INFO             PET1 PIOc_freedecomp Enter - MemInfo: [/proc/meminfo - SSI]	MemAvailable:   517696400 kB
20220314 014623.478 INFO             PET1 PIOc_freedecomp Enter - MemInfo: [/proc/meminfo - SSI]	Committed_AS:    1802280 kB
20220314 014623.478 INFO             PET1 PIOc_freedecomp Enter - MemInfo: [/proc/meminfo - SSI]	CommittedPercent: 0.341939 %
20220314 014623.478 INFO             PET1 PIOc_freedecomp Enter - MemInfo: [/proc/self/status]	VmPeak:	  183368 kB
20220314 014623.478 INFO             PET1 PIOc_freedecomp Enter - MemInfo: [/proc/self/status]	VmSize:	  183368 kB
20220314 014623.478 INFO             PET1 PIOc_freedecomp Enter - MemInfo: [/proc/self/status]	VmLck:	       0 kB
20220314 014623.478 INFO             PET1 PIOc_freedecomp Enter - MemInfo: [/proc/self/status]	VmPin:	       0 kB
20220314 014623.478 INFO             PET1 PIOc_freedecomp Enter - MemInfo: [/proc/self/status]	VmHWM:	   47448 kB
20220314 014623.478 INFO             PET1 PIOc_freedecomp Enter - MemInfo: [/proc/self/status]	VmRSS:	   47432 kB
20220314 014623.478 INFO             PET1 PIOc_freedecomp Enter - MemInfo: [/proc/self/status]	VmData:	   32276 kB
20220314 014623.478 INFO             PET1 PIOc_freedecomp Enter - MemInfo: [/proc/self/status]	VmStk:	     156 kB
20220314 014623.478 INFO             PET1 PIOc_freedecomp Enter - MemInfo: [/proc/self/status]	VmExe:	     204 kB
20220314 014623.478 INFO             PET1 PIOc_freedecomp Enter - MemInfo: [/proc/self/status]	VmLib:	   77104 kB
20220314 014623.478 INFO             PET1 PIOc_freedecomp Enter - MemInfo: [/proc/self/status]	VmPTE:	     380 kB
20220314 014623.478 INFO             PET1 PIOc_freedecomp Enter - MemInfo: [/proc/self/status]	VmSwap:	       0 kB
20220314 014623.478 INFO             PET1 PIOc_freedecomp Enter - MemInfo: [/proc/self/status]	VmRSSPercent: 0.00899906 %
20220314 014623.478 INFO             PET1 PIOc_freedecomp Enter - MemInfo: [malloc] Non-mmapped space allocated:                26710016 Byte
20220314 014623.478 INFO             PET1 PIOc_freedecomp Enter - MemInfo: [malloc] Space allocated in mmapped regions:          2547712 Byte
20220314 014623.478 INFO             PET1 PIOc_freedecomp Enter - MemInfo: [malloc] Maximum total allocated space:                     0 Byte
20220314 014623.478 INFO             PET1 PIOc_freedecomp Enter - MemInfo: [malloc] Space in freed fastbin blocks:                     0 Byte
20220314 014623.478 INFO             PET1 PIOc_freedecomp Enter - MemInfo: [malloc] Total allocated space:                      11194560 Byte
20220314 014623.478 INFO             PET1 PIOc_freedecomp Enter - MemInfo: [malloc] Total free space:                           15515456 Byte
20220314 014623.478 INFO             PET1 PIOc_freedecomp Enter - MemInfo: [malloc] Top-most, releasable space:                  8523344 Byte
20220314 014623.478 INFO             PET1 PIOc_freedecomp Enter - MemInfo: [malloc] Total space in use, mmap + non-mmap:        13742272 Byte
20220314 014623.478 INFO             PET1 PIOc_freedecomp Enter - MemInfo: [malloc] Total space held (mmap + non-mmap):         29257728 Byte
20220314 014623.478 INFO             PET1 PIOc_freedecomp Enter - MemInfo: [malloc] Total space used (mmap + non-mmap):         13750480 Byte
20220314 014623.478 INFO             PET1 PIOc_freedecomp Enter - MemInfo: Wall-clock time since execution start:               0.119041 seconds
20220314 014623.478 INFO             PET1 PIOc_freedecomp Exit - MemInfo: [/proc/meminfo - SSI]	MemTotal:       527077124 kB
20220314 014623.478 INFO             PET1 PIOc_freedecomp Exit - MemInfo: [/proc/meminfo - SSI]	MemFree:        517951536 kB
20220314 014623.478 INFO             PET1 PIOc_freedecomp Exit - MemInfo: [/proc/meminfo - SSI]	MemAvailable:   517696400 kB
20220314 014623.478 INFO             PET1 PIOc_freedecomp Exit - MemInfo: [/proc/meminfo - SSI]	Committed_AS:    1802280 kB
20220314 014623.478 INFO             PET1 PIOc_freedecomp Exit - MemInfo: [/proc/meminfo - SSI]	CommittedPercent: 0.341939 %
20220314 014623.478 INFO             PET1 PIOc_freedecomp Exit - MemInfo: [/proc/self/status]	VmPeak:	  183368 kB
20220314 014623.478 INFO             PET1 PIOc_freedecomp Exit - MemInfo: [/proc/self/status]	VmSize:	  183368 kB
20220314 014623.478 INFO             PET1 PIOc_freedecomp Exit - MemInfo: [/proc/self/status]	VmLck:	       0 kB
20220314 014623.478 INFO             PET1 PIOc_freedecomp Exit - MemInfo: [/proc/self/status]	VmPin:	       0 kB
20220314 014623.478 INFO             PET1 PIOc_freedecomp Exit - MemInfo: [/proc/self/status]	VmHWM:	   47448 kB
20220314 014623.478 INFO             PET1 PIOc_freedecomp Exit - MemInfo: [/proc/self/status]	VmRSS:	   47432 kB
20220314 014623.478 INFO             PET1 PIOc_freedecomp Exit - MemInfo: [/proc/self/status]	VmData:	   32276 kB
20220314 014623.478 INFO             PET1 PIOc_freedecomp Exit - MemInfo: [/proc/self/status]	VmStk:	     156 kB
20220314 014623.478 INFO             PET1 PIOc_freedecomp Exit - MemInfo: [/proc/self/status]	VmExe:	     204 kB
20220314 014623.478 INFO             PET1 PIOc_freedecomp Exit - MemInfo: [/proc/self/status]	VmLib:	   77104 kB
20220314 014623.478 INFO             PET1 PIOc_freedecomp Exit - MemInfo: [/proc/self/status]	VmPTE:	     380 kB
20220314 014623.478 INFO             PET1 PIOc_freedecomp Exit - MemInfo: [/proc/self/status]	VmSwap:	       0 kB
20220314 014623.478 INFO             PET1 PIOc_freedecomp Exit - MemInfo: [/proc/self/status]	VmRSSPercent: 0.00899906 %
20220314 014623.478 INFO             PET1 PIOc_freedecomp Exit - MemInfo: [malloc] Non-mmapped space allocated:                26710016 Byte
20220314 014623.478 INFO             PET1 PIOc_freedecomp Exit - MemInfo: [malloc] Space allocated in mmapped regions:          2547712 Byte
20220314 014623.478 INFO             PET1 PIOc_freedecomp Exit - MemInfo: [malloc] Maximum total allocated space:                     0 Byte
20220314 014623.478 INFO             PET1 PIOc_freedecomp Exit - MemInfo: [malloc] Space in freed fastbin blocks:                   384 Byte
20220314 014623.478 INFO             PET1 PIOc_freedecomp Exit - MemInfo: [malloc] Total allocated space:                      11192288 Byte
20220314 014623.478 INFO             PET1 PIOc_freedecomp Exit - MemInfo: [malloc] Total free space:                           15517728 Byte
20220314 014623.478 INFO             PET1 PIOc_freedecomp Exit - MemInfo: [malloc] Top-most, releasable space:                  8523344 Byte
20220314 014623.478 INFO             PET1 PIOc_freedecomp Exit - MemInfo: [malloc] Total space in use, mmap + non-mmap:        13740000 Byte
20220314 014623.479 INFO             PET1 PIOc_freedecomp Exit - MemInfo: [malloc] Total space held (mmap + non-mmap):         29257728 Byte
20220314 014623.479 INFO             PET1 PIOc_freedecomp Exit - MemInfo: [malloc] Total space used (mmap + non-mmap):         13748208 Byte
20220314 014623.479 INFO             PET1 PIOc_freedecomp Exit - MemInfo: Wall-clock time since execution start:                0.11921 seconds
20220314 014623.480 INFO             PET1  PASS  ESMF_FieldRegridStoreFromFile Unit Test, ESMF_FieldSMMFromFileUTest.F90, line 315
20220314 014623.480 INFO             PET1  Ending Test, file ESMF_FieldSMMFromFileUTest.F90, line 322
20220314 014623.480 INFO             PET1 Finalizing ESMF
20220314 014623.361 INFO             PET2 !!!!!!!!!!!!!!!!!!!!!!!!!!!!!!!!!!!!!!!!!!!!!!!!!!!!!!
20220314 014623.361 INFO             PET2 !!! THE ESMF_LOG IS SET TO OUTPUT ALL LOG MESSAGES !!!
20220314 014623.361 INFO             PET2 !!!     THIS MAY CAUSE SLOWDOWN IN PERFORMANCE     !!!
20220314 014623.361 INFO             PET2 !!! FOR PRODUCTION RUNS, USE:                      !!!
20220314 014623.361 INFO             PET2 !!!                   ESMF_LOGKIND_Multi_On_Error  !!!
20220314 014623.361 INFO             PET2 !!!!!!!!!!!!!!!!!!!!!!!!!!!!!!!!!!!!!!!!!!!!!!!!!!!!!!
20220314 014623.361 INFO             PET2 Running with ESMF Version   : v8.3.0b09-96-g559b459836
20220314 014623.361 INFO             PET2 ESMF library build date/time: "Mar 14 2022" "01:37:45"
20220314 014623.361 INFO             PET2 ESMF library build location : /lfs/h1/emc/ptmp/Mark.Potts/gfortran_10.3.0_mpich3_O_jedwards_pio_update2
20220314 014623.361 INFO             PET2 ESMF_COMM                   : mpich3
20220314 014623.361 INFO             PET2 ESMF_MOAB                   : enabled
20220314 014623.361 INFO             PET2 ESMF_LAPACK                 : enabled
20220314 014623.361 INFO             PET2 ESMF_NETCDF                 : enabled
20220314 014623.361 INFO             PET2 ESMF_PNETCDF                : disabled
20220314 014623.361 INFO             PET2 ESMF_PIO                    : enabled
20220314 014623.361 INFO             PET2 ESMF_YAMLCPP                : enabled
20220314 014623.362 INFO             PET2  Beginning Test, file ESMF_FieldSMMFromFileUTest.F90, line 287
20220314 014623.362 INFO             PET2  NUMBER_OF_PROCESSORS           4
20220314 014623.467 INFO             PET2  PASS  ESMF_FieldSMMFromFile Unit Test, ESMF_FieldSMMFromFileUTest.F90, line 300
20220314 014623.473 INFO             PET2 PIOc_sync Enter - MemInfo: [/proc/meminfo - SSI]	MemTotal:       527077124 kB
20220314 014623.473 INFO             PET2 PIOc_sync Enter - MemInfo: [/proc/meminfo - SSI]	MemFree:        517952040 kB
20220314 014623.473 INFO             PET2 PIOc_sync Enter - MemInfo: [/proc/meminfo - SSI]	MemAvailable:   517696904 kB
20220314 014623.473 INFO             PET2 PIOc_sync Enter - MemInfo: [/proc/meminfo - SSI]	Committed_AS:    1802280 kB
20220314 014623.473 INFO             PET2 PIOc_sync Enter - MemInfo: [/proc/meminfo - SSI]	CommittedPercent: 0.341939 %
20220314 014623.473 INFO             PET2 PIOc_sync Enter - MemInfo: [/proc/self/status]	VmPeak:	  178264 kB
20220314 014623.473 INFO             PET2 PIOc_sync Enter - MemInfo: [/proc/self/status]	VmSize:	  178264 kB
20220314 014623.473 INFO             PET2 PIOc_sync Enter - MemInfo: [/proc/self/status]	VmLck:	       0 kB
20220314 014623.473 INFO             PET2 PIOc_sync Enter - MemInfo: [/proc/self/status]	VmPin:	       0 kB
20220314 014623.474 INFO             PET2 PIOc_sync Enter - MemInfo: [/proc/self/status]	VmHWM:	   41924 kB
20220314 014623.474 INFO             PET2 PIOc_sync Enter - MemInfo: [/proc/self/status]	VmRSS:	   41924 kB
20220314 014623.474 INFO             PET2 PIOc_sync Enter - MemInfo: [/proc/self/status]	VmData:	   27172 kB
20220314 014623.474 INFO             PET2 PIOc_sync Enter - MemInfo: [/proc/self/status]	VmStk:	     156 kB
20220314 014623.474 INFO             PET2 PIOc_sync Enter - MemInfo: [/proc/self/status]	VmExe:	     204 kB
20220314 014623.474 INFO             PET2 PIOc_sync Enter - MemInfo: [/proc/self/status]	VmLib:	   77104 kB
20220314 014623.474 INFO             PET2 PIOc_sync Enter - MemInfo: [/proc/self/status]	VmPTE:	     356 kB
20220314 014623.474 INFO             PET2 PIOc_sync Enter - MemInfo: [/proc/self/status]	VmSwap:	       0 kB
20220314 014623.474 INFO             PET2 PIOc_sync Enter - MemInfo: [/proc/self/status]	VmRSSPercent: 0.00795405 %
20220314 014623.474 INFO             PET2 PIOc_sync Enter - MemInfo: [malloc] Non-mmapped space allocated:                21483520 Byte
20220314 014623.474 INFO             PET2 PIOc_sync Enter - MemInfo: [malloc] Space allocated in mmapped regions:          2547712 Byte
20220314 014623.474 INFO             PET2 PIOc_sync Enter - MemInfo: [malloc] Maximum total allocated space:                     0 Byte
20220314 014623.474 INFO             PET2 PIOc_sync Enter - MemInfo: [malloc] Space in freed fastbin blocks:                    48 Byte
20220314 014623.474 INFO             PET2 PIOc_sync Enter - MemInfo: [malloc] Total allocated space:                      11190464 Byte
20220314 014623.474 INFO             PET2 PIOc_sync Enter - MemInfo: [malloc] Total free space:                           10293056 Byte
20220314 014623.474 INFO             PET2 PIOc_sync Enter - MemInfo: [malloc] Top-most, releasable space:                  7734208 Byte
20220314 014623.474 INFO             PET2 PIOc_sync Enter - MemInfo: [malloc] Total space in use, mmap + non-mmap:        13738176 Byte
20220314 014623.474 INFO             PET2 PIOc_sync Enter - MemInfo: [malloc] Total space held (mmap + non-mmap):         24031232 Byte
20220314 014623.474 INFO             PET2 PIOc_sync Enter - MemInfo: [malloc] Total space used (mmap + non-mmap):         13746384 Byte
20220314 014623.474 INFO             PET2 PIOc_sync Enter - MemInfo: Wall-clock time since execution start:               0.114345 seconds
20220314 014623.474 INFO             PET2 PIOc_sync Exit - MemInfo: [/proc/meminfo - SSI]	MemTotal:       527077124 kB
20220314 014623.474 INFO             PET2 PIOc_sync Exit - MemInfo: [/proc/meminfo - SSI]	MemFree:        517952040 kB
20220314 014623.474 INFO             PET2 PIOc_sync Exit - MemInfo: [/proc/meminfo - SSI]	MemAvailable:   517696904 kB
20220314 014623.474 INFO             PET2 PIOc_sync Exit - MemInfo: [/proc/meminfo - SSI]	Committed_AS:    1802280 kB
20220314 014623.474 INFO             PET2 PIOc_sync Exit - MemInfo: [/proc/meminfo - SSI]	CommittedPercent: 0.341939 %
20220314 014623.474 INFO             PET2 PIOc_sync Exit - MemInfo: [/proc/self/status]	VmPeak:	  178264 kB
20220314 014623.474 INFO             PET2 PIOc_sync Exit - MemInfo: [/proc/self/status]	VmSize:	  178264 kB
20220314 014623.474 INFO             PET2 PIOc_sync Exit - MemInfo: [/proc/self/status]	VmLck:	       0 kB
20220314 014623.474 INFO             PET2 PIOc_sync Exit - MemInfo: [/proc/self/status]	VmPin:	       0 kB
20220314 014623.474 INFO             PET2 PIOc_sync Exit - MemInfo: [/proc/self/status]	VmHWM:	   41924 kB
20220314 014623.474 INFO             PET2 PIOc_sync Exit - MemInfo: [/proc/self/status]	VmRSS:	   41924 kB
20220314 014623.474 INFO             PET2 PIOc_sync Exit - MemInfo: [/proc/self/status]	VmData:	   27172 kB
20220314 014623.474 INFO             PET2 PIOc_sync Exit - MemInfo: [/proc/self/status]	VmStk:	     156 kB
20220314 014623.474 INFO             PET2 PIOc_sync Exit - MemInfo: [/proc/self/status]	VmExe:	     204 kB
20220314 014623.474 INFO             PET2 PIOc_sync Exit - MemInfo: [/proc/self/status]	VmLib:	   77104 kB
20220314 014623.474 INFO             PET2 PIOc_sync Exit - MemInfo: [/proc/self/status]	VmPTE:	     356 kB
20220314 014623.474 INFO             PET2 PIOc_sync Exit - MemInfo: [/proc/self/status]	VmSwap:	       0 kB
20220314 014623.474 INFO             PET2 PIOc_sync Exit - MemInfo: [/proc/self/status]	VmRSSPercent: 0.00795405 %
20220314 014623.474 INFO             PET2 PIOc_sync Exit - MemInfo: [malloc] Non-mmapped space allocated:                21483520 Byte
20220314 014623.474 INFO             PET2 PIOc_sync Exit - MemInfo: [malloc] Space allocated in mmapped regions:          2547712 Byte
20220314 014623.474 INFO             PET2 PIOc_sync Exit - MemInfo: [malloc] Maximum total allocated space:                     0 Byte
20220314 014623.474 INFO             PET2 PIOc_sync Exit - MemInfo: [malloc] Space in freed fastbin blocks:                     0 Byte
20220314 014623.474 INFO             PET2 PIOc_sync Exit - MemInfo: [malloc] Total allocated space:                      11190688 Byte
20220314 014623.474 INFO             PET2 PIOc_sync Exit - MemInfo: [malloc] Total free space:                           10292832 Byte
20220314 014623.474 INFO             PET2 PIOc_sync Exit - MemInfo: [malloc] Top-most, releasable space:                  7734208 Byte
20220314 014623.474 INFO             PET2 PIOc_sync Exit - MemInfo: [malloc] Total space in use, mmap + non-mmap:        13738400 Byte
20220314 014623.474 INFO             PET2 PIOc_sync Exit - MemInfo: [malloc] Total space held (mmap + non-mmap):         24031232 Byte
20220314 014623.474 INFO             PET2 PIOc_sync Exit - MemInfo: [malloc] Total space used (mmap + non-mmap):         13746608 Byte
20220314 014623.474 INFO             PET2 PIOc_sync Exit - MemInfo: Wall-clock time since execution start:                0.11463 seconds
20220314 014623.474 INFO             PET2 PIOc_freedecomp Enter - MemInfo: [/proc/meminfo - SSI]	MemTotal:       527077124 kB
20220314 014623.474 INFO             PET2 PIOc_freedecomp Enter - MemInfo: [/proc/meminfo - SSI]	MemFree:        517952040 kB
20220314 014623.474 INFO             PET2 PIOc_freedecomp Enter - MemInfo: [/proc/meminfo - SSI]	MemAvailable:   517696904 kB
20220314 014623.474 INFO             PET2 PIOc_freedecomp Enter - MemInfo: [/proc/meminfo - SSI]	Committed_AS:    1802280 kB
20220314 014623.474 INFO             PET2 PIOc_freedecomp Enter - MemInfo: [/proc/meminfo - SSI]	CommittedPercent: 0.341939 %
20220314 014623.474 INFO             PET2 PIOc_freedecomp Enter - MemInfo: [/proc/self/status]	VmPeak:	  178264 kB
20220314 014623.474 INFO             PET2 PIOc_freedecomp Enter - MemInfo: [/proc/self/status]	VmSize:	  178264 kB
