build time -- 2022-03-12 06:04:16.174927
20220312 061618.599 INFO             PET0 !!!!!!!!!!!!!!!!!!!!!!!!!!!!!!!!!!!!!!!!!!!!!!!!!!!!!!
20220312 061618.599 INFO             PET0 !!! THE ESMF_LOG IS SET TO OUTPUT ALL LOG MESSAGES !!!
20220312 061618.599 INFO             PET0 !!!     THIS MAY CAUSE SLOWDOWN IN PERFORMANCE     !!!
20220312 061618.599 INFO             PET0 !!! FOR PRODUCTION RUNS, USE:                      !!!
20220312 061618.599 INFO             PET0 !!!                   ESMF_LOGKIND_Multi_On_Error  !!!
20220312 061618.599 INFO             PET0 !!!!!!!!!!!!!!!!!!!!!!!!!!!!!!!!!!!!!!!!!!!!!!!!!!!!!!
20220312 061618.599 INFO             PET0 Running with ESMF Version   : v8.3.0b09-96-g559b459836
20220312 061618.599 INFO             PET0 ESMF library build date/time: "Mar 12 2022" "06:02:22"
20220312 061618.599 INFO             PET0 ESMF library build location : /glade/scratch/rlong/esmf-testing/gfortran_10.1.0_mpt_O_jedwards_pio_update2
20220312 061618.599 INFO             PET0 ESMF_COMM                   : mpt
20220312 061618.599 INFO             PET0 ESMF_MOAB                   : enabled
20220312 061618.599 INFO             PET0 ESMF_LAPACK                 : enabled
20220312 061618.599 INFO             PET0 ESMF_NETCDF                 : enabled
20220312 061618.599 INFO             PET0 ESMF_PNETCDF                : disabled
20220312 061618.599 INFO             PET0 ESMF_PIO                    : enabled
20220312 061618.599 INFO             PET0 ESMF_YAMLCPP                : enabled
20220312 061618.599 INFO             PET0 Beginning Test, file ESMC_FieldSMMFromFileUTest.C, line 41
20220312 061618.599 INFO             PET0 Beginning Test, file ESMC_FieldSMMFromFileUTest.C, line 41NUMBER_OF_PROCESSORS 4
20220312 061618.615 INFO             PET0 PIOc_sync Enter - MemInfo: [/proc/meminfo - SSI]	MemTotal:       65507008 kB
20220312 061618.615 INFO             PET0 PIOc_sync Enter - MemInfo: [/proc/meminfo - SSI]	MemFree:        49857732 kB
20220312 061618.615 INFO             PET0 PIOc_sync Enter - MemInfo: [/proc/meminfo - SSI]	MemAvailable:   49613908 kB
20220312 061618.615 INFO             PET0 PIOc_sync Enter - MemInfo: [/proc/meminfo - SSI]	Committed_AS:   13181056 kB
20220312 061618.615 INFO             PET0 PIOc_sync Enter - MemInfo: [/proc/meminfo - SSI]	CommittedPercent: 20.1216 %
20220312 061618.615 INFO             PET0 PIOc_sync Enter - MemInfo: [/proc/self/status]	VmPeak:	  132368 kB
20220312 061618.615 INFO             PET0 PIOc_sync Enter - MemInfo: [/proc/self/status]	VmSize:	  132368 kB
20220312 061618.615 INFO             PET0 PIOc_sync Enter - MemInfo: [/proc/self/status]	VmLck:	       0 kB
20220312 061618.615 INFO             PET0 PIOc_sync Enter - MemInfo: [/proc/self/status]	VmPin:	       0 kB
20220312 061618.615 INFO             PET0 PIOc_sync Enter - MemInfo: [/proc/self/status]	VmHWM:	   31136 kB
20220312 061618.615 INFO             PET0 PIOc_sync Enter - MemInfo: [/proc/self/status]	VmRSS:	   31136 kB
20220312 061618.615 INFO             PET0 PIOc_sync Enter - MemInfo: [/proc/self/status]	VmData:	   39080 kB
20220312 061618.615 INFO             PET0 PIOc_sync Enter - MemInfo: [/proc/self/status]	VmStk:	     144 kB
20220312 061618.615 INFO             PET0 PIOc_sync Enter - MemInfo: [/proc/self/status]	VmExe:	     192 kB
20220312 061618.615 INFO             PET0 PIOc_sync Enter - MemInfo: [/proc/self/status]	VmLib:	   39524 kB
20220312 061618.615 INFO             PET0 PIOc_sync Enter - MemInfo: [/proc/self/status]	VmPTE:	     252 kB
20220312 061618.615 INFO             PET0 PIOc_sync Enter - MemInfo: [/proc/self/status]	VmPMD:	      12 kB
20220312 061618.615 INFO             PET0 PIOc_sync Enter - MemInfo: [/proc/self/status]	VmSwap:	       0 kB
20220312 061618.615 INFO             PET0 PIOc_sync Enter - MemInfo: [/proc/self/status]	VmRSSPercent: 0.0475308 %
20220312 061618.615 INFO             PET0 PIOc_sync Enter - MemInfo: [malloc] Non-mmapped space allocated:                36614144 Byte
20220312 061618.615 INFO             PET0 PIOc_sync Enter - MemInfo: [malloc] Space allocated in mmapped regions:                0 Byte
20220312 061618.618 INFO             PET0 PIOc_sync Enter - MemInfo: [malloc] Maximum total allocated space:                     0 Byte
20220312 061618.618 INFO             PET0 PIOc_sync Enter - MemInfo: [malloc] Space in freed fastbin blocks:                   704 Byte
20220312 061618.618 INFO             PET0 PIOc_sync Enter - MemInfo: [malloc] Total allocated space:                      36497680 Byte
20220312 061618.618 INFO             PET0 PIOc_sync Enter - MemInfo: [malloc] Total free space:                             116464 Byte
20220312 061618.618 INFO             PET0 PIOc_sync Enter - MemInfo: [malloc] Top-most, releasable space:                   115088 Byte
20220312 061618.618 INFO             PET0 PIOc_sync Enter - MemInfo: [malloc] Total space in use, mmap + non-mmap:        36497680 Byte
20220312 061618.618 INFO             PET0 PIOc_sync Enter - MemInfo: [malloc] Total space held (mmap + non-mmap):         36614144 Byte
20220312 061618.618 INFO             PET0 PIOc_sync Enter - MemInfo: [malloc] Total space used (mmap + non-mmap):         36507008 Byte
20220312 061618.618 INFO             PET0 PIOc_sync Enter - MemInfo: Wall-clock time since execution start:              0.0199933 seconds
20220312 061618.618 INFO             PET0 PIOc_sync Exit - MemInfo: [/proc/meminfo - SSI]	MemTotal:       65507008 kB
20220312 061618.618 INFO             PET0 PIOc_sync Exit - MemInfo: [/proc/meminfo - SSI]	MemFree:        49857732 kB
20220312 061618.618 INFO             PET0 PIOc_sync Exit - MemInfo: [/proc/meminfo - SSI]	MemAvailable:   49613908 kB
20220312 061618.618 INFO             PET0 PIOc_sync Exit - MemInfo: [/proc/meminfo - SSI]	Committed_AS:   13181056 kB
20220312 061618.618 INFO             PET0 PIOc_sync Exit - MemInfo: [/proc/meminfo - SSI]	CommittedPercent: 20.1216 %
20220312 061618.618 INFO             PET0 PIOc_sync Exit - MemInfo: [/proc/self/status]	VmPeak:	  132368 kB
20220312 061618.618 INFO             PET0 PIOc_sync Exit - MemInfo: [/proc/self/status]	VmSize:	  132368 kB
20220312 061618.618 INFO             PET0 PIOc_sync Exit - MemInfo: [/proc/self/status]	VmLck:	       0 kB
20220312 061618.618 INFO             PET0 PIOc_sync Exit - MemInfo: [/proc/self/status]	VmPin:	       0 kB
20220312 061618.618 INFO             PET0 PIOc_sync Exit - MemInfo: [/proc/self/status]	VmHWM:	   31240 kB
20220312 061618.619 INFO             PET0 PIOc_sync Exit - MemInfo: [/proc/self/status]	VmRSS:	   31240 kB
20220312 061618.619 INFO             PET0 PIOc_sync Exit - MemInfo: [/proc/self/status]	VmData:	   39080 kB
20220312 061618.619 INFO             PET0 PIOc_sync Exit - MemInfo: [/proc/self/status]	VmStk:	     144 kB
20220312 061618.619 INFO             PET0 PIOc_sync Exit - MemInfo: [/proc/self/status]	VmExe:	     192 kB
20220312 061618.619 INFO             PET0 PIOc_sync Exit - MemInfo: [/proc/self/status]	VmLib:	   39524 kB
20220312 061618.619 INFO             PET0 PIOc_sync Exit - MemInfo: [/proc/self/status]	VmPTE:	     252 kB
20220312 061618.619 INFO             PET0 PIOc_sync Exit - MemInfo: [/proc/self/status]	VmPMD:	      12 kB
20220312 061618.619 INFO             PET0 PIOc_sync Exit - MemInfo: [/proc/self/status]	VmSwap:	       0 kB
20220312 061618.619 INFO             PET0 PIOc_sync Exit - MemInfo: [/proc/self/status]	VmRSSPercent: 0.0476896 %
20220312 061618.619 INFO             PET0 PIOc_sync Exit - MemInfo: [malloc] Non-mmapped space allocated:                36614144 Byte
20220312 061618.619 INFO             PET0 PIOc_sync Exit - MemInfo: [malloc] Space allocated in mmapped regions:                0 Byte
20220312 061618.619 INFO             PET0 PIOc_sync Exit - MemInfo: [malloc] Maximum total allocated space:                     0 Byte
20220312 061618.619 INFO             PET0 PIOc_sync Exit - MemInfo: [malloc] Space in freed fastbin blocks:                   864 Byte
20220312 061618.619 INFO             PET0 PIOc_sync Exit - MemInfo: [malloc] Total allocated space:                      36496624 Byte
20220312 061618.619 INFO             PET0 PIOc_sync Exit - MemInfo: [malloc] Total free space:                             117520 Byte
20220312 061618.619 INFO             PET0 PIOc_sync Exit - MemInfo: [malloc] Top-most, releasable space:                   115808 Byte
20220312 061618.619 INFO             PET0 PIOc_sync Exit - MemInfo: [malloc] Total space in use, mmap + non-mmap:        36496624 Byte
20220312 061618.619 INFO             PET0 PIOc_sync Exit - MemInfo: [malloc] Total space held (mmap + non-mmap):         36614144 Byte
20220312 061618.619 INFO             PET0 PIOc_sync Exit - MemInfo: [malloc] Total space used (mmap + non-mmap):         36505952 Byte
20220312 061618.619 INFO             PET0 PIOc_sync Exit - MemInfo: Wall-clock time since execution start:              0.0204394 seconds
20220312 061618.619 INFO             PET0 PIOc_freedecomp Enter - MemInfo: [/proc/meminfo - SSI]	MemTotal:       65507008 kB
20220312 061618.619 INFO             PET0 PIOc_freedecomp Enter - MemInfo: [/proc/meminfo - SSI]	MemFree:        49857732 kB
20220312 061618.619 INFO             PET0 PIOc_freedecomp Enter - MemInfo: [/proc/meminfo - SSI]	MemAvailable:   49613908 kB
20220312 061618.619 INFO             PET0 PIOc_freedecomp Enter - MemInfo: [/proc/meminfo - SSI]	Committed_AS:   13181056 kB
20220312 061618.619 INFO             PET0 PIOc_freedecomp Enter - MemInfo: [/proc/meminfo - SSI]	CommittedPercent: 20.1216 %
20220312 061618.619 INFO             PET0 PIOc_freedecomp Enter - MemInfo: [/proc/self/status]	VmPeak:	  132368 kB
20220312 061618.619 INFO             PET0 PIOc_freedecomp Enter - MemInfo: [/proc/self/status]	VmSize:	  132368 kB
20220312 061618.619 INFO             PET0 PIOc_freedecomp Enter - MemInfo: [/proc/self/status]	VmLck:	       0 kB
20220312 061618.619 INFO             PET0 PIOc_freedecomp Enter - MemInfo: [/proc/self/status]	VmPin:	       0 kB
20220312 061618.619 INFO             PET0 PIOc_freedecomp Enter - MemInfo: [/proc/self/status]	VmHWM:	   31240 kB
20220312 061618.619 INFO             PET0 PIOc_freedecomp Enter - MemInfo: [/proc/self/status]	VmRSS:	   31240 kB
20220312 061618.619 INFO             PET0 PIOc_freedecomp Enter - MemInfo: [/proc/self/status]	VmData:	   39080 kB
20220312 061618.619 INFO             PET0 PIOc_freedecomp Enter - MemInfo: [/proc/self/status]	VmStk:	     144 kB
20220312 061618.619 INFO             PET0 PIOc_freedecomp Enter - MemInfo: [/proc/self/status]	VmExe:	     192 kB
20220312 061618.619 INFO             PET0 PIOc_freedecomp Enter - MemInfo: [/proc/self/status]	VmLib:	   39524 kB
20220312 061618.619 INFO             PET0 PIOc_freedecomp Enter - MemInfo: [/proc/self/status]	VmPTE:	     252 kB
20220312 061618.619 INFO             PET0 PIOc_freedecomp Enter - MemInfo: [/proc/self/status]	VmPMD:	      12 kB
20220312 061618.619 INFO             PET0 PIOc_freedecomp Enter - MemInfo: [/proc/self/status]	VmSwap:	       0 kB
20220312 061618.619 INFO             PET0 PIOc_freedecomp Enter - MemInfo: [/proc/self/status]	VmRSSPercent: 0.0476896 %
20220312 061618.619 INFO             PET0 PIOc_freedecomp Enter - MemInfo: [malloc] Non-mmapped space allocated:                36614144 Byte
20220312 061618.619 INFO             PET0 PIOc_freedecomp Enter - MemInfo: [malloc] Space allocated in mmapped regions:                0 Byte
20220312 061618.619 INFO             PET0 PIOc_freedecomp Enter - MemInfo: [malloc] Maximum total allocated space:                     0 Byte
20220312 061618.619 INFO             PET0 PIOc_freedecomp Enter - MemInfo: [malloc] Space in freed fastbin blocks:                   896 Byte
20220312 061618.619 INFO             PET0 PIOc_freedecomp Enter - MemInfo: [malloc] Total allocated space:                      19181904 Byte
20220312 061618.619 INFO             PET0 PIOc_freedecomp Enter - MemInfo: [malloc] Total free space:                           17432240 Byte
20220312 061618.619 INFO             PET0 PIOc_freedecomp Enter - MemInfo: [malloc] Top-most, releasable space:                   126304 Byte
20220312 061618.619 INFO             PET0 PIOc_freedecomp Enter - MemInfo: [malloc] Total space in use, mmap + non-mmap:        19181904 Byte
20220312 061618.619 INFO             PET0 PIOc_freedecomp Enter - MemInfo: [malloc] Total space held (mmap + non-mmap):         36614144 Byte
20220312 061618.619 INFO             PET0 PIOc_freedecomp Enter - MemInfo: [malloc] Total space used (mmap + non-mmap):         19191232 Byte
20220312 061618.619 INFO             PET0 PIOc_freedecomp Enter - MemInfo: Wall-clock time since execution start:              0.0208269 seconds
20220312 061618.619 INFO             PET0 PIOc_freedecomp Exit - MemInfo: [/proc/meminfo - SSI]	MemTotal:       65507008 kB
20220312 061618.619 INFO             PET0 PIOc_freedecomp Exit - MemInfo: [/proc/meminfo - SSI]	MemFree:        49857732 kB
20220312 061618.619 INFO             PET0 PIOc_freedecomp Exit - MemInfo: [/proc/meminfo - SSI]	MemAvailable:   49613908 kB
20220312 061618.619 INFO             PET0 PIOc_freedecomp Exit - MemInfo: [/proc/meminfo - SSI]	Committed_AS:   13181056 kB
20220312 061618.619 INFO             PET0 PIOc_freedecomp Exit - MemInfo: [/proc/meminfo - SSI]	CommittedPercent: 20.1216 %
20220312 061618.619 INFO             PET0 PIOc_freedecomp Exit - MemInfo: [/proc/self/status]	VmPeak:	  132368 kB
20220312 061618.619 INFO             PET0 PIOc_freedecomp Exit - MemInfo: [/proc/self/status]	VmSize:	  132368 kB
20220312 061618.619 INFO             PET0 PIOc_freedecomp Exit - MemInfo: [/proc/self/status]	VmLck:	       0 kB
20220312 061618.619 INFO             PET0 PIOc_freedecomp Exit - MemInfo: [/proc/self/status]	VmPin:	       0 kB
20220312 061618.619 INFO             PET0 PIOc_freedecomp Exit - MemInfo: [/proc/self/status]	VmHWM:	   31244 kB
20220312 061618.619 INFO             PET0 PIOc_freedecomp Exit - MemInfo: [/proc/self/status]	VmRSS:	   31244 kB
20220312 061618.619 INFO             PET0 PIOc_freedecomp Exit - MemInfo: [/proc/self/status]	VmData:	   39080 kB
20220312 061618.619 INFO             PET0 PIOc_freedecomp Exit - MemInfo: [/proc/self/status]	VmStk:	     144 kB
20220312 061618.619 INFO             PET0 PIOc_freedecomp Exit - MemInfo: [/proc/self/status]	VmExe:	     192 kB
20220312 061618.619 INFO             PET0 PIOc_freedecomp Exit - MemInfo: [/proc/self/status]	VmLib:	   39524 kB
20220312 061618.619 INFO             PET0 PIOc_freedecomp Exit - MemInfo: [/proc/self/status]	VmPTE:	     252 kB
20220312 061618.619 INFO             PET0 PIOc_freedecomp Exit - MemInfo: [/proc/self/status]	VmPMD:	      12 kB
20220312 061618.619 INFO             PET0 PIOc_freedecomp Exit - MemInfo: [/proc/self/status]	VmSwap:	       0 kB
20220312 061618.619 INFO             PET0 PIOc_freedecomp Exit - MemInfo: [/proc/self/status]	VmRSSPercent: 0.0476957 %
20220312 061618.619 INFO             PET0 PIOc_freedecomp Exit - MemInfo: [malloc] Non-mmapped space allocated:                36614144 Byte
20220312 061618.619 INFO             PET0 PIOc_freedecomp Exit - MemInfo: [malloc] Space allocated in mmapped regions:                0 Byte
20220312 061618.619 INFO             PET0 PIOc_freedecomp Exit - MemInfo: [malloc] Maximum total allocated space:                     0 Byte
20220312 061618.619 INFO             PET0 PIOc_freedecomp Exit - MemInfo: [malloc] Space in freed fastbin blocks:                   784 Byte
20220312 061618.619 INFO             PET0 PIOc_freedecomp Exit - MemInfo: [malloc] Total allocated space:                      19177392 Byte
20220312 061618.619 INFO             PET0 PIOc_freedecomp Exit - MemInfo: [malloc] Total free space:                           17436752 Byte
20220312 061618.619 INFO             PET0 PIOc_freedecomp Exit - MemInfo: [malloc] Top-most, releasable space:                   128960 Byte
20220312 061618.619 INFO             PET0 PIOc_freedecomp Exit - MemInfo: [malloc] Total space in use, mmap + non-mmap:        19177392 Byte
20220312 061618.619 INFO             PET0 PIOc_freedecomp Exit - MemInfo: [malloc] Total space held (mmap + non-mmap):         36614144 Byte
20220312 061618.619 INFO             PET0 PIOc_freedecomp Exit - MemInfo: [malloc] Total space used (mmap + non-mmap):         19186720 Byte
20220312 061618.619 INFO             PET0 PIOc_freedecomp Exit - MemInfo: Wall-clock time since execution start:              0.0211665 seconds
20220312 061618.621 INFO             PET0 PIOc_sync Enter - MemInfo: [/proc/meminfo - SSI]	MemTotal:       65507008 kB
20220312 061618.621 INFO             PET0 PIOc_sync Enter - MemInfo: [/proc/meminfo - SSI]	MemFree:        49857228 kB
20220312 061618.621 INFO             PET0 PIOc_sync Enter - MemInfo: [/proc/meminfo - SSI]	MemAvailable:   49613404 kB
20220312 061618.621 INFO             PET0 PIOc_sync Enter - MemInfo: [/proc/meminfo - SSI]	Committed_AS:   13181056 kB
20220312 061618.621 INFO             PET0 PIOc_sync Enter - MemInfo: [/proc/meminfo - SSI]	CommittedPercent: 20.1216 %
20220312 061618.621 INFO             PET0 PIOc_sync Enter - MemInfo: [/proc/self/status]	VmPeak:	  140556 kB
20220312 061618.621 INFO             PET0 PIOc_sync Enter - MemInfo: [/proc/self/status]	VmSize:	  132368 kB
20220312 061618.621 INFO             PET0 PIOc_sync Enter - MemInfo: [/proc/self/status]	VmLck:	       0 kB
20220312 061618.621 INFO             PET0 PIOc_sync Enter - MemInfo: [/proc/self/status]	VmPin:	       0 kB
20220312 061618.621 INFO             PET0 PIOc_sync Enter - MemInfo: [/proc/self/status]	VmHWM:	   31608 kB
20220312 061618.621 INFO             PET0 PIOc_sync Enter - MemInfo: [/proc/self/status]	VmRSS:	   31608 kB
20220312 061618.621 INFO             PET0 PIOc_sync Enter - MemInfo: [/proc/self/status]	VmData:	   39080 kB
20220312 061618.621 INFO             PET0 PIOc_sync Enter - MemInfo: [/proc/self/status]	VmStk:	     144 kB
20220312 061618.621 INFO             PET0 PIOc_sync Enter - MemInfo: [/proc/self/status]	VmExe:	     192 kB
20220312 061618.621 INFO             PET0 PIOc_sync Enter - MemInfo: [/proc/self/status]	VmLib:	   39524 kB
20220312 061618.621 INFO             PET0 PIOc_sync Enter - MemInfo: [/proc/self/status]	VmPTE:	     252 kB
20220312 061618.621 INFO             PET0 PIOc_sync Enter - MemInfo: [/proc/self/status]	VmPMD:	      12 kB
20220312 061618.621 INFO             PET0 PIOc_sync Enter - MemInfo: [/proc/self/status]	VmSwap:	       0 kB
20220312 061618.621 INFO             PET0 PIOc_sync Enter - MemInfo: [/proc/self/status]	VmRSSPercent: 0.0482513 %
20220312 061618.621 INFO             PET0 PIOc_sync Enter - MemInfo: [malloc] Non-mmapped space allocated:                36614144 Byte
20220312 061618.621 INFO             PET0 PIOc_sync Enter - MemInfo: [malloc] Space allocated in mmapped regions:                0 Byte
20220312 061618.621 INFO             PET0 PIOc_sync Enter - MemInfo: [malloc] Maximum total allocated space:                     0 Byte
20220312 061618.621 INFO             PET0 PIOc_sync Enter - MemInfo: [malloc] Space in freed fastbin blocks:                  1248 Byte
20220312 061618.621 INFO             PET0 PIOc_sync Enter - MemInfo: [malloc] Total allocated space:                      36497840 Byte
20220312 061618.621 INFO             PET0 PIOc_sync Enter - MemInfo: [malloc] Total free space:                             116304 Byte
20220312 061618.621 INFO             PET0 PIOc_sync Enter - MemInfo: [malloc] Top-most, releasable space:                   114496 Byte
20220312 061618.621 INFO             PET0 PIOc_sync Enter - MemInfo: [malloc] Total space in use, mmap + non-mmap:        36497840 Byte
20220312 061618.621 INFO             PET0 PIOc_sync Enter - MemInfo: [malloc] Total space held (mmap + non-mmap):         36614144 Byte
20220312 061618.621 INFO             PET0 PIOc_sync Enter - MemInfo: [malloc] Total space used (mmap + non-mmap):         36507168 Byte
20220312 061618.621 INFO             PET0 PIOc_sync Enter - MemInfo: Wall-clock time since execution start:              0.0231303 seconds
20220312 061618.621 INFO             PET0 PIOc_sync Exit - MemInfo: [/proc/meminfo - SSI]	MemTotal:       65507008 kB
20220312 061618.621 INFO             PET0 PIOc_sync Exit - MemInfo: [/proc/meminfo - SSI]	MemFree:        49857228 kB
20220312 061618.621 INFO             PET0 PIOc_sync Exit - MemInfo: [/proc/meminfo - SSI]	MemAvailable:   49613404 kB
20220312 061618.621 INFO             PET0 PIOc_sync Exit - MemInfo: [/proc/meminfo - SSI]	Committed_AS:   13181056 kB
20220312 061618.622 INFO             PET0 PIOc_sync Exit - MemInfo: [/proc/meminfo - SSI]	CommittedPercent: 20.1216 %
20220312 061618.622 INFO             PET0 PIOc_sync Exit - MemInfo: [/proc/self/status]	VmPeak:	  140556 kB
20220312 061618.622 INFO             PET0 PIOc_sync Exit - MemInfo: [/proc/self/status]	VmSize:	  132368 kB
20220312 061618.622 INFO             PET0 PIOc_sync Exit - MemInfo: [/proc/self/status]	VmLck:	       0 kB
20220312 061618.622 INFO             PET0 PIOc_sync Exit - MemInfo: [/proc/self/status]	VmPin:	       0 kB
20220312 061618.622 INFO             PET0 PIOc_sync Exit - MemInfo: [/proc/self/status]	VmHWM:	   31612 kB
20220312 061618.622 INFO             PET0 PIOc_sync Exit - MemInfo: [/proc/self/status]	VmRSS:	   31612 kB
20220312 061618.622 INFO             PET0 PIOc_sync Exit - MemInfo: [/proc/self/status]	VmData:	   39080 kB
20220312 061618.622 INFO             PET0 PIOc_sync Exit - MemInfo: [/proc/self/status]	VmStk:	     144 kB
20220312 061618.622 INFO             PET0 PIOc_sync Exit - MemInfo: [/proc/self/status]	VmExe:	     192 kB
20220312 061618.622 INFO             PET0 PIOc_sync Exit - MemInfo: [/proc/self/status]	VmLib:	   39524 kB
20220312 061618.622 INFO             PET0 PIOc_sync Exit - MemInfo: [/proc/self/status]	VmPTE:	     252 kB
20220312 061618.622 INFO             PET0 PIOc_sync Exit - MemInfo: [/proc/self/status]	VmPMD:	      12 kB
20220312 061618.622 INFO             PET0 PIOc_sync Exit - MemInfo: [/proc/self/status]	VmSwap:	       0 kB
20220312 061618.622 INFO             PET0 PIOc_sync Exit - MemInfo: [/proc/self/status]	VmRSSPercent: 0.0482574 %
20220312 061618.622 INFO             PET0 PIOc_sync Exit - MemInfo: [malloc] Non-mmapped space allocated:                36614144 Byte
20220312 061618.622 INFO             PET0 PIOc_sync Exit - MemInfo: [malloc] Space allocated in mmapped regions:                0 Byte
20220312 061618.622 INFO             PET0 PIOc_sync Exit - MemInfo: [malloc] Maximum total allocated space:                     0 Byte
20220312 061618.622 INFO             PET0 PIOc_sync Exit - MemInfo: [malloc] Space in freed fastbin blocks:                   960 Byte
20220312 061618.622 INFO             PET0 PIOc_sync Exit - MemInfo: [malloc] Total allocated space:                      36497056 Byte
20220312 061618.622 INFO             PET0 PIOc_sync Exit - MemInfo: [malloc] Total free space:                             117088 Byte
20220312 061618.622 INFO             PET0 PIOc_sync Exit - MemInfo: [malloc] Top-most, releasable space:                   114496 Byte
20220312 061618.622 INFO             PET0 PIOc_sync Exit - MemInfo: [malloc] Total space in use, mmap + non-mmap:        36497056 Byte
20220312 061618.622 INFO             PET0 PIOc_sync Exit - MemInfo: [malloc] Total space held (mmap + non-mmap):         36614144 Byte
20220312 061618.622 INFO             PET0 PIOc_sync Exit - MemInfo: [malloc] Total space used (mmap + non-mmap):         36506384 Byte
20220312 061618.622 INFO             PET0 PIOc_sync Exit - MemInfo: Wall-clock time since execution start:              0.0235304 seconds
20220312 061618.622 INFO             PET0 PIOc_freedecomp Enter - MemInfo: [/proc/meminfo - SSI]	MemTotal:       65507008 kB
20220312 061618.622 INFO             PET0 PIOc_freedecomp Enter - MemInfo: [/proc/meminfo - SSI]	MemFree:        49857228 kB
20220312 061618.622 INFO             PET0 PIOc_freedecomp Enter - MemInfo: [/proc/meminfo - SSI]	MemAvailable:   49613404 kB
20220312 061618.622 INFO             PET0 PIOc_freedecomp Enter - MemInfo: [/proc/meminfo - SSI]	Committed_AS:   13181056 kB
20220312 061618.622 INFO             PET0 PIOc_freedecomp Enter - MemInfo: [/proc/meminfo - SSI]	CommittedPercent: 20.1216 %
20220312 061618.622 INFO             PET0 PIOc_freedecomp Enter - MemInfo: [/proc/self/status]	VmPeak:	  140556 kB
20220312 061618.622 INFO             PET0 PIOc_freedecomp Enter - MemInfo: [/proc/self/status]	VmSize:	  132368 kB
20220312 061618.622 INFO             PET0 PIOc_freedecomp Enter - MemInfo: [/proc/self/status]	VmLck:	       0 kB
20220312 061618.622 INFO             PET0 PIOc_freedecomp Enter - MemInfo: [/proc/self/status]	VmPin:	       0 kB
20220312 061618.622 INFO             PET0 PIOc_freedecomp Enter - MemInfo: [/proc/self/status]	VmHWM:	   31612 kB
20220312 061618.622 INFO             PET0 PIOc_freedecomp Enter - MemInfo: [/proc/self/status]	VmRSS:	   31612 kB
20220312 061618.622 INFO             PET0 PIOc_freedecomp Enter - MemInfo: [/proc/self/status]	VmData:	   39080 kB
20220312 061618.622 INFO             PET0 PIOc_freedecomp Enter - MemInfo: [/proc/self/status]	VmStk:	     144 kB
20220312 061618.622 INFO             PET0 PIOc_freedecomp Enter - MemInfo: [/proc/self/status]	VmExe:	     192 kB
20220312 061618.622 INFO             PET0 PIOc_freedecomp Enter - MemInfo: [/proc/self/status]	VmLib:	   39524 kB
20220312 061618.622 INFO             PET0 PIOc_freedecomp Enter - MemInfo: [/proc/self/status]	VmPTE:	     252 kB
20220312 061618.622 INFO             PET0 PIOc_freedecomp Enter - MemInfo: [/proc/self/status]	VmPMD:	      12 kB
20220312 061618.622 INFO             PET0 PIOc_freedecomp Enter - MemInfo: [/proc/self/status]	VmSwap:	       0 kB
20220312 061618.622 INFO             PET0 PIOc_freedecomp Enter - MemInfo: [/proc/self/status]	VmRSSPercent: 0.0482574 %
20220312 061618.622 INFO             PET0 PIOc_freedecomp Enter - MemInfo: [malloc] Non-mmapped space allocated:                36614144 Byte
20220312 061618.622 INFO             PET0 PIOc_freedecomp Enter - MemInfo: [malloc] Space allocated in mmapped regions:                0 Byte
20220312 061618.622 INFO             PET0 PIOc_freedecomp Enter - MemInfo: [malloc] Maximum total allocated space:                     0 Byte
20220312 061618.622 INFO             PET0 PIOc_freedecomp Enter - MemInfo: [malloc] Space in freed fastbin blocks:                  1200 Byte
20220312 061618.622 INFO             PET0 PIOc_freedecomp Enter - MemInfo: [malloc] Total allocated space:                      19181936 Byte
20220312 061618.622 INFO             PET0 PIOc_freedecomp Enter - MemInfo: [malloc] Total free space:                           17432208 Byte
20220312 061618.622 INFO             PET0 PIOc_freedecomp Enter - MemInfo: [malloc] Top-most, releasable space:                   114496 Byte
20220312 061618.622 INFO             PET0 PIOc_freedecomp Enter - MemInfo: [malloc] Total space in use, mmap + non-mmap:        19181936 Byte
20220312 061618.622 INFO             PET0 PIOc_freedecomp Enter - MemInfo: [malloc] Total space held (mmap + non-mmap):         36614144 Byte
20220312 061618.622 INFO             PET0 PIOc_freedecomp Enter - MemInfo: [malloc] Total space used (mmap + non-mmap):         19191264 Byte
20220312 061618.622 INFO             PET0 PIOc_freedecomp Enter - MemInfo: Wall-clock time since execution start:              0.0238974 seconds
20220312 061618.622 INFO             PET0 PIOc_freedecomp Exit - MemInfo: [/proc/meminfo - SSI]	MemTotal:       65507008 kB
20220312 061618.622 INFO             PET0 PIOc_freedecomp Exit - MemInfo: [/proc/meminfo - SSI]	MemFree:        49857228 kB
20220312 061618.622 INFO             PET0 PIOc_freedecomp Exit - MemInfo: [/proc/meminfo - SSI]	MemAvailable:   49613404 kB
20220312 061618.622 INFO             PET0 PIOc_freedecomp Exit - MemInfo: [/proc/meminfo - SSI]	Committed_AS:   13181056 kB
20220312 061618.622 INFO             PET0 PIOc_freedecomp Exit - MemInfo: [/proc/meminfo - SSI]	CommittedPercent: 20.1216 %
20220312 061618.622 INFO             PET0 PIOc_freedecomp Exit - MemInfo: [/proc/self/status]	VmPeak:	  140556 kB
20220312 061618.622 INFO             PET0 PIOc_freedecomp Exit - MemInfo: [/proc/self/status]	VmSize:	  132368 kB
20220312 061618.622 INFO             PET0 PIOc_freedecomp Exit - MemInfo: [/proc/self/status]	VmLck:	       0 kB
20220312 061618.622 INFO             PET0 PIOc_freedecomp Exit - MemInfo: [/proc/self/status]	VmPin:	       0 kB
20220312 061618.622 INFO             PET0 PIOc_freedecomp Exit - MemInfo: [/proc/self/status]	VmHWM:	   31612 kB
20220312 061618.622 INFO             PET0 PIOc_freedecomp Exit - MemInfo: [/proc/self/status]	VmRSS:	   31612 kB
20220312 061618.622 INFO             PET0 PIOc_freedecomp Exit - MemInfo: [/proc/self/status]	VmData:	   39080 kB
20220312 061618.622 INFO             PET0 PIOc_freedecomp Exit - MemInfo: [/proc/self/status]	VmStk:	     144 kB
20220312 061618.622 INFO             PET0 PIOc_freedecomp Exit - MemInfo: [/proc/self/status]	VmExe:	     192 kB
20220312 061618.622 INFO             PET0 PIOc_freedecomp Exit - MemInfo: [/proc/self/status]	VmLib:	   39524 kB
20220312 061618.622 INFO             PET0 PIOc_freedecomp Exit - MemInfo: [/proc/self/status]	VmPTE:	     252 kB
20220312 061618.622 INFO             PET0 PIOc_freedecomp Exit - MemInfo: [/proc/self/status]	VmPMD:	      12 kB
20220312 061618.622 INFO             PET0 PIOc_freedecomp Exit - MemInfo: [/proc/self/status]	VmSwap:	       0 kB
20220312 061618.622 INFO             PET0 PIOc_freedecomp Exit - MemInfo: [/proc/self/status]	VmRSSPercent: 0.0482574 %
20220312 061618.622 INFO             PET0 PIOc_freedecomp Exit - MemInfo: [malloc] Non-mmapped space allocated:                36614144 Byte
20220312 061618.622 INFO             PET0 PIOc_freedecomp Exit - MemInfo: [malloc] Space allocated in mmapped regions:                0 Byte
20220312 061618.622 INFO             PET0 PIOc_freedecomp Exit - MemInfo: [malloc] Maximum total allocated space:                     0 Byte
20220312 061618.622 INFO             PET0 PIOc_freedecomp Exit - MemInfo: [malloc] Space in freed fastbin blocks:                   704 Byte
20220312 061618.622 INFO             PET0 PIOc_freedecomp Exit - MemInfo: [malloc] Total allocated space:                      19177408 Byte
20220312 061618.622 INFO             PET0 PIOc_freedecomp Exit - MemInfo: [malloc] Total free space:                           17436736 Byte
20220312 061618.622 INFO             PET0 PIOc_freedecomp Exit - MemInfo: [malloc] Top-most, releasable space:                   128960 Byte
20220312 061618.622 INFO             PET0 PIOc_freedecomp Exit - MemInfo: [malloc] Total space in use, mmap + non-mmap:        19177408 Byte
20220312 061618.622 INFO             PET0 PIOc_freedecomp Exit - MemInfo: [malloc] Total space held (mmap + non-mmap):         36614144 Byte
20220312 061618.622 INFO             PET0 PIOc_freedecomp Exit - MemInfo: [malloc] Total space used (mmap + non-mmap):         19186736 Byte
20220312 061618.622 INFO             PET0 PIOc_freedecomp Exit - MemInfo: Wall-clock time since execution start:               0.024232 seconds
20220312 061618.623 INFO             PET0 PIOc_sync Enter - MemInfo: [/proc/meminfo - SSI]	MemTotal:       65507008 kB
20220312 061618.623 INFO             PET0 PIOc_sync Enter - MemInfo: [/proc/meminfo - SSI]	MemFree:        49857228 kB
20220312 061618.623 INFO             PET0 PIOc_sync Enter - MemInfo: [/proc/meminfo - SSI]	MemAvailable:   49613404 kB
20220312 061618.623 INFO             PET0 PIOc_sync Enter - MemInfo: [/proc/meminfo - SSI]	Committed_AS:   13181056 kB
20220312 061618.623 INFO             PET0 PIOc_sync Enter - MemInfo: [/proc/meminfo - SSI]	CommittedPercent: 20.1216 %
20220312 061618.623 INFO             PET0 PIOc_sync Enter - MemInfo: [/proc/self/status]	VmPeak:	  140556 kB
20220312 061618.623 INFO             PET0 PIOc_sync Enter - MemInfo: [/proc/self/status]	VmSize:	  132368 kB
20220312 061618.623 INFO             PET0 PIOc_sync Enter - MemInfo: [/proc/self/status]	VmLck:	       0 kB
20220312 061618.623 INFO             PET0 PIOc_sync Enter - MemInfo: [/proc/self/status]	VmPin:	       0 kB
20220312 061618.623 INFO             PET0 PIOc_sync Enter - MemInfo: [/proc/self/status]	VmHWM:	   31612 kB
20220312 061618.623 INFO             PET0 PIOc_sync Enter - MemInfo: [/proc/self/status]	VmRSS:	   31612 kB
20220312 061618.623 INFO             PET0 PIOc_sync Enter - MemInfo: [/proc/self/status]	VmData:	   39080 kB
20220312 061618.623 INFO             PET0 PIOc_sync Enter - MemInfo: [/proc/self/status]	VmStk:	     144 kB
20220312 061618.623 INFO             PET0 PIOc_sync Enter - MemInfo: [/proc/self/status]	VmExe:	     192 kB
20220312 061618.623 INFO             PET0 PIOc_sync Enter - MemInfo: [/proc/self/status]	VmLib:	   39524 kB
20220312 061618.623 INFO             PET0 PIOc_sync Enter - MemInfo: [/proc/self/status]	VmPTE:	     252 kB
20220312 061618.623 INFO             PET0 PIOc_sync Enter - MemInfo: [/proc/self/status]	VmPMD:	      12 kB
20220312 061618.623 INFO             PET0 PIOc_sync Enter - MemInfo: [/proc/self/status]	VmSwap:	       0 kB
20220312 061618.623 INFO             PET0 PIOc_sync Enter - MemInfo: [/proc/self/status]	VmRSSPercent: 0.0482574 %
20220312 061618.623 INFO             PET0 PIOc_sync Enter - MemInfo: [malloc] Non-mmapped space allocated:                36614144 Byte
20220312 061618.623 INFO             PET0 PIOc_sync Enter - MemInfo: [malloc] Space allocated in mmapped regions:                0 Byte
20220312 061618.623 INFO             PET0 PIOc_sync Enter - MemInfo: [malloc] Maximum total allocated space:                     0 Byte
20220312 061618.623 INFO             PET0 PIOc_sync Enter - MemInfo: [malloc] Space in freed fastbin blocks:                  1488 Byte
20220312 061618.623 INFO             PET0 PIOc_sync Enter - MemInfo: [malloc] Total allocated space:                      36498240 Byte
20220312 061618.623 INFO             PET0 PIOc_sync Enter - MemInfo: [malloc] Total free space:                             115904 Byte
20220312 061618.623 INFO             PET0 PIOc_sync Enter - MemInfo: [malloc] Top-most, releasable space:                   113712 Byte
20220312 061618.623 INFO             PET0 PIOc_sync Enter - MemInfo: [malloc] Total space in use, mmap + non-mmap:        36498240 Byte
20220312 061618.624 INFO             PET0 PIOc_sync Enter - MemInfo: [malloc] Total space held (mmap + non-mmap):         36614144 Byte
20220312 061618.624 INFO             PET0 PIOc_sync Enter - MemInfo: [malloc] Total space used (mmap + non-mmap):         36507568 Byte
20220312 061618.624 INFO             PET0 PIOc_sync Enter - MemInfo: Wall-clock time since execution start:              0.0252745 seconds
20220312 061618.626 INFO             PET0 PIOc_sync Exit - MemInfo: [/proc/meminfo - SSI]	MemTotal:       65507008 kB
20220312 061618.626 INFO             PET0 PIOc_sync Exit - MemInfo: [/proc/meminfo - SSI]	MemFree:        49857228 kB
20220312 061618.626 INFO             PET0 PIOc_sync Exit - MemInfo: [/proc/meminfo - SSI]	MemAvailable:   49613404 kB
20220312 061618.626 INFO             PET0 PIOc_sync Exit - MemInfo: [/proc/meminfo - SSI]	Committed_AS:   13181056 kB
20220312 061618.626 INFO             PET0 PIOc_sync Exit - MemInfo: [/proc/meminfo - SSI]	CommittedPercent: 20.1216 %
20220312 061618.626 INFO             PET0 PIOc_sync Exit - MemInfo: [/proc/self/status]	VmPeak:	  140556 kB
20220312 061618.626 INFO             PET0 PIOc_sync Exit - MemInfo: [/proc/self/status]	VmSize:	  132368 kB
20220312 061618.626 INFO             PET0 PIOc_sync Exit - MemInfo: [/proc/self/status]	VmLck:	       0 kB
20220312 061618.626 INFO             PET0 PIOc_sync Exit - MemInfo: [/proc/self/status]	VmPin:	       0 kB
20220312 061618.626 INFO             PET0 PIOc_sync Exit - MemInfo: [/proc/self/status]	VmHWM:	   31612 kB
20220312 061618.626 INFO             PET0 PIOc_sync Exit - MemInfo: [/proc/self/status]	VmRSS:	   31612 kB
20220312 061618.626 INFO             PET0 PIOc_sync Exit - MemInfo: [/proc/self/status]	VmData:	   39080 kB
20220312 061618.626 INFO             PET0 PIOc_sync Exit - MemInfo: [/proc/self/status]	VmStk:	     144 kB
20220312 061618.626 INFO             PET0 PIOc_sync Exit - MemInfo: [/proc/self/status]	VmExe:	     192 kB
20220312 061618.626 INFO             PET0 PIOc_sync Exit - MemInfo: [/proc/self/status]	VmLib:	   39524 kB
20220312 061618.626 INFO             PET0 PIOc_sync Exit - MemInfo: [/proc/self/status]	VmPTE:	     252 kB
20220312 061618.626 INFO             PET0 PIOc_sync Exit - MemInfo: [/proc/self/status]	VmPMD:	      12 kB
20220312 061618.626 INFO             PET0 PIOc_sync Exit - MemInfo: [/proc/self/status]	VmSwap:	       0 kB
20220312 061618.626 INFO             PET0 PIOc_sync Exit - MemInfo: [/proc/self/status]	VmRSSPercent: 0.0482574 %
20220312 061618.626 INFO             PET0 PIOc_sync Exit - MemInfo: [malloc] Non-mmapped space allocated:                36614144 Byte
20220312 061618.626 INFO             PET0 PIOc_sync Exit - MemInfo: [malloc] Space allocated in mmapped regions:                0 Byte
20220312 061618.626 INFO             PET0 PIOc_sync Exit - MemInfo: [malloc] Maximum total allocated space:                     0 Byte
20220312 061618.626 INFO             PET0 PIOc_sync Exit - MemInfo: [malloc] Space in freed fastbin blocks:                   864 Byte
20220312 061618.626 INFO             PET0 PIOc_sync Exit - MemInfo: [malloc] Total allocated space:                      36497440 Byte
20220312 061618.626 INFO             PET0 PIOc_sync Exit - MemInfo: [malloc] Total free space:                             116704 Byte
20220312 061618.626 INFO             PET0 PIOc_sync Exit - MemInfo: [malloc] Top-most, releasable space:                   114128 Byte
20220312 061618.626 INFO             PET0 PIOc_sync Exit - MemInfo: [malloc] Total space in use, mmap + non-mmap:        36497440 Byte
20220312 061618.626 INFO             PET0 PIOc_sync Exit - MemInfo: [malloc] Total space held (mmap + non-mmap):         36614144 Byte
20220312 061618.626 INFO             PET0 PIOc_sync Exit - MemInfo: [malloc] Total space used (mmap + non-mmap):         36506768 Byte
20220312 061618.626 INFO             PET0 PIOc_sync Exit - MemInfo: Wall-clock time since execution start:              0.0277042 seconds
20220312 061618.626 INFO             PET0 PIOc_freedecomp Enter - MemInfo: [/proc/meminfo - SSI]	MemTotal:       65507008 kB
20220312 061618.626 INFO             PET0 PIOc_freedecomp Enter - MemInfo: [/proc/meminfo - SSI]	MemFree:        49857228 kB
20220312 061618.626 INFO             PET0 PIOc_freedecomp Enter - MemInfo: [/proc/meminfo - SSI]	MemAvailable:   49613404 kB
20220312 061618.626 INFO             PET0 PIOc_freedecomp Enter - MemInfo: [/proc/meminfo - SSI]	Committed_AS:   13181056 kB
20220312 061618.626 INFO             PET0 PIOc_freedecomp Enter - MemInfo: [/proc/meminfo - SSI]	CommittedPercent: 20.1216 %
20220312 061618.626 INFO             PET0 PIOc_freedecomp Enter - MemInfo: [/proc/self/status]	VmPeak:	  140556 kB
20220312 061618.626 INFO             PET0 PIOc_freedecomp Enter - MemInfo: [/proc/self/status]	VmSize:	  132368 kB
20220312 061618.626 INFO             PET0 PIOc_freedecomp Enter - MemInfo: [/proc/self/status]	VmLck:	       0 kB
20220312 061618.626 INFO             PET0 PIOc_freedecomp Enter - MemInfo: [/proc/self/status]	VmPin:	       0 kB
20220312 061618.626 INFO             PET0 PIOc_freedecomp Enter - MemInfo: [/proc/self/status]	VmHWM:	   31612 kB
20220312 061618.626 INFO             PET0 PIOc_freedecomp Enter - MemInfo: [/proc/self/status]	VmRSS:	   31612 kB
20220312 061618.626 INFO             PET0 PIOc_freedecomp Enter - MemInfo: [/proc/self/status]	VmData:	   39080 kB
20220312 061618.626 INFO             PET0 PIOc_freedecomp Enter - MemInfo: [/proc/self/status]	VmStk:	     144 kB
20220312 061618.626 INFO             PET0 PIOc_freedecomp Enter - MemInfo: [/proc/self/status]	VmExe:	     192 kB
20220312 061618.626 INFO             PET0 PIOc_freedecomp Enter - MemInfo: [/proc/self/status]	VmLib:	   39524 kB
20220312 061618.626 INFO             PET0 PIOc_freedecomp Enter - MemInfo: [/proc/self/status]	VmPTE:	     252 kB
20220312 061618.626 INFO             PET0 PIOc_freedecomp Enter - MemInfo: [/proc/self/status]	VmPMD:	      12 kB
20220312 061618.626 INFO             PET0 PIOc_freedecomp Enter - MemInfo: [/proc/self/status]	VmSwap:	       0 kB
20220312 061618.626 INFO             PET0 PIOc_freedecomp Enter - MemInfo: [/proc/self/status]	VmRSSPercent: 0.0482574 %
20220312 061618.626 INFO             PET0 PIOc_freedecomp Enter - MemInfo: [malloc] Non-mmapped space allocated:                36614144 Byte
20220312 061618.626 INFO             PET0 PIOc_freedecomp Enter - MemInfo: [malloc] Space allocated in mmapped regions:                0 Byte
20220312 061618.626 INFO             PET0 PIOc_freedecomp Enter - MemInfo: [malloc] Maximum total allocated space:                     0 Byte
20220312 061618.626 INFO             PET0 PIOc_freedecomp Enter - MemInfo: [malloc] Space in freed fastbin blocks:                  1088 Byte
20220312 061618.626 INFO             PET0 PIOc_freedecomp Enter - MemInfo: [malloc] Total allocated space:                      19181904 Byte
20220312 061618.626 INFO             PET0 PIOc_freedecomp Enter - MemInfo: [malloc] Total free space:                           17432240 Byte
20220312 061618.626 INFO             PET0 PIOc_freedecomp Enter - MemInfo: [malloc] Top-most, releasable space:                   114128 Byte
20220312 061618.626 INFO             PET0 PIOc_freedecomp Enter - MemInfo: [malloc] Total space in use, mmap + non-mmap:        19181904 Byte
20220312 061618.626 INFO             PET0 PIOc_freedecomp Enter - MemInfo: [malloc] Total space held (mmap + non-mmap):         36614144 Byte
20220312 061618.626 INFO             PET0 PIOc_freedecomp Enter - MemInfo: [malloc] Total space used (mmap + non-mmap):         19191232 Byte
20220312 061618.626 INFO             PET0 PIOc_freedecomp Enter - MemInfo: Wall-clock time since execution start:              0.0281283 seconds
20220312 061618.626 INFO             PET0 PIOc_freedecomp Exit - MemInfo: [/proc/meminfo - SSI]	MemTotal:       65507008 kB
20220312 061618.626 INFO             PET0 PIOc_freedecomp Exit - MemInfo: [/proc/meminfo - SSI]	MemFree:        49857228 kB
20220312 061618.626 INFO             PET0 PIOc_freedecomp Exit - MemInfo: [/proc/meminfo - SSI]	MemAvailable:   49613404 kB
20220312 061618.626 INFO             PET0 PIOc_freedecomp Exit - MemInfo: [/proc/meminfo - SSI]	Committed_AS:   13181056 kB
20220312 061618.626 INFO             PET0 PIOc_freedecomp Exit - MemInfo: [/proc/meminfo - SSI]	CommittedPercent: 20.1216 %
20220312 061618.626 INFO             PET0 PIOc_freedecomp Exit - MemInfo: [/proc/self/status]	VmPeak:	  140556 kB
20220312 061618.626 INFO             PET0 PIOc_freedecomp Exit - MemInfo: [/proc/self/status]	VmSize:	  132368 kB
20220312 061618.627 INFO             PET0 PIOc_freedecomp Exit - MemInfo: [/proc/self/status]	VmLck:	       0 kB
20220312 061618.627 INFO             PET0 PIOc_freedecomp Exit - MemInfo: [/proc/self/status]	VmPin:	       0 kB
20220312 061618.627 INFO             PET0 PIOc_freedecomp Exit - MemInfo: [/proc/self/status]	VmHWM:	   31612 kB
20220312 061618.627 INFO             PET0 PIOc_freedecomp Exit - MemInfo: [/proc/self/status]	VmRSS:	   31612 kB
20220312 061618.627 INFO             PET0 PIOc_freedecomp Exit - MemInfo: [/proc/self/status]	VmData:	   39080 kB
20220312 061618.627 INFO             PET0 PIOc_freedecomp Exit - MemInfo: [/proc/self/status]	VmStk:	     144 kB
20220312 061618.627 INFO             PET0 PIOc_freedecomp Exit - MemInfo: [/proc/self/status]	VmExe:	     192 kB
20220312 061618.627 INFO             PET0 PIOc_freedecomp Exit - MemInfo: [/proc/self/status]	VmLib:	   39524 kB
20220312 061618.627 INFO             PET0 PIOc_freedecomp Exit - MemInfo: [/proc/self/status]	VmPTE:	     252 kB
20220312 061618.627 INFO             PET0 PIOc_freedecomp Exit - MemInfo: [/proc/self/status]	VmPMD:	      12 kB
20220312 061618.627 INFO             PET0 PIOc_freedecomp Exit - MemInfo: [/proc/self/status]	VmSwap:	       0 kB
20220312 061618.627 INFO             PET0 PIOc_freedecomp Exit - MemInfo: [/proc/self/status]	VmRSSPercent: 0.0482574 %
20220312 061618.627 INFO             PET0 PIOc_freedecomp Exit - MemInfo: [malloc] Non-mmapped space allocated:                36614144 Byte
20220312 061618.627 INFO             PET0 PIOc_freedecomp Exit - MemInfo: [malloc] Space allocated in mmapped regions:                0 Byte
20220312 061618.627 INFO             PET0 PIOc_freedecomp Exit - MemInfo: [malloc] Maximum total allocated space:                     0 Byte
20220312 061618.627 INFO             PET0 PIOc_freedecomp Exit - MemInfo: [malloc] Space in freed fastbin blocks:                   784 Byte
20220312 061618.627 INFO             PET0 PIOc_freedecomp Exit - MemInfo: [malloc] Total allocated space:                      19177392 Byte
20220312 061618.627 INFO             PET0 PIOc_freedecomp Exit - MemInfo: [malloc] Total free space:                           17436752 Byte
20220312 061618.627 INFO             PET0 PIOc_freedecomp Exit - MemInfo: [malloc] Top-most, releasable space:                   128960 Byte
20220312 061618.627 INFO             PET0 PIOc_freedecomp Exit - MemInfo: [malloc] Total space in use, mmap + non-mmap:        19177392 Byte
20220312 061618.627 INFO             PET0 PIOc_freedecomp Exit - MemInfo: [malloc] Total space held (mmap + non-mmap):         36614144 Byte
20220312 061618.627 INFO             PET0 PIOc_freedecomp Exit - MemInfo: [malloc] Total space used (mmap + non-mmap):         19186720 Byte
20220312 061618.627 INFO             PET0 PIOc_freedecomp Exit - MemInfo: Wall-clock time since execution start:               0.028463 seconds
20220312 061618.627 INFO             PET0 PASS ESMC_FieldRegridStoreFile test, ESMC_FieldSMMFromFileUTest.C, line 199
20220312 061618.633 INFO             PET0 PASS ESMC_FieldSMMStore from File test, ESMC_FieldSMMFromFileUTest.C, line 229
20220312 061618.634 INFO             PET0 PASS ESMC_FieldSMMStore From File validation, ESMC_FieldSMMFromFileUTest.C, line 257
20220312 061618.634 INFO             PET0 PASS ESMC_FieldRegridRelease, ESMC_FieldSMMFromFileUTest.C, line 271
20220312 061618.634 INFO             PET0 Ending Test, file ESMC_FieldSMMFromFileUTest.C, line 289
20220312 061618.634 INFO             PET0 Finalizing ESMF
20220312 061618.599 INFO             PET1 !!!!!!!!!!!!!!!!!!!!!!!!!!!!!!!!!!!!!!!!!!!!!!!!!!!!!!
20220312 061618.600 INFO             PET1 !!! THE ESMF_LOG IS SET TO OUTPUT ALL LOG MESSAGES !!!
20220312 061618.600 INFO             PET1 !!!     THIS MAY CAUSE SLOWDOWN IN PERFORMANCE     !!!
20220312 061618.600 INFO             PET1 !!! FOR PRODUCTION RUNS, USE:                      !!!
20220312 061618.600 INFO             PET1 !!!                   ESMF_LOGKIND_Multi_On_Error  !!!
20220312 061618.600 INFO             PET1 !!!!!!!!!!!!!!!!!!!!!!!!!!!!!!!!!!!!!!!!!!!!!!!!!!!!!!
20220312 061618.600 INFO             PET1 Running with ESMF Version   : v8.3.0b09-96-g559b459836
20220312 061618.600 INFO             PET1 ESMF library build date/time: "Mar 12 2022" "06:02:22"
20220312 061618.600 INFO             PET1 ESMF library build location : /glade/scratch/rlong/esmf-testing/gfortran_10.1.0_mpt_O_jedwards_pio_update2
20220312 061618.600 INFO             PET1 ESMF_COMM                   : mpt
20220312 061618.600 INFO             PET1 ESMF_MOAB                   : enabled
20220312 061618.600 INFO             PET1 ESMF_LAPACK                 : enabled
20220312 061618.600 INFO             PET1 ESMF_NETCDF                 : enabled
20220312 061618.600 INFO             PET1 ESMF_PNETCDF                : disabled
20220312 061618.600 INFO             PET1 ESMF_PIO                    : enabled
20220312 061618.600 INFO             PET1 ESMF_YAMLCPP                : enabled
20220312 061618.600 INFO             PET1 Beginning Test, file ESMC_FieldSMMFromFileUTest.C, line 41
20220312 061618.600 INFO             PET1 Beginning Test, file ESMC_FieldSMMFromFileUTest.C, line 41NUMBER_OF_PROCESSORS 4
20220312 061618.615 INFO             PET1 PIOc_sync Enter - MemInfo: [/proc/meminfo - SSI]	MemTotal:       65507008 kB
20220312 061618.615 INFO             PET1 PIOc_sync Enter - MemInfo: [/proc/meminfo - SSI]	MemFree:        49857732 kB
20220312 061618.615 INFO             PET1 PIOc_sync Enter - MemInfo: [/proc/meminfo - SSI]	MemAvailable:   49613908 kB
20220312 061618.615 INFO             PET1 PIOc_sync Enter - MemInfo: [/proc/meminfo - SSI]	Committed_AS:   13181056 kB
20220312 061618.615 INFO             PET1 PIOc_sync Enter - MemInfo: [/proc/meminfo - SSI]	CommittedPercent: 20.1216 %
20220312 061618.615 INFO             PET1 PIOc_sync Enter - MemInfo: [/proc/self/status]	VmPeak:	  115664 kB
20220312 061618.615 INFO             PET1 PIOc_sync Enter - MemInfo: [/proc/self/status]	VmSize:	  115664 kB
20220312 061618.615 INFO             PET1 PIOc_sync Enter - MemInfo: [/proc/self/status]	VmLck:	       0 kB
20220312 061618.615 INFO             PET1 PIOc_sync Enter - MemInfo: [/proc/self/status]	VmPin:	       0 kB
20220312 061618.615 INFO             PET1 PIOc_sync Enter - MemInfo: [/proc/self/status]	VmHWM:	   13348 kB
20220312 061618.615 INFO             PET1 PIOc_sync Enter - MemInfo: [/proc/self/status]	VmRSS:	   13348 kB
20220312 061618.615 INFO             PET1 PIOc_sync Enter - MemInfo: [/proc/self/status]	VmData:	   22376 kB
20220312 061618.615 INFO             PET1 PIOc_sync Enter - MemInfo: [/proc/self/status]	VmStk:	     144 kB
20220312 061618.615 INFO             PET1 PIOc_sync Enter - MemInfo: [/proc/self/status]	VmExe:	     192 kB
20220312 061618.615 INFO             PET1 PIOc_sync Enter - MemInfo: [/proc/self/status]	VmLib:	   39524 kB
20220312 061618.615 INFO             PET1 PIOc_sync Enter - MemInfo: [/proc/self/status]	VmPTE:	     220 kB
20220312 061618.615 INFO             PET1 PIOc_sync Enter - MemInfo: [/proc/self/status]	VmPMD:	      12 kB
20220312 061618.615 INFO             PET1 PIOc_sync Enter - MemInfo: [/proc/self/status]	VmSwap:	       0 kB
20220312 061618.615 INFO             PET1 PIOc_sync Enter - MemInfo: [/proc/self/status]	VmRSSPercent: 0.0203764 %
20220312 061618.615 INFO             PET1 PIOc_sync Enter - MemInfo: [malloc] Non-mmapped space allocated:                19509248 Byte
20220312 061618.615 INFO             PET1 PIOc_sync Enter - MemInfo: [malloc] Space allocated in mmapped regions:                0 Byte
20220312 061618.616 INFO             PET1 PIOc_sync Enter - MemInfo: [malloc] Maximum total allocated space:                     0 Byte
20220312 061618.616 INFO             PET1 PIOc_sync Enter - MemInfo: [malloc] Space in freed fastbin blocks:                  2832 Byte
20220312 061618.616 INFO             PET1 PIOc_sync Enter - MemInfo: [malloc] Total allocated space:                      19015904 Byte
20220312 061618.617 INFO             PET1 PIOc_sync Enter - MemInfo: [malloc] Total free space:                             493344 Byte
20220312 061618.617 INFO             PET1 PIOc_sync Enter - MemInfo: [malloc] Top-most, releasable space:                   453152 Byte
20220312 061618.617 INFO             PET1 PIOc_sync Enter - MemInfo: [malloc] Total space in use, mmap + non-mmap:        19015904 Byte
20220312 061618.617 INFO             PET1 PIOc_sync Enter - MemInfo: [malloc] Total space held (mmap + non-mmap):         19509248 Byte
20220312 061618.617 INFO             PET1 PIOc_sync Enter - MemInfo: [malloc] Total space used (mmap + non-mmap):         19025232 Byte
20220312 061618.617 INFO             PET1 PIOc_sync Enter - MemInfo: Wall-clock time since execution start:              0.0183129 seconds
20220312 061618.618 INFO             PET1 PIOc_sync Exit - MemInfo: [/proc/meminfo - SSI]	MemTotal:       65507008 kB
20220312 061618.618 INFO             PET1 PIOc_sync Exit - MemInfo: [/proc/meminfo - SSI]	MemFree:        49857732 kB
20220312 061618.618 INFO             PET1 PIOc_sync Exit - MemInfo: [/proc/meminfo - SSI]	MemAvailable:   49613908 kB
20220312 061618.618 INFO             PET1 PIOc_sync Exit - MemInfo: [/proc/meminfo - SSI]	Committed_AS:   13181056 kB
20220312 061618.618 INFO             PET1 PIOc_sync Exit - MemInfo: [/proc/meminfo - SSI]	CommittedPercent: 20.1216 %
20220312 061618.618 INFO             PET1 PIOc_sync Exit - MemInfo: [/proc/self/status]	VmPeak:	  115664 kB
20220312 061618.618 INFO             PET1 PIOc_sync Exit - MemInfo: [/proc/self/status]	VmSize:	  115664 kB
20220312 061618.618 INFO             PET1 PIOc_sync Exit - MemInfo: [/proc/self/status]	VmLck:	       0 kB
20220312 061618.618 INFO             PET1 PIOc_sync Exit - MemInfo: [/proc/self/status]	VmPin:	       0 kB
20220312 061618.619 INFO             PET1 PIOc_sync Exit - MemInfo: [/proc/self/status]	VmHWM:	   13396 kB
20220312 061618.619 INFO             PET1 PIOc_sync Exit - MemInfo: [/proc/self/status]	VmRSS:	   13396 kB
20220312 061618.619 INFO             PET1 PIOc_sync Exit - MemInfo: [/proc/self/status]	VmData:	   22376 kB
20220312 061618.619 INFO             PET1 PIOc_sync Exit - MemInfo: [/proc/self/status]	VmStk:	     144 kB
20220312 061618.619 INFO             PET1 PIOc_sync Exit - MemInfo: [/proc/self/status]	VmExe:	     192 kB
20220312 061618.619 INFO             PET1 PIOc_sync Exit - MemInfo: [/proc/self/status]	VmLib:	   39524 kB
20220312 061618.619 INFO             PET1 PIOc_sync Exit - MemInfo: [/proc/self/status]	VmPTE:	     220 kB
20220312 061618.619 INFO             PET1 PIOc_sync Exit - MemInfo: [/proc/self/status]	VmPMD:	      12 kB
20220312 061618.619 INFO             PET1 PIOc_sync Exit - MemInfo: [/proc/self/status]	VmSwap:	       0 kB
20220312 061618.619 INFO             PET1 PIOc_sync Exit - MemInfo: [/proc/self/status]	VmRSSPercent: 0.0204497 %
20220312 061618.619 INFO             PET1 PIOc_sync Exit - MemInfo: [malloc] Non-mmapped space allocated:                19509248 Byte
20220312 061618.619 INFO             PET1 PIOc_sync Exit - MemInfo: [malloc] Space allocated in mmapped regions:                0 Byte
20220312 061618.619 INFO             PET1 PIOc_sync Exit - MemInfo: [malloc] Maximum total allocated space:                     0 Byte
20220312 061618.619 INFO             PET1 PIOc_sync Exit - MemInfo: [malloc] Space in freed fastbin blocks:                  1376 Byte
20220312 061618.619 INFO             PET1 PIOc_sync Exit - MemInfo: [malloc] Total allocated space:                      19014672 Byte
20220312 061618.619 INFO             PET1 PIOc_sync Exit - MemInfo: [malloc] Total free space:                             494576 Byte
20220312 061618.619 INFO             PET1 PIOc_sync Exit - MemInfo: [malloc] Top-most, releasable space:                   453152 Byte
20220312 061618.619 INFO             PET1 PIOc_sync Exit - MemInfo: [malloc] Total space in use, mmap + non-mmap:        19014672 Byte
20220312 061618.619 INFO             PET1 PIOc_sync Exit - MemInfo: [malloc] Total space held (mmap + non-mmap):         19509248 Byte
20220312 061618.619 INFO             PET1 PIOc_sync Exit - MemInfo: [malloc] Total space used (mmap + non-mmap):         19024000 Byte
20220312 061618.619 INFO             PET1 PIOc_sync Exit - MemInfo: Wall-clock time since execution start:              0.0204402 seconds
20220312 061618.619 INFO             PET1 PIOc_freedecomp Enter - MemInfo: [/proc/meminfo - SSI]	MemTotal:       65507008 kB
20220312 061618.619 INFO             PET1 PIOc_freedecomp Enter - MemInfo: [/proc/meminfo - SSI]	MemFree:        49857732 kB
20220312 061618.619 INFO             PET1 PIOc_freedecomp Enter - MemInfo: [/proc/meminfo - SSI]	MemAvailable:   49613908 kB
20220312 061618.619 INFO             PET1 PIOc_freedecomp Enter - MemInfo: [/proc/meminfo - SSI]	Committed_AS:   13181056 kB
20220312 061618.619 INFO             PET1 PIOc_freedecomp Enter - MemInfo: [/proc/meminfo - SSI]	CommittedPercent: 20.1216 %
20220312 061618.619 INFO             PET1 PIOc_freedecomp Enter - MemInfo: [/proc/self/status]	VmPeak:	  115664 kB
20220312 061618.619 INFO             PET1 PIOc_freedecomp Enter - MemInfo: [/proc/self/status]	VmSize:	  115664 kB
20220312 061618.619 INFO             PET1 PIOc_freedecomp Enter - MemInfo: [/proc/self/status]	VmLck:	       0 kB
20220312 061618.619 INFO             PET1 PIOc_freedecomp Enter - MemInfo: [/proc/self/status]	VmPin:	       0 kB
20220312 061618.619 INFO             PET1 PIOc_freedecomp Enter - MemInfo: [/proc/self/status]	VmHWM:	   13396 kB
20220312 061618.619 INFO             PET1 PIOc_freedecomp Enter - MemInfo: [/proc/self/status]	VmRSS:	   13396 kB
20220312 061618.619 INFO             PET1 PIOc_freedecomp Enter - MemInfo: [/proc/self/status]	VmData:	   22376 kB
20220312 061618.619 INFO             PET1 PIOc_freedecomp Enter - MemInfo: [/proc/self/status]	VmStk:	     144 kB
20220312 061618.619 INFO             PET1 PIOc_freedecomp Enter - MemInfo: [/proc/self/status]	VmExe:	     192 kB
20220312 061618.619 INFO             PET1 PIOc_freedecomp Enter - MemInfo: [/proc/self/status]	VmLib:	   39524 kB
20220312 061618.619 INFO             PET1 PIOc_freedecomp Enter - MemInfo: [/proc/self/status]	VmPTE:	     220 kB
20220312 061618.619 INFO             PET1 PIOc_freedecomp Enter - MemInfo: [/proc/self/status]	VmPMD:	      12 kB
20220312 061618.619 INFO             PET1 PIOc_freedecomp Enter - MemInfo: [/proc/self/status]	VmSwap:	       0 kB
20220312 061618.619 INFO             PET1 PIOc_freedecomp Enter - MemInfo: [/proc/self/status]	VmRSSPercent: 0.0204497 %
20220312 061618.619 INFO             PET1 PIOc_freedecomp Enter - MemInfo: [malloc] Non-mmapped space allocated:                19509248 Byte
20220312 061618.619 INFO             PET1 PIOc_freedecomp Enter - MemInfo: [malloc] Space allocated in mmapped regions:                0 Byte
20220312 061618.619 INFO             PET1 PIOc_freedecomp Enter - MemInfo: [malloc] Maximum total allocated space:                     0 Byte
20220312 061618.619 INFO             PET1 PIOc_freedecomp Enter - MemInfo: [malloc] Space in freed fastbin blocks:                  1328 Byte
20220312 061618.619 INFO             PET1 PIOc_freedecomp Enter - MemInfo: [malloc] Total allocated space:                      19012992 Byte
20220312 061618.619 INFO             PET1 PIOc_freedecomp Enter - MemInfo: [malloc] Total free space:                             496256 Byte
20220312 061618.619 INFO             PET1 PIOc_freedecomp Enter - MemInfo: [malloc] Top-most, releasable space:                   453152 Byte
20220312 061618.619 INFO             PET1 PIOc_freedecomp Enter - MemInfo: [malloc] Total space in use, mmap + non-mmap:        19012992 Byte
20220312 061618.619 INFO             PET1 PIOc_freedecomp Enter - MemInfo: [malloc] Total space held (mmap + non-mmap):         19509248 Byte
20220312 061618.619 INFO             PET1 PIOc_freedecomp Enter - MemInfo: [malloc] Total space used (mmap + non-mmap):         19022320 Byte
20220312 061618.619 INFO             PET1 PIOc_freedecomp Enter - MemInfo: Wall-clock time since execution start:              0.0208181 seconds
20220312 061618.619 INFO             PET1 PIOc_freedecomp Exit - MemInfo: [/proc/meminfo - SSI]	MemTotal:       65507008 kB
20220312 061618.619 INFO             PET1 PIOc_freedecomp Exit - MemInfo: [/proc/meminfo - SSI]	MemFree:        49857732 kB
20220312 061618.619 INFO             PET1 PIOc_freedecomp Exit - MemInfo: [/proc/meminfo - SSI]	MemAvailable:   49613908 kB
20220312 061618.619 INFO             PET1 PIOc_freedecomp Exit - MemInfo: [/proc/meminfo - SSI]	Committed_AS:   13181056 kB
20220312 061618.619 INFO             PET1 PIOc_freedecomp Exit - MemInfo: [/proc/meminfo - SSI]	CommittedPercent: 20.1216 %
20220312 061618.619 INFO             PET1 PIOc_freedecomp Exit - MemInfo: [/proc/self/status]	VmPeak:	  115664 kB
20220312 061618.619 INFO             PET1 PIOc_freedecomp Exit - MemInfo: [/proc/self/status]	VmSize:	  115664 kB
20220312 061618.619 INFO             PET1 PIOc_freedecomp Exit - MemInfo: [/proc/self/status]	VmLck:	       0 kB
20220312 061618.619 INFO             PET1 PIOc_freedecomp Exit - MemInfo: [/proc/self/status]	VmPin:	       0 kB
20220312 061618.619 INFO             PET1 PIOc_freedecomp Exit - MemInfo: [/proc/self/status]	VmHWM:	   13400 kB
20220312 061618.619 INFO             PET1 PIOc_freedecomp Exit - MemInfo: [/proc/self/status]	VmRSS:	   13400 kB
20220312 061618.619 INFO             PET1 PIOc_freedecomp Exit - MemInfo: [/proc/self/status]	VmData:	   22376 kB
20220312 061618.619 INFO             PET1 PIOc_freedecomp Exit - MemInfo: [/proc/self/status]	VmStk:	     144 kB
20220312 061618.619 INFO             PET1 PIOc_freedecomp Exit - MemInfo: [/proc/self/status]	VmExe:	     192 kB
20220312 061618.619 INFO             PET1 PIOc_freedecomp Exit - MemInfo: [/proc/self/status]	VmLib:	   39524 kB
20220312 061618.619 INFO             PET1 PIOc_freedecomp Exit - MemInfo: [/proc/self/status]	VmPTE:	     220 kB
20220312 061618.619 INFO             PET1 PIOc_freedecomp Exit - MemInfo: [/proc/self/status]	VmPMD:	      12 kB
20220312 061618.619 INFO             PET1 PIOc_freedecomp Exit - MemInfo: [/proc/self/status]	VmSwap:	       0 kB
20220312 061618.619 INFO             PET1 PIOc_freedecomp Exit - MemInfo: [/proc/self/status]	VmRSSPercent: 0.0204558 %
20220312 061618.619 INFO             PET1 PIOc_freedecomp Exit - MemInfo: [malloc] Non-mmapped space allocated:                19509248 Byte
20220312 061618.619 INFO             PET1 PIOc_freedecomp Exit - MemInfo: [malloc] Space allocated in mmapped regions:                0 Byte
20220312 061618.619 INFO             PET1 PIOc_freedecomp Exit - MemInfo: [malloc] Maximum total allocated space:                     0 Byte
20220312 061618.619 INFO             PET1 PIOc_freedecomp Exit - MemInfo: [malloc] Space in freed fastbin blocks:                  1600 Byte
20220312 061618.619 INFO             PET1 PIOc_freedecomp Exit - MemInfo: [malloc] Total allocated space:                      19010704 Byte
20220312 061618.619 INFO             PET1 PIOc_freedecomp Exit - MemInfo: [malloc] Total free space:                             498544 Byte
20220312 061618.619 INFO             PET1 PIOc_freedecomp Exit - MemInfo: [malloc] Top-most, releasable space:                   453152 Byte
20220312 061618.619 INFO             PET1 PIOc_freedecomp Exit - MemInfo: [malloc] Total space in use, mmap + non-mmap:        19010704 Byte
20220312 061618.619 INFO             PET1 PIOc_freedecomp Exit - MemInfo: [malloc] Total space held (mmap + non-mmap):         19509248 Byte
20220312 061618.619 INFO             PET1 PIOc_freedecomp Exit - MemInfo: [malloc] Total space used (mmap + non-mmap):         19020032 Byte
20220312 061618.619 INFO             PET1 PIOc_freedecomp Exit - MemInfo: Wall-clock time since execution start:              0.0211656 seconds
20220312 061618.621 INFO             PET1 PIOc_sync Enter - MemInfo: [/proc/meminfo - SSI]	MemTotal:       65507008 kB
20220312 061618.621 INFO             PET1 PIOc_sync Enter - MemInfo: [/proc/meminfo - SSI]	MemFree:        49857228 kB
20220312 061618.621 INFO             PET1 PIOc_sync Enter - MemInfo: [/proc/meminfo - SSI]	MemAvailable:   49613404 kB
20220312 061618.621 INFO             PET1 PIOc_sync Enter - MemInfo: [/proc/meminfo - SSI]	Committed_AS:   13181056 kB
20220312 061618.621 INFO             PET1 PIOc_sync Enter - MemInfo: [/proc/meminfo - SSI]	CommittedPercent: 20.1216 %
20220312 061618.621 INFO             PET1 PIOc_sync Enter - MemInfo: [/proc/self/status]	VmPeak:	  115664 kB
20220312 061618.621 INFO             PET1 PIOc_sync Enter - MemInfo: [/proc/self/status]	VmSize:	  115664 kB
20220312 061618.621 INFO             PET1 PIOc_sync Enter - MemInfo: [/proc/self/status]	VmLck:	       0 kB
20220312 061618.621 INFO             PET1 PIOc_sync Enter - MemInfo: [/proc/self/status]	VmPin:	       0 kB
20220312 061618.621 INFO             PET1 PIOc_sync Enter - MemInfo: [/proc/self/status]	VmHWM:	   13408 kB
20220312 061618.621 INFO             PET1 PIOc_sync Enter - MemInfo: [/proc/self/status]	VmRSS:	   13408 kB
20220312 061618.621 INFO             PET1 PIOc_sync Enter - MemInfo: [/proc/self/status]	VmData:	   22376 kB
20220312 061618.621 INFO             PET1 PIOc_sync Enter - MemInfo: [/proc/self/status]	VmStk:	     144 kB
20220312 061618.621 INFO             PET1 PIOc_sync Enter - MemInfo: [/proc/self/status]	VmExe:	     192 kB
20220312 061618.621 INFO             PET1 PIOc_sync Enter - MemInfo: [/proc/self/status]	VmLib:	   39524 kB
20220312 061618.621 INFO             PET1 PIOc_sync Enter - MemInfo: [/proc/self/status]	VmPTE:	     220 kB
20220312 061618.621 INFO             PET1 PIOc_sync Enter - MemInfo: [/proc/self/status]	VmPMD:	      12 kB
20220312 061618.621 INFO             PET1 PIOc_sync Enter - MemInfo: [/proc/self/status]	VmSwap:	       0 kB
20220312 061618.621 INFO             PET1 PIOc_sync Enter - MemInfo: [/proc/self/status]	VmRSSPercent: 0.020468 %
20220312 061618.621 INFO             PET1 PIOc_sync Enter - MemInfo: [malloc] Non-mmapped space allocated:                19509248 Byte
20220312 061618.621 INFO             PET1 PIOc_sync Enter - MemInfo: [malloc] Space allocated in mmapped regions:                0 Byte
20220312 061618.621 INFO             PET1 PIOc_sync Enter - MemInfo: [malloc] Maximum total allocated space:                     0 Byte
20220312 061618.621 INFO             PET1 PIOc_sync Enter - MemInfo: [malloc] Space in freed fastbin blocks:                  2816 Byte
20220312 061618.621 INFO             PET1 PIOc_sync Enter - MemInfo: [malloc] Total allocated space:                      19015776 Byte
20220312 061618.621 INFO             PET1 PIOc_sync Enter - MemInfo: [malloc] Total free space:                             493472 Byte
20220312 061618.621 INFO             PET1 PIOc_sync Enter - MemInfo: [malloc] Top-most, releasable space:                   453152 Byte
20220312 061618.621 INFO             PET1 PIOc_sync Enter - MemInfo: [malloc] Total space in use, mmap + non-mmap:        19015776 Byte
20220312 061618.621 INFO             PET1 PIOc_sync Enter - MemInfo: [malloc] Total space held (mmap + non-mmap):         19509248 Byte
20220312 061618.621 INFO             PET1 PIOc_sync Enter - MemInfo: [malloc] Total space used (mmap + non-mmap):         19025104 Byte
20220312 061618.621 INFO             PET1 PIOc_sync Enter - MemInfo: Wall-clock time since execution start:               0.023113 seconds
20220312 061618.621 INFO             PET1 PIOc_sync Exit - MemInfo: [/proc/meminfo - SSI]	MemTotal:       65507008 kB
20220312 061618.621 INFO             PET1 PIOc_sync Exit - MemInfo: [/proc/meminfo - SSI]	MemFree:        49857228 kB
20220312 061618.621 INFO             PET1 PIOc_sync Exit - MemInfo: [/proc/meminfo - SSI]	MemAvailable:   49613404 kB
20220312 061618.621 INFO             PET1 PIOc_sync Exit - MemInfo: [/proc/meminfo - SSI]	Committed_AS:   13181056 kB
20220312 061618.622 INFO             PET1 PIOc_sync Exit - MemInfo: [/proc/meminfo - SSI]	CommittedPercent: 20.1216 %
20220312 061618.622 INFO             PET1 PIOc_sync Exit - MemInfo: [/proc/self/status]	VmPeak:	  115664 kB
20220312 061618.622 INFO             PET1 PIOc_sync Exit - MemInfo: [/proc/self/status]	VmSize:	  115664 kB
20220312 061618.622 INFO             PET1 PIOc_sync Exit - MemInfo: [/proc/self/status]	VmLck:	       0 kB
20220312 061618.622 INFO             PET1 PIOc_sync Exit - MemInfo: [/proc/self/status]	VmPin:	       0 kB
20220312 061618.622 INFO             PET1 PIOc_sync Exit - MemInfo: [/proc/self/status]	VmHWM:	   13408 kB
20220312 061618.622 INFO             PET1 PIOc_sync Exit - MemInfo: [/proc/self/status]	VmRSS:	   13408 kB
20220312 061618.622 INFO             PET1 PIOc_sync Exit - MemInfo: [/proc/self/status]	VmData:	   22376 kB
20220312 061618.622 INFO             PET1 PIOc_sync Exit - MemInfo: [/proc/self/status]	VmStk:	     144 kB
20220312 061618.622 INFO             PET1 PIOc_sync Exit - MemInfo: [/proc/self/status]	VmExe:	     192 kB
20220312 061618.622 INFO             PET1 PIOc_sync Exit - MemInfo: [/proc/self/status]	VmLib:	   39524 kB
20220312 061618.622 INFO             PET1 PIOc_sync Exit - MemInfo: [/proc/self/status]	VmPTE:	     220 kB
20220312 061618.622 INFO             PET1 PIOc_sync Exit - MemInfo: [/proc/self/status]	VmPMD:	      12 kB
20220312 061618.622 INFO             PET1 PIOc_sync Exit - MemInfo: [/proc/self/status]	VmSwap:	       0 kB
20220312 061618.622 INFO             PET1 PIOc_sync Exit - MemInfo: [/proc/self/status]	VmRSSPercent: 0.020468 %
20220312 061618.622 INFO             PET1 PIOc_sync Exit - MemInfo: [malloc] Non-mmapped space allocated:                19509248 Byte
20220312 061618.622 INFO             PET1 PIOc_sync Exit - MemInfo: [malloc] Space allocated in mmapped regions:                0 Byte
20220312 061618.622 INFO             PET1 PIOc_sync Exit - MemInfo: [malloc] Maximum total allocated space:                     0 Byte
20220312 061618.622 INFO             PET1 PIOc_sync Exit - MemInfo: [malloc] Space in freed fastbin blocks:                  1616 Byte
20220312 061618.622 INFO             PET1 PIOc_sync Exit - MemInfo: [malloc] Total allocated space:                      19014800 Byte
20220312 061618.622 INFO             PET1 PIOc_sync Exit - MemInfo: [malloc] Total free space:                             494448 Byte
20220312 061618.622 INFO             PET1 PIOc_sync Exit - MemInfo: [malloc] Top-most, releasable space:                   453152 Byte
20220312 061618.622 INFO             PET1 PIOc_sync Exit - MemInfo: [malloc] Total space in use, mmap + non-mmap:        19014800 Byte
20220312 061618.622 INFO             PET1 PIOc_sync Exit - MemInfo: [malloc] Total space held (mmap + non-mmap):         19509248 Byte
20220312 061618.622 INFO             PET1 PIOc_sync Exit - MemInfo: [malloc] Total space used (mmap + non-mmap):         19024128 Byte
20220312 061618.622 INFO             PET1 PIOc_sync Exit - MemInfo: Wall-clock time since execution start:              0.0235185 seconds
20220312 061618.622 INFO             PET1 PIOc_freedecomp Enter - MemInfo: [/proc/meminfo - SSI]	MemTotal:       65507008 kB
20220312 061618.622 INFO             PET1 PIOc_freedecomp Enter - MemInfo: [/proc/meminfo - SSI]	MemFree:        49857228 kB
20220312 061618.622 INFO             PET1 PIOc_freedecomp Enter - MemInfo: [/proc/meminfo - SSI]	MemAvailable:   49613404 kB
20220312 061618.622 INFO             PET1 PIOc_freedecomp Enter - MemInfo: [/proc/meminfo - SSI]	Committed_AS:   13181056 kB
20220312 061618.622 INFO             PET1 PIOc_freedecomp Enter - MemInfo: [/proc/meminfo - SSI]	CommittedPercent: 20.1216 %
20220312 061618.622 INFO             PET1 PIOc_freedecomp Enter - MemInfo: [/proc/self/status]	VmPeak:	  115664 kB
20220312 061618.622 INFO             PET1 PIOc_freedecomp Enter - MemInfo: [/proc/self/status]	VmSize:	  115664 kB
20220312 061618.622 INFO             PET1 PIOc_freedecomp Enter - MemInfo: [/proc/self/status]	VmLck:	       0 kB
20220312 061618.622 INFO             PET1 PIOc_freedecomp Enter - MemInfo: [/proc/self/status]	VmPin:	       0 kB
20220312 061618.622 INFO             PET1 PIOc_freedecomp Enter - MemInfo: [/proc/self/status]	VmHWM:	   13408 kB
20220312 061618.622 INFO             PET1 PIOc_freedecomp Enter - MemInfo: [/proc/self/status]	VmRSS:	   13408 kB
20220312 061618.622 INFO             PET1 PIOc_freedecomp Enter - MemInfo: [/proc/self/status]	VmData:	   22376 kB
20220312 061618.622 INFO             PET1 PIOc_freedecomp Enter - MemInfo: [/proc/self/status]	VmStk:	     144 kB
20220312 061618.622 INFO             PET1 PIOc_freedecomp Enter - MemInfo: [/proc/self/status]	VmExe:	     192 kB
20220312 061618.622 INFO             PET1 PIOc_freedecomp Enter - MemInfo: [/proc/self/status]	VmLib:	   39524 kB
20220312 061618.622 INFO             PET1 PIOc_freedecomp Enter - MemInfo: [/proc/self/status]	VmPTE:	     220 kB
20220312 061618.622 INFO             PET1 PIOc_freedecomp Enter - MemInfo: [/proc/self/status]	VmPMD:	      12 kB
20220312 061618.622 INFO             PET1 PIOc_freedecomp Enter - MemInfo: [/proc/self/status]	VmSwap:	       0 kB
20220312 061618.622 INFO             PET1 PIOc_freedecomp Enter - MemInfo: [/proc/self/status]	VmRSSPercent: 0.020468 %
20220312 061618.622 INFO             PET1 PIOc_freedecomp Enter - MemInfo: [malloc] Non-mmapped space allocated:                19509248 Byte
20220312 061618.622 INFO             PET1 PIOc_freedecomp Enter - MemInfo: [malloc] Space allocated in mmapped regions:                0 Byte
20220312 061618.622 INFO             PET1 PIOc_freedecomp Enter - MemInfo: [malloc] Maximum total allocated space:                     0 Byte
20220312 061618.622 INFO             PET1 PIOc_freedecomp Enter - MemInfo: [malloc] Space in freed fastbin blocks:                  1456 Byte
20220312 061618.622 INFO             PET1 PIOc_freedecomp Enter - MemInfo: [malloc] Total allocated space:                      19012960 Byte
20220312 061618.622 INFO             PET1 PIOc_freedecomp Enter - MemInfo: [malloc] Total free space:                             496288 Byte
20220312 061618.622 INFO             PET1 PIOc_freedecomp Enter - MemInfo: [malloc] Top-most, releasable space:                   453152 Byte
20220312 061618.622 INFO             PET1 PIOc_freedecomp Enter - MemInfo: [malloc] Total space in use, mmap + non-mmap:        19012960 Byte
20220312 061618.622 INFO             PET1 PIOc_freedecomp Enter - MemInfo: [malloc] Total space held (mmap + non-mmap):         19509248 Byte
20220312 061618.622 INFO             PET1 PIOc_freedecomp Enter - MemInfo: [malloc] Total space used (mmap + non-mmap):         19022304 Byte
20220312 061618.622 INFO             PET1 PIOc_freedecomp Enter - MemInfo: Wall-clock time since execution start:               0.023888 seconds
20220312 061618.622 INFO             PET1 PIOc_freedecomp Exit - MemInfo: [/proc/meminfo - SSI]	MemTotal:       65507008 kB
20220312 061618.622 INFO             PET1 PIOc_freedecomp Exit - MemInfo: [/proc/meminfo - SSI]	MemFree:        49857228 kB
20220312 061618.622 INFO             PET1 PIOc_freedecomp Exit - MemInfo: [/proc/meminfo - SSI]	MemAvailable:   49613404 kB
20220312 061618.622 INFO             PET1 PIOc_freedecomp Exit - MemInfo: [/proc/meminfo - SSI]	Committed_AS:   13181056 kB
20220312 061618.622 INFO             PET1 PIOc_freedecomp Exit - MemInfo: [/proc/meminfo - SSI]	CommittedPercent: 20.1216 %
20220312 061618.622 INFO             PET1 PIOc_freedecomp Exit - MemInfo: [/proc/self/status]	VmPeak:	  115664 kB
20220312 061618.622 INFO             PET1 PIOc_freedecomp Exit - MemInfo: [/proc/self/status]	VmSize:	  115664 kB
20220312 061618.622 INFO             PET1 PIOc_freedecomp Exit - MemInfo: [/proc/self/status]	VmLck:	       0 kB
20220312 061618.622 INFO             PET1 PIOc_freedecomp Exit - MemInfo: [/proc/self/status]	VmPin:	       0 kB
20220312 061618.622 INFO             PET1 PIOc_freedecomp Exit - MemInfo: [/proc/self/status]	VmHWM:	   13408 kB
20220312 061618.622 INFO             PET1 PIOc_freedecomp Exit - MemInfo: [/proc/self/status]	VmRSS:	   13408 kB
20220312 061618.622 INFO             PET1 PIOc_freedecomp Exit - MemInfo: [/proc/self/status]	VmData:	   22376 kB
20220312 061618.622 INFO             PET1 PIOc_freedecomp Exit - MemInfo: [/proc/self/status]	VmStk:	     144 kB
20220312 061618.622 INFO             PET1 PIOc_freedecomp Exit - MemInfo: [/proc/self/status]	VmExe:	     192 kB
20220312 061618.622 INFO             PET1 PIOc_freedecomp Exit - MemInfo: [/proc/self/status]	VmLib:	   39524 kB
20220312 061618.622 INFO             PET1 PIOc_freedecomp Exit - MemInfo: [/proc/self/status]	VmPTE:	     220 kB
20220312 061618.622 INFO             PET1 PIOc_freedecomp Exit - MemInfo: [/proc/self/status]	VmPMD:	      12 kB
20220312 061618.622 INFO             PET1 PIOc_freedecomp Exit - MemInfo: [/proc/self/status]	VmSwap:	       0 kB
20220312 061618.622 INFO             PET1 PIOc_freedecomp Exit - MemInfo: [/proc/self/status]	VmRSSPercent: 0.020468 %
20220312 061618.622 INFO             PET1 PIOc_freedecomp Exit - MemInfo: [malloc] Non-mmapped space allocated:                19509248 Byte
20220312 061618.622 INFO             PET1 PIOc_freedecomp Exit - MemInfo: [malloc] Space allocated in mmapped regions:                0 Byte
20220312 061618.622 INFO             PET1 PIOc_freedecomp Exit - MemInfo: [malloc] Maximum total allocated space:                     0 Byte
20220312 061618.622 INFO             PET1 PIOc_freedecomp Exit - MemInfo: [malloc] Space in freed fastbin blocks:                  1712 Byte
20220312 061618.622 INFO             PET1 PIOc_freedecomp Exit - MemInfo: [malloc] Total allocated space:                      19010688 Byte
20220312 061618.622 INFO             PET1 PIOc_freedecomp Exit - MemInfo: [malloc] Total free space:                             498560 Byte
20220312 061618.622 INFO             PET1 PIOc_freedecomp Exit - MemInfo: [malloc] Top-most, releasable space:                   453152 Byte
20220312 061618.622 INFO             PET1 PIOc_freedecomp Exit - MemInfo: [malloc] Total space in use, mmap + non-mmap:        19010688 Byte
20220312 061618.622 INFO             PET1 PIOc_freedecomp Exit - MemInfo: [malloc] Total space held (mmap + non-mmap):         19509248 Byte
20220312 061618.622 INFO             PET1 PIOc_freedecomp Exit - MemInfo: [malloc] Total space used (mmap + non-mmap):         19020016 Byte
20220312 061618.622 INFO             PET1 PIOc_freedecomp Exit - MemInfo: Wall-clock time since execution start:              0.0242167 seconds
20220312 061618.623 INFO             PET1 PIOc_sync Enter - MemInfo: [/proc/meminfo - SSI]	MemTotal:       65507008 kB
20220312 061618.623 INFO             PET1 PIOc_sync Enter - MemInfo: [/proc/meminfo - SSI]	MemFree:        49857228 kB
20220312 061618.623 INFO             PET1 PIOc_sync Enter - MemInfo: [/proc/meminfo - SSI]	MemAvailable:   49613404 kB
20220312 061618.623 INFO             PET1 PIOc_sync Enter - MemInfo: [/proc/meminfo - SSI]	Committed_AS:   13181056 kB
20220312 061618.623 INFO             PET1 PIOc_sync Enter - MemInfo: [/proc/meminfo - SSI]	CommittedPercent: 20.1216 %
20220312 061618.623 INFO             PET1 PIOc_sync Enter - MemInfo: [/proc/self/status]	VmPeak:	  115664 kB
20220312 061618.623 INFO             PET1 PIOc_sync Enter - MemInfo: [/proc/self/status]	VmSize:	  115664 kB
20220312 061618.623 INFO             PET1 PIOc_sync Enter - MemInfo: [/proc/self/status]	VmLck:	       0 kB
20220312 061618.623 INFO             PET1 PIOc_sync Enter - MemInfo: [/proc/self/status]	VmPin:	       0 kB
20220312 061618.623 INFO             PET1 PIOc_sync Enter - MemInfo: [/proc/self/status]	VmHWM:	   13408 kB
20220312 061618.623 INFO             PET1 PIOc_sync Enter - MemInfo: [/proc/self/status]	VmRSS:	   13408 kB
20220312 061618.623 INFO             PET1 PIOc_sync Enter - MemInfo: [/proc/self/status]	VmData:	   22376 kB
20220312 061618.623 INFO             PET1 PIOc_sync Enter - MemInfo: [/proc/self/status]	VmStk:	     144 kB
20220312 061618.623 INFO             PET1 PIOc_sync Enter - MemInfo: [/proc/self/status]	VmExe:	     192 kB
20220312 061618.623 INFO             PET1 PIOc_sync Enter - MemInfo: [/proc/self/status]	VmLib:	   39524 kB
20220312 061618.623 INFO             PET1 PIOc_sync Enter - MemInfo: [/proc/self/status]	VmPTE:	     220 kB
20220312 061618.623 INFO             PET1 PIOc_sync Enter - MemInfo: [/proc/self/status]	VmPMD:	      12 kB
20220312 061618.623 INFO             PET1 PIOc_sync Enter - MemInfo: [/proc/self/status]	VmSwap:	       0 kB
20220312 061618.623 INFO             PET1 PIOc_sync Enter - MemInfo: [/proc/self/status]	VmRSSPercent: 0.020468 %
20220312 061618.623 INFO             PET1 PIOc_sync Enter - MemInfo: [malloc] Non-mmapped space allocated:                19509248 Byte
20220312 061618.623 INFO             PET1 PIOc_sync Enter - MemInfo: [malloc] Space allocated in mmapped regions:                0 Byte
20220312 061618.623 INFO             PET1 PIOc_sync Enter - MemInfo: [malloc] Maximum total allocated space:                     0 Byte
20220312 061618.623 INFO             PET1 PIOc_sync Enter - MemInfo: [malloc] Space in freed fastbin blocks:                  2800 Byte
20220312 061618.623 INFO             PET1 PIOc_sync Enter - MemInfo: [malloc] Total allocated space:                      19015920 Byte
20220312 061618.623 INFO             PET1 PIOc_sync Enter - MemInfo: [malloc] Total free space:                             493328 Byte
20220312 061618.623 INFO             PET1 PIOc_sync Enter - MemInfo: [malloc] Top-most, releasable space:                   453152 Byte
20220312 061618.623 INFO             PET1 PIOc_sync Enter - MemInfo: [malloc] Total space in use, mmap + non-mmap:        19015920 Byte
20220312 061618.624 INFO             PET1 PIOc_sync Enter - MemInfo: [malloc] Total space held (mmap + non-mmap):         19509248 Byte
20220312 061618.624 INFO             PET1 PIOc_sync Enter - MemInfo: [malloc] Total space used (mmap + non-mmap):         19025248 Byte
20220312 061618.624 INFO             PET1 PIOc_sync Enter - MemInfo: Wall-clock time since execution start:              0.0252675 seconds
20220312 061618.626 INFO             PET1 PIOc_sync Exit - MemInfo: [/proc/meminfo - SSI]	MemTotal:       65507008 kB
20220312 061618.626 INFO             PET1 PIOc_sync Exit - MemInfo: [/proc/meminfo - SSI]	MemFree:        49857228 kB
20220312 061618.626 INFO             PET1 PIOc_sync Exit - MemInfo: [/proc/meminfo - SSI]	MemAvailable:   49613404 kB
20220312 061618.626 INFO             PET1 PIOc_sync Exit - MemInfo: [/proc/meminfo - SSI]	Committed_AS:   13181056 kB
20220312 061618.626 INFO             PET1 PIOc_sync Exit - MemInfo: [/proc/meminfo - SSI]	CommittedPercent: 20.1216 %
20220312 061618.626 INFO             PET1 PIOc_sync Exit - MemInfo: [/proc/self/status]	VmPeak:	  115664 kB
20220312 061618.626 INFO             PET1 PIOc_sync Exit - MemInfo: [/proc/self/status]	VmSize:	  115664 kB
20220312 061618.626 INFO             PET1 PIOc_sync Exit - MemInfo: [/proc/self/status]	VmLck:	       0 kB
20220312 061618.626 INFO             PET1 PIOc_sync Exit - MemInfo: [/proc/self/status]	VmPin:	       0 kB
20220312 061618.626 INFO             PET1 PIOc_sync Exit - MemInfo: [/proc/self/status]	VmHWM:	   13408 kB
20220312 061618.626 INFO             PET1 PIOc_sync Exit - MemInfo: [/proc/self/status]	VmRSS:	   13408 kB
20220312 061618.626 INFO             PET1 PIOc_sync Exit - MemInfo: [/proc/self/status]	VmData:	   22376 kB
20220312 061618.626 INFO             PET1 PIOc_sync Exit - MemInfo: [/proc/self/status]	VmStk:	     144 kB
20220312 061618.626 INFO             PET1 PIOc_sync Exit - MemInfo: [/proc/self/status]	VmExe:	     192 kB
20220312 061618.626 INFO             PET1 PIOc_sync Exit - MemInfo: [/proc/self/status]	VmLib:	   39524 kB
20220312 061618.626 INFO             PET1 PIOc_sync Exit - MemInfo: [/proc/self/status]	VmPTE:	     220 kB
20220312 061618.626 INFO             PET1 PIOc_sync Exit - MemInfo: [/proc/self/status]	VmPMD:	      12 kB
20220312 061618.626 INFO             PET1 PIOc_sync Exit - MemInfo: [/proc/self/status]	VmSwap:	       0 kB
20220312 061618.626 INFO             PET1 PIOc_sync Exit - MemInfo: [/proc/self/status]	VmRSSPercent: 0.020468 %
20220312 061618.626 INFO             PET1 PIOc_sync Exit - MemInfo: [malloc] Non-mmapped space allocated:                19509248 Byte
20220312 061618.626 INFO             PET1 PIOc_sync Exit - MemInfo: [malloc] Space allocated in mmapped regions:                0 Byte
20220312 061618.626 INFO             PET1 PIOc_sync Exit - MemInfo: [malloc] Maximum total allocated space:                     0 Byte
20220312 061618.626 INFO             PET1 PIOc_sync Exit - MemInfo: [malloc] Space in freed fastbin blocks:                  1504 Byte
20220312 061618.626 INFO             PET1 PIOc_sync Exit - MemInfo: [malloc] Total allocated space:                      19014944 Byte
20220312 061618.626 INFO             PET1 PIOc_sync Exit - MemInfo: [malloc] Total free space:                             494304 Byte
20220312 061618.626 INFO             PET1 PIOc_sync Exit - MemInfo: [malloc] Top-most, releasable space:                   453152 Byte
20220312 061618.626 INFO             PET1 PIOc_sync Exit - MemInfo: [malloc] Total space in use, mmap + non-mmap:        19014944 Byte
20220312 061618.626 INFO             PET1 PIOc_sync Exit - MemInfo: [malloc] Total space held (mmap + non-mmap):         19509248 Byte
20220312 061618.626 INFO             PET1 PIOc_sync Exit - MemInfo: [malloc] Total space used (mmap + non-mmap):         19024272 Byte
20220312 061618.626 INFO             PET1 PIOc_sync Exit - MemInfo: Wall-clock time since execution start:              0.0276887 seconds
20220312 061618.626 INFO             PET1 PIOc_freedecomp Enter - MemInfo: [/proc/meminfo - SSI]	MemTotal:       65507008 kB
20220312 061618.626 INFO             PET1 PIOc_freedecomp Enter - MemInfo: [/proc/meminfo - SSI]	MemFree:        49857228 kB
20220312 061618.626 INFO             PET1 PIOc_freedecomp Enter - MemInfo: [/proc/meminfo - SSI]	MemAvailable:   49613404 kB
20220312 061618.626 INFO             PET1 PIOc_freedecomp Enter - MemInfo: [/proc/meminfo - SSI]	Committed_AS:   13181056 kB
20220312 061618.626 INFO             PET1 PIOc_freedecomp Enter - MemInfo: [/proc/meminfo - SSI]	CommittedPercent: 20.1216 %
20220312 061618.626 INFO             PET1 PIOc_freedecomp Enter - MemInfo: [/proc/self/status]	VmPeak:	  115664 kB
20220312 061618.626 INFO             PET1 PIOc_freedecomp Enter - MemInfo: [/proc/self/status]	VmSize:	  115664 kB
20220312 061618.626 INFO             PET1 PIOc_freedecomp Enter - MemInfo: [/proc/self/status]	VmLck:	       0 kB
20220312 061618.626 INFO             PET1 PIOc_freedecomp Enter - MemInfo: [/proc/self/status]	VmPin:	       0 kB
20220312 061618.626 INFO             PET1 PIOc_freedecomp Enter - MemInfo: [/proc/self/status]	VmHWM:	   13408 kB
20220312 061618.626 INFO             PET1 PIOc_freedecomp Enter - MemInfo: [/proc/self/status]	VmRSS:	   13408 kB
20220312 061618.626 INFO             PET1 PIOc_freedecomp Enter - MemInfo: [/proc/self/status]	VmData:	   22376 kB
20220312 061618.626 INFO             PET1 PIOc_freedecomp Enter - MemInfo: [/proc/self/status]	VmStk:	     144 kB
20220312 061618.626 INFO             PET1 PIOc_freedecomp Enter - MemInfo: [/proc/self/status]	VmExe:	     192 kB
20220312 061618.626 INFO             PET1 PIOc_freedecomp Enter - MemInfo: [/proc/self/status]	VmLib:	   39524 kB
20220312 061618.626 INFO             PET1 PIOc_freedecomp Enter - MemInfo: [/proc/self/status]	VmPTE:	     220 kB
20220312 061618.626 INFO             PET1 PIOc_freedecomp Enter - MemInfo: [/proc/self/status]	VmPMD:	      12 kB
20220312 061618.626 INFO             PET1 PIOc_freedecomp Enter - MemInfo: [/proc/self/status]	VmSwap:	       0 kB
20220312 061618.626 INFO             PET1 PIOc_freedecomp Enter - MemInfo: [/proc/self/status]	VmRSSPercent: 0.020468 %
20220312 061618.626 INFO             PET1 PIOc_freedecomp Enter - MemInfo: [malloc] Non-mmapped space allocated:                19509248 Byte
20220312 061618.626 INFO             PET1 PIOc_freedecomp Enter - MemInfo: [malloc] Space allocated in mmapped regions:                0 Byte
20220312 061618.626 INFO             PET1 PIOc_freedecomp Enter - MemInfo: [malloc] Maximum total allocated space:                     0 Byte
20220312 061618.626 INFO             PET1 PIOc_freedecomp Enter - MemInfo: [malloc] Space in freed fastbin blocks:                  1312 Byte
20220312 061618.626 INFO             PET1 PIOc_freedecomp Enter - MemInfo: [malloc] Total allocated space:                      19012960 Byte
20220312 061618.626 INFO             PET1 PIOc_freedecomp Enter - MemInfo: [malloc] Total free space:                             496288 Byte
20220312 061618.626 INFO             PET1 PIOc_freedecomp Enter - MemInfo: [malloc] Top-most, releasable space:                   453152 Byte
20220312 061618.626 INFO             PET1 PIOc_freedecomp Enter - MemInfo: [malloc] Total space in use, mmap + non-mmap:        19012960 Byte
20220312 061618.626 INFO             PET1 PIOc_freedecomp Enter - MemInfo: [malloc] Total space held (mmap + non-mmap):         19509248 Byte
20220312 061618.626 INFO             PET1 PIOc_freedecomp Enter - MemInfo: [malloc] Total space used (mmap + non-mmap):         19022288 Byte
20220312 061618.626 INFO             PET1 PIOc_freedecomp Enter - MemInfo: Wall-clock time since execution start:              0.0281213 seconds
20220312 061618.626 INFO             PET1 PIOc_freedecomp Exit - MemInfo: [/proc/meminfo - SSI]	MemTotal:       65507008 kB
20220312 061618.626 INFO             PET1 PIOc_freedecomp Exit - MemInfo: [/proc/meminfo - SSI]	MemFree:        49857228 kB
20220312 061618.626 INFO             PET1 PIOc_freedecomp Exit - MemInfo: [/proc/meminfo - SSI]	MemAvailable:   49613404 kB
20220312 061618.626 INFO             PET1 PIOc_freedecomp Exit - MemInfo: [/proc/meminfo - SSI]	Committed_AS:   13181056 kB
20220312 061618.626 INFO             PET1 PIOc_freedecomp Exit - MemInfo: [/proc/meminfo - SSI]	CommittedPercent: 20.1216 %
20220312 061618.626 INFO             PET1 PIOc_freedecomp Exit - MemInfo: [/proc/self/status]	VmPeak:	  115664 kB
20220312 061618.626 INFO             PET1 PIOc_freedecomp Exit - MemInfo: [/proc/self/status]	VmSize:	  115664 kB
20220312 061618.626 INFO             PET1 PIOc_freedecomp Exit - MemInfo: [/proc/self/status]	VmLck:	       0 kB
20220312 061618.627 INFO             PET1 PIOc_freedecomp Exit - MemInfo: [/proc/self/status]	VmPin:	       0 kB
20220312 061618.627 INFO             PET1 PIOc_freedecomp Exit - MemInfo: [/proc/self/status]	VmHWM:	   13408 kB
20220312 061618.627 INFO             PET1 PIOc_freedecomp Exit - MemInfo: [/proc/self/status]	VmRSS:	   13408 kB
20220312 061618.627 INFO             PET1 PIOc_freedecomp Exit - MemInfo: [/proc/self/status]	VmData:	   22376 kB
20220312 061618.627 INFO             PET1 PIOc_freedecomp Exit - MemInfo: [/proc/self/status]	VmStk:	     144 kB
20220312 061618.627 INFO             PET1 PIOc_freedecomp Exit - MemInfo: [/proc/self/status]	VmExe:	     192 kB
20220312 061618.627 INFO             PET1 PIOc_freedecomp Exit - MemInfo: [/proc/self/status]	VmLib:	   39524 kB
20220312 061618.627 INFO             PET1 PIOc_freedecomp Exit - MemInfo: [/proc/self/status]	VmPTE:	     220 kB
20220312 061618.627 INFO             PET1 PIOc_freedecomp Exit - MemInfo: [/proc/self/status]	VmPMD:	      12 kB
20220312 061618.627 INFO             PET1 PIOc_freedecomp Exit - MemInfo: [/proc/self/status]	VmSwap:	       0 kB
20220312 061618.627 INFO             PET1 PIOc_freedecomp Exit - MemInfo: [/proc/self/status]	VmRSSPercent: 0.020468 %
20220312 061618.627 INFO             PET1 PIOc_freedecomp Exit - MemInfo: [malloc] Non-mmapped space allocated:                19509248 Byte
20220312 061618.627 INFO             PET1 PIOc_freedecomp Exit - MemInfo: [malloc] Space allocated in mmapped regions:                0 Byte
20220312 061618.627 INFO             PET1 PIOc_freedecomp Exit - MemInfo: [malloc] Maximum total allocated space:                     0 Byte
20220312 061618.627 INFO             PET1 PIOc_freedecomp Exit - MemInfo: [malloc] Space in freed fastbin blocks:                  1568 Byte
20220312 061618.627 INFO             PET1 PIOc_freedecomp Exit - MemInfo: [malloc] Total allocated space:                      19010688 Byte
20220312 061618.627 INFO             PET1 PIOc_freedecomp Exit - MemInfo: [malloc] Total free space:                             498560 Byte
20220312 061618.627 INFO             PET1 PIOc_freedecomp Exit - MemInfo: [malloc] Top-most, releasable space:                   453152 Byte
20220312 061618.627 INFO             PET1 PIOc_freedecomp Exit - MemInfo: [malloc] Total space in use, mmap + non-mmap:        19010688 Byte
20220312 061618.627 INFO             PET1 PIOc_freedecomp Exit - MemInfo: [malloc] Total space held (mmap + non-mmap):         19509248 Byte
20220312 061618.627 INFO             PET1 PIOc_freedecomp Exit - MemInfo: [malloc] Total space used (mmap + non-mmap):         19020016 Byte
20220312 061618.627 INFO             PET1 PIOc_freedecomp Exit - MemInfo: Wall-clock time since execution start:              0.0284484 seconds
20220312 061618.627 INFO             PET1 PASS ESMC_FieldRegridStoreFile test, ESMC_FieldSMMFromFileUTest.C, line 199
20220312 061618.633 INFO             PET1 PASS ESMC_FieldSMMStore from File test, ESMC_FieldSMMFromFileUTest.C, line 229
20220312 061618.634 INFO             PET1 PASS ESMC_FieldSMMStore From File validation, ESMC_FieldSMMFromFileUTest.C, line 257
20220312 061618.634 INFO             PET1 PASS ESMC_FieldRegridRelease, ESMC_FieldSMMFromFileUTest.C, line 271
20220312 061618.634 INFO             PET1 Ending Test, file ESMC_FieldSMMFromFileUTest.C, line 289
20220312 061618.634 INFO             PET1 Finalizing ESMF
20220312 061618.599 INFO             PET2 !!!!!!!!!!!!!!!!!!!!!!!!!!!!!!!!!!!!!!!!!!!!!!!!!!!!!!
20220312 061618.599 INFO             PET2 !!! THE ESMF_LOG IS SET TO OUTPUT ALL LOG MESSAGES !!!
20220312 061618.599 INFO             PET2 !!!     THIS MAY CAUSE SLOWDOWN IN PERFORMANCE     !!!
20220312 061618.599 INFO             PET2 !!! FOR PRODUCTION RUNS, USE:                      !!!
20220312 061618.599 INFO             PET2 !!!                   ESMF_LOGKIND_Multi_On_Error  !!!
20220312 061618.599 INFO             PET2 !!!!!!!!!!!!!!!!!!!!!!!!!!!!!!!!!!!!!!!!!!!!!!!!!!!!!!
20220312 061618.599 INFO             PET2 Running with ESMF Version   : v8.3.0b09-96-g559b459836
20220312 061618.599 INFO             PET2 ESMF library build date/time: "Mar 12 2022" "06:02:22"
20220312 061618.599 INFO             PET2 ESMF library build location : /glade/scratch/rlong/esmf-testing/gfortran_10.1.0_mpt_O_jedwards_pio_update2
20220312 061618.599 INFO             PET2 ESMF_COMM                   : mpt
20220312 061618.599 INFO             PET2 ESMF_MOAB                   : enabled
20220312 061618.599 INFO             PET2 ESMF_LAPACK                 : enabled
20220312 061618.599 INFO             PET2 ESMF_NETCDF                 : enabled
20220312 061618.599 INFO             PET2 ESMF_PNETCDF                : disabled
20220312 061618.599 INFO             PET2 ESMF_PIO                    : enabled
20220312 061618.599 INFO             PET2 ESMF_YAMLCPP                : enabled
20220312 061618.599 INFO             PET2 Beginning Test, file ESMC_FieldSMMFromFileUTest.C, line 41
20220312 061618.599 INFO             PET2 Beginning Test, file ESMC_FieldSMMFromFileUTest.C, line 41NUMBER_OF_PROCESSORS 4
20220312 061618.615 INFO             PET2 PIOc_sync Enter - MemInfo: [/proc/meminfo - SSI]	MemTotal:       65507008 kB
20220312 061618.615 INFO             PET2 PIOc_sync Enter - MemInfo: [/proc/meminfo - SSI]	MemFree:        49857732 kB
20220312 061618.615 INFO             PET2 PIOc_sync Enter - MemInfo: [/proc/meminfo - SSI]	MemAvailable:   49613908 kB
20220312 061618.615 INFO             PET2 PIOc_sync Enter - MemInfo: [/proc/meminfo - SSI]	Committed_AS:   13181056 kB
20220312 061618.615 INFO             PET2 PIOc_sync Enter - MemInfo: [/proc/meminfo - SSI]	CommittedPercent: 20.1216 %
20220312 061618.615 INFO             PET2 PIOc_sync Enter - MemInfo: [/proc/self/status]	VmPeak:	  115664 kB
20220312 061618.615 INFO             PET2 PIOc_sync Enter - MemInfo: [/proc/self/status]	VmSize:	  115664 kB
20220312 061618.615 INFO             PET2 PIOc_sync Enter - MemInfo: [/proc/self/status]	VmLck:	       0 kB
20220312 061618.615 INFO             PET2 PIOc_sync Enter - MemInfo: [/proc/self/status]	VmPin:	       0 kB
20220312 061618.615 INFO             PET2 PIOc_sync Enter - MemInfo: [/proc/self/status]	VmHWM:	   13348 kB
20220312 061618.615 INFO             PET2 PIOc_sync Enter - MemInfo: [/proc/self/status]	VmRSS:	   13348 kB
20220312 061618.615 INFO             PET2 PIOc_sync Enter - MemInfo: [/proc/self/status]	VmData:	   22376 kB
20220312 061618.615 INFO             PET2 PIOc_sync Enter - MemInfo: [/proc/self/status]	VmStk:	     144 kB
20220312 061618.615 INFO             PET2 PIOc_sync Enter - MemInfo: [/proc/self/status]	VmExe:	     192 kB
20220312 061618.615 INFO             PET2 PIOc_sync Enter - MemInfo: [/proc/self/status]	VmLib:	   39524 kB
20220312 061618.615 INFO             PET2 PIOc_sync Enter - MemInfo: [/proc/self/status]	VmPTE:	     220 kB
20220312 061618.615 INFO             PET2 PIOc_sync Enter - MemInfo: [/proc/self/status]	VmPMD:	      12 kB
20220312 061618.615 INFO             PET2 PIOc_sync Enter - MemInfo: [/proc/self/status]	VmSwap:	       0 kB
20220312 061618.615 INFO             PET2 PIOc_sync Enter - MemInfo: [/proc/self/status]	VmRSSPercent: 0.0203764 %
20220312 061618.615 INFO             PET2 PIOc_sync Enter - MemInfo: [malloc] Non-mmapped space allocated:                19509248 Byte
20220312 061618.615 INFO             PET2 PIOc_sync Enter - MemInfo: [malloc] Space allocated in mmapped regions:                0 Byte
20220312 061618.618 INFO             PET2 PIOc_sync Enter - MemInfo: [malloc] Maximum total allocated space:                     0 Byte
20220312 061618.618 INFO             PET2 PIOc_sync Enter - MemInfo: [malloc] Space in freed fastbin blocks:                  2800 Byte
20220312 061618.618 INFO             PET2 PIOc_sync Enter - MemInfo: [malloc] Total allocated space:                      19015952 Byte
20220312 061618.618 INFO             PET2 PIOc_sync Enter - MemInfo: [malloc] Total free space:                             493296 Byte
20220312 061618.618 INFO             PET2 PIOc_sync Enter - MemInfo: [malloc] Top-most, releasable space:                   451744 Byte
20220312 061618.618 INFO             PET2 PIOc_sync Enter - MemInfo: [malloc] Total space in use, mmap + non-mmap:        19015952 Byte
20220312 061618.618 INFO             PET2 PIOc_sync Enter - MemInfo: [malloc] Total space held (mmap + non-mmap):         19509248 Byte
20220312 061618.618 INFO             PET2 PIOc_sync Enter - MemInfo: [malloc] Total space used (mmap + non-mmap):         19025280 Byte
20220312 061618.618 INFO             PET2 PIOc_sync Enter - MemInfo: Wall-clock time since execution start:              0.0197609 seconds
20220312 061618.618 INFO             PET2 PIOc_sync Exit - MemInfo: [/proc/meminfo - SSI]	MemTotal:       65507008 kB
20220312 061618.618 INFO             PET2 PIOc_sync Exit - MemInfo: [/proc/meminfo - SSI]	MemFree:        49857732 kB
20220312 061618.618 INFO             PET2 PIOc_sync Exit - MemInfo: [/proc/meminfo - SSI]	MemAvailable:   49613908 kB
20220312 061618.618 INFO             PET2 PIOc_sync Exit - MemInfo: [/proc/meminfo - SSI]	Committed_AS:   13181056 kB
20220312 061618.618 INFO             PET2 PIOc_sync Exit - MemInfo: [/proc/meminfo - SSI]	CommittedPercent: 20.1216 %
20220312 061618.618 INFO             PET2 PIOc_sync Exit - MemInfo: [/proc/self/status]	VmPeak:	  115664 kB
20220312 061618.618 INFO             PET2 PIOc_sync Exit - MemInfo: [/proc/self/status]	VmSize:	  115664 kB
20220312 061618.618 INFO             PET2 PIOc_sync Exit - MemInfo: [/proc/self/status]	VmLck:	       0 kB
20220312 061618.618 INFO             PET2 PIOc_sync Exit - MemInfo: [/proc/self/status]	VmPin:	       0 kB
20220312 061618.618 INFO             PET2 PIOc_sync Exit - MemInfo: [/proc/self/status]	VmHWM:	   13396 kB
20220312 061618.619 INFO             PET2 PIOc_sync Exit - MemInfo: [/proc/self/status]	VmRSS:	   13396 kB
20220312 061618.619 INFO             PET2 PIOc_sync Exit - MemInfo: [/proc/self/status]	VmData:	   22376 kB
