build time -- 2022-03-14 06:04:57.088307
20220314 061647.277 INFO             PET0 !!!!!!!!!!!!!!!!!!!!!!!!!!!!!!!!!!!!!!!!!!!!!!!!!!!!!!
20220314 061647.277 INFO             PET0 !!! THE ESMF_LOG IS SET TO OUTPUT ALL LOG MESSAGES !!!
20220314 061647.277 INFO             PET0 !!!     THIS MAY CAUSE SLOWDOWN IN PERFORMANCE     !!!
20220314 061647.277 INFO             PET0 !!! FOR PRODUCTION RUNS, USE:                      !!!
20220314 061647.277 INFO             PET0 !!!                   ESMF_LOGKIND_Multi_On_Error  !!!
20220314 061647.277 INFO             PET0 !!!!!!!!!!!!!!!!!!!!!!!!!!!!!!!!!!!!!!!!!!!!!!!!!!!!!!
20220314 061647.277 INFO             PET0 Running with ESMF Version   : v8.3.0b09-96-g559b459836
20220314 061647.277 INFO             PET0 ESMF library build date/time: "Mar 14 2022" "06:03:07"
20220314 061647.277 INFO             PET0 ESMF library build location : /glade/scratch/rlong/esmf-testing/gfortran_10.1.0_mpt_O_jedwards_pio_update2
20220314 061647.277 INFO             PET0 ESMF_COMM                   : mpt
20220314 061647.277 INFO             PET0 ESMF_MOAB                   : enabled
20220314 061647.277 INFO             PET0 ESMF_LAPACK                 : enabled
20220314 061647.277 INFO             PET0 ESMF_NETCDF                 : enabled
20220314 061647.277 INFO             PET0 ESMF_PNETCDF                : disabled
20220314 061647.277 INFO             PET0 ESMF_PIO                    : enabled
20220314 061647.277 INFO             PET0 ESMF_YAMLCPP                : enabled
20220314 061647.277 INFO             PET0 Beginning Test, file ESMC_FieldGridRegridCsrvUTest.C, line 69
20220314 061647.277 INFO             PET0 Beginning Test, file ESMC_FieldGridRegridCsrvUTest.C, line 69NUMBER_OF_PROCESSORS 1
20220314 061647.278 INFO             PET0 PASS GridCreate, ESMC_FieldGridRegridCsrvUTest.C, line 114
20220314 061647.278 INFO             PET0 PASS GridAddCoord, ESMC_FieldGridRegridCsrvUTest.C, line 130
20220314 061647.278 INFO             PET0 PASS GridAddItem, ESMC_FieldGridRegridCsrvUTest.C, line 140
20220314 061647.278 INFO             PET0 PASS GridGetItem - mask, ESMC_FieldGridRegridCsrvUTest.C, line 151
20220314 061647.278 INFO             PET0 PASS GridGetCoord - X, ESMC_FieldGridRegridCsrvUTest.C, line 176
20220314 061647.278 INFO             PET0 PASS GridGetCoord - Y, ESMC_FieldGridRegridCsrvUTest.C, line 199
20220314 061647.278 INFO             PET0 PASS GridGetCoord - X, ESMC_FieldGridRegridCsrvUTest.C, line 224
20220314 061647.278 INFO             PET0 PASS GridGetCoord - Y, ESMC_FieldGridRegridCsrvUTest.C, line 247
20220314 061647.278 INFO             PET0 PASS GridAddItem - area, ESMC_FieldGridRegridCsrvUTest.C, line 271
20220314 061647.278 INFO             PET0 PASS GridGetItem - area, ESMC_FieldGridRegridCsrvUTest.C, line 282
20220314 061647.278 INFO             PET0 PASS MeshCreate, ESMC_FieldGridRegridCsrvUTest.C, line 366
20220314 061647.278 INFO             PET0 PASS MeshAddNodes, ESMC_FieldGridRegridCsrvUTest.C, line 374
20220314 061647.278 INFO             PET0 PASS MeshAddElements, ESMC_FieldGridRegridCsrvUTest.C, line 388
20220314 061647.278 INFO             PET0 PASS MeshGetLocalNodeCount, ESMC_FieldGridRegridCsrvUTest.C, line 398
20220314 061647.278 INFO             PET0 PASS MeshGetLocalElementCount, ESMC_FieldGridRegridCsrvUTest.C, line 409
20220314 061647.279 INFO             PET0 PASS Create ESMC_Field object from a Grid via TypeKind, ESMC_FieldGridRegridCsrvUTest.C, line 424
20220314 061647.279 INFO             PET0 PASS Create ESMC_Field object from a Mesh via TypeKind, ESMC_FieldGridRegridCsrvUTest.C, line 433
20220314 061647.279 INFO             PET0 PASS Get a void * C pointer to data from ESMC_Field object, ESMC_FieldGridRegridCsrvUTest.C, line 446
20220314 061647.279 INFO             PET0 PASS Get a void * C pointer to data from ESMC_Field object, ESMC_FieldGridRegridCsrvUTest.C, line 470
20220314 061647.279 INFO             PET0 PASS Create an InterArray for maskValues in ESMC_FieldRegridStore(), ESMC_FieldGridRegridCsrvUTest.C, line 485
20220314 061647.283 INFO             PET0 PASS Create an ESMC_RouteHandle via ESMC_FieldRegridStore(), ESMC_FieldGridRegridCsrvUTest.C, line 510
20220314 061647.283 INFO             PET0 PASS Execute ESMC_FieldRegrid(), ESMC_FieldGridRegridCsrvUTest.C, line 518
20220314 061647.293 INFO             PET0 PIOc_sync Enter - MemInfo: [/proc/meminfo - SSI]	MemTotal:       65507008 kB
20220314 061647.293 INFO             PET0 PIOc_sync Enter - MemInfo: [/proc/meminfo - SSI]	MemFree:        49819328 kB
20220314 061647.293 INFO             PET0 PIOc_sync Enter - MemInfo: [/proc/meminfo - SSI]	MemAvailable:   49575172 kB
20220314 061647.293 INFO             PET0 PIOc_sync Enter - MemInfo: [/proc/meminfo - SSI]	Committed_AS:   13070140 kB
20220314 061647.293 INFO             PET0 PIOc_sync Enter - MemInfo: [/proc/meminfo - SSI]	CommittedPercent: 19.9523 %
20220314 061647.293 INFO             PET0 PIOc_sync Enter - MemInfo: [/proc/self/status]	VmPeak:	  119256 kB
20220314 061647.293 INFO             PET0 PIOc_sync Enter - MemInfo: [/proc/self/status]	VmSize:	  119256 kB
20220314 061647.293 INFO             PET0 PIOc_sync Enter - MemInfo: [/proc/self/status]	VmLck:	       0 kB
20220314 061647.293 INFO             PET0 PIOc_sync Enter - MemInfo: [/proc/self/status]	VmPin:	       0 kB
20220314 061647.293 INFO             PET0 PIOc_sync Enter - MemInfo: [/proc/self/status]	VmHWM:	   30352 kB
20220314 061647.293 INFO             PET0 PIOc_sync Enter - MemInfo: [/proc/self/status]	VmRSS:	   30352 kB
20220314 061647.293 INFO             PET0 PIOc_sync Enter - MemInfo: [/proc/self/status]	VmData:	   39112 kB
20220314 061647.293 INFO             PET0 PIOc_sync Enter - MemInfo: [/proc/self/status]	VmStk:	     144 kB
20220314 061647.293 INFO             PET0 PIOc_sync Enter - MemInfo: [/proc/self/status]	VmExe:	     196 kB
20220314 061647.293 INFO             PET0 PIOc_sync Enter - MemInfo: [/proc/self/status]	VmLib:	   39524 kB
20220314 061647.293 INFO             PET0 PIOc_sync Enter - MemInfo: [/proc/self/status]	VmPTE:	     224 kB
20220314 061647.293 INFO             PET0 PIOc_sync Enter - MemInfo: [/proc/self/status]	VmPMD:	      12 kB
20220314 061647.293 INFO             PET0 PIOc_sync Enter - MemInfo: [/proc/self/status]	VmSwap:	       0 kB
20220314 061647.293 INFO             PET0 PIOc_sync Enter - MemInfo: [/proc/self/status]	VmRSSPercent: 0.046334 %
20220314 061647.293 INFO             PET0 PIOc_sync Enter - MemInfo: [malloc] Non-mmapped space allocated:                36646912 Byte
20220314 061647.293 INFO             PET0 PIOc_sync Enter - MemInfo: [malloc] Space allocated in mmapped regions:                0 Byte
20220314 061647.293 INFO             PET0 PIOc_sync Enter - MemInfo: [malloc] Maximum total allocated space:                     0 Byte
20220314 061647.293 INFO             PET0 PIOc_sync Enter - MemInfo: [malloc] Space in freed fastbin blocks:                   880 Byte
20220314 061647.293 INFO             PET0 PIOc_sync Enter - MemInfo: [malloc] Total allocated space:                      36528144 Byte
20220314 061647.293 INFO             PET0 PIOc_sync Enter - MemInfo: [malloc] Total free space:                             118768 Byte
20220314 061647.293 INFO             PET0 PIOc_sync Enter - MemInfo: [malloc] Top-most, releasable space:                   117328 Byte
20220314 061647.293 INFO             PET0 PIOc_sync Enter - MemInfo: [malloc] Total space in use, mmap + non-mmap:        36528144 Byte
20220314 061647.293 INFO             PET0 PIOc_sync Enter - MemInfo: [malloc] Total space held (mmap + non-mmap):         36646912 Byte
20220314 061647.293 INFO             PET0 PIOc_sync Enter - MemInfo: [malloc] Total space used (mmap + non-mmap):         36537472 Byte
20220314 061647.293 INFO             PET0 PIOc_sync Enter - MemInfo: Wall-clock time since execution start:              0.0167772 seconds
20220314 061647.293 INFO             PET0 PIOc_sync Exit - MemInfo: [/proc/meminfo - SSI]	MemTotal:       65507008 kB
20220314 061647.293 INFO             PET0 PIOc_sync Exit - MemInfo: [/proc/meminfo - SSI]	MemFree:        49819328 kB
20220314 061647.293 INFO             PET0 PIOc_sync Exit - MemInfo: [/proc/meminfo - SSI]	MemAvailable:   49575172 kB
20220314 061647.293 INFO             PET0 PIOc_sync Exit - MemInfo: [/proc/meminfo - SSI]	Committed_AS:   13070140 kB
20220314 061647.293 INFO             PET0 PIOc_sync Exit - MemInfo: [/proc/meminfo - SSI]	CommittedPercent: 19.9523 %
20220314 061647.293 INFO             PET0 PIOc_sync Exit - MemInfo: [/proc/self/status]	VmPeak:	  119256 kB
20220314 061647.293 INFO             PET0 PIOc_sync Exit - MemInfo: [/proc/self/status]	VmSize:	  119256 kB
20220314 061647.293 INFO             PET0 PIOc_sync Exit - MemInfo: [/proc/self/status]	VmLck:	       0 kB
20220314 061647.293 INFO             PET0 PIOc_sync Exit - MemInfo: [/proc/self/status]	VmPin:	       0 kB
20220314 061647.293 INFO             PET0 PIOc_sync Exit - MemInfo: [/proc/self/status]	VmHWM:	   30460 kB
20220314 061647.293 INFO             PET0 PIOc_sync Exit - MemInfo: [/proc/self/status]	VmRSS:	   30460 kB
20220314 061647.293 INFO             PET0 PIOc_sync Exit - MemInfo: [/proc/self/status]	VmData:	   39112 kB
20220314 061647.293 INFO             PET0 PIOc_sync Exit - MemInfo: [/proc/self/status]	VmStk:	     144 kB
20220314 061647.293 INFO             PET0 PIOc_sync Exit - MemInfo: [/proc/self/status]	VmExe:	     196 kB
20220314 061647.293 INFO             PET0 PIOc_sync Exit - MemInfo: [/proc/self/status]	VmLib:	   39524 kB
20220314 061647.293 INFO             PET0 PIOc_sync Exit - MemInfo: [/proc/self/status]	VmPTE:	     224 kB
20220314 061647.293 INFO             PET0 PIOc_sync Exit - MemInfo: [/proc/self/status]	VmPMD:	      12 kB
20220314 061647.293 INFO             PET0 PIOc_sync Exit - MemInfo: [/proc/self/status]	VmSwap:	       0 kB
20220314 061647.293 INFO             PET0 PIOc_sync Exit - MemInfo: [/proc/self/status]	VmRSSPercent: 0.0464988 %
20220314 061647.293 INFO             PET0 PIOc_sync Exit - MemInfo: [malloc] Non-mmapped space allocated:                36646912 Byte
20220314 061647.293 INFO             PET0 PIOc_sync Exit - MemInfo: [malloc] Space allocated in mmapped regions:                0 Byte
20220314 061647.293 INFO             PET0 PIOc_sync Exit - MemInfo: [malloc] Maximum total allocated space:                     0 Byte
20220314 061647.293 INFO             PET0 PIOc_sync Exit - MemInfo: [malloc] Space in freed fastbin blocks:                   320 Byte
20220314 061647.293 INFO             PET0 PIOc_sync Exit - MemInfo: [malloc] Total allocated space:                      36527472 Byte
20220314 061647.293 INFO             PET0 PIOc_sync Exit - MemInfo: [malloc] Total free space:                             119440 Byte
20220314 061647.293 INFO             PET0 PIOc_sync Exit - MemInfo: [malloc] Top-most, releasable space:                   118368 Byte
20220314 061647.293 INFO             PET0 PIOc_sync Exit - MemInfo: [malloc] Total space in use, mmap + non-mmap:        36527472 Byte
20220314 061647.293 INFO             PET0 PIOc_sync Exit - MemInfo: [malloc] Total space held (mmap + non-mmap):         36646912 Byte
20220314 061647.293 INFO             PET0 PIOc_sync Exit - MemInfo: [malloc] Total space used (mmap + non-mmap):         36536800 Byte
20220314 061647.293 INFO             PET0 PIOc_sync Exit - MemInfo: Wall-clock time since execution start:              0.0171969 seconds
20220314 061647.293 INFO             PET0 PIOc_freedecomp Enter - MemInfo: [/proc/meminfo - SSI]	MemTotal:       65507008 kB
20220314 061647.293 INFO             PET0 PIOc_freedecomp Enter - MemInfo: [/proc/meminfo - SSI]	MemFree:        49819328 kB
20220314 061647.293 INFO             PET0 PIOc_freedecomp Enter - MemInfo: [/proc/meminfo - SSI]	MemAvailable:   49575172 kB
20220314 061647.293 INFO             PET0 PIOc_freedecomp Enter - MemInfo: [/proc/meminfo - SSI]	Committed_AS:   13070140 kB
20220314 061647.294 INFO             PET0 PIOc_freedecomp Enter - MemInfo: [/proc/meminfo - SSI]	CommittedPercent: 19.9523 %
20220314 061647.294 INFO             PET0 PIOc_freedecomp Enter - MemInfo: [/proc/self/status]	VmPeak:	  119256 kB
20220314 061647.294 INFO             PET0 PIOc_freedecomp Enter - MemInfo: [/proc/self/status]	VmSize:	  119256 kB
20220314 061647.294 INFO             PET0 PIOc_freedecomp Enter - MemInfo: [/proc/self/status]	VmLck:	       0 kB
20220314 061647.294 INFO             PET0 PIOc_freedecomp Enter - MemInfo: [/proc/self/status]	VmPin:	       0 kB
20220314 061647.294 INFO             PET0 PIOc_freedecomp Enter - MemInfo: [/proc/self/status]	VmHWM:	   30460 kB
20220314 061647.294 INFO             PET0 PIOc_freedecomp Enter - MemInfo: [/proc/self/status]	VmRSS:	   30460 kB
20220314 061647.294 INFO             PET0 PIOc_freedecomp Enter - MemInfo: [/proc/self/status]	VmData:	   39112 kB
20220314 061647.294 INFO             PET0 PIOc_freedecomp Enter - MemInfo: [/proc/self/status]	VmStk:	     144 kB
20220314 061647.294 INFO             PET0 PIOc_freedecomp Enter - MemInfo: [/proc/self/status]	VmExe:	     196 kB
20220314 061647.294 INFO             PET0 PIOc_freedecomp Enter - MemInfo: [/proc/self/status]	VmLib:	   39524 kB
20220314 061647.294 INFO             PET0 PIOc_freedecomp Enter - MemInfo: [/proc/self/status]	VmPTE:	     224 kB
20220314 061647.294 INFO             PET0 PIOc_freedecomp Enter - MemInfo: [/proc/self/status]	VmPMD:	      12 kB
20220314 061647.294 INFO             PET0 PIOc_freedecomp Enter - MemInfo: [/proc/self/status]	VmSwap:	       0 kB
20220314 061647.294 INFO             PET0 PIOc_freedecomp Enter - MemInfo: [/proc/self/status]	VmRSSPercent: 0.0464988 %
20220314 061647.294 INFO             PET0 PIOc_freedecomp Enter - MemInfo: [malloc] Non-mmapped space allocated:                36646912 Byte
20220314 061647.294 INFO             PET0 PIOc_freedecomp Enter - MemInfo: [malloc] Space allocated in mmapped regions:                0 Byte
20220314 061647.294 INFO             PET0 PIOc_freedecomp Enter - MemInfo: [malloc] Maximum total allocated space:                     0 Byte
20220314 061647.294 INFO             PET0 PIOc_freedecomp Enter - MemInfo: [malloc] Space in freed fastbin blocks:                   912 Byte
20220314 061647.294 INFO             PET0 PIOc_freedecomp Enter - MemInfo: [malloc] Total allocated space:                      19212608 Byte
20220314 061647.294 INFO             PET0 PIOc_freedecomp Enter - MemInfo: [malloc] Total free space:                           17434304 Byte
20220314 061647.294 INFO             PET0 PIOc_freedecomp Enter - MemInfo: [malloc] Top-most, releasable space:                   118368 Byte
20220314 061647.294 INFO             PET0 PIOc_freedecomp Enter - MemInfo: [malloc] Total space in use, mmap + non-mmap:        19212608 Byte
20220314 061647.294 INFO             PET0 PIOc_freedecomp Enter - MemInfo: [malloc] Total space held (mmap + non-mmap):         36646912 Byte
20220314 061647.294 INFO             PET0 PIOc_freedecomp Enter - MemInfo: [malloc] Total space used (mmap + non-mmap):         19221936 Byte
20220314 061647.294 INFO             PET0 PIOc_freedecomp Enter - MemInfo: Wall-clock time since execution start:              0.0175438 seconds
20220314 061647.294 INFO             PET0 PIOc_freedecomp Exit - MemInfo: [/proc/meminfo - SSI]	MemTotal:       65507008 kB
20220314 061647.294 INFO             PET0 PIOc_freedecomp Exit - MemInfo: [/proc/meminfo - SSI]	MemFree:        49819328 kB
20220314 061647.294 INFO             PET0 PIOc_freedecomp Exit - MemInfo: [/proc/meminfo - SSI]	MemAvailable:   49575172 kB
20220314 061647.294 INFO             PET0 PIOc_freedecomp Exit - MemInfo: [/proc/meminfo - SSI]	Committed_AS:   13070140 kB
20220314 061647.294 INFO             PET0 PIOc_freedecomp Exit - MemInfo: [/proc/meminfo - SSI]	CommittedPercent: 19.9523 %
20220314 061647.294 INFO             PET0 PIOc_freedecomp Exit - MemInfo: [/proc/self/status]	VmPeak:	  119256 kB
20220314 061647.294 INFO             PET0 PIOc_freedecomp Exit - MemInfo: [/proc/self/status]	VmSize:	  119256 kB
20220314 061647.294 INFO             PET0 PIOc_freedecomp Exit - MemInfo: [/proc/self/status]	VmLck:	       0 kB
20220314 061647.294 INFO             PET0 PIOc_freedecomp Exit - MemInfo: [/proc/self/status]	VmPin:	       0 kB
20220314 061647.294 INFO             PET0 PIOc_freedecomp Exit - MemInfo: [/proc/self/status]	VmHWM:	   30460 kB
20220314 061647.294 INFO             PET0 PIOc_freedecomp Exit - MemInfo: [/proc/self/status]	VmRSS:	   30460 kB
20220314 061647.294 INFO             PET0 PIOc_freedecomp Exit - MemInfo: [/proc/self/status]	VmData:	   39112 kB
20220314 061647.294 INFO             PET0 PIOc_freedecomp Exit - MemInfo: [/proc/self/status]	VmStk:	     144 kB
20220314 061647.294 INFO             PET0 PIOc_freedecomp Exit - MemInfo: [/proc/self/status]	VmExe:	     196 kB
20220314 061647.294 INFO             PET0 PIOc_freedecomp Exit - MemInfo: [/proc/self/status]	VmLib:	   39524 kB
20220314 061647.294 INFO             PET0 PIOc_freedecomp Exit - MemInfo: [/proc/self/status]	VmPTE:	     224 kB
20220314 061647.294 INFO             PET0 PIOc_freedecomp Exit - MemInfo: [/proc/self/status]	VmPMD:	      12 kB
20220314 061647.294 INFO             PET0 PIOc_freedecomp Exit - MemInfo: [/proc/self/status]	VmSwap:	       0 kB
20220314 061647.294 INFO             PET0 PIOc_freedecomp Exit - MemInfo: [/proc/self/status]	VmRSSPercent: 0.0464988 %
20220314 061647.294 INFO             PET0 PIOc_freedecomp Exit - MemInfo: [malloc] Non-mmapped space allocated:                36646912 Byte
20220314 061647.294 INFO             PET0 PIOc_freedecomp Exit - MemInfo: [malloc] Space allocated in mmapped regions:                0 Byte
20220314 061647.294 INFO             PET0 PIOc_freedecomp Exit - MemInfo: [malloc] Maximum total allocated space:                     0 Byte
20220314 061647.294 INFO             PET0 PIOc_freedecomp Exit - MemInfo: [malloc] Space in freed fastbin blocks:                  1168 Byte
20220314 061647.294 INFO             PET0 PIOc_freedecomp Exit - MemInfo: [malloc] Total allocated space:                      19211232 Byte
20220314 061647.294 INFO             PET0 PIOc_freedecomp Exit - MemInfo: [malloc] Total free space:                           17435680 Byte
20220314 061647.294 INFO             PET0 PIOc_freedecomp Exit - MemInfo: [malloc] Top-most, releasable space:                   118368 Byte
20220314 061647.294 INFO             PET0 PIOc_freedecomp Exit - MemInfo: [malloc] Total space in use, mmap + non-mmap:        19211232 Byte
20220314 061647.294 INFO             PET0 PIOc_freedecomp Exit - MemInfo: [malloc] Total space held (mmap + non-mmap):         36646912 Byte
20220314 061647.294 INFO             PET0 PIOc_freedecomp Exit - MemInfo: [malloc] Total space used (mmap + non-mmap):         19220560 Byte
20220314 061647.294 INFO             PET0 PIOc_freedecomp Exit - MemInfo: Wall-clock time since execution start:              0.0178599 seconds
20220314 061647.295 INFO             PET0 PIOc_sync Enter - MemInfo: [/proc/meminfo - SSI]	MemTotal:       65507008 kB
20220314 061647.295 INFO             PET0 PIOc_sync Enter - MemInfo: [/proc/meminfo - SSI]	MemFree:        49819328 kB
20220314 061647.295 INFO             PET0 PIOc_sync Enter - MemInfo: [/proc/meminfo - SSI]	MemAvailable:   49575172 kB
20220314 061647.295 INFO             PET0 PIOc_sync Enter - MemInfo: [/proc/meminfo - SSI]	Committed_AS:   13070140 kB
20220314 061647.295 INFO             PET0 PIOc_sync Enter - MemInfo: [/proc/meminfo - SSI]	CommittedPercent: 19.9523 %
20220314 061647.295 INFO             PET0 PIOc_sync Enter - MemInfo: [/proc/self/status]	VmPeak:	  127444 kB
20220314 061647.295 INFO             PET0 PIOc_sync Enter - MemInfo: [/proc/self/status]	VmSize:	  119256 kB
20220314 061647.295 INFO             PET0 PIOc_sync Enter - MemInfo: [/proc/self/status]	VmLck:	       0 kB
20220314 061647.295 INFO             PET0 PIOc_sync Enter - MemInfo: [/proc/self/status]	VmPin:	       0 kB
20220314 061647.295 INFO             PET0 PIOc_sync Enter - MemInfo: [/proc/self/status]	VmHWM:	   30464 kB
20220314 061647.295 INFO             PET0 PIOc_sync Enter - MemInfo: [/proc/self/status]	VmRSS:	   30464 kB
20220314 061647.295 INFO             PET0 PIOc_sync Enter - MemInfo: [/proc/self/status]	VmData:	   39112 kB
20220314 061647.295 INFO             PET0 PIOc_sync Enter - MemInfo: [/proc/self/status]	VmStk:	     144 kB
20220314 061647.295 INFO             PET0 PIOc_sync Enter - MemInfo: [/proc/self/status]	VmExe:	     196 kB
20220314 061647.295 INFO             PET0 PIOc_sync Enter - MemInfo: [/proc/self/status]	VmLib:	   39524 kB
20220314 061647.295 INFO             PET0 PIOc_sync Enter - MemInfo: [/proc/self/status]	VmPTE:	     224 kB
20220314 061647.295 INFO             PET0 PIOc_sync Enter - MemInfo: [/proc/self/status]	VmPMD:	      12 kB
20220314 061647.295 INFO             PET0 PIOc_sync Enter - MemInfo: [/proc/self/status]	VmSwap:	       0 kB
20220314 061647.295 INFO             PET0 PIOc_sync Enter - MemInfo: [/proc/self/status]	VmRSSPercent: 0.0465049 %
20220314 061647.295 INFO             PET0 PIOc_sync Enter - MemInfo: [malloc] Non-mmapped space allocated:                36646912 Byte
20220314 061647.295 INFO             PET0 PIOc_sync Enter - MemInfo: [malloc] Space allocated in mmapped regions:                0 Byte
20220314 061647.295 INFO             PET0 PIOc_sync Enter - MemInfo: [malloc] Maximum total allocated space:                     0 Byte
20220314 061647.295 INFO             PET0 PIOc_sync Enter - MemInfo: [malloc] Space in freed fastbin blocks:                  1120 Byte
20220314 061647.295 INFO             PET0 PIOc_sync Enter - MemInfo: [malloc] Total allocated space:                      36528896 Byte
20220314 061647.295 INFO             PET0 PIOc_sync Enter - MemInfo: [malloc] Total free space:                             118016 Byte
20220314 061647.295 INFO             PET0 PIOc_sync Enter - MemInfo: [malloc] Top-most, releasable space:                   116048 Byte
20220314 061647.295 INFO             PET0 PIOc_sync Enter - MemInfo: [malloc] Total space in use, mmap + non-mmap:        36528896 Byte
20220314 061647.295 INFO             PET0 PIOc_sync Enter - MemInfo: [malloc] Total space held (mmap + non-mmap):         36646912 Byte
20220314 061647.295 INFO             PET0 PIOc_sync Enter - MemInfo: [malloc] Total space used (mmap + non-mmap):         36538224 Byte
20220314 061647.295 INFO             PET0 PIOc_sync Enter - MemInfo: Wall-clock time since execution start:              0.0188988 seconds
20220314 061647.295 INFO             PET0 PIOc_sync Exit - MemInfo: [/proc/meminfo - SSI]	MemTotal:       65507008 kB
20220314 061647.295 INFO             PET0 PIOc_sync Exit - MemInfo: [/proc/meminfo - SSI]	MemFree:        49819328 kB
20220314 061647.295 INFO             PET0 PIOc_sync Exit - MemInfo: [/proc/meminfo - SSI]	MemAvailable:   49575172 kB
20220314 061647.295 INFO             PET0 PIOc_sync Exit - MemInfo: [/proc/meminfo - SSI]	Committed_AS:   13070140 kB
20220314 061647.295 INFO             PET0 PIOc_sync Exit - MemInfo: [/proc/meminfo - SSI]	CommittedPercent: 19.9523 %
20220314 061647.295 INFO             PET0 PIOc_sync Exit - MemInfo: [/proc/self/status]	VmPeak:	  127444 kB
20220314 061647.295 INFO             PET0 PIOc_sync Exit - MemInfo: [/proc/self/status]	VmSize:	  119256 kB
20220314 061647.295 INFO             PET0 PIOc_sync Exit - MemInfo: [/proc/self/status]	VmLck:	       0 kB
20220314 061647.295 INFO             PET0 PIOc_sync Exit - MemInfo: [/proc/self/status]	VmPin:	       0 kB
20220314 061647.295 INFO             PET0 PIOc_sync Exit - MemInfo: [/proc/self/status]	VmHWM:	   30464 kB
20220314 061647.295 INFO             PET0 PIOc_sync Exit - MemInfo: [/proc/self/status]	VmRSS:	   30464 kB
20220314 061647.295 INFO             PET0 PIOc_sync Exit - MemInfo: [/proc/self/status]	VmData:	   39112 kB
20220314 061647.295 INFO             PET0 PIOc_sync Exit - MemInfo: [/proc/self/status]	VmStk:	     144 kB
20220314 061647.295 INFO             PET0 PIOc_sync Exit - MemInfo: [/proc/self/status]	VmExe:	     196 kB
20220314 061647.295 INFO             PET0 PIOc_sync Exit - MemInfo: [/proc/self/status]	VmLib:	   39524 kB
20220314 061647.295 INFO             PET0 PIOc_sync Exit - MemInfo: [/proc/self/status]	VmPTE:	     224 kB
20220314 061647.295 INFO             PET0 PIOc_sync Exit - MemInfo: [/proc/self/status]	VmPMD:	      12 kB
20220314 061647.295 INFO             PET0 PIOc_sync Exit - MemInfo: [/proc/self/status]	VmSwap:	       0 kB
20220314 061647.295 INFO             PET0 PIOc_sync Exit - MemInfo: [/proc/self/status]	VmRSSPercent: 0.0465049 %
20220314 061647.295 INFO             PET0 PIOc_sync Exit - MemInfo: [malloc] Non-mmapped space allocated:                36646912 Byte
20220314 061647.295 INFO             PET0 PIOc_sync Exit - MemInfo: [malloc] Space allocated in mmapped regions:                0 Byte
20220314 061647.295 INFO             PET0 PIOc_sync Exit - MemInfo: [malloc] Maximum total allocated space:                     0 Byte
20220314 061647.295 INFO             PET0 PIOc_sync Exit - MemInfo: [malloc] Space in freed fastbin blocks:                  1568 Byte
20220314 061647.295 INFO             PET0 PIOc_sync Exit - MemInfo: [malloc] Total allocated space:                      36528224 Byte
20220314 061647.295 INFO             PET0 PIOc_sync Exit - MemInfo: [malloc] Total free space:                             118688 Byte
20220314 061647.295 INFO             PET0 PIOc_sync Exit - MemInfo: [malloc] Top-most, releasable space:                   116192 Byte
20220314 061647.295 INFO             PET0 PIOc_sync Exit - MemInfo: [malloc] Total space in use, mmap + non-mmap:        36528224 Byte
20220314 061647.295 INFO             PET0 PIOc_sync Exit - MemInfo: [malloc] Total space held (mmap + non-mmap):         36646912 Byte
20220314 061647.295 INFO             PET0 PIOc_sync Exit - MemInfo: [malloc] Total space used (mmap + non-mmap):         36537552 Byte
20220314 061647.295 INFO             PET0 PIOc_sync Exit - MemInfo: Wall-clock time since execution start:              0.0192459 seconds
20220314 061647.295 INFO             PET0 PIOc_freedecomp Enter - MemInfo: [/proc/meminfo - SSI]	MemTotal:       65507008 kB
20220314 061647.296 INFO             PET0 PIOc_freedecomp Enter - MemInfo: [/proc/meminfo - SSI]	MemFree:        49819328 kB
20220314 061647.296 INFO             PET0 PIOc_freedecomp Enter - MemInfo: [/proc/meminfo - SSI]	MemAvailable:   49575172 kB
20220314 061647.296 INFO             PET0 PIOc_freedecomp Enter - MemInfo: [/proc/meminfo - SSI]	Committed_AS:   13070140 kB
20220314 061647.296 INFO             PET0 PIOc_freedecomp Enter - MemInfo: [/proc/meminfo - SSI]	CommittedPercent: 19.9523 %
20220314 061647.296 INFO             PET0 PIOc_freedecomp Enter - MemInfo: [/proc/self/status]	VmPeak:	  127444 kB
20220314 061647.296 INFO             PET0 PIOc_freedecomp Enter - MemInfo: [/proc/self/status]	VmSize:	  119256 kB
20220314 061647.296 INFO             PET0 PIOc_freedecomp Enter - MemInfo: [/proc/self/status]	VmLck:	       0 kB
20220314 061647.296 INFO             PET0 PIOc_freedecomp Enter - MemInfo: [/proc/self/status]	VmPin:	       0 kB
20220314 061647.296 INFO             PET0 PIOc_freedecomp Enter - MemInfo: [/proc/self/status]	VmHWM:	   30464 kB
20220314 061647.296 INFO             PET0 PIOc_freedecomp Enter - MemInfo: [/proc/self/status]	VmRSS:	   30464 kB
20220314 061647.296 INFO             PET0 PIOc_freedecomp Enter - MemInfo: [/proc/self/status]	VmData:	   39112 kB
20220314 061647.296 INFO             PET0 PIOc_freedecomp Enter - MemInfo: [/proc/self/status]	VmStk:	     144 kB
20220314 061647.296 INFO             PET0 PIOc_freedecomp Enter - MemInfo: [/proc/self/status]	VmExe:	     196 kB
20220314 061647.296 INFO             PET0 PIOc_freedecomp Enter - MemInfo: [/proc/self/status]	VmLib:	   39524 kB
20220314 061647.296 INFO             PET0 PIOc_freedecomp Enter - MemInfo: [/proc/self/status]	VmPTE:	     224 kB
20220314 061647.296 INFO             PET0 PIOc_freedecomp Enter - MemInfo: [/proc/self/status]	VmPMD:	      12 kB
20220314 061647.296 INFO             PET0 PIOc_freedecomp Enter - MemInfo: [/proc/self/status]	VmSwap:	       0 kB
20220314 061647.296 INFO             PET0 PIOc_freedecomp Enter - MemInfo: [/proc/self/status]	VmRSSPercent: 0.0465049 %
20220314 061647.296 INFO             PET0 PIOc_freedecomp Enter - MemInfo: [malloc] Non-mmapped space allocated:                36646912 Byte
20220314 061647.296 INFO             PET0 PIOc_freedecomp Enter - MemInfo: [malloc] Space allocated in mmapped regions:                0 Byte
20220314 061647.296 INFO             PET0 PIOc_freedecomp Enter - MemInfo: [malloc] Maximum total allocated space:                     0 Byte
20220314 061647.296 INFO             PET0 PIOc_freedecomp Enter - MemInfo: [malloc] Space in freed fastbin blocks:                   784 Byte
20220314 061647.296 INFO             PET0 PIOc_freedecomp Enter - MemInfo: [malloc] Total allocated space:                      19212624 Byte
20220314 061647.296 INFO             PET0 PIOc_freedecomp Enter - MemInfo: [malloc] Total free space:                           17434288 Byte
20220314 061647.296 INFO             PET0 PIOc_freedecomp Enter - MemInfo: [malloc] Top-most, releasable space:                   117552 Byte
20220314 061647.296 INFO             PET0 PIOc_freedecomp Enter - MemInfo: [malloc] Total space in use, mmap + non-mmap:        19212624 Byte
20220314 061647.296 INFO             PET0 PIOc_freedecomp Enter - MemInfo: [malloc] Total space held (mmap + non-mmap):         36646912 Byte
20220314 061647.296 INFO             PET0 PIOc_freedecomp Enter - MemInfo: [malloc] Total space used (mmap + non-mmap):         19221952 Byte
20220314 061647.296 INFO             PET0 PIOc_freedecomp Enter - MemInfo: Wall-clock time since execution start:              0.0195761 seconds
20220314 061647.296 INFO             PET0 PIOc_freedecomp Exit - MemInfo: [/proc/meminfo - SSI]	MemTotal:       65507008 kB
20220314 061647.296 INFO             PET0 PIOc_freedecomp Exit - MemInfo: [/proc/meminfo - SSI]	MemFree:        49819328 kB
20220314 061647.296 INFO             PET0 PIOc_freedecomp Exit - MemInfo: [/proc/meminfo - SSI]	MemAvailable:   49575172 kB
20220314 061647.296 INFO             PET0 PIOc_freedecomp Exit - MemInfo: [/proc/meminfo - SSI]	Committed_AS:   13070140 kB
20220314 061647.296 INFO             PET0 PIOc_freedecomp Exit - MemInfo: [/proc/meminfo - SSI]	CommittedPercent: 19.9523 %
20220314 061647.296 INFO             PET0 PIOc_freedecomp Exit - MemInfo: [/proc/self/status]	VmPeak:	  127444 kB
20220314 061647.296 INFO             PET0 PIOc_freedecomp Exit - MemInfo: [/proc/self/status]	VmSize:	  119256 kB
20220314 061647.296 INFO             PET0 PIOc_freedecomp Exit - MemInfo: [/proc/self/status]	VmLck:	       0 kB
20220314 061647.296 INFO             PET0 PIOc_freedecomp Exit - MemInfo: [/proc/self/status]	VmPin:	       0 kB
20220314 061647.296 INFO             PET0 PIOc_freedecomp Exit - MemInfo: [/proc/self/status]	VmHWM:	   30464 kB
20220314 061647.296 INFO             PET0 PIOc_freedecomp Exit - MemInfo: [/proc/self/status]	VmRSS:	   30464 kB
20220314 061647.296 INFO             PET0 PIOc_freedecomp Exit - MemInfo: [/proc/self/status]	VmData:	   39112 kB
20220314 061647.296 INFO             PET0 PIOc_freedecomp Exit - MemInfo: [/proc/self/status]	VmStk:	     144 kB
20220314 061647.296 INFO             PET0 PIOc_freedecomp Exit - MemInfo: [/proc/self/status]	VmExe:	     196 kB
20220314 061647.296 INFO             PET0 PIOc_freedecomp Exit - MemInfo: [/proc/self/status]	VmLib:	   39524 kB
20220314 061647.296 INFO             PET0 PIOc_freedecomp Exit - MemInfo: [/proc/self/status]	VmPTE:	     224 kB
20220314 061647.296 INFO             PET0 PIOc_freedecomp Exit - MemInfo: [/proc/self/status]	VmPMD:	      12 kB
20220314 061647.296 INFO             PET0 PIOc_freedecomp Exit - MemInfo: [/proc/self/status]	VmSwap:	       0 kB
20220314 061647.296 INFO             PET0 PIOc_freedecomp Exit - MemInfo: [/proc/self/status]	VmRSSPercent: 0.0465049 %
20220314 061647.296 INFO             PET0 PIOc_freedecomp Exit - MemInfo: [malloc] Non-mmapped space allocated:                36646912 Byte
20220314 061647.296 INFO             PET0 PIOc_freedecomp Exit - MemInfo: [malloc] Space allocated in mmapped regions:                0 Byte
20220314 061647.296 INFO             PET0 PIOc_freedecomp Exit - MemInfo: [malloc] Maximum total allocated space:                     0 Byte
20220314 061647.296 INFO             PET0 PIOc_freedecomp Exit - MemInfo: [malloc] Space in freed fastbin blocks:                  1872 Byte
20220314 061647.296 INFO             PET0 PIOc_freedecomp Exit - MemInfo: [malloc] Total allocated space:                      19211248 Byte
20220314 061647.296 INFO             PET0 PIOc_freedecomp Exit - MemInfo: [malloc] Total free space:                           17435664 Byte
20220314 061647.296 INFO             PET0 PIOc_freedecomp Exit - MemInfo: [malloc] Top-most, releasable space:                   117552 Byte
20220314 061647.296 INFO             PET0 PIOc_freedecomp Exit - MemInfo: [malloc] Total space in use, mmap + non-mmap:        19211248 Byte
20220314 061647.296 INFO             PET0 PIOc_freedecomp Exit - MemInfo: [malloc] Total space held (mmap + non-mmap):         36646912 Byte
20220314 061647.296 INFO             PET0 PIOc_freedecomp Exit - MemInfo: [malloc] Total space used (mmap + non-mmap):         19220576 Byte
20220314 061647.296 INFO             PET0 PIOc_freedecomp Exit - MemInfo: Wall-clock time since execution start:              0.0198844 seconds
20220314 061647.297 INFO             PET0 PIOc_sync Enter - MemInfo: [/proc/meminfo - SSI]	MemTotal:       65507008 kB
20220314 061647.297 INFO             PET0 PIOc_sync Enter - MemInfo: [/proc/meminfo - SSI]	MemFree:        49819328 kB
20220314 061647.297 INFO             PET0 PIOc_sync Enter - MemInfo: [/proc/meminfo - SSI]	MemAvailable:   49575172 kB
20220314 061647.297 INFO             PET0 PIOc_sync Enter - MemInfo: [/proc/meminfo - SSI]	Committed_AS:   13070140 kB
20220314 061647.297 INFO             PET0 PIOc_sync Enter - MemInfo: [/proc/meminfo - SSI]	CommittedPercent: 19.9523 %
20220314 061647.297 INFO             PET0 PIOc_sync Enter - MemInfo: [/proc/self/status]	VmPeak:	  127444 kB
20220314 061647.297 INFO             PET0 PIOc_sync Enter - MemInfo: [/proc/self/status]	VmSize:	  119256 kB
20220314 061647.297 INFO             PET0 PIOc_sync Enter - MemInfo: [/proc/self/status]	VmLck:	       0 kB
20220314 061647.297 INFO             PET0 PIOc_sync Enter - MemInfo: [/proc/self/status]	VmPin:	       0 kB
20220314 061647.297 INFO             PET0 PIOc_sync Enter - MemInfo: [/proc/self/status]	VmHWM:	   30464 kB
20220314 061647.297 INFO             PET0 PIOc_sync Enter - MemInfo: [/proc/self/status]	VmRSS:	   30464 kB
20220314 061647.297 INFO             PET0 PIOc_sync Enter - MemInfo: [/proc/self/status]	VmData:	   39112 kB
20220314 061647.297 INFO             PET0 PIOc_sync Enter - MemInfo: [/proc/self/status]	VmStk:	     144 kB
20220314 061647.297 INFO             PET0 PIOc_sync Enter - MemInfo: [/proc/self/status]	VmExe:	     196 kB
20220314 061647.297 INFO             PET0 PIOc_sync Enter - MemInfo: [/proc/self/status]	VmLib:	   39524 kB
20220314 061647.297 INFO             PET0 PIOc_sync Enter - MemInfo: [/proc/self/status]	VmPTE:	     224 kB
20220314 061647.297 INFO             PET0 PIOc_sync Enter - MemInfo: [/proc/self/status]	VmPMD:	      12 kB
20220314 061647.297 INFO             PET0 PIOc_sync Enter - MemInfo: [/proc/self/status]	VmSwap:	       0 kB
20220314 061647.297 INFO             PET0 PIOc_sync Enter - MemInfo: [/proc/self/status]	VmRSSPercent: 0.0465049 %
20220314 061647.297 INFO             PET0 PIOc_sync Enter - MemInfo: [malloc] Non-mmapped space allocated:                36646912 Byte
20220314 061647.297 INFO             PET0 PIOc_sync Enter - MemInfo: [malloc] Space allocated in mmapped regions:                0 Byte
20220314 061647.297 INFO             PET0 PIOc_sync Enter - MemInfo: [malloc] Maximum total allocated space:                     0 Byte
20220314 061647.297 INFO             PET0 PIOc_sync Enter - MemInfo: [malloc] Space in freed fastbin blocks:                   336 Byte
20220314 061647.297 INFO             PET0 PIOc_sync Enter - MemInfo: [malloc] Total allocated space:                      36529648 Byte
20220314 061647.297 INFO             PET0 PIOc_sync Enter - MemInfo: [malloc] Total free space:                             117264 Byte
20220314 061647.297 INFO             PET0 PIOc_sync Enter - MemInfo: [malloc] Top-most, releasable space:                   115792 Byte
20220314 061647.297 INFO             PET0 PIOc_sync Enter - MemInfo: [malloc] Total space in use, mmap + non-mmap:        36529648 Byte
20220314 061647.297 INFO             PET0 PIOc_sync Enter - MemInfo: [malloc] Total space held (mmap + non-mmap):         36646912 Byte
20220314 061647.297 INFO             PET0 PIOc_sync Enter - MemInfo: [malloc] Total space used (mmap + non-mmap):         36538976 Byte
20220314 061647.297 INFO             PET0 PIOc_sync Enter - MemInfo: Wall-clock time since execution start:              0.0208559 seconds
20220314 061647.297 INFO             PET0 PIOc_sync Exit - MemInfo: [/proc/meminfo - SSI]	MemTotal:       65507008 kB
20220314 061647.297 INFO             PET0 PIOc_sync Exit - MemInfo: [/proc/meminfo - SSI]	MemFree:        49819328 kB
20220314 061647.297 INFO             PET0 PIOc_sync Exit - MemInfo: [/proc/meminfo - SSI]	MemAvailable:   49575172 kB
20220314 061647.297 INFO             PET0 PIOc_sync Exit - MemInfo: [/proc/meminfo - SSI]	Committed_AS:   13070140 kB
20220314 061647.297 INFO             PET0 PIOc_sync Exit - MemInfo: [/proc/meminfo - SSI]	CommittedPercent: 19.9523 %
20220314 061647.297 INFO             PET0 PIOc_sync Exit - MemInfo: [/proc/self/status]	VmPeak:	  127444 kB
20220314 061647.297 INFO             PET0 PIOc_sync Exit - MemInfo: [/proc/self/status]	VmSize:	  119256 kB
20220314 061647.297 INFO             PET0 PIOc_sync Exit - MemInfo: [/proc/self/status]	VmLck:	       0 kB
20220314 061647.297 INFO             PET0 PIOc_sync Exit - MemInfo: [/proc/self/status]	VmPin:	       0 kB
20220314 061647.297 INFO             PET0 PIOc_sync Exit - MemInfo: [/proc/self/status]	VmHWM:	   30468 kB
20220314 061647.297 INFO             PET0 PIOc_sync Exit - MemInfo: [/proc/self/status]	VmRSS:	   30468 kB
20220314 061647.297 INFO             PET0 PIOc_sync Exit - MemInfo: [/proc/self/status]	VmData:	   39112 kB
20220314 061647.297 INFO             PET0 PIOc_sync Exit - MemInfo: [/proc/self/status]	VmStk:	     144 kB
20220314 061647.297 INFO             PET0 PIOc_sync Exit - MemInfo: [/proc/self/status]	VmExe:	     196 kB
20220314 061647.297 INFO             PET0 PIOc_sync Exit - MemInfo: [/proc/self/status]	VmLib:	   39524 kB
20220314 061647.297 INFO             PET0 PIOc_sync Exit - MemInfo: [/proc/self/status]	VmPTE:	     224 kB
20220314 061647.297 INFO             PET0 PIOc_sync Exit - MemInfo: [/proc/self/status]	VmPMD:	      12 kB
20220314 061647.297 INFO             PET0 PIOc_sync Exit - MemInfo: [/proc/self/status]	VmSwap:	       0 kB
20220314 061647.297 INFO             PET0 PIOc_sync Exit - MemInfo: [/proc/self/status]	VmRSSPercent: 0.0465111 %
20220314 061647.297 INFO             PET0 PIOc_sync Exit - MemInfo: [malloc] Non-mmapped space allocated:                36646912 Byte
20220314 061647.297 INFO             PET0 PIOc_sync Exit - MemInfo: [malloc] Space allocated in mmapped regions:                0 Byte
20220314 061647.297 INFO             PET0 PIOc_sync Exit - MemInfo: [malloc] Maximum total allocated space:                     0 Byte
20220314 061647.297 INFO             PET0 PIOc_sync Exit - MemInfo: [malloc] Space in freed fastbin blocks:                   320 Byte
20220314 061647.297 INFO             PET0 PIOc_sync Exit - MemInfo: [malloc] Total allocated space:                      36528976 Byte
20220314 061647.297 INFO             PET0 PIOc_sync Exit - MemInfo: [malloc] Total free space:                             117936 Byte
20220314 061647.297 INFO             PET0 PIOc_sync Exit - MemInfo: [malloc] Top-most, releasable space:                   116320 Byte
20220314 061647.297 INFO             PET0 PIOc_sync Exit - MemInfo: [malloc] Total space in use, mmap + non-mmap:        36528976 Byte
20220314 061647.297 INFO             PET0 PIOc_sync Exit - MemInfo: [malloc] Total space held (mmap + non-mmap):         36646912 Byte
20220314 061647.297 INFO             PET0 PIOc_sync Exit - MemInfo: [malloc] Total space used (mmap + non-mmap):         36538304 Byte
20220314 061647.297 INFO             PET0 PIOc_sync Exit - MemInfo: Wall-clock time since execution start:              0.0212052 seconds
20220314 061647.297 INFO             PET0 PIOc_freedecomp Enter - MemInfo: [/proc/meminfo - SSI]	MemTotal:       65507008 kB
20220314 061647.297 INFO             PET0 PIOc_freedecomp Enter - MemInfo: [/proc/meminfo - SSI]	MemFree:        49819328 kB
20220314 061647.297 INFO             PET0 PIOc_freedecomp Enter - MemInfo: [/proc/meminfo - SSI]	MemAvailable:   49575172 kB
20220314 061647.297 INFO             PET0 PIOc_freedecomp Enter - MemInfo: [/proc/meminfo - SSI]	Committed_AS:   13070140 kB
20220314 061647.298 INFO             PET0 PIOc_freedecomp Enter - MemInfo: [/proc/meminfo - SSI]	CommittedPercent: 19.9523 %
20220314 061647.298 INFO             PET0 PIOc_freedecomp Enter - MemInfo: [/proc/self/status]	VmPeak:	  127444 kB
20220314 061647.298 INFO             PET0 PIOc_freedecomp Enter - MemInfo: [/proc/self/status]	VmSize:	  119256 kB
20220314 061647.298 INFO             PET0 PIOc_freedecomp Enter - MemInfo: [/proc/self/status]	VmLck:	       0 kB
20220314 061647.298 INFO             PET0 PIOc_freedecomp Enter - MemInfo: [/proc/self/status]	VmPin:	       0 kB
20220314 061647.298 INFO             PET0 PIOc_freedecomp Enter - MemInfo: [/proc/self/status]	VmHWM:	   30468 kB
20220314 061647.298 INFO             PET0 PIOc_freedecomp Enter - MemInfo: [/proc/self/status]	VmRSS:	   30468 kB
20220314 061647.298 INFO             PET0 PIOc_freedecomp Enter - MemInfo: [/proc/self/status]	VmData:	   39112 kB
20220314 061647.298 INFO             PET0 PIOc_freedecomp Enter - MemInfo: [/proc/self/status]	VmStk:	     144 kB
20220314 061647.298 INFO             PET0 PIOc_freedecomp Enter - MemInfo: [/proc/self/status]	VmExe:	     196 kB
20220314 061647.298 INFO             PET0 PIOc_freedecomp Enter - MemInfo: [/proc/self/status]	VmLib:	   39524 kB
20220314 061647.298 INFO             PET0 PIOc_freedecomp Enter - MemInfo: [/proc/self/status]	VmPTE:	     224 kB
20220314 061647.298 INFO             PET0 PIOc_freedecomp Enter - MemInfo: [/proc/self/status]	VmPMD:	      12 kB
20220314 061647.298 INFO             PET0 PIOc_freedecomp Enter - MemInfo: [/proc/self/status]	VmSwap:	       0 kB
20220314 061647.298 INFO             PET0 PIOc_freedecomp Enter - MemInfo: [/proc/self/status]	VmRSSPercent: 0.0465111 %
20220314 061647.298 INFO             PET0 PIOc_freedecomp Enter - MemInfo: [malloc] Non-mmapped space allocated:                36646912 Byte
20220314 061647.298 INFO             PET0 PIOc_freedecomp Enter - MemInfo: [malloc] Space allocated in mmapped regions:                0 Byte
20220314 061647.298 INFO             PET0 PIOc_freedecomp Enter - MemInfo: [malloc] Maximum total allocated space:                     0 Byte
20220314 061647.298 INFO             PET0 PIOc_freedecomp Enter - MemInfo: [malloc] Space in freed fastbin blocks:                   832 Byte
20220314 061647.298 INFO             PET0 PIOc_freedecomp Enter - MemInfo: [malloc] Total allocated space:                      19212608 Byte
20220314 061647.298 INFO             PET0 PIOc_freedecomp Enter - MemInfo: [malloc] Total free space:                           17434304 Byte
20220314 061647.298 INFO             PET0 PIOc_freedecomp Enter - MemInfo: [malloc] Top-most, releasable space:                   116704 Byte
20220314 061647.298 INFO             PET0 PIOc_freedecomp Enter - MemInfo: [malloc] Total space in use, mmap + non-mmap:        19212608 Byte
20220314 061647.298 INFO             PET0 PIOc_freedecomp Enter - MemInfo: [malloc] Total space held (mmap + non-mmap):         36646912 Byte
20220314 061647.298 INFO             PET0 PIOc_freedecomp Enter - MemInfo: [malloc] Total space used (mmap + non-mmap):         19221936 Byte
20220314 061647.298 INFO             PET0 PIOc_freedecomp Enter - MemInfo: Wall-clock time since execution start:              0.0215347 seconds
20220314 061647.298 INFO             PET0 PIOc_freedecomp Exit - MemInfo: [/proc/meminfo - SSI]	MemTotal:       65507008 kB
20220314 061647.298 INFO             PET0 PIOc_freedecomp Exit - MemInfo: [/proc/meminfo - SSI]	MemFree:        49819328 kB
20220314 061647.298 INFO             PET0 PIOc_freedecomp Exit - MemInfo: [/proc/meminfo - SSI]	MemAvailable:   49575172 kB
20220314 061647.298 INFO             PET0 PIOc_freedecomp Exit - MemInfo: [/proc/meminfo - SSI]	Committed_AS:   13070140 kB
20220314 061647.298 INFO             PET0 PIOc_freedecomp Exit - MemInfo: [/proc/meminfo - SSI]	CommittedPercent: 19.9523 %
20220314 061647.298 INFO             PET0 PIOc_freedecomp Exit - MemInfo: [/proc/self/status]	VmPeak:	  127444 kB
20220314 061647.298 INFO             PET0 PIOc_freedecomp Exit - MemInfo: [/proc/self/status]	VmSize:	  119256 kB
20220314 061647.298 INFO             PET0 PIOc_freedecomp Exit - MemInfo: [/proc/self/status]	VmLck:	       0 kB
20220314 061647.298 INFO             PET0 PIOc_freedecomp Exit - MemInfo: [/proc/self/status]	VmPin:	       0 kB
20220314 061647.298 INFO             PET0 PIOc_freedecomp Exit - MemInfo: [/proc/self/status]	VmHWM:	   30468 kB
20220314 061647.298 INFO             PET0 PIOc_freedecomp Exit - MemInfo: [/proc/self/status]	VmRSS:	   30468 kB
20220314 061647.298 INFO             PET0 PIOc_freedecomp Exit - MemInfo: [/proc/self/status]	VmData:	   39112 kB
20220314 061647.298 INFO             PET0 PIOc_freedecomp Exit - MemInfo: [/proc/self/status]	VmStk:	     144 kB
20220314 061647.298 INFO             PET0 PIOc_freedecomp Exit - MemInfo: [/proc/self/status]	VmExe:	     196 kB
20220314 061647.298 INFO             PET0 PIOc_freedecomp Exit - MemInfo: [/proc/self/status]	VmLib:	   39524 kB
20220314 061647.298 INFO             PET0 PIOc_freedecomp Exit - MemInfo: [/proc/self/status]	VmPTE:	     224 kB
20220314 061647.298 INFO             PET0 PIOc_freedecomp Exit - MemInfo: [/proc/self/status]	VmPMD:	      12 kB
20220314 061647.298 INFO             PET0 PIOc_freedecomp Exit - MemInfo: [/proc/self/status]	VmSwap:	       0 kB
20220314 061647.298 INFO             PET0 PIOc_freedecomp Exit - MemInfo: [/proc/self/status]	VmRSSPercent: 0.0465111 %
20220314 061647.298 INFO             PET0 PIOc_freedecomp Exit - MemInfo: [malloc] Non-mmapped space allocated:                36646912 Byte
20220314 061647.298 INFO             PET0 PIOc_freedecomp Exit - MemInfo: [malloc] Space allocated in mmapped regions:                0 Byte
20220314 061647.298 INFO             PET0 PIOc_freedecomp Exit - MemInfo: [malloc] Maximum total allocated space:                     0 Byte
20220314 061647.298 INFO             PET0 PIOc_freedecomp Exit - MemInfo: [malloc] Space in freed fastbin blocks:                  1744 Byte
20220314 061647.298 INFO             PET0 PIOc_freedecomp Exit - MemInfo: [malloc] Total allocated space:                      19211232 Byte
20220314 061647.298 INFO             PET0 PIOc_freedecomp Exit - MemInfo: [malloc] Total free space:                           17435680 Byte
20220314 061647.298 INFO             PET0 PIOc_freedecomp Exit - MemInfo: [malloc] Top-most, releasable space:                   116704 Byte
20220314 061647.298 INFO             PET0 PIOc_freedecomp Exit - MemInfo: [malloc] Total space in use, mmap + non-mmap:        19211232 Byte
20220314 061647.298 INFO             PET0 PIOc_freedecomp Exit - MemInfo: [malloc] Total space held (mmap + non-mmap):         36646912 Byte
20220314 061647.298 INFO             PET0 PIOc_freedecomp Exit - MemInfo: [malloc] Total space used (mmap + non-mmap):         19220560 Byte
20220314 061647.298 INFO             PET0 PIOc_freedecomp Exit - MemInfo: Wall-clock time since execution start:              0.0218448 seconds
20220314 061647.299 INFO             PET0 PIOc_sync Enter - MemInfo: [/proc/meminfo - SSI]	MemTotal:       65507008 kB
20220314 061647.299 INFO             PET0 PIOc_sync Enter - MemInfo: [/proc/meminfo - SSI]	MemFree:        49819328 kB
20220314 061647.299 INFO             PET0 PIOc_sync Enter - MemInfo: [/proc/meminfo - SSI]	MemAvailable:   49575172 kB
20220314 061647.299 INFO             PET0 PIOc_sync Enter - MemInfo: [/proc/meminfo - SSI]	Committed_AS:   13070140 kB
20220314 061647.299 INFO             PET0 PIOc_sync Enter - MemInfo: [/proc/meminfo - SSI]	CommittedPercent: 19.9523 %
20220314 061647.299 INFO             PET0 PIOc_sync Enter - MemInfo: [/proc/self/status]	VmPeak:	  127444 kB
20220314 061647.299 INFO             PET0 PIOc_sync Enter - MemInfo: [/proc/self/status]	VmSize:	  119256 kB
20220314 061647.299 INFO             PET0 PIOc_sync Enter - MemInfo: [/proc/self/status]	VmLck:	       0 kB
20220314 061647.299 INFO             PET0 PIOc_sync Enter - MemInfo: [/proc/self/status]	VmPin:	       0 kB
20220314 061647.299 INFO             PET0 PIOc_sync Enter - MemInfo: [/proc/self/status]	VmHWM:	   30468 kB
20220314 061647.299 INFO             PET0 PIOc_sync Enter - MemInfo: [/proc/self/status]	VmRSS:	   30468 kB
20220314 061647.299 INFO             PET0 PIOc_sync Enter - MemInfo: [/proc/self/status]	VmData:	   39112 kB
20220314 061647.299 INFO             PET0 PIOc_sync Enter - MemInfo: [/proc/self/status]	VmStk:	     144 kB
20220314 061647.299 INFO             PET0 PIOc_sync Enter - MemInfo: [/proc/self/status]	VmExe:	     196 kB
20220314 061647.299 INFO             PET0 PIOc_sync Enter - MemInfo: [/proc/self/status]	VmLib:	   39524 kB
20220314 061647.299 INFO             PET0 PIOc_sync Enter - MemInfo: [/proc/self/status]	VmPTE:	     224 kB
20220314 061647.299 INFO             PET0 PIOc_sync Enter - MemInfo: [/proc/self/status]	VmPMD:	      12 kB
20220314 061647.299 INFO             PET0 PIOc_sync Enter - MemInfo: [/proc/self/status]	VmSwap:	       0 kB
20220314 061647.299 INFO             PET0 PIOc_sync Enter - MemInfo: [/proc/self/status]	VmRSSPercent: 0.0465111 %
20220314 061647.299 INFO             PET0 PIOc_sync Enter - MemInfo: [malloc] Non-mmapped space allocated:                36646912 Byte
20220314 061647.299 INFO             PET0 PIOc_sync Enter - MemInfo: [malloc] Space allocated in mmapped regions:                0 Byte
20220314 061647.299 INFO             PET0 PIOc_sync Enter - MemInfo: [malloc] Maximum total allocated space:                     0 Byte
20220314 061647.299 INFO             PET0 PIOc_sync Enter - MemInfo: [malloc] Space in freed fastbin blocks:                  1120 Byte
20220314 061647.299 INFO             PET0 PIOc_sync Enter - MemInfo: [malloc] Total allocated space:                      36530400 Byte
20220314 061647.299 INFO             PET0 PIOc_sync Enter - MemInfo: [malloc] Total free space:                             116512 Byte
20220314 061647.299 INFO             PET0 PIOc_sync Enter - MemInfo: [malloc] Top-most, releasable space:                   114320 Byte
20220314 061647.299 INFO             PET0 PIOc_sync Enter - MemInfo: [malloc] Total space in use, mmap + non-mmap:        36530400 Byte
20220314 061647.299 INFO             PET0 PIOc_sync Enter - MemInfo: [malloc] Total space held (mmap + non-mmap):         36646912 Byte
20220314 061647.299 INFO             PET0 PIOc_sync Enter - MemInfo: [malloc] Total space used (mmap + non-mmap):         36539728 Byte
20220314 061647.299 INFO             PET0 PIOc_sync Enter - MemInfo: Wall-clock time since execution start:              0.0228287 seconds
20220314 061647.299 INFO             PET0 PIOc_sync Exit - MemInfo: [/proc/meminfo - SSI]	MemTotal:       65507008 kB
20220314 061647.299 INFO             PET0 PIOc_sync Exit - MemInfo: [/proc/meminfo - SSI]	MemFree:        49819328 kB
20220314 061647.299 INFO             PET0 PIOc_sync Exit - MemInfo: [/proc/meminfo - SSI]	MemAvailable:   49575172 kB
20220314 061647.299 INFO             PET0 PIOc_sync Exit - MemInfo: [/proc/meminfo - SSI]	Committed_AS:   13070140 kB
20220314 061647.299 INFO             PET0 PIOc_sync Exit - MemInfo: [/proc/meminfo - SSI]	CommittedPercent: 19.9523 %
20220314 061647.299 INFO             PET0 PIOc_sync Exit - MemInfo: [/proc/self/status]	VmPeak:	  127444 kB
20220314 061647.299 INFO             PET0 PIOc_sync Exit - MemInfo: [/proc/self/status]	VmSize:	  119256 kB
20220314 061647.299 INFO             PET0 PIOc_sync Exit - MemInfo: [/proc/self/status]	VmLck:	       0 kB
20220314 061647.299 INFO             PET0 PIOc_sync Exit - MemInfo: [/proc/self/status]	VmPin:	       0 kB
20220314 061647.299 INFO             PET0 PIOc_sync Exit - MemInfo: [/proc/self/status]	VmHWM:	   30468 kB
20220314 061647.299 INFO             PET0 PIOc_sync Exit - MemInfo: [/proc/self/status]	VmRSS:	   30468 kB
20220314 061647.299 INFO             PET0 PIOc_sync Exit - MemInfo: [/proc/self/status]	VmData:	   39112 kB
20220314 061647.299 INFO             PET0 PIOc_sync Exit - MemInfo: [/proc/self/status]	VmStk:	     144 kB
20220314 061647.299 INFO             PET0 PIOc_sync Exit - MemInfo: [/proc/self/status]	VmExe:	     196 kB
20220314 061647.299 INFO             PET0 PIOc_sync Exit - MemInfo: [/proc/self/status]	VmLib:	   39524 kB
20220314 061647.299 INFO             PET0 PIOc_sync Exit - MemInfo: [/proc/self/status]	VmPTE:	     224 kB
20220314 061647.299 INFO             PET0 PIOc_sync Exit - MemInfo: [/proc/self/status]	VmPMD:	      12 kB
20220314 061647.299 INFO             PET0 PIOc_sync Exit - MemInfo: [/proc/self/status]	VmSwap:	       0 kB
20220314 061647.299 INFO             PET0 PIOc_sync Exit - MemInfo: [/proc/self/status]	VmRSSPercent: 0.0465111 %
20220314 061647.299 INFO             PET0 PIOc_sync Exit - MemInfo: [malloc] Non-mmapped space allocated:                36646912 Byte
20220314 061647.299 INFO             PET0 PIOc_sync Exit - MemInfo: [malloc] Space allocated in mmapped regions:                0 Byte
20220314 061647.299 INFO             PET0 PIOc_sync Exit - MemInfo: [malloc] Maximum total allocated space:                     0 Byte
20220314 061647.299 INFO             PET0 PIOc_sync Exit - MemInfo: [malloc] Space in freed fastbin blocks:                   832 Byte
20220314 061647.299 INFO             PET0 PIOc_sync Exit - MemInfo: [malloc] Total allocated space:                      36529728 Byte
20220314 061647.299 INFO             PET0 PIOc_sync Exit - MemInfo: [malloc] Total free space:                             117184 Byte
20220314 061647.299 INFO             PET0 PIOc_sync Exit - MemInfo: [malloc] Top-most, releasable space:                   114848 Byte
20220314 061647.299 INFO             PET0 PIOc_sync Exit - MemInfo: [malloc] Total space in use, mmap + non-mmap:        36529728 Byte
20220314 061647.299 INFO             PET0 PIOc_sync Exit - MemInfo: [malloc] Total space held (mmap + non-mmap):         36646912 Byte
20220314 061647.299 INFO             PET0 PIOc_sync Exit - MemInfo: [malloc] Total space used (mmap + non-mmap):         36539056 Byte
20220314 061647.299 INFO             PET0 PIOc_sync Exit - MemInfo: Wall-clock time since execution start:              0.0231762 seconds
20220314 061647.299 INFO             PET0 PIOc_freedecomp Enter - MemInfo: [/proc/meminfo - SSI]	MemTotal:       65507008 kB
20220314 061647.299 INFO             PET0 PIOc_freedecomp Enter - MemInfo: [/proc/meminfo - SSI]	MemFree:        49819328 kB
20220314 061647.299 INFO             PET0 PIOc_freedecomp Enter - MemInfo: [/proc/meminfo - SSI]	MemAvailable:   49575172 kB
20220314 061647.299 INFO             PET0 PIOc_freedecomp Enter - MemInfo: [/proc/meminfo - SSI]	Committed_AS:   13070140 kB
20220314 061647.299 INFO             PET0 PIOc_freedecomp Enter - MemInfo: [/proc/meminfo - SSI]	CommittedPercent: 19.9523 %
20220314 061647.300 INFO             PET0 PIOc_freedecomp Enter - MemInfo: [/proc/self/status]	VmPeak:	  127444 kB
20220314 061647.300 INFO             PET0 PIOc_freedecomp Enter - MemInfo: [/proc/self/status]	VmSize:	  119256 kB
20220314 061647.300 INFO             PET0 PIOc_freedecomp Enter - MemInfo: [/proc/self/status]	VmLck:	       0 kB
20220314 061647.300 INFO             PET0 PIOc_freedecomp Enter - MemInfo: [/proc/self/status]	VmPin:	       0 kB
20220314 061647.300 INFO             PET0 PIOc_freedecomp Enter - MemInfo: [/proc/self/status]	VmHWM:	   30468 kB
20220314 061647.300 INFO             PET0 PIOc_freedecomp Enter - MemInfo: [/proc/self/status]	VmRSS:	   30468 kB
20220314 061647.300 INFO             PET0 PIOc_freedecomp Enter - MemInfo: [/proc/self/status]	VmData:	   39112 kB
20220314 061647.300 INFO             PET0 PIOc_freedecomp Enter - MemInfo: [/proc/self/status]	VmStk:	     144 kB
20220314 061647.300 INFO             PET0 PIOc_freedecomp Enter - MemInfo: [/proc/self/status]	VmExe:	     196 kB
20220314 061647.300 INFO             PET0 PIOc_freedecomp Enter - MemInfo: [/proc/self/status]	VmLib:	   39524 kB
20220314 061647.300 INFO             PET0 PIOc_freedecomp Enter - MemInfo: [/proc/self/status]	VmPTE:	     224 kB
20220314 061647.300 INFO             PET0 PIOc_freedecomp Enter - MemInfo: [/proc/self/status]	VmPMD:	      12 kB
20220314 061647.300 INFO             PET0 PIOc_freedecomp Enter - MemInfo: [/proc/self/status]	VmSwap:	       0 kB
20220314 061647.300 INFO             PET0 PIOc_freedecomp Enter - MemInfo: [/proc/self/status]	VmRSSPercent: 0.0465111 %
20220314 061647.300 INFO             PET0 PIOc_freedecomp Enter - MemInfo: [malloc] Non-mmapped space allocated:                36646912 Byte
20220314 061647.300 INFO             PET0 PIOc_freedecomp Enter - MemInfo: [malloc] Space allocated in mmapped regions:                0 Byte
20220314 061647.300 INFO             PET0 PIOc_freedecomp Enter - MemInfo: [malloc] Maximum total allocated space:                     0 Byte
20220314 061647.300 INFO             PET0 PIOc_freedecomp Enter - MemInfo: [malloc] Space in freed fastbin blocks:                   704 Byte
20220314 061647.300 INFO             PET0 PIOc_freedecomp Enter - MemInfo: [malloc] Total allocated space:                      19212608 Byte
20220314 061647.300 INFO             PET0 PIOc_freedecomp Enter - MemInfo: [malloc] Total free space:                           17434304 Byte
20220314 061647.300 INFO             PET0 PIOc_freedecomp Enter - MemInfo: [malloc] Top-most, releasable space:                   115232 Byte
20220314 061647.300 INFO             PET0 PIOc_freedecomp Enter - MemInfo: [malloc] Total space in use, mmap + non-mmap:        19212608 Byte
20220314 061647.300 INFO             PET0 PIOc_freedecomp Enter - MemInfo: [malloc] Total space held (mmap + non-mmap):         36646912 Byte
20220314 061647.300 INFO             PET0 PIOc_freedecomp Enter - MemInfo: [malloc] Total space used (mmap + non-mmap):         19221936 Byte
20220314 061647.300 INFO             PET0 PIOc_freedecomp Enter - MemInfo: Wall-clock time since execution start:               0.023508 seconds
20220314 061647.300 INFO             PET0 PIOc_freedecomp Exit - MemInfo: [/proc/meminfo - SSI]	MemTotal:       65507008 kB
20220314 061647.300 INFO             PET0 PIOc_freedecomp Exit - MemInfo: [/proc/meminfo - SSI]	MemFree:        49819328 kB
20220314 061647.300 INFO             PET0 PIOc_freedecomp Exit - MemInfo: [/proc/meminfo - SSI]	MemAvailable:   49575172 kB
20220314 061647.300 INFO             PET0 PIOc_freedecomp Exit - MemInfo: [/proc/meminfo - SSI]	Committed_AS:   13070140 kB
20220314 061647.300 INFO             PET0 PIOc_freedecomp Exit - MemInfo: [/proc/meminfo - SSI]	CommittedPercent: 19.9523 %
20220314 061647.300 INFO             PET0 PIOc_freedecomp Exit - MemInfo: [/proc/self/status]	VmPeak:	  127444 kB
20220314 061647.300 INFO             PET0 PIOc_freedecomp Exit - MemInfo: [/proc/self/status]	VmSize:	  119256 kB
20220314 061647.300 INFO             PET0 PIOc_freedecomp Exit - MemInfo: [/proc/self/status]	VmLck:	       0 kB
20220314 061647.300 INFO             PET0 PIOc_freedecomp Exit - MemInfo: [/proc/self/status]	VmPin:	       0 kB
20220314 061647.300 INFO             PET0 PIOc_freedecomp Exit - MemInfo: [/proc/self/status]	VmHWM:	   30468 kB
20220314 061647.300 INFO             PET0 PIOc_freedecomp Exit - MemInfo: [/proc/self/status]	VmRSS:	   30468 kB
20220314 061647.300 INFO             PET0 PIOc_freedecomp Exit - MemInfo: [/proc/self/status]	VmData:	   39112 kB
20220314 061647.300 INFO             PET0 PIOc_freedecomp Exit - MemInfo: [/proc/self/status]	VmStk:	     144 kB
20220314 061647.300 INFO             PET0 PIOc_freedecomp Exit - MemInfo: [/proc/self/status]	VmExe:	     196 kB
20220314 061647.300 INFO             PET0 PIOc_freedecomp Exit - MemInfo: [/proc/self/status]	VmLib:	   39524 kB
20220314 061647.300 INFO             PET0 PIOc_freedecomp Exit - MemInfo: [/proc/self/status]	VmPTE:	     224 kB
20220314 061647.300 INFO             PET0 PIOc_freedecomp Exit - MemInfo: [/proc/self/status]	VmPMD:	      12 kB
20220314 061647.300 INFO             PET0 PIOc_freedecomp Exit - MemInfo: [/proc/self/status]	VmSwap:	       0 kB
20220314 061647.300 INFO             PET0 PIOc_freedecomp Exit - MemInfo: [/proc/self/status]	VmRSSPercent: 0.0465111 %
20220314 061647.300 INFO             PET0 PIOc_freedecomp Exit - MemInfo: [malloc] Non-mmapped space allocated:                36646912 Byte
20220314 061647.300 INFO             PET0 PIOc_freedecomp Exit - MemInfo: [malloc] Space allocated in mmapped regions:                0 Byte
20220314 061647.300 INFO             PET0 PIOc_freedecomp Exit - MemInfo: [malloc] Maximum total allocated space:                     0 Byte
20220314 061647.300 INFO             PET0 PIOc_freedecomp Exit - MemInfo: [malloc] Space in freed fastbin blocks:                  1616 Byte
20220314 061647.300 INFO             PET0 PIOc_freedecomp Exit - MemInfo: [malloc] Total allocated space:                      19211232 Byte
20220314 061647.300 INFO             PET0 PIOc_freedecomp Exit - MemInfo: [malloc] Total free space:                           17435680 Byte
20220314 061647.300 INFO             PET0 PIOc_freedecomp Exit - MemInfo: [malloc] Top-most, releasable space:                   115232 Byte
20220314 061647.300 INFO             PET0 PIOc_freedecomp Exit - MemInfo: [malloc] Total space in use, mmap + non-mmap:        19211232 Byte
20220314 061647.300 INFO             PET0 PIOc_freedecomp Exit - MemInfo: [malloc] Total space held (mmap + non-mmap):         36646912 Byte
20220314 061647.300 INFO             PET0 PIOc_freedecomp Exit - MemInfo: [malloc] Total space used (mmap + non-mmap):         19220560 Byte
20220314 061647.300 INFO             PET0 PIOc_freedecomp Exit - MemInfo: Wall-clock time since execution start:              0.0238213 seconds
20220314 061647.300 INFO             PET0 PASS Execute ESMC_RouteHandlePrint(), ESMC_FieldGridRegridCsrvUTest.C, line 526
20220314 061647.300 INFO             PET0 PASS Release an ESMC_RouteHandle via ESMC_FieldRegridRelease(), ESMC_FieldGridRegridCsrvUTest.C, line 534
20220314 061647.301 INFO             PET0 PASS Execute ESMC_FieldRegridGetArea() - source, ESMC_FieldGridRegridCsrvUTest.C, line 584
20220314 061647.301 INFO             PET0 PASS Execute ESMC_FieldRegridGetArea() - destination, ESMC_FieldGridRegridCsrvUTest.C, line 606
20220314 061647.301 INFO             PET0 PASS Regridding Validation, ESMC_FieldGridRegridCsrvUTest.C, line 671
20220314 061647.301 INFO             PET0 PASS Destroy ESMC_Field object, ESMC_FieldGridRegridCsrvUTest.C, line 685
20220314 061647.301 INFO             PET0 PASS Destroy ESMC_Field object, ESMC_FieldGridRegridCsrvUTest.C, line 693
20220314 061647.301 INFO             PET0 PASS Destroy ESMC_Grid object, ESMC_FieldGridRegridCsrvUTest.C, line 701
20220314 061647.301 INFO             PET0 PASS Destroy ESMC_Mesh object, ESMC_FieldGridRegridCsrvUTest.C, line 709
20220314 061647.301 INFO             PET0 Ending Test, file ESMC_FieldGridRegridCsrvUTest.C, line 714
20220314 061647.301 INFO             PET0 Finalizing ESMF
