build time -- 2022-03-14 06:04:57.088307
20220314 061645.620 INFO             PET0 !!!!!!!!!!!!!!!!!!!!!!!!!!!!!!!!!!!!!!!!!!!!!!!!!!!!!!
20220314 061645.620 INFO             PET0 !!! THE ESMF_LOG IS SET TO OUTPUT ALL LOG MESSAGES !!!
20220314 061645.620 INFO             PET0 !!!     THIS MAY CAUSE SLOWDOWN IN PERFORMANCE     !!!
20220314 061645.620 INFO             PET0 !!! FOR PRODUCTION RUNS, USE:                      !!!
20220314 061645.620 INFO             PET0 !!!                   ESMF_LOGKIND_Multi_On_Error  !!!
20220314 061645.620 INFO             PET0 !!!!!!!!!!!!!!!!!!!!!!!!!!!!!!!!!!!!!!!!!!!!!!!!!!!!!!
20220314 061645.620 INFO             PET0 Running with ESMF Version   : v8.3.0b09-96-g559b459836
20220314 061645.620 INFO             PET0 ESMF library build date/time: "Mar 14 2022" "06:03:07"
20220314 061645.620 INFO             PET0 ESMF library build location : /glade/scratch/rlong/esmf-testing/gfortran_10.1.0_mpt_O_jedwards_pio_update2
20220314 061645.620 INFO             PET0 ESMF_COMM                   : mpt
20220314 061645.620 INFO             PET0 ESMF_MOAB                   : enabled
20220314 061645.620 INFO             PET0 ESMF_LAPACK                 : enabled
20220314 061645.620 INFO             PET0 ESMF_NETCDF                 : enabled
20220314 061645.620 INFO             PET0 ESMF_PNETCDF                : disabled
20220314 061645.620 INFO             PET0 ESMF_PIO                    : enabled
20220314 061645.620 INFO             PET0 ESMF_YAMLCPP                : enabled
20220314 061645.620 INFO             PET0 Beginning Test, file ESMC_FieldRegridUTest.C, line 68
20220314 061645.620 INFO             PET0 Beginning Test, file ESMC_FieldRegridUTest.C, line 68NUMBER_OF_PROCESSORS 1
20220314 061645.620 INFO             PET0 PASS MeshCreate, ESMC_FieldRegridUTest.C, line 125
20220314 061645.620 INFO             PET0 PASS MeshAddNodes, ESMC_FieldRegridUTest.C, line 133
20220314 061645.620 INFO             PET0 PASS MeshAddElements, ESMC_FieldRegridUTest.C, line 142
20220314 061645.620 INFO             PET0 PASS MeshGetLocalNodeCount, ESMC_FieldRegridUTest.C, line 152
20220314 061645.620 INFO             PET0 PASS MeshGetLocalElementCount, ESMC_FieldRegridUTest.C, line 163
20220314 061645.620 INFO             PET0 PASS MeshCreate, ESMC_FieldRegridUTest.C, line 231
20220314 061645.620 INFO             PET0 PASS MeshAddNodes, ESMC_FieldRegridUTest.C, line 239
20220314 061645.620 INFO             PET0 PASS MeshAddElements, ESMC_FieldRegridUTest.C, line 248
20220314 061645.620 INFO             PET0 PASS MeshGetLocalNodeCount, ESMC_FieldRegridUTest.C, line 258
20220314 061645.620 INFO             PET0 PASS MeshGetLocalElementCount, ESMC_FieldRegridUTest.C, line 269
20220314 061645.621 INFO             PET0 PASS Create ESMC_Field object, ESMC_FieldRegridUTest.C, line 284
20220314 061645.621 INFO             PET0 PASS Create ESMC_Field object, ESMC_FieldRegridUTest.C, line 293
20220314 061645.621 INFO             PET0 PASS Get a void * C pointer to data from ESMC_Field object, ESMC_FieldRegridUTest.C, line 306
20220314 061645.621 INFO             PET0 PASS Get a void * C pointer to data from ESMC_Field object, ESMC_FieldRegridUTest.C, line 325
20220314 061645.621 INFO             PET0 PASS Create an InterArray for maskValues in ESMC_FieldRegridStore(), ESMC_FieldRegridUTest.C, line 343
20220314 061645.633 INFO             PET0 PIOc_sync Enter - MemInfo: [/proc/meminfo - SSI]	MemTotal:       65507008 kB
20220314 061645.633 INFO             PET0 PIOc_sync Enter - MemInfo: [/proc/meminfo - SSI]	MemFree:        49823656 kB
20220314 061645.633 INFO             PET0 PIOc_sync Enter - MemInfo: [/proc/meminfo - SSI]	MemAvailable:   49579356 kB
20220314 061645.633 INFO             PET0 PIOc_sync Enter - MemInfo: [/proc/meminfo - SSI]	Committed_AS:   13055728 kB
20220314 061645.633 INFO             PET0 PIOc_sync Enter - MemInfo: [/proc/meminfo - SSI]	CommittedPercent: 19.9303 %
20220314 061645.633 INFO             PET0 PIOc_sync Enter - MemInfo: [/proc/self/status]	VmPeak:	  119232 kB
20220314 061645.635 INFO             PET0 PIOc_sync Enter - MemInfo: [/proc/self/status]	VmSize:	  119232 kB
20220314 061645.635 INFO             PET0 PIOc_sync Enter - MemInfo: [/proc/self/status]	VmLck:	       0 kB
20220314 061645.635 INFO             PET0 PIOc_sync Enter - MemInfo: [/proc/self/status]	VmPin:	       0 kB
20220314 061645.635 INFO             PET0 PIOc_sync Enter - MemInfo: [/proc/self/status]	VmHWM:	   30424 kB
20220314 061645.635 INFO             PET0 PIOc_sync Enter - MemInfo: [/proc/self/status]	VmRSS:	   30424 kB
20220314 061645.635 INFO             PET0 PIOc_sync Enter - MemInfo: [/proc/self/status]	VmData:	   39084 kB
20220314 061645.635 INFO             PET0 PIOc_sync Enter - MemInfo: [/proc/self/status]	VmStk:	     144 kB
20220314 061645.635 INFO             PET0 PIOc_sync Enter - MemInfo: [/proc/self/status]	VmExe:	     200 kB
20220314 061645.635 INFO             PET0 PIOc_sync Enter - MemInfo: [/proc/self/status]	VmLib:	   39524 kB
20220314 061645.635 INFO             PET0 PIOc_sync Enter - MemInfo: [/proc/self/status]	VmPTE:	     228 kB
20220314 061645.635 INFO             PET0 PIOc_sync Enter - MemInfo: [/proc/self/status]	VmPMD:	      12 kB
20220314 061645.635 INFO             PET0 PIOc_sync Enter - MemInfo: [/proc/self/status]	VmSwap:	       0 kB
20220314 061645.635 INFO             PET0 PIOc_sync Enter - MemInfo: [/proc/self/status]	VmRSSPercent: 0.0464439 %
20220314 061645.635 INFO             PET0 PIOc_sync Enter - MemInfo: [malloc] Non-mmapped space allocated:                36618240 Byte
20220314 061645.635 INFO             PET0 PIOc_sync Enter - MemInfo: [malloc] Space allocated in mmapped regions:                0 Byte
20220314 061645.635 INFO             PET0 PIOc_sync Enter - MemInfo: [malloc] Maximum total allocated space:                     0 Byte
20220314 061645.635 INFO             PET0 PIOc_sync Enter - MemInfo: [malloc] Space in freed fastbin blocks:                  1008 Byte
20220314 061645.635 INFO             PET0 PIOc_sync Enter - MemInfo: [malloc] Total allocated space:                      36503456 Byte
20220314 061645.635 INFO             PET0 PIOc_sync Enter - MemInfo: [malloc] Total free space:                             114784 Byte
20220314 061645.635 INFO             PET0 PIOc_sync Enter - MemInfo: [malloc] Top-most, releasable space:                   113152 Byte
20220314 061645.635 INFO             PET0 PIOc_sync Enter - MemInfo: [malloc] Total space in use, mmap + non-mmap:        36503456 Byte
20220314 061645.635 INFO             PET0 PIOc_sync Enter - MemInfo: [malloc] Total space held (mmap + non-mmap):         36618240 Byte
20220314 061645.635 INFO             PET0 PIOc_sync Enter - MemInfo: [malloc] Total space used (mmap + non-mmap):         36512784 Byte
20220314 061645.635 INFO             PET0 PIOc_sync Enter - MemInfo: Wall-clock time since execution start:              0.0166497 seconds
20220314 061645.636 INFO             PET0 PIOc_sync Exit - MemInfo: [/proc/meminfo - SSI]	MemTotal:       65507008 kB
20220314 061645.636 INFO             PET0 PIOc_sync Exit - MemInfo: [/proc/meminfo - SSI]	MemFree:        49823656 kB
20220314 061645.636 INFO             PET0 PIOc_sync Exit - MemInfo: [/proc/meminfo - SSI]	MemAvailable:   49579356 kB
20220314 061645.636 INFO             PET0 PIOc_sync Exit - MemInfo: [/proc/meminfo - SSI]	Committed_AS:   13055728 kB
20220314 061645.636 INFO             PET0 PIOc_sync Exit - MemInfo: [/proc/meminfo - SSI]	CommittedPercent: 19.9303 %
20220314 061645.636 INFO             PET0 PIOc_sync Exit - MemInfo: [/proc/self/status]	VmPeak:	  119232 kB
20220314 061645.636 INFO             PET0 PIOc_sync Exit - MemInfo: [/proc/self/status]	VmSize:	  119232 kB
20220314 061645.636 INFO             PET0 PIOc_sync Exit - MemInfo: [/proc/self/status]	VmLck:	       0 kB
20220314 061645.636 INFO             PET0 PIOc_sync Exit - MemInfo: [/proc/self/status]	VmPin:	       0 kB
20220314 061645.636 INFO             PET0 PIOc_sync Exit - MemInfo: [/proc/self/status]	VmHWM:	   30536 kB
20220314 061645.636 INFO             PET0 PIOc_sync Exit - MemInfo: [/proc/self/status]	VmRSS:	   30536 kB
20220314 061645.636 INFO             PET0 PIOc_sync Exit - MemInfo: [/proc/self/status]	VmData:	   39084 kB
20220314 061645.636 INFO             PET0 PIOc_sync Exit - MemInfo: [/proc/self/status]	VmStk:	     144 kB
20220314 061645.636 INFO             PET0 PIOc_sync Exit - MemInfo: [/proc/self/status]	VmExe:	     200 kB
20220314 061645.636 INFO             PET0 PIOc_sync Exit - MemInfo: [/proc/self/status]	VmLib:	   39524 kB
20220314 061645.636 INFO             PET0 PIOc_sync Exit - MemInfo: [/proc/self/status]	VmPTE:	     228 kB
20220314 061645.636 INFO             PET0 PIOc_sync Exit - MemInfo: [/proc/self/status]	VmPMD:	      12 kB
20220314 061645.636 INFO             PET0 PIOc_sync Exit - MemInfo: [/proc/self/status]	VmSwap:	       0 kB
20220314 061645.636 INFO             PET0 PIOc_sync Exit - MemInfo: [/proc/self/status]	VmRSSPercent: 0.0466149 %
20220314 061645.636 INFO             PET0 PIOc_sync Exit - MemInfo: [malloc] Non-mmapped space allocated:                36618240 Byte
20220314 061645.636 INFO             PET0 PIOc_sync Exit - MemInfo: [malloc] Space allocated in mmapped regions:                0 Byte
20220314 061645.636 INFO             PET0 PIOc_sync Exit - MemInfo: [malloc] Maximum total allocated space:                     0 Byte
20220314 061645.636 INFO             PET0 PIOc_sync Exit - MemInfo: [malloc] Space in freed fastbin blocks:                   864 Byte
20220314 061645.636 INFO             PET0 PIOc_sync Exit - MemInfo: [malloc] Total allocated space:                      36502320 Byte
20220314 061645.636 INFO             PET0 PIOc_sync Exit - MemInfo: [malloc] Total free space:                             115920 Byte
20220314 061645.636 INFO             PET0 PIOc_sync Exit - MemInfo: [malloc] Top-most, releasable space:                   113568 Byte
20220314 061645.636 INFO             PET0 PIOc_sync Exit - MemInfo: [malloc] Total space in use, mmap + non-mmap:        36502320 Byte
20220314 061645.636 INFO             PET0 PIOc_sync Exit - MemInfo: [malloc] Total space held (mmap + non-mmap):         36618240 Byte
20220314 061645.636 INFO             PET0 PIOc_sync Exit - MemInfo: [malloc] Total space used (mmap + non-mmap):         36511648 Byte
20220314 061645.636 INFO             PET0 PIOc_sync Exit - MemInfo: Wall-clock time since execution start:              0.0170757 seconds
20220314 061645.636 INFO             PET0 PIOc_freedecomp Enter - MemInfo: [/proc/meminfo - SSI]	MemTotal:       65507008 kB
20220314 061645.636 INFO             PET0 PIOc_freedecomp Enter - MemInfo: [/proc/meminfo - SSI]	MemFree:        49823656 kB
20220314 061645.636 INFO             PET0 PIOc_freedecomp Enter - MemInfo: [/proc/meminfo - SSI]	MemAvailable:   49579356 kB
20220314 061645.636 INFO             PET0 PIOc_freedecomp Enter - MemInfo: [/proc/meminfo - SSI]	Committed_AS:   13055728 kB
20220314 061645.636 INFO             PET0 PIOc_freedecomp Enter - MemInfo: [/proc/meminfo - SSI]	CommittedPercent: 19.9303 %
20220314 061645.636 INFO             PET0 PIOc_freedecomp Enter - MemInfo: [/proc/self/status]	VmPeak:	  119232 kB
20220314 061645.636 INFO             PET0 PIOc_freedecomp Enter - MemInfo: [/proc/self/status]	VmSize:	  119232 kB
20220314 061645.636 INFO             PET0 PIOc_freedecomp Enter - MemInfo: [/proc/self/status]	VmLck:	       0 kB
20220314 061645.636 INFO             PET0 PIOc_freedecomp Enter - MemInfo: [/proc/self/status]	VmPin:	       0 kB
20220314 061645.636 INFO             PET0 PIOc_freedecomp Enter - MemInfo: [/proc/self/status]	VmHWM:	   30536 kB
20220314 061645.636 INFO             PET0 PIOc_freedecomp Enter - MemInfo: [/proc/self/status]	VmRSS:	   30536 kB
20220314 061645.636 INFO             PET0 PIOc_freedecomp Enter - MemInfo: [/proc/self/status]	VmData:	   39084 kB
20220314 061645.636 INFO             PET0 PIOc_freedecomp Enter - MemInfo: [/proc/self/status]	VmStk:	     144 kB
20220314 061645.636 INFO             PET0 PIOc_freedecomp Enter - MemInfo: [/proc/self/status]	VmExe:	     200 kB
20220314 061645.636 INFO             PET0 PIOc_freedecomp Enter - MemInfo: [/proc/self/status]	VmLib:	   39524 kB
20220314 061645.636 INFO             PET0 PIOc_freedecomp Enter - MemInfo: [/proc/self/status]	VmPTE:	     228 kB
20220314 061645.636 INFO             PET0 PIOc_freedecomp Enter - MemInfo: [/proc/self/status]	VmPMD:	      12 kB
20220314 061645.636 INFO             PET0 PIOc_freedecomp Enter - MemInfo: [/proc/self/status]	VmSwap:	       0 kB
20220314 061645.636 INFO             PET0 PIOc_freedecomp Enter - MemInfo: [/proc/self/status]	VmRSSPercent: 0.0466149 %
20220314 061645.636 INFO             PET0 PIOc_freedecomp Enter - MemInfo: [malloc] Non-mmapped space allocated:                36618240 Byte
20220314 061645.636 INFO             PET0 PIOc_freedecomp Enter - MemInfo: [malloc] Space allocated in mmapped regions:                0 Byte
20220314 061645.636 INFO             PET0 PIOc_freedecomp Enter - MemInfo: [malloc] Maximum total allocated space:                     0 Byte
20220314 061645.636 INFO             PET0 PIOc_freedecomp Enter - MemInfo: [malloc] Space in freed fastbin blocks:                   976 Byte
20220314 061645.636 INFO             PET0 PIOc_freedecomp Enter - MemInfo: [malloc] Total allocated space:                      19187632 Byte
20220314 061645.636 INFO             PET0 PIOc_freedecomp Enter - MemInfo: [malloc] Total free space:                           17430608 Byte
20220314 061645.636 INFO             PET0 PIOc_freedecomp Enter - MemInfo: [malloc] Top-most, releasable space:                   113568 Byte
20220314 061645.636 INFO             PET0 PIOc_freedecomp Enter - MemInfo: [malloc] Total space in use, mmap + non-mmap:        19187632 Byte
20220314 061645.636 INFO             PET0 PIOc_freedecomp Enter - MemInfo: [malloc] Total space held (mmap + non-mmap):         36618240 Byte
20220314 061645.636 INFO             PET0 PIOc_freedecomp Enter - MemInfo: [malloc] Total space used (mmap + non-mmap):         19196960 Byte
20220314 061645.636 INFO             PET0 PIOc_freedecomp Enter - MemInfo: Wall-clock time since execution start:              0.0174222 seconds
20220314 061645.636 INFO             PET0 PIOc_freedecomp Exit - MemInfo: [/proc/meminfo - SSI]	MemTotal:       65507008 kB
20220314 061645.636 INFO             PET0 PIOc_freedecomp Exit - MemInfo: [/proc/meminfo - SSI]	MemFree:        49823656 kB
20220314 061645.636 INFO             PET0 PIOc_freedecomp Exit - MemInfo: [/proc/meminfo - SSI]	MemAvailable:   49579356 kB
20220314 061645.636 INFO             PET0 PIOc_freedecomp Exit - MemInfo: [/proc/meminfo - SSI]	Committed_AS:   13055728 kB
20220314 061645.636 INFO             PET0 PIOc_freedecomp Exit - MemInfo: [/proc/meminfo - SSI]	CommittedPercent: 19.9303 %
20220314 061645.636 INFO             PET0 PIOc_freedecomp Exit - MemInfo: [/proc/self/status]	VmPeak:	  119232 kB
20220314 061645.636 INFO             PET0 PIOc_freedecomp Exit - MemInfo: [/proc/self/status]	VmSize:	  119232 kB
20220314 061645.636 INFO             PET0 PIOc_freedecomp Exit - MemInfo: [/proc/self/status]	VmLck:	       0 kB
20220314 061645.636 INFO             PET0 PIOc_freedecomp Exit - MemInfo: [/proc/self/status]	VmPin:	       0 kB
20220314 061645.636 INFO             PET0 PIOc_freedecomp Exit - MemInfo: [/proc/self/status]	VmHWM:	   30536 kB
20220314 061645.636 INFO             PET0 PIOc_freedecomp Exit - MemInfo: [/proc/self/status]	VmRSS:	   30536 kB
20220314 061645.636 INFO             PET0 PIOc_freedecomp Exit - MemInfo: [/proc/self/status]	VmData:	   39084 kB
20220314 061645.636 INFO             PET0 PIOc_freedecomp Exit - MemInfo: [/proc/self/status]	VmStk:	     144 kB
20220314 061645.636 INFO             PET0 PIOc_freedecomp Exit - MemInfo: [/proc/self/status]	VmExe:	     200 kB
20220314 061645.636 INFO             PET0 PIOc_freedecomp Exit - MemInfo: [/proc/self/status]	VmLib:	   39524 kB
20220314 061645.636 INFO             PET0 PIOc_freedecomp Exit - MemInfo: [/proc/self/status]	VmPTE:	     228 kB
20220314 061645.636 INFO             PET0 PIOc_freedecomp Exit - MemInfo: [/proc/self/status]	VmPMD:	      12 kB
20220314 061645.636 INFO             PET0 PIOc_freedecomp Exit - MemInfo: [/proc/self/status]	VmSwap:	       0 kB
20220314 061645.636 INFO             PET0 PIOc_freedecomp Exit - MemInfo: [/proc/self/status]	VmRSSPercent: 0.0466149 %
20220314 061645.636 INFO             PET0 PIOc_freedecomp Exit - MemInfo: [malloc] Non-mmapped space allocated:                36618240 Byte
20220314 061645.636 INFO             PET0 PIOc_freedecomp Exit - MemInfo: [malloc] Space allocated in mmapped regions:                0 Byte
20220314 061645.636 INFO             PET0 PIOc_freedecomp Exit - MemInfo: [malloc] Maximum total allocated space:                     0 Byte
20220314 061645.636 INFO             PET0 PIOc_freedecomp Exit - MemInfo: [malloc] Space in freed fastbin blocks:                  1104 Byte
20220314 061645.636 INFO             PET0 PIOc_freedecomp Exit - MemInfo: [malloc] Total allocated space:                      19184736 Byte
20220314 061645.636 INFO             PET0 PIOc_freedecomp Exit - MemInfo: [malloc] Total free space:                           17433504 Byte
20220314 061645.637 INFO             PET0 PIOc_freedecomp Exit - MemInfo: [malloc] Top-most, releasable space:                   113568 Byte
20220314 061645.637 INFO             PET0 PIOc_freedecomp Exit - MemInfo: [malloc] Total space in use, mmap + non-mmap:        19184736 Byte
20220314 061645.637 INFO             PET0 PIOc_freedecomp Exit - MemInfo: [malloc] Total space held (mmap + non-mmap):         36618240 Byte
20220314 061645.637 INFO             PET0 PIOc_freedecomp Exit - MemInfo: [malloc] Total space used (mmap + non-mmap):         19194064 Byte
20220314 061645.637 INFO             PET0 PIOc_freedecomp Exit - MemInfo: Wall-clock time since execution start:              0.0177379 seconds
20220314 061645.637 INFO             PET0 PIOc_sync Enter - MemInfo: [/proc/meminfo - SSI]	MemTotal:       65507008 kB
20220314 061645.637 INFO             PET0 PIOc_sync Enter - MemInfo: [/proc/meminfo - SSI]	MemFree:        49823656 kB
20220314 061645.637 INFO             PET0 PIOc_sync Enter - MemInfo: [/proc/meminfo - SSI]	MemAvailable:   49579356 kB
20220314 061645.637 INFO             PET0 PIOc_sync Enter - MemInfo: [/proc/meminfo - SSI]	Committed_AS:   13055728 kB
20220314 061645.637 INFO             PET0 PIOc_sync Enter - MemInfo: [/proc/meminfo - SSI]	CommittedPercent: 19.9303 %
20220314 061645.637 INFO             PET0 PIOc_sync Enter - MemInfo: [/proc/self/status]	VmPeak:	  127420 kB
20220314 061645.637 INFO             PET0 PIOc_sync Enter - MemInfo: [/proc/self/status]	VmSize:	  119232 kB
20220314 061645.637 INFO             PET0 PIOc_sync Enter - MemInfo: [/proc/self/status]	VmLck:	       0 kB
20220314 061645.637 INFO             PET0 PIOc_sync Enter - MemInfo: [/proc/self/status]	VmPin:	       0 kB
20220314 061645.637 INFO             PET0 PIOc_sync Enter - MemInfo: [/proc/self/status]	VmHWM:	   30544 kB
20220314 061645.637 INFO             PET0 PIOc_sync Enter - MemInfo: [/proc/self/status]	VmRSS:	   30544 kB
20220314 061645.637 INFO             PET0 PIOc_sync Enter - MemInfo: [/proc/self/status]	VmData:	   39084 kB
20220314 061645.637 INFO             PET0 PIOc_sync Enter - MemInfo: [/proc/self/status]	VmStk:	     144 kB
20220314 061645.637 INFO             PET0 PIOc_sync Enter - MemInfo: [/proc/self/status]	VmExe:	     200 kB
20220314 061645.637 INFO             PET0 PIOc_sync Enter - MemInfo: [/proc/self/status]	VmLib:	   39524 kB
20220314 061645.637 INFO             PET0 PIOc_sync Enter - MemInfo: [/proc/self/status]	VmPTE:	     228 kB
20220314 061645.637 INFO             PET0 PIOc_sync Enter - MemInfo: [/proc/self/status]	VmPMD:	      12 kB
20220314 061645.637 INFO             PET0 PIOc_sync Enter - MemInfo: [/proc/self/status]	VmSwap:	       0 kB
20220314 061645.637 INFO             PET0 PIOc_sync Enter - MemInfo: [/proc/self/status]	VmRSSPercent: 0.0466271 %
20220314 061645.638 INFO             PET0 PIOc_sync Enter - MemInfo: [malloc] Non-mmapped space allocated:                36618240 Byte
20220314 061645.638 INFO             PET0 PIOc_sync Enter - MemInfo: [malloc] Space allocated in mmapped regions:                0 Byte
20220314 061645.638 INFO             PET0 PIOc_sync Enter - MemInfo: [malloc] Maximum total allocated space:                     0 Byte
20220314 061645.638 INFO             PET0 PIOc_sync Enter - MemInfo: [malloc] Space in freed fastbin blocks:                   880 Byte
20220314 061645.638 INFO             PET0 PIOc_sync Enter - MemInfo: [malloc] Total allocated space:                      36503584 Byte
20220314 061645.638 INFO             PET0 PIOc_sync Enter - MemInfo: [malloc] Total free space:                             114656 Byte
20220314 061645.638 INFO             PET0 PIOc_sync Enter - MemInfo: [malloc] Top-most, releasable space:                   112048 Byte
20220314 061645.638 INFO             PET0 PIOc_sync Enter - MemInfo: [malloc] Total space in use, mmap + non-mmap:        36503584 Byte
20220314 061645.638 INFO             PET0 PIOc_sync Enter - MemInfo: [malloc] Total space held (mmap + non-mmap):         36618240 Byte
20220314 061645.638 INFO             PET0 PIOc_sync Enter - MemInfo: [malloc] Total space used (mmap + non-mmap):         36512912 Byte
20220314 061645.638 INFO             PET0 PIOc_sync Enter - MemInfo: Wall-clock time since execution start:              0.0187819 seconds
20220314 061645.638 INFO             PET0 PIOc_sync Exit - MemInfo: [/proc/meminfo - SSI]	MemTotal:       65507008 kB
20220314 061645.638 INFO             PET0 PIOc_sync Exit - MemInfo: [/proc/meminfo - SSI]	MemFree:        49823656 kB
20220314 061645.638 INFO             PET0 PIOc_sync Exit - MemInfo: [/proc/meminfo - SSI]	MemAvailable:   49579356 kB
20220314 061645.638 INFO             PET0 PIOc_sync Exit - MemInfo: [/proc/meminfo - SSI]	Committed_AS:   13055728 kB
20220314 061645.638 INFO             PET0 PIOc_sync Exit - MemInfo: [/proc/meminfo - SSI]	CommittedPercent: 19.9303 %
20220314 061645.638 INFO             PET0 PIOc_sync Exit - MemInfo: [/proc/self/status]	VmPeak:	  127420 kB
20220314 061645.638 INFO             PET0 PIOc_sync Exit - MemInfo: [/proc/self/status]	VmSize:	  119232 kB
20220314 061645.638 INFO             PET0 PIOc_sync Exit - MemInfo: [/proc/self/status]	VmLck:	       0 kB
20220314 061645.638 INFO             PET0 PIOc_sync Exit - MemInfo: [/proc/self/status]	VmPin:	       0 kB
20220314 061645.638 INFO             PET0 PIOc_sync Exit - MemInfo: [/proc/self/status]	VmHWM:	   30548 kB
20220314 061645.638 INFO             PET0 PIOc_sync Exit - MemInfo: [/proc/self/status]	VmRSS:	   30548 kB
20220314 061645.638 INFO             PET0 PIOc_sync Exit - MemInfo: [/proc/self/status]	VmData:	   39084 kB
20220314 061645.638 INFO             PET0 PIOc_sync Exit - MemInfo: [/proc/self/status]	VmStk:	     144 kB
20220314 061645.638 INFO             PET0 PIOc_sync Exit - MemInfo: [/proc/self/status]	VmExe:	     200 kB
20220314 061645.638 INFO             PET0 PIOc_sync Exit - MemInfo: [/proc/self/status]	VmLib:	   39524 kB
20220314 061645.638 INFO             PET0 PIOc_sync Exit - MemInfo: [/proc/self/status]	VmPTE:	     228 kB
20220314 061645.638 INFO             PET0 PIOc_sync Exit - MemInfo: [/proc/self/status]	VmPMD:	      12 kB
20220314 061645.638 INFO             PET0 PIOc_sync Exit - MemInfo: [/proc/self/status]	VmSwap:	       0 kB
20220314 061645.638 INFO             PET0 PIOc_sync Exit - MemInfo: [/proc/self/status]	VmRSSPercent: 0.0466332 %
20220314 061645.638 INFO             PET0 PIOc_sync Exit - MemInfo: [malloc] Non-mmapped space allocated:                36618240 Byte
20220314 061645.638 INFO             PET0 PIOc_sync Exit - MemInfo: [malloc] Space allocated in mmapped regions:                0 Byte
20220314 061645.638 INFO             PET0 PIOc_sync Exit - MemInfo: [malloc] Maximum total allocated space:                     0 Byte
20220314 061645.638 INFO             PET0 PIOc_sync Exit - MemInfo: [malloc] Space in freed fastbin blocks:                   832 Byte
20220314 061645.638 INFO             PET0 PIOc_sync Exit - MemInfo: [malloc] Total allocated space:                      36502688 Byte
20220314 061645.638 INFO             PET0 PIOc_sync Exit - MemInfo: [malloc] Total free space:                             115552 Byte
20220314 061645.638 INFO             PET0 PIOc_sync Exit - MemInfo: [malloc] Top-most, releasable space:                   112848 Byte
20220314 061645.638 INFO             PET0 PIOc_sync Exit - MemInfo: [malloc] Total space in use, mmap + non-mmap:        36502688 Byte
20220314 061645.638 INFO             PET0 PIOc_sync Exit - MemInfo: [malloc] Total space held (mmap + non-mmap):         36618240 Byte
20220314 061645.638 INFO             PET0 PIOc_sync Exit - MemInfo: [malloc] Total space used (mmap + non-mmap):         36512016 Byte
20220314 061645.638 INFO             PET0 PIOc_sync Exit - MemInfo: Wall-clock time since execution start:              0.0191365 seconds
20220314 061645.638 INFO             PET0 PIOc_freedecomp Enter - MemInfo: [/proc/meminfo - SSI]	MemTotal:       65507008 kB
20220314 061645.638 INFO             PET0 PIOc_freedecomp Enter - MemInfo: [/proc/meminfo - SSI]	MemFree:        49823656 kB
20220314 061645.638 INFO             PET0 PIOc_freedecomp Enter - MemInfo: [/proc/meminfo - SSI]	MemAvailable:   49579356 kB
20220314 061645.638 INFO             PET0 PIOc_freedecomp Enter - MemInfo: [/proc/meminfo - SSI]	Committed_AS:   13055728 kB
20220314 061645.638 INFO             PET0 PIOc_freedecomp Enter - MemInfo: [/proc/meminfo - SSI]	CommittedPercent: 19.9303 %
20220314 061645.638 INFO             PET0 PIOc_freedecomp Enter - MemInfo: [/proc/self/status]	VmPeak:	  127420 kB
20220314 061645.638 INFO             PET0 PIOc_freedecomp Enter - MemInfo: [/proc/self/status]	VmSize:	  119232 kB
20220314 061645.638 INFO             PET0 PIOc_freedecomp Enter - MemInfo: [/proc/self/status]	VmLck:	       0 kB
20220314 061645.638 INFO             PET0 PIOc_freedecomp Enter - MemInfo: [/proc/self/status]	VmPin:	       0 kB
20220314 061645.638 INFO             PET0 PIOc_freedecomp Enter - MemInfo: [/proc/self/status]	VmHWM:	   30548 kB
20220314 061645.638 INFO             PET0 PIOc_freedecomp Enter - MemInfo: [/proc/self/status]	VmRSS:	   30548 kB
20220314 061645.638 INFO             PET0 PIOc_freedecomp Enter - MemInfo: [/proc/self/status]	VmData:	   39084 kB
20220314 061645.638 INFO             PET0 PIOc_freedecomp Enter - MemInfo: [/proc/self/status]	VmStk:	     144 kB
20220314 061645.638 INFO             PET0 PIOc_freedecomp Enter - MemInfo: [/proc/self/status]	VmExe:	     200 kB
20220314 061645.638 INFO             PET0 PIOc_freedecomp Enter - MemInfo: [/proc/self/status]	VmLib:	   39524 kB
20220314 061645.638 INFO             PET0 PIOc_freedecomp Enter - MemInfo: [/proc/self/status]	VmPTE:	     228 kB
20220314 061645.638 INFO             PET0 PIOc_freedecomp Enter - MemInfo: [/proc/self/status]	VmPMD:	      12 kB
20220314 061645.638 INFO             PET0 PIOc_freedecomp Enter - MemInfo: [/proc/self/status]	VmSwap:	       0 kB
20220314 061645.638 INFO             PET0 PIOc_freedecomp Enter - MemInfo: [/proc/self/status]	VmRSSPercent: 0.0466332 %
20220314 061645.638 INFO             PET0 PIOc_freedecomp Enter - MemInfo: [malloc] Non-mmapped space allocated:                36618240 Byte
20220314 061645.638 INFO             PET0 PIOc_freedecomp Enter - MemInfo: [malloc] Space allocated in mmapped regions:                0 Byte
20220314 061645.638 INFO             PET0 PIOc_freedecomp Enter - MemInfo: [malloc] Maximum total allocated space:                     0 Byte
20220314 061645.638 INFO             PET0 PIOc_freedecomp Enter - MemInfo: [malloc] Space in freed fastbin blocks:                  1072 Byte
20220314 061645.638 INFO             PET0 PIOc_freedecomp Enter - MemInfo: [malloc] Total allocated space:                      19187616 Byte
20220314 061645.638 INFO             PET0 PIOc_freedecomp Enter - MemInfo: [malloc] Total free space:                           17430624 Byte
20220314 061645.638 INFO             PET0 PIOc_freedecomp Enter - MemInfo: [malloc] Top-most, releasable space:                   112848 Byte
20220314 061645.638 INFO             PET0 PIOc_freedecomp Enter - MemInfo: [malloc] Total space in use, mmap + non-mmap:        19187616 Byte
20220314 061645.638 INFO             PET0 PIOc_freedecomp Enter - MemInfo: [malloc] Total space held (mmap + non-mmap):         36618240 Byte
20220314 061645.638 INFO             PET0 PIOc_freedecomp Enter - MemInfo: [malloc] Total space used (mmap + non-mmap):         19196944 Byte
20220314 061645.638 INFO             PET0 PIOc_freedecomp Enter - MemInfo: Wall-clock time since execution start:               0.019475 seconds
20220314 061645.638 INFO             PET0 PIOc_freedecomp Exit - MemInfo: [/proc/meminfo - SSI]	MemTotal:       65507008 kB
20220314 061645.638 INFO             PET0 PIOc_freedecomp Exit - MemInfo: [/proc/meminfo - SSI]	MemFree:        49823656 kB
20220314 061645.638 INFO             PET0 PIOc_freedecomp Exit - MemInfo: [/proc/meminfo - SSI]	MemAvailable:   49579356 kB
20220314 061645.638 INFO             PET0 PIOc_freedecomp Exit - MemInfo: [/proc/meminfo - SSI]	Committed_AS:   13055728 kB
20220314 061645.638 INFO             PET0 PIOc_freedecomp Exit - MemInfo: [/proc/meminfo - SSI]	CommittedPercent: 19.9303 %
20220314 061645.638 INFO             PET0 PIOc_freedecomp Exit - MemInfo: [/proc/self/status]	VmPeak:	  127420 kB
20220314 061645.638 INFO             PET0 PIOc_freedecomp Exit - MemInfo: [/proc/self/status]	VmSize:	  119232 kB
20220314 061645.638 INFO             PET0 PIOc_freedecomp Exit - MemInfo: [/proc/self/status]	VmLck:	       0 kB
20220314 061645.638 INFO             PET0 PIOc_freedecomp Exit - MemInfo: [/proc/self/status]	VmPin:	       0 kB
20220314 061645.638 INFO             PET0 PIOc_freedecomp Exit - MemInfo: [/proc/self/status]	VmHWM:	   30548 kB
20220314 061645.638 INFO             PET0 PIOc_freedecomp Exit - MemInfo: [/proc/self/status]	VmRSS:	   30548 kB
20220314 061645.638 INFO             PET0 PIOc_freedecomp Exit - MemInfo: [/proc/self/status]	VmData:	   39084 kB
20220314 061645.638 INFO             PET0 PIOc_freedecomp Exit - MemInfo: [/proc/self/status]	VmStk:	     144 kB
20220314 061645.638 INFO             PET0 PIOc_freedecomp Exit - MemInfo: [/proc/self/status]	VmExe:	     200 kB
20220314 061645.638 INFO             PET0 PIOc_freedecomp Exit - MemInfo: [/proc/self/status]	VmLib:	   39524 kB
20220314 061645.638 INFO             PET0 PIOc_freedecomp Exit - MemInfo: [/proc/self/status]	VmPTE:	     228 kB
20220314 061645.638 INFO             PET0 PIOc_freedecomp Exit - MemInfo: [/proc/self/status]	VmPMD:	      12 kB
20220314 061645.638 INFO             PET0 PIOc_freedecomp Exit - MemInfo: [/proc/self/status]	VmSwap:	       0 kB
20220314 061645.639 INFO             PET0 PIOc_freedecomp Exit - MemInfo: [/proc/self/status]	VmRSSPercent: 0.0466332 %
20220314 061645.639 INFO             PET0 PIOc_freedecomp Exit - MemInfo: [malloc] Non-mmapped space allocated:                36618240 Byte
20220314 061645.639 INFO             PET0 PIOc_freedecomp Exit - MemInfo: [malloc] Space allocated in mmapped regions:                0 Byte
20220314 061645.639 INFO             PET0 PIOc_freedecomp Exit - MemInfo: [malloc] Maximum total allocated space:                     0 Byte
20220314 061645.639 INFO             PET0 PIOc_freedecomp Exit - MemInfo: [malloc] Space in freed fastbin blocks:                   784 Byte
20220314 061645.639 INFO             PET0 PIOc_freedecomp Exit - MemInfo: [malloc] Total allocated space:                      19184736 Byte
20220314 061645.639 INFO             PET0 PIOc_freedecomp Exit - MemInfo: [malloc] Total free space:                           17433504 Byte
20220314 061645.639 INFO             PET0 PIOc_freedecomp Exit - MemInfo: [malloc] Top-most, releasable space:                   125744 Byte
20220314 061645.639 INFO             PET0 PIOc_freedecomp Exit - MemInfo: [malloc] Total space in use, mmap + non-mmap:        19184736 Byte
20220314 061645.639 INFO             PET0 PIOc_freedecomp Exit - MemInfo: [malloc] Total space held (mmap + non-mmap):         36618240 Byte
20220314 061645.639 INFO             PET0 PIOc_freedecomp Exit - MemInfo: [malloc] Total space used (mmap + non-mmap):         19194064 Byte
20220314 061645.639 INFO             PET0 PIOc_freedecomp Exit - MemInfo: Wall-clock time since execution start:              0.0197877 seconds
20220314 061645.639 INFO             PET0 PIOc_sync Enter - MemInfo: [/proc/meminfo - SSI]	MemTotal:       65507008 kB
20220314 061645.639 INFO             PET0 PIOc_sync Enter - MemInfo: [/proc/meminfo - SSI]	MemFree:        49823656 kB
20220314 061645.639 INFO             PET0 PIOc_sync Enter - MemInfo: [/proc/meminfo - SSI]	MemAvailable:   49579356 kB
20220314 061645.639 INFO             PET0 PIOc_sync Enter - MemInfo: [/proc/meminfo - SSI]	Committed_AS:   13055728 kB
20220314 061645.639 INFO             PET0 PIOc_sync Enter - MemInfo: [/proc/meminfo - SSI]	CommittedPercent: 19.9303 %
20220314 061645.639 INFO             PET0 PIOc_sync Enter - MemInfo: [/proc/self/status]	VmPeak:	  127420 kB
20220314 061645.639 INFO             PET0 PIOc_sync Enter - MemInfo: [/proc/self/status]	VmSize:	  119232 kB
20220314 061645.639 INFO             PET0 PIOc_sync Enter - MemInfo: [/proc/self/status]	VmLck:	       0 kB
20220314 061645.639 INFO             PET0 PIOc_sync Enter - MemInfo: [/proc/self/status]	VmPin:	       0 kB
20220314 061645.639 INFO             PET0 PIOc_sync Enter - MemInfo: [/proc/self/status]	VmHWM:	   30548 kB
20220314 061645.639 INFO             PET0 PIOc_sync Enter - MemInfo: [/proc/self/status]	VmRSS:	   30548 kB
20220314 061645.639 INFO             PET0 PIOc_sync Enter - MemInfo: [/proc/self/status]	VmData:	   39084 kB
20220314 061645.639 INFO             PET0 PIOc_sync Enter - MemInfo: [/proc/self/status]	VmStk:	     144 kB
20220314 061645.639 INFO             PET0 PIOc_sync Enter - MemInfo: [/proc/self/status]	VmExe:	     200 kB
20220314 061645.639 INFO             PET0 PIOc_sync Enter - MemInfo: [/proc/self/status]	VmLib:	   39524 kB
20220314 061645.639 INFO             PET0 PIOc_sync Enter - MemInfo: [/proc/self/status]	VmPTE:	     228 kB
20220314 061645.639 INFO             PET0 PIOc_sync Enter - MemInfo: [/proc/self/status]	VmPMD:	      12 kB
20220314 061645.639 INFO             PET0 PIOc_sync Enter - MemInfo: [/proc/self/status]	VmSwap:	       0 kB
20220314 061645.639 INFO             PET0 PIOc_sync Enter - MemInfo: [/proc/self/status]	VmRSSPercent: 0.0466332 %
20220314 061645.639 INFO             PET0 PIOc_sync Enter - MemInfo: [malloc] Non-mmapped space allocated:                36618240 Byte
20220314 061645.639 INFO             PET0 PIOc_sync Enter - MemInfo: [malloc] Space allocated in mmapped regions:                0 Byte
20220314 061645.640 INFO             PET0 PIOc_sync Enter - MemInfo: [malloc] Maximum total allocated space:                     0 Byte
20220314 061645.640 INFO             PET0 PIOc_sync Enter - MemInfo: [malloc] Space in freed fastbin blocks:                   976 Byte
20220314 061645.640 INFO             PET0 PIOc_sync Enter - MemInfo: [malloc] Total allocated space:                      36504016 Byte
20220314 061645.640 INFO             PET0 PIOc_sync Enter - MemInfo: [malloc] Total free space:                             114224 Byte
20220314 061645.640 INFO             PET0 PIOc_sync Enter - MemInfo: [malloc] Top-most, releasable space:                   111648 Byte
20220314 061645.640 INFO             PET0 PIOc_sync Enter - MemInfo: [malloc] Total space in use, mmap + non-mmap:        36504016 Byte
20220314 061645.640 INFO             PET0 PIOc_sync Enter - MemInfo: [malloc] Total space held (mmap + non-mmap):         36618240 Byte
20220314 061645.640 INFO             PET0 PIOc_sync Enter - MemInfo: [malloc] Total space used (mmap + non-mmap):         36513344 Byte
20220314 061645.640 INFO             PET0 PIOc_sync Enter - MemInfo: Wall-clock time since execution start:              0.0207667 seconds
20220314 061645.640 INFO             PET0 PIOc_sync Exit - MemInfo: [/proc/meminfo - SSI]	MemTotal:       65507008 kB
20220314 061645.640 INFO             PET0 PIOc_sync Exit - MemInfo: [/proc/meminfo - SSI]	MemFree:        49823656 kB
20220314 061645.640 INFO             PET0 PIOc_sync Exit - MemInfo: [/proc/meminfo - SSI]	MemAvailable:   49579356 kB
20220314 061645.640 INFO             PET0 PIOc_sync Exit - MemInfo: [/proc/meminfo - SSI]	Committed_AS:   13055728 kB
20220314 061645.640 INFO             PET0 PIOc_sync Exit - MemInfo: [/proc/meminfo - SSI]	CommittedPercent: 19.9303 %
20220314 061645.640 INFO             PET0 PIOc_sync Exit - MemInfo: [/proc/self/status]	VmPeak:	  127420 kB
20220314 061645.640 INFO             PET0 PIOc_sync Exit - MemInfo: [/proc/self/status]	VmSize:	  119232 kB
20220314 061645.640 INFO             PET0 PIOc_sync Exit - MemInfo: [/proc/self/status]	VmLck:	       0 kB
20220314 061645.640 INFO             PET0 PIOc_sync Exit - MemInfo: [/proc/self/status]	VmPin:	       0 kB
20220314 061645.640 INFO             PET0 PIOc_sync Exit - MemInfo: [/proc/self/status]	VmHWM:	   30548 kB
20220314 061645.640 INFO             PET0 PIOc_sync Exit - MemInfo: [/proc/self/status]	VmRSS:	   30548 kB
20220314 061645.640 INFO             PET0 PIOc_sync Exit - MemInfo: [/proc/self/status]	VmData:	   39084 kB
20220314 061645.640 INFO             PET0 PIOc_sync Exit - MemInfo: [/proc/self/status]	VmStk:	     144 kB
20220314 061645.640 INFO             PET0 PIOc_sync Exit - MemInfo: [/proc/self/status]	VmExe:	     200 kB
20220314 061645.640 INFO             PET0 PIOc_sync Exit - MemInfo: [/proc/self/status]	VmLib:	   39524 kB
20220314 061645.640 INFO             PET0 PIOc_sync Exit - MemInfo: [/proc/self/status]	VmPTE:	     228 kB
20220314 061645.640 INFO             PET0 PIOc_sync Exit - MemInfo: [/proc/self/status]	VmPMD:	      12 kB
20220314 061645.640 INFO             PET0 PIOc_sync Exit - MemInfo: [/proc/self/status]	VmSwap:	       0 kB
20220314 061645.640 INFO             PET0 PIOc_sync Exit - MemInfo: [/proc/self/status]	VmRSSPercent: 0.0466332 %
20220314 061645.640 INFO             PET0 PIOc_sync Exit - MemInfo: [malloc] Non-mmapped space allocated:                36618240 Byte
20220314 061645.640 INFO             PET0 PIOc_sync Exit - MemInfo: [malloc] Space allocated in mmapped regions:                0 Byte
20220314 061645.640 INFO             PET0 PIOc_sync Exit - MemInfo: [malloc] Maximum total allocated space:                     0 Byte
20220314 061645.640 INFO             PET0 PIOc_sync Exit - MemInfo: [malloc] Space in freed fastbin blocks:                   944 Byte
20220314 061645.640 INFO             PET0 PIOc_sync Exit - MemInfo: [malloc] Total allocated space:                      36503104 Byte
20220314 061645.640 INFO             PET0 PIOc_sync Exit - MemInfo: [malloc] Total free space:                             115136 Byte
20220314 061645.640 INFO             PET0 PIOc_sync Exit - MemInfo: [malloc] Top-most, releasable space:                   112448 Byte
20220314 061645.640 INFO             PET0 PIOc_sync Exit - MemInfo: [malloc] Total space in use, mmap + non-mmap:        36503104 Byte
20220314 061645.640 INFO             PET0 PIOc_sync Exit - MemInfo: [malloc] Total space held (mmap + non-mmap):         36618240 Byte
20220314 061645.640 INFO             PET0 PIOc_sync Exit - MemInfo: [malloc] Total space used (mmap + non-mmap):         36512448 Byte
20220314 061645.640 INFO             PET0 PIOc_sync Exit - MemInfo: Wall-clock time since execution start:              0.0211137 seconds
20220314 061645.640 INFO             PET0 PIOc_freedecomp Enter - MemInfo: [/proc/meminfo - SSI]	MemTotal:       65507008 kB
20220314 061645.640 INFO             PET0 PIOc_freedecomp Enter - MemInfo: [/proc/meminfo - SSI]	MemFree:        49823656 kB
20220314 061645.640 INFO             PET0 PIOc_freedecomp Enter - MemInfo: [/proc/meminfo - SSI]	MemAvailable:   49579356 kB
20220314 061645.640 INFO             PET0 PIOc_freedecomp Enter - MemInfo: [/proc/meminfo - SSI]	Committed_AS:   13055728 kB
20220314 061645.640 INFO             PET0 PIOc_freedecomp Enter - MemInfo: [/proc/meminfo - SSI]	CommittedPercent: 19.9303 %
20220314 061645.640 INFO             PET0 PIOc_freedecomp Enter - MemInfo: [/proc/self/status]	VmPeak:	  127420 kB
20220314 061645.640 INFO             PET0 PIOc_freedecomp Enter - MemInfo: [/proc/self/status]	VmSize:	  119232 kB
20220314 061645.640 INFO             PET0 PIOc_freedecomp Enter - MemInfo: [/proc/self/status]	VmLck:	       0 kB
20220314 061645.640 INFO             PET0 PIOc_freedecomp Enter - MemInfo: [/proc/self/status]	VmPin:	       0 kB
20220314 061645.640 INFO             PET0 PIOc_freedecomp Enter - MemInfo: [/proc/self/status]	VmHWM:	   30548 kB
20220314 061645.640 INFO             PET0 PIOc_freedecomp Enter - MemInfo: [/proc/self/status]	VmRSS:	   30548 kB
20220314 061645.640 INFO             PET0 PIOc_freedecomp Enter - MemInfo: [/proc/self/status]	VmData:	   39084 kB
20220314 061645.640 INFO             PET0 PIOc_freedecomp Enter - MemInfo: [/proc/self/status]	VmStk:	     144 kB
20220314 061645.640 INFO             PET0 PIOc_freedecomp Enter - MemInfo: [/proc/self/status]	VmExe:	     200 kB
20220314 061645.640 INFO             PET0 PIOc_freedecomp Enter - MemInfo: [/proc/self/status]	VmLib:	   39524 kB
20220314 061645.640 INFO             PET0 PIOc_freedecomp Enter - MemInfo: [/proc/self/status]	VmPTE:	     228 kB
20220314 061645.640 INFO             PET0 PIOc_freedecomp Enter - MemInfo: [/proc/self/status]	VmPMD:	      12 kB
20220314 061645.640 INFO             PET0 PIOc_freedecomp Enter - MemInfo: [/proc/self/status]	VmSwap:	       0 kB
20220314 061645.640 INFO             PET0 PIOc_freedecomp Enter - MemInfo: [/proc/self/status]	VmRSSPercent: 0.0466332 %
20220314 061645.640 INFO             PET0 PIOc_freedecomp Enter - MemInfo: [malloc] Non-mmapped space allocated:                36618240 Byte
20220314 061645.640 INFO             PET0 PIOc_freedecomp Enter - MemInfo: [malloc] Space allocated in mmapped regions:                0 Byte
20220314 061645.640 INFO             PET0 PIOc_freedecomp Enter - MemInfo: [malloc] Maximum total allocated space:                     0 Byte
20220314 061645.640 INFO             PET0 PIOc_freedecomp Enter - MemInfo: [malloc] Space in freed fastbin blocks:                  1072 Byte
20220314 061645.640 INFO             PET0 PIOc_freedecomp Enter - MemInfo: [malloc] Total allocated space:                      19187600 Byte
20220314 061645.640 INFO             PET0 PIOc_freedecomp Enter - MemInfo: [malloc] Total free space:                           17430640 Byte
20220314 061645.640 INFO             PET0 PIOc_freedecomp Enter - MemInfo: [malloc] Top-most, releasable space:                   112448 Byte
20220314 061645.640 INFO             PET0 PIOc_freedecomp Enter - MemInfo: [malloc] Total space in use, mmap + non-mmap:        19187600 Byte
20220314 061645.640 INFO             PET0 PIOc_freedecomp Enter - MemInfo: [malloc] Total space held (mmap + non-mmap):         36618240 Byte
20220314 061645.640 INFO             PET0 PIOc_freedecomp Enter - MemInfo: [malloc] Total space used (mmap + non-mmap):         19196928 Byte
20220314 061645.640 INFO             PET0 PIOc_freedecomp Enter - MemInfo: Wall-clock time since execution start:              0.0214395 seconds
20220314 061645.640 INFO             PET0 PIOc_freedecomp Exit - MemInfo: [/proc/meminfo - SSI]	MemTotal:       65507008 kB
20220314 061645.640 INFO             PET0 PIOc_freedecomp Exit - MemInfo: [/proc/meminfo - SSI]	MemFree:        49823656 kB
20220314 061645.640 INFO             PET0 PIOc_freedecomp Exit - MemInfo: [/proc/meminfo - SSI]	MemAvailable:   49579356 kB
20220314 061645.640 INFO             PET0 PIOc_freedecomp Exit - MemInfo: [/proc/meminfo - SSI]	Committed_AS:   13055728 kB
20220314 061645.640 INFO             PET0 PIOc_freedecomp Exit - MemInfo: [/proc/meminfo - SSI]	CommittedPercent: 19.9303 %
20220314 061645.640 INFO             PET0 PIOc_freedecomp Exit - MemInfo: [/proc/self/status]	VmPeak:	  127420 kB
20220314 061645.640 INFO             PET0 PIOc_freedecomp Exit - MemInfo: [/proc/self/status]	VmSize:	  119232 kB
20220314 061645.640 INFO             PET0 PIOc_freedecomp Exit - MemInfo: [/proc/self/status]	VmLck:	       0 kB
20220314 061645.640 INFO             PET0 PIOc_freedecomp Exit - MemInfo: [/proc/self/status]	VmPin:	       0 kB
20220314 061645.640 INFO             PET0 PIOc_freedecomp Exit - MemInfo: [/proc/self/status]	VmHWM:	   30548 kB
20220314 061645.640 INFO             PET0 PIOc_freedecomp Exit - MemInfo: [/proc/self/status]	VmRSS:	   30548 kB
20220314 061645.640 INFO             PET0 PIOc_freedecomp Exit - MemInfo: [/proc/self/status]	VmData:	   39084 kB
20220314 061645.640 INFO             PET0 PIOc_freedecomp Exit - MemInfo: [/proc/self/status]	VmStk:	     144 kB
20220314 061645.640 INFO             PET0 PIOc_freedecomp Exit - MemInfo: [/proc/self/status]	VmExe:	     200 kB
20220314 061645.640 INFO             PET0 PIOc_freedecomp Exit - MemInfo: [/proc/self/status]	VmLib:	   39524 kB
20220314 061645.640 INFO             PET0 PIOc_freedecomp Exit - MemInfo: [/proc/self/status]	VmPTE:	     228 kB
20220314 061645.640 INFO             PET0 PIOc_freedecomp Exit - MemInfo: [/proc/self/status]	VmPMD:	      12 kB
20220314 061645.640 INFO             PET0 PIOc_freedecomp Exit - MemInfo: [/proc/self/status]	VmSwap:	       0 kB
20220314 061645.640 INFO             PET0 PIOc_freedecomp Exit - MemInfo: [/proc/self/status]	VmRSSPercent: 0.0466332 %
20220314 061645.640 INFO             PET0 PIOc_freedecomp Exit - MemInfo: [malloc] Non-mmapped space allocated:                36618240 Byte
20220314 061645.640 INFO             PET0 PIOc_freedecomp Exit - MemInfo: [malloc] Space allocated in mmapped regions:                0 Byte
20220314 061645.640 INFO             PET0 PIOc_freedecomp Exit - MemInfo: [malloc] Maximum total allocated space:                     0 Byte
20220314 061645.640 INFO             PET0 PIOc_freedecomp Exit - MemInfo: [malloc] Space in freed fastbin blocks:                   784 Byte
20220314 061645.641 INFO             PET0 PIOc_freedecomp Exit - MemInfo: [malloc] Total allocated space:                      19184736 Byte
20220314 061645.641 INFO             PET0 PIOc_freedecomp Exit - MemInfo: [malloc] Total free space:                           17433504 Byte
20220314 061645.641 INFO             PET0 PIOc_freedecomp Exit - MemInfo: [malloc] Top-most, releasable space:                   115168 Byte
20220314 061645.641 INFO             PET0 PIOc_freedecomp Exit - MemInfo: [malloc] Total space in use, mmap + non-mmap:        19184736 Byte
20220314 061645.641 INFO             PET0 PIOc_freedecomp Exit - MemInfo: [malloc] Total space held (mmap + non-mmap):         36618240 Byte
20220314 061645.641 INFO             PET0 PIOc_freedecomp Exit - MemInfo: [malloc] Total space used (mmap + non-mmap):         19194064 Byte
20220314 061645.641 INFO             PET0 PIOc_freedecomp Exit - MemInfo: Wall-clock time since execution start:              0.0217481 seconds
20220314 061645.641 INFO             PET0 PASS Create an ESMC_RouteHandle via ESMC_FieldRegridStore(), ESMC_FieldRegridUTest.C, line 367
20220314 061645.641 INFO             PET0 PASS Execute ESMC_FieldRegrid(), ESMC_FieldRegridUTest.C, line 375
20220314 061645.649 INFO             PET0 PIOc_sync Enter - MemInfo: [/proc/meminfo - SSI]	MemTotal:       65507008 kB
20220314 061645.649 INFO             PET0 PIOc_sync Enter - MemInfo: [/proc/meminfo - SSI]	MemFree:        49807024 kB
20220314 061645.649 INFO             PET0 PIOc_sync Enter - MemInfo: [/proc/meminfo - SSI]	MemAvailable:   49562724 kB
20220314 061645.649 INFO             PET0 PIOc_sync Enter - MemInfo: [/proc/meminfo - SSI]	Committed_AS:   13072120 kB
20220314 061645.649 INFO             PET0 PIOc_sync Enter - MemInfo: [/proc/meminfo - SSI]	CommittedPercent: 19.9553 %
20220314 061645.649 INFO             PET0 PIOc_sync Enter - MemInfo: [/proc/self/status]	VmPeak:	  135624 kB
20220314 061645.649 INFO             PET0 PIOc_sync Enter - MemInfo: [/proc/self/status]	VmSize:	  135624 kB
20220314 061645.649 INFO             PET0 PIOc_sync Enter - MemInfo: [/proc/self/status]	VmLck:	       0 kB
20220314 061645.649 INFO             PET0 PIOc_sync Enter - MemInfo: [/proc/self/status]	VmPin:	       0 kB
20220314 061645.649 INFO             PET0 PIOc_sync Enter - MemInfo: [/proc/self/status]	VmHWM:	   46964 kB
20220314 061645.649 INFO             PET0 PIOc_sync Enter - MemInfo: [/proc/self/status]	VmRSS:	   46964 kB
20220314 061645.649 INFO             PET0 PIOc_sync Enter - MemInfo: [/proc/self/status]	VmData:	   55476 kB
20220314 061645.649 INFO             PET0 PIOc_sync Enter - MemInfo: [/proc/self/status]	VmStk:	     144 kB
20220314 061645.649 INFO             PET0 PIOc_sync Enter - MemInfo: [/proc/self/status]	VmExe:	     200 kB
20220314 061645.649 INFO             PET0 PIOc_sync Enter - MemInfo: [/proc/self/status]	VmLib:	   39524 kB
20220314 061645.649 INFO             PET0 PIOc_sync Enter - MemInfo: [/proc/self/status]	VmPTE:	     260 kB
20220314 061645.649 INFO             PET0 PIOc_sync Enter - MemInfo: [/proc/self/status]	VmPMD:	      12 kB
20220314 061645.649 INFO             PET0 PIOc_sync Enter - MemInfo: [/proc/self/status]	VmSwap:	       0 kB
20220314 061645.649 INFO             PET0 PIOc_sync Enter - MemInfo: [/proc/self/status]	VmRSSPercent: 0.0716931 %
20220314 061645.649 INFO             PET0 PIOc_sync Enter - MemInfo: [malloc] Non-mmapped space allocated:                53403648 Byte
20220314 061645.649 INFO             PET0 PIOc_sync Enter - MemInfo: [malloc] Space allocated in mmapped regions:                0 Byte
20220314 061645.649 INFO             PET0 PIOc_sync Enter - MemInfo: [malloc] Maximum total allocated space:                     0 Byte
20220314 061645.649 INFO             PET0 PIOc_sync Enter - MemInfo: [malloc] Space in freed fastbin blocks:                   896 Byte
20220314 061645.649 INFO             PET0 PIOc_sync Enter - MemInfo: [malloc] Total allocated space:                      36509520 Byte
20220314 061645.649 INFO             PET0 PIOc_sync Enter - MemInfo: [malloc] Total free space:                           16894128 Byte
20220314 061645.649 INFO             PET0 PIOc_sync Enter - MemInfo: [malloc] Top-most, releasable space:                   133920 Byte
20220314 061645.649 INFO             PET0 PIOc_sync Enter - MemInfo: [malloc] Total space in use, mmap + non-mmap:        36509520 Byte
20220314 061645.649 INFO             PET0 PIOc_sync Enter - MemInfo: [malloc] Total space held (mmap + non-mmap):         53403648 Byte
20220314 061645.649 INFO             PET0 PIOc_sync Enter - MemInfo: [malloc] Total space used (mmap + non-mmap):         36518848 Byte
20220314 061645.649 INFO             PET0 PIOc_sync Enter - MemInfo: Wall-clock time since execution start:              0.0306841 seconds
20220314 061645.650 INFO             PET0 PIOc_sync Exit - MemInfo: [/proc/meminfo - SSI]	MemTotal:       65507008 kB
20220314 061645.650 INFO             PET0 PIOc_sync Exit - MemInfo: [/proc/meminfo - SSI]	MemFree:        49807024 kB
20220314 061645.650 INFO             PET0 PIOc_sync Exit - MemInfo: [/proc/meminfo - SSI]	MemAvailable:   49562724 kB
20220314 061645.650 INFO             PET0 PIOc_sync Exit - MemInfo: [/proc/meminfo - SSI]	Committed_AS:   13072120 kB
20220314 061645.650 INFO             PET0 PIOc_sync Exit - MemInfo: [/proc/meminfo - SSI]	CommittedPercent: 19.9553 %
20220314 061645.650 INFO             PET0 PIOc_sync Exit - MemInfo: [/proc/self/status]	VmPeak:	  135624 kB
20220314 061645.650 INFO             PET0 PIOc_sync Exit - MemInfo: [/proc/self/status]	VmSize:	  135624 kB
20220314 061645.650 INFO             PET0 PIOc_sync Exit - MemInfo: [/proc/self/status]	VmLck:	       0 kB
20220314 061645.650 INFO             PET0 PIOc_sync Exit - MemInfo: [/proc/self/status]	VmPin:	       0 kB
20220314 061645.650 INFO             PET0 PIOc_sync Exit - MemInfo: [/proc/self/status]	VmHWM:	   46964 kB
20220314 061645.650 INFO             PET0 PIOc_sync Exit - MemInfo: [/proc/self/status]	VmRSS:	   46964 kB
20220314 061645.650 INFO             PET0 PIOc_sync Exit - MemInfo: [/proc/self/status]	VmData:	   55476 kB
20220314 061645.650 INFO             PET0 PIOc_sync Exit - MemInfo: [/proc/self/status]	VmStk:	     144 kB
20220314 061645.650 INFO             PET0 PIOc_sync Exit - MemInfo: [/proc/self/status]	VmExe:	     200 kB
20220314 061645.650 INFO             PET0 PIOc_sync Exit - MemInfo: [/proc/self/status]	VmLib:	   39524 kB
20220314 061645.650 INFO             PET0 PIOc_sync Exit - MemInfo: [/proc/self/status]	VmPTE:	     260 kB
20220314 061645.650 INFO             PET0 PIOc_sync Exit - MemInfo: [/proc/self/status]	VmPMD:	      12 kB
20220314 061645.650 INFO             PET0 PIOc_sync Exit - MemInfo: [/proc/self/status]	VmSwap:	       0 kB
20220314 061645.650 INFO             PET0 PIOc_sync Exit - MemInfo: [/proc/self/status]	VmRSSPercent: 0.0716931 %
20220314 061645.650 INFO             PET0 PIOc_sync Exit - MemInfo: [malloc] Non-mmapped space allocated:                53403648 Byte
20220314 061645.650 INFO             PET0 PIOc_sync Exit - MemInfo: [malloc] Space allocated in mmapped regions:                0 Byte
20220314 061645.650 INFO             PET0 PIOc_sync Exit - MemInfo: [malloc] Maximum total allocated space:                     0 Byte
20220314 061645.650 INFO             PET0 PIOc_sync Exit - MemInfo: [malloc] Space in freed fastbin blocks:                  1536 Byte
20220314 061645.650 INFO             PET0 PIOc_sync Exit - MemInfo: [malloc] Total allocated space:                      36508848 Byte
20220314 061645.650 INFO             PET0 PIOc_sync Exit - MemInfo: [malloc] Total free space:                           16894800 Byte
20220314 061645.650 INFO             PET0 PIOc_sync Exit - MemInfo: [malloc] Top-most, releasable space:                   133920 Byte
20220314 061645.650 INFO             PET0 PIOc_sync Exit - MemInfo: [malloc] Total space in use, mmap + non-mmap:        36508848 Byte
20220314 061645.650 INFO             PET0 PIOc_sync Exit - MemInfo: [malloc] Total space held (mmap + non-mmap):         53403648 Byte
20220314 061645.650 INFO             PET0 PIOc_sync Exit - MemInfo: [malloc] Total space used (mmap + non-mmap):         36518176 Byte
20220314 061645.650 INFO             PET0 PIOc_sync Exit - MemInfo: Wall-clock time since execution start:              0.0310335 seconds
20220314 061645.650 INFO             PET0 PIOc_freedecomp Enter - MemInfo: [/proc/meminfo - SSI]	MemTotal:       65507008 kB
20220314 061645.650 INFO             PET0 PIOc_freedecomp Enter - MemInfo: [/proc/meminfo - SSI]	MemFree:        49807024 kB
20220314 061645.650 INFO             PET0 PIOc_freedecomp Enter - MemInfo: [/proc/meminfo - SSI]	MemAvailable:   49562724 kB
20220314 061645.650 INFO             PET0 PIOc_freedecomp Enter - MemInfo: [/proc/meminfo - SSI]	Committed_AS:   13072120 kB
20220314 061645.650 INFO             PET0 PIOc_freedecomp Enter - MemInfo: [/proc/meminfo - SSI]	CommittedPercent: 19.9553 %
20220314 061645.650 INFO             PET0 PIOc_freedecomp Enter - MemInfo: [/proc/self/status]	VmPeak:	  135624 kB
20220314 061645.650 INFO             PET0 PIOc_freedecomp Enter - MemInfo: [/proc/self/status]	VmSize:	  135624 kB
20220314 061645.650 INFO             PET0 PIOc_freedecomp Enter - MemInfo: [/proc/self/status]	VmLck:	       0 kB
20220314 061645.650 INFO             PET0 PIOc_freedecomp Enter - MemInfo: [/proc/self/status]	VmPin:	       0 kB
20220314 061645.650 INFO             PET0 PIOc_freedecomp Enter - MemInfo: [/proc/self/status]	VmHWM:	   46964 kB
20220314 061645.650 INFO             PET0 PIOc_freedecomp Enter - MemInfo: [/proc/self/status]	VmRSS:	   46964 kB
20220314 061645.650 INFO             PET0 PIOc_freedecomp Enter - MemInfo: [/proc/self/status]	VmData:	   55476 kB
20220314 061645.650 INFO             PET0 PIOc_freedecomp Enter - MemInfo: [/proc/self/status]	VmStk:	     144 kB
20220314 061645.650 INFO             PET0 PIOc_freedecomp Enter - MemInfo: [/proc/self/status]	VmExe:	     200 kB
20220314 061645.650 INFO             PET0 PIOc_freedecomp Enter - MemInfo: [/proc/self/status]	VmLib:	   39524 kB
20220314 061645.650 INFO             PET0 PIOc_freedecomp Enter - MemInfo: [/proc/self/status]	VmPTE:	     260 kB
20220314 061645.650 INFO             PET0 PIOc_freedecomp Enter - MemInfo: [/proc/self/status]	VmPMD:	      12 kB
20220314 061645.650 INFO             PET0 PIOc_freedecomp Enter - MemInfo: [/proc/self/status]	VmSwap:	       0 kB
20220314 061645.650 INFO             PET0 PIOc_freedecomp Enter - MemInfo: [/proc/self/status]	VmRSSPercent: 0.0716931 %
20220314 061645.650 INFO             PET0 PIOc_freedecomp Enter - MemInfo: [malloc] Non-mmapped space allocated:                53403648 Byte
20220314 061645.650 INFO             PET0 PIOc_freedecomp Enter - MemInfo: [malloc] Space allocated in mmapped regions:                0 Byte
20220314 061645.650 INFO             PET0 PIOc_freedecomp Enter - MemInfo: [malloc] Maximum total allocated space:                     0 Byte
20220314 061645.650 INFO             PET0 PIOc_freedecomp Enter - MemInfo: [malloc] Space in freed fastbin blocks:                   832 Byte
20220314 061645.650 INFO             PET0 PIOc_freedecomp Enter - MemInfo: [malloc] Total allocated space:                      19193968 Byte
20220314 061645.650 INFO             PET0 PIOc_freedecomp Enter - MemInfo: [malloc] Total free space:                           34209680 Byte
20220314 061645.650 INFO             PET0 PIOc_freedecomp Enter - MemInfo: [malloc] Top-most, releasable space:                 16911152 Byte
20220314 061645.650 INFO             PET0 PIOc_freedecomp Enter - MemInfo: [malloc] Total space in use, mmap + non-mmap:        19193968 Byte
20220314 061645.650 INFO             PET0 PIOc_freedecomp Enter - MemInfo: [malloc] Total space held (mmap + non-mmap):         53403648 Byte
20220314 061645.650 INFO             PET0 PIOc_freedecomp Enter - MemInfo: [malloc] Total space used (mmap + non-mmap):         19203296 Byte
20220314 061645.650 INFO             PET0 PIOc_freedecomp Enter - MemInfo: Wall-clock time since execution start:              0.0313659 seconds
20220314 061645.650 INFO             PET0 PIOc_freedecomp Exit - MemInfo: [/proc/meminfo - SSI]	MemTotal:       65507008 kB
20220314 061645.650 INFO             PET0 PIOc_freedecomp Exit - MemInfo: [/proc/meminfo - SSI]	MemFree:        49807024 kB
20220314 061645.650 INFO             PET0 PIOc_freedecomp Exit - MemInfo: [/proc/meminfo - SSI]	MemAvailable:   49562724 kB
20220314 061645.650 INFO             PET0 PIOc_freedecomp Exit - MemInfo: [/proc/meminfo - SSI]	Committed_AS:   13072120 kB
20220314 061645.650 INFO             PET0 PIOc_freedecomp Exit - MemInfo: [/proc/meminfo - SSI]	CommittedPercent: 19.9553 %
20220314 061645.650 INFO             PET0 PIOc_freedecomp Exit - MemInfo: [/proc/self/status]	VmPeak:	  135624 kB
20220314 061645.650 INFO             PET0 PIOc_freedecomp Exit - MemInfo: [/proc/self/status]	VmSize:	  135624 kB
20220314 061645.650 INFO             PET0 PIOc_freedecomp Exit - MemInfo: [/proc/self/status]	VmLck:	       0 kB
20220314 061645.650 INFO             PET0 PIOc_freedecomp Exit - MemInfo: [/proc/self/status]	VmPin:	       0 kB
20220314 061645.650 INFO             PET0 PIOc_freedecomp Exit - MemInfo: [/proc/self/status]	VmHWM:	   46964 kB
20220314 061645.650 INFO             PET0 PIOc_freedecomp Exit - MemInfo: [/proc/self/status]	VmRSS:	   46964 kB
20220314 061645.650 INFO             PET0 PIOc_freedecomp Exit - MemInfo: [/proc/self/status]	VmData:	   55476 kB
20220314 061645.650 INFO             PET0 PIOc_freedecomp Exit - MemInfo: [/proc/self/status]	VmStk:	     144 kB
20220314 061645.650 INFO             PET0 PIOc_freedecomp Exit - MemInfo: [/proc/self/status]	VmExe:	     200 kB
20220314 061645.650 INFO             PET0 PIOc_freedecomp Exit - MemInfo: [/proc/self/status]	VmLib:	   39524 kB
20220314 061645.650 INFO             PET0 PIOc_freedecomp Exit - MemInfo: [/proc/self/status]	VmPTE:	     260 kB
20220314 061645.650 INFO             PET0 PIOc_freedecomp Exit - MemInfo: [/proc/self/status]	VmPMD:	      12 kB
20220314 061645.650 INFO             PET0 PIOc_freedecomp Exit - MemInfo: [/proc/self/status]	VmSwap:	       0 kB
20220314 061645.650 INFO             PET0 PIOc_freedecomp Exit - MemInfo: [/proc/self/status]	VmRSSPercent: 0.0716931 %
20220314 061645.650 INFO             PET0 PIOc_freedecomp Exit - MemInfo: [malloc] Non-mmapped space allocated:                53403648 Byte
20220314 061645.650 INFO             PET0 PIOc_freedecomp Exit - MemInfo: [malloc] Space allocated in mmapped regions:                0 Byte
20220314 061645.650 INFO             PET0 PIOc_freedecomp Exit - MemInfo: [malloc] Maximum total allocated space:                     0 Byte
20220314 061645.650 INFO             PET0 PIOc_freedecomp Exit - MemInfo: [malloc] Space in freed fastbin blocks:                  2000 Byte
20220314 061645.650 INFO             PET0 PIOc_freedecomp Exit - MemInfo: [malloc] Total allocated space:                      19192592 Byte
20220314 061645.650 INFO             PET0 PIOc_freedecomp Exit - MemInfo: [malloc] Total free space:                           34211056 Byte
20220314 061645.650 INFO             PET0 PIOc_freedecomp Exit - MemInfo: [malloc] Top-most, releasable space:                 16911152 Byte
20220314 061645.650 INFO             PET0 PIOc_freedecomp Exit - MemInfo: [malloc] Total space in use, mmap + non-mmap:        19192592 Byte
20220314 061645.650 INFO             PET0 PIOc_freedecomp Exit - MemInfo: [malloc] Total space held (mmap + non-mmap):         53403648 Byte
20220314 061645.650 INFO             PET0 PIOc_freedecomp Exit - MemInfo: [malloc] Total space used (mmap + non-mmap):         19201920 Byte
20220314 061645.650 INFO             PET0 PIOc_freedecomp Exit - MemInfo: Wall-clock time since execution start:              0.0316866 seconds
20220314 061645.651 INFO             PET0 PIOc_sync Enter - MemInfo: [/proc/meminfo - SSI]	MemTotal:       65507008 kB
20220314 061645.651 INFO             PET0 PIOc_sync Enter - MemInfo: [/proc/meminfo - SSI]	MemFree:        49807024 kB
20220314 061645.651 INFO             PET0 PIOc_sync Enter - MemInfo: [/proc/meminfo - SSI]	MemAvailable:   49562724 kB
20220314 061645.651 INFO             PET0 PIOc_sync Enter - MemInfo: [/proc/meminfo - SSI]	Committed_AS:   13072120 kB
20220314 061645.651 INFO             PET0 PIOc_sync Enter - MemInfo: [/proc/meminfo - SSI]	CommittedPercent: 19.9553 %
20220314 061645.651 INFO             PET0 PIOc_sync Enter - MemInfo: [/proc/self/status]	VmPeak:	  143812 kB
20220314 061645.651 INFO             PET0 PIOc_sync Enter - MemInfo: [/proc/self/status]	VmSize:	  135624 kB
20220314 061645.651 INFO             PET0 PIOc_sync Enter - MemInfo: [/proc/self/status]	VmLck:	       0 kB
20220314 061645.651 INFO             PET0 PIOc_sync Enter - MemInfo: [/proc/self/status]	VmPin:	       0 kB
20220314 061645.651 INFO             PET0 PIOc_sync Enter - MemInfo: [/proc/self/status]	VmHWM:	   46964 kB
20220314 061645.651 INFO             PET0 PIOc_sync Enter - MemInfo: [/proc/self/status]	VmRSS:	   46964 kB
20220314 061645.651 INFO             PET0 PIOc_sync Enter - MemInfo: [/proc/self/status]	VmData:	   55476 kB
20220314 061645.651 INFO             PET0 PIOc_sync Enter - MemInfo: [/proc/self/status]	VmStk:	     144 kB
20220314 061645.651 INFO             PET0 PIOc_sync Enter - MemInfo: [/proc/self/status]	VmExe:	     200 kB
20220314 061645.651 INFO             PET0 PIOc_sync Enter - MemInfo: [/proc/self/status]	VmLib:	   39524 kB
20220314 061645.651 INFO             PET0 PIOc_sync Enter - MemInfo: [/proc/self/status]	VmPTE:	     260 kB
20220314 061645.651 INFO             PET0 PIOc_sync Enter - MemInfo: [/proc/self/status]	VmPMD:	      12 kB
20220314 061645.651 INFO             PET0 PIOc_sync Enter - MemInfo: [/proc/self/status]	VmSwap:	       0 kB
20220314 061645.651 INFO             PET0 PIOc_sync Enter - MemInfo: [/proc/self/status]	VmRSSPercent: 0.0716931 %
20220314 061645.651 INFO             PET0 PIOc_sync Enter - MemInfo: [malloc] Non-mmapped space allocated:                53403648 Byte
20220314 061645.651 INFO             PET0 PIOc_sync Enter - MemInfo: [malloc] Space allocated in mmapped regions:                0 Byte
20220314 061645.651 INFO             PET0 PIOc_sync Enter - MemInfo: [malloc] Maximum total allocated space:                     0 Byte
20220314 061645.651 INFO             PET0 PIOc_sync Enter - MemInfo: [malloc] Space in freed fastbin blocks:                   896 Byte
20220314 061645.651 INFO             PET0 PIOc_sync Enter - MemInfo: [malloc] Total allocated space:                      36510224 Byte
20220314 061645.651 INFO             PET0 PIOc_sync Enter - MemInfo: [malloc] Total free space:                           16893424 Byte
20220314 061645.651 INFO             PET0 PIOc_sync Enter - MemInfo: [malloc] Top-most, releasable space:                   133920 Byte
20220314 061645.651 INFO             PET0 PIOc_sync Enter - MemInfo: [malloc] Total space in use, mmap + non-mmap:        36510224 Byte
20220314 061645.651 INFO             PET0 PIOc_sync Enter - MemInfo: [malloc] Total space held (mmap + non-mmap):         53403648 Byte
20220314 061645.651 INFO             PET0 PIOc_sync Enter - MemInfo: [malloc] Total space used (mmap + non-mmap):         36519552 Byte
20220314 061645.651 INFO             PET0 PIOc_sync Enter - MemInfo: Wall-clock time since execution start:              0.0326883 seconds
20220314 061645.652 INFO             PET0 PIOc_sync Exit - MemInfo: [/proc/meminfo - SSI]	MemTotal:       65507008 kB
20220314 061645.652 INFO             PET0 PIOc_sync Exit - MemInfo: [/proc/meminfo - SSI]	MemFree:        49807024 kB
20220314 061645.652 INFO             PET0 PIOc_sync Exit - MemInfo: [/proc/meminfo - SSI]	MemAvailable:   49562724 kB
20220314 061645.652 INFO             PET0 PIOc_sync Exit - MemInfo: [/proc/meminfo - SSI]	Committed_AS:   13072120 kB
20220314 061645.652 INFO             PET0 PIOc_sync Exit - MemInfo: [/proc/meminfo - SSI]	CommittedPercent: 19.9553 %
20220314 061645.652 INFO             PET0 PIOc_sync Exit - MemInfo: [/proc/self/status]	VmPeak:	  143812 kB
20220314 061645.652 INFO             PET0 PIOc_sync Exit - MemInfo: [/proc/self/status]	VmSize:	  135624 kB
20220314 061645.652 INFO             PET0 PIOc_sync Exit - MemInfo: [/proc/self/status]	VmLck:	       0 kB
20220314 061645.652 INFO             PET0 PIOc_sync Exit - MemInfo: [/proc/self/status]	VmPin:	       0 kB
20220314 061645.652 INFO             PET0 PIOc_sync Exit - MemInfo: [/proc/self/status]	VmHWM:	   46964 kB
20220314 061645.652 INFO             PET0 PIOc_sync Exit - MemInfo: [/proc/self/status]	VmRSS:	   46964 kB
20220314 061645.652 INFO             PET0 PIOc_sync Exit - MemInfo: [/proc/self/status]	VmData:	   55476 kB
20220314 061645.652 INFO             PET0 PIOc_sync Exit - MemInfo: [/proc/self/status]	VmStk:	     144 kB
20220314 061645.652 INFO             PET0 PIOc_sync Exit - MemInfo: [/proc/self/status]	VmExe:	     200 kB
20220314 061645.652 INFO             PET0 PIOc_sync Exit - MemInfo: [/proc/self/status]	VmLib:	   39524 kB
20220314 061645.652 INFO             PET0 PIOc_sync Exit - MemInfo: [/proc/self/status]	VmPTE:	     260 kB
20220314 061645.652 INFO             PET0 PIOc_sync Exit - MemInfo: [/proc/self/status]	VmPMD:	      12 kB
20220314 061645.652 INFO             PET0 PIOc_sync Exit - MemInfo: [/proc/self/status]	VmSwap:	       0 kB
20220314 061645.652 INFO             PET0 PIOc_sync Exit - MemInfo: [/proc/self/status]	VmRSSPercent: 0.0716931 %
20220314 061645.652 INFO             PET0 PIOc_sync Exit - MemInfo: [malloc] Non-mmapped space allocated:                53403648 Byte
20220314 061645.652 INFO             PET0 PIOc_sync Exit - MemInfo: [malloc] Space allocated in mmapped regions:                0 Byte
20220314 061645.652 INFO             PET0 PIOc_sync Exit - MemInfo: [malloc] Maximum total allocated space:                     0 Byte
20220314 061645.652 INFO             PET0 PIOc_sync Exit - MemInfo: [malloc] Space in freed fastbin blocks:                  1696 Byte
20220314 061645.652 INFO             PET0 PIOc_sync Exit - MemInfo: [malloc] Total allocated space:                      36509552 Byte
20220314 061645.652 INFO             PET0 PIOc_sync Exit - MemInfo: [malloc] Total free space:                           16894096 Byte
20220314 061645.652 INFO             PET0 PIOc_sync Exit - MemInfo: [malloc] Top-most, releasable space:                   133920 Byte
20220314 061645.652 INFO             PET0 PIOc_sync Exit - MemInfo: [malloc] Total space in use, mmap + non-mmap:        36509552 Byte
20220314 061645.652 INFO             PET0 PIOc_sync Exit - MemInfo: [malloc] Total space held (mmap + non-mmap):         53403648 Byte
20220314 061645.652 INFO             PET0 PIOc_sync Exit - MemInfo: [malloc] Total space used (mmap + non-mmap):         36518880 Byte
20220314 061645.652 INFO             PET0 PIOc_sync Exit - MemInfo: Wall-clock time since execution start:              0.0330323 seconds
20220314 061645.652 INFO             PET0 PIOc_freedecomp Enter - MemInfo: [/proc/meminfo - SSI]	MemTotal:       65507008 kB
20220314 061645.652 INFO             PET0 PIOc_freedecomp Enter - MemInfo: [/proc/meminfo - SSI]	MemFree:        49807024 kB
20220314 061645.652 INFO             PET0 PIOc_freedecomp Enter - MemInfo: [/proc/meminfo - SSI]	MemAvailable:   49562724 kB
20220314 061645.652 INFO             PET0 PIOc_freedecomp Enter - MemInfo: [/proc/meminfo - SSI]	Committed_AS:   13072120 kB
20220314 061645.652 INFO             PET0 PIOc_freedecomp Enter - MemInfo: [/proc/meminfo - SSI]	CommittedPercent: 19.9553 %
20220314 061645.652 INFO             PET0 PIOc_freedecomp Enter - MemInfo: [/proc/self/status]	VmPeak:	  143812 kB
20220314 061645.652 INFO             PET0 PIOc_freedecomp Enter - MemInfo: [/proc/self/status]	VmSize:	  135624 kB
20220314 061645.652 INFO             PET0 PIOc_freedecomp Enter - MemInfo: [/proc/self/status]	VmLck:	       0 kB
20220314 061645.652 INFO             PET0 PIOc_freedecomp Enter - MemInfo: [/proc/self/status]	VmPin:	       0 kB
20220314 061645.652 INFO             PET0 PIOc_freedecomp Enter - MemInfo: [/proc/self/status]	VmHWM:	   46964 kB
20220314 061645.652 INFO             PET0 PIOc_freedecomp Enter - MemInfo: [/proc/self/status]	VmRSS:	   46964 kB
20220314 061645.652 INFO             PET0 PIOc_freedecomp Enter - MemInfo: [/proc/self/status]	VmData:	   55476 kB
20220314 061645.652 INFO             PET0 PIOc_freedecomp Enter - MemInfo: [/proc/self/status]	VmStk:	     144 kB
20220314 061645.652 INFO             PET0 PIOc_freedecomp Enter - MemInfo: [/proc/self/status]	VmExe:	     200 kB
20220314 061645.652 INFO             PET0 PIOc_freedecomp Enter - MemInfo: [/proc/self/status]	VmLib:	   39524 kB
20220314 061645.652 INFO             PET0 PIOc_freedecomp Enter - MemInfo: [/proc/self/status]	VmPTE:	     260 kB
20220314 061645.652 INFO             PET0 PIOc_freedecomp Enter - MemInfo: [/proc/self/status]	VmPMD:	      12 kB
20220314 061645.652 INFO             PET0 PIOc_freedecomp Enter - MemInfo: [/proc/self/status]	VmSwap:	       0 kB
20220314 061645.652 INFO             PET0 PIOc_freedecomp Enter - MemInfo: [/proc/self/status]	VmRSSPercent: 0.0716931 %
20220314 061645.652 INFO             PET0 PIOc_freedecomp Enter - MemInfo: [malloc] Non-mmapped space allocated:                53403648 Byte
20220314 061645.652 INFO             PET0 PIOc_freedecomp Enter - MemInfo: [malloc] Space allocated in mmapped regions:                0 Byte
20220314 061645.652 INFO             PET0 PIOc_freedecomp Enter - MemInfo: [malloc] Maximum total allocated space:                     0 Byte
20220314 061645.652 INFO             PET0 PIOc_freedecomp Enter - MemInfo: [malloc] Space in freed fastbin blocks:                  1008 Byte
20220314 061645.652 INFO             PET0 PIOc_freedecomp Enter - MemInfo: [malloc] Total allocated space:                      19193968 Byte
20220314 061645.652 INFO             PET0 PIOc_freedecomp Enter - MemInfo: [malloc] Total free space:                           34209680 Byte
20220314 061645.652 INFO             PET0 PIOc_freedecomp Enter - MemInfo: [malloc] Top-most, releasable space:                 16911152 Byte
20220314 061645.652 INFO             PET0 PIOc_freedecomp Enter - MemInfo: [malloc] Total space in use, mmap + non-mmap:        19193968 Byte
20220314 061645.652 INFO             PET0 PIOc_freedecomp Enter - MemInfo: [malloc] Total space held (mmap + non-mmap):         53403648 Byte
20220314 061645.652 INFO             PET0 PIOc_freedecomp Enter - MemInfo: [malloc] Total space used (mmap + non-mmap):         19203296 Byte
20220314 061645.652 INFO             PET0 PIOc_freedecomp Enter - MemInfo: Wall-clock time since execution start:              0.0333606 seconds
20220314 061645.652 INFO             PET0 PIOc_freedecomp Exit - MemInfo: [/proc/meminfo - SSI]	MemTotal:       65507008 kB
20220314 061645.652 INFO             PET0 PIOc_freedecomp Exit - MemInfo: [/proc/meminfo - SSI]	MemFree:        49807024 kB
20220314 061645.652 INFO             PET0 PIOc_freedecomp Exit - MemInfo: [/proc/meminfo - SSI]	MemAvailable:   49562724 kB
20220314 061645.652 INFO             PET0 PIOc_freedecomp Exit - MemInfo: [/proc/meminfo - SSI]	Committed_AS:   13072120 kB
20220314 061645.652 INFO             PET0 PIOc_freedecomp Exit - MemInfo: [/proc/meminfo - SSI]	CommittedPercent: 19.9553 %
20220314 061645.652 INFO             PET0 PIOc_freedecomp Exit - MemInfo: [/proc/self/status]	VmPeak:	  143812 kB
20220314 061645.652 INFO             PET0 PIOc_freedecomp Exit - MemInfo: [/proc/self/status]	VmSize:	  135624 kB
20220314 061645.652 INFO             PET0 PIOc_freedecomp Exit - MemInfo: [/proc/self/status]	VmLck:	       0 kB
20220314 061645.652 INFO             PET0 PIOc_freedecomp Exit - MemInfo: [/proc/self/status]	VmPin:	       0 kB
20220314 061645.652 INFO             PET0 PIOc_freedecomp Exit - MemInfo: [/proc/self/status]	VmHWM:	   46964 kB
20220314 061645.652 INFO             PET0 PIOc_freedecomp Exit - MemInfo: [/proc/self/status]	VmRSS:	   46964 kB
20220314 061645.652 INFO             PET0 PIOc_freedecomp Exit - MemInfo: [/proc/self/status]	VmData:	   55476 kB
20220314 061645.652 INFO             PET0 PIOc_freedecomp Exit - MemInfo: [/proc/self/status]	VmStk:	     144 kB
20220314 061645.652 INFO             PET0 PIOc_freedecomp Exit - MemInfo: [/proc/self/status]	VmExe:	     200 kB
20220314 061645.652 INFO             PET0 PIOc_freedecomp Exit - MemInfo: [/proc/self/status]	VmLib:	   39524 kB
20220314 061645.652 INFO             PET0 PIOc_freedecomp Exit - MemInfo: [/proc/self/status]	VmPTE:	     260 kB
20220314 061645.652 INFO             PET0 PIOc_freedecomp Exit - MemInfo: [/proc/self/status]	VmPMD:	      12 kB
20220314 061645.652 INFO             PET0 PIOc_freedecomp Exit - MemInfo: [/proc/self/status]	VmSwap:	       0 kB
20220314 061645.652 INFO             PET0 PIOc_freedecomp Exit - MemInfo: [/proc/self/status]	VmRSSPercent: 0.0716931 %
20220314 061645.652 INFO             PET0 PIOc_freedecomp Exit - MemInfo: [malloc] Non-mmapped space allocated:                53403648 Byte
20220314 061645.652 INFO             PET0 PIOc_freedecomp Exit - MemInfo: [malloc] Space allocated in mmapped regions:                0 Byte
20220314 061645.652 INFO             PET0 PIOc_freedecomp Exit - MemInfo: [malloc] Maximum total allocated space:                     0 Byte
20220314 061645.652 INFO             PET0 PIOc_freedecomp Exit - MemInfo: [malloc] Space in freed fastbin blocks:                  1616 Byte
20220314 061645.652 INFO             PET0 PIOc_freedecomp Exit - MemInfo: [malloc] Total allocated space:                      19192592 Byte
20220314 061645.652 INFO             PET0 PIOc_freedecomp Exit - MemInfo: [malloc] Total free space:                           34211056 Byte
20220314 061645.652 INFO             PET0 PIOc_freedecomp Exit - MemInfo: [malloc] Top-most, releasable space:                 16911152 Byte
20220314 061645.652 INFO             PET0 PIOc_freedecomp Exit - MemInfo: [malloc] Total space in use, mmap + non-mmap:        19192592 Byte
20220314 061645.652 INFO             PET0 PIOc_freedecomp Exit - MemInfo: [malloc] Total space held (mmap + non-mmap):         53403648 Byte
20220314 061645.652 INFO             PET0 PIOc_freedecomp Exit - MemInfo: [malloc] Total space used (mmap + non-mmap):         19201920 Byte
20220314 061645.652 INFO             PET0 PIOc_freedecomp Exit - MemInfo: Wall-clock time since execution start:              0.0336698 seconds
20220314 061645.653 INFO             PET0 PIOc_sync Enter - MemInfo: [/proc/meminfo - SSI]	MemTotal:       65507008 kB
20220314 061645.653 INFO             PET0 PIOc_sync Enter - MemInfo: [/proc/meminfo - SSI]	MemFree:        49807024 kB
20220314 061645.653 INFO             PET0 PIOc_sync Enter - MemInfo: [/proc/meminfo - SSI]	MemAvailable:   49562724 kB
20220314 061645.653 INFO             PET0 PIOc_sync Enter - MemInfo: [/proc/meminfo - SSI]	Committed_AS:   13072120 kB
20220314 061645.653 INFO             PET0 PIOc_sync Enter - MemInfo: [/proc/meminfo - SSI]	CommittedPercent: 19.9553 %
20220314 061645.653 INFO             PET0 PIOc_sync Enter - MemInfo: [/proc/self/status]	VmPeak:	  143812 kB
20220314 061645.653 INFO             PET0 PIOc_sync Enter - MemInfo: [/proc/self/status]	VmSize:	  135624 kB
20220314 061645.653 INFO             PET0 PIOc_sync Enter - MemInfo: [/proc/self/status]	VmLck:	       0 kB
20220314 061645.653 INFO             PET0 PIOc_sync Enter - MemInfo: [/proc/self/status]	VmPin:	       0 kB
20220314 061645.653 INFO             PET0 PIOc_sync Enter - MemInfo: [/proc/self/status]	VmHWM:	   46964 kB
20220314 061645.653 INFO             PET0 PIOc_sync Enter - MemInfo: [/proc/self/status]	VmRSS:	   46964 kB
20220314 061645.653 INFO             PET0 PIOc_sync Enter - MemInfo: [/proc/self/status]	VmData:	   55476 kB
20220314 061645.653 INFO             PET0 PIOc_sync Enter - MemInfo: [/proc/self/status]	VmStk:	     144 kB
20220314 061645.653 INFO             PET0 PIOc_sync Enter - MemInfo: [/proc/self/status]	VmExe:	     200 kB
20220314 061645.653 INFO             PET0 PIOc_sync Enter - MemInfo: [/proc/self/status]	VmLib:	   39524 kB
20220314 061645.653 INFO             PET0 PIOc_sync Enter - MemInfo: [/proc/self/status]	VmPTE:	     260 kB
20220314 061645.653 INFO             PET0 PIOc_sync Enter - MemInfo: [/proc/self/status]	VmPMD:	      12 kB
20220314 061645.653 INFO             PET0 PIOc_sync Enter - MemInfo: [/proc/self/status]	VmSwap:	       0 kB
20220314 061645.653 INFO             PET0 PIOc_sync Enter - MemInfo: [/proc/self/status]	VmRSSPercent: 0.0716931 %
20220314 061645.653 INFO             PET0 PIOc_sync Enter - MemInfo: [malloc] Non-mmapped space allocated:                53403648 Byte
20220314 061645.653 INFO             PET0 PIOc_sync Enter - MemInfo: [malloc] Space allocated in mmapped regions:                0 Byte
20220314 061645.653 INFO             PET0 PIOc_sync Enter - MemInfo: [malloc] Maximum total allocated space:                     0 Byte
20220314 061645.653 INFO             PET0 PIOc_sync Enter - MemInfo: [malloc] Space in freed fastbin blocks:                  1008 Byte
20220314 061645.653 INFO             PET0 PIOc_sync Enter - MemInfo: [malloc] Total allocated space:                      36510976 Byte
20220314 061645.653 INFO             PET0 PIOc_sync Enter - MemInfo: [malloc] Total free space:                           16892672 Byte
20220314 061645.653 INFO             PET0 PIOc_sync Enter - MemInfo: [malloc] Top-most, releasable space:                   133920 Byte
20220314 061645.653 INFO             PET0 PIOc_sync Enter - MemInfo: [malloc] Total space in use, mmap + non-mmap:        36510976 Byte
20220314 061645.653 INFO             PET0 PIOc_sync Enter - MemInfo: [malloc] Total space held (mmap + non-mmap):         53403648 Byte
20220314 061645.653 INFO             PET0 PIOc_sync Enter - MemInfo: [malloc] Total space used (mmap + non-mmap):         36520304 Byte
20220314 061645.653 INFO             PET0 PIOc_sync Enter - MemInfo: Wall-clock time since execution start:              0.0346411 seconds
20220314 061645.654 INFO             PET0 PIOc_sync Exit - MemInfo: [/proc/meminfo - SSI]	MemTotal:       65507008 kB
20220314 061645.654 INFO             PET0 PIOc_sync Exit - MemInfo: [/proc/meminfo - SSI]	MemFree:        49807024 kB
20220314 061645.654 INFO             PET0 PIOc_sync Exit - MemInfo: [/proc/meminfo - SSI]	MemAvailable:   49562724 kB
20220314 061645.654 INFO             PET0 PIOc_sync Exit - MemInfo: [/proc/meminfo - SSI]	Committed_AS:   13072120 kB
20220314 061645.654 INFO             PET0 PIOc_sync Exit - MemInfo: [/proc/meminfo - SSI]	CommittedPercent: 19.9553 %
20220314 061645.654 INFO             PET0 PIOc_sync Exit - MemInfo: [/proc/self/status]	VmPeak:	  143812 kB
20220314 061645.654 INFO             PET0 PIOc_sync Exit - MemInfo: [/proc/self/status]	VmSize:	  135624 kB
20220314 061645.654 INFO             PET0 PIOc_sync Exit - MemInfo: [/proc/self/status]	VmLck:	       0 kB
20220314 061645.654 INFO             PET0 PIOc_sync Exit - MemInfo: [/proc/self/status]	VmPin:	       0 kB
20220314 061645.654 INFO             PET0 PIOc_sync Exit - MemInfo: [/proc/self/status]	VmHWM:	   46964 kB
20220314 061645.654 INFO             PET0 PIOc_sync Exit - MemInfo: [/proc/self/status]	VmRSS:	   46964 kB
20220314 061645.654 INFO             PET0 PIOc_sync Exit - MemInfo: [/proc/self/status]	VmData:	   55476 kB
20220314 061645.654 INFO             PET0 PIOc_sync Exit - MemInfo: [/proc/self/status]	VmStk:	     144 kB
20220314 061645.654 INFO             PET0 PIOc_sync Exit - MemInfo: [/proc/self/status]	VmExe:	     200 kB
20220314 061645.654 INFO             PET0 PIOc_sync Exit - MemInfo: [/proc/self/status]	VmLib:	   39524 kB
20220314 061645.654 INFO             PET0 PIOc_sync Exit - MemInfo: [/proc/self/status]	VmPTE:	     260 kB
20220314 061645.654 INFO             PET0 PIOc_sync Exit - MemInfo: [/proc/self/status]	VmPMD:	      12 kB
20220314 061645.654 INFO             PET0 PIOc_sync Exit - MemInfo: [/proc/self/status]	VmSwap:	       0 kB
20220314 061645.654 INFO             PET0 PIOc_sync Exit - MemInfo: [/proc/self/status]	VmRSSPercent: 0.0716931 %
20220314 061645.654 INFO             PET0 PIOc_sync Exit - MemInfo: [malloc] Non-mmapped space allocated:                53403648 Byte
20220314 061645.654 INFO             PET0 PIOc_sync Exit - MemInfo: [malloc] Space allocated in mmapped regions:                0 Byte
20220314 061645.654 INFO             PET0 PIOc_sync Exit - MemInfo: [malloc] Maximum total allocated space:                     0 Byte
20220314 061645.654 INFO             PET0 PIOc_sync Exit - MemInfo: [malloc] Space in freed fastbin blocks:                  1520 Byte
20220314 061645.654 INFO             PET0 PIOc_sync Exit - MemInfo: [malloc] Total allocated space:                      36510304 Byte
20220314 061645.654 INFO             PET0 PIOc_sync Exit - MemInfo: [malloc] Total free space:                           16893344 Byte
20220314 061645.654 INFO             PET0 PIOc_sync Exit - MemInfo: [malloc] Top-most, releasable space:                   133920 Byte
20220314 061645.654 INFO             PET0 PIOc_sync Exit - MemInfo: [malloc] Total space in use, mmap + non-mmap:        36510304 Byte
20220314 061645.654 INFO             PET0 PIOc_sync Exit - MemInfo: [malloc] Total space held (mmap + non-mmap):         53403648 Byte
20220314 061645.654 INFO             PET0 PIOc_sync Exit - MemInfo: [malloc] Total space used (mmap + non-mmap):         36519632 Byte
20220314 061645.654 INFO             PET0 PIOc_sync Exit - MemInfo: Wall-clock time since execution start:              0.0349855 seconds
20220314 061645.654 INFO             PET0 PIOc_freedecomp Enter - MemInfo: [/proc/meminfo - SSI]	MemTotal:       65507008 kB
20220314 061645.654 INFO             PET0 PIOc_freedecomp Enter - MemInfo: [/proc/meminfo - SSI]	MemFree:        49807024 kB
20220314 061645.654 INFO             PET0 PIOc_freedecomp Enter - MemInfo: [/proc/meminfo - SSI]	MemAvailable:   49562724 kB
20220314 061645.654 INFO             PET0 PIOc_freedecomp Enter - MemInfo: [/proc/meminfo - SSI]	Committed_AS:   13072120 kB
20220314 061645.654 INFO             PET0 PIOc_freedecomp Enter - MemInfo: [/proc/meminfo - SSI]	CommittedPercent: 19.9553 %
20220314 061645.654 INFO             PET0 PIOc_freedecomp Enter - MemInfo: [/proc/self/status]	VmPeak:	  143812 kB
20220314 061645.654 INFO             PET0 PIOc_freedecomp Enter - MemInfo: [/proc/self/status]	VmSize:	  135624 kB
20220314 061645.654 INFO             PET0 PIOc_freedecomp Enter - MemInfo: [/proc/self/status]	VmLck:	       0 kB
20220314 061645.654 INFO             PET0 PIOc_freedecomp Enter - MemInfo: [/proc/self/status]	VmPin:	       0 kB
20220314 061645.654 INFO             PET0 PIOc_freedecomp Enter - MemInfo: [/proc/self/status]	VmHWM:	   46964 kB
20220314 061645.654 INFO             PET0 PIOc_freedecomp Enter - MemInfo: [/proc/self/status]	VmRSS:	   46964 kB
20220314 061645.654 INFO             PET0 PIOc_freedecomp Enter - MemInfo: [/proc/self/status]	VmData:	   55476 kB
20220314 061645.654 INFO             PET0 PIOc_freedecomp Enter - MemInfo: [/proc/self/status]	VmStk:	     144 kB
20220314 061645.654 INFO             PET0 PIOc_freedecomp Enter - MemInfo: [/proc/self/status]	VmExe:	     200 kB
20220314 061645.654 INFO             PET0 PIOc_freedecomp Enter - MemInfo: [/proc/self/status]	VmLib:	   39524 kB
20220314 061645.654 INFO             PET0 PIOc_freedecomp Enter - MemInfo: [/proc/self/status]	VmPTE:	     260 kB
20220314 061645.654 INFO             PET0 PIOc_freedecomp Enter - MemInfo: [/proc/self/status]	VmPMD:	      12 kB
20220314 061645.654 INFO             PET0 PIOc_freedecomp Enter - MemInfo: [/proc/self/status]	VmSwap:	       0 kB
20220314 061645.654 INFO             PET0 PIOc_freedecomp Enter - MemInfo: [/proc/self/status]	VmRSSPercent: 0.0716931 %
20220314 061645.654 INFO             PET0 PIOc_freedecomp Enter - MemInfo: [malloc] Non-mmapped space allocated:                53403648 Byte
20220314 061645.654 INFO             PET0 PIOc_freedecomp Enter - MemInfo: [malloc] Space allocated in mmapped regions:                0 Byte
20220314 061645.654 INFO             PET0 PIOc_freedecomp Enter - MemInfo: [malloc] Maximum total allocated space:                     0 Byte
20220314 061645.654 INFO             PET0 PIOc_freedecomp Enter - MemInfo: [malloc] Space in freed fastbin blocks:                   832 Byte
20220314 061645.654 INFO             PET0 PIOc_freedecomp Enter - MemInfo: [malloc] Total allocated space:                      19193968 Byte
20220314 061645.654 INFO             PET0 PIOc_freedecomp Enter - MemInfo: [malloc] Total free space:                           34209680 Byte
20220314 061645.654 INFO             PET0 PIOc_freedecomp Enter - MemInfo: [malloc] Top-most, releasable space:                 16911152 Byte
20220314 061645.654 INFO             PET0 PIOc_freedecomp Enter - MemInfo: [malloc] Total space in use, mmap + non-mmap:        19193968 Byte
20220314 061645.654 INFO             PET0 PIOc_freedecomp Enter - MemInfo: [malloc] Total space held (mmap + non-mmap):         53403648 Byte
20220314 061645.654 INFO             PET0 PIOc_freedecomp Enter - MemInfo: [malloc] Total space used (mmap + non-mmap):         19203296 Byte
20220314 061645.654 INFO             PET0 PIOc_freedecomp Enter - MemInfo: Wall-clock time since execution start:              0.0353115 seconds
20220314 061645.654 INFO             PET0 PIOc_freedecomp Exit - MemInfo: [/proc/meminfo - SSI]	MemTotal:       65507008 kB
20220314 061645.654 INFO             PET0 PIOc_freedecomp Exit - MemInfo: [/proc/meminfo - SSI]	MemFree:        49807024 kB
20220314 061645.654 INFO             PET0 PIOc_freedecomp Exit - MemInfo: [/proc/meminfo - SSI]	MemAvailable:   49562724 kB
20220314 061645.654 INFO             PET0 PIOc_freedecomp Exit - MemInfo: [/proc/meminfo - SSI]	Committed_AS:   13072120 kB
20220314 061645.654 INFO             PET0 PIOc_freedecomp Exit - MemInfo: [/proc/meminfo - SSI]	CommittedPercent: 19.9553 %
20220314 061645.654 INFO             PET0 PIOc_freedecomp Exit - MemInfo: [/proc/self/status]	VmPeak:	  143812 kB
20220314 061645.654 INFO             PET0 PIOc_freedecomp Exit - MemInfo: [/proc/self/status]	VmSize:	  135624 kB
20220314 061645.654 INFO             PET0 PIOc_freedecomp Exit - MemInfo: [/proc/self/status]	VmLck:	       0 kB
20220314 061645.654 INFO             PET0 PIOc_freedecomp Exit - MemInfo: [/proc/self/status]	VmPin:	       0 kB
20220314 061645.654 INFO             PET0 PIOc_freedecomp Exit - MemInfo: [/proc/self/status]	VmHWM:	   46964 kB
20220314 061645.654 INFO             PET0 PIOc_freedecomp Exit - MemInfo: [/proc/self/status]	VmRSS:	   46964 kB
20220314 061645.654 INFO             PET0 PIOc_freedecomp Exit - MemInfo: [/proc/self/status]	VmData:	   55476 kB
20220314 061645.654 INFO             PET0 PIOc_freedecomp Exit - MemInfo: [/proc/self/status]	VmStk:	     144 kB
20220314 061645.654 INFO             PET0 PIOc_freedecomp Exit - MemInfo: [/proc/self/status]	VmExe:	     200 kB
20220314 061645.654 INFO             PET0 PIOc_freedecomp Exit - MemInfo: [/proc/self/status]	VmLib:	   39524 kB
20220314 061645.654 INFO             PET0 PIOc_freedecomp Exit - MemInfo: [/proc/self/status]	VmPTE:	     260 kB
20220314 061645.654 INFO             PET0 PIOc_freedecomp Exit - MemInfo: [/proc/self/status]	VmPMD:	      12 kB
20220314 061645.654 INFO             PET0 PIOc_freedecomp Exit - MemInfo: [/proc/self/status]	VmSwap:	       0 kB
20220314 061645.654 INFO             PET0 PIOc_freedecomp Exit - MemInfo: [/proc/self/status]	VmRSSPercent: 0.0716931 %
20220314 061645.654 INFO             PET0 PIOc_freedecomp Exit - MemInfo: [malloc] Non-mmapped space allocated:                53403648 Byte
20220314 061645.654 INFO             PET0 PIOc_freedecomp Exit - MemInfo: [malloc] Space allocated in mmapped regions:                0 Byte
20220314 061645.654 INFO             PET0 PIOc_freedecomp Exit - MemInfo: [malloc] Maximum total allocated space:                     0 Byte
20220314 061645.654 INFO             PET0 PIOc_freedecomp Exit - MemInfo: [malloc] Space in freed fastbin blocks:                  1616 Byte
20220314 061645.654 INFO             PET0 PIOc_freedecomp Exit - MemInfo: [malloc] Total allocated space:                      19192592 Byte
20220314 061645.654 INFO             PET0 PIOc_freedecomp Exit - MemInfo: [malloc] Total free space:                           34211056 Byte
20220314 061645.654 INFO             PET0 PIOc_freedecomp Exit - MemInfo: [malloc] Top-most, releasable space:                 16911152 Byte
20220314 061645.654 INFO             PET0 PIOc_freedecomp Exit - MemInfo: [malloc] Total space in use, mmap + non-mmap:        19192592 Byte
20220314 061645.654 INFO             PET0 PIOc_freedecomp Exit - MemInfo: [malloc] Total space held (mmap + non-mmap):         53403648 Byte
20220314 061645.654 INFO             PET0 PIOc_freedecomp Exit - MemInfo: [malloc] Total space used (mmap + non-mmap):         19201920 Byte
20220314 061645.654 INFO             PET0 PIOc_freedecomp Exit - MemInfo: Wall-clock time since execution start:              0.0356304 seconds
20220314 061645.655 INFO             PET0 PIOc_sync Enter - MemInfo: [/proc/meminfo - SSI]	MemTotal:       65507008 kB
20220314 061645.655 INFO             PET0 PIOc_sync Enter - MemInfo: [/proc/meminfo - SSI]	MemFree:        49807104 kB
20220314 061645.655 INFO             PET0 PIOc_sync Enter - MemInfo: [/proc/meminfo - SSI]	MemAvailable:   49562816 kB
20220314 061645.655 INFO             PET0 PIOc_sync Enter - MemInfo: [/proc/meminfo - SSI]	Committed_AS:   13072120 kB
20220314 061645.655 INFO             PET0 PIOc_sync Enter - MemInfo: [/proc/meminfo - SSI]	CommittedPercent: 19.9553 %
20220314 061645.655 INFO             PET0 PIOc_sync Enter - MemInfo: [/proc/self/status]	VmPeak:	  143812 kB
20220314 061645.655 INFO             PET0 PIOc_sync Enter - MemInfo: [/proc/self/status]	VmSize:	  135624 kB
20220314 061645.655 INFO             PET0 PIOc_sync Enter - MemInfo: [/proc/self/status]	VmLck:	       0 kB
20220314 061645.655 INFO             PET0 PIOc_sync Enter - MemInfo: [/proc/self/status]	VmPin:	       0 kB
20220314 061645.655 INFO             PET0 PIOc_sync Enter - MemInfo: [/proc/self/status]	VmHWM:	   46964 kB
20220314 061645.655 INFO             PET0 PIOc_sync Enter - MemInfo: [/proc/self/status]	VmRSS:	   46964 kB
20220314 061645.655 INFO             PET0 PIOc_sync Enter - MemInfo: [/proc/self/status]	VmData:	   55476 kB
20220314 061645.655 INFO             PET0 PIOc_sync Enter - MemInfo: [/proc/self/status]	VmStk:	     144 kB
20220314 061645.655 INFO             PET0 PIOc_sync Enter - MemInfo: [/proc/self/status]	VmExe:	     200 kB
20220314 061645.655 INFO             PET0 PIOc_sync Enter - MemInfo: [/proc/self/status]	VmLib:	   39524 kB
20220314 061645.655 INFO             PET0 PIOc_sync Enter - MemInfo: [/proc/self/status]	VmPTE:	     260 kB
20220314 061645.655 INFO             PET0 PIOc_sync Enter - MemInfo: [/proc/self/status]	VmPMD:	      12 kB
20220314 061645.655 INFO             PET0 PIOc_sync Enter - MemInfo: [/proc/self/status]	VmSwap:	       0 kB
20220314 061645.655 INFO             PET0 PIOc_sync Enter - MemInfo: [/proc/self/status]	VmRSSPercent: 0.0716931 %
20220314 061645.655 INFO             PET0 PIOc_sync Enter - MemInfo: [malloc] Non-mmapped space allocated:                53403648 Byte
20220314 061645.655 INFO             PET0 PIOc_sync Enter - MemInfo: [malloc] Space allocated in mmapped regions:                0 Byte
20220314 061645.655 INFO             PET0 PIOc_sync Enter - MemInfo: [malloc] Maximum total allocated space:                     0 Byte
20220314 061645.655 INFO             PET0 PIOc_sync Enter - MemInfo: [malloc] Space in freed fastbin blocks:                  1024 Byte
20220314 061645.655 INFO             PET0 PIOc_sync Enter - MemInfo: [malloc] Total allocated space:                      36511712 Byte
20220314 061645.655 INFO             PET0 PIOc_sync Enter - MemInfo: [malloc] Total free space:                           16891936 Byte
20220314 061645.655 INFO             PET0 PIOc_sync Enter - MemInfo: [malloc] Top-most, releasable space:                   133920 Byte
20220314 061645.655 INFO             PET0 PIOc_sync Enter - MemInfo: [malloc] Total space in use, mmap + non-mmap:        36511712 Byte
20220314 061645.655 INFO             PET0 PIOc_sync Enter - MemInfo: [malloc] Total space held (mmap + non-mmap):         53403648 Byte
20220314 061645.655 INFO             PET0 PIOc_sync Enter - MemInfo: [malloc] Total space used (mmap + non-mmap):         36521040 Byte
20220314 061645.655 INFO             PET0 PIOc_sync Enter - MemInfo: Wall-clock time since execution start:              0.0366095 seconds
20220314 061645.655 INFO             PET0 PIOc_sync Exit - MemInfo: [/proc/meminfo - SSI]	MemTotal:       65507008 kB
20220314 061645.655 INFO             PET0 PIOc_sync Exit - MemInfo: [/proc/meminfo - SSI]	MemFree:        49807104 kB
20220314 061645.655 INFO             PET0 PIOc_sync Exit - MemInfo: [/proc/meminfo - SSI]	MemAvailable:   49562816 kB
20220314 061645.656 INFO             PET0 PIOc_sync Exit - MemInfo: [/proc/meminfo - SSI]	Committed_AS:   13072120 kB
20220314 061645.656 INFO             PET0 PIOc_sync Exit - MemInfo: [/proc/meminfo - SSI]	CommittedPercent: 19.9553 %
20220314 061645.656 INFO             PET0 PIOc_sync Exit - MemInfo: [/proc/self/status]	VmPeak:	  143812 kB
20220314 061645.656 INFO             PET0 PIOc_sync Exit - MemInfo: [/proc/self/status]	VmSize:	  135624 kB
20220314 061645.656 INFO             PET0 PIOc_sync Exit - MemInfo: [/proc/self/status]	VmLck:	       0 kB
20220314 061645.656 INFO             PET0 PIOc_sync Exit - MemInfo: [/proc/self/status]	VmPin:	       0 kB
20220314 061645.656 INFO             PET0 PIOc_sync Exit - MemInfo: [/proc/self/status]	VmHWM:	   46964 kB
20220314 061645.656 INFO             PET0 PIOc_sync Exit - MemInfo: [/proc/self/status]	VmRSS:	   46964 kB
20220314 061645.656 INFO             PET0 PIOc_sync Exit - MemInfo: [/proc/self/status]	VmData:	   55476 kB
20220314 061645.656 INFO             PET0 PIOc_sync Exit - MemInfo: [/proc/self/status]	VmStk:	     144 kB
20220314 061645.656 INFO             PET0 PIOc_sync Exit - MemInfo: [/proc/self/status]	VmExe:	     200 kB
20220314 061645.656 INFO             PET0 PIOc_sync Exit - MemInfo: [/proc/self/status]	VmLib:	   39524 kB
20220314 061645.656 INFO             PET0 PIOc_sync Exit - MemInfo: [/proc/self/status]	VmPTE:	     260 kB
20220314 061645.656 INFO             PET0 PIOc_sync Exit - MemInfo: [/proc/self/status]	VmPMD:	      12 kB
20220314 061645.656 INFO             PET0 PIOc_sync Exit - MemInfo: [/proc/self/status]	VmSwap:	       0 kB
20220314 061645.656 INFO             PET0 PIOc_sync Exit - MemInfo: [/proc/self/status]	VmRSSPercent: 0.0716931 %
20220314 061645.656 INFO             PET0 PIOc_sync Exit - MemInfo: [malloc] Non-mmapped space allocated:                53403648 Byte
20220314 061645.656 INFO             PET0 PIOc_sync Exit - MemInfo: [malloc] Space allocated in mmapped regions:                0 Byte
20220314 061645.656 INFO             PET0 PIOc_sync Exit - MemInfo: [malloc] Maximum total allocated space:                     0 Byte
20220314 061645.656 INFO             PET0 PIOc_sync Exit - MemInfo: [malloc] Space in freed fastbin blocks:                   832 Byte
20220314 061645.656 INFO             PET0 PIOc_sync Exit - MemInfo: [malloc] Total allocated space:                      36511056 Byte
20220314 061645.656 INFO             PET0 PIOc_sync Exit - MemInfo: [malloc] Total free space:                           16892592 Byte
20220314 061645.656 INFO             PET0 PIOc_sync Exit - MemInfo: [malloc] Top-most, releasable space:                   133920 Byte
20220314 061645.656 INFO             PET0 PIOc_sync Exit - MemInfo: [malloc] Total space in use, mmap + non-mmap:        36511056 Byte
20220314 061645.656 INFO             PET0 PIOc_sync Exit - MemInfo: [malloc] Total space held (mmap + non-mmap):         53403648 Byte
20220314 061645.656 INFO             PET0 PIOc_sync Exit - MemInfo: [malloc] Total space used (mmap + non-mmap):         36520384 Byte
20220314 061645.656 INFO             PET0 PIOc_sync Exit - MemInfo: Wall-clock time since execution start:              0.0369542 seconds
20220314 061645.656 INFO             PET0 PIOc_freedecomp Enter - MemInfo: [/proc/meminfo - SSI]	MemTotal:       65507008 kB
20220314 061645.656 INFO             PET0 PIOc_freedecomp Enter - MemInfo: [/proc/meminfo - SSI]	MemFree:        49807104 kB
20220314 061645.656 INFO             PET0 PIOc_freedecomp Enter - MemInfo: [/proc/meminfo - SSI]	MemAvailable:   49562816 kB
20220314 061645.656 INFO             PET0 PIOc_freedecomp Enter - MemInfo: [/proc/meminfo - SSI]	Committed_AS:   13072120 kB
