build time -- 2022-03-14 06:04:57.088307
20220314 061649.376 INFO             PET0 !!!!!!!!!!!!!!!!!!!!!!!!!!!!!!!!!!!!!!!!!!!!!!!!!!!!!!
20220314 061649.376 INFO             PET0 !!! THE ESMF_LOG IS SET TO OUTPUT ALL LOG MESSAGES !!!
20220314 061649.376 INFO             PET0 !!!     THIS MAY CAUSE SLOWDOWN IN PERFORMANCE     !!!
20220314 061649.376 INFO             PET0 !!! FOR PRODUCTION RUNS, USE:                      !!!
20220314 061649.376 INFO             PET0 !!!                   ESMF_LOGKIND_Multi_On_Error  !!!
20220314 061649.376 INFO             PET0 !!!!!!!!!!!!!!!!!!!!!!!!!!!!!!!!!!!!!!!!!!!!!!!!!!!!!!
20220314 061649.376 INFO             PET0 Running with ESMF Version   : v8.3.0b09-96-g559b459836
20220314 061649.376 INFO             PET0 ESMF library build date/time: "Mar 14 2022" "06:03:07"
20220314 061649.376 INFO             PET0 ESMF library build location : /glade/scratch/rlong/esmf-testing/gfortran_10.1.0_mpt_O_jedwards_pio_update2
20220314 061649.376 INFO             PET0 ESMF_COMM                   : mpt
20220314 061649.376 INFO             PET0 ESMF_MOAB                   : enabled
20220314 061649.376 INFO             PET0 ESMF_LAPACK                 : enabled
20220314 061649.376 INFO             PET0 ESMF_NETCDF                 : enabled
20220314 061649.376 INFO             PET0 ESMF_PNETCDF                : disabled
20220314 061649.376 INFO             PET0 ESMF_PIO                    : enabled
20220314 061649.376 INFO             PET0 ESMF_YAMLCPP                : enabled
20220314 061649.376 INFO             PET0 Beginning Test, file ESMC_FieldSMMFromFileUTest.C, line 41
20220314 061649.376 INFO             PET0 Beginning Test, file ESMC_FieldSMMFromFileUTest.C, line 41NUMBER_OF_PROCESSORS 4
20220314 061649.391 INFO             PET0 PIOc_sync Enter - MemInfo: [/proc/meminfo - SSI]	MemTotal:       65507008 kB
20220314 061649.391 INFO             PET0 PIOc_sync Enter - MemInfo: [/proc/meminfo - SSI]	MemFree:        49817132 kB
20220314 061649.391 INFO             PET0 PIOc_sync Enter - MemInfo: [/proc/meminfo - SSI]	MemAvailable:   49573140 kB
20220314 061649.391 INFO             PET0 PIOc_sync Enter - MemInfo: [/proc/meminfo - SSI]	Committed_AS:   13133484 kB
20220314 061649.391 INFO             PET0 PIOc_sync Enter - MemInfo: [/proc/meminfo - SSI]	CommittedPercent: 20.049 %
20220314 061649.391 INFO             PET0 PIOc_sync Enter - MemInfo: [/proc/self/status]	VmPeak:	  131904 kB
20220314 061649.391 INFO             PET0 PIOc_sync Enter - MemInfo: [/proc/self/status]	VmSize:	  131904 kB
20220314 061649.391 INFO             PET0 PIOc_sync Enter - MemInfo: [/proc/self/status]	VmLck:	       0 kB
20220314 061649.391 INFO             PET0 PIOc_sync Enter - MemInfo: [/proc/self/status]	VmPin:	       0 kB
20220314 061649.391 INFO             PET0 PIOc_sync Enter - MemInfo: [/proc/self/status]	VmHWM:	   31128 kB
20220314 061649.391 INFO             PET0 PIOc_sync Enter - MemInfo: [/proc/self/status]	VmRSS:	   31128 kB
20220314 061649.391 INFO             PET0 PIOc_sync Enter - MemInfo: [/proc/self/status]	VmData:	   39080 kB
20220314 061649.391 INFO             PET0 PIOc_sync Enter - MemInfo: [/proc/self/status]	VmStk:	     144 kB
20220314 061649.391 INFO             PET0 PIOc_sync Enter - MemInfo: [/proc/self/status]	VmExe:	     192 kB
20220314 061649.391 INFO             PET0 PIOc_sync Enter - MemInfo: [/proc/self/status]	VmLib:	   39524 kB
20220314 061649.391 INFO             PET0 PIOc_sync Enter - MemInfo: [/proc/self/status]	VmPTE:	     240 kB
20220314 061649.391 INFO             PET0 PIOc_sync Enter - MemInfo: [/proc/self/status]	VmPMD:	      16 kB
20220314 061649.391 INFO             PET0 PIOc_sync Enter - MemInfo: [/proc/self/status]	VmSwap:	       0 kB
20220314 061649.391 INFO             PET0 PIOc_sync Enter - MemInfo: [/proc/self/status]	VmRSSPercent: 0.0475186 %
20220314 061649.391 INFO             PET0 PIOc_sync Enter - MemInfo: [malloc] Non-mmapped space allocated:                36614144 Byte
20220314 061649.391 INFO             PET0 PIOc_sync Enter - MemInfo: [malloc] Space allocated in mmapped regions:                0 Byte
20220314 061649.395 INFO             PET0 PIOc_sync Enter - MemInfo: [malloc] Maximum total allocated space:                     0 Byte
20220314 061649.395 INFO             PET0 PIOc_sync Enter - MemInfo: [malloc] Space in freed fastbin blocks:                   704 Byte
20220314 061649.395 INFO             PET0 PIOc_sync Enter - MemInfo: [malloc] Total allocated space:                      36498080 Byte
20220314 061649.395 INFO             PET0 PIOc_sync Enter - MemInfo: [malloc] Total free space:                             116064 Byte
20220314 061649.395 INFO             PET0 PIOc_sync Enter - MemInfo: [malloc] Top-most, releasable space:                   114688 Byte
20220314 061649.395 INFO             PET0 PIOc_sync Enter - MemInfo: [malloc] Total space in use, mmap + non-mmap:        36498080 Byte
20220314 061649.395 INFO             PET0 PIOc_sync Enter - MemInfo: [malloc] Total space held (mmap + non-mmap):         36614144 Byte
20220314 061649.395 INFO             PET0 PIOc_sync Enter - MemInfo: [malloc] Total space used (mmap + non-mmap):         36507408 Byte
20220314 061649.395 INFO             PET0 PIOc_sync Enter - MemInfo: Wall-clock time since execution start:              0.0204614 seconds
20220314 061649.395 INFO             PET0 PIOc_sync Exit - MemInfo: [/proc/meminfo - SSI]	MemTotal:       65507008 kB
20220314 061649.396 INFO             PET0 PIOc_sync Exit - MemInfo: [/proc/meminfo - SSI]	MemFree:        49816628 kB
20220314 061649.396 INFO             PET0 PIOc_sync Exit - MemInfo: [/proc/meminfo - SSI]	MemAvailable:   49572668 kB
20220314 061649.396 INFO             PET0 PIOc_sync Exit - MemInfo: [/proc/meminfo - SSI]	Committed_AS:   13133484 kB
20220314 061649.396 INFO             PET0 PIOc_sync Exit - MemInfo: [/proc/meminfo - SSI]	CommittedPercent: 20.049 %
20220314 061649.396 INFO             PET0 PIOc_sync Exit - MemInfo: [/proc/self/status]	VmPeak:	  131904 kB
20220314 061649.396 INFO             PET0 PIOc_sync Exit - MemInfo: [/proc/self/status]	VmSize:	  131904 kB
20220314 061649.396 INFO             PET0 PIOc_sync Exit - MemInfo: [/proc/self/status]	VmLck:	       0 kB
20220314 061649.396 INFO             PET0 PIOc_sync Exit - MemInfo: [/proc/self/status]	VmPin:	       0 kB
20220314 061649.396 INFO             PET0 PIOc_sync Exit - MemInfo: [/proc/self/status]	VmHWM:	   31232 kB
20220314 061649.396 INFO             PET0 PIOc_sync Exit - MemInfo: [/proc/self/status]	VmRSS:	   31232 kB
20220314 061649.396 INFO             PET0 PIOc_sync Exit - MemInfo: [/proc/self/status]	VmData:	   39080 kB
20220314 061649.396 INFO             PET0 PIOc_sync Exit - MemInfo: [/proc/self/status]	VmStk:	     144 kB
20220314 061649.396 INFO             PET0 PIOc_sync Exit - MemInfo: [/proc/self/status]	VmExe:	     192 kB
20220314 061649.396 INFO             PET0 PIOc_sync Exit - MemInfo: [/proc/self/status]	VmLib:	   39524 kB
20220314 061649.396 INFO             PET0 PIOc_sync Exit - MemInfo: [/proc/self/status]	VmPTE:	     240 kB
20220314 061649.396 INFO             PET0 PIOc_sync Exit - MemInfo: [/proc/self/status]	VmPMD:	      16 kB
20220314 061649.396 INFO             PET0 PIOc_sync Exit - MemInfo: [/proc/self/status]	VmSwap:	       0 kB
20220314 061649.396 INFO             PET0 PIOc_sync Exit - MemInfo: [/proc/self/status]	VmRSSPercent: 0.0476773 %
20220314 061649.396 INFO             PET0 PIOc_sync Exit - MemInfo: [malloc] Non-mmapped space allocated:                36614144 Byte
20220314 061649.396 INFO             PET0 PIOc_sync Exit - MemInfo: [malloc] Space allocated in mmapped regions:                0 Byte
20220314 061649.396 INFO             PET0 PIOc_sync Exit - MemInfo: [malloc] Maximum total allocated space:                     0 Byte
20220314 061649.396 INFO             PET0 PIOc_sync Exit - MemInfo: [malloc] Space in freed fastbin blocks:                   864 Byte
20220314 061649.396 INFO             PET0 PIOc_sync Exit - MemInfo: [malloc] Total allocated space:                      36497024 Byte
20220314 061649.396 INFO             PET0 PIOc_sync Exit - MemInfo: [malloc] Total free space:                             117120 Byte
20220314 061649.396 INFO             PET0 PIOc_sync Exit - MemInfo: [malloc] Top-most, releasable space:                   115408 Byte
20220314 061649.396 INFO             PET0 PIOc_sync Exit - MemInfo: [malloc] Total space in use, mmap + non-mmap:        36497024 Byte
20220314 061649.396 INFO             PET0 PIOc_sync Exit - MemInfo: [malloc] Total space held (mmap + non-mmap):         36614144 Byte
20220314 061649.396 INFO             PET0 PIOc_sync Exit - MemInfo: [malloc] Total space used (mmap + non-mmap):         36506352 Byte
20220314 061649.396 INFO             PET0 PIOc_sync Exit - MemInfo: Wall-clock time since execution start:              0.0209068 seconds
20220314 061649.396 INFO             PET0 PIOc_freedecomp Enter - MemInfo: [/proc/meminfo - SSI]	MemTotal:       65507008 kB
20220314 061649.396 INFO             PET0 PIOc_freedecomp Enter - MemInfo: [/proc/meminfo - SSI]	MemFree:        49816628 kB
20220314 061649.396 INFO             PET0 PIOc_freedecomp Enter - MemInfo: [/proc/meminfo - SSI]	MemAvailable:   49572668 kB
20220314 061649.396 INFO             PET0 PIOc_freedecomp Enter - MemInfo: [/proc/meminfo - SSI]	Committed_AS:   13133484 kB
20220314 061649.396 INFO             PET0 PIOc_freedecomp Enter - MemInfo: [/proc/meminfo - SSI]	CommittedPercent: 20.049 %
20220314 061649.396 INFO             PET0 PIOc_freedecomp Enter - MemInfo: [/proc/self/status]	VmPeak:	  131904 kB
20220314 061649.396 INFO             PET0 PIOc_freedecomp Enter - MemInfo: [/proc/self/status]	VmSize:	  131904 kB
20220314 061649.396 INFO             PET0 PIOc_freedecomp Enter - MemInfo: [/proc/self/status]	VmLck:	       0 kB
20220314 061649.396 INFO             PET0 PIOc_freedecomp Enter - MemInfo: [/proc/self/status]	VmPin:	       0 kB
20220314 061649.396 INFO             PET0 PIOc_freedecomp Enter - MemInfo: [/proc/self/status]	VmHWM:	   31232 kB
20220314 061649.396 INFO             PET0 PIOc_freedecomp Enter - MemInfo: [/proc/self/status]	VmRSS:	   31232 kB
20220314 061649.396 INFO             PET0 PIOc_freedecomp Enter - MemInfo: [/proc/self/status]	VmData:	   39080 kB
20220314 061649.396 INFO             PET0 PIOc_freedecomp Enter - MemInfo: [/proc/self/status]	VmStk:	     144 kB
20220314 061649.396 INFO             PET0 PIOc_freedecomp Enter - MemInfo: [/proc/self/status]	VmExe:	     192 kB
20220314 061649.396 INFO             PET0 PIOc_freedecomp Enter - MemInfo: [/proc/self/status]	VmLib:	   39524 kB
20220314 061649.396 INFO             PET0 PIOc_freedecomp Enter - MemInfo: [/proc/self/status]	VmPTE:	     240 kB
20220314 061649.396 INFO             PET0 PIOc_freedecomp Enter - MemInfo: [/proc/self/status]	VmPMD:	      16 kB
20220314 061649.396 INFO             PET0 PIOc_freedecomp Enter - MemInfo: [/proc/self/status]	VmSwap:	       0 kB
20220314 061649.396 INFO             PET0 PIOc_freedecomp Enter - MemInfo: [/proc/self/status]	VmRSSPercent: 0.0476773 %
20220314 061649.396 INFO             PET0 PIOc_freedecomp Enter - MemInfo: [malloc] Non-mmapped space allocated:                36614144 Byte
20220314 061649.396 INFO             PET0 PIOc_freedecomp Enter - MemInfo: [malloc] Space allocated in mmapped regions:                0 Byte
20220314 061649.396 INFO             PET0 PIOc_freedecomp Enter - MemInfo: [malloc] Maximum total allocated space:                     0 Byte
20220314 061649.396 INFO             PET0 PIOc_freedecomp Enter - MemInfo: [malloc] Space in freed fastbin blocks:                   880 Byte
20220314 061649.396 INFO             PET0 PIOc_freedecomp Enter - MemInfo: [malloc] Total allocated space:                      19182320 Byte
20220314 061649.396 INFO             PET0 PIOc_freedecomp Enter - MemInfo: [malloc] Total free space:                           17431824 Byte
20220314 061649.396 INFO             PET0 PIOc_freedecomp Enter - MemInfo: [malloc] Top-most, releasable space:                   125904 Byte
20220314 061649.396 INFO             PET0 PIOc_freedecomp Enter - MemInfo: [malloc] Total space in use, mmap + non-mmap:        19182320 Byte
20220314 061649.396 INFO             PET0 PIOc_freedecomp Enter - MemInfo: [malloc] Total space held (mmap + non-mmap):         36614144 Byte
20220314 061649.396 INFO             PET0 PIOc_freedecomp Enter - MemInfo: [malloc] Total space used (mmap + non-mmap):         19191648 Byte
20220314 061649.396 INFO             PET0 PIOc_freedecomp Enter - MemInfo: Wall-clock time since execution start:              0.0212849 seconds
20220314 061649.396 INFO             PET0 PIOc_freedecomp Exit - MemInfo: [/proc/meminfo - SSI]	MemTotal:       65507008 kB
20220314 061649.396 INFO             PET0 PIOc_freedecomp Exit - MemInfo: [/proc/meminfo - SSI]	MemFree:        49816628 kB
20220314 061649.396 INFO             PET0 PIOc_freedecomp Exit - MemInfo: [/proc/meminfo - SSI]	MemAvailable:   49572668 kB
20220314 061649.396 INFO             PET0 PIOc_freedecomp Exit - MemInfo: [/proc/meminfo - SSI]	Committed_AS:   13133484 kB
20220314 061649.396 INFO             PET0 PIOc_freedecomp Exit - MemInfo: [/proc/meminfo - SSI]	CommittedPercent: 20.049 %
20220314 061649.396 INFO             PET0 PIOc_freedecomp Exit - MemInfo: [/proc/self/status]	VmPeak:	  131904 kB
20220314 061649.396 INFO             PET0 PIOc_freedecomp Exit - MemInfo: [/proc/self/status]	VmSize:	  131904 kB
20220314 061649.396 INFO             PET0 PIOc_freedecomp Exit - MemInfo: [/proc/self/status]	VmLck:	       0 kB
20220314 061649.396 INFO             PET0 PIOc_freedecomp Exit - MemInfo: [/proc/self/status]	VmPin:	       0 kB
20220314 061649.396 INFO             PET0 PIOc_freedecomp Exit - MemInfo: [/proc/self/status]	VmHWM:	   31236 kB
20220314 061649.396 INFO             PET0 PIOc_freedecomp Exit - MemInfo: [/proc/self/status]	VmRSS:	   31236 kB
20220314 061649.396 INFO             PET0 PIOc_freedecomp Exit - MemInfo: [/proc/self/status]	VmData:	   39080 kB
20220314 061649.396 INFO             PET0 PIOc_freedecomp Exit - MemInfo: [/proc/self/status]	VmStk:	     144 kB
20220314 061649.396 INFO             PET0 PIOc_freedecomp Exit - MemInfo: [/proc/self/status]	VmExe:	     192 kB
20220314 061649.396 INFO             PET0 PIOc_freedecomp Exit - MemInfo: [/proc/self/status]	VmLib:	   39524 kB
20220314 061649.396 INFO             PET0 PIOc_freedecomp Exit - MemInfo: [/proc/self/status]	VmPTE:	     240 kB
20220314 061649.396 INFO             PET0 PIOc_freedecomp Exit - MemInfo: [/proc/self/status]	VmPMD:	      16 kB
20220314 061649.396 INFO             PET0 PIOc_freedecomp Exit - MemInfo: [/proc/self/status]	VmSwap:	       0 kB
20220314 061649.396 INFO             PET0 PIOc_freedecomp Exit - MemInfo: [/proc/self/status]	VmRSSPercent: 0.0476834 %
20220314 061649.396 INFO             PET0 PIOc_freedecomp Exit - MemInfo: [malloc] Non-mmapped space allocated:                36614144 Byte
20220314 061649.396 INFO             PET0 PIOc_freedecomp Exit - MemInfo: [malloc] Space allocated in mmapped regions:                0 Byte
20220314 061649.396 INFO             PET0 PIOc_freedecomp Exit - MemInfo: [malloc] Maximum total allocated space:                     0 Byte
20220314 061649.396 INFO             PET0 PIOc_freedecomp Exit - MemInfo: [malloc] Space in freed fastbin blocks:                   784 Byte
20220314 061649.396 INFO             PET0 PIOc_freedecomp Exit - MemInfo: [malloc] Total allocated space:                      19177808 Byte
20220314 061649.396 INFO             PET0 PIOc_freedecomp Exit - MemInfo: [malloc] Total free space:                           17436336 Byte
20220314 061649.396 INFO             PET0 PIOc_freedecomp Exit - MemInfo: [malloc] Top-most, releasable space:                   128560 Byte
20220314 061649.396 INFO             PET0 PIOc_freedecomp Exit - MemInfo: [malloc] Total space in use, mmap + non-mmap:        19177808 Byte
20220314 061649.397 INFO             PET0 PIOc_freedecomp Exit - MemInfo: [malloc] Total space held (mmap + non-mmap):         36614144 Byte
20220314 061649.397 INFO             PET0 PIOc_freedecomp Exit - MemInfo: [malloc] Total space used (mmap + non-mmap):         19187136 Byte
20220314 061649.397 INFO             PET0 PIOc_freedecomp Exit - MemInfo: Wall-clock time since execution start:               0.021628 seconds
20220314 061649.398 INFO             PET0 PIOc_sync Enter - MemInfo: [/proc/meminfo - SSI]	MemTotal:       65507008 kB
20220314 061649.398 INFO             PET0 PIOc_sync Enter - MemInfo: [/proc/meminfo - SSI]	MemFree:        49816124 kB
20220314 061649.398 INFO             PET0 PIOc_sync Enter - MemInfo: [/proc/meminfo - SSI]	MemAvailable:   49572164 kB
20220314 061649.398 INFO             PET0 PIOc_sync Enter - MemInfo: [/proc/meminfo - SSI]	Committed_AS:   13133484 kB
20220314 061649.398 INFO             PET0 PIOc_sync Enter - MemInfo: [/proc/meminfo - SSI]	CommittedPercent: 20.049 %
20220314 061649.398 INFO             PET0 PIOc_sync Enter - MemInfo: [/proc/self/status]	VmPeak:	  140092 kB
20220314 061649.398 INFO             PET0 PIOc_sync Enter - MemInfo: [/proc/self/status]	VmSize:	  131904 kB
20220314 061649.398 INFO             PET0 PIOc_sync Enter - MemInfo: [/proc/self/status]	VmLck:	       0 kB
20220314 061649.398 INFO             PET0 PIOc_sync Enter - MemInfo: [/proc/self/status]	VmPin:	       0 kB
20220314 061649.398 INFO             PET0 PIOc_sync Enter - MemInfo: [/proc/self/status]	VmHWM:	   31600 kB
20220314 061649.398 INFO             PET0 PIOc_sync Enter - MemInfo: [/proc/self/status]	VmRSS:	   31600 kB
20220314 061649.398 INFO             PET0 PIOc_sync Enter - MemInfo: [/proc/self/status]	VmData:	   39080 kB
20220314 061649.398 INFO             PET0 PIOc_sync Enter - MemInfo: [/proc/self/status]	VmStk:	     144 kB
20220314 061649.398 INFO             PET0 PIOc_sync Enter - MemInfo: [/proc/self/status]	VmExe:	     192 kB
20220314 061649.398 INFO             PET0 PIOc_sync Enter - MemInfo: [/proc/self/status]	VmLib:	   39524 kB
20220314 061649.398 INFO             PET0 PIOc_sync Enter - MemInfo: [/proc/self/status]	VmPTE:	     240 kB
20220314 061649.398 INFO             PET0 PIOc_sync Enter - MemInfo: [/proc/self/status]	VmPMD:	      16 kB
20220314 061649.398 INFO             PET0 PIOc_sync Enter - MemInfo: [/proc/self/status]	VmSwap:	       0 kB
20220314 061649.398 INFO             PET0 PIOc_sync Enter - MemInfo: [/proc/self/status]	VmRSSPercent: 0.0482391 %
20220314 061649.398 INFO             PET0 PIOc_sync Enter - MemInfo: [malloc] Non-mmapped space allocated:                36614144 Byte
20220314 061649.398 INFO             PET0 PIOc_sync Enter - MemInfo: [malloc] Space allocated in mmapped regions:                0 Byte
20220314 061649.398 INFO             PET0 PIOc_sync Enter - MemInfo: [malloc] Maximum total allocated space:                     0 Byte
20220314 061649.398 INFO             PET0 PIOc_sync Enter - MemInfo: [malloc] Space in freed fastbin blocks:                  1248 Byte
20220314 061649.398 INFO             PET0 PIOc_sync Enter - MemInfo: [malloc] Total allocated space:                      36498272 Byte
20220314 061649.398 INFO             PET0 PIOc_sync Enter - MemInfo: [malloc] Total free space:                             115872 Byte
20220314 061649.398 INFO             PET0 PIOc_sync Enter - MemInfo: [malloc] Top-most, releasable space:                   113984 Byte
20220314 061649.398 INFO             PET0 PIOc_sync Enter - MemInfo: [malloc] Total space in use, mmap + non-mmap:        36498272 Byte
20220314 061649.398 INFO             PET0 PIOc_sync Enter - MemInfo: [malloc] Total space held (mmap + non-mmap):         36614144 Byte
20220314 061649.398 INFO             PET0 PIOc_sync Enter - MemInfo: [malloc] Total space used (mmap + non-mmap):         36507600 Byte
20220314 061649.398 INFO             PET0 PIOc_sync Enter - MemInfo: Wall-clock time since execution start:              0.0229924 seconds
20220314 061649.398 INFO             PET0 PIOc_sync Exit - MemInfo: [/proc/meminfo - SSI]	MemTotal:       65507008 kB
20220314 061649.398 INFO             PET0 PIOc_sync Exit - MemInfo: [/proc/meminfo - SSI]	MemFree:        49816124 kB
20220314 061649.398 INFO             PET0 PIOc_sync Exit - MemInfo: [/proc/meminfo - SSI]	MemAvailable:   49572164 kB
20220314 061649.398 INFO             PET0 PIOc_sync Exit - MemInfo: [/proc/meminfo - SSI]	Committed_AS:   13133484 kB
20220314 061649.398 INFO             PET0 PIOc_sync Exit - MemInfo: [/proc/meminfo - SSI]	CommittedPercent: 20.049 %
20220314 061649.398 INFO             PET0 PIOc_sync Exit - MemInfo: [/proc/self/status]	VmPeak:	  140092 kB
20220314 061649.398 INFO             PET0 PIOc_sync Exit - MemInfo: [/proc/self/status]	VmSize:	  131904 kB
20220314 061649.398 INFO             PET0 PIOc_sync Exit - MemInfo: [/proc/self/status]	VmLck:	       0 kB
20220314 061649.398 INFO             PET0 PIOc_sync Exit - MemInfo: [/proc/self/status]	VmPin:	       0 kB
20220314 061649.398 INFO             PET0 PIOc_sync Exit - MemInfo: [/proc/self/status]	VmHWM:	   31604 kB
20220314 061649.398 INFO             PET0 PIOc_sync Exit - MemInfo: [/proc/self/status]	VmRSS:	   31604 kB
20220314 061649.398 INFO             PET0 PIOc_sync Exit - MemInfo: [/proc/self/status]	VmData:	   39080 kB
20220314 061649.398 INFO             PET0 PIOc_sync Exit - MemInfo: [/proc/self/status]	VmStk:	     144 kB
20220314 061649.398 INFO             PET0 PIOc_sync Exit - MemInfo: [/proc/self/status]	VmExe:	     192 kB
20220314 061649.398 INFO             PET0 PIOc_sync Exit - MemInfo: [/proc/self/status]	VmLib:	   39524 kB
20220314 061649.398 INFO             PET0 PIOc_sync Exit - MemInfo: [/proc/self/status]	VmPTE:	     240 kB
20220314 061649.398 INFO             PET0 PIOc_sync Exit - MemInfo: [/proc/self/status]	VmPMD:	      16 kB
20220314 061649.398 INFO             PET0 PIOc_sync Exit - MemInfo: [/proc/self/status]	VmSwap:	       0 kB
20220314 061649.398 INFO             PET0 PIOc_sync Exit - MemInfo: [/proc/self/status]	VmRSSPercent: 0.0482452 %
20220314 061649.398 INFO             PET0 PIOc_sync Exit - MemInfo: [malloc] Non-mmapped space allocated:                36614144 Byte
20220314 061649.398 INFO             PET0 PIOc_sync Exit - MemInfo: [malloc] Space allocated in mmapped regions:                0 Byte
20220314 061649.398 INFO             PET0 PIOc_sync Exit - MemInfo: [malloc] Maximum total allocated space:                     0 Byte
20220314 061649.398 INFO             PET0 PIOc_sync Exit - MemInfo: [malloc] Space in freed fastbin blocks:                   864 Byte
20220314 061649.398 INFO             PET0 PIOc_sync Exit - MemInfo: [malloc] Total allocated space:                      36497472 Byte
20220314 061649.398 INFO             PET0 PIOc_sync Exit - MemInfo: [malloc] Total free space:                             116672 Byte
20220314 061649.398 INFO             PET0 PIOc_sync Exit - MemInfo: [malloc] Top-most, releasable space:                   114064 Byte
20220314 061649.398 INFO             PET0 PIOc_sync Exit - MemInfo: [malloc] Total space in use, mmap + non-mmap:        36497472 Byte
20220314 061649.398 INFO             PET0 PIOc_sync Exit - MemInfo: [malloc] Total space held (mmap + non-mmap):         36614144 Byte
20220314 061649.398 INFO             PET0 PIOc_sync Exit - MemInfo: [malloc] Total space used (mmap + non-mmap):         36506800 Byte
20220314 061649.398 INFO             PET0 PIOc_sync Exit - MemInfo: Wall-clock time since execution start:              0.0233899 seconds
20220314 061649.398 INFO             PET0 PIOc_freedecomp Enter - MemInfo: [/proc/meminfo - SSI]	MemTotal:       65507008 kB
20220314 061649.398 INFO             PET0 PIOc_freedecomp Enter - MemInfo: [/proc/meminfo - SSI]	MemFree:        49816124 kB
20220314 061649.398 INFO             PET0 PIOc_freedecomp Enter - MemInfo: [/proc/meminfo - SSI]	MemAvailable:   49572164 kB
20220314 061649.398 INFO             PET0 PIOc_freedecomp Enter - MemInfo: [/proc/meminfo - SSI]	Committed_AS:   13133484 kB
20220314 061649.398 INFO             PET0 PIOc_freedecomp Enter - MemInfo: [/proc/meminfo - SSI]	CommittedPercent: 20.049 %
20220314 061649.398 INFO             PET0 PIOc_freedecomp Enter - MemInfo: [/proc/self/status]	VmPeak:	  140092 kB
20220314 061649.398 INFO             PET0 PIOc_freedecomp Enter - MemInfo: [/proc/self/status]	VmSize:	  131904 kB
20220314 061649.398 INFO             PET0 PIOc_freedecomp Enter - MemInfo: [/proc/self/status]	VmLck:	       0 kB
20220314 061649.398 INFO             PET0 PIOc_freedecomp Enter - MemInfo: [/proc/self/status]	VmPin:	       0 kB
20220314 061649.398 INFO             PET0 PIOc_freedecomp Enter - MemInfo: [/proc/self/status]	VmHWM:	   31604 kB
20220314 061649.398 INFO             PET0 PIOc_freedecomp Enter - MemInfo: [/proc/self/status]	VmRSS:	   31604 kB
20220314 061649.398 INFO             PET0 PIOc_freedecomp Enter - MemInfo: [/proc/self/status]	VmData:	   39080 kB
20220314 061649.398 INFO             PET0 PIOc_freedecomp Enter - MemInfo: [/proc/self/status]	VmStk:	     144 kB
20220314 061649.398 INFO             PET0 PIOc_freedecomp Enter - MemInfo: [/proc/self/status]	VmExe:	     192 kB
20220314 061649.398 INFO             PET0 PIOc_freedecomp Enter - MemInfo: [/proc/self/status]	VmLib:	   39524 kB
20220314 061649.399 INFO             PET0 PIOc_freedecomp Enter - MemInfo: [/proc/self/status]	VmPTE:	     240 kB
20220314 061649.399 INFO             PET0 PIOc_freedecomp Enter - MemInfo: [/proc/self/status]	VmPMD:	      16 kB
20220314 061649.399 INFO             PET0 PIOc_freedecomp Enter - MemInfo: [/proc/self/status]	VmSwap:	       0 kB
20220314 061649.399 INFO             PET0 PIOc_freedecomp Enter - MemInfo: [/proc/self/status]	VmRSSPercent: 0.0482452 %
20220314 061649.399 INFO             PET0 PIOc_freedecomp Enter - MemInfo: [malloc] Non-mmapped space allocated:                36614144 Byte
20220314 061649.399 INFO             PET0 PIOc_freedecomp Enter - MemInfo: [malloc] Space allocated in mmapped regions:                0 Byte
20220314 061649.399 INFO             PET0 PIOc_freedecomp Enter - MemInfo: [malloc] Maximum total allocated space:                     0 Byte
20220314 061649.399 INFO             PET0 PIOc_freedecomp Enter - MemInfo: [malloc] Space in freed fastbin blocks:                  1200 Byte
20220314 061649.399 INFO             PET0 PIOc_freedecomp Enter - MemInfo: [malloc] Total allocated space:                      19182336 Byte
20220314 061649.399 INFO             PET0 PIOc_freedecomp Enter - MemInfo: [malloc] Total free space:                           17431808 Byte
20220314 061649.399 INFO             PET0 PIOc_freedecomp Enter - MemInfo: [malloc] Top-most, releasable space:                   114064 Byte
20220314 061649.399 INFO             PET0 PIOc_freedecomp Enter - MemInfo: [malloc] Total space in use, mmap + non-mmap:        19182336 Byte
20220314 061649.399 INFO             PET0 PIOc_freedecomp Enter - MemInfo: [malloc] Total space held (mmap + non-mmap):         36614144 Byte
20220314 061649.399 INFO             PET0 PIOc_freedecomp Enter - MemInfo: [malloc] Total space used (mmap + non-mmap):         19191664 Byte
20220314 061649.399 INFO             PET0 PIOc_freedecomp Enter - MemInfo: Wall-clock time since execution start:              0.0237446 seconds
20220314 061649.399 INFO             PET0 PIOc_freedecomp Exit - MemInfo: [/proc/meminfo - SSI]	MemTotal:       65507008 kB
20220314 061649.399 INFO             PET0 PIOc_freedecomp Exit - MemInfo: [/proc/meminfo - SSI]	MemFree:        49816124 kB
20220314 061649.399 INFO             PET0 PIOc_freedecomp Exit - MemInfo: [/proc/meminfo - SSI]	MemAvailable:   49572164 kB
20220314 061649.399 INFO             PET0 PIOc_freedecomp Exit - MemInfo: [/proc/meminfo - SSI]	Committed_AS:   13133484 kB
20220314 061649.399 INFO             PET0 PIOc_freedecomp Exit - MemInfo: [/proc/meminfo - SSI]	CommittedPercent: 20.049 %
20220314 061649.399 INFO             PET0 PIOc_freedecomp Exit - MemInfo: [/proc/self/status]	VmPeak:	  140092 kB
20220314 061649.399 INFO             PET0 PIOc_freedecomp Exit - MemInfo: [/proc/self/status]	VmSize:	  131904 kB
20220314 061649.399 INFO             PET0 PIOc_freedecomp Exit - MemInfo: [/proc/self/status]	VmLck:	       0 kB
20220314 061649.399 INFO             PET0 PIOc_freedecomp Exit - MemInfo: [/proc/self/status]	VmPin:	       0 kB
20220314 061649.399 INFO             PET0 PIOc_freedecomp Exit - MemInfo: [/proc/self/status]	VmHWM:	   31604 kB
20220314 061649.399 INFO             PET0 PIOc_freedecomp Exit - MemInfo: [/proc/self/status]	VmRSS:	   31604 kB
20220314 061649.399 INFO             PET0 PIOc_freedecomp Exit - MemInfo: [/proc/self/status]	VmData:	   39080 kB
20220314 061649.399 INFO             PET0 PIOc_freedecomp Exit - MemInfo: [/proc/self/status]	VmStk:	     144 kB
20220314 061649.399 INFO             PET0 PIOc_freedecomp Exit - MemInfo: [/proc/self/status]	VmExe:	     192 kB
20220314 061649.399 INFO             PET0 PIOc_freedecomp Exit - MemInfo: [/proc/self/status]	VmLib:	   39524 kB
20220314 061649.399 INFO             PET0 PIOc_freedecomp Exit - MemInfo: [/proc/self/status]	VmPTE:	     240 kB
20220314 061649.399 INFO             PET0 PIOc_freedecomp Exit - MemInfo: [/proc/self/status]	VmPMD:	      16 kB
20220314 061649.399 INFO             PET0 PIOc_freedecomp Exit - MemInfo: [/proc/self/status]	VmSwap:	       0 kB
20220314 061649.399 INFO             PET0 PIOc_freedecomp Exit - MemInfo: [/proc/self/status]	VmRSSPercent: 0.0482452 %
20220314 061649.399 INFO             PET0 PIOc_freedecomp Exit - MemInfo: [malloc] Non-mmapped space allocated:                36614144 Byte
20220314 061649.399 INFO             PET0 PIOc_freedecomp Exit - MemInfo: [malloc] Space allocated in mmapped regions:                0 Byte
20220314 061649.399 INFO             PET0 PIOc_freedecomp Exit - MemInfo: [malloc] Maximum total allocated space:                     0 Byte
20220314 061649.399 INFO             PET0 PIOc_freedecomp Exit - MemInfo: [malloc] Space in freed fastbin blocks:                   704 Byte
20220314 061649.399 INFO             PET0 PIOc_freedecomp Exit - MemInfo: [malloc] Total allocated space:                      19177824 Byte
20220314 061649.399 INFO             PET0 PIOc_freedecomp Exit - MemInfo: [malloc] Total free space:                           17436320 Byte
20220314 061649.399 INFO             PET0 PIOc_freedecomp Exit - MemInfo: [malloc] Top-most, releasable space:                   128560 Byte
20220314 061649.399 INFO             PET0 PIOc_freedecomp Exit - MemInfo: [malloc] Total space in use, mmap + non-mmap:        19177824 Byte
20220314 061649.399 INFO             PET0 PIOc_freedecomp Exit - MemInfo: [malloc] Total space held (mmap + non-mmap):         36614144 Byte
20220314 061649.399 INFO             PET0 PIOc_freedecomp Exit - MemInfo: [malloc] Total space used (mmap + non-mmap):         19187152 Byte
20220314 061649.399 INFO             PET0 PIOc_freedecomp Exit - MemInfo: Wall-clock time since execution start:              0.0240669 seconds
20220314 061649.400 INFO             PET0 PIOc_sync Enter - MemInfo: [/proc/meminfo - SSI]	MemTotal:       65507008 kB
20220314 061649.400 INFO             PET0 PIOc_sync Enter - MemInfo: [/proc/meminfo - SSI]	MemFree:        49816124 kB
20220314 061649.400 INFO             PET0 PIOc_sync Enter - MemInfo: [/proc/meminfo - SSI]	MemAvailable:   49572164 kB
20220314 061649.400 INFO             PET0 PIOc_sync Enter - MemInfo: [/proc/meminfo - SSI]	Committed_AS:   13133484 kB
20220314 061649.400 INFO             PET0 PIOc_sync Enter - MemInfo: [/proc/meminfo - SSI]	CommittedPercent: 20.049 %
20220314 061649.400 INFO             PET0 PIOc_sync Enter - MemInfo: [/proc/self/status]	VmPeak:	  140092 kB
20220314 061649.400 INFO             PET0 PIOc_sync Enter - MemInfo: [/proc/self/status]	VmSize:	  131904 kB
20220314 061649.400 INFO             PET0 PIOc_sync Enter - MemInfo: [/proc/self/status]	VmLck:	       0 kB
20220314 061649.400 INFO             PET0 PIOc_sync Enter - MemInfo: [/proc/self/status]	VmPin:	       0 kB
20220314 061649.400 INFO             PET0 PIOc_sync Enter - MemInfo: [/proc/self/status]	VmHWM:	   31604 kB
20220314 061649.400 INFO             PET0 PIOc_sync Enter - MemInfo: [/proc/self/status]	VmRSS:	   31604 kB
20220314 061649.400 INFO             PET0 PIOc_sync Enter - MemInfo: [/proc/self/status]	VmData:	   39080 kB
20220314 061649.400 INFO             PET0 PIOc_sync Enter - MemInfo: [/proc/self/status]	VmStk:	     144 kB
20220314 061649.400 INFO             PET0 PIOc_sync Enter - MemInfo: [/proc/self/status]	VmExe:	     192 kB
20220314 061649.400 INFO             PET0 PIOc_sync Enter - MemInfo: [/proc/self/status]	VmLib:	   39524 kB
20220314 061649.400 INFO             PET0 PIOc_sync Enter - MemInfo: [/proc/self/status]	VmPTE:	     240 kB
20220314 061649.400 INFO             PET0 PIOc_sync Enter - MemInfo: [/proc/self/status]	VmPMD:	      16 kB
20220314 061649.400 INFO             PET0 PIOc_sync Enter - MemInfo: [/proc/self/status]	VmSwap:	       0 kB
20220314 061649.400 INFO             PET0 PIOc_sync Enter - MemInfo: [/proc/self/status]	VmRSSPercent: 0.0482452 %
20220314 061649.400 INFO             PET0 PIOc_sync Enter - MemInfo: [malloc] Non-mmapped space allocated:                36614144 Byte
20220314 061649.400 INFO             PET0 PIOc_sync Enter - MemInfo: [malloc] Space allocated in mmapped regions:                0 Byte
20220314 061649.400 INFO             PET0 PIOc_sync Enter - MemInfo: [malloc] Maximum total allocated space:                     0 Byte
20220314 061649.400 INFO             PET0 PIOc_sync Enter - MemInfo: [malloc] Space in freed fastbin blocks:                  1488 Byte
20220314 061649.400 INFO             PET0 PIOc_sync Enter - MemInfo: [malloc] Total allocated space:                      36498672 Byte
20220314 061649.400 INFO             PET0 PIOc_sync Enter - MemInfo: [malloc] Total free space:                             115472 Byte
20220314 061649.400 INFO             PET0 PIOc_sync Enter - MemInfo: [malloc] Top-most, releasable space:                   113280 Byte
20220314 061649.400 INFO             PET0 PIOc_sync Enter - MemInfo: [malloc] Total space in use, mmap + non-mmap:        36498672 Byte
20220314 061649.400 INFO             PET0 PIOc_sync Enter - MemInfo: [malloc] Total space held (mmap + non-mmap):         36614144 Byte
20220314 061649.400 INFO             PET0 PIOc_sync Enter - MemInfo: [malloc] Total space used (mmap + non-mmap):         36508000 Byte
20220314 061649.400 INFO             PET0 PIOc_sync Enter - MemInfo: Wall-clock time since execution start:              0.0251034 seconds
20220314 061649.402 INFO             PET0 PIOc_sync Exit - MemInfo: [/proc/meminfo - SSI]	MemTotal:       65507008 kB
20220314 061649.402 INFO             PET0 PIOc_sync Exit - MemInfo: [/proc/meminfo - SSI]	MemFree:        49816124 kB
20220314 061649.402 INFO             PET0 PIOc_sync Exit - MemInfo: [/proc/meminfo - SSI]	MemAvailable:   49572164 kB
20220314 061649.402 INFO             PET0 PIOc_sync Exit - MemInfo: [/proc/meminfo - SSI]	Committed_AS:   13133484 kB
20220314 061649.402 INFO             PET0 PIOc_sync Exit - MemInfo: [/proc/meminfo - SSI]	CommittedPercent: 20.049 %
20220314 061649.402 INFO             PET0 PIOc_sync Exit - MemInfo: [/proc/self/status]	VmPeak:	  140092 kB
20220314 061649.402 INFO             PET0 PIOc_sync Exit - MemInfo: [/proc/self/status]	VmSize:	  131904 kB
20220314 061649.402 INFO             PET0 PIOc_sync Exit - MemInfo: [/proc/self/status]	VmLck:	       0 kB
20220314 061649.402 INFO             PET0 PIOc_sync Exit - MemInfo: [/proc/self/status]	VmPin:	       0 kB
20220314 061649.402 INFO             PET0 PIOc_sync Exit - MemInfo: [/proc/self/status]	VmHWM:	   31604 kB
20220314 061649.402 INFO             PET0 PIOc_sync Exit - MemInfo: [/proc/self/status]	VmRSS:	   31604 kB
20220314 061649.402 INFO             PET0 PIOc_sync Exit - MemInfo: [/proc/self/status]	VmData:	   39080 kB
20220314 061649.402 INFO             PET0 PIOc_sync Exit - MemInfo: [/proc/self/status]	VmStk:	     144 kB
20220314 061649.402 INFO             PET0 PIOc_sync Exit - MemInfo: [/proc/self/status]	VmExe:	     192 kB
20220314 061649.402 INFO             PET0 PIOc_sync Exit - MemInfo: [/proc/self/status]	VmLib:	   39524 kB
20220314 061649.402 INFO             PET0 PIOc_sync Exit - MemInfo: [/proc/self/status]	VmPTE:	     240 kB
20220314 061649.402 INFO             PET0 PIOc_sync Exit - MemInfo: [/proc/self/status]	VmPMD:	      16 kB
20220314 061649.402 INFO             PET0 PIOc_sync Exit - MemInfo: [/proc/self/status]	VmSwap:	       0 kB
20220314 061649.402 INFO             PET0 PIOc_sync Exit - MemInfo: [/proc/self/status]	VmRSSPercent: 0.0482452 %
20220314 061649.402 INFO             PET0 PIOc_sync Exit - MemInfo: [malloc] Non-mmapped space allocated:                36614144 Byte
20220314 061649.402 INFO             PET0 PIOc_sync Exit - MemInfo: [malloc] Space allocated in mmapped regions:                0 Byte
20220314 061649.402 INFO             PET0 PIOc_sync Exit - MemInfo: [malloc] Maximum total allocated space:                     0 Byte
20220314 061649.402 INFO             PET0 PIOc_sync Exit - MemInfo: [malloc] Space in freed fastbin blocks:                   864 Byte
20220314 061649.402 INFO             PET0 PIOc_sync Exit - MemInfo: [malloc] Total allocated space:                      36497856 Byte
20220314 061649.402 INFO             PET0 PIOc_sync Exit - MemInfo: [malloc] Total free space:                             116288 Byte
20220314 061649.402 INFO             PET0 PIOc_sync Exit - MemInfo: [malloc] Top-most, releasable space:                   113696 Byte
20220314 061649.402 INFO             PET0 PIOc_sync Exit - MemInfo: [malloc] Total space in use, mmap + non-mmap:        36497856 Byte
20220314 061649.402 INFO             PET0 PIOc_sync Exit - MemInfo: [malloc] Total space held (mmap + non-mmap):         36614144 Byte
20220314 061649.402 INFO             PET0 PIOc_sync Exit - MemInfo: [malloc] Total space used (mmap + non-mmap):         36507184 Byte
20220314 061649.402 INFO             PET0 PIOc_sync Exit - MemInfo: Wall-clock time since execution start:              0.0269896 seconds
20220314 061649.402 INFO             PET0 PIOc_freedecomp Enter - MemInfo: [/proc/meminfo - SSI]	MemTotal:       65507008 kB
20220314 061649.402 INFO             PET0 PIOc_freedecomp Enter - MemInfo: [/proc/meminfo - SSI]	MemFree:        49816124 kB
20220314 061649.402 INFO             PET0 PIOc_freedecomp Enter - MemInfo: [/proc/meminfo - SSI]	MemAvailable:   49572164 kB
20220314 061649.402 INFO             PET0 PIOc_freedecomp Enter - MemInfo: [/proc/meminfo - SSI]	Committed_AS:   13133484 kB
20220314 061649.402 INFO             PET0 PIOc_freedecomp Enter - MemInfo: [/proc/meminfo - SSI]	CommittedPercent: 20.049 %
20220314 061649.402 INFO             PET0 PIOc_freedecomp Enter - MemInfo: [/proc/self/status]	VmPeak:	  140092 kB
20220314 061649.402 INFO             PET0 PIOc_freedecomp Enter - MemInfo: [/proc/self/status]	VmSize:	  131904 kB
20220314 061649.402 INFO             PET0 PIOc_freedecomp Enter - MemInfo: [/proc/self/status]	VmLck:	       0 kB
20220314 061649.402 INFO             PET0 PIOc_freedecomp Enter - MemInfo: [/proc/self/status]	VmPin:	       0 kB
20220314 061649.402 INFO             PET0 PIOc_freedecomp Enter - MemInfo: [/proc/self/status]	VmHWM:	   31604 kB
20220314 061649.402 INFO             PET0 PIOc_freedecomp Enter - MemInfo: [/proc/self/status]	VmRSS:	   31604 kB
20220314 061649.402 INFO             PET0 PIOc_freedecomp Enter - MemInfo: [/proc/self/status]	VmData:	   39080 kB
20220314 061649.402 INFO             PET0 PIOc_freedecomp Enter - MemInfo: [/proc/self/status]	VmStk:	     144 kB
20220314 061649.402 INFO             PET0 PIOc_freedecomp Enter - MemInfo: [/proc/self/status]	VmExe:	     192 kB
20220314 061649.402 INFO             PET0 PIOc_freedecomp Enter - MemInfo: [/proc/self/status]	VmLib:	   39524 kB
20220314 061649.402 INFO             PET0 PIOc_freedecomp Enter - MemInfo: [/proc/self/status]	VmPTE:	     240 kB
20220314 061649.402 INFO             PET0 PIOc_freedecomp Enter - MemInfo: [/proc/self/status]	VmPMD:	      16 kB
20220314 061649.402 INFO             PET0 PIOc_freedecomp Enter - MemInfo: [/proc/self/status]	VmSwap:	       0 kB
20220314 061649.402 INFO             PET0 PIOc_freedecomp Enter - MemInfo: [/proc/self/status]	VmRSSPercent: 0.0482452 %
20220314 061649.402 INFO             PET0 PIOc_freedecomp Enter - MemInfo: [malloc] Non-mmapped space allocated:                36614144 Byte
20220314 061649.402 INFO             PET0 PIOc_freedecomp Enter - MemInfo: [malloc] Space allocated in mmapped regions:                0 Byte
20220314 061649.402 INFO             PET0 PIOc_freedecomp Enter - MemInfo: [malloc] Maximum total allocated space:                     0 Byte
20220314 061649.402 INFO             PET0 PIOc_freedecomp Enter - MemInfo: [malloc] Space in freed fastbin blocks:                  1200 Byte
20220314 061649.402 INFO             PET0 PIOc_freedecomp Enter - MemInfo: [malloc] Total allocated space:                      19182320 Byte
20220314 061649.402 INFO             PET0 PIOc_freedecomp Enter - MemInfo: [malloc] Total free space:                           17431824 Byte
20220314 061649.402 INFO             PET0 PIOc_freedecomp Enter - MemInfo: [malloc] Top-most, releasable space:                   113696 Byte
20220314 061649.402 INFO             PET0 PIOc_freedecomp Enter - MemInfo: [malloc] Total space in use, mmap + non-mmap:        19182320 Byte
20220314 061649.402 INFO             PET0 PIOc_freedecomp Enter - MemInfo: [malloc] Total space held (mmap + non-mmap):         36614144 Byte
20220314 061649.402 INFO             PET0 PIOc_freedecomp Enter - MemInfo: [malloc] Total space used (mmap + non-mmap):         19191648 Byte
20220314 061649.402 INFO             PET0 PIOc_freedecomp Enter - MemInfo: Wall-clock time since execution start:              0.0274102 seconds
20220314 061649.402 INFO             PET0 PIOc_freedecomp Exit - MemInfo: [/proc/meminfo - SSI]	MemTotal:       65507008 kB
20220314 061649.402 INFO             PET0 PIOc_freedecomp Exit - MemInfo: [/proc/meminfo - SSI]	MemFree:        49816124 kB
20220314 061649.402 INFO             PET0 PIOc_freedecomp Exit - MemInfo: [/proc/meminfo - SSI]	MemAvailable:   49572164 kB
20220314 061649.402 INFO             PET0 PIOc_freedecomp Exit - MemInfo: [/proc/meminfo - SSI]	Committed_AS:   13133484 kB
20220314 061649.402 INFO             PET0 PIOc_freedecomp Exit - MemInfo: [/proc/meminfo - SSI]	CommittedPercent: 20.049 %
20220314 061649.402 INFO             PET0 PIOc_freedecomp Exit - MemInfo: [/proc/self/status]	VmPeak:	  140092 kB
20220314 061649.402 INFO             PET0 PIOc_freedecomp Exit - MemInfo: [/proc/self/status]	VmSize:	  131904 kB
20220314 061649.402 INFO             PET0 PIOc_freedecomp Exit - MemInfo: [/proc/self/status]	VmLck:	       0 kB
20220314 061649.402 INFO             PET0 PIOc_freedecomp Exit - MemInfo: [/proc/self/status]	VmPin:	       0 kB
20220314 061649.402 INFO             PET0 PIOc_freedecomp Exit - MemInfo: [/proc/self/status]	VmHWM:	   31604 kB
20220314 061649.402 INFO             PET0 PIOc_freedecomp Exit - MemInfo: [/proc/self/status]	VmRSS:	   31604 kB
20220314 061649.402 INFO             PET0 PIOc_freedecomp Exit - MemInfo: [/proc/self/status]	VmData:	   39080 kB
20220314 061649.402 INFO             PET0 PIOc_freedecomp Exit - MemInfo: [/proc/self/status]	VmStk:	     144 kB
20220314 061649.402 INFO             PET0 PIOc_freedecomp Exit - MemInfo: [/proc/self/status]	VmExe:	     192 kB
20220314 061649.402 INFO             PET0 PIOc_freedecomp Exit - MemInfo: [/proc/self/status]	VmLib:	   39524 kB
20220314 061649.402 INFO             PET0 PIOc_freedecomp Exit - MemInfo: [/proc/self/status]	VmPTE:	     240 kB
20220314 061649.403 INFO             PET0 PIOc_freedecomp Exit - MemInfo: [/proc/self/status]	VmPMD:	      16 kB
20220314 061649.403 INFO             PET0 PIOc_freedecomp Exit - MemInfo: [/proc/self/status]	VmSwap:	       0 kB
20220314 061649.403 INFO             PET0 PIOc_freedecomp Exit - MemInfo: [/proc/self/status]	VmRSSPercent: 0.0482452 %
20220314 061649.403 INFO             PET0 PIOc_freedecomp Exit - MemInfo: [malloc] Non-mmapped space allocated:                36614144 Byte
20220314 061649.403 INFO             PET0 PIOc_freedecomp Exit - MemInfo: [malloc] Space allocated in mmapped regions:                0 Byte
20220314 061649.403 INFO             PET0 PIOc_freedecomp Exit - MemInfo: [malloc] Maximum total allocated space:                     0 Byte
20220314 061649.403 INFO             PET0 PIOc_freedecomp Exit - MemInfo: [malloc] Space in freed fastbin blocks:                   880 Byte
20220314 061649.403 INFO             PET0 PIOc_freedecomp Exit - MemInfo: [malloc] Total allocated space:                      19177808 Byte
20220314 061649.403 INFO             PET0 PIOc_freedecomp Exit - MemInfo: [malloc] Total free space:                           17436336 Byte
20220314 061649.403 INFO             PET0 PIOc_freedecomp Exit - MemInfo: [malloc] Top-most, releasable space:                   128560 Byte
20220314 061649.403 INFO             PET0 PIOc_freedecomp Exit - MemInfo: [malloc] Total space in use, mmap + non-mmap:        19177808 Byte
20220314 061649.403 INFO             PET0 PIOc_freedecomp Exit - MemInfo: [malloc] Total space held (mmap + non-mmap):         36614144 Byte
20220314 061649.403 INFO             PET0 PIOc_freedecomp Exit - MemInfo: [malloc] Total space used (mmap + non-mmap):         19187136 Byte
20220314 061649.403 INFO             PET0 PIOc_freedecomp Exit - MemInfo: Wall-clock time since execution start:              0.0277336 seconds
20220314 061649.403 INFO             PET0 PASS ESMC_FieldRegridStoreFile test, ESMC_FieldSMMFromFileUTest.C, line 199
20220314 061649.409 INFO             PET0 PASS ESMC_FieldSMMStore from File test, ESMC_FieldSMMFromFileUTest.C, line 229
20220314 061649.409 INFO             PET0 PASS ESMC_FieldSMMStore From File validation, ESMC_FieldSMMFromFileUTest.C, line 257
20220314 061649.409 INFO             PET0 PASS ESMC_FieldRegridRelease, ESMC_FieldSMMFromFileUTest.C, line 271
20220314 061649.409 INFO             PET0 Ending Test, file ESMC_FieldSMMFromFileUTest.C, line 289
20220314 061649.409 INFO             PET0 Finalizing ESMF
20220314 061649.376 INFO             PET1 !!!!!!!!!!!!!!!!!!!!!!!!!!!!!!!!!!!!!!!!!!!!!!!!!!!!!!
20220314 061649.376 INFO             PET1 !!! THE ESMF_LOG IS SET TO OUTPUT ALL LOG MESSAGES !!!
20220314 061649.376 INFO             PET1 !!!     THIS MAY CAUSE SLOWDOWN IN PERFORMANCE     !!!
20220314 061649.376 INFO             PET1 !!! FOR PRODUCTION RUNS, USE:                      !!!
20220314 061649.376 INFO             PET1 !!!                   ESMF_LOGKIND_Multi_On_Error  !!!
20220314 061649.376 INFO             PET1 !!!!!!!!!!!!!!!!!!!!!!!!!!!!!!!!!!!!!!!!!!!!!!!!!!!!!!
20220314 061649.376 INFO             PET1 Running with ESMF Version   : v8.3.0b09-96-g559b459836
20220314 061649.376 INFO             PET1 ESMF library build date/time: "Mar 14 2022" "06:03:07"
20220314 061649.376 INFO             PET1 ESMF library build location : /glade/scratch/rlong/esmf-testing/gfortran_10.1.0_mpt_O_jedwards_pio_update2
20220314 061649.376 INFO             PET1 ESMF_COMM                   : mpt
20220314 061649.376 INFO             PET1 ESMF_MOAB                   : enabled
20220314 061649.376 INFO             PET1 ESMF_LAPACK                 : enabled
20220314 061649.376 INFO             PET1 ESMF_NETCDF                 : enabled
20220314 061649.376 INFO             PET1 ESMF_PNETCDF                : disabled
20220314 061649.376 INFO             PET1 ESMF_PIO                    : enabled
20220314 061649.376 INFO             PET1 ESMF_YAMLCPP                : enabled
20220314 061649.376 INFO             PET1 Beginning Test, file ESMC_FieldSMMFromFileUTest.C, line 41
20220314 061649.376 INFO             PET1 Beginning Test, file ESMC_FieldSMMFromFileUTest.C, line 41NUMBER_OF_PROCESSORS 4
20220314 061649.391 INFO             PET1 PIOc_sync Enter - MemInfo: [/proc/meminfo - SSI]	MemTotal:       65507008 kB
20220314 061649.391 INFO             PET1 PIOc_sync Enter - MemInfo: [/proc/meminfo - SSI]	MemFree:        49817132 kB
20220314 061649.391 INFO             PET1 PIOc_sync Enter - MemInfo: [/proc/meminfo - SSI]	MemAvailable:   49573140 kB
20220314 061649.391 INFO             PET1 PIOc_sync Enter - MemInfo: [/proc/meminfo - SSI]	Committed_AS:   13133484 kB
20220314 061649.391 INFO             PET1 PIOc_sync Enter - MemInfo: [/proc/meminfo - SSI]	CommittedPercent: 20.049 %
20220314 061649.391 INFO             PET1 PIOc_sync Enter - MemInfo: [/proc/self/status]	VmPeak:	  115200 kB
20220314 061649.391 INFO             PET1 PIOc_sync Enter - MemInfo: [/proc/self/status]	VmSize:	  115200 kB
20220314 061649.391 INFO             PET1 PIOc_sync Enter - MemInfo: [/proc/self/status]	VmLck:	       0 kB
20220314 061649.391 INFO             PET1 PIOc_sync Enter - MemInfo: [/proc/self/status]	VmPin:	       0 kB
20220314 061649.391 INFO             PET1 PIOc_sync Enter - MemInfo: [/proc/self/status]	VmHWM:	   13348 kB
20220314 061649.391 INFO             PET1 PIOc_sync Enter - MemInfo: [/proc/self/status]	VmRSS:	   13348 kB
20220314 061649.391 INFO             PET1 PIOc_sync Enter - MemInfo: [/proc/self/status]	VmData:	   22376 kB
20220314 061649.391 INFO             PET1 PIOc_sync Enter - MemInfo: [/proc/self/status]	VmStk:	     144 kB
20220314 061649.391 INFO             PET1 PIOc_sync Enter - MemInfo: [/proc/self/status]	VmExe:	     192 kB
20220314 061649.391 INFO             PET1 PIOc_sync Enter - MemInfo: [/proc/self/status]	VmLib:	   39524 kB
20220314 061649.391 INFO             PET1 PIOc_sync Enter - MemInfo: [/proc/self/status]	VmPTE:	     208 kB
20220314 061649.391 INFO             PET1 PIOc_sync Enter - MemInfo: [/proc/self/status]	VmPMD:	      16 kB
20220314 061649.391 INFO             PET1 PIOc_sync Enter - MemInfo: [/proc/self/status]	VmSwap:	       0 kB
20220314 061649.391 INFO             PET1 PIOc_sync Enter - MemInfo: [/proc/self/status]	VmRSSPercent: 0.0203764 %
20220314 061649.391 INFO             PET1 PIOc_sync Enter - MemInfo: [malloc] Non-mmapped space allocated:                19509248 Byte
20220314 061649.391 INFO             PET1 PIOc_sync Enter - MemInfo: [malloc] Space allocated in mmapped regions:                0 Byte
20220314 061649.395 INFO             PET1 PIOc_sync Enter - MemInfo: [malloc] Maximum total allocated space:                     0 Byte
20220314 061649.395 INFO             PET1 PIOc_sync Enter - MemInfo: [malloc] Space in freed fastbin blocks:                  2880 Byte
20220314 061649.395 INFO             PET1 PIOc_sync Enter - MemInfo: [malloc] Total allocated space:                      19015968 Byte
20220314 061649.395 INFO             PET1 PIOc_sync Enter - MemInfo: [malloc] Total free space:                             493280 Byte
20220314 061649.395 INFO             PET1 PIOc_sync Enter - MemInfo: [malloc] Top-most, releasable space:                   453152 Byte
20220314 061649.395 INFO             PET1 PIOc_sync Enter - MemInfo: [malloc] Total space in use, mmap + non-mmap:        19015968 Byte
20220314 061649.395 INFO             PET1 PIOc_sync Enter - MemInfo: [malloc] Total space held (mmap + non-mmap):         19509248 Byte
20220314 061649.395 INFO             PET1 PIOc_sync Enter - MemInfo: [malloc] Total space used (mmap + non-mmap):         19025296 Byte
20220314 061649.395 INFO             PET1 PIOc_sync Enter - MemInfo: Wall-clock time since execution start:              0.0204541 seconds
20220314 061649.395 INFO             PET1 PIOc_sync Exit - MemInfo: [/proc/meminfo - SSI]	MemTotal:       65507008 kB
20220314 061649.396 INFO             PET1 PIOc_sync Exit - MemInfo: [/proc/meminfo - SSI]	MemFree:        49816628 kB
20220314 061649.396 INFO             PET1 PIOc_sync Exit - MemInfo: [/proc/meminfo - SSI]	MemAvailable:   49572668 kB
20220314 061649.396 INFO             PET1 PIOc_sync Exit - MemInfo: [/proc/meminfo - SSI]	Committed_AS:   13133484 kB
20220314 061649.396 INFO             PET1 PIOc_sync Exit - MemInfo: [/proc/meminfo - SSI]	CommittedPercent: 20.049 %
20220314 061649.396 INFO             PET1 PIOc_sync Exit - MemInfo: [/proc/self/status]	VmPeak:	  115200 kB
20220314 061649.396 INFO             PET1 PIOc_sync Exit - MemInfo: [/proc/self/status]	VmSize:	  115200 kB
20220314 061649.396 INFO             PET1 PIOc_sync Exit - MemInfo: [/proc/self/status]	VmLck:	       0 kB
20220314 061649.396 INFO             PET1 PIOc_sync Exit - MemInfo: [/proc/self/status]	VmPin:	       0 kB
20220314 061649.396 INFO             PET1 PIOc_sync Exit - MemInfo: [/proc/self/status]	VmHWM:	   13396 kB
20220314 061649.396 INFO             PET1 PIOc_sync Exit - MemInfo: [/proc/self/status]	VmRSS:	   13396 kB
20220314 061649.396 INFO             PET1 PIOc_sync Exit - MemInfo: [/proc/self/status]	VmData:	   22376 kB
20220314 061649.396 INFO             PET1 PIOc_sync Exit - MemInfo: [/proc/self/status]	VmStk:	     144 kB
20220314 061649.396 INFO             PET1 PIOc_sync Exit - MemInfo: [/proc/self/status]	VmExe:	     192 kB
20220314 061649.396 INFO             PET1 PIOc_sync Exit - MemInfo: [/proc/self/status]	VmLib:	   39524 kB
20220314 061649.396 INFO             PET1 PIOc_sync Exit - MemInfo: [/proc/self/status]	VmPTE:	     208 kB
20220314 061649.396 INFO             PET1 PIOc_sync Exit - MemInfo: [/proc/self/status]	VmPMD:	      16 kB
20220314 061649.396 INFO             PET1 PIOc_sync Exit - MemInfo: [/proc/self/status]	VmSwap:	       0 kB
20220314 061649.396 INFO             PET1 PIOc_sync Exit - MemInfo: [/proc/self/status]	VmRSSPercent: 0.0204497 %
20220314 061649.396 INFO             PET1 PIOc_sync Exit - MemInfo: [malloc] Non-mmapped space allocated:                19509248 Byte
20220314 061649.396 INFO             PET1 PIOc_sync Exit - MemInfo: [malloc] Space allocated in mmapped regions:                0 Byte
20220314 061649.396 INFO             PET1 PIOc_sync Exit - MemInfo: [malloc] Maximum total allocated space:                     0 Byte
20220314 061649.396 INFO             PET1 PIOc_sync Exit - MemInfo: [malloc] Space in freed fastbin blocks:                  1904 Byte
20220314 061649.396 INFO             PET1 PIOc_sync Exit - MemInfo: [malloc] Total allocated space:                      19014736 Byte
20220314 061649.396 INFO             PET1 PIOc_sync Exit - MemInfo: [malloc] Total free space:                             494512 Byte
20220314 061649.396 INFO             PET1 PIOc_sync Exit - MemInfo: [malloc] Top-most, releasable space:                   453152 Byte
20220314 061649.396 INFO             PET1 PIOc_sync Exit - MemInfo: [malloc] Total space in use, mmap + non-mmap:        19014736 Byte
20220314 061649.396 INFO             PET1 PIOc_sync Exit - MemInfo: [malloc] Total space held (mmap + non-mmap):         19509248 Byte
20220314 061649.396 INFO             PET1 PIOc_sync Exit - MemInfo: [malloc] Total space used (mmap + non-mmap):         19024064 Byte
20220314 061649.396 INFO             PET1 PIOc_sync Exit - MemInfo: Wall-clock time since execution start:              0.0209051 seconds
20220314 061649.396 INFO             PET1 PIOc_freedecomp Enter - MemInfo: [/proc/meminfo - SSI]	MemTotal:       65507008 kB
20220314 061649.396 INFO             PET1 PIOc_freedecomp Enter - MemInfo: [/proc/meminfo - SSI]	MemFree:        49816628 kB
20220314 061649.396 INFO             PET1 PIOc_freedecomp Enter - MemInfo: [/proc/meminfo - SSI]	MemAvailable:   49572668 kB
20220314 061649.396 INFO             PET1 PIOc_freedecomp Enter - MemInfo: [/proc/meminfo - SSI]	Committed_AS:   13133484 kB
20220314 061649.396 INFO             PET1 PIOc_freedecomp Enter - MemInfo: [/proc/meminfo - SSI]	CommittedPercent: 20.049 %
20220314 061649.396 INFO             PET1 PIOc_freedecomp Enter - MemInfo: [/proc/self/status]	VmPeak:	  115200 kB
20220314 061649.396 INFO             PET1 PIOc_freedecomp Enter - MemInfo: [/proc/self/status]	VmSize:	  115200 kB
20220314 061649.396 INFO             PET1 PIOc_freedecomp Enter - MemInfo: [/proc/self/status]	VmLck:	       0 kB
20220314 061649.396 INFO             PET1 PIOc_freedecomp Enter - MemInfo: [/proc/self/status]	VmPin:	       0 kB
20220314 061649.396 INFO             PET1 PIOc_freedecomp Enter - MemInfo: [/proc/self/status]	VmHWM:	   13396 kB
20220314 061649.396 INFO             PET1 PIOc_freedecomp Enter - MemInfo: [/proc/self/status]	VmRSS:	   13396 kB
20220314 061649.396 INFO             PET1 PIOc_freedecomp Enter - MemInfo: [/proc/self/status]	VmData:	   22376 kB
20220314 061649.396 INFO             PET1 PIOc_freedecomp Enter - MemInfo: [/proc/self/status]	VmStk:	     144 kB
20220314 061649.396 INFO             PET1 PIOc_freedecomp Enter - MemInfo: [/proc/self/status]	VmExe:	     192 kB
20220314 061649.396 INFO             PET1 PIOc_freedecomp Enter - MemInfo: [/proc/self/status]	VmLib:	   39524 kB
20220314 061649.396 INFO             PET1 PIOc_freedecomp Enter - MemInfo: [/proc/self/status]	VmPTE:	     208 kB
20220314 061649.396 INFO             PET1 PIOc_freedecomp Enter - MemInfo: [/proc/self/status]	VmPMD:	      16 kB
20220314 061649.396 INFO             PET1 PIOc_freedecomp Enter - MemInfo: [/proc/self/status]	VmSwap:	       0 kB
20220314 061649.396 INFO             PET1 PIOc_freedecomp Enter - MemInfo: [/proc/self/status]	VmRSSPercent: 0.0204497 %
20220314 061649.396 INFO             PET1 PIOc_freedecomp Enter - MemInfo: [malloc] Non-mmapped space allocated:                19509248 Byte
20220314 061649.396 INFO             PET1 PIOc_freedecomp Enter - MemInfo: [malloc] Space allocated in mmapped regions:                0 Byte
20220314 061649.396 INFO             PET1 PIOc_freedecomp Enter - MemInfo: [malloc] Maximum total allocated space:                     0 Byte
20220314 061649.396 INFO             PET1 PIOc_freedecomp Enter - MemInfo: [malloc] Space in freed fastbin blocks:                  1712 Byte
20220314 061649.396 INFO             PET1 PIOc_freedecomp Enter - MemInfo: [malloc] Total allocated space:                      19013040 Byte
20220314 061649.396 INFO             PET1 PIOc_freedecomp Enter - MemInfo: [malloc] Total free space:                             496208 Byte
20220314 061649.396 INFO             PET1 PIOc_freedecomp Enter - MemInfo: [malloc] Top-most, releasable space:                   453152 Byte
20220314 061649.396 INFO             PET1 PIOc_freedecomp Enter - MemInfo: [malloc] Total space in use, mmap + non-mmap:        19013040 Byte
20220314 061649.396 INFO             PET1 PIOc_freedecomp Enter - MemInfo: [malloc] Total space held (mmap + non-mmap):         19509248 Byte
20220314 061649.396 INFO             PET1 PIOc_freedecomp Enter - MemInfo: [malloc] Total space used (mmap + non-mmap):         19022368 Byte
20220314 061649.396 INFO             PET1 PIOc_freedecomp Enter - MemInfo: Wall-clock time since execution start:              0.0212724 seconds
20220314 061649.396 INFO             PET1 PIOc_freedecomp Exit - MemInfo: [/proc/meminfo - SSI]	MemTotal:       65507008 kB
20220314 061649.396 INFO             PET1 PIOc_freedecomp Exit - MemInfo: [/proc/meminfo - SSI]	MemFree:        49816628 kB
20220314 061649.396 INFO             PET1 PIOc_freedecomp Exit - MemInfo: [/proc/meminfo - SSI]	MemAvailable:   49572668 kB
20220314 061649.396 INFO             PET1 PIOc_freedecomp Exit - MemInfo: [/proc/meminfo - SSI]	Committed_AS:   13133484 kB
20220314 061649.396 INFO             PET1 PIOc_freedecomp Exit - MemInfo: [/proc/meminfo - SSI]	CommittedPercent: 20.049 %
20220314 061649.396 INFO             PET1 PIOc_freedecomp Exit - MemInfo: [/proc/self/status]	VmPeak:	  115200 kB
20220314 061649.396 INFO             PET1 PIOc_freedecomp Exit - MemInfo: [/proc/self/status]	VmSize:	  115200 kB
20220314 061649.396 INFO             PET1 PIOc_freedecomp Exit - MemInfo: [/proc/self/status]	VmLck:	       0 kB
20220314 061649.396 INFO             PET1 PIOc_freedecomp Exit - MemInfo: [/proc/self/status]	VmPin:	       0 kB
20220314 061649.396 INFO             PET1 PIOc_freedecomp Exit - MemInfo: [/proc/self/status]	VmHWM:	   13400 kB
20220314 061649.396 INFO             PET1 PIOc_freedecomp Exit - MemInfo: [/proc/self/status]	VmRSS:	   13400 kB
20220314 061649.396 INFO             PET1 PIOc_freedecomp Exit - MemInfo: [/proc/self/status]	VmData:	   22376 kB
20220314 061649.396 INFO             PET1 PIOc_freedecomp Exit - MemInfo: [/proc/self/status]	VmStk:	     144 kB
20220314 061649.396 INFO             PET1 PIOc_freedecomp Exit - MemInfo: [/proc/self/status]	VmExe:	     192 kB
20220314 061649.396 INFO             PET1 PIOc_freedecomp Exit - MemInfo: [/proc/self/status]	VmLib:	   39524 kB
20220314 061649.396 INFO             PET1 PIOc_freedecomp Exit - MemInfo: [/proc/self/status]	VmPTE:	     208 kB
20220314 061649.396 INFO             PET1 PIOc_freedecomp Exit - MemInfo: [/proc/self/status]	VmPMD:	      16 kB
20220314 061649.396 INFO             PET1 PIOc_freedecomp Exit - MemInfo: [/proc/self/status]	VmSwap:	       0 kB
20220314 061649.396 INFO             PET1 PIOc_freedecomp Exit - MemInfo: [/proc/self/status]	VmRSSPercent: 0.0204558 %
20220314 061649.396 INFO             PET1 PIOc_freedecomp Exit - MemInfo: [malloc] Non-mmapped space allocated:                19509248 Byte
20220314 061649.396 INFO             PET1 PIOc_freedecomp Exit - MemInfo: [malloc] Space allocated in mmapped regions:                0 Byte
20220314 061649.396 INFO             PET1 PIOc_freedecomp Exit - MemInfo: [malloc] Maximum total allocated space:                     0 Byte
20220314 061649.396 INFO             PET1 PIOc_freedecomp Exit - MemInfo: [malloc] Space in freed fastbin blocks:                  1968 Byte
20220314 061649.396 INFO             PET1 PIOc_freedecomp Exit - MemInfo: [malloc] Total allocated space:                      19010768 Byte
20220314 061649.396 INFO             PET1 PIOc_freedecomp Exit - MemInfo: [malloc] Total free space:                             498480 Byte
20220314 061649.396 INFO             PET1 PIOc_freedecomp Exit - MemInfo: [malloc] Top-most, releasable space:                   453152 Byte
20220314 061649.396 INFO             PET1 PIOc_freedecomp Exit - MemInfo: [malloc] Total space in use, mmap + non-mmap:        19010768 Byte
20220314 061649.396 INFO             PET1 PIOc_freedecomp Exit - MemInfo: [malloc] Total space held (mmap + non-mmap):         19509248 Byte
20220314 061649.397 INFO             PET1 PIOc_freedecomp Exit - MemInfo: [malloc] Total space used (mmap + non-mmap):         19020096 Byte
20220314 061649.397 INFO             PET1 PIOc_freedecomp Exit - MemInfo: Wall-clock time since execution start:              0.0216183 seconds
20220314 061649.398 INFO             PET1 PIOc_sync Enter - MemInfo: [/proc/meminfo - SSI]	MemTotal:       65507008 kB
20220314 061649.398 INFO             PET1 PIOc_sync Enter - MemInfo: [/proc/meminfo - SSI]	MemFree:        49816124 kB
20220314 061649.398 INFO             PET1 PIOc_sync Enter - MemInfo: [/proc/meminfo - SSI]	MemAvailable:   49572164 kB
20220314 061649.398 INFO             PET1 PIOc_sync Enter - MemInfo: [/proc/meminfo - SSI]	Committed_AS:   13133484 kB
20220314 061649.398 INFO             PET1 PIOc_sync Enter - MemInfo: [/proc/meminfo - SSI]	CommittedPercent: 20.049 %
20220314 061649.398 INFO             PET1 PIOc_sync Enter - MemInfo: [/proc/self/status]	VmPeak:	  115200 kB
20220314 061649.398 INFO             PET1 PIOc_sync Enter - MemInfo: [/proc/self/status]	VmSize:	  115200 kB
20220314 061649.398 INFO             PET1 PIOc_sync Enter - MemInfo: [/proc/self/status]	VmLck:	       0 kB
20220314 061649.398 INFO             PET1 PIOc_sync Enter - MemInfo: [/proc/self/status]	VmPin:	       0 kB
20220314 061649.398 INFO             PET1 PIOc_sync Enter - MemInfo: [/proc/self/status]	VmHWM:	   13408 kB
20220314 061649.398 INFO             PET1 PIOc_sync Enter - MemInfo: [/proc/self/status]	VmRSS:	   13408 kB
20220314 061649.398 INFO             PET1 PIOc_sync Enter - MemInfo: [/proc/self/status]	VmData:	   22376 kB
20220314 061649.398 INFO             PET1 PIOc_sync Enter - MemInfo: [/proc/self/status]	VmStk:	     144 kB
20220314 061649.398 INFO             PET1 PIOc_sync Enter - MemInfo: [/proc/self/status]	VmExe:	     192 kB
20220314 061649.398 INFO             PET1 PIOc_sync Enter - MemInfo: [/proc/self/status]	VmLib:	   39524 kB
20220314 061649.398 INFO             PET1 PIOc_sync Enter - MemInfo: [/proc/self/status]	VmPTE:	     208 kB
20220314 061649.398 INFO             PET1 PIOc_sync Enter - MemInfo: [/proc/self/status]	VmPMD:	      16 kB
20220314 061649.398 INFO             PET1 PIOc_sync Enter - MemInfo: [/proc/self/status]	VmSwap:	       0 kB
20220314 061649.398 INFO             PET1 PIOc_sync Enter - MemInfo: [/proc/self/status]	VmRSSPercent: 0.020468 %
20220314 061649.398 INFO             PET1 PIOc_sync Enter - MemInfo: [malloc] Non-mmapped space allocated:                19509248 Byte
20220314 061649.398 INFO             PET1 PIOc_sync Enter - MemInfo: [malloc] Space allocated in mmapped regions:                0 Byte
20220314 061649.398 INFO             PET1 PIOc_sync Enter - MemInfo: [malloc] Maximum total allocated space:                     0 Byte
20220314 061649.398 INFO             PET1 PIOc_sync Enter - MemInfo: [malloc] Space in freed fastbin blocks:                  2832 Byte
20220314 061649.398 INFO             PET1 PIOc_sync Enter - MemInfo: [malloc] Total allocated space:                      19015904 Byte
20220314 061649.398 INFO             PET1 PIOc_sync Enter - MemInfo: [malloc] Total free space:                             493344 Byte
20220314 061649.398 INFO             PET1 PIOc_sync Enter - MemInfo: [malloc] Top-most, releasable space:                   453152 Byte
20220314 061649.398 INFO             PET1 PIOc_sync Enter - MemInfo: [malloc] Total space in use, mmap + non-mmap:        19015904 Byte
20220314 061649.398 INFO             PET1 PIOc_sync Enter - MemInfo: [malloc] Total space held (mmap + non-mmap):         19509248 Byte
20220314 061649.398 INFO             PET1 PIOc_sync Enter - MemInfo: [malloc] Total space used (mmap + non-mmap):         19025232 Byte
20220314 061649.398 INFO             PET1 PIOc_sync Enter - MemInfo: Wall-clock time since execution start:              0.0229898 seconds
20220314 061649.398 INFO             PET1 PIOc_sync Exit - MemInfo: [/proc/meminfo - SSI]	MemTotal:       65507008 kB
20220314 061649.398 INFO             PET1 PIOc_sync Exit - MemInfo: [/proc/meminfo - SSI]	MemFree:        49816124 kB
20220314 061649.398 INFO             PET1 PIOc_sync Exit - MemInfo: [/proc/meminfo - SSI]	MemAvailable:   49572164 kB
20220314 061649.398 INFO             PET1 PIOc_sync Exit - MemInfo: [/proc/meminfo - SSI]	Committed_AS:   13133484 kB
20220314 061649.398 INFO             PET1 PIOc_sync Exit - MemInfo: [/proc/meminfo - SSI]	CommittedPercent: 20.049 %
20220314 061649.398 INFO             PET1 PIOc_sync Exit - MemInfo: [/proc/self/status]	VmPeak:	  115200 kB
20220314 061649.398 INFO             PET1 PIOc_sync Exit - MemInfo: [/proc/self/status]	VmSize:	  115200 kB
20220314 061649.398 INFO             PET1 PIOc_sync Exit - MemInfo: [/proc/self/status]	VmLck:	       0 kB
20220314 061649.398 INFO             PET1 PIOc_sync Exit - MemInfo: [/proc/self/status]	VmPin:	       0 kB
20220314 061649.398 INFO             PET1 PIOc_sync Exit - MemInfo: [/proc/self/status]	VmHWM:	   13408 kB
20220314 061649.398 INFO             PET1 PIOc_sync Exit - MemInfo: [/proc/self/status]	VmRSS:	   13408 kB
20220314 061649.398 INFO             PET1 PIOc_sync Exit - MemInfo: [/proc/self/status]	VmData:	   22376 kB
20220314 061649.398 INFO             PET1 PIOc_sync Exit - MemInfo: [/proc/self/status]	VmStk:	     144 kB
20220314 061649.398 INFO             PET1 PIOc_sync Exit - MemInfo: [/proc/self/status]	VmExe:	     192 kB
20220314 061649.398 INFO             PET1 PIOc_sync Exit - MemInfo: [/proc/self/status]	VmLib:	   39524 kB
20220314 061649.398 INFO             PET1 PIOc_sync Exit - MemInfo: [/proc/self/status]	VmPTE:	     208 kB
20220314 061649.398 INFO             PET1 PIOc_sync Exit - MemInfo: [/proc/self/status]	VmPMD:	      16 kB
20220314 061649.398 INFO             PET1 PIOc_sync Exit - MemInfo: [/proc/self/status]	VmSwap:	       0 kB
20220314 061649.398 INFO             PET1 PIOc_sync Exit - MemInfo: [/proc/self/status]	VmRSSPercent: 0.020468 %
20220314 061649.398 INFO             PET1 PIOc_sync Exit - MemInfo: [malloc] Non-mmapped space allocated:                19509248 Byte
20220314 061649.398 INFO             PET1 PIOc_sync Exit - MemInfo: [malloc] Space allocated in mmapped regions:                0 Byte
20220314 061649.398 INFO             PET1 PIOc_sync Exit - MemInfo: [malloc] Maximum total allocated space:                     0 Byte
20220314 061649.398 INFO             PET1 PIOc_sync Exit - MemInfo: [malloc] Space in freed fastbin blocks:                  1760 Byte
20220314 061649.398 INFO             PET1 PIOc_sync Exit - MemInfo: [malloc] Total allocated space:                      19014928 Byte
20220314 061649.398 INFO             PET1 PIOc_sync Exit - MemInfo: [malloc] Total free space:                             494320 Byte
20220314 061649.398 INFO             PET1 PIOc_sync Exit - MemInfo: [malloc] Top-most, releasable space:                   453152 Byte
20220314 061649.398 INFO             PET1 PIOc_sync Exit - MemInfo: [malloc] Total space in use, mmap + non-mmap:        19014928 Byte
20220314 061649.398 INFO             PET1 PIOc_sync Exit - MemInfo: [malloc] Total space held (mmap + non-mmap):         19509248 Byte
20220314 061649.398 INFO             PET1 PIOc_sync Exit - MemInfo: [malloc] Total space used (mmap + non-mmap):         19024256 Byte
20220314 061649.398 INFO             PET1 PIOc_sync Exit - MemInfo: Wall-clock time since execution start:              0.0233796 seconds
20220314 061649.398 INFO             PET1 PIOc_freedecomp Enter - MemInfo: [/proc/meminfo - SSI]	MemTotal:       65507008 kB
20220314 061649.398 INFO             PET1 PIOc_freedecomp Enter - MemInfo: [/proc/meminfo - SSI]	MemFree:        49816124 kB
20220314 061649.398 INFO             PET1 PIOc_freedecomp Enter - MemInfo: [/proc/meminfo - SSI]	MemAvailable:   49572164 kB
20220314 061649.398 INFO             PET1 PIOc_freedecomp Enter - MemInfo: [/proc/meminfo - SSI]	Committed_AS:   13133484 kB
20220314 061649.398 INFO             PET1 PIOc_freedecomp Enter - MemInfo: [/proc/meminfo - SSI]	CommittedPercent: 20.049 %
20220314 061649.398 INFO             PET1 PIOc_freedecomp Enter - MemInfo: [/proc/self/status]	VmPeak:	  115200 kB
20220314 061649.398 INFO             PET1 PIOc_freedecomp Enter - MemInfo: [/proc/self/status]	VmSize:	  115200 kB
20220314 061649.398 INFO             PET1 PIOc_freedecomp Enter - MemInfo: [/proc/self/status]	VmLck:	       0 kB
20220314 061649.398 INFO             PET1 PIOc_freedecomp Enter - MemInfo: [/proc/self/status]	VmPin:	       0 kB
20220314 061649.398 INFO             PET1 PIOc_freedecomp Enter - MemInfo: [/proc/self/status]	VmHWM:	   13408 kB
20220314 061649.398 INFO             PET1 PIOc_freedecomp Enter - MemInfo: [/proc/self/status]	VmRSS:	   13408 kB
20220314 061649.398 INFO             PET1 PIOc_freedecomp Enter - MemInfo: [/proc/self/status]	VmData:	   22376 kB
20220314 061649.398 INFO             PET1 PIOc_freedecomp Enter - MemInfo: [/proc/self/status]	VmStk:	     144 kB
20220314 061649.398 INFO             PET1 PIOc_freedecomp Enter - MemInfo: [/proc/self/status]	VmExe:	     192 kB
20220314 061649.398 INFO             PET1 PIOc_freedecomp Enter - MemInfo: [/proc/self/status]	VmLib:	   39524 kB
20220314 061649.399 INFO             PET1 PIOc_freedecomp Enter - MemInfo: [/proc/self/status]	VmPTE:	     208 kB
20220314 061649.399 INFO             PET1 PIOc_freedecomp Enter - MemInfo: [/proc/self/status]	VmPMD:	      16 kB
20220314 061649.399 INFO             PET1 PIOc_freedecomp Enter - MemInfo: [/proc/self/status]	VmSwap:	       0 kB
20220314 061649.399 INFO             PET1 PIOc_freedecomp Enter - MemInfo: [/proc/self/status]	VmRSSPercent: 0.020468 %
20220314 061649.399 INFO             PET1 PIOc_freedecomp Enter - MemInfo: [malloc] Non-mmapped space allocated:                19509248 Byte
20220314 061649.399 INFO             PET1 PIOc_freedecomp Enter - MemInfo: [malloc] Space allocated in mmapped regions:                0 Byte
20220314 061649.399 INFO             PET1 PIOc_freedecomp Enter - MemInfo: [malloc] Maximum total allocated space:                     0 Byte
20220314 061649.399 INFO             PET1 PIOc_freedecomp Enter - MemInfo: [malloc] Space in freed fastbin blocks:                  1808 Byte
20220314 061649.399 INFO             PET1 PIOc_freedecomp Enter - MemInfo: [malloc] Total allocated space:                      19013056 Byte
20220314 061649.399 INFO             PET1 PIOc_freedecomp Enter - MemInfo: [malloc] Total free space:                             496192 Byte
20220314 061649.399 INFO             PET1 PIOc_freedecomp Enter - MemInfo: [malloc] Top-most, releasable space:                   453152 Byte
20220314 061649.399 INFO             PET1 PIOc_freedecomp Enter - MemInfo: [malloc] Total space in use, mmap + non-mmap:        19013056 Byte
20220314 061649.399 INFO             PET1 PIOc_freedecomp Enter - MemInfo: [malloc] Total space held (mmap + non-mmap):         19509248 Byte
20220314 061649.399 INFO             PET1 PIOc_freedecomp Enter - MemInfo: [malloc] Total space used (mmap + non-mmap):         19022384 Byte
20220314 061649.399 INFO             PET1 PIOc_freedecomp Enter - MemInfo: Wall-clock time since execution start:              0.0237384 seconds
20220314 061649.399 INFO             PET1 PIOc_freedecomp Exit - MemInfo: [/proc/meminfo - SSI]	MemTotal:       65507008 kB
20220314 061649.399 INFO             PET1 PIOc_freedecomp Exit - MemInfo: [/proc/meminfo - SSI]	MemFree:        49816124 kB
20220314 061649.399 INFO             PET1 PIOc_freedecomp Exit - MemInfo: [/proc/meminfo - SSI]	MemAvailable:   49572164 kB
20220314 061649.399 INFO             PET1 PIOc_freedecomp Exit - MemInfo: [/proc/meminfo - SSI]	Committed_AS:   13133484 kB
20220314 061649.399 INFO             PET1 PIOc_freedecomp Exit - MemInfo: [/proc/meminfo - SSI]	CommittedPercent: 20.049 %
20220314 061649.399 INFO             PET1 PIOc_freedecomp Exit - MemInfo: [/proc/self/status]	VmPeak:	  115200 kB
20220314 061649.399 INFO             PET1 PIOc_freedecomp Exit - MemInfo: [/proc/self/status]	VmSize:	  115200 kB
20220314 061649.399 INFO             PET1 PIOc_freedecomp Exit - MemInfo: [/proc/self/status]	VmLck:	       0 kB
20220314 061649.399 INFO             PET1 PIOc_freedecomp Exit - MemInfo: [/proc/self/status]	VmPin:	       0 kB
20220314 061649.399 INFO             PET1 PIOc_freedecomp Exit - MemInfo: [/proc/self/status]	VmHWM:	   13408 kB
20220314 061649.399 INFO             PET1 PIOc_freedecomp Exit - MemInfo: [/proc/self/status]	VmRSS:	   13408 kB
20220314 061649.399 INFO             PET1 PIOc_freedecomp Exit - MemInfo: [/proc/self/status]	VmData:	   22376 kB
20220314 061649.399 INFO             PET1 PIOc_freedecomp Exit - MemInfo: [/proc/self/status]	VmStk:	     144 kB
20220314 061649.399 INFO             PET1 PIOc_freedecomp Exit - MemInfo: [/proc/self/status]	VmExe:	     192 kB
20220314 061649.399 INFO             PET1 PIOc_freedecomp Exit - MemInfo: [/proc/self/status]	VmLib:	   39524 kB
20220314 061649.399 INFO             PET1 PIOc_freedecomp Exit - MemInfo: [/proc/self/status]	VmPTE:	     208 kB
20220314 061649.399 INFO             PET1 PIOc_freedecomp Exit - MemInfo: [/proc/self/status]	VmPMD:	      16 kB
20220314 061649.399 INFO             PET1 PIOc_freedecomp Exit - MemInfo: [/proc/self/status]	VmSwap:	       0 kB
20220314 061649.399 INFO             PET1 PIOc_freedecomp Exit - MemInfo: [/proc/self/status]	VmRSSPercent: 0.020468 %
20220314 061649.399 INFO             PET1 PIOc_freedecomp Exit - MemInfo: [malloc] Non-mmapped space allocated:                19509248 Byte
20220314 061649.399 INFO             PET1 PIOc_freedecomp Exit - MemInfo: [malloc] Space allocated in mmapped regions:                0 Byte
20220314 061649.399 INFO             PET1 PIOc_freedecomp Exit - MemInfo: [malloc] Maximum total allocated space:                     0 Byte
20220314 061649.399 INFO             PET1 PIOc_freedecomp Exit - MemInfo: [malloc] Space in freed fastbin blocks:                  1840 Byte
20220314 061649.399 INFO             PET1 PIOc_freedecomp Exit - MemInfo: [malloc] Total allocated space:                      19010784 Byte
20220314 061649.399 INFO             PET1 PIOc_freedecomp Exit - MemInfo: [malloc] Total free space:                             498464 Byte
20220314 061649.399 INFO             PET1 PIOc_freedecomp Exit - MemInfo: [malloc] Top-most, releasable space:                   453152 Byte
20220314 061649.399 INFO             PET1 PIOc_freedecomp Exit - MemInfo: [malloc] Total space in use, mmap + non-mmap:        19010784 Byte
20220314 061649.399 INFO             PET1 PIOc_freedecomp Exit - MemInfo: [malloc] Total space held (mmap + non-mmap):         19509248 Byte
20220314 061649.399 INFO             PET1 PIOc_freedecomp Exit - MemInfo: [malloc] Total space used (mmap + non-mmap):         19020112 Byte
20220314 061649.399 INFO             PET1 PIOc_freedecomp Exit - MemInfo: Wall-clock time since execution start:              0.0240582 seconds
20220314 061649.400 INFO             PET1 PIOc_sync Enter - MemInfo: [/proc/meminfo - SSI]	MemTotal:       65507008 kB
20220314 061649.400 INFO             PET1 PIOc_sync Enter - MemInfo: [/proc/meminfo - SSI]	MemFree:        49816124 kB
20220314 061649.400 INFO             PET1 PIOc_sync Enter - MemInfo: [/proc/meminfo - SSI]	MemAvailable:   49572164 kB
20220314 061649.400 INFO             PET1 PIOc_sync Enter - MemInfo: [/proc/meminfo - SSI]	Committed_AS:   13133484 kB
20220314 061649.400 INFO             PET1 PIOc_sync Enter - MemInfo: [/proc/meminfo - SSI]	CommittedPercent: 20.049 %
20220314 061649.400 INFO             PET1 PIOc_sync Enter - MemInfo: [/proc/self/status]	VmPeak:	  115200 kB
20220314 061649.400 INFO             PET1 PIOc_sync Enter - MemInfo: [/proc/self/status]	VmSize:	  115200 kB
20220314 061649.400 INFO             PET1 PIOc_sync Enter - MemInfo: [/proc/self/status]	VmLck:	       0 kB
20220314 061649.400 INFO             PET1 PIOc_sync Enter - MemInfo: [/proc/self/status]	VmPin:	       0 kB
20220314 061649.400 INFO             PET1 PIOc_sync Enter - MemInfo: [/proc/self/status]	VmHWM:	   13408 kB
20220314 061649.400 INFO             PET1 PIOc_sync Enter - MemInfo: [/proc/self/status]	VmRSS:	   13408 kB
20220314 061649.400 INFO             PET1 PIOc_sync Enter - MemInfo: [/proc/self/status]	VmData:	   22376 kB
20220314 061649.400 INFO             PET1 PIOc_sync Enter - MemInfo: [/proc/self/status]	VmStk:	     144 kB
20220314 061649.400 INFO             PET1 PIOc_sync Enter - MemInfo: [/proc/self/status]	VmExe:	     192 kB
20220314 061649.400 INFO             PET1 PIOc_sync Enter - MemInfo: [/proc/self/status]	VmLib:	   39524 kB
20220314 061649.400 INFO             PET1 PIOc_sync Enter - MemInfo: [/proc/self/status]	VmPTE:	     208 kB
20220314 061649.400 INFO             PET1 PIOc_sync Enter - MemInfo: [/proc/self/status]	VmPMD:	      16 kB
20220314 061649.400 INFO             PET1 PIOc_sync Enter - MemInfo: [/proc/self/status]	VmSwap:	       0 kB
20220314 061649.400 INFO             PET1 PIOc_sync Enter - MemInfo: [/proc/self/status]	VmRSSPercent: 0.020468 %
20220314 061649.400 INFO             PET1 PIOc_sync Enter - MemInfo: [malloc] Non-mmapped space allocated:                19509248 Byte
20220314 061649.400 INFO             PET1 PIOc_sync Enter - MemInfo: [malloc] Space allocated in mmapped regions:                0 Byte
20220314 061649.400 INFO             PET1 PIOc_sync Enter - MemInfo: [malloc] Maximum total allocated space:                     0 Byte
20220314 061649.400 INFO             PET1 PIOc_sync Enter - MemInfo: [malloc] Space in freed fastbin blocks:                  2912 Byte
20220314 061649.400 INFO             PET1 PIOc_sync Enter - MemInfo: [malloc] Total allocated space:                      19016048 Byte
20220314 061649.400 INFO             PET1 PIOc_sync Enter - MemInfo: [malloc] Total free space:                             493200 Byte
20220314 061649.400 INFO             PET1 PIOc_sync Enter - MemInfo: [malloc] Top-most, releasable space:                   453152 Byte
20220314 061649.400 INFO             PET1 PIOc_sync Enter - MemInfo: [malloc] Total space in use, mmap + non-mmap:        19016048 Byte
20220314 061649.400 INFO             PET1 PIOc_sync Enter - MemInfo: [malloc] Total space held (mmap + non-mmap):         19509248 Byte
20220314 061649.400 INFO             PET1 PIOc_sync Enter - MemInfo: [malloc] Total space used (mmap + non-mmap):         19025376 Byte
20220314 061649.400 INFO             PET1 PIOc_sync Enter - MemInfo: Wall-clock time since execution start:              0.0251004 seconds
20220314 061649.402 INFO             PET1 PIOc_sync Exit - MemInfo: [/proc/meminfo - SSI]	MemTotal:       65507008 kB
20220314 061649.402 INFO             PET1 PIOc_sync Exit - MemInfo: [/proc/meminfo - SSI]	MemFree:        49816124 kB
20220314 061649.402 INFO             PET1 PIOc_sync Exit - MemInfo: [/proc/meminfo - SSI]	MemAvailable:   49572164 kB
20220314 061649.402 INFO             PET1 PIOc_sync Exit - MemInfo: [/proc/meminfo - SSI]	Committed_AS:   13133484 kB
20220314 061649.402 INFO             PET1 PIOc_sync Exit - MemInfo: [/proc/meminfo - SSI]	CommittedPercent: 20.049 %
20220314 061649.402 INFO             PET1 PIOc_sync Exit - MemInfo: [/proc/self/status]	VmPeak:	  115200 kB
20220314 061649.402 INFO             PET1 PIOc_sync Exit - MemInfo: [/proc/self/status]	VmSize:	  115200 kB
20220314 061649.402 INFO             PET1 PIOc_sync Exit - MemInfo: [/proc/self/status]	VmLck:	       0 kB
20220314 061649.402 INFO             PET1 PIOc_sync Exit - MemInfo: [/proc/self/status]	VmPin:	       0 kB
20220314 061649.402 INFO             PET1 PIOc_sync Exit - MemInfo: [/proc/self/status]	VmHWM:	   13408 kB
20220314 061649.402 INFO             PET1 PIOc_sync Exit - MemInfo: [/proc/self/status]	VmRSS:	   13408 kB
20220314 061649.402 INFO             PET1 PIOc_sync Exit - MemInfo: [/proc/self/status]	VmData:	   22376 kB
20220314 061649.402 INFO             PET1 PIOc_sync Exit - MemInfo: [/proc/self/status]	VmStk:	     144 kB
20220314 061649.402 INFO             PET1 PIOc_sync Exit - MemInfo: [/proc/self/status]	VmExe:	     192 kB
20220314 061649.402 INFO             PET1 PIOc_sync Exit - MemInfo: [/proc/self/status]	VmLib:	   39524 kB
20220314 061649.402 INFO             PET1 PIOc_sync Exit - MemInfo: [/proc/self/status]	VmPTE:	     208 kB
20220314 061649.402 INFO             PET1 PIOc_sync Exit - MemInfo: [/proc/self/status]	VmPMD:	      16 kB
20220314 061649.402 INFO             PET1 PIOc_sync Exit - MemInfo: [/proc/self/status]	VmSwap:	       0 kB
20220314 061649.402 INFO             PET1 PIOc_sync Exit - MemInfo: [/proc/self/status]	VmRSSPercent: 0.020468 %
20220314 061649.402 INFO             PET1 PIOc_sync Exit - MemInfo: [malloc] Non-mmapped space allocated:                19509248 Byte
20220314 061649.402 INFO             PET1 PIOc_sync Exit - MemInfo: [malloc] Space allocated in mmapped regions:                0 Byte
20220314 061649.402 INFO             PET1 PIOc_sync Exit - MemInfo: [malloc] Maximum total allocated space:                     0 Byte
20220314 061649.402 INFO             PET1 PIOc_sync Exit - MemInfo: [malloc] Space in freed fastbin blocks:                  1744 Byte
20220314 061649.402 INFO             PET1 PIOc_sync Exit - MemInfo: [malloc] Total allocated space:                      19015088 Byte
20220314 061649.402 INFO             PET1 PIOc_sync Exit - MemInfo: [malloc] Total free space:                             494160 Byte
20220314 061649.402 INFO             PET1 PIOc_sync Exit - MemInfo: [malloc] Top-most, releasable space:                   453152 Byte
20220314 061649.402 INFO             PET1 PIOc_sync Exit - MemInfo: [malloc] Total space in use, mmap + non-mmap:        19015088 Byte
20220314 061649.402 INFO             PET1 PIOc_sync Exit - MemInfo: [malloc] Total space held (mmap + non-mmap):         19509248 Byte
20220314 061649.402 INFO             PET1 PIOc_sync Exit - MemInfo: [malloc] Total space used (mmap + non-mmap):         19024416 Byte
20220314 061649.402 INFO             PET1 PIOc_sync Exit - MemInfo: Wall-clock time since execution start:              0.0269827 seconds
20220314 061649.402 INFO             PET1 PIOc_freedecomp Enter - MemInfo: [/proc/meminfo - SSI]	MemTotal:       65507008 kB
20220314 061649.402 INFO             PET1 PIOc_freedecomp Enter - MemInfo: [/proc/meminfo - SSI]	MemFree:        49816124 kB
20220314 061649.402 INFO             PET1 PIOc_freedecomp Enter - MemInfo: [/proc/meminfo - SSI]	MemAvailable:   49572164 kB
20220314 061649.402 INFO             PET1 PIOc_freedecomp Enter - MemInfo: [/proc/meminfo - SSI]	Committed_AS:   13133484 kB
20220314 061649.402 INFO             PET1 PIOc_freedecomp Enter - MemInfo: [/proc/meminfo - SSI]	CommittedPercent: 20.049 %
20220314 061649.402 INFO             PET1 PIOc_freedecomp Enter - MemInfo: [/proc/self/status]	VmPeak:	  115200 kB
20220314 061649.402 INFO             PET1 PIOc_freedecomp Enter - MemInfo: [/proc/self/status]	VmSize:	  115200 kB
20220314 061649.402 INFO             PET1 PIOc_freedecomp Enter - MemInfo: [/proc/self/status]	VmLck:	       0 kB
20220314 061649.402 INFO             PET1 PIOc_freedecomp Enter - MemInfo: [/proc/self/status]	VmPin:	       0 kB
20220314 061649.402 INFO             PET1 PIOc_freedecomp Enter - MemInfo: [/proc/self/status]	VmHWM:	   13408 kB
20220314 061649.402 INFO             PET1 PIOc_freedecomp Enter - MemInfo: [/proc/self/status]	VmRSS:	   13408 kB
20220314 061649.402 INFO             PET1 PIOc_freedecomp Enter - MemInfo: [/proc/self/status]	VmData:	   22376 kB
20220314 061649.402 INFO             PET1 PIOc_freedecomp Enter - MemInfo: [/proc/self/status]	VmStk:	     144 kB
20220314 061649.402 INFO             PET1 PIOc_freedecomp Enter - MemInfo: [/proc/self/status]	VmExe:	     192 kB
20220314 061649.402 INFO             PET1 PIOc_freedecomp Enter - MemInfo: [/proc/self/status]	VmLib:	   39524 kB
20220314 061649.402 INFO             PET1 PIOc_freedecomp Enter - MemInfo: [/proc/self/status]	VmPTE:	     208 kB
20220314 061649.402 INFO             PET1 PIOc_freedecomp Enter - MemInfo: [/proc/self/status]	VmPMD:	      16 kB
20220314 061649.402 INFO             PET1 PIOc_freedecomp Enter - MemInfo: [/proc/self/status]	VmSwap:	       0 kB
20220314 061649.402 INFO             PET1 PIOc_freedecomp Enter - MemInfo: [/proc/self/status]	VmRSSPercent: 0.020468 %
20220314 061649.402 INFO             PET1 PIOc_freedecomp Enter - MemInfo: [malloc] Non-mmapped space allocated:                19509248 Byte
20220314 061649.402 INFO             PET1 PIOc_freedecomp Enter - MemInfo: [malloc] Space allocated in mmapped regions:                0 Byte
20220314 061649.402 INFO             PET1 PIOc_freedecomp Enter - MemInfo: [malloc] Maximum total allocated space:                     0 Byte
20220314 061649.402 INFO             PET1 PIOc_freedecomp Enter - MemInfo: [malloc] Space in freed fastbin blocks:                  1456 Byte
20220314 061649.402 INFO             PET1 PIOc_freedecomp Enter - MemInfo: [malloc] Total allocated space:                      19013072 Byte
20220314 061649.402 INFO             PET1 PIOc_freedecomp Enter - MemInfo: [malloc] Total free space:                             496176 Byte
20220314 061649.402 INFO             PET1 PIOc_freedecomp Enter - MemInfo: [malloc] Top-most, releasable space:                   453152 Byte
20220314 061649.402 INFO             PET1 PIOc_freedecomp Enter - MemInfo: [malloc] Total space in use, mmap + non-mmap:        19013072 Byte
20220314 061649.402 INFO             PET1 PIOc_freedecomp Enter - MemInfo: [malloc] Total space held (mmap + non-mmap):         19509248 Byte
20220314 061649.402 INFO             PET1 PIOc_freedecomp Enter - MemInfo: [malloc] Total space used (mmap + non-mmap):         19022400 Byte
20220314 061649.402 INFO             PET1 PIOc_freedecomp Enter - MemInfo: Wall-clock time since execution start:              0.0274025 seconds
20220314 061649.402 INFO             PET1 PIOc_freedecomp Exit - MemInfo: [/proc/meminfo - SSI]	MemTotal:       65507008 kB
20220314 061649.402 INFO             PET1 PIOc_freedecomp Exit - MemInfo: [/proc/meminfo - SSI]	MemFree:        49816124 kB
20220314 061649.402 INFO             PET1 PIOc_freedecomp Exit - MemInfo: [/proc/meminfo - SSI]	MemAvailable:   49572164 kB
20220314 061649.402 INFO             PET1 PIOc_freedecomp Exit - MemInfo: [/proc/meminfo - SSI]	Committed_AS:   13133484 kB
20220314 061649.402 INFO             PET1 PIOc_freedecomp Exit - MemInfo: [/proc/meminfo - SSI]	CommittedPercent: 20.049 %
20220314 061649.402 INFO             PET1 PIOc_freedecomp Exit - MemInfo: [/proc/self/status]	VmPeak:	  115200 kB
20220314 061649.402 INFO             PET1 PIOc_freedecomp Exit - MemInfo: [/proc/self/status]	VmSize:	  115200 kB
20220314 061649.402 INFO             PET1 PIOc_freedecomp Exit - MemInfo: [/proc/self/status]	VmLck:	       0 kB
20220314 061649.402 INFO             PET1 PIOc_freedecomp Exit - MemInfo: [/proc/self/status]	VmPin:	       0 kB
20220314 061649.402 INFO             PET1 PIOc_freedecomp Exit - MemInfo: [/proc/self/status]	VmHWM:	   13408 kB
20220314 061649.402 INFO             PET1 PIOc_freedecomp Exit - MemInfo: [/proc/self/status]	VmRSS:	   13408 kB
20220314 061649.402 INFO             PET1 PIOc_freedecomp Exit - MemInfo: [/proc/self/status]	VmData:	   22376 kB
20220314 061649.402 INFO             PET1 PIOc_freedecomp Exit - MemInfo: [/proc/self/status]	VmStk:	     144 kB
20220314 061649.402 INFO             PET1 PIOc_freedecomp Exit - MemInfo: [/proc/self/status]	VmExe:	     192 kB
20220314 061649.402 INFO             PET1 PIOc_freedecomp Exit - MemInfo: [/proc/self/status]	VmLib:	   39524 kB
20220314 061649.402 INFO             PET1 PIOc_freedecomp Exit - MemInfo: [/proc/self/status]	VmPTE:	     208 kB
20220314 061649.402 INFO             PET1 PIOc_freedecomp Exit - MemInfo: [/proc/self/status]	VmPMD:	      16 kB
20220314 061649.403 INFO             PET1 PIOc_freedecomp Exit - MemInfo: [/proc/self/status]	VmSwap:	       0 kB
20220314 061649.403 INFO             PET1 PIOc_freedecomp Exit - MemInfo: [/proc/self/status]	VmRSSPercent: 0.020468 %
20220314 061649.403 INFO             PET1 PIOc_freedecomp Exit - MemInfo: [malloc] Non-mmapped space allocated:                19509248 Byte
20220314 061649.403 INFO             PET1 PIOc_freedecomp Exit - MemInfo: [malloc] Space allocated in mmapped regions:                0 Byte
20220314 061649.403 INFO             PET1 PIOc_freedecomp Exit - MemInfo: [malloc] Maximum total allocated space:                     0 Byte
20220314 061649.403 INFO             PET1 PIOc_freedecomp Exit - MemInfo: [malloc] Space in freed fastbin blocks:                  1728 Byte
20220314 061649.403 INFO             PET1 PIOc_freedecomp Exit - MemInfo: [malloc] Total allocated space:                      19010784 Byte
20220314 061649.403 INFO             PET1 PIOc_freedecomp Exit - MemInfo: [malloc] Total free space:                             498464 Byte
20220314 061649.403 INFO             PET1 PIOc_freedecomp Exit - MemInfo: [malloc] Top-most, releasable space:                   453152 Byte
20220314 061649.403 INFO             PET1 PIOc_freedecomp Exit - MemInfo: [malloc] Total space in use, mmap + non-mmap:        19010784 Byte
20220314 061649.403 INFO             PET1 PIOc_freedecomp Exit - MemInfo: [malloc] Total space held (mmap + non-mmap):         19509248 Byte
20220314 061649.403 INFO             PET1 PIOc_freedecomp Exit - MemInfo: [malloc] Total space used (mmap + non-mmap):         19020112 Byte
20220314 061649.403 INFO             PET1 PIOc_freedecomp Exit - MemInfo: Wall-clock time since execution start:              0.0277219 seconds
20220314 061649.403 INFO             PET1 PASS ESMC_FieldRegridStoreFile test, ESMC_FieldSMMFromFileUTest.C, line 199
20220314 061649.409 INFO             PET1 PASS ESMC_FieldSMMStore from File test, ESMC_FieldSMMFromFileUTest.C, line 229
20220314 061649.409 INFO             PET1 PASS ESMC_FieldSMMStore From File validation, ESMC_FieldSMMFromFileUTest.C, line 257
20220314 061649.409 INFO             PET1 PASS ESMC_FieldRegridRelease, ESMC_FieldSMMFromFileUTest.C, line 271
20220314 061649.409 INFO             PET1 Ending Test, file ESMC_FieldSMMFromFileUTest.C, line 289
20220314 061649.409 INFO             PET1 Finalizing ESMF
20220314 061649.376 INFO             PET2 !!!!!!!!!!!!!!!!!!!!!!!!!!!!!!!!!!!!!!!!!!!!!!!!!!!!!!
20220314 061649.376 INFO             PET2 !!! THE ESMF_LOG IS SET TO OUTPUT ALL LOG MESSAGES !!!
20220314 061649.376 INFO             PET2 !!!     THIS MAY CAUSE SLOWDOWN IN PERFORMANCE     !!!
20220314 061649.376 INFO             PET2 !!! FOR PRODUCTION RUNS, USE:                      !!!
20220314 061649.376 INFO             PET2 !!!                   ESMF_LOGKIND_Multi_On_Error  !!!
20220314 061649.376 INFO             PET2 !!!!!!!!!!!!!!!!!!!!!!!!!!!!!!!!!!!!!!!!!!!!!!!!!!!!!!
20220314 061649.376 INFO             PET2 Running with ESMF Version   : v8.3.0b09-96-g559b459836
20220314 061649.376 INFO             PET2 ESMF library build date/time: "Mar 14 2022" "06:03:07"
20220314 061649.376 INFO             PET2 ESMF library build location : /glade/scratch/rlong/esmf-testing/gfortran_10.1.0_mpt_O_jedwards_pio_update2
20220314 061649.376 INFO             PET2 ESMF_COMM                   : mpt
20220314 061649.376 INFO             PET2 ESMF_MOAB                   : enabled
20220314 061649.376 INFO             PET2 ESMF_LAPACK                 : enabled
20220314 061649.376 INFO             PET2 ESMF_NETCDF                 : enabled
20220314 061649.376 INFO             PET2 ESMF_PNETCDF                : disabled
20220314 061649.376 INFO             PET2 ESMF_PIO                    : enabled
20220314 061649.376 INFO             PET2 ESMF_YAMLCPP                : enabled
20220314 061649.376 INFO             PET2 Beginning Test, file ESMC_FieldSMMFromFileUTest.C, line 41
20220314 061649.376 INFO             PET2 Beginning Test, file ESMC_FieldSMMFromFileUTest.C, line 41NUMBER_OF_PROCESSORS 4
20220314 061649.391 INFO             PET2 PIOc_sync Enter - MemInfo: [/proc/meminfo - SSI]	MemTotal:       65507008 kB
20220314 061649.391 INFO             PET2 PIOc_sync Enter - MemInfo: [/proc/meminfo - SSI]	MemFree:        49817132 kB
20220314 061649.391 INFO             PET2 PIOc_sync Enter - MemInfo: [/proc/meminfo - SSI]	MemAvailable:   49573140 kB
20220314 061649.391 INFO             PET2 PIOc_sync Enter - MemInfo: [/proc/meminfo - SSI]	Committed_AS:   13133484 kB
20220314 061649.391 INFO             PET2 PIOc_sync Enter - MemInfo: [/proc/meminfo - SSI]	CommittedPercent: 20.049 %
20220314 061649.391 INFO             PET2 PIOc_sync Enter - MemInfo: [/proc/self/status]	VmPeak:	  115200 kB
20220314 061649.391 INFO             PET2 PIOc_sync Enter - MemInfo: [/proc/self/status]	VmSize:	  115200 kB
20220314 061649.391 INFO             PET2 PIOc_sync Enter - MemInfo: [/proc/self/status]	VmLck:	       0 kB
20220314 061649.391 INFO             PET2 PIOc_sync Enter - MemInfo: [/proc/self/status]	VmPin:	       0 kB
20220314 061649.391 INFO             PET2 PIOc_sync Enter - MemInfo: [/proc/self/status]	VmHWM:	   13348 kB
20220314 061649.391 INFO             PET2 PIOc_sync Enter - MemInfo: [/proc/self/status]	VmRSS:	   13348 kB
20220314 061649.391 INFO             PET2 PIOc_sync Enter - MemInfo: [/proc/self/status]	VmData:	   22376 kB
20220314 061649.391 INFO             PET2 PIOc_sync Enter - MemInfo: [/proc/self/status]	VmStk:	     144 kB
20220314 061649.391 INFO             PET2 PIOc_sync Enter - MemInfo: [/proc/self/status]	VmExe:	     192 kB
20220314 061649.391 INFO             PET2 PIOc_sync Enter - MemInfo: [/proc/self/status]	VmLib:	   39524 kB
20220314 061649.391 INFO             PET2 PIOc_sync Enter - MemInfo: [/proc/self/status]	VmPTE:	     208 kB
20220314 061649.391 INFO             PET2 PIOc_sync Enter - MemInfo: [/proc/self/status]	VmPMD:	      16 kB
20220314 061649.391 INFO             PET2 PIOc_sync Enter - MemInfo: [/proc/self/status]	VmSwap:	       0 kB
20220314 061649.391 INFO             PET2 PIOc_sync Enter - MemInfo: [/proc/self/status]	VmRSSPercent: 0.0203764 %
20220314 061649.391 INFO             PET2 PIOc_sync Enter - MemInfo: [malloc] Non-mmapped space allocated:                19509248 Byte
20220314 061649.391 INFO             PET2 PIOc_sync Enter - MemInfo: [malloc] Space allocated in mmapped regions:                0 Byte
20220314 061649.394 INFO             PET2 PIOc_sync Enter - MemInfo: [malloc] Maximum total allocated space:                     0 Byte
20220314 061649.394 INFO             PET2 PIOc_sync Enter - MemInfo: [malloc] Space in freed fastbin blocks:                  2912 Byte
20220314 061649.394 INFO             PET2 PIOc_sync Enter - MemInfo: [malloc] Total allocated space:                      19016160 Byte
20220314 061649.394 INFO             PET2 PIOc_sync Enter - MemInfo: [malloc] Total free space:                             493088 Byte
20220314 061649.394 INFO             PET2 PIOc_sync Enter - MemInfo: [malloc] Top-most, releasable space:                   451744 Byte
20220314 061649.394 INFO             PET2 PIOc_sync Enter - MemInfo: [malloc] Total space in use, mmap + non-mmap:        19016160 Byte
20220314 061649.394 INFO             PET2 PIOc_sync Enter - MemInfo: [malloc] Total space held (mmap + non-mmap):         19509248 Byte
20220314 061649.394 INFO             PET2 PIOc_sync Enter - MemInfo: [malloc] Total space used (mmap + non-mmap):         19025488 Byte
20220314 061649.394 INFO             PET2 PIOc_sync Enter - MemInfo: Wall-clock time since execution start:               0.019534 seconds
20220314 061649.395 INFO             PET2 PIOc_sync Exit - MemInfo: [/proc/meminfo - SSI]	MemTotal:       65507008 kB
20220314 061649.396 INFO             PET2 PIOc_sync Exit - MemInfo: [/proc/meminfo - SSI]	MemFree:        49816628 kB
20220314 061649.396 INFO             PET2 PIOc_sync Exit - MemInfo: [/proc/meminfo - SSI]	MemAvailable:   49572668 kB
20220314 061649.396 INFO             PET2 PIOc_sync Exit - MemInfo: [/proc/meminfo - SSI]	Committed_AS:   13133484 kB
20220314 061649.396 INFO             PET2 PIOc_sync Exit - MemInfo: [/proc/meminfo - SSI]	CommittedPercent: 20.049 %
20220314 061649.396 INFO             PET2 PIOc_sync Exit - MemInfo: [/proc/self/status]	VmPeak:	  115200 kB
20220314 061649.396 INFO             PET2 PIOc_sync Exit - MemInfo: [/proc/self/status]	VmSize:	  115200 kB
20220314 061649.396 INFO             PET2 PIOc_sync Exit - MemInfo: [/proc/self/status]	VmLck:	       0 kB
20220314 061649.396 INFO             PET2 PIOc_sync Exit - MemInfo: [/proc/self/status]	VmPin:	       0 kB
20220314 061649.396 INFO             PET2 PIOc_sync Exit - MemInfo: [/proc/self/status]	VmHWM:	   13396 kB
20220314 061649.396 INFO             PET2 PIOc_sync Exit - MemInfo: [/proc/self/status]	VmRSS:	   13396 kB
20220314 061649.396 INFO             PET2 PIOc_sync Exit - MemInfo: [/proc/self/status]	VmData:	   22376 kB
