build time -- 2022-03-13 06:04:17.956249
20220313 061507.746 INFO             PET0 !!!!!!!!!!!!!!!!!!!!!!!!!!!!!!!!!!!!!!!!!!!!!!!!!!!!!!
20220313 061507.746 INFO             PET0 !!! THE ESMF_LOG IS SET TO OUTPUT ALL LOG MESSAGES !!!
20220313 061507.746 INFO             PET0 !!!     THIS MAY CAUSE SLOWDOWN IN PERFORMANCE     !!!
20220313 061507.746 INFO             PET0 !!! FOR PRODUCTION RUNS, USE:                      !!!
20220313 061507.746 INFO             PET0 !!!                   ESMF_LOGKIND_Multi_On_Error  !!!
20220313 061507.746 INFO             PET0 !!!!!!!!!!!!!!!!!!!!!!!!!!!!!!!!!!!!!!!!!!!!!!!!!!!!!!
20220313 061507.746 INFO             PET0 Running with ESMF Version   : v8.3.0b09-96-g559b459836
20220313 061507.746 INFO             PET0 ESMF library build date/time: "Mar 13 2022" "06:02:26"
20220313 061507.746 INFO             PET0 ESMF library build location : /glade/scratch/rlong/esmf-testing/gfortran_10.1.0_mpt_O_jedwards_pio_update2
20220313 061507.746 INFO             PET0 ESMF_COMM                   : mpt
20220313 061507.746 INFO             PET0 ESMF_MOAB                   : enabled
20220313 061507.746 INFO             PET0 ESMF_LAPACK                 : enabled
20220313 061507.746 INFO             PET0 ESMF_NETCDF                 : enabled
20220313 061507.746 INFO             PET0 ESMF_PNETCDF                : disabled
20220313 061507.746 INFO             PET0 ESMF_PIO                    : enabled
20220313 061507.746 INFO             PET0 ESMF_YAMLCPP                : enabled
20220313 061507.747 INFO             PET0  Beginning Test, file ESMF_ArrayBundleIOUTest.F90, line 70
20220313 061507.747 INFO             PET0  NUMBER_OF_PROCESSORS           4
20220313 061507.747 INFO             PET0  PASS  ArrayCreate Allocate 2D ESMF_TYPEKIND_R8 Test, ESMF_ArrayBundleIOUTest.F90, line 109
20220313 061507.747 INFO             PET0  PASS  Obtain real Fortran Array Pointer for array 1, ESMF_ArrayBundleIOUTest.F90, line 117
20220313 061507.748 INFO             PET0  PASS  ArrayCreate Allocate 2D ESMF_TYPEKIND_I4 Test, ESMF_ArrayBundleIOUTest.F90, line 125
20220313 061507.748 INFO             PET0  PASS  Obtain integer Fortran Array Pointer for array 2, ESMF_ArrayBundleIOUTest.F90, line 133
20220313 061507.748 INFO             PET0  PASS  ArrayCreate Allocate 3D ESMF_TYPEKIND_I4 Test, ESMF_ArrayBundleIOUTest.F90, line 141
20220313 061507.748 INFO             PET0  PASS  Obtain Integer Fortran Array Pointer for array 2, ESMF_ArrayBundleIOUTest.F90, line 149
20220313 061507.748 INFO             PET0  PASS  ArrayBundleCreate Test, ESMF_ArrayBundleIOUTest.F90, line 158
20220313 061507.761 INFO             PET0 PIOc_sync Enter - MemInfo: [/proc/meminfo - SSI]	MemTotal:       65507008 kB
20220313 061507.761 INFO             PET0 PIOc_sync Enter - MemInfo: [/proc/meminfo - SSI]	MemFree:        49869124 kB
20220313 061507.761 INFO             PET0 PIOc_sync Enter - MemInfo: [/proc/meminfo - SSI]	MemAvailable:   49622164 kB
20220313 061507.761 INFO             PET0 PIOc_sync Enter - MemInfo: [/proc/meminfo - SSI]	Committed_AS:   13170108 kB
20220313 061507.761 INFO             PET0 PIOc_sync Enter - MemInfo: [/proc/meminfo - SSI]	CommittedPercent: 20.1049 %
20220313 061507.761 INFO             PET0 PIOc_sync Enter - MemInfo: [/proc/self/status]	VmPeak:	  134248 kB
20220313 061507.761 INFO             PET0 PIOc_sync Enter - MemInfo: [/proc/self/status]	VmSize:	  134248 kB
20220313 061507.761 INFO             PET0 PIOc_sync Enter - MemInfo: [/proc/self/status]	VmLck:	       0 kB
20220313 061507.761 INFO             PET0 PIOc_sync Enter - MemInfo: [/proc/self/status]	VmPin:	       0 kB
20220313 061507.761 INFO             PET0 PIOc_sync Enter - MemInfo: [/proc/self/status]	VmHWM:	   29716 kB
20220313 061507.761 INFO             PET0 PIOc_sync Enter - MemInfo: [/proc/self/status]	VmRSS:	   29716 kB
20220313 061507.761 INFO             PET0 PIOc_sync Enter - MemInfo: [/proc/self/status]	VmData:	   38652 kB
20220313 061507.761 INFO             PET0 PIOc_sync Enter - MemInfo: [/proc/self/status]	VmStk:	     144 kB
20220313 061507.766 INFO             PET0 PIOc_sync Enter - MemInfo: [/proc/self/status]	VmExe:	     216 kB
20220313 061507.766 INFO             PET0 PIOc_sync Enter - MemInfo: [/proc/self/status]	VmLib:	   39752 kB
20220313 061507.766 INFO             PET0 PIOc_sync Enter - MemInfo: [/proc/self/status]	VmPTE:	     240 kB
20220313 061507.766 INFO             PET0 PIOc_sync Enter - MemInfo: [/proc/self/status]	VmPMD:	      12 kB
20220313 061507.766 INFO             PET0 PIOc_sync Enter - MemInfo: [/proc/self/status]	VmSwap:	       0 kB
20220313 061507.766 INFO             PET0 PIOc_sync Enter - MemInfo: [/proc/self/status]	VmRSSPercent: 0.0453631 %
20220313 061507.766 INFO             PET0 PIOc_sync Enter - MemInfo: [malloc] Non-mmapped space allocated:                36163584 Byte
20220313 061507.766 INFO             PET0 PIOc_sync Enter - MemInfo: [malloc] Space allocated in mmapped regions:                0 Byte
20220313 061507.766 INFO             PET0 PIOc_sync Enter - MemInfo: [malloc] Maximum total allocated space:                     0 Byte
20220313 061507.766 INFO             PET0 PIOc_sync Enter - MemInfo: [malloc] Space in freed fastbin blocks:                   832 Byte
20220313 061507.766 INFO             PET0 PIOc_sync Enter - MemInfo: [malloc] Total allocated space:                      36073616 Byte
20220313 061507.766 INFO             PET0 PIOc_sync Enter - MemInfo: [malloc] Total free space:                              89968 Byte
20220313 061507.766 INFO             PET0 PIOc_sync Enter - MemInfo: [malloc] Top-most, releasable space:                    82528 Byte
20220313 061507.766 INFO             PET0 PIOc_sync Enter - MemInfo: [malloc] Total space in use, mmap + non-mmap:        36073616 Byte
20220313 061507.766 INFO             PET0 PIOc_sync Enter - MemInfo: [malloc] Total space held (mmap + non-mmap):         36163584 Byte
20220313 061507.766 INFO             PET0 PIOc_sync Enter - MemInfo: [malloc] Total space used (mmap + non-mmap):         36082944 Byte
20220313 061507.766 INFO             PET0 PIOc_sync Enter - MemInfo: Wall-clock time since execution start:              0.0203871 seconds
20220313 061507.766 INFO             PET0 PIOc_sync Exit - MemInfo: [/proc/meminfo - SSI]	MemTotal:       65507008 kB
20220313 061507.766 INFO             PET0 PIOc_sync Exit - MemInfo: [/proc/meminfo - SSI]	MemFree:        49869124 kB
20220313 061507.766 INFO             PET0 PIOc_sync Exit - MemInfo: [/proc/meminfo - SSI]	MemAvailable:   49622164 kB
20220313 061507.766 INFO             PET0 PIOc_sync Exit - MemInfo: [/proc/meminfo - SSI]	Committed_AS:   13170108 kB
20220313 061507.766 INFO             PET0 PIOc_sync Exit - MemInfo: [/proc/meminfo - SSI]	CommittedPercent: 20.1049 %
20220313 061507.766 INFO             PET0 PIOc_sync Exit - MemInfo: [/proc/self/status]	VmPeak:	  134264 kB
20220313 061507.766 INFO             PET0 PIOc_sync Exit - MemInfo: [/proc/self/status]	VmSize:	  134264 kB
20220313 061507.766 INFO             PET0 PIOc_sync Exit - MemInfo: [/proc/self/status]	VmLck:	       0 kB
20220313 061507.766 INFO             PET0 PIOc_sync Exit - MemInfo: [/proc/self/status]	VmPin:	       0 kB
20220313 061507.766 INFO             PET0 PIOc_sync Exit - MemInfo: [/proc/self/status]	VmHWM:	   29888 kB
20220313 061507.766 INFO             PET0 PIOc_sync Exit - MemInfo: [/proc/self/status]	VmRSS:	   29888 kB
20220313 061507.766 INFO             PET0 PIOc_sync Exit - MemInfo: [/proc/self/status]	VmData:	   38668 kB
20220313 061507.766 INFO             PET0 PIOc_sync Exit - MemInfo: [/proc/self/status]	VmStk:	     144 kB
20220313 061507.766 INFO             PET0 PIOc_sync Exit - MemInfo: [/proc/self/status]	VmExe:	     216 kB
20220313 061507.766 INFO             PET0 PIOc_sync Exit - MemInfo: [/proc/self/status]	VmLib:	   39752 kB
20220313 061507.766 INFO             PET0 PIOc_sync Exit - MemInfo: [/proc/self/status]	VmPTE:	     240 kB
20220313 061507.766 INFO             PET0 PIOc_sync Exit - MemInfo: [/proc/self/status]	VmPMD:	      12 kB
20220313 061507.766 INFO             PET0 PIOc_sync Exit - MemInfo: [/proc/self/status]	VmSwap:	       0 kB
20220313 061507.766 INFO             PET0 PIOc_sync Exit - MemInfo: [/proc/self/status]	VmRSSPercent: 0.0456257 %
20220313 061507.766 INFO             PET0 PIOc_sync Exit - MemInfo: [malloc] Non-mmapped space allocated:                36163584 Byte
20220313 061507.766 INFO             PET0 PIOc_sync Exit - MemInfo: [malloc] Space allocated in mmapped regions:                0 Byte
20220313 061507.766 INFO             PET0 PIOc_sync Exit - MemInfo: [malloc] Maximum total allocated space:                     0 Byte
20220313 061507.766 INFO             PET0 PIOc_sync Exit - MemInfo: [malloc] Space in freed fastbin blocks:                   960 Byte
20220313 061507.766 INFO             PET0 PIOc_sync Exit - MemInfo: [malloc] Total allocated space:                      36089456 Byte
20220313 061507.766 INFO             PET0 PIOc_sync Exit - MemInfo: [malloc] Total free space:                              74128 Byte
20220313 061507.766 INFO             PET0 PIOc_sync Exit - MemInfo: [malloc] Top-most, releasable space:                    53024 Byte
20220313 061507.766 INFO             PET0 PIOc_sync Exit - MemInfo: [malloc] Total space in use, mmap + non-mmap:        36089456 Byte
20220313 061507.766 INFO             PET0 PIOc_sync Exit - MemInfo: [malloc] Total space held (mmap + non-mmap):         36163584 Byte
20220313 061507.766 INFO             PET0 PIOc_sync Exit - MemInfo: [malloc] Total space used (mmap + non-mmap):         36098784 Byte
20220313 061507.766 INFO             PET0 PIOc_sync Exit - MemInfo: Wall-clock time since execution start:              0.0209333 seconds
20220313 061507.767 INFO             PET0 PIOc_freedecomp Enter - MemInfo: [/proc/meminfo - SSI]	MemTotal:       65507008 kB
20220313 061507.767 INFO             PET0 PIOc_freedecomp Enter - MemInfo: [/proc/meminfo - SSI]	MemFree:        49869124 kB
20220313 061507.767 INFO             PET0 PIOc_freedecomp Enter - MemInfo: [/proc/meminfo - SSI]	MemAvailable:   49622164 kB
20220313 061507.767 INFO             PET0 PIOc_freedecomp Enter - MemInfo: [/proc/meminfo - SSI]	Committed_AS:   13170108 kB
20220313 061507.767 INFO             PET0 PIOc_freedecomp Enter - MemInfo: [/proc/meminfo - SSI]	CommittedPercent: 20.1049 %
20220313 061507.767 INFO             PET0 PIOc_freedecomp Enter - MemInfo: [/proc/self/status]	VmPeak:	  134264 kB
20220313 061507.767 INFO             PET0 PIOc_freedecomp Enter - MemInfo: [/proc/self/status]	VmSize:	  134264 kB
20220313 061507.767 INFO             PET0 PIOc_freedecomp Enter - MemInfo: [/proc/self/status]	VmLck:	       0 kB
20220313 061507.767 INFO             PET0 PIOc_freedecomp Enter - MemInfo: [/proc/self/status]	VmPin:	       0 kB
20220313 061507.767 INFO             PET0 PIOc_freedecomp Enter - MemInfo: [/proc/self/status]	VmHWM:	   29888 kB
20220313 061507.767 INFO             PET0 PIOc_freedecomp Enter - MemInfo: [/proc/self/status]	VmRSS:	   29888 kB
20220313 061507.767 INFO             PET0 PIOc_freedecomp Enter - MemInfo: [/proc/self/status]	VmData:	   38668 kB
20220313 061507.767 INFO             PET0 PIOc_freedecomp Enter - MemInfo: [/proc/self/status]	VmStk:	     144 kB
20220313 061507.767 INFO             PET0 PIOc_freedecomp Enter - MemInfo: [/proc/self/status]	VmExe:	     216 kB
20220313 061507.767 INFO             PET0 PIOc_freedecomp Enter - MemInfo: [/proc/self/status]	VmLib:	   39752 kB
20220313 061507.767 INFO             PET0 PIOc_freedecomp Enter - MemInfo: [/proc/self/status]	VmPTE:	     240 kB
20220313 061507.767 INFO             PET0 PIOc_freedecomp Enter - MemInfo: [/proc/self/status]	VmPMD:	      12 kB
20220313 061507.767 INFO             PET0 PIOc_freedecomp Enter - MemInfo: [/proc/self/status]	VmSwap:	       0 kB
20220313 061507.767 INFO             PET0 PIOc_freedecomp Enter - MemInfo: [/proc/self/status]	VmRSSPercent: 0.0456257 %
20220313 061507.767 INFO             PET0 PIOc_freedecomp Enter - MemInfo: [malloc] Non-mmapped space allocated:                36163584 Byte
20220313 061507.767 INFO             PET0 PIOc_freedecomp Enter - MemInfo: [malloc] Space allocated in mmapped regions:                0 Byte
20220313 061507.767 INFO             PET0 PIOc_freedecomp Enter - MemInfo: [malloc] Maximum total allocated space:                     0 Byte
20220313 061507.767 INFO             PET0 PIOc_freedecomp Enter - MemInfo: [malloc] Space in freed fastbin blocks:                   976 Byte
20220313 061507.767 INFO             PET0 PIOc_freedecomp Enter - MemInfo: [malloc] Total allocated space:                      18773152 Byte
20220313 061507.767 INFO             PET0 PIOc_freedecomp Enter - MemInfo: [malloc] Total free space:                           17390432 Byte
20220313 061507.767 INFO             PET0 PIOc_freedecomp Enter - MemInfo: [malloc] Top-most, releasable space:                    53024 Byte
20220313 061507.767 INFO             PET0 PIOc_freedecomp Enter - MemInfo: [malloc] Total space in use, mmap + non-mmap:        18773152 Byte
20220313 061507.767 INFO             PET0 PIOc_freedecomp Enter - MemInfo: [malloc] Total space held (mmap + non-mmap):         36163584 Byte
20220313 061507.767 INFO             PET0 PIOc_freedecomp Enter - MemInfo: [malloc] Total space used (mmap + non-mmap):         18782480 Byte
20220313 061507.767 INFO             PET0 PIOc_freedecomp Enter - MemInfo: Wall-clock time since execution start:              0.0213661 seconds
20220313 061507.767 INFO             PET0 PIOc_freedecomp Exit - MemInfo: [/proc/meminfo - SSI]	MemTotal:       65507008 kB
20220313 061507.767 INFO             PET0 PIOc_freedecomp Exit - MemInfo: [/proc/meminfo - SSI]	MemFree:        49869124 kB
20220313 061507.767 INFO             PET0 PIOc_freedecomp Exit - MemInfo: [/proc/meminfo - SSI]	MemAvailable:   49622164 kB
20220313 061507.767 INFO             PET0 PIOc_freedecomp Exit - MemInfo: [/proc/meminfo - SSI]	Committed_AS:   13170108 kB
20220313 061507.767 INFO             PET0 PIOc_freedecomp Exit - MemInfo: [/proc/meminfo - SSI]	CommittedPercent: 20.1049 %
20220313 061507.767 INFO             PET0 PIOc_freedecomp Exit - MemInfo: [/proc/self/status]	VmPeak:	  134264 kB
20220313 061507.767 INFO             PET0 PIOc_freedecomp Exit - MemInfo: [/proc/self/status]	VmSize:	  134248 kB
20220313 061507.767 INFO             PET0 PIOc_freedecomp Exit - MemInfo: [/proc/self/status]	VmLck:	       0 kB
20220313 061507.767 INFO             PET0 PIOc_freedecomp Exit - MemInfo: [/proc/self/status]	VmPin:	       0 kB
20220313 061507.767 INFO             PET0 PIOc_freedecomp Exit - MemInfo: [/proc/self/status]	VmHWM:	   29888 kB
20220313 061507.767 INFO             PET0 PIOc_freedecomp Exit - MemInfo: [/proc/self/status]	VmRSS:	   29876 kB
20220313 061507.767 INFO             PET0 PIOc_freedecomp Exit - MemInfo: [/proc/self/status]	VmData:	   38652 kB
20220313 061507.767 INFO             PET0 PIOc_freedecomp Exit - MemInfo: [/proc/self/status]	VmStk:	     144 kB
20220313 061507.767 INFO             PET0 PIOc_freedecomp Exit - MemInfo: [/proc/self/status]	VmExe:	     216 kB
20220313 061507.767 INFO             PET0 PIOc_freedecomp Exit - MemInfo: [/proc/self/status]	VmLib:	   39752 kB
20220313 061507.767 INFO             PET0 PIOc_freedecomp Exit - MemInfo: [/proc/self/status]	VmPTE:	     240 kB
20220313 061507.767 INFO             PET0 PIOc_freedecomp Exit - MemInfo: [/proc/self/status]	VmPMD:	      12 kB
20220313 061507.767 INFO             PET0 PIOc_freedecomp Exit - MemInfo: [/proc/self/status]	VmSwap:	       0 kB
20220313 061507.767 INFO             PET0 PIOc_freedecomp Exit - MemInfo: [/proc/self/status]	VmRSSPercent: 0.0456073 %
20220313 061507.767 INFO             PET0 PIOc_freedecomp Exit - MemInfo: [malloc] Non-mmapped space allocated:                36163584 Byte
20220313 061507.767 INFO             PET0 PIOc_freedecomp Exit - MemInfo: [malloc] Space allocated in mmapped regions:                0 Byte
20220313 061507.767 INFO             PET0 PIOc_freedecomp Exit - MemInfo: [malloc] Maximum total allocated space:                     0 Byte
20220313 061507.767 INFO             PET0 PIOc_freedecomp Exit - MemInfo: [malloc] Space in freed fastbin blocks:                   960 Byte
20220313 061507.767 INFO             PET0 PIOc_freedecomp Exit - MemInfo: [malloc] Total allocated space:                      18751792 Byte
20220313 061507.767 INFO             PET0 PIOc_freedecomp Exit - MemInfo: [malloc] Total free space:                           17411792 Byte
20220313 061507.767 INFO             PET0 PIOc_freedecomp Exit - MemInfo: [malloc] Top-most, releasable space:                    72128 Byte
20220313 061507.767 INFO             PET0 PIOc_freedecomp Exit - MemInfo: [malloc] Total space in use, mmap + non-mmap:        18751792 Byte
20220313 061507.767 INFO             PET0 PIOc_freedecomp Exit - MemInfo: [malloc] Total space held (mmap + non-mmap):         36163584 Byte
20220313 061507.767 INFO             PET0 PIOc_freedecomp Exit - MemInfo: [malloc] Total space used (mmap + non-mmap):         18761120 Byte
20220313 061507.767 INFO             PET0 PIOc_freedecomp Exit - MemInfo: Wall-clock time since execution start:              0.0217063 seconds
20220313 061507.767 INFO             PET0 PIOc_freedecomp Enter - MemInfo: [/proc/meminfo - SSI]	MemTotal:       65507008 kB
20220313 061507.767 INFO             PET0 PIOc_freedecomp Enter - MemInfo: [/proc/meminfo - SSI]	MemFree:        49869124 kB
20220313 061507.767 INFO             PET0 PIOc_freedecomp Enter - MemInfo: [/proc/meminfo - SSI]	MemAvailable:   49622164 kB
20220313 061507.767 INFO             PET0 PIOc_freedecomp Enter - MemInfo: [/proc/meminfo - SSI]	Committed_AS:   13170108 kB
20220313 061507.767 INFO             PET0 PIOc_freedecomp Enter - MemInfo: [/proc/meminfo - SSI]	CommittedPercent: 20.1049 %
20220313 061507.767 INFO             PET0 PIOc_freedecomp Enter - MemInfo: [/proc/self/status]	VmPeak:	  134264 kB
20220313 061507.767 INFO             PET0 PIOc_freedecomp Enter - MemInfo: [/proc/self/status]	VmSize:	  134248 kB
20220313 061507.767 INFO             PET0 PIOc_freedecomp Enter - MemInfo: [/proc/self/status]	VmLck:	       0 kB
20220313 061507.767 INFO             PET0 PIOc_freedecomp Enter - MemInfo: [/proc/self/status]	VmPin:	       0 kB
20220313 061507.767 INFO             PET0 PIOc_freedecomp Enter - MemInfo: [/proc/self/status]	VmHWM:	   29888 kB
20220313 061507.767 INFO             PET0 PIOc_freedecomp Enter - MemInfo: [/proc/self/status]	VmRSS:	   29876 kB
20220313 061507.767 INFO             PET0 PIOc_freedecomp Enter - MemInfo: [/proc/self/status]	VmData:	   38652 kB
20220313 061507.767 INFO             PET0 PIOc_freedecomp Enter - MemInfo: [/proc/self/status]	VmStk:	     144 kB
20220313 061507.767 INFO             PET0 PIOc_freedecomp Enter - MemInfo: [/proc/self/status]	VmExe:	     216 kB
20220313 061507.767 INFO             PET0 PIOc_freedecomp Enter - MemInfo: [/proc/self/status]	VmLib:	   39752 kB
20220313 061507.767 INFO             PET0 PIOc_freedecomp Enter - MemInfo: [/proc/self/status]	VmPTE:	     240 kB
20220313 061507.767 INFO             PET0 PIOc_freedecomp Enter - MemInfo: [/proc/self/status]	VmPMD:	      12 kB
20220313 061507.767 INFO             PET0 PIOc_freedecomp Enter - MemInfo: [/proc/self/status]	VmSwap:	       0 kB
20220313 061507.767 INFO             PET0 PIOc_freedecomp Enter - MemInfo: [/proc/self/status]	VmRSSPercent: 0.0456073 %
20220313 061507.767 INFO             PET0 PIOc_freedecomp Enter - MemInfo: [malloc] Non-mmapped space allocated:                36163584 Byte
20220313 061507.767 INFO             PET0 PIOc_freedecomp Enter - MemInfo: [malloc] Space allocated in mmapped regions:                0 Byte
20220313 061507.767 INFO             PET0 PIOc_freedecomp Enter - MemInfo: [malloc] Maximum total allocated space:                     0 Byte
20220313 061507.767 INFO             PET0 PIOc_freedecomp Enter - MemInfo: [malloc] Space in freed fastbin blocks:                  1536 Byte
20220313 061507.767 INFO             PET0 PIOc_freedecomp Enter - MemInfo: [malloc] Total allocated space:                      18751664 Byte
20220313 061507.767 INFO             PET0 PIOc_freedecomp Enter - MemInfo: [malloc] Total free space:                           17411920 Byte
20220313 061507.767 INFO             PET0 PIOc_freedecomp Enter - MemInfo: [malloc] Top-most, releasable space:                    72128 Byte
20220313 061507.768 INFO             PET0 PIOc_freedecomp Enter - MemInfo: [malloc] Total space in use, mmap + non-mmap:        18751664 Byte
20220313 061507.768 INFO             PET0 PIOc_freedecomp Enter - MemInfo: [malloc] Total space held (mmap + non-mmap):         36163584 Byte
20220313 061507.768 INFO             PET0 PIOc_freedecomp Enter - MemInfo: [malloc] Total space used (mmap + non-mmap):         18760992 Byte
20220313 061507.768 INFO             PET0 PIOc_freedecomp Enter - MemInfo: Wall-clock time since execution start:              0.0220221 seconds
20220313 061507.768 INFO             PET0 PIOc_freedecomp Exit - MemInfo: [/proc/meminfo - SSI]	MemTotal:       65507008 kB
20220313 061507.768 INFO             PET0 PIOc_freedecomp Exit - MemInfo: [/proc/meminfo - SSI]	MemFree:        49869124 kB
20220313 061507.768 INFO             PET0 PIOc_freedecomp Exit - MemInfo: [/proc/meminfo - SSI]	MemAvailable:   49622164 kB
20220313 061507.768 INFO             PET0 PIOc_freedecomp Exit - MemInfo: [/proc/meminfo - SSI]	Committed_AS:   13170108 kB
20220313 061507.768 INFO             PET0 PIOc_freedecomp Exit - MemInfo: [/proc/meminfo - SSI]	CommittedPercent: 20.1049 %
20220313 061507.768 INFO             PET0 PIOc_freedecomp Exit - MemInfo: [/proc/self/status]	VmPeak:	  134264 kB
20220313 061507.768 INFO             PET0 PIOc_freedecomp Exit - MemInfo: [/proc/self/status]	VmSize:	  134248 kB
20220313 061507.768 INFO             PET0 PIOc_freedecomp Exit - MemInfo: [/proc/self/status]	VmLck:	       0 kB
20220313 061507.768 INFO             PET0 PIOc_freedecomp Exit - MemInfo: [/proc/self/status]	VmPin:	       0 kB
20220313 061507.768 INFO             PET0 PIOc_freedecomp Exit - MemInfo: [/proc/self/status]	VmHWM:	   29888 kB
20220313 061507.768 INFO             PET0 PIOc_freedecomp Exit - MemInfo: [/proc/self/status]	VmRSS:	   29876 kB
20220313 061507.768 INFO             PET0 PIOc_freedecomp Exit - MemInfo: [/proc/self/status]	VmData:	   38652 kB
20220313 061507.768 INFO             PET0 PIOc_freedecomp Exit - MemInfo: [/proc/self/status]	VmStk:	     144 kB
20220313 061507.768 INFO             PET0 PIOc_freedecomp Exit - MemInfo: [/proc/self/status]	VmExe:	     216 kB
20220313 061507.768 INFO             PET0 PIOc_freedecomp Exit - MemInfo: [/proc/self/status]	VmLib:	   39752 kB
20220313 061507.768 INFO             PET0 PIOc_freedecomp Exit - MemInfo: [/proc/self/status]	VmPTE:	     240 kB
20220313 061507.768 INFO             PET0 PIOc_freedecomp Exit - MemInfo: [/proc/self/status]	VmPMD:	      12 kB
20220313 061507.768 INFO             PET0 PIOc_freedecomp Exit - MemInfo: [/proc/self/status]	VmSwap:	       0 kB
20220313 061507.768 INFO             PET0 PIOc_freedecomp Exit - MemInfo: [/proc/self/status]	VmRSSPercent: 0.0456073 %
20220313 061507.768 INFO             PET0 PIOc_freedecomp Exit - MemInfo: [malloc] Non-mmapped space allocated:                36163584 Byte
20220313 061507.768 INFO             PET0 PIOc_freedecomp Exit - MemInfo: [malloc] Space allocated in mmapped regions:                0 Byte
20220313 061507.768 INFO             PET0 PIOc_freedecomp Exit - MemInfo: [malloc] Maximum total allocated space:                     0 Byte
20220313 061507.768 INFO             PET0 PIOc_freedecomp Exit - MemInfo: [malloc] Space in freed fastbin blocks:                   976 Byte
20220313 061507.768 INFO             PET0 PIOc_freedecomp Exit - MemInfo: [malloc] Total allocated space:                      18741072 Byte
20220313 061507.768 INFO             PET0 PIOc_freedecomp Exit - MemInfo: [malloc] Total free space:                           17422512 Byte
20220313 061507.768 INFO             PET0 PIOc_freedecomp Exit - MemInfo: [malloc] Top-most, releasable space:                    76160 Byte
20220313 061507.768 INFO             PET0 PIOc_freedecomp Exit - MemInfo: [malloc] Total space in use, mmap + non-mmap:        18741072 Byte
20220313 061507.768 INFO             PET0 PIOc_freedecomp Exit - MemInfo: [malloc] Total space held (mmap + non-mmap):         36163584 Byte
20220313 061507.768 INFO             PET0 PIOc_freedecomp Exit - MemInfo: [malloc] Total space used (mmap + non-mmap):         18750400 Byte
20220313 061507.768 INFO             PET0 PIOc_freedecomp Exit - MemInfo: Wall-clock time since execution start:              0.0223398 seconds
20220313 061507.768 INFO             PET0 PIOc_freedecomp Enter - MemInfo: [/proc/meminfo - SSI]	MemTotal:       65507008 kB
20220313 061507.768 INFO             PET0 PIOc_freedecomp Enter - MemInfo: [/proc/meminfo - SSI]	MemFree:        49869124 kB
20220313 061507.768 INFO             PET0 PIOc_freedecomp Enter - MemInfo: [/proc/meminfo - SSI]	MemAvailable:   49622164 kB
20220313 061507.768 INFO             PET0 PIOc_freedecomp Enter - MemInfo: [/proc/meminfo - SSI]	Committed_AS:   13170108 kB
20220313 061507.768 INFO             PET0 PIOc_freedecomp Enter - MemInfo: [/proc/meminfo - SSI]	CommittedPercent: 20.1049 %
20220313 061507.768 INFO             PET0 PIOc_freedecomp Enter - MemInfo: [/proc/self/status]	VmPeak:	  134264 kB
20220313 061507.768 INFO             PET0 PIOc_freedecomp Enter - MemInfo: [/proc/self/status]	VmSize:	  134248 kB
20220313 061507.768 INFO             PET0 PIOc_freedecomp Enter - MemInfo: [/proc/self/status]	VmLck:	       0 kB
20220313 061507.768 INFO             PET0 PIOc_freedecomp Enter - MemInfo: [/proc/self/status]	VmPin:	       0 kB
20220313 061507.768 INFO             PET0 PIOc_freedecomp Enter - MemInfo: [/proc/self/status]	VmHWM:	   29888 kB
20220313 061507.768 INFO             PET0 PIOc_freedecomp Enter - MemInfo: [/proc/self/status]	VmRSS:	   29876 kB
20220313 061507.768 INFO             PET0 PIOc_freedecomp Enter - MemInfo: [/proc/self/status]	VmData:	   38652 kB
20220313 061507.768 INFO             PET0 PIOc_freedecomp Enter - MemInfo: [/proc/self/status]	VmStk:	     144 kB
20220313 061507.768 INFO             PET0 PIOc_freedecomp Enter - MemInfo: [/proc/self/status]	VmExe:	     216 kB
20220313 061507.768 INFO             PET0 PIOc_freedecomp Enter - MemInfo: [/proc/self/status]	VmLib:	   39752 kB
20220313 061507.768 INFO             PET0 PIOc_freedecomp Enter - MemInfo: [/proc/self/status]	VmPTE:	     240 kB
20220313 061507.768 INFO             PET0 PIOc_freedecomp Enter - MemInfo: [/proc/self/status]	VmPMD:	      12 kB
20220313 061507.768 INFO             PET0 PIOc_freedecomp Enter - MemInfo: [/proc/self/status]	VmSwap:	       0 kB
20220313 061507.768 INFO             PET0 PIOc_freedecomp Enter - MemInfo: [/proc/self/status]	VmRSSPercent: 0.0456073 %
20220313 061507.768 INFO             PET0 PIOc_freedecomp Enter - MemInfo: [malloc] Non-mmapped space allocated:                36163584 Byte
20220313 061507.768 INFO             PET0 PIOc_freedecomp Enter - MemInfo: [malloc] Space allocated in mmapped regions:                0 Byte
20220313 061507.768 INFO             PET0 PIOc_freedecomp Enter - MemInfo: [malloc] Maximum total allocated space:                     0 Byte
20220313 061507.768 INFO             PET0 PIOc_freedecomp Enter - MemInfo: [malloc] Space in freed fastbin blocks:                  1280 Byte
20220313 061507.768 INFO             PET0 PIOc_freedecomp Enter - MemInfo: [malloc] Total allocated space:                      18740944 Byte
20220313 061507.768 INFO             PET0 PIOc_freedecomp Enter - MemInfo: [malloc] Total free space:                           17422640 Byte
20220313 061507.768 INFO             PET0 PIOc_freedecomp Enter - MemInfo: [malloc] Top-most, releasable space:                    76160 Byte
20220313 061507.768 INFO             PET0 PIOc_freedecomp Enter - MemInfo: [malloc] Total space in use, mmap + non-mmap:        18740944 Byte
20220313 061507.768 INFO             PET0 PIOc_freedecomp Enter - MemInfo: [malloc] Total space held (mmap + non-mmap):         36163584 Byte
20220313 061507.768 INFO             PET0 PIOc_freedecomp Enter - MemInfo: [malloc] Total space used (mmap + non-mmap):         18750272 Byte
20220313 061507.768 INFO             PET0 PIOc_freedecomp Enter - MemInfo: Wall-clock time since execution start:              0.0226534 seconds
20220313 061507.768 INFO             PET0 PIOc_freedecomp Exit - MemInfo: [/proc/meminfo - SSI]	MemTotal:       65507008 kB
20220313 061507.768 INFO             PET0 PIOc_freedecomp Exit - MemInfo: [/proc/meminfo - SSI]	MemFree:        49869124 kB
20220313 061507.768 INFO             PET0 PIOc_freedecomp Exit - MemInfo: [/proc/meminfo - SSI]	MemAvailable:   49622164 kB
20220313 061507.768 INFO             PET0 PIOc_freedecomp Exit - MemInfo: [/proc/meminfo - SSI]	Committed_AS:   13170108 kB
20220313 061507.768 INFO             PET0 PIOc_freedecomp Exit - MemInfo: [/proc/meminfo - SSI]	CommittedPercent: 20.1049 %
20220313 061507.768 INFO             PET0 PIOc_freedecomp Exit - MemInfo: [/proc/self/status]	VmPeak:	  134264 kB
20220313 061507.768 INFO             PET0 PIOc_freedecomp Exit - MemInfo: [/proc/self/status]	VmSize:	  134248 kB
20220313 061507.768 INFO             PET0 PIOc_freedecomp Exit - MemInfo: [/proc/self/status]	VmLck:	       0 kB
20220313 061507.768 INFO             PET0 PIOc_freedecomp Exit - MemInfo: [/proc/self/status]	VmPin:	       0 kB
20220313 061507.768 INFO             PET0 PIOc_freedecomp Exit - MemInfo: [/proc/self/status]	VmHWM:	   29888 kB
20220313 061507.768 INFO             PET0 PIOc_freedecomp Exit - MemInfo: [/proc/self/status]	VmRSS:	   29876 kB
20220313 061507.768 INFO             PET0 PIOc_freedecomp Exit - MemInfo: [/proc/self/status]	VmData:	   38652 kB
20220313 061507.768 INFO             PET0 PIOc_freedecomp Exit - MemInfo: [/proc/self/status]	VmStk:	     144 kB
20220313 061507.768 INFO             PET0 PIOc_freedecomp Exit - MemInfo: [/proc/self/status]	VmExe:	     216 kB
20220313 061507.768 INFO             PET0 PIOc_freedecomp Exit - MemInfo: [/proc/self/status]	VmLib:	   39752 kB
20220313 061507.768 INFO             PET0 PIOc_freedecomp Exit - MemInfo: [/proc/self/status]	VmPTE:	     240 kB
20220313 061507.768 INFO             PET0 PIOc_freedecomp Exit - MemInfo: [/proc/self/status]	VmPMD:	      12 kB
20220313 061507.768 INFO             PET0 PIOc_freedecomp Exit - MemInfo: [/proc/self/status]	VmSwap:	       0 kB
20220313 061507.768 INFO             PET0 PIOc_freedecomp Exit - MemInfo: [/proc/self/status]	VmRSSPercent: 0.0456073 %
20220313 061507.768 INFO             PET0 PIOc_freedecomp Exit - MemInfo: [malloc] Non-mmapped space allocated:                36163584 Byte
20220313 061507.768 INFO             PET0 PIOc_freedecomp Exit - MemInfo: [malloc] Space allocated in mmapped regions:                0 Byte
20220313 061507.768 INFO             PET0 PIOc_freedecomp Exit - MemInfo: [malloc] Maximum total allocated space:                     0 Byte
20220313 061507.768 INFO             PET0 PIOc_freedecomp Exit - MemInfo: [malloc] Space in freed fastbin blocks:                   976 Byte
20220313 061507.768 INFO             PET0 PIOc_freedecomp Exit - MemInfo: [malloc] Total allocated space:                      18729744 Byte
20220313 061507.768 INFO             PET0 PIOc_freedecomp Exit - MemInfo: [malloc] Total free space:                           17433840 Byte
20220313 061507.768 INFO             PET0 PIOc_freedecomp Exit - MemInfo: [malloc] Top-most, releasable space:                   104944 Byte
20220313 061507.768 INFO             PET0 PIOc_freedecomp Exit - MemInfo: [malloc] Total space in use, mmap + non-mmap:        18729744 Byte
20220313 061507.768 INFO             PET0 PIOc_freedecomp Exit - MemInfo: [malloc] Total space held (mmap + non-mmap):         36163584 Byte
20220313 061507.768 INFO             PET0 PIOc_freedecomp Exit - MemInfo: [malloc] Total space used (mmap + non-mmap):         18739072 Byte
20220313 061507.768 INFO             PET0 PIOc_freedecomp Exit - MemInfo: Wall-clock time since execution start:              0.0229674 seconds
20220313 061507.769 INFO             PET0  PASS  ArrayBundleWrite Single file Test, ESMF_ArrayBundleIOUTest.F90, line 167
20220313 061507.772 INFO             PET0 PIOc_sync Enter - MemInfo: [/proc/meminfo - SSI]	MemTotal:       65507008 kB
20220313 061507.772 INFO             PET0 PIOc_sync Enter - MemInfo: [/proc/meminfo - SSI]	MemFree:        49868872 kB
20220313 061507.772 INFO             PET0 PIOc_sync Enter - MemInfo: [/proc/meminfo - SSI]	MemAvailable:   49621960 kB
20220313 061507.772 INFO             PET0 PIOc_sync Enter - MemInfo: [/proc/meminfo - SSI]	Committed_AS:   13170108 kB
20220313 061507.772 INFO             PET0 PIOc_sync Enter - MemInfo: [/proc/meminfo - SSI]	CommittedPercent: 20.1049 %
20220313 061507.772 INFO             PET0 PIOc_sync Enter - MemInfo: [/proc/self/status]	VmPeak:	  134264 kB
20220313 061507.772 INFO             PET0 PIOc_sync Enter - MemInfo: [/proc/self/status]	VmSize:	  134248 kB
20220313 061507.772 INFO             PET0 PIOc_sync Enter - MemInfo: [/proc/self/status]	VmLck:	       0 kB
20220313 061507.772 INFO             PET0 PIOc_sync Enter - MemInfo: [/proc/self/status]	VmPin:	       0 kB
20220313 061507.772 INFO             PET0 PIOc_sync Enter - MemInfo: [/proc/self/status]	VmHWM:	   29888 kB
20220313 061507.772 INFO             PET0 PIOc_sync Enter - MemInfo: [/proc/self/status]	VmRSS:	   29876 kB
20220313 061507.772 INFO             PET0 PIOc_sync Enter - MemInfo: [/proc/self/status]	VmData:	   38652 kB
20220313 061507.772 INFO             PET0 PIOc_sync Enter - MemInfo: [/proc/self/status]	VmStk:	     144 kB
20220313 061507.772 INFO             PET0 PIOc_sync Enter - MemInfo: [/proc/self/status]	VmExe:	     216 kB
20220313 061507.772 INFO             PET0 PIOc_sync Enter - MemInfo: [/proc/self/status]	VmLib:	   39752 kB
20220313 061507.772 INFO             PET0 PIOc_sync Enter - MemInfo: [/proc/self/status]	VmPTE:	     240 kB
20220313 061507.772 INFO             PET0 PIOc_sync Enter - MemInfo: [/proc/self/status]	VmPMD:	      12 kB
20220313 061507.772 INFO             PET0 PIOc_sync Enter - MemInfo: [/proc/self/status]	VmSwap:	       0 kB
20220313 061507.772 INFO             PET0 PIOc_sync Enter - MemInfo: [/proc/self/status]	VmRSSPercent: 0.0456073 %
20220313 061507.772 INFO             PET0 PIOc_sync Enter - MemInfo: [malloc] Non-mmapped space allocated:                36163584 Byte
20220313 061507.772 INFO             PET0 PIOc_sync Enter - MemInfo: [malloc] Space allocated in mmapped regions:                0 Byte
20220313 061507.772 INFO             PET0 PIOc_sync Enter - MemInfo: [malloc] Maximum total allocated space:                     0 Byte
20220313 061507.772 INFO             PET0 PIOc_sync Enter - MemInfo: [malloc] Space in freed fastbin blocks:                   848 Byte
20220313 061507.772 INFO             PET0 PIOc_sync Enter - MemInfo: [malloc] Total allocated space:                      36073872 Byte
20220313 061507.772 INFO             PET0 PIOc_sync Enter - MemInfo: [malloc] Total free space:                              89712 Byte
20220313 061507.772 INFO             PET0 PIOc_sync Enter - MemInfo: [malloc] Top-most, releasable space:                    82352 Byte
20220313 061507.772 INFO             PET0 PIOc_sync Enter - MemInfo: [malloc] Total space in use, mmap + non-mmap:        36073872 Byte
20220313 061507.772 INFO             PET0 PIOc_sync Enter - MemInfo: [malloc] Total space held (mmap + non-mmap):         36163584 Byte
20220313 061507.772 INFO             PET0 PIOc_sync Enter - MemInfo: [malloc] Total space used (mmap + non-mmap):         36083200 Byte
20220313 061507.772 INFO             PET0 PIOc_sync Enter - MemInfo: Wall-clock time since execution start:              0.0265508 seconds
20220313 061507.774 INFO             PET0 PIOc_sync Exit - MemInfo: [/proc/meminfo - SSI]	MemTotal:       65507008 kB
20220313 061507.774 INFO             PET0 PIOc_sync Exit - MemInfo: [/proc/meminfo - SSI]	MemFree:        49868880 kB
20220313 061507.774 INFO             PET0 PIOc_sync Exit - MemInfo: [/proc/meminfo - SSI]	MemAvailable:   49621968 kB
20220313 061507.774 INFO             PET0 PIOc_sync Exit - MemInfo: [/proc/meminfo - SSI]	Committed_AS:   13170108 kB
20220313 061507.774 INFO             PET0 PIOc_sync Exit - MemInfo: [/proc/meminfo - SSI]	CommittedPercent: 20.1049 %
20220313 061507.774 INFO             PET0 PIOc_sync Exit - MemInfo: [/proc/self/status]	VmPeak:	  134264 kB
20220313 061507.774 INFO             PET0 PIOc_sync Exit - MemInfo: [/proc/self/status]	VmSize:	  134264 kB
20220313 061507.774 INFO             PET0 PIOc_sync Exit - MemInfo: [/proc/self/status]	VmLck:	       0 kB
20220313 061507.774 INFO             PET0 PIOc_sync Exit - MemInfo: [/proc/self/status]	VmPin:	       0 kB
20220313 061507.774 INFO             PET0 PIOc_sync Exit - MemInfo: [/proc/self/status]	VmHWM:	   29892 kB
20220313 061507.774 INFO             PET0 PIOc_sync Exit - MemInfo: [/proc/self/status]	VmRSS:	   29892 kB
20220313 061507.774 INFO             PET0 PIOc_sync Exit - MemInfo: [/proc/self/status]	VmData:	   38668 kB
20220313 061507.774 INFO             PET0 PIOc_sync Exit - MemInfo: [/proc/self/status]	VmStk:	     144 kB
20220313 061507.774 INFO             PET0 PIOc_sync Exit - MemInfo: [/proc/self/status]	VmExe:	     216 kB
20220313 061507.774 INFO             PET0 PIOc_sync Exit - MemInfo: [/proc/self/status]	VmLib:	   39752 kB
20220313 061507.774 INFO             PET0 PIOc_sync Exit - MemInfo: [/proc/self/status]	VmPTE:	     240 kB
20220313 061507.775 INFO             PET0 PIOc_sync Exit - MemInfo: [/proc/self/status]	VmPMD:	      12 kB
20220313 061507.775 INFO             PET0 PIOc_sync Exit - MemInfo: [/proc/self/status]	VmSwap:	       0 kB
20220313 061507.775 INFO             PET0 PIOc_sync Exit - MemInfo: [/proc/self/status]	VmRSSPercent: 0.0456318 %
20220313 061507.775 INFO             PET0 PIOc_sync Exit - MemInfo: [malloc] Non-mmapped space allocated:                36163584 Byte
20220313 061507.775 INFO             PET0 PIOc_sync Exit - MemInfo: [malloc] Space allocated in mmapped regions:                0 Byte
20220313 061507.775 INFO             PET0 PIOc_sync Exit - MemInfo: [malloc] Maximum total allocated space:                     0 Byte
20220313 061507.775 INFO             PET0 PIOc_sync Exit - MemInfo: [malloc] Space in freed fastbin blocks:                  1008 Byte
20220313 061507.775 INFO             PET0 PIOc_sync Exit - MemInfo: [malloc] Total allocated space:                      36089568 Byte
20220313 061507.775 INFO             PET0 PIOc_sync Exit - MemInfo: [malloc] Total free space:                              74016 Byte
20220313 061507.775 INFO             PET0 PIOc_sync Exit - MemInfo: [malloc] Top-most, releasable space:                    52848 Byte
20220313 061507.775 INFO             PET0 PIOc_sync Exit - MemInfo: [malloc] Total space in use, mmap + non-mmap:        36089568 Byte
20220313 061507.775 INFO             PET0 PIOc_sync Exit - MemInfo: [malloc] Total space held (mmap + non-mmap):         36163584 Byte
20220313 061507.775 INFO             PET0 PIOc_sync Exit - MemInfo: [malloc] Total space used (mmap + non-mmap):         36098896 Byte
20220313 061507.775 INFO             PET0 PIOc_sync Exit - MemInfo: Wall-clock time since execution start:              0.0291225 seconds
20220313 061507.775 INFO             PET0 PIOc_freedecomp Enter - MemInfo: [/proc/meminfo - SSI]	MemTotal:       65507008 kB
20220313 061507.775 INFO             PET0 PIOc_freedecomp Enter - MemInfo: [/proc/meminfo - SSI]	MemFree:        49868880 kB
20220313 061507.775 INFO             PET0 PIOc_freedecomp Enter - MemInfo: [/proc/meminfo - SSI]	MemAvailable:   49621968 kB
20220313 061507.775 INFO             PET0 PIOc_freedecomp Enter - MemInfo: [/proc/meminfo - SSI]	Committed_AS:   13170108 kB
20220313 061507.775 INFO             PET0 PIOc_freedecomp Enter - MemInfo: [/proc/meminfo - SSI]	CommittedPercent: 20.1049 %
20220313 061507.775 INFO             PET0 PIOc_freedecomp Enter - MemInfo: [/proc/self/status]	VmPeak:	  134264 kB
20220313 061507.775 INFO             PET0 PIOc_freedecomp Enter - MemInfo: [/proc/self/status]	VmSize:	  134264 kB
20220313 061507.775 INFO             PET0 PIOc_freedecomp Enter - MemInfo: [/proc/self/status]	VmLck:	       0 kB
20220313 061507.775 INFO             PET0 PIOc_freedecomp Enter - MemInfo: [/proc/self/status]	VmPin:	       0 kB
20220313 061507.775 INFO             PET0 PIOc_freedecomp Enter - MemInfo: [/proc/self/status]	VmHWM:	   29892 kB
20220313 061507.775 INFO             PET0 PIOc_freedecomp Enter - MemInfo: [/proc/self/status]	VmRSS:	   29892 kB
20220313 061507.775 INFO             PET0 PIOc_freedecomp Enter - MemInfo: [/proc/self/status]	VmData:	   38668 kB
20220313 061507.775 INFO             PET0 PIOc_freedecomp Enter - MemInfo: [/proc/self/status]	VmStk:	     144 kB
20220313 061507.775 INFO             PET0 PIOc_freedecomp Enter - MemInfo: [/proc/self/status]	VmExe:	     216 kB
20220313 061507.775 INFO             PET0 PIOc_freedecomp Enter - MemInfo: [/proc/self/status]	VmLib:	   39752 kB
20220313 061507.775 INFO             PET0 PIOc_freedecomp Enter - MemInfo: [/proc/self/status]	VmPTE:	     240 kB
20220313 061507.775 INFO             PET0 PIOc_freedecomp Enter - MemInfo: [/proc/self/status]	VmPMD:	      12 kB
20220313 061507.775 INFO             PET0 PIOc_freedecomp Enter - MemInfo: [/proc/self/status]	VmSwap:	       0 kB
20220313 061507.775 INFO             PET0 PIOc_freedecomp Enter - MemInfo: [/proc/self/status]	VmRSSPercent: 0.0456318 %
20220313 061507.775 INFO             PET0 PIOc_freedecomp Enter - MemInfo: [malloc] Non-mmapped space allocated:                36163584 Byte
20220313 061507.775 INFO             PET0 PIOc_freedecomp Enter - MemInfo: [malloc] Space allocated in mmapped regions:                0 Byte
20220313 061507.775 INFO             PET0 PIOc_freedecomp Enter - MemInfo: [malloc] Maximum total allocated space:                     0 Byte
20220313 061507.775 INFO             PET0 PIOc_freedecomp Enter - MemInfo: [malloc] Space in freed fastbin blocks:                  1088 Byte
20220313 061507.775 INFO             PET0 PIOc_freedecomp Enter - MemInfo: [malloc] Total allocated space:                      18773152 Byte
20220313 061507.775 INFO             PET0 PIOc_freedecomp Enter - MemInfo: [malloc] Total free space:                           17390432 Byte
20220313 061507.775 INFO             PET0 PIOc_freedecomp Enter - MemInfo: [malloc] Top-most, releasable space:                    52848 Byte
20220313 061507.775 INFO             PET0 PIOc_freedecomp Enter - MemInfo: [malloc] Total space in use, mmap + non-mmap:        18773152 Byte
20220313 061507.775 INFO             PET0 PIOc_freedecomp Enter - MemInfo: [malloc] Total space held (mmap + non-mmap):         36163584 Byte
20220313 061507.775 INFO             PET0 PIOc_freedecomp Enter - MemInfo: [malloc] Total space used (mmap + non-mmap):         18782480 Byte
20220313 061507.775 INFO             PET0 PIOc_freedecomp Enter - MemInfo: Wall-clock time since execution start:              0.0295266 seconds
20220313 061507.775 INFO             PET0 PIOc_freedecomp Exit - MemInfo: [/proc/meminfo - SSI]	MemTotal:       65507008 kB
20220313 061507.775 INFO             PET0 PIOc_freedecomp Exit - MemInfo: [/proc/meminfo - SSI]	MemFree:        49868880 kB
20220313 061507.775 INFO             PET0 PIOc_freedecomp Exit - MemInfo: [/proc/meminfo - SSI]	MemAvailable:   49621968 kB
20220313 061507.775 INFO             PET0 PIOc_freedecomp Exit - MemInfo: [/proc/meminfo - SSI]	Committed_AS:   13170108 kB
20220313 061507.775 INFO             PET0 PIOc_freedecomp Exit - MemInfo: [/proc/meminfo - SSI]	CommittedPercent: 20.1049 %
20220313 061507.775 INFO             PET0 PIOc_freedecomp Exit - MemInfo: [/proc/self/status]	VmPeak:	  134264 kB
20220313 061507.775 INFO             PET0 PIOc_freedecomp Exit - MemInfo: [/proc/self/status]	VmSize:	  134248 kB
20220313 061507.775 INFO             PET0 PIOc_freedecomp Exit - MemInfo: [/proc/self/status]	VmLck:	       0 kB
20220313 061507.775 INFO             PET0 PIOc_freedecomp Exit - MemInfo: [/proc/self/status]	VmPin:	       0 kB
20220313 061507.775 INFO             PET0 PIOc_freedecomp Exit - MemInfo: [/proc/self/status]	VmHWM:	   29892 kB
20220313 061507.775 INFO             PET0 PIOc_freedecomp Exit - MemInfo: [/proc/self/status]	VmRSS:	   29876 kB
20220313 061507.775 INFO             PET0 PIOc_freedecomp Exit - MemInfo: [/proc/self/status]	VmData:	   38652 kB
20220313 061507.775 INFO             PET0 PIOc_freedecomp Exit - MemInfo: [/proc/self/status]	VmStk:	     144 kB
20220313 061507.775 INFO             PET0 PIOc_freedecomp Exit - MemInfo: [/proc/self/status]	VmExe:	     216 kB
20220313 061507.775 INFO             PET0 PIOc_freedecomp Exit - MemInfo: [/proc/self/status]	VmLib:	   39752 kB
20220313 061507.775 INFO             PET0 PIOc_freedecomp Exit - MemInfo: [/proc/self/status]	VmPTE:	     240 kB
20220313 061507.775 INFO             PET0 PIOc_freedecomp Exit - MemInfo: [/proc/self/status]	VmPMD:	      12 kB
20220313 061507.775 INFO             PET0 PIOc_freedecomp Exit - MemInfo: [/proc/self/status]	VmSwap:	       0 kB
20220313 061507.775 INFO             PET0 PIOc_freedecomp Exit - MemInfo: [/proc/self/status]	VmRSSPercent: 0.0456073 %
20220313 061507.775 INFO             PET0 PIOc_freedecomp Exit - MemInfo: [malloc] Non-mmapped space allocated:                36163584 Byte
20220313 061507.775 INFO             PET0 PIOc_freedecomp Exit - MemInfo: [malloc] Space allocated in mmapped regions:                0 Byte
20220313 061507.775 INFO             PET0 PIOc_freedecomp Exit - MemInfo: [malloc] Maximum total allocated space:                     0 Byte
20220313 061507.775 INFO             PET0 PIOc_freedecomp Exit - MemInfo: [malloc] Space in freed fastbin blocks:                  1184 Byte
20220313 061507.775 INFO             PET0 PIOc_freedecomp Exit - MemInfo: [malloc] Total allocated space:                      18751776 Byte
20220313 061507.775 INFO             PET0 PIOc_freedecomp Exit - MemInfo: [malloc] Total free space:                           17411808 Byte
20220313 061507.775 INFO             PET0 PIOc_freedecomp Exit - MemInfo: [malloc] Top-most, releasable space:                    71952 Byte
20220313 061507.775 INFO             PET0 PIOc_freedecomp Exit - MemInfo: [malloc] Total space in use, mmap + non-mmap:        18751776 Byte
20220313 061507.775 INFO             PET0 PIOc_freedecomp Exit - MemInfo: [malloc] Total space held (mmap + non-mmap):         36163584 Byte
20220313 061507.775 INFO             PET0 PIOc_freedecomp Exit - MemInfo: [malloc] Total space used (mmap + non-mmap):         18761104 Byte
20220313 061507.775 INFO             PET0 PIOc_freedecomp Exit - MemInfo: Wall-clock time since execution start:              0.0298576 seconds
20220313 061507.775 INFO             PET0 PIOc_freedecomp Enter - MemInfo: [/proc/meminfo - SSI]	MemTotal:       65507008 kB
20220313 061507.775 INFO             PET0 PIOc_freedecomp Enter - MemInfo: [/proc/meminfo - SSI]	MemFree:        49868880 kB
20220313 061507.775 INFO             PET0 PIOc_freedecomp Enter - MemInfo: [/proc/meminfo - SSI]	MemAvailable:   49621968 kB
20220313 061507.775 INFO             PET0 PIOc_freedecomp Enter - MemInfo: [/proc/meminfo - SSI]	Committed_AS:   13170108 kB
20220313 061507.775 INFO             PET0 PIOc_freedecomp Enter - MemInfo: [/proc/meminfo - SSI]	CommittedPercent: 20.1049 %
20220313 061507.775 INFO             PET0 PIOc_freedecomp Enter - MemInfo: [/proc/self/status]	VmPeak:	  134264 kB
20220313 061507.775 INFO             PET0 PIOc_freedecomp Enter - MemInfo: [/proc/self/status]	VmSize:	  134248 kB
20220313 061507.775 INFO             PET0 PIOc_freedecomp Enter - MemInfo: [/proc/self/status]	VmLck:	       0 kB
20220313 061507.776 INFO             PET0 PIOc_freedecomp Enter - MemInfo: [/proc/self/status]	VmPin:	       0 kB
20220313 061507.776 INFO             PET0 PIOc_freedecomp Enter - MemInfo: [/proc/self/status]	VmHWM:	   29892 kB
20220313 061507.776 INFO             PET0 PIOc_freedecomp Enter - MemInfo: [/proc/self/status]	VmRSS:	   29876 kB
20220313 061507.776 INFO             PET0 PIOc_freedecomp Enter - MemInfo: [/proc/self/status]	VmData:	   38652 kB
20220313 061507.776 INFO             PET0 PIOc_freedecomp Enter - MemInfo: [/proc/self/status]	VmStk:	     144 kB
20220313 061507.776 INFO             PET0 PIOc_freedecomp Enter - MemInfo: [/proc/self/status]	VmExe:	     216 kB
20220313 061507.776 INFO             PET0 PIOc_freedecomp Enter - MemInfo: [/proc/self/status]	VmLib:	   39752 kB
20220313 061507.776 INFO             PET0 PIOc_freedecomp Enter - MemInfo: [/proc/self/status]	VmPTE:	     240 kB
20220313 061507.776 INFO             PET0 PIOc_freedecomp Enter - MemInfo: [/proc/self/status]	VmPMD:	      12 kB
20220313 061507.776 INFO             PET0 PIOc_freedecomp Enter - MemInfo: [/proc/self/status]	VmSwap:	       0 kB
20220313 061507.776 INFO             PET0 PIOc_freedecomp Enter - MemInfo: [/proc/self/status]	VmRSSPercent: 0.0456073 %
20220313 061507.776 INFO             PET0 PIOc_freedecomp Enter - MemInfo: [malloc] Non-mmapped space allocated:                36163584 Byte
20220313 061507.776 INFO             PET0 PIOc_freedecomp Enter - MemInfo: [malloc] Space allocated in mmapped regions:                0 Byte
20220313 061507.776 INFO             PET0 PIOc_freedecomp Enter - MemInfo: [malloc] Maximum total allocated space:                     0 Byte
20220313 061507.776 INFO             PET0 PIOc_freedecomp Enter - MemInfo: [malloc] Space in freed fastbin blocks:                  1408 Byte
20220313 061507.776 INFO             PET0 PIOc_freedecomp Enter - MemInfo: [malloc] Total allocated space:                      18751648 Byte
20220313 061507.776 INFO             PET0 PIOc_freedecomp Enter - MemInfo: [malloc] Total free space:                           17411936 Byte
20220313 061507.776 INFO             PET0 PIOc_freedecomp Enter - MemInfo: [malloc] Top-most, releasable space:                    71952 Byte
20220313 061507.776 INFO             PET0 PIOc_freedecomp Enter - MemInfo: [malloc] Total space in use, mmap + non-mmap:        18751648 Byte
20220313 061507.776 INFO             PET0 PIOc_freedecomp Enter - MemInfo: [malloc] Total space held (mmap + non-mmap):         36163584 Byte
20220313 061507.776 INFO             PET0 PIOc_freedecomp Enter - MemInfo: [malloc] Total space used (mmap + non-mmap):         18760976 Byte
20220313 061507.776 INFO             PET0 PIOc_freedecomp Enter - MemInfo: Wall-clock time since execution start:              0.0301768 seconds
20220313 061507.776 INFO             PET0 PIOc_freedecomp Exit - MemInfo: [/proc/meminfo - SSI]	MemTotal:       65507008 kB
20220313 061507.776 INFO             PET0 PIOc_freedecomp Exit - MemInfo: [/proc/meminfo - SSI]	MemFree:        49868880 kB
20220313 061507.776 INFO             PET0 PIOc_freedecomp Exit - MemInfo: [/proc/meminfo - SSI]	MemAvailable:   49621968 kB
20220313 061507.776 INFO             PET0 PIOc_freedecomp Exit - MemInfo: [/proc/meminfo - SSI]	Committed_AS:   13170108 kB
20220313 061507.776 INFO             PET0 PIOc_freedecomp Exit - MemInfo: [/proc/meminfo - SSI]	CommittedPercent: 20.1049 %
20220313 061507.776 INFO             PET0 PIOc_freedecomp Exit - MemInfo: [/proc/self/status]	VmPeak:	  134264 kB
20220313 061507.776 INFO             PET0 PIOc_freedecomp Exit - MemInfo: [/proc/self/status]	VmSize:	  134248 kB
20220313 061507.776 INFO             PET0 PIOc_freedecomp Exit - MemInfo: [/proc/self/status]	VmLck:	       0 kB
20220313 061507.776 INFO             PET0 PIOc_freedecomp Exit - MemInfo: [/proc/self/status]	VmPin:	       0 kB
20220313 061507.776 INFO             PET0 PIOc_freedecomp Exit - MemInfo: [/proc/self/status]	VmHWM:	   29892 kB
20220313 061507.776 INFO             PET0 PIOc_freedecomp Exit - MemInfo: [/proc/self/status]	VmRSS:	   29876 kB
20220313 061507.776 INFO             PET0 PIOc_freedecomp Exit - MemInfo: [/proc/self/status]	VmData:	   38652 kB
20220313 061507.776 INFO             PET0 PIOc_freedecomp Exit - MemInfo: [/proc/self/status]	VmStk:	     144 kB
20220313 061507.776 INFO             PET0 PIOc_freedecomp Exit - MemInfo: [/proc/self/status]	VmExe:	     216 kB
20220313 061507.776 INFO             PET0 PIOc_freedecomp Exit - MemInfo: [/proc/self/status]	VmLib:	   39752 kB
20220313 061507.776 INFO             PET0 PIOc_freedecomp Exit - MemInfo: [/proc/self/status]	VmPTE:	     240 kB
20220313 061507.776 INFO             PET0 PIOc_freedecomp Exit - MemInfo: [/proc/self/status]	VmPMD:	      12 kB
20220313 061507.776 INFO             PET0 PIOc_freedecomp Exit - MemInfo: [/proc/self/status]	VmSwap:	       0 kB
20220313 061507.776 INFO             PET0 PIOc_freedecomp Exit - MemInfo: [/proc/self/status]	VmRSSPercent: 0.0456073 %
20220313 061507.776 INFO             PET0 PIOc_freedecomp Exit - MemInfo: [malloc] Non-mmapped space allocated:                36163584 Byte
20220313 061507.776 INFO             PET0 PIOc_freedecomp Exit - MemInfo: [malloc] Space allocated in mmapped regions:                0 Byte
20220313 061507.776 INFO             PET0 PIOc_freedecomp Exit - MemInfo: [malloc] Maximum total allocated space:                     0 Byte
20220313 061507.776 INFO             PET0 PIOc_freedecomp Exit - MemInfo: [malloc] Space in freed fastbin blocks:                  1056 Byte
20220313 061507.776 INFO             PET0 PIOc_freedecomp Exit - MemInfo: [malloc] Total allocated space:                      18741072 Byte
20220313 061507.776 INFO             PET0 PIOc_freedecomp Exit - MemInfo: [malloc] Total free space:                           17422512 Byte
20220313 061507.776 INFO             PET0 PIOc_freedecomp Exit - MemInfo: [malloc] Top-most, releasable space:                    75984 Byte
20220313 061507.776 INFO             PET0 PIOc_freedecomp Exit - MemInfo: [malloc] Total space in use, mmap + non-mmap:        18741072 Byte
20220313 061507.776 INFO             PET0 PIOc_freedecomp Exit - MemInfo: [malloc] Total space held (mmap + non-mmap):         36163584 Byte
20220313 061507.776 INFO             PET0 PIOc_freedecomp Exit - MemInfo: [malloc] Total space used (mmap + non-mmap):         18750400 Byte
20220313 061507.776 INFO             PET0 PIOc_freedecomp Exit - MemInfo: Wall-clock time since execution start:              0.0304982 seconds
20220313 061507.776 INFO             PET0 PIOc_freedecomp Enter - MemInfo: [/proc/meminfo - SSI]	MemTotal:       65507008 kB
20220313 061507.776 INFO             PET0 PIOc_freedecomp Enter - MemInfo: [/proc/meminfo - SSI]	MemFree:        49868880 kB
20220313 061507.776 INFO             PET0 PIOc_freedecomp Enter - MemInfo: [/proc/meminfo - SSI]	MemAvailable:   49621968 kB
20220313 061507.776 INFO             PET0 PIOc_freedecomp Enter - MemInfo: [/proc/meminfo - SSI]	Committed_AS:   13170108 kB
20220313 061507.776 INFO             PET0 PIOc_freedecomp Enter - MemInfo: [/proc/meminfo - SSI]	CommittedPercent: 20.1049 %
20220313 061507.776 INFO             PET0 PIOc_freedecomp Enter - MemInfo: [/proc/self/status]	VmPeak:	  134264 kB
20220313 061507.776 INFO             PET0 PIOc_freedecomp Enter - MemInfo: [/proc/self/status]	VmSize:	  134248 kB
20220313 061507.776 INFO             PET0 PIOc_freedecomp Enter - MemInfo: [/proc/self/status]	VmLck:	       0 kB
20220313 061507.776 INFO             PET0 PIOc_freedecomp Enter - MemInfo: [/proc/self/status]	VmPin:	       0 kB
20220313 061507.776 INFO             PET0 PIOc_freedecomp Enter - MemInfo: [/proc/self/status]	VmHWM:	   29892 kB
20220313 061507.776 INFO             PET0 PIOc_freedecomp Enter - MemInfo: [/proc/self/status]	VmRSS:	   29876 kB
20220313 061507.776 INFO             PET0 PIOc_freedecomp Enter - MemInfo: [/proc/self/status]	VmData:	   38652 kB
20220313 061507.776 INFO             PET0 PIOc_freedecomp Enter - MemInfo: [/proc/self/status]	VmStk:	     144 kB
20220313 061507.776 INFO             PET0 PIOc_freedecomp Enter - MemInfo: [/proc/self/status]	VmExe:	     216 kB
20220313 061507.776 INFO             PET0 PIOc_freedecomp Enter - MemInfo: [/proc/self/status]	VmLib:	   39752 kB
20220313 061507.776 INFO             PET0 PIOc_freedecomp Enter - MemInfo: [/proc/self/status]	VmPTE:	     240 kB
20220313 061507.776 INFO             PET0 PIOc_freedecomp Enter - MemInfo: [/proc/self/status]	VmPMD:	      12 kB
20220313 061507.776 INFO             PET0 PIOc_freedecomp Enter - MemInfo: [/proc/self/status]	VmSwap:	       0 kB
20220313 061507.776 INFO             PET0 PIOc_freedecomp Enter - MemInfo: [/proc/self/status]	VmRSSPercent: 0.0456073 %
20220313 061507.776 INFO             PET0 PIOc_freedecomp Enter - MemInfo: [malloc] Non-mmapped space allocated:                36163584 Byte
20220313 061507.776 INFO             PET0 PIOc_freedecomp Enter - MemInfo: [malloc] Space allocated in mmapped regions:                0 Byte
20220313 061507.776 INFO             PET0 PIOc_freedecomp Enter - MemInfo: [malloc] Maximum total allocated space:                     0 Byte
20220313 061507.776 INFO             PET0 PIOc_freedecomp Enter - MemInfo: [malloc] Space in freed fastbin blocks:                  1408 Byte
20220313 061507.776 INFO             PET0 PIOc_freedecomp Enter - MemInfo: [malloc] Total allocated space:                      18740944 Byte
20220313 061507.776 INFO             PET0 PIOc_freedecomp Enter - MemInfo: [malloc] Total free space:                           17422640 Byte
20220313 061507.776 INFO             PET0 PIOc_freedecomp Enter - MemInfo: [malloc] Top-most, releasable space:                    75984 Byte
20220313 061507.776 INFO             PET0 PIOc_freedecomp Enter - MemInfo: [malloc] Total space in use, mmap + non-mmap:        18740944 Byte
20220313 061507.776 INFO             PET0 PIOc_freedecomp Enter - MemInfo: [malloc] Total space held (mmap + non-mmap):         36163584 Byte
20220313 061507.776 INFO             PET0 PIOc_freedecomp Enter - MemInfo: [malloc] Total space used (mmap + non-mmap):         18750272 Byte
20220313 061507.776 INFO             PET0 PIOc_freedecomp Enter - MemInfo: Wall-clock time since execution start:              0.0308139 seconds
20220313 061507.776 INFO             PET0 PIOc_freedecomp Exit - MemInfo: [/proc/meminfo - SSI]	MemTotal:       65507008 kB
20220313 061507.776 INFO             PET0 PIOc_freedecomp Exit - MemInfo: [/proc/meminfo - SSI]	MemFree:        49868880 kB
20220313 061507.776 INFO             PET0 PIOc_freedecomp Exit - MemInfo: [/proc/meminfo - SSI]	MemAvailable:   49621968 kB
20220313 061507.776 INFO             PET0 PIOc_freedecomp Exit - MemInfo: [/proc/meminfo - SSI]	Committed_AS:   13170108 kB
20220313 061507.776 INFO             PET0 PIOc_freedecomp Exit - MemInfo: [/proc/meminfo - SSI]	CommittedPercent: 20.1049 %
20220313 061507.776 INFO             PET0 PIOc_freedecomp Exit - MemInfo: [/proc/self/status]	VmPeak:	  134264 kB
20220313 061507.776 INFO             PET0 PIOc_freedecomp Exit - MemInfo: [/proc/self/status]	VmSize:	  134248 kB
20220313 061507.776 INFO             PET0 PIOc_freedecomp Exit - MemInfo: [/proc/self/status]	VmLck:	       0 kB
20220313 061507.776 INFO             PET0 PIOc_freedecomp Exit - MemInfo: [/proc/self/status]	VmPin:	       0 kB
20220313 061507.776 INFO             PET0 PIOc_freedecomp Exit - MemInfo: [/proc/self/status]	VmHWM:	   29892 kB
20220313 061507.776 INFO             PET0 PIOc_freedecomp Exit - MemInfo: [/proc/self/status]	VmRSS:	   29876 kB
20220313 061507.776 INFO             PET0 PIOc_freedecomp Exit - MemInfo: [/proc/self/status]	VmData:	   38652 kB
20220313 061507.776 INFO             PET0 PIOc_freedecomp Exit - MemInfo: [/proc/self/status]	VmStk:	     144 kB
20220313 061507.776 INFO             PET0 PIOc_freedecomp Exit - MemInfo: [/proc/self/status]	VmExe:	     216 kB
20220313 061507.777 INFO             PET0 PIOc_freedecomp Exit - MemInfo: [/proc/self/status]	VmLib:	   39752 kB
20220313 061507.777 INFO             PET0 PIOc_freedecomp Exit - MemInfo: [/proc/self/status]	VmPTE:	     240 kB
20220313 061507.777 INFO             PET0 PIOc_freedecomp Exit - MemInfo: [/proc/self/status]	VmPMD:	      12 kB
20220313 061507.777 INFO             PET0 PIOc_freedecomp Exit - MemInfo: [/proc/self/status]	VmSwap:	       0 kB
20220313 061507.777 INFO             PET0 PIOc_freedecomp Exit - MemInfo: [/proc/self/status]	VmRSSPercent: 0.0456073 %
20220313 061507.777 INFO             PET0 PIOc_freedecomp Exit - MemInfo: [malloc] Non-mmapped space allocated:                36163584 Byte
20220313 061507.777 INFO             PET0 PIOc_freedecomp Exit - MemInfo: [malloc] Space allocated in mmapped regions:                0 Byte
20220313 061507.777 INFO             PET0 PIOc_freedecomp Exit - MemInfo: [malloc] Maximum total allocated space:                     0 Byte
20220313 061507.777 INFO             PET0 PIOc_freedecomp Exit - MemInfo: [malloc] Space in freed fastbin blocks:                  1088 Byte
20220313 061507.777 INFO             PET0 PIOc_freedecomp Exit - MemInfo: [malloc] Total allocated space:                      18729744 Byte
20220313 061507.777 INFO             PET0 PIOc_freedecomp Exit - MemInfo: [malloc] Total free space:                           17433840 Byte
20220313 061507.777 INFO             PET0 PIOc_freedecomp Exit - MemInfo: [malloc] Top-most, releasable space:                   104800 Byte
20220313 061507.777 INFO             PET0 PIOc_freedecomp Exit - MemInfo: [malloc] Total space in use, mmap + non-mmap:        18729744 Byte
20220313 061507.777 INFO             PET0 PIOc_freedecomp Exit - MemInfo: [malloc] Total space held (mmap + non-mmap):         36163584 Byte
20220313 061507.777 INFO             PET0 PIOc_freedecomp Exit - MemInfo: [malloc] Total space used (mmap + non-mmap):         18739072 Byte
20220313 061507.777 INFO             PET0 PIOc_freedecomp Exit - MemInfo: Wall-clock time since execution start:              0.0311318 seconds
20220313 061507.777 INFO             PET0  PASS  ArrayBundleWrite Single file with timeslice Test, ESMF_ArrayBundleIOUTest.F90, line 180
20220313 061507.779 INFO             PET0 PIOc_sync Enter - MemInfo: [/proc/meminfo - SSI]	MemTotal:       65507008 kB
20220313 061507.779 INFO             PET0 PIOc_sync Enter - MemInfo: [/proc/meminfo - SSI]	MemFree:        49868880 kB
20220313 061507.779 INFO             PET0 PIOc_sync Enter - MemInfo: [/proc/meminfo - SSI]	MemAvailable:   49621968 kB
20220313 061507.779 INFO             PET0 PIOc_sync Enter - MemInfo: [/proc/meminfo - SSI]	Committed_AS:   13170108 kB
20220313 061507.779 INFO             PET0 PIOc_sync Enter - MemInfo: [/proc/meminfo - SSI]	CommittedPercent: 20.1049 %
20220313 061507.779 INFO             PET0 PIOc_sync Enter - MemInfo: [/proc/self/status]	VmPeak:	  134264 kB
20220313 061507.779 INFO             PET0 PIOc_sync Enter - MemInfo: [/proc/self/status]	VmSize:	  134248 kB
20220313 061507.779 INFO             PET0 PIOc_sync Enter - MemInfo: [/proc/self/status]	VmLck:	       0 kB
20220313 061507.779 INFO             PET0 PIOc_sync Enter - MemInfo: [/proc/self/status]	VmPin:	       0 kB
20220313 061507.779 INFO             PET0 PIOc_sync Enter - MemInfo: [/proc/self/status]	VmHWM:	   29892 kB
20220313 061507.779 INFO             PET0 PIOc_sync Enter - MemInfo: [/proc/self/status]	VmRSS:	   29880 kB
20220313 061507.779 INFO             PET0 PIOc_sync Enter - MemInfo: [/proc/self/status]	VmData:	   38652 kB
20220313 061507.779 INFO             PET0 PIOc_sync Enter - MemInfo: [/proc/self/status]	VmStk:	     144 kB
20220313 061507.779 INFO             PET0 PIOc_sync Enter - MemInfo: [/proc/self/status]	VmExe:	     216 kB
20220313 061507.779 INFO             PET0 PIOc_sync Enter - MemInfo: [/proc/self/status]	VmLib:	   39752 kB
20220313 061507.779 INFO             PET0 PIOc_sync Enter - MemInfo: [/proc/self/status]	VmPTE:	     240 kB
20220313 061507.779 INFO             PET0 PIOc_sync Enter - MemInfo: [/proc/self/status]	VmPMD:	      12 kB
20220313 061507.779 INFO             PET0 PIOc_sync Enter - MemInfo: [/proc/self/status]	VmSwap:	       0 kB
20220313 061507.779 INFO             PET0 PIOc_sync Enter - MemInfo: [/proc/self/status]	VmRSSPercent: 0.0456134 %
20220313 061507.779 INFO             PET0 PIOc_sync Enter - MemInfo: [malloc] Non-mmapped space allocated:                36163584 Byte
20220313 061507.779 INFO             PET0 PIOc_sync Enter - MemInfo: [malloc] Space allocated in mmapped regions:                0 Byte
20220313 061507.779 INFO             PET0 PIOc_sync Enter - MemInfo: [malloc] Maximum total allocated space:                     0 Byte
20220313 061507.779 INFO             PET0 PIOc_sync Enter - MemInfo: [malloc] Space in freed fastbin blocks:                   896 Byte
20220313 061507.779 INFO             PET0 PIOc_sync Enter - MemInfo: [malloc] Total allocated space:                      36051344 Byte
20220313 061507.779 INFO             PET0 PIOc_sync Enter - MemInfo: [malloc] Total free space:                             112240 Byte
20220313 061507.779 INFO             PET0 PIOc_sync Enter - MemInfo: [malloc] Top-most, releasable space:                   110080 Byte
20220313 061507.779 INFO             PET0 PIOc_sync Enter - MemInfo: [malloc] Total space in use, mmap + non-mmap:        36051344 Byte
20220313 061507.779 INFO             PET0 PIOc_sync Enter - MemInfo: [malloc] Total space held (mmap + non-mmap):         36163584 Byte
20220313 061507.779 INFO             PET0 PIOc_sync Enter - MemInfo: [malloc] Total space used (mmap + non-mmap):         36060672 Byte
20220313 061507.779 INFO             PET0 PIOc_sync Enter - MemInfo: Wall-clock time since execution start:              0.0335341 seconds
20220313 061507.779 INFO             PET0 PIOc_sync Exit - MemInfo: [/proc/meminfo - SSI]	MemTotal:       65507008 kB
20220313 061507.779 INFO             PET0 PIOc_sync Exit - MemInfo: [/proc/meminfo - SSI]	MemFree:        49868880 kB
20220313 061507.779 INFO             PET0 PIOc_sync Exit - MemInfo: [/proc/meminfo - SSI]	MemAvailable:   49621968 kB
20220313 061507.779 INFO             PET0 PIOc_sync Exit - MemInfo: [/proc/meminfo - SSI]	Committed_AS:   13170108 kB
20220313 061507.779 INFO             PET0 PIOc_sync Exit - MemInfo: [/proc/meminfo - SSI]	CommittedPercent: 20.1049 %
20220313 061507.779 INFO             PET0 PIOc_sync Exit - MemInfo: [/proc/self/status]	VmPeak:	  134264 kB
20220313 061507.779 INFO             PET0 PIOc_sync Exit - MemInfo: [/proc/self/status]	VmSize:	  134248 kB
20220313 061507.779 INFO             PET0 PIOc_sync Exit - MemInfo: [/proc/self/status]	VmLck:	       0 kB
20220313 061507.779 INFO             PET0 PIOc_sync Exit - MemInfo: [/proc/self/status]	VmPin:	       0 kB
20220313 061507.779 INFO             PET0 PIOc_sync Exit - MemInfo: [/proc/self/status]	VmHWM:	   29892 kB
20220313 061507.779 INFO             PET0 PIOc_sync Exit - MemInfo: [/proc/self/status]	VmRSS:	   29880 kB
20220313 061507.779 INFO             PET0 PIOc_sync Exit - MemInfo: [/proc/self/status]	VmData:	   38652 kB
20220313 061507.779 INFO             PET0 PIOc_sync Exit - MemInfo: [/proc/self/status]	VmStk:	     144 kB
20220313 061507.779 INFO             PET0 PIOc_sync Exit - MemInfo: [/proc/self/status]	VmExe:	     216 kB
20220313 061507.779 INFO             PET0 PIOc_sync Exit - MemInfo: [/proc/self/status]	VmLib:	   39752 kB
20220313 061507.779 INFO             PET0 PIOc_sync Exit - MemInfo: [/proc/self/status]	VmPTE:	     240 kB
20220313 061507.779 INFO             PET0 PIOc_sync Exit - MemInfo: [/proc/self/status]	VmPMD:	      12 kB
20220313 061507.779 INFO             PET0 PIOc_sync Exit - MemInfo: [/proc/self/status]	VmSwap:	       0 kB
20220313 061507.779 INFO             PET0 PIOc_sync Exit - MemInfo: [/proc/self/status]	VmRSSPercent: 0.0456134 %
20220313 061507.779 INFO             PET0 PIOc_sync Exit - MemInfo: [malloc] Non-mmapped space allocated:                36163584 Byte
20220313 061507.779 INFO             PET0 PIOc_sync Exit - MemInfo: [malloc] Space allocated in mmapped regions:                0 Byte
20220313 061507.779 INFO             PET0 PIOc_sync Exit - MemInfo: [malloc] Maximum total allocated space:                     0 Byte
20220313 061507.779 INFO             PET0 PIOc_sync Exit - MemInfo: [malloc] Space in freed fastbin blocks:                   928 Byte
20220313 061507.779 INFO             PET0 PIOc_sync Exit - MemInfo: [malloc] Total allocated space:                      36055504 Byte
20220313 061507.779 INFO             PET0 PIOc_sync Exit - MemInfo: [malloc] Total free space:                             108080 Byte
20220313 061507.779 INFO             PET0 PIOc_sync Exit - MemInfo: [malloc] Top-most, releasable space:                    98960 Byte
20220313 061507.779 INFO             PET0 PIOc_sync Exit - MemInfo: [malloc] Total space in use, mmap + non-mmap:        36055504 Byte
20220313 061507.779 INFO             PET0 PIOc_sync Exit - MemInfo: [malloc] Total space held (mmap + non-mmap):         36163584 Byte
20220313 061507.779 INFO             PET0 PIOc_sync Exit - MemInfo: [malloc] Total space used (mmap + non-mmap):         36064832 Byte
20220313 061507.779 INFO             PET0 PIOc_sync Exit - MemInfo: Wall-clock time since execution start:              0.0339268 seconds
20220313 061507.779 WARNING          PET0 ESMCI_PIO_Handler.C:1501 ESMCI::PIO_Handler::isOpen() File, sep.nc000, closed by PIO
20220313 061507.779 WARNING          PET0 ESMCI_PIO_Handler.C:1501 ESMCI::PIO_Handler::isOpen() File, sep.nc000, closed by PIO
20220313 061507.780 WARNING          PET0 ESMCI_PIO_Handler.C:1501 ESMCI::PIO_Handler::isOpen() File, sep.nc000, closed by PIO
20220313 061507.780 WARNING          PET0 ESMCI_PIO_Handler.C:1501 ESMCI::PIO_Handler::isOpen() File, sep.nc001, closed by PIO
20220313 061507.782 INFO             PET0 PIOc_sync Enter - MemInfo: [/proc/meminfo - SSI]	MemTotal:       65507008 kB
20220313 061507.782 INFO             PET0 PIOc_sync Enter - MemInfo: [/proc/meminfo - SSI]	MemFree:        49868880 kB
20220313 061507.782 INFO             PET0 PIOc_sync Enter - MemInfo: [/proc/meminfo - SSI]	MemAvailable:   49621968 kB
20220313 061507.782 INFO             PET0 PIOc_sync Enter - MemInfo: [/proc/meminfo - SSI]	Committed_AS:   13170108 kB
20220313 061507.782 INFO             PET0 PIOc_sync Enter - MemInfo: [/proc/meminfo - SSI]	CommittedPercent: 20.1049 %
20220313 061507.782 INFO             PET0 PIOc_sync Enter - MemInfo: [/proc/self/status]	VmPeak:	  134264 kB
20220313 061507.782 INFO             PET0 PIOc_sync Enter - MemInfo: [/proc/self/status]	VmSize:	  134248 kB
20220313 061507.782 INFO             PET0 PIOc_sync Enter - MemInfo: [/proc/self/status]	VmLck:	       0 kB
20220313 061507.782 INFO             PET0 PIOc_sync Enter - MemInfo: [/proc/self/status]	VmPin:	       0 kB
20220313 061507.782 INFO             PET0 PIOc_sync Enter - MemInfo: [/proc/self/status]	VmHWM:	   29892 kB
20220313 061507.782 INFO             PET0 PIOc_sync Enter - MemInfo: [/proc/self/status]	VmRSS:	   29884 kB
20220313 061507.782 INFO             PET0 PIOc_sync Enter - MemInfo: [/proc/self/status]	VmData:	   38652 kB
20220313 061507.782 INFO             PET0 PIOc_sync Enter - MemInfo: [/proc/self/status]	VmStk:	     144 kB
20220313 061507.782 INFO             PET0 PIOc_sync Enter - MemInfo: [/proc/self/status]	VmExe:	     216 kB
20220313 061507.782 INFO             PET0 PIOc_sync Enter - MemInfo: [/proc/self/status]	VmLib:	   39752 kB
20220313 061507.782 INFO             PET0 PIOc_sync Enter - MemInfo: [/proc/self/status]	VmPTE:	     240 kB
20220313 061507.782 INFO             PET0 PIOc_sync Enter - MemInfo: [/proc/self/status]	VmPMD:	      12 kB
20220313 061507.782 INFO             PET0 PIOc_sync Enter - MemInfo: [/proc/self/status]	VmSwap:	       0 kB
20220313 061507.782 INFO             PET0 PIOc_sync Enter - MemInfo: [/proc/self/status]	VmRSSPercent: 0.0456195 %
20220313 061507.782 INFO             PET0 PIOc_sync Enter - MemInfo: [malloc] Non-mmapped space allocated:                36163584 Byte
20220313 061507.782 INFO             PET0 PIOc_sync Enter - MemInfo: [malloc] Space allocated in mmapped regions:                0 Byte
20220313 061507.782 INFO             PET0 PIOc_sync Enter - MemInfo: [malloc] Maximum total allocated space:                     0 Byte
20220313 061507.782 INFO             PET0 PIOc_sync Enter - MemInfo: [malloc] Space in freed fastbin blocks:                   896 Byte
20220313 061507.782 INFO             PET0 PIOc_sync Enter - MemInfo: [malloc] Total allocated space:                      36065904 Byte
20220313 061507.782 INFO             PET0 PIOc_sync Enter - MemInfo: [malloc] Total free space:                              97680 Byte
20220313 061507.782 INFO             PET0 PIOc_sync Enter - MemInfo: [malloc] Top-most, releasable space:                    88464 Byte
20220313 061507.782 INFO             PET0 PIOc_sync Enter - MemInfo: [malloc] Total space in use, mmap + non-mmap:        36065904 Byte
20220313 061507.782 INFO             PET0 PIOc_sync Enter - MemInfo: [malloc] Total space held (mmap + non-mmap):         36163584 Byte
20220313 061507.782 INFO             PET0 PIOc_sync Enter - MemInfo: [malloc] Total space used (mmap + non-mmap):         36075232 Byte
20220313 061507.782 INFO             PET0 PIOc_sync Enter - MemInfo: Wall-clock time since execution start:              0.0363183 seconds
20220313 061507.782 INFO             PET0 PIOc_sync Exit - MemInfo: [/proc/meminfo - SSI]	MemTotal:       65507008 kB
20220313 061507.782 INFO             PET0 PIOc_sync Exit - MemInfo: [/proc/meminfo - SSI]	MemFree:        49868880 kB
20220313 061507.782 INFO             PET0 PIOc_sync Exit - MemInfo: [/proc/meminfo - SSI]	MemAvailable:   49621968 kB
20220313 061507.782 INFO             PET0 PIOc_sync Exit - MemInfo: [/proc/meminfo - SSI]	Committed_AS:   13170108 kB
20220313 061507.782 INFO             PET0 PIOc_sync Exit - MemInfo: [/proc/meminfo - SSI]	CommittedPercent: 20.1049 %
20220313 061507.782 INFO             PET0 PIOc_sync Exit - MemInfo: [/proc/self/status]	VmPeak:	  134264 kB
20220313 061507.782 INFO             PET0 PIOc_sync Exit - MemInfo: [/proc/self/status]	VmSize:	  134248 kB
20220313 061507.782 INFO             PET0 PIOc_sync Exit - MemInfo: [/proc/self/status]	VmLck:	       0 kB
20220313 061507.782 INFO             PET0 PIOc_sync Exit - MemInfo: [/proc/self/status]	VmPin:	       0 kB
20220313 061507.782 INFO             PET0 PIOc_sync Exit - MemInfo: [/proc/self/status]	VmHWM:	   29892 kB
20220313 061507.782 INFO             PET0 PIOc_sync Exit - MemInfo: [/proc/self/status]	VmRSS:	   29884 kB
20220313 061507.782 INFO             PET0 PIOc_sync Exit - MemInfo: [/proc/self/status]	VmData:	   38652 kB
20220313 061507.782 INFO             PET0 PIOc_sync Exit - MemInfo: [/proc/self/status]	VmStk:	     144 kB
20220313 061507.782 INFO             PET0 PIOc_sync Exit - MemInfo: [/proc/self/status]	VmExe:	     216 kB
20220313 061507.782 INFO             PET0 PIOc_sync Exit - MemInfo: [/proc/self/status]	VmLib:	   39752 kB
20220313 061507.782 INFO             PET0 PIOc_sync Exit - MemInfo: [/proc/self/status]	VmPTE:	     240 kB
20220313 061507.782 INFO             PET0 PIOc_sync Exit - MemInfo: [/proc/self/status]	VmPMD:	      12 kB
20220313 061507.782 INFO             PET0 PIOc_sync Exit - MemInfo: [/proc/self/status]	VmSwap:	       0 kB
20220313 061507.782 INFO             PET0 PIOc_sync Exit - MemInfo: [/proc/self/status]	VmRSSPercent: 0.0456195 %
20220313 061507.782 INFO             PET0 PIOc_sync Exit - MemInfo: [malloc] Non-mmapped space allocated:                36163584 Byte
20220313 061507.782 INFO             PET0 PIOc_sync Exit - MemInfo: [malloc] Space allocated in mmapped regions:                0 Byte
20220313 061507.782 INFO             PET0 PIOc_sync Exit - MemInfo: [malloc] Maximum total allocated space:                     0 Byte
20220313 061507.782 INFO             PET0 PIOc_sync Exit - MemInfo: [malloc] Space in freed fastbin blocks:                  1040 Byte
20220313 061507.782 INFO             PET0 PIOc_sync Exit - MemInfo: [malloc] Total allocated space:                      36070416 Byte
20220313 061507.782 INFO             PET0 PIOc_sync Exit - MemInfo: [malloc] Total free space:                              93168 Byte
20220313 061507.782 INFO             PET0 PIOc_sync Exit - MemInfo: [malloc] Top-most, releasable space:                    85072 Byte
20220313 061507.782 INFO             PET0 PIOc_sync Exit - MemInfo: [malloc] Total space in use, mmap + non-mmap:        36070416 Byte
20220313 061507.782 INFO             PET0 PIOc_sync Exit - MemInfo: [malloc] Total space held (mmap + non-mmap):         36163584 Byte
20220313 061507.782 INFO             PET0 PIOc_sync Exit - MemInfo: [malloc] Total space used (mmap + non-mmap):         36079744 Byte
20220313 061507.782 INFO             PET0 PIOc_sync Exit - MemInfo: Wall-clock time since execution start:              0.0367094 seconds
20220313 061507.782 WARNING          PET0 ESMCI_PIO_Handler.C:1501 ESMCI::PIO_Handler::isOpen() File, sep.nc001, closed by PIO
20220313 061507.782 WARNING          PET0 ESMCI_PIO_Handler.C:1501 ESMCI::PIO_Handler::isOpen() File, sep.nc001, closed by PIO
20220313 061507.782 WARNING          PET0 ESMCI_PIO_Handler.C:1501 ESMCI::PIO_Handler::isOpen() File, sep.nc001, closed by PIO
20220313 061507.782 WARNING          PET0 ESMCI_PIO_Handler.C:1501 ESMCI::PIO_Handler::isOpen() File, sep.nc002, closed by PIO
20220313 061507.784 INFO             PET0 PIOc_sync Enter - MemInfo: [/proc/meminfo - SSI]	MemTotal:       65507008 kB
20220313 061507.784 INFO             PET0 PIOc_sync Enter - MemInfo: [/proc/meminfo - SSI]	MemFree:        49868880 kB
20220313 061507.784 INFO             PET0 PIOc_sync Enter - MemInfo: [/proc/meminfo - SSI]	MemAvailable:   49621968 kB
20220313 061507.784 INFO             PET0 PIOc_sync Enter - MemInfo: [/proc/meminfo - SSI]	Committed_AS:   13170108 kB
20220313 061507.784 INFO             PET0 PIOc_sync Enter - MemInfo: [/proc/meminfo - SSI]	CommittedPercent: 20.1049 %
20220313 061507.784 INFO             PET0 PIOc_sync Enter - MemInfo: [/proc/self/status]	VmPeak:	  134264 kB
20220313 061507.784 INFO             PET0 PIOc_sync Enter - MemInfo: [/proc/self/status]	VmSize:	  134248 kB
20220313 061507.784 INFO             PET0 PIOc_sync Enter - MemInfo: [/proc/self/status]	VmLck:	       0 kB
20220313 061507.784 INFO             PET0 PIOc_sync Enter - MemInfo: [/proc/self/status]	VmPin:	       0 kB
20220313 061507.784 INFO             PET0 PIOc_sync Enter - MemInfo: [/proc/self/status]	VmHWM:	   29892 kB
20220313 061507.784 INFO             PET0 PIOc_sync Enter - MemInfo: [/proc/self/status]	VmRSS:	   29884 kB
20220313 061507.784 INFO             PET0 PIOc_sync Enter - MemInfo: [/proc/self/status]	VmData:	   38652 kB
20220313 061507.784 INFO             PET0 PIOc_sync Enter - MemInfo: [/proc/self/status]	VmStk:	     144 kB
20220313 061507.784 INFO             PET0 PIOc_sync Enter - MemInfo: [/proc/self/status]	VmExe:	     216 kB
20220313 061507.784 INFO             PET0 PIOc_sync Enter - MemInfo: [/proc/self/status]	VmLib:	   39752 kB
20220313 061507.784 INFO             PET0 PIOc_sync Enter - MemInfo: [/proc/self/status]	VmPTE:	     240 kB
20220313 061507.784 INFO             PET0 PIOc_sync Enter - MemInfo: [/proc/self/status]	VmPMD:	      12 kB
20220313 061507.784 INFO             PET0 PIOc_sync Enter - MemInfo: [/proc/self/status]	VmSwap:	       0 kB
20220313 061507.784 INFO             PET0 PIOc_sync Enter - MemInfo: [/proc/self/status]	VmRSSPercent: 0.0456195 %
20220313 061507.784 INFO             PET0 PIOc_sync Enter - MemInfo: [malloc] Non-mmapped space allocated:                36163584 Byte
20220313 061507.784 INFO             PET0 PIOc_sync Enter - MemInfo: [malloc] Space allocated in mmapped regions:                0 Byte
20220313 061507.784 INFO             PET0 PIOc_sync Enter - MemInfo: [malloc] Maximum total allocated space:                     0 Byte
20220313 061507.784 INFO             PET0 PIOc_sync Enter - MemInfo: [malloc] Space in freed fastbin blocks:                   832 Byte
20220313 061507.784 INFO             PET0 PIOc_sync Enter - MemInfo: [malloc] Total allocated space:                      36086112 Byte
20220313 061507.784 INFO             PET0 PIOc_sync Enter - MemInfo: [malloc] Total free space:                              77472 Byte
20220313 061507.784 INFO             PET0 PIOc_sync Enter - MemInfo: [malloc] Top-most, releasable space:                    66288 Byte
20220313 061507.785 INFO             PET0 PIOc_sync Enter - MemInfo: [malloc] Total space in use, mmap + non-mmap:        36086112 Byte
20220313 061507.785 INFO             PET0 PIOc_sync Enter - MemInfo: [malloc] Total space held (mmap + non-mmap):         36163584 Byte
20220313 061507.785 INFO             PET0 PIOc_sync Enter - MemInfo: [malloc] Total space used (mmap + non-mmap):         36095440 Byte
20220313 061507.785 INFO             PET0 PIOc_sync Enter - MemInfo: Wall-clock time since execution start:              0.0390236 seconds
20220313 061507.787 INFO             PET0 PIOc_sync Exit - MemInfo: [/proc/meminfo - SSI]	MemTotal:       65507008 kB
20220313 061507.787 INFO             PET0 PIOc_sync Exit - MemInfo: [/proc/meminfo - SSI]	MemFree:        49868880 kB
20220313 061507.787 INFO             PET0 PIOc_sync Exit - MemInfo: [/proc/meminfo - SSI]	MemAvailable:   49621968 kB
20220313 061507.787 INFO             PET0 PIOc_sync Exit - MemInfo: [/proc/meminfo - SSI]	Committed_AS:   13170108 kB
20220313 061507.787 INFO             PET0 PIOc_sync Exit - MemInfo: [/proc/meminfo - SSI]	CommittedPercent: 20.1049 %
20220313 061507.787 INFO             PET0 PIOc_sync Exit - MemInfo: [/proc/self/status]	VmPeak:	  134264 kB
20220313 061507.787 INFO             PET0 PIOc_sync Exit - MemInfo: [/proc/self/status]	VmSize:	  134264 kB
20220313 061507.787 INFO             PET0 PIOc_sync Exit - MemInfo: [/proc/self/status]	VmLck:	       0 kB
20220313 061507.787 INFO             PET0 PIOc_sync Exit - MemInfo: [/proc/self/status]	VmPin:	       0 kB
20220313 061507.787 INFO             PET0 PIOc_sync Exit - MemInfo: [/proc/self/status]	VmHWM:	   29900 kB
20220313 061507.787 INFO             PET0 PIOc_sync Exit - MemInfo: [/proc/self/status]	VmRSS:	   29900 kB
20220313 061507.787 INFO             PET0 PIOc_sync Exit - MemInfo: [/proc/self/status]	VmData:	   38668 kB
20220313 061507.787 INFO             PET0 PIOc_sync Exit - MemInfo: [/proc/self/status]	VmStk:	     144 kB
20220313 061507.787 INFO             PET0 PIOc_sync Exit - MemInfo: [/proc/self/status]	VmExe:	     216 kB
20220313 061507.787 INFO             PET0 PIOc_sync Exit - MemInfo: [/proc/self/status]	VmLib:	   39752 kB
20220313 061507.787 INFO             PET0 PIOc_sync Exit - MemInfo: [/proc/self/status]	VmPTE:	     240 kB
20220313 061507.787 INFO             PET0 PIOc_sync Exit - MemInfo: [/proc/self/status]	VmPMD:	      12 kB
20220313 061507.787 INFO             PET0 PIOc_sync Exit - MemInfo: [/proc/self/status]	VmSwap:	       0 kB
20220313 061507.787 INFO             PET0 PIOc_sync Exit - MemInfo: [/proc/self/status]	VmRSSPercent: 0.045644 %
20220313 061507.787 INFO             PET0 PIOc_sync Exit - MemInfo: [malloc] Non-mmapped space allocated:                36163584 Byte
20220313 061507.787 INFO             PET0 PIOc_sync Exit - MemInfo: [malloc] Space allocated in mmapped regions:                0 Byte
20220313 061507.787 INFO             PET0 PIOc_sync Exit - MemInfo: [malloc] Maximum total allocated space:                     0 Byte
20220313 061507.787 INFO             PET0 PIOc_sync Exit - MemInfo: [malloc] Space in freed fastbin blocks:                   816 Byte
20220313 061507.787 INFO             PET0 PIOc_sync Exit - MemInfo: [malloc] Total allocated space:                      36092032 Byte
20220313 061507.787 INFO             PET0 PIOc_sync Exit - MemInfo: [malloc] Total free space:                              71552 Byte
20220313 061507.787 INFO             PET0 PIOc_sync Exit - MemInfo: [malloc] Top-most, releasable space:                    50240 Byte
20220313 061507.787 INFO             PET0 PIOc_sync Exit - MemInfo: [malloc] Total space in use, mmap + non-mmap:        36092032 Byte
20220313 061507.787 INFO             PET0 PIOc_sync Exit - MemInfo: [malloc] Total space held (mmap + non-mmap):         36163584 Byte
20220313 061507.787 INFO             PET0 PIOc_sync Exit - MemInfo: [malloc] Total space used (mmap + non-mmap):         36101360 Byte
20220313 061507.787 INFO             PET0 PIOc_sync Exit - MemInfo: Wall-clock time since execution start:              0.0415632 seconds
20220313 061507.787 INFO             PET0 PIOc_freedecomp Enter - MemInfo: [/proc/meminfo - SSI]	MemTotal:       65507008 kB
20220313 061507.787 INFO             PET0 PIOc_freedecomp Enter - MemInfo: [/proc/meminfo - SSI]	MemFree:        49868880 kB
20220313 061507.787 INFO             PET0 PIOc_freedecomp Enter - MemInfo: [/proc/meminfo - SSI]	MemAvailable:   49621968 kB
20220313 061507.787 INFO             PET0 PIOc_freedecomp Enter - MemInfo: [/proc/meminfo - SSI]	Committed_AS:   13170108 kB
20220313 061507.787 INFO             PET0 PIOc_freedecomp Enter - MemInfo: [/proc/meminfo - SSI]	CommittedPercent: 20.1049 %
20220313 061507.787 INFO             PET0 PIOc_freedecomp Enter - MemInfo: [/proc/self/status]	VmPeak:	  134264 kB
20220313 061507.787 INFO             PET0 PIOc_freedecomp Enter - MemInfo: [/proc/self/status]	VmSize:	  134264 kB
20220313 061507.787 INFO             PET0 PIOc_freedecomp Enter - MemInfo: [/proc/self/status]	VmLck:	       0 kB
20220313 061507.787 INFO             PET0 PIOc_freedecomp Enter - MemInfo: [/proc/self/status]	VmPin:	       0 kB
20220313 061507.787 INFO             PET0 PIOc_freedecomp Enter - MemInfo: [/proc/self/status]	VmHWM:	   29900 kB
20220313 061507.787 INFO             PET0 PIOc_freedecomp Enter - MemInfo: [/proc/self/status]	VmRSS:	   29900 kB
20220313 061507.787 INFO             PET0 PIOc_freedecomp Enter - MemInfo: [/proc/self/status]	VmData:	   38668 kB
20220313 061507.787 INFO             PET0 PIOc_freedecomp Enter - MemInfo: [/proc/self/status]	VmStk:	     144 kB
20220313 061507.787 INFO             PET0 PIOc_freedecomp Enter - MemInfo: [/proc/self/status]	VmExe:	     216 kB
20220313 061507.787 INFO             PET0 PIOc_freedecomp Enter - MemInfo: [/proc/self/status]	VmLib:	   39752 kB
20220313 061507.787 INFO             PET0 PIOc_freedecomp Enter - MemInfo: [/proc/self/status]	VmPTE:	     240 kB
20220313 061507.787 INFO             PET0 PIOc_freedecomp Enter - MemInfo: [/proc/self/status]	VmPMD:	      12 kB
20220313 061507.787 INFO             PET0 PIOc_freedecomp Enter - MemInfo: [/proc/self/status]	VmSwap:	       0 kB
20220313 061507.787 INFO             PET0 PIOc_freedecomp Enter - MemInfo: [/proc/self/status]	VmRSSPercent: 0.045644 %
20220313 061507.787 INFO             PET0 PIOc_freedecomp Enter - MemInfo: [malloc] Non-mmapped space allocated:                36163584 Byte
20220313 061507.787 INFO             PET0 PIOc_freedecomp Enter - MemInfo: [malloc] Space allocated in mmapped regions:                0 Byte
20220313 061507.787 INFO             PET0 PIOc_freedecomp Enter - MemInfo: [malloc] Maximum total allocated space:                     0 Byte
20220313 061507.787 INFO             PET0 PIOc_freedecomp Enter - MemInfo: [malloc] Space in freed fastbin blocks:                   912 Byte
20220313 061507.787 INFO             PET0 PIOc_freedecomp Enter - MemInfo: [malloc] Total allocated space:                      18777056 Byte
20220313 061507.787 INFO             PET0 PIOc_freedecomp Enter - MemInfo: [malloc] Total free space:                           17386528 Byte
20220313 061507.787 INFO             PET0 PIOc_freedecomp Enter - MemInfo: [malloc] Top-most, releasable space:                    50240 Byte
20220313 061507.787 INFO             PET0 PIOc_freedecomp Enter - MemInfo: [malloc] Total space in use, mmap + non-mmap:        18777056 Byte
20220313 061507.787 INFO             PET0 PIOc_freedecomp Enter - MemInfo: [malloc] Total space held (mmap + non-mmap):         36163584 Byte
20220313 061507.787 INFO             PET0 PIOc_freedecomp Enter - MemInfo: [malloc] Total space used (mmap + non-mmap):         18786384 Byte
20220313 061507.787 INFO             PET0 PIOc_freedecomp Enter - MemInfo: Wall-clock time since execution start:               0.041961 seconds
20220313 061507.788 INFO             PET0 PIOc_freedecomp Exit - MemInfo: [/proc/meminfo - SSI]	MemTotal:       65507008 kB
20220313 061507.788 INFO             PET0 PIOc_freedecomp Exit - MemInfo: [/proc/meminfo - SSI]	MemFree:        49868880 kB
20220313 061507.788 INFO             PET0 PIOc_freedecomp Exit - MemInfo: [/proc/meminfo - SSI]	MemAvailable:   49621968 kB
20220313 061507.788 INFO             PET0 PIOc_freedecomp Exit - MemInfo: [/proc/meminfo - SSI]	Committed_AS:   13170108 kB
20220313 061507.788 INFO             PET0 PIOc_freedecomp Exit - MemInfo: [/proc/meminfo - SSI]	CommittedPercent: 20.1049 %
20220313 061507.788 INFO             PET0 PIOc_freedecomp Exit - MemInfo: [/proc/self/status]	VmPeak:	  134264 kB
20220313 061507.788 INFO             PET0 PIOc_freedecomp Exit - MemInfo: [/proc/self/status]	VmSize:	  134248 kB
20220313 061507.788 INFO             PET0 PIOc_freedecomp Exit - MemInfo: [/proc/self/status]	VmLck:	       0 kB
20220313 061507.788 INFO             PET0 PIOc_freedecomp Exit - MemInfo: [/proc/self/status]	VmPin:	       0 kB
20220313 061507.788 INFO             PET0 PIOc_freedecomp Exit - MemInfo: [/proc/self/status]	VmHWM:	   29900 kB
20220313 061507.788 INFO             PET0 PIOc_freedecomp Exit - MemInfo: [/proc/self/status]	VmRSS:	   29884 kB
20220313 061507.788 INFO             PET0 PIOc_freedecomp Exit - MemInfo: [/proc/self/status]	VmData:	   38652 kB
20220313 061507.788 INFO             PET0 PIOc_freedecomp Exit - MemInfo: [/proc/self/status]	VmStk:	     144 kB
20220313 061507.788 INFO             PET0 PIOc_freedecomp Exit - MemInfo: [/proc/self/status]	VmExe:	     216 kB
20220313 061507.788 INFO             PET0 PIOc_freedecomp Exit - MemInfo: [/proc/self/status]	VmLib:	   39752 kB
20220313 061507.788 INFO             PET0 PIOc_freedecomp Exit - MemInfo: [/proc/self/status]	VmPTE:	     240 kB
20220313 061507.788 INFO             PET0 PIOc_freedecomp Exit - MemInfo: [/proc/self/status]	VmPMD:	      12 kB
20220313 061507.788 INFO             PET0 PIOc_freedecomp Exit - MemInfo: [/proc/self/status]	VmSwap:	       0 kB
20220313 061507.788 INFO             PET0 PIOc_freedecomp Exit - MemInfo: [/proc/self/status]	VmRSSPercent: 0.0456195 %
20220313 061507.788 INFO             PET0 PIOc_freedecomp Exit - MemInfo: [malloc] Non-mmapped space allocated:                36163584 Byte
20220313 061507.788 INFO             PET0 PIOc_freedecomp Exit - MemInfo: [malloc] Space allocated in mmapped regions:                0 Byte
20220313 061507.788 INFO             PET0 PIOc_freedecomp Exit - MemInfo: [malloc] Maximum total allocated space:                     0 Byte
20220313 061507.788 INFO             PET0 PIOc_freedecomp Exit - MemInfo: [malloc] Space in freed fastbin blocks:                   896 Byte
20220313 061507.788 INFO             PET0 PIOc_freedecomp Exit - MemInfo: [malloc] Total allocated space:                      18755680 Byte
20220313 061507.788 INFO             PET0 PIOc_freedecomp Exit - MemInfo: [malloc] Total free space:                           17407904 Byte
20220313 061507.788 INFO             PET0 PIOc_freedecomp Exit - MemInfo: [malloc] Top-most, releasable space:                    85072 Byte
20220313 061507.788 INFO             PET0 PIOc_freedecomp Exit - MemInfo: [malloc] Total space in use, mmap + non-mmap:        18755680 Byte
20220313 061507.788 INFO             PET0 PIOc_freedecomp Exit - MemInfo: [malloc] Total space held (mmap + non-mmap):         36163584 Byte
20220313 061507.788 INFO             PET0 PIOc_freedecomp Exit - MemInfo: [malloc] Total space used (mmap + non-mmap):         18765008 Byte
20220313 061507.788 INFO             PET0 PIOc_freedecomp Exit - MemInfo: Wall-clock time since execution start:              0.0422914 seconds
20220313 061507.788 INFO             PET0 PIOc_freedecomp Enter - MemInfo: [/proc/meminfo - SSI]	MemTotal:       65507008 kB
20220313 061507.788 INFO             PET0 PIOc_freedecomp Enter - MemInfo: [/proc/meminfo - SSI]	MemFree:        49868880 kB
20220313 061507.788 INFO             PET0 PIOc_freedecomp Enter - MemInfo: [/proc/meminfo - SSI]	MemAvailable:   49621968 kB
20220313 061507.788 INFO             PET0 PIOc_freedecomp Enter - MemInfo: [/proc/meminfo - SSI]	Committed_AS:   13170108 kB
20220313 061507.788 INFO             PET0 PIOc_freedecomp Enter - MemInfo: [/proc/meminfo - SSI]	CommittedPercent: 20.1049 %
20220313 061507.788 INFO             PET0 PIOc_freedecomp Enter - MemInfo: [/proc/self/status]	VmPeak:	  134264 kB
20220313 061507.788 INFO             PET0 PIOc_freedecomp Enter - MemInfo: [/proc/self/status]	VmSize:	  134248 kB
20220313 061507.788 INFO             PET0 PIOc_freedecomp Enter - MemInfo: [/proc/self/status]	VmLck:	       0 kB
20220313 061507.788 INFO             PET0 PIOc_freedecomp Enter - MemInfo: [/proc/self/status]	VmPin:	       0 kB
20220313 061507.788 INFO             PET0 PIOc_freedecomp Enter - MemInfo: [/proc/self/status]	VmHWM:	   29900 kB
20220313 061507.788 INFO             PET0 PIOc_freedecomp Enter - MemInfo: [/proc/self/status]	VmRSS:	   29884 kB
20220313 061507.788 INFO             PET0 PIOc_freedecomp Enter - MemInfo: [/proc/self/status]	VmData:	   38652 kB
20220313 061507.788 INFO             PET0 PIOc_freedecomp Enter - MemInfo: [/proc/self/status]	VmStk:	     144 kB
20220313 061507.788 INFO             PET0 PIOc_freedecomp Enter - MemInfo: [/proc/self/status]	VmExe:	     216 kB
20220313 061507.788 INFO             PET0 PIOc_freedecomp Enter - MemInfo: [/proc/self/status]	VmLib:	   39752 kB
20220313 061507.788 INFO             PET0 PIOc_freedecomp Enter - MemInfo: [/proc/self/status]	VmPTE:	     240 kB
20220313 061507.788 INFO             PET0 PIOc_freedecomp Enter - MemInfo: [/proc/self/status]	VmPMD:	      12 kB
20220313 061507.788 INFO             PET0 PIOc_freedecomp Enter - MemInfo: [/proc/self/status]	VmSwap:	       0 kB
20220313 061507.788 INFO             PET0 PIOc_freedecomp Enter - MemInfo: [/proc/self/status]	VmRSSPercent: 0.0456195 %
20220313 061507.788 INFO             PET0 PIOc_freedecomp Enter - MemInfo: [malloc] Non-mmapped space allocated:                36163584 Byte
20220313 061507.788 INFO             PET0 PIOc_freedecomp Enter - MemInfo: [malloc] Space allocated in mmapped regions:                0 Byte
20220313 061507.788 INFO             PET0 PIOc_freedecomp Enter - MemInfo: [malloc] Maximum total allocated space:                     0 Byte
20220313 061507.788 INFO             PET0 PIOc_freedecomp Enter - MemInfo: [malloc] Space in freed fastbin blocks:                  1408 Byte
20220313 061507.788 INFO             PET0 PIOc_freedecomp Enter - MemInfo: [malloc] Total allocated space:                      18755552 Byte
20220313 061507.788 INFO             PET0 PIOc_freedecomp Enter - MemInfo: [malloc] Total free space:                           17408032 Byte
20220313 061507.788 INFO             PET0 PIOc_freedecomp Enter - MemInfo: [malloc] Top-most, releasable space:                    85072 Byte
20220313 061507.788 INFO             PET0 PIOc_freedecomp Enter - MemInfo: [malloc] Total space in use, mmap + non-mmap:        18755552 Byte
20220313 061507.788 INFO             PET0 PIOc_freedecomp Enter - MemInfo: [malloc] Total space held (mmap + non-mmap):         36163584 Byte
20220313 061507.788 INFO             PET0 PIOc_freedecomp Enter - MemInfo: [malloc] Total space used (mmap + non-mmap):         18764880 Byte
20220313 061507.788 INFO             PET0 PIOc_freedecomp Enter - MemInfo: Wall-clock time since execution start:              0.0426082 seconds
20220313 061507.788 INFO             PET0 PIOc_freedecomp Exit - MemInfo: [/proc/meminfo - SSI]	MemTotal:       65507008 kB
20220313 061507.788 INFO             PET0 PIOc_freedecomp Exit - MemInfo: [/proc/meminfo - SSI]	MemFree:        49868880 kB
20220313 061507.788 INFO             PET0 PIOc_freedecomp Exit - MemInfo: [/proc/meminfo - SSI]	MemAvailable:   49621968 kB
20220313 061507.788 INFO             PET0 PIOc_freedecomp Exit - MemInfo: [/proc/meminfo - SSI]	Committed_AS:   13170108 kB
20220313 061507.788 INFO             PET0 PIOc_freedecomp Exit - MemInfo: [/proc/meminfo - SSI]	CommittedPercent: 20.1049 %
20220313 061507.788 INFO             PET0 PIOc_freedecomp Exit - MemInfo: [/proc/self/status]	VmPeak:	  134264 kB
20220313 061507.788 INFO             PET0 PIOc_freedecomp Exit - MemInfo: [/proc/self/status]	VmSize:	  134248 kB
20220313 061507.788 INFO             PET0 PIOc_freedecomp Exit - MemInfo: [/proc/self/status]	VmLck:	       0 kB
20220313 061507.788 INFO             PET0 PIOc_freedecomp Exit - MemInfo: [/proc/self/status]	VmPin:	       0 kB
20220313 061507.788 INFO             PET0 PIOc_freedecomp Exit - MemInfo: [/proc/self/status]	VmHWM:	   29900 kB
20220313 061507.788 INFO             PET0 PIOc_freedecomp Exit - MemInfo: [/proc/self/status]	VmRSS:	   29884 kB
20220313 061507.788 INFO             PET0 PIOc_freedecomp Exit - MemInfo: [/proc/self/status]	VmData:	   38652 kB
20220313 061507.788 INFO             PET0 PIOc_freedecomp Exit - MemInfo: [/proc/self/status]	VmStk:	     144 kB
20220313 061507.788 INFO             PET0 PIOc_freedecomp Exit - MemInfo: [/proc/self/status]	VmExe:	     216 kB
20220313 061507.788 INFO             PET0 PIOc_freedecomp Exit - MemInfo: [/proc/self/status]	VmLib:	   39752 kB
20220313 061507.788 INFO             PET0 PIOc_freedecomp Exit - MemInfo: [/proc/self/status]	VmPTE:	     240 kB
20220313 061507.788 INFO             PET0 PIOc_freedecomp Exit - MemInfo: [/proc/self/status]	VmPMD:	      12 kB
20220313 061507.788 INFO             PET0 PIOc_freedecomp Exit - MemInfo: [/proc/self/status]	VmSwap:	       0 kB
20220313 061507.788 INFO             PET0 PIOc_freedecomp Exit - MemInfo: [/proc/self/status]	VmRSSPercent: 0.0456195 %
20220313 061507.788 INFO             PET0 PIOc_freedecomp Exit - MemInfo: [malloc] Non-mmapped space allocated:                36163584 Byte
20220313 061507.788 INFO             PET0 PIOc_freedecomp Exit - MemInfo: [malloc] Space allocated in mmapped regions:                0 Byte
20220313 061507.788 INFO             PET0 PIOc_freedecomp Exit - MemInfo: [malloc] Maximum total allocated space:                     0 Byte
20220313 061507.788 INFO             PET0 PIOc_freedecomp Exit - MemInfo: [malloc] Space in freed fastbin blocks:                  1040 Byte
20220313 061507.788 INFO             PET0 PIOc_freedecomp Exit - MemInfo: [malloc] Total allocated space:                      18744992 Byte
20220313 061507.788 INFO             PET0 PIOc_freedecomp Exit - MemInfo: [malloc] Total free space:                           17418592 Byte
20220313 061507.788 INFO             PET0 PIOc_freedecomp Exit - MemInfo: [malloc] Top-most, releasable space:                    98960 Byte
20220313 061507.788 INFO             PET0 PIOc_freedecomp Exit - MemInfo: [malloc] Total space in use, mmap + non-mmap:        18744992 Byte
