build time -- 2022-03-14 06:04:57.088307
20220314 061549.655 INFO             PET0 !!!!!!!!!!!!!!!!!!!!!!!!!!!!!!!!!!!!!!!!!!!!!!!!!!!!!!
20220314 061549.655 INFO             PET0 !!! THE ESMF_LOG IS SET TO OUTPUT ALL LOG MESSAGES !!!
20220314 061549.655 INFO             PET0 !!!     THIS MAY CAUSE SLOWDOWN IN PERFORMANCE     !!!
20220314 061549.655 INFO             PET0 !!! FOR PRODUCTION RUNS, USE:                      !!!
20220314 061549.655 INFO             PET0 !!!                   ESMF_LOGKIND_Multi_On_Error  !!!
20220314 061549.655 INFO             PET0 !!!!!!!!!!!!!!!!!!!!!!!!!!!!!!!!!!!!!!!!!!!!!!!!!!!!!!
20220314 061549.655 INFO             PET0 Running with ESMF Version   : v8.3.0b09-96-g559b459836
20220314 061549.655 INFO             PET0 ESMF library build date/time: "Mar 14 2022" "06:03:07"
20220314 061549.655 INFO             PET0 ESMF library build location : /glade/scratch/rlong/esmf-testing/gfortran_10.1.0_mpt_O_jedwards_pio_update2
20220314 061549.655 INFO             PET0 ESMF_COMM                   : mpt
20220314 061549.656 INFO             PET0 ESMF_MOAB                   : enabled
20220314 061549.656 INFO             PET0 ESMF_LAPACK                 : enabled
20220314 061549.656 INFO             PET0 ESMF_NETCDF                 : enabled
20220314 061549.656 INFO             PET0 ESMF_PNETCDF                : disabled
20220314 061549.656 INFO             PET0 ESMF_PIO                    : enabled
20220314 061549.656 INFO             PET0 ESMF_YAMLCPP                : enabled
20220314 061549.656 INFO             PET0  Beginning Test, file ESMF_IOUTest.F90, line 57
20220314 061549.656 INFO             PET0  NUMBER_OF_PROCESSORS           4
20220314 061549.656 INFO             PET0 Starting Test:  ESMF_OutputWeightFile
20220314 061549.667 INFO             PET0 PIOc_sync Enter - MemInfo: [/proc/meminfo - SSI]	MemTotal:       65507008 kB
20220314 061549.667 INFO             PET0 PIOc_sync Enter - MemInfo: [/proc/meminfo - SSI]	MemFree:        49820144 kB
20220314 061549.667 INFO             PET0 PIOc_sync Enter - MemInfo: [/proc/meminfo - SSI]	MemAvailable:   49572676 kB
20220314 061549.667 INFO             PET0 PIOc_sync Enter - MemInfo: [/proc/meminfo - SSI]	Committed_AS:   13138664 kB
20220314 061549.667 INFO             PET0 PIOc_sync Enter - MemInfo: [/proc/meminfo - SSI]	CommittedPercent: 20.0569 %
20220314 061549.667 INFO             PET0 PIOc_sync Enter - MemInfo: [/proc/self/status]	VmPeak:	  133760 kB
20220314 061549.667 INFO             PET0 PIOc_sync Enter - MemInfo: [/proc/self/status]	VmSize:	  133760 kB
20220314 061549.667 INFO             PET0 PIOc_sync Enter - MemInfo: [/proc/self/status]	VmLck:	       0 kB
20220314 061549.667 INFO             PET0 PIOc_sync Enter - MemInfo: [/proc/self/status]	VmPin:	       0 kB
20220314 061549.667 INFO             PET0 PIOc_sync Enter - MemInfo: [/proc/self/status]	VmHWM:	   29956 kB
20220314 061549.667 INFO             PET0 PIOc_sync Enter - MemInfo: [/proc/self/status]	VmRSS:	   29956 kB
20220314 061549.667 INFO             PET0 PIOc_sync Enter - MemInfo: [/proc/self/status]	VmData:	   38648 kB
20220314 061549.667 INFO             PET0 PIOc_sync Enter - MemInfo: [/proc/self/status]	VmStk:	     144 kB
20220314 061549.667 INFO             PET0 PIOc_sync Enter - MemInfo: [/proc/self/status]	VmExe:	     196 kB
20220314 061549.667 INFO             PET0 PIOc_sync Enter - MemInfo: [/proc/self/status]	VmLib:	   39752 kB
20220314 061549.667 INFO             PET0 PIOc_sync Enter - MemInfo: [/proc/self/status]	VmPTE:	     256 kB
20220314 061549.667 INFO             PET0 PIOc_sync Enter - MemInfo: [/proc/self/status]	VmPMD:	      12 kB
20220314 061549.667 INFO             PET0 PIOc_sync Enter - MemInfo: [/proc/self/status]	VmSwap:	       0 kB
20220314 061549.667 INFO             PET0 PIOc_sync Enter - MemInfo: [/proc/self/status]	VmRSSPercent: 0.0457295 %
20220314 061549.667 INFO             PET0 PIOc_sync Enter - MemInfo: [malloc] Non-mmapped space allocated:                36159488 Byte
20220314 061549.668 INFO             PET0 PIOc_sync Enter - MemInfo: [malloc] Space allocated in mmapped regions:                0 Byte
20220314 061549.668 INFO             PET0 PIOc_sync Enter - MemInfo: [malloc] Maximum total allocated space:                     0 Byte
20220314 061549.668 INFO             PET0 PIOc_sync Enter - MemInfo: [malloc] Space in freed fastbin blocks:                   944 Byte
20220314 061549.668 INFO             PET0 PIOc_sync Enter - MemInfo: [malloc] Total allocated space:                      36039552 Byte
20220314 061549.668 INFO             PET0 PIOc_sync Enter - MemInfo: [malloc] Total free space:                             119936 Byte
20220314 061549.668 INFO             PET0 PIOc_sync Enter - MemInfo: [malloc] Top-most, releasable space:                   118432 Byte
20220314 061549.668 INFO             PET0 PIOc_sync Enter - MemInfo: [malloc] Total space in use, mmap + non-mmap:        36039552 Byte
20220314 061549.668 INFO             PET0 PIOc_sync Enter - MemInfo: [malloc] Total space held (mmap + non-mmap):         36159488 Byte
20220314 061549.668 INFO             PET0 PIOc_sync Enter - MemInfo: [malloc] Total space used (mmap + non-mmap):         36048880 Byte
20220314 061549.669 INFO             PET0 PIOc_sync Enter - MemInfo: Wall-clock time since execution start:              0.0140262 seconds
20220314 061549.670 INFO             PET0 PIOc_sync Exit - MemInfo: [/proc/meminfo - SSI]	MemTotal:       65507008 kB
20220314 061549.670 INFO             PET0 PIOc_sync Exit - MemInfo: [/proc/meminfo - SSI]	MemFree:        49820144 kB
20220314 061549.670 INFO             PET0 PIOc_sync Exit - MemInfo: [/proc/meminfo - SSI]	MemAvailable:   49572676 kB
20220314 061549.670 INFO             PET0 PIOc_sync Exit - MemInfo: [/proc/meminfo - SSI]	Committed_AS:   13138664 kB
20220314 061549.670 INFO             PET0 PIOc_sync Exit - MemInfo: [/proc/meminfo - SSI]	CommittedPercent: 20.0569 %
20220314 061549.670 INFO             PET0 PIOc_sync Exit - MemInfo: [/proc/self/status]	VmPeak:	  133760 kB
20220314 061549.670 INFO             PET0 PIOc_sync Exit - MemInfo: [/proc/self/status]	VmSize:	  133760 kB
20220314 061549.670 INFO             PET0 PIOc_sync Exit - MemInfo: [/proc/self/status]	VmLck:	       0 kB
20220314 061549.670 INFO             PET0 PIOc_sync Exit - MemInfo: [/proc/self/status]	VmPin:	       0 kB
20220314 061549.670 INFO             PET0 PIOc_sync Exit - MemInfo: [/proc/self/status]	VmHWM:	   30096 kB
20220314 061549.670 INFO             PET0 PIOc_sync Exit - MemInfo: [/proc/self/status]	VmRSS:	   30096 kB
20220314 061549.670 INFO             PET0 PIOc_sync Exit - MemInfo: [/proc/self/status]	VmData:	   38648 kB
20220314 061549.670 INFO             PET0 PIOc_sync Exit - MemInfo: [/proc/self/status]	VmStk:	     144 kB
20220314 061549.670 INFO             PET0 PIOc_sync Exit - MemInfo: [/proc/self/status]	VmExe:	     196 kB
20220314 061549.670 INFO             PET0 PIOc_sync Exit - MemInfo: [/proc/self/status]	VmLib:	   39752 kB
20220314 061549.670 INFO             PET0 PIOc_sync Exit - MemInfo: [/proc/self/status]	VmPTE:	     256 kB
20220314 061549.670 INFO             PET0 PIOc_sync Exit - MemInfo: [/proc/self/status]	VmPMD:	      12 kB
20220314 061549.670 INFO             PET0 PIOc_sync Exit - MemInfo: [/proc/self/status]	VmSwap:	       0 kB
20220314 061549.670 INFO             PET0 PIOc_sync Exit - MemInfo: [/proc/self/status]	VmRSSPercent: 0.0459432 %
20220314 061549.670 INFO             PET0 PIOc_sync Exit - MemInfo: [malloc] Non-mmapped space allocated:                36159488 Byte
20220314 061549.670 INFO             PET0 PIOc_sync Exit - MemInfo: [malloc] Space allocated in mmapped regions:                0 Byte
20220314 061549.670 INFO             PET0 PIOc_sync Exit - MemInfo: [malloc] Maximum total allocated space:                     0 Byte
20220314 061549.670 INFO             PET0 PIOc_sync Exit - MemInfo: [malloc] Space in freed fastbin blocks:                   704 Byte
20220314 061549.670 INFO             PET0 PIOc_sync Exit - MemInfo: [malloc] Total allocated space:                      36038912 Byte
20220314 061549.670 INFO             PET0 PIOc_sync Exit - MemInfo: [malloc] Total free space:                             120576 Byte
20220314 061549.670 INFO             PET0 PIOc_sync Exit - MemInfo: [malloc] Top-most, releasable space:                   118368 Byte
20220314 061549.670 INFO             PET0 PIOc_sync Exit - MemInfo: [malloc] Total space in use, mmap + non-mmap:        36038912 Byte
20220314 061549.670 INFO             PET0 PIOc_sync Exit - MemInfo: [malloc] Total space held (mmap + non-mmap):         36159488 Byte
20220314 061549.670 INFO             PET0 PIOc_sync Exit - MemInfo: [malloc] Total space used (mmap + non-mmap):         36048240 Byte
20220314 061549.670 INFO             PET0 PIOc_sync Exit - MemInfo: Wall-clock time since execution start:              0.0157856 seconds
20220314 061549.670 INFO             PET0 PIOc_freedecomp Enter - MemInfo: [/proc/meminfo - SSI]	MemTotal:       65507008 kB
20220314 061549.670 INFO             PET0 PIOc_freedecomp Enter - MemInfo: [/proc/meminfo - SSI]	MemFree:        49820144 kB
20220314 061549.670 INFO             PET0 PIOc_freedecomp Enter - MemInfo: [/proc/meminfo - SSI]	MemAvailable:   49572676 kB
20220314 061549.670 INFO             PET0 PIOc_freedecomp Enter - MemInfo: [/proc/meminfo - SSI]	Committed_AS:   13138664 kB
20220314 061549.670 INFO             PET0 PIOc_freedecomp Enter - MemInfo: [/proc/meminfo - SSI]	CommittedPercent: 20.0569 %
20220314 061549.670 INFO             PET0 PIOc_freedecomp Enter - MemInfo: [/proc/self/status]	VmPeak:	  133760 kB
20220314 061549.670 INFO             PET0 PIOc_freedecomp Enter - MemInfo: [/proc/self/status]	VmSize:	  133760 kB
20220314 061549.670 INFO             PET0 PIOc_freedecomp Enter - MemInfo: [/proc/self/status]	VmLck:	       0 kB
20220314 061549.670 INFO             PET0 PIOc_freedecomp Enter - MemInfo: [/proc/self/status]	VmPin:	       0 kB
20220314 061549.670 INFO             PET0 PIOc_freedecomp Enter - MemInfo: [/proc/self/status]	VmHWM:	   30096 kB
20220314 061549.670 INFO             PET0 PIOc_freedecomp Enter - MemInfo: [/proc/self/status]	VmRSS:	   30096 kB
20220314 061549.670 INFO             PET0 PIOc_freedecomp Enter - MemInfo: [/proc/self/status]	VmData:	   38648 kB
20220314 061549.670 INFO             PET0 PIOc_freedecomp Enter - MemInfo: [/proc/self/status]	VmStk:	     144 kB
20220314 061549.670 INFO             PET0 PIOc_freedecomp Enter - MemInfo: [/proc/self/status]	VmExe:	     196 kB
20220314 061549.671 INFO             PET0 PIOc_freedecomp Enter - MemInfo: [/proc/self/status]	VmLib:	   39752 kB
20220314 061549.671 INFO             PET0 PIOc_freedecomp Enter - MemInfo: [/proc/self/status]	VmPTE:	     256 kB
20220314 061549.671 INFO             PET0 PIOc_freedecomp Enter - MemInfo: [/proc/self/status]	VmPMD:	      12 kB
20220314 061549.671 INFO             PET0 PIOc_freedecomp Enter - MemInfo: [/proc/self/status]	VmSwap:	       0 kB
20220314 061549.671 INFO             PET0 PIOc_freedecomp Enter - MemInfo: [/proc/self/status]	VmRSSPercent: 0.0459432 %
20220314 061549.671 INFO             PET0 PIOc_freedecomp Enter - MemInfo: [malloc] Non-mmapped space allocated:                36159488 Byte
20220314 061549.671 INFO             PET0 PIOc_freedecomp Enter - MemInfo: [malloc] Space allocated in mmapped regions:                0 Byte
20220314 061549.671 INFO             PET0 PIOc_freedecomp Enter - MemInfo: [malloc] Maximum total allocated space:                     0 Byte
20220314 061549.671 INFO             PET0 PIOc_freedecomp Enter - MemInfo: [malloc] Space in freed fastbin blocks:                  1024 Byte
20220314 061549.671 INFO             PET0 PIOc_freedecomp Enter - MemInfo: [malloc] Total allocated space:                      18724288 Byte
20220314 061549.671 INFO             PET0 PIOc_freedecomp Enter - MemInfo: [malloc] Total free space:                           17435200 Byte
20220314 061549.671 INFO             PET0 PIOc_freedecomp Enter - MemInfo: [malloc] Top-most, releasable space:                   118368 Byte
20220314 061549.671 INFO             PET0 PIOc_freedecomp Enter - MemInfo: [malloc] Total space in use, mmap + non-mmap:        18724288 Byte
20220314 061549.671 INFO             PET0 PIOc_freedecomp Enter - MemInfo: [malloc] Total space held (mmap + non-mmap):         36159488 Byte
20220314 061549.671 INFO             PET0 PIOc_freedecomp Enter - MemInfo: [malloc] Total space used (mmap + non-mmap):         18733632 Byte
20220314 061549.671 INFO             PET0 PIOc_freedecomp Enter - MemInfo: Wall-clock time since execution start:              0.0161766 seconds
20220314 061549.671 INFO             PET0 PIOc_freedecomp Exit - MemInfo: [/proc/meminfo - SSI]	MemTotal:       65507008 kB
20220314 061549.671 INFO             PET0 PIOc_freedecomp Exit - MemInfo: [/proc/meminfo - SSI]	MemFree:        49820144 kB
20220314 061549.671 INFO             PET0 PIOc_freedecomp Exit - MemInfo: [/proc/meminfo - SSI]	MemAvailable:   49572676 kB
20220314 061549.671 INFO             PET0 PIOc_freedecomp Exit - MemInfo: [/proc/meminfo - SSI]	Committed_AS:   13138664 kB
20220314 061549.671 INFO             PET0 PIOc_freedecomp Exit - MemInfo: [/proc/meminfo - SSI]	CommittedPercent: 20.0569 %
20220314 061549.671 INFO             PET0 PIOc_freedecomp Exit - MemInfo: [/proc/self/status]	VmPeak:	  133760 kB
20220314 061549.671 INFO             PET0 PIOc_freedecomp Exit - MemInfo: [/proc/self/status]	VmSize:	  133760 kB
20220314 061549.671 INFO             PET0 PIOc_freedecomp Exit - MemInfo: [/proc/self/status]	VmLck:	       0 kB
20220314 061549.671 INFO             PET0 PIOc_freedecomp Exit - MemInfo: [/proc/self/status]	VmPin:	       0 kB
20220314 061549.671 INFO             PET0 PIOc_freedecomp Exit - MemInfo: [/proc/self/status]	VmHWM:	   30100 kB
20220314 061549.671 INFO             PET0 PIOc_freedecomp Exit - MemInfo: [/proc/self/status]	VmRSS:	   30100 kB
20220314 061549.671 INFO             PET0 PIOc_freedecomp Exit - MemInfo: [/proc/self/status]	VmData:	   38648 kB
20220314 061549.671 INFO             PET0 PIOc_freedecomp Exit - MemInfo: [/proc/self/status]	VmStk:	     144 kB
20220314 061549.671 INFO             PET0 PIOc_freedecomp Exit - MemInfo: [/proc/self/status]	VmExe:	     196 kB
20220314 061549.671 INFO             PET0 PIOc_freedecomp Exit - MemInfo: [/proc/self/status]	VmLib:	   39752 kB
20220314 061549.671 INFO             PET0 PIOc_freedecomp Exit - MemInfo: [/proc/self/status]	VmPTE:	     256 kB
20220314 061549.671 INFO             PET0 PIOc_freedecomp Exit - MemInfo: [/proc/self/status]	VmPMD:	      12 kB
20220314 061549.671 INFO             PET0 PIOc_freedecomp Exit - MemInfo: [/proc/self/status]	VmSwap:	       0 kB
20220314 061549.671 INFO             PET0 PIOc_freedecomp Exit - MemInfo: [/proc/self/status]	VmRSSPercent: 0.0459493 %
20220314 061549.671 INFO             PET0 PIOc_freedecomp Exit - MemInfo: [malloc] Non-mmapped space allocated:                36159488 Byte
20220314 061549.671 INFO             PET0 PIOc_freedecomp Exit - MemInfo: [malloc] Space allocated in mmapped regions:                0 Byte
20220314 061549.671 INFO             PET0 PIOc_freedecomp Exit - MemInfo: [malloc] Maximum total allocated space:                     0 Byte
20220314 061549.671 INFO             PET0 PIOc_freedecomp Exit - MemInfo: [malloc] Space in freed fastbin blocks:                  1280 Byte
20220314 061549.671 INFO             PET0 PIOc_freedecomp Exit - MemInfo: [malloc] Total allocated space:                      18722384 Byte
20220314 061549.671 INFO             PET0 PIOc_freedecomp Exit - MemInfo: [malloc] Total free space:                           17437104 Byte
20220314 061549.671 INFO             PET0 PIOc_freedecomp Exit - MemInfo: [malloc] Top-most, releasable space:                   118368 Byte
20220314 061549.671 INFO             PET0 PIOc_freedecomp Exit - MemInfo: [malloc] Total space in use, mmap + non-mmap:        18722384 Byte
20220314 061549.671 INFO             PET0 PIOc_freedecomp Exit - MemInfo: [malloc] Total space held (mmap + non-mmap):         36159488 Byte
20220314 061549.671 INFO             PET0 PIOc_freedecomp Exit - MemInfo: [malloc] Total space used (mmap + non-mmap):         18731712 Byte
20220314 061549.671 INFO             PET0 PIOc_freedecomp Exit - MemInfo: Wall-clock time since execution start:              0.0165193 seconds
20220314 061549.672 INFO             PET0 PIOc_sync Enter - MemInfo: [/proc/meminfo - SSI]	MemTotal:       65507008 kB
20220314 061549.672 INFO             PET0 PIOc_sync Enter - MemInfo: [/proc/meminfo - SSI]	MemFree:        49820144 kB
20220314 061549.672 INFO             PET0 PIOc_sync Enter - MemInfo: [/proc/meminfo - SSI]	MemAvailable:   49572676 kB
20220314 061549.672 INFO             PET0 PIOc_sync Enter - MemInfo: [/proc/meminfo - SSI]	Committed_AS:   13138664 kB
20220314 061549.672 INFO             PET0 PIOc_sync Enter - MemInfo: [/proc/meminfo - SSI]	CommittedPercent: 20.0569 %
20220314 061549.672 INFO             PET0 PIOc_sync Enter - MemInfo: [/proc/self/status]	VmPeak:	  141948 kB
20220314 061549.672 INFO             PET0 PIOc_sync Enter - MemInfo: [/proc/self/status]	VmSize:	  133760 kB
20220314 061549.672 INFO             PET0 PIOc_sync Enter - MemInfo: [/proc/self/status]	VmLck:	       0 kB
20220314 061549.672 INFO             PET0 PIOc_sync Enter - MemInfo: [/proc/self/status]	VmPin:	       0 kB
20220314 061549.672 INFO             PET0 PIOc_sync Enter - MemInfo: [/proc/self/status]	VmHWM:	   30104 kB
20220314 061549.672 INFO             PET0 PIOc_sync Enter - MemInfo: [/proc/self/status]	VmRSS:	   30104 kB
20220314 061549.672 INFO             PET0 PIOc_sync Enter - MemInfo: [/proc/self/status]	VmData:	   38648 kB
20220314 061549.672 INFO             PET0 PIOc_sync Enter - MemInfo: [/proc/self/status]	VmStk:	     144 kB
20220314 061549.672 INFO             PET0 PIOc_sync Enter - MemInfo: [/proc/self/status]	VmExe:	     196 kB
20220314 061549.672 INFO             PET0 PIOc_sync Enter - MemInfo: [/proc/self/status]	VmLib:	   39752 kB
20220314 061549.672 INFO             PET0 PIOc_sync Enter - MemInfo: [/proc/self/status]	VmPTE:	     256 kB
20220314 061549.672 INFO             PET0 PIOc_sync Enter - MemInfo: [/proc/self/status]	VmPMD:	      12 kB
20220314 061549.672 INFO             PET0 PIOc_sync Enter - MemInfo: [/proc/self/status]	VmSwap:	       0 kB
20220314 061549.672 INFO             PET0 PIOc_sync Enter - MemInfo: [/proc/self/status]	VmRSSPercent: 0.0459554 %
20220314 061549.672 INFO             PET0 PIOc_sync Enter - MemInfo: [malloc] Non-mmapped space allocated:                36159488 Byte
20220314 061549.672 INFO             PET0 PIOc_sync Enter - MemInfo: [malloc] Space allocated in mmapped regions:                0 Byte
20220314 061549.672 INFO             PET0 PIOc_sync Enter - MemInfo: [malloc] Maximum total allocated space:                     0 Byte
20220314 061549.672 INFO             PET0 PIOc_sync Enter - MemInfo: [malloc] Space in freed fastbin blocks:                  1248 Byte
20220314 061549.672 INFO             PET0 PIOc_sync Enter - MemInfo: [malloc] Total allocated space:                      36039920 Byte
20220314 061549.672 INFO             PET0 PIOc_sync Enter - MemInfo: [malloc] Total free space:                             119568 Byte
20220314 061549.672 INFO             PET0 PIOc_sync Enter - MemInfo: [malloc] Top-most, releasable space:                   117088 Byte
20220314 061549.672 INFO             PET0 PIOc_sync Enter - MemInfo: [malloc] Total space in use, mmap + non-mmap:        36039920 Byte
20220314 061549.672 INFO             PET0 PIOc_sync Enter - MemInfo: [malloc] Total space held (mmap + non-mmap):         36159488 Byte
20220314 061549.672 INFO             PET0 PIOc_sync Enter - MemInfo: [malloc] Total space used (mmap + non-mmap):         36049248 Byte
20220314 061549.672 INFO             PET0 PIOc_sync Enter - MemInfo: Wall-clock time since execution start:              0.0179935 seconds
20220314 061549.673 INFO             PET0 PIOc_sync Exit - MemInfo: [/proc/meminfo - SSI]	MemTotal:       65507008 kB
20220314 061549.673 INFO             PET0 PIOc_sync Exit - MemInfo: [/proc/meminfo - SSI]	MemFree:        49820144 kB
20220314 061549.673 INFO             PET0 PIOc_sync Exit - MemInfo: [/proc/meminfo - SSI]	MemAvailable:   49572676 kB
20220314 061549.673 INFO             PET0 PIOc_sync Exit - MemInfo: [/proc/meminfo - SSI]	Committed_AS:   13138664 kB
20220314 061549.673 INFO             PET0 PIOc_sync Exit - MemInfo: [/proc/meminfo - SSI]	CommittedPercent: 20.0569 %
20220314 061549.673 INFO             PET0 PIOc_sync Exit - MemInfo: [/proc/self/status]	VmPeak:	  141948 kB
20220314 061549.673 INFO             PET0 PIOc_sync Exit - MemInfo: [/proc/self/status]	VmSize:	  133760 kB
20220314 061549.673 INFO             PET0 PIOc_sync Exit - MemInfo: [/proc/self/status]	VmLck:	       0 kB
20220314 061549.673 INFO             PET0 PIOc_sync Exit - MemInfo: [/proc/self/status]	VmPin:	       0 kB
20220314 061549.673 INFO             PET0 PIOc_sync Exit - MemInfo: [/proc/self/status]	VmHWM:	   30108 kB
20220314 061549.673 INFO             PET0 PIOc_sync Exit - MemInfo: [/proc/self/status]	VmRSS:	   30108 kB
20220314 061549.673 INFO             PET0 PIOc_sync Exit - MemInfo: [/proc/self/status]	VmData:	   38648 kB
20220314 061549.673 INFO             PET0 PIOc_sync Exit - MemInfo: [/proc/self/status]	VmStk:	     144 kB
20220314 061549.673 INFO             PET0 PIOc_sync Exit - MemInfo: [/proc/self/status]	VmExe:	     196 kB
20220314 061549.673 INFO             PET0 PIOc_sync Exit - MemInfo: [/proc/self/status]	VmLib:	   39752 kB
20220314 061549.673 INFO             PET0 PIOc_sync Exit - MemInfo: [/proc/self/status]	VmPTE:	     256 kB
20220314 061549.673 INFO             PET0 PIOc_sync Exit - MemInfo: [/proc/self/status]	VmPMD:	      12 kB
20220314 061549.673 INFO             PET0 PIOc_sync Exit - MemInfo: [/proc/self/status]	VmSwap:	       0 kB
20220314 061549.673 INFO             PET0 PIOc_sync Exit - MemInfo: [/proc/self/status]	VmRSSPercent: 0.0459615 %
20220314 061549.673 INFO             PET0 PIOc_sync Exit - MemInfo: [malloc] Non-mmapped space allocated:                36159488 Byte
20220314 061549.673 INFO             PET0 PIOc_sync Exit - MemInfo: [malloc] Space allocated in mmapped regions:                0 Byte
20220314 061549.673 INFO             PET0 PIOc_sync Exit - MemInfo: [malloc] Maximum total allocated space:                     0 Byte
20220314 061549.673 INFO             PET0 PIOc_sync Exit - MemInfo: [malloc] Space in freed fastbin blocks:                  1088 Byte
20220314 061549.673 INFO             PET0 PIOc_sync Exit - MemInfo: [malloc] Total allocated space:                      36039328 Byte
20220314 061549.673 INFO             PET0 PIOc_sync Exit - MemInfo: [malloc] Total free space:                             120160 Byte
20220314 061549.673 INFO             PET0 PIOc_sync Exit - MemInfo: [malloc] Top-most, releasable space:                   117088 Byte
20220314 061549.673 INFO             PET0 PIOc_sync Exit - MemInfo: [malloc] Total space in use, mmap + non-mmap:        36039328 Byte
20220314 061549.673 INFO             PET0 PIOc_sync Exit - MemInfo: [malloc] Total space held (mmap + non-mmap):         36159488 Byte
20220314 061549.673 INFO             PET0 PIOc_sync Exit - MemInfo: [malloc] Total space used (mmap + non-mmap):         36048656 Byte
20220314 061549.673 INFO             PET0 PIOc_sync Exit - MemInfo: Wall-clock time since execution start:              0.0183897 seconds
20220314 061549.673 INFO             PET0 PIOc_freedecomp Enter - MemInfo: [/proc/meminfo - SSI]	MemTotal:       65507008 kB
20220314 061549.673 INFO             PET0 PIOc_freedecomp Enter - MemInfo: [/proc/meminfo - SSI]	MemFree:        49820144 kB
20220314 061549.673 INFO             PET0 PIOc_freedecomp Enter - MemInfo: [/proc/meminfo - SSI]	MemAvailable:   49572676 kB
20220314 061549.673 INFO             PET0 PIOc_freedecomp Enter - MemInfo: [/proc/meminfo - SSI]	Committed_AS:   13138664 kB
20220314 061549.673 INFO             PET0 PIOc_freedecomp Enter - MemInfo: [/proc/meminfo - SSI]	CommittedPercent: 20.0569 %
20220314 061549.673 INFO             PET0 PIOc_freedecomp Enter - MemInfo: [/proc/self/status]	VmPeak:	  141948 kB
20220314 061549.673 INFO             PET0 PIOc_freedecomp Enter - MemInfo: [/proc/self/status]	VmSize:	  133760 kB
20220314 061549.673 INFO             PET0 PIOc_freedecomp Enter - MemInfo: [/proc/self/status]	VmLck:	       0 kB
20220314 061549.673 INFO             PET0 PIOc_freedecomp Enter - MemInfo: [/proc/self/status]	VmPin:	       0 kB
20220314 061549.673 INFO             PET0 PIOc_freedecomp Enter - MemInfo: [/proc/self/status]	VmHWM:	   30108 kB
20220314 061549.673 INFO             PET0 PIOc_freedecomp Enter - MemInfo: [/proc/self/status]	VmRSS:	   30108 kB
20220314 061549.673 INFO             PET0 PIOc_freedecomp Enter - MemInfo: [/proc/self/status]	VmData:	   38648 kB
20220314 061549.673 INFO             PET0 PIOc_freedecomp Enter - MemInfo: [/proc/self/status]	VmStk:	     144 kB
20220314 061549.673 INFO             PET0 PIOc_freedecomp Enter - MemInfo: [/proc/self/status]	VmExe:	     196 kB
20220314 061549.673 INFO             PET0 PIOc_freedecomp Enter - MemInfo: [/proc/self/status]	VmLib:	   39752 kB
20220314 061549.673 INFO             PET0 PIOc_freedecomp Enter - MemInfo: [/proc/self/status]	VmPTE:	     256 kB
20220314 061549.673 INFO             PET0 PIOc_freedecomp Enter - MemInfo: [/proc/self/status]	VmPMD:	      12 kB
20220314 061549.673 INFO             PET0 PIOc_freedecomp Enter - MemInfo: [/proc/self/status]	VmSwap:	       0 kB
20220314 061549.673 INFO             PET0 PIOc_freedecomp Enter - MemInfo: [/proc/self/status]	VmRSSPercent: 0.0459615 %
20220314 061549.673 INFO             PET0 PIOc_freedecomp Enter - MemInfo: [malloc] Non-mmapped space allocated:                36159488 Byte
20220314 061549.673 INFO             PET0 PIOc_freedecomp Enter - MemInfo: [malloc] Space allocated in mmapped regions:                0 Byte
20220314 061549.673 INFO             PET0 PIOc_freedecomp Enter - MemInfo: [malloc] Maximum total allocated space:                     0 Byte
20220314 061549.673 INFO             PET0 PIOc_freedecomp Enter - MemInfo: [malloc] Space in freed fastbin blocks:                  1024 Byte
20220314 061549.673 INFO             PET0 PIOc_freedecomp Enter - MemInfo: [malloc] Total allocated space:                      18724288 Byte
20220314 061549.673 INFO             PET0 PIOc_freedecomp Enter - MemInfo: [malloc] Total free space:                           17435200 Byte
20220314 061549.673 INFO             PET0 PIOc_freedecomp Enter - MemInfo: [malloc] Top-most, releasable space:                   118368 Byte
20220314 061549.673 INFO             PET0 PIOc_freedecomp Enter - MemInfo: [malloc] Total space in use, mmap + non-mmap:        18724288 Byte
20220314 061549.673 INFO             PET0 PIOc_freedecomp Enter - MemInfo: [malloc] Total space held (mmap + non-mmap):         36159488 Byte
20220314 061549.673 INFO             PET0 PIOc_freedecomp Enter - MemInfo: [malloc] Total space used (mmap + non-mmap):         18733616 Byte
20220314 061549.673 INFO             PET0 PIOc_freedecomp Enter - MemInfo: Wall-clock time since execution start:              0.0187561 seconds
20220314 061549.673 INFO             PET0 PIOc_freedecomp Exit - MemInfo: [/proc/meminfo - SSI]	MemTotal:       65507008 kB
20220314 061549.673 INFO             PET0 PIOc_freedecomp Exit - MemInfo: [/proc/meminfo - SSI]	MemFree:        49820144 kB
20220314 061549.673 INFO             PET0 PIOc_freedecomp Exit - MemInfo: [/proc/meminfo - SSI]	MemAvailable:   49572676 kB
20220314 061549.673 INFO             PET0 PIOc_freedecomp Exit - MemInfo: [/proc/meminfo - SSI]	Committed_AS:   13138664 kB
20220314 061549.673 INFO             PET0 PIOc_freedecomp Exit - MemInfo: [/proc/meminfo - SSI]	CommittedPercent: 20.0569 %
20220314 061549.673 INFO             PET0 PIOc_freedecomp Exit - MemInfo: [/proc/self/status]	VmPeak:	  141948 kB
20220314 061549.673 INFO             PET0 PIOc_freedecomp Exit - MemInfo: [/proc/self/status]	VmSize:	  133760 kB
20220314 061549.673 INFO             PET0 PIOc_freedecomp Exit - MemInfo: [/proc/self/status]	VmLck:	       0 kB
20220314 061549.673 INFO             PET0 PIOc_freedecomp Exit - MemInfo: [/proc/self/status]	VmPin:	       0 kB
20220314 061549.673 INFO             PET0 PIOc_freedecomp Exit - MemInfo: [/proc/self/status]	VmHWM:	   30108 kB
20220314 061549.673 INFO             PET0 PIOc_freedecomp Exit - MemInfo: [/proc/self/status]	VmRSS:	   30108 kB
20220314 061549.673 INFO             PET0 PIOc_freedecomp Exit - MemInfo: [/proc/self/status]	VmData:	   38648 kB
20220314 061549.673 INFO             PET0 PIOc_freedecomp Exit - MemInfo: [/proc/self/status]	VmStk:	     144 kB
20220314 061549.673 INFO             PET0 PIOc_freedecomp Exit - MemInfo: [/proc/self/status]	VmExe:	     196 kB
20220314 061549.673 INFO             PET0 PIOc_freedecomp Exit - MemInfo: [/proc/self/status]	VmLib:	   39752 kB
20220314 061549.673 INFO             PET0 PIOc_freedecomp Exit - MemInfo: [/proc/self/status]	VmPTE:	     256 kB
20220314 061549.673 INFO             PET0 PIOc_freedecomp Exit - MemInfo: [/proc/self/status]	VmPMD:	      12 kB
20220314 061549.673 INFO             PET0 PIOc_freedecomp Exit - MemInfo: [/proc/self/status]	VmSwap:	       0 kB
20220314 061549.673 INFO             PET0 PIOc_freedecomp Exit - MemInfo: [/proc/self/status]	VmRSSPercent: 0.0459615 %
20220314 061549.673 INFO             PET0 PIOc_freedecomp Exit - MemInfo: [malloc] Non-mmapped space allocated:                36159488 Byte
20220314 061549.673 INFO             PET0 PIOc_freedecomp Exit - MemInfo: [malloc] Space allocated in mmapped regions:                0 Byte
20220314 061549.673 INFO             PET0 PIOc_freedecomp Exit - MemInfo: [malloc] Maximum total allocated space:                     0 Byte
20220314 061549.674 INFO             PET0 PIOc_freedecomp Exit - MemInfo: [malloc] Space in freed fastbin blocks:                  1840 Byte
20220314 061549.674 INFO             PET0 PIOc_freedecomp Exit - MemInfo: [malloc] Total allocated space:                      18722384 Byte
20220314 061549.674 INFO             PET0 PIOc_freedecomp Exit - MemInfo: [malloc] Total free space:                           17437104 Byte
20220314 061549.674 INFO             PET0 PIOc_freedecomp Exit - MemInfo: [malloc] Top-most, releasable space:                   118368 Byte
20220314 061549.674 INFO             PET0 PIOc_freedecomp Exit - MemInfo: [malloc] Total space in use, mmap + non-mmap:        18722384 Byte
20220314 061549.674 INFO             PET0 PIOc_freedecomp Exit - MemInfo: [malloc] Total space held (mmap + non-mmap):         36159488 Byte
20220314 061549.674 INFO             PET0 PIOc_freedecomp Exit - MemInfo: [malloc] Total space used (mmap + non-mmap):         18731712 Byte
20220314 061549.674 INFO             PET0 PIOc_freedecomp Exit - MemInfo: Wall-clock time since execution start:              0.0190884 seconds
20220314 061549.674 INFO             PET0 PIOc_sync Enter - MemInfo: [/proc/meminfo - SSI]	MemTotal:       65507008 kB
20220314 061549.674 INFO             PET0 PIOc_sync Enter - MemInfo: [/proc/meminfo - SSI]	MemFree:        49820144 kB
20220314 061549.674 INFO             PET0 PIOc_sync Enter - MemInfo: [/proc/meminfo - SSI]	MemAvailable:   49572676 kB
20220314 061549.674 INFO             PET0 PIOc_sync Enter - MemInfo: [/proc/meminfo - SSI]	Committed_AS:   13138664 kB
20220314 061549.674 INFO             PET0 PIOc_sync Enter - MemInfo: [/proc/meminfo - SSI]	CommittedPercent: 20.0569 %
20220314 061549.674 INFO             PET0 PIOc_sync Enter - MemInfo: [/proc/self/status]	VmPeak:	  141948 kB
20220314 061549.674 INFO             PET0 PIOc_sync Enter - MemInfo: [/proc/self/status]	VmSize:	  133760 kB
20220314 061549.674 INFO             PET0 PIOc_sync Enter - MemInfo: [/proc/self/status]	VmLck:	       0 kB
20220314 061549.674 INFO             PET0 PIOc_sync Enter - MemInfo: [/proc/self/status]	VmPin:	       0 kB
20220314 061549.674 INFO             PET0 PIOc_sync Enter - MemInfo: [/proc/self/status]	VmHWM:	   30108 kB
20220314 061549.674 INFO             PET0 PIOc_sync Enter - MemInfo: [/proc/self/status]	VmRSS:	   30108 kB
20220314 061549.674 INFO             PET0 PIOc_sync Enter - MemInfo: [/proc/self/status]	VmData:	   38648 kB
20220314 061549.674 INFO             PET0 PIOc_sync Enter - MemInfo: [/proc/self/status]	VmStk:	     144 kB
20220314 061549.674 INFO             PET0 PIOc_sync Enter - MemInfo: [/proc/self/status]	VmExe:	     196 kB
20220314 061549.674 INFO             PET0 PIOc_sync Enter - MemInfo: [/proc/self/status]	VmLib:	   39752 kB
20220314 061549.674 INFO             PET0 PIOc_sync Enter - MemInfo: [/proc/self/status]	VmPTE:	     256 kB
20220314 061549.674 INFO             PET0 PIOc_sync Enter - MemInfo: [/proc/self/status]	VmPMD:	      12 kB
20220314 061549.674 INFO             PET0 PIOc_sync Enter - MemInfo: [/proc/self/status]	VmSwap:	       0 kB
20220314 061549.675 INFO             PET0 PIOc_sync Enter - MemInfo: [/proc/self/status]	VmRSSPercent: 0.0459615 %
20220314 061549.675 INFO             PET0 PIOc_sync Enter - MemInfo: [malloc] Non-mmapped space allocated:                36159488 Byte
20220314 061549.675 INFO             PET0 PIOc_sync Enter - MemInfo: [malloc] Space allocated in mmapped regions:                0 Byte
20220314 061549.675 INFO             PET0 PIOc_sync Enter - MemInfo: [malloc] Maximum total allocated space:                     0 Byte
20220314 061549.675 INFO             PET0 PIOc_sync Enter - MemInfo: [malloc] Space in freed fastbin blocks:                  1488 Byte
20220314 061549.675 INFO             PET0 PIOc_sync Enter - MemInfo: [malloc] Total allocated space:                      36040368 Byte
20220314 061549.675 INFO             PET0 PIOc_sync Enter - MemInfo: [malloc] Total free space:                             119120 Byte
20220314 061549.675 INFO             PET0 PIOc_sync Enter - MemInfo: [malloc] Top-most, releasable space:                   116672 Byte
20220314 061549.675 INFO             PET0 PIOc_sync Enter - MemInfo: [malloc] Total space in use, mmap + non-mmap:        36040368 Byte
20220314 061549.675 INFO             PET0 PIOc_sync Enter - MemInfo: [malloc] Total space held (mmap + non-mmap):         36159488 Byte
20220314 061549.675 INFO             PET0 PIOc_sync Enter - MemInfo: [malloc] Total space used (mmap + non-mmap):         36049696 Byte
20220314 061549.675 INFO             PET0 PIOc_sync Enter - MemInfo: Wall-clock time since execution start:              0.0201311 seconds
20220314 061549.675 INFO             PET0 PIOc_sync Exit - MemInfo: [/proc/meminfo - SSI]	MemTotal:       65507008 kB
20220314 061549.675 INFO             PET0 PIOc_sync Exit - MemInfo: [/proc/meminfo - SSI]	MemFree:        49820144 kB
20220314 061549.675 INFO             PET0 PIOc_sync Exit - MemInfo: [/proc/meminfo - SSI]	MemAvailable:   49572676 kB
20220314 061549.675 INFO             PET0 PIOc_sync Exit - MemInfo: [/proc/meminfo - SSI]	Committed_AS:   13138664 kB
20220314 061549.675 INFO             PET0 PIOc_sync Exit - MemInfo: [/proc/meminfo - SSI]	CommittedPercent: 20.0569 %
20220314 061549.675 INFO             PET0 PIOc_sync Exit - MemInfo: [/proc/self/status]	VmPeak:	  141948 kB
20220314 061549.675 INFO             PET0 PIOc_sync Exit - MemInfo: [/proc/self/status]	VmSize:	  133760 kB
20220314 061549.675 INFO             PET0 PIOc_sync Exit - MemInfo: [/proc/self/status]	VmLck:	       0 kB
20220314 061549.675 INFO             PET0 PIOc_sync Exit - MemInfo: [/proc/self/status]	VmPin:	       0 kB
20220314 061549.675 INFO             PET0 PIOc_sync Exit - MemInfo: [/proc/self/status]	VmHWM:	   30108 kB
20220314 061549.675 INFO             PET0 PIOc_sync Exit - MemInfo: [/proc/self/status]	VmRSS:	   30108 kB
20220314 061549.675 INFO             PET0 PIOc_sync Exit - MemInfo: [/proc/self/status]	VmData:	   38648 kB
20220314 061549.675 INFO             PET0 PIOc_sync Exit - MemInfo: [/proc/self/status]	VmStk:	     144 kB
20220314 061549.675 INFO             PET0 PIOc_sync Exit - MemInfo: [/proc/self/status]	VmExe:	     196 kB
20220314 061549.675 INFO             PET0 PIOc_sync Exit - MemInfo: [/proc/self/status]	VmLib:	   39752 kB
20220314 061549.675 INFO             PET0 PIOc_sync Exit - MemInfo: [/proc/self/status]	VmPTE:	     256 kB
20220314 061549.675 INFO             PET0 PIOc_sync Exit - MemInfo: [/proc/self/status]	VmPMD:	      12 kB
20220314 061549.675 INFO             PET0 PIOc_sync Exit - MemInfo: [/proc/self/status]	VmSwap:	       0 kB
20220314 061549.675 INFO             PET0 PIOc_sync Exit - MemInfo: [/proc/self/status]	VmRSSPercent: 0.0459615 %
20220314 061549.675 INFO             PET0 PIOc_sync Exit - MemInfo: [malloc] Non-mmapped space allocated:                36159488 Byte
20220314 061549.675 INFO             PET0 PIOc_sync Exit - MemInfo: [malloc] Space allocated in mmapped regions:                0 Byte
20220314 061549.675 INFO             PET0 PIOc_sync Exit - MemInfo: [malloc] Maximum total allocated space:                     0 Byte
20220314 061549.675 INFO             PET0 PIOc_sync Exit - MemInfo: [malloc] Space in freed fastbin blocks:                  1440 Byte
20220314 061549.675 INFO             PET0 PIOc_sync Exit - MemInfo: [malloc] Total allocated space:                      36039792 Byte
20220314 061549.675 INFO             PET0 PIOc_sync Exit - MemInfo: [malloc] Total free space:                             119696 Byte
20220314 061549.675 INFO             PET0 PIOc_sync Exit - MemInfo: [malloc] Top-most, releasable space:                   117440 Byte
20220314 061549.675 INFO             PET0 PIOc_sync Exit - MemInfo: [malloc] Total space in use, mmap + non-mmap:        36039792 Byte
20220314 061549.675 INFO             PET0 PIOc_sync Exit - MemInfo: [malloc] Total space held (mmap + non-mmap):         36159488 Byte
20220314 061549.675 INFO             PET0 PIOc_sync Exit - MemInfo: [malloc] Total space used (mmap + non-mmap):         36049120 Byte
20220314 061549.675 INFO             PET0 PIOc_sync Exit - MemInfo: Wall-clock time since execution start:              0.0205175 seconds
20220314 061549.675 INFO             PET0 PIOc_freedecomp Enter - MemInfo: [/proc/meminfo - SSI]	MemTotal:       65507008 kB
20220314 061549.675 INFO             PET0 PIOc_freedecomp Enter - MemInfo: [/proc/meminfo - SSI]	MemFree:        49820144 kB
20220314 061549.675 INFO             PET0 PIOc_freedecomp Enter - MemInfo: [/proc/meminfo - SSI]	MemAvailable:   49572676 kB
20220314 061549.675 INFO             PET0 PIOc_freedecomp Enter - MemInfo: [/proc/meminfo - SSI]	Committed_AS:   13138664 kB
20220314 061549.675 INFO             PET0 PIOc_freedecomp Enter - MemInfo: [/proc/meminfo - SSI]	CommittedPercent: 20.0569 %
20220314 061549.675 INFO             PET0 PIOc_freedecomp Enter - MemInfo: [/proc/self/status]	VmPeak:	  141948 kB
20220314 061549.675 INFO             PET0 PIOc_freedecomp Enter - MemInfo: [/proc/self/status]	VmSize:	  133760 kB
20220314 061549.675 INFO             PET0 PIOc_freedecomp Enter - MemInfo: [/proc/self/status]	VmLck:	       0 kB
20220314 061549.675 INFO             PET0 PIOc_freedecomp Enter - MemInfo: [/proc/self/status]	VmPin:	       0 kB
20220314 061549.675 INFO             PET0 PIOc_freedecomp Enter - MemInfo: [/proc/self/status]	VmHWM:	   30108 kB
20220314 061549.675 INFO             PET0 PIOc_freedecomp Enter - MemInfo: [/proc/self/status]	VmRSS:	   30108 kB
20220314 061549.675 INFO             PET0 PIOc_freedecomp Enter - MemInfo: [/proc/self/status]	VmData:	   38648 kB
20220314 061549.675 INFO             PET0 PIOc_freedecomp Enter - MemInfo: [/proc/self/status]	VmStk:	     144 kB
20220314 061549.675 INFO             PET0 PIOc_freedecomp Enter - MemInfo: [/proc/self/status]	VmExe:	     196 kB
20220314 061549.675 INFO             PET0 PIOc_freedecomp Enter - MemInfo: [/proc/self/status]	VmLib:	   39752 kB
20220314 061549.675 INFO             PET0 PIOc_freedecomp Enter - MemInfo: [/proc/self/status]	VmPTE:	     256 kB
20220314 061549.675 INFO             PET0 PIOc_freedecomp Enter - MemInfo: [/proc/self/status]	VmPMD:	      12 kB
20220314 061549.675 INFO             PET0 PIOc_freedecomp Enter - MemInfo: [/proc/self/status]	VmSwap:	       0 kB
20220314 061549.675 INFO             PET0 PIOc_freedecomp Enter - MemInfo: [/proc/self/status]	VmRSSPercent: 0.0459615 %
20220314 061549.675 INFO             PET0 PIOc_freedecomp Enter - MemInfo: [malloc] Non-mmapped space allocated:                36159488 Byte
20220314 061549.675 INFO             PET0 PIOc_freedecomp Enter - MemInfo: [malloc] Space allocated in mmapped regions:                0 Byte
20220314 061549.675 INFO             PET0 PIOc_freedecomp Enter - MemInfo: [malloc] Maximum total allocated space:                     0 Byte
20220314 061549.675 INFO             PET0 PIOc_freedecomp Enter - MemInfo: [malloc] Space in freed fastbin blocks:                  1024 Byte
20220314 061549.675 INFO             PET0 PIOc_freedecomp Enter - MemInfo: [malloc] Total allocated space:                      18724304 Byte
20220314 061549.675 INFO             PET0 PIOc_freedecomp Enter - MemInfo: [malloc] Total free space:                           17435184 Byte
20220314 061549.675 INFO             PET0 PIOc_freedecomp Enter - MemInfo: [malloc] Top-most, releasable space:                   117680 Byte
20220314 061549.675 INFO             PET0 PIOc_freedecomp Enter - MemInfo: [malloc] Total space in use, mmap + non-mmap:        18724304 Byte
20220314 061549.675 INFO             PET0 PIOc_freedecomp Enter - MemInfo: [malloc] Total space held (mmap + non-mmap):         36159488 Byte
20220314 061549.675 INFO             PET0 PIOc_freedecomp Enter - MemInfo: [malloc] Total space used (mmap + non-mmap):         18733632 Byte
20220314 061549.675 INFO             PET0 PIOc_freedecomp Enter - MemInfo: Wall-clock time since execution start:              0.0208807 seconds
20220314 061549.675 INFO             PET0 PIOc_freedecomp Exit - MemInfo: [/proc/meminfo - SSI]	MemTotal:       65507008 kB
20220314 061549.675 INFO             PET0 PIOc_freedecomp Exit - MemInfo: [/proc/meminfo - SSI]	MemFree:        49820144 kB
20220314 061549.675 INFO             PET0 PIOc_freedecomp Exit - MemInfo: [/proc/meminfo - SSI]	MemAvailable:   49572676 kB
20220314 061549.675 INFO             PET0 PIOc_freedecomp Exit - MemInfo: [/proc/meminfo - SSI]	Committed_AS:   13138664 kB
20220314 061549.675 INFO             PET0 PIOc_freedecomp Exit - MemInfo: [/proc/meminfo - SSI]	CommittedPercent: 20.0569 %
20220314 061549.675 INFO             PET0 PIOc_freedecomp Exit - MemInfo: [/proc/self/status]	VmPeak:	  141948 kB
20220314 061549.675 INFO             PET0 PIOc_freedecomp Exit - MemInfo: [/proc/self/status]	VmSize:	  133760 kB
20220314 061549.675 INFO             PET0 PIOc_freedecomp Exit - MemInfo: [/proc/self/status]	VmLck:	       0 kB
20220314 061549.675 INFO             PET0 PIOc_freedecomp Exit - MemInfo: [/proc/self/status]	VmPin:	       0 kB
20220314 061549.676 INFO             PET0 PIOc_freedecomp Exit - MemInfo: [/proc/self/status]	VmHWM:	   30108 kB
20220314 061549.676 INFO             PET0 PIOc_freedecomp Exit - MemInfo: [/proc/self/status]	VmRSS:	   30108 kB
20220314 061549.676 INFO             PET0 PIOc_freedecomp Exit - MemInfo: [/proc/self/status]	VmData:	   38648 kB
20220314 061549.676 INFO             PET0 PIOc_freedecomp Exit - MemInfo: [/proc/self/status]	VmStk:	     144 kB
20220314 061549.676 INFO             PET0 PIOc_freedecomp Exit - MemInfo: [/proc/self/status]	VmExe:	     196 kB
20220314 061549.676 INFO             PET0 PIOc_freedecomp Exit - MemInfo: [/proc/self/status]	VmLib:	   39752 kB
20220314 061549.676 INFO             PET0 PIOc_freedecomp Exit - MemInfo: [/proc/self/status]	VmPTE:	     256 kB
20220314 061549.676 INFO             PET0 PIOc_freedecomp Exit - MemInfo: [/proc/self/status]	VmPMD:	      12 kB
20220314 061549.676 INFO             PET0 PIOc_freedecomp Exit - MemInfo: [/proc/self/status]	VmSwap:	       0 kB
20220314 061549.676 INFO             PET0 PIOc_freedecomp Exit - MemInfo: [/proc/self/status]	VmRSSPercent: 0.0459615 %
20220314 061549.676 INFO             PET0 PIOc_freedecomp Exit - MemInfo: [malloc] Non-mmapped space allocated:                36159488 Byte
20220314 061549.676 INFO             PET0 PIOc_freedecomp Exit - MemInfo: [malloc] Space allocated in mmapped regions:                0 Byte
20220314 061549.676 INFO             PET0 PIOc_freedecomp Exit - MemInfo: [malloc] Maximum total allocated space:                     0 Byte
20220314 061549.676 INFO             PET0 PIOc_freedecomp Exit - MemInfo: [malloc] Space in freed fastbin blocks:                  1872 Byte
20220314 061549.676 INFO             PET0 PIOc_freedecomp Exit - MemInfo: [malloc] Total allocated space:                      18722384 Byte
20220314 061549.676 INFO             PET0 PIOc_freedecomp Exit - MemInfo: [malloc] Total free space:                           17437104 Byte
20220314 061549.676 INFO             PET0 PIOc_freedecomp Exit - MemInfo: [malloc] Top-most, releasable space:                   117680 Byte
20220314 061549.676 INFO             PET0 PIOc_freedecomp Exit - MemInfo: [malloc] Total space in use, mmap + non-mmap:        18722384 Byte
20220314 061549.676 INFO             PET0 PIOc_freedecomp Exit - MemInfo: [malloc] Total space held (mmap + non-mmap):         36159488 Byte
20220314 061549.676 INFO             PET0 PIOc_freedecomp Exit - MemInfo: [malloc] Total space used (mmap + non-mmap):         18731712 Byte
20220314 061549.676 INFO             PET0 PIOc_freedecomp Exit - MemInfo: Wall-clock time since execution start:              0.0212148 seconds
20220314 061549.676 INFO             PET0  PASS  ESMF_OutputWeightFile, ESMF_IOUTest.F90, line 81
20220314 061549.678 INFO             PET0  PASS  call ESMF_OutputWeightFile with empty factor list on four PETs, ESMF_IOUTest.F90, line 191
20220314 061549.678 INFO             PET0  Ending Test, file ESMF_IOUTest.F90, line 201
20220314 061549.678 INFO             PET0 Finalizing ESMF
20220314 061549.655 INFO             PET1 !!!!!!!!!!!!!!!!!!!!!!!!!!!!!!!!!!!!!!!!!!!!!!!!!!!!!!
20220314 061549.655 INFO             PET1 !!! THE ESMF_LOG IS SET TO OUTPUT ALL LOG MESSAGES !!!
20220314 061549.655 INFO             PET1 !!!     THIS MAY CAUSE SLOWDOWN IN PERFORMANCE     !!!
20220314 061549.655 INFO             PET1 !!! FOR PRODUCTION RUNS, USE:                      !!!
20220314 061549.655 INFO             PET1 !!!                   ESMF_LOGKIND_Multi_On_Error  !!!
20220314 061549.655 INFO             PET1 !!!!!!!!!!!!!!!!!!!!!!!!!!!!!!!!!!!!!!!!!!!!!!!!!!!!!!
20220314 061549.655 INFO             PET1 Running with ESMF Version   : v8.3.0b09-96-g559b459836
20220314 061549.655 INFO             PET1 ESMF library build date/time: "Mar 14 2022" "06:03:07"
20220314 061549.655 INFO             PET1 ESMF library build location : /glade/scratch/rlong/esmf-testing/gfortran_10.1.0_mpt_O_jedwards_pio_update2
20220314 061549.655 INFO             PET1 ESMF_COMM                   : mpt
20220314 061549.655 INFO             PET1 ESMF_MOAB                   : enabled
20220314 061549.655 INFO             PET1 ESMF_LAPACK                 : enabled
20220314 061549.655 INFO             PET1 ESMF_NETCDF                 : enabled
20220314 061549.655 INFO             PET1 ESMF_PNETCDF                : disabled
20220314 061549.655 INFO             PET1 ESMF_PIO                    : enabled
20220314 061549.655 INFO             PET1 ESMF_YAMLCPP                : enabled
20220314 061549.656 INFO             PET1  Beginning Test, file ESMF_IOUTest.F90, line 57
20220314 061549.656 INFO             PET1  NUMBER_OF_PROCESSORS           4
20220314 061549.656 INFO             PET1 Starting Test:  ESMF_OutputWeightFile
20220314 061549.667 INFO             PET1 PIOc_sync Enter - MemInfo: [/proc/meminfo - SSI]	MemTotal:       65507008 kB
20220314 061549.667 INFO             PET1 PIOc_sync Enter - MemInfo: [/proc/meminfo - SSI]	MemFree:        49820144 kB
20220314 061549.667 INFO             PET1 PIOc_sync Enter - MemInfo: [/proc/meminfo - SSI]	MemAvailable:   49572676 kB
20220314 061549.667 INFO             PET1 PIOc_sync Enter - MemInfo: [/proc/meminfo - SSI]	Committed_AS:   13138664 kB
20220314 061549.667 INFO             PET1 PIOc_sync Enter - MemInfo: [/proc/meminfo - SSI]	CommittedPercent: 20.0569 %
20220314 061549.667 INFO             PET1 PIOc_sync Enter - MemInfo: [/proc/self/status]	VmPeak:	  116572 kB
20220314 061549.667 INFO             PET1 PIOc_sync Enter - MemInfo: [/proc/self/status]	VmSize:	  116572 kB
20220314 061549.667 INFO             PET1 PIOc_sync Enter - MemInfo: [/proc/self/status]	VmLck:	       0 kB
20220314 061549.667 INFO             PET1 PIOc_sync Enter - MemInfo: [/proc/self/status]	VmPin:	       0 kB
20220314 061549.667 INFO             PET1 PIOc_sync Enter - MemInfo: [/proc/self/status]	VmHWM:	   11680 kB
20220314 061549.667 INFO             PET1 PIOc_sync Enter - MemInfo: [/proc/self/status]	VmRSS:	   11680 kB
20220314 061549.667 INFO             PET1 PIOc_sync Enter - MemInfo: [/proc/self/status]	VmData:	   21460 kB
20220314 061549.667 INFO             PET1 PIOc_sync Enter - MemInfo: [/proc/self/status]	VmStk:	     144 kB
20220314 061549.667 INFO             PET1 PIOc_sync Enter - MemInfo: [/proc/self/status]	VmExe:	     196 kB
20220314 061549.667 INFO             PET1 PIOc_sync Enter - MemInfo: [/proc/self/status]	VmLib:	   39752 kB
20220314 061549.667 INFO             PET1 PIOc_sync Enter - MemInfo: [/proc/self/status]	VmPTE:	     216 kB
20220314 061549.667 INFO             PET1 PIOc_sync Enter - MemInfo: [/proc/self/status]	VmPMD:	      12 kB
20220314 061549.667 INFO             PET1 PIOc_sync Enter - MemInfo: [/proc/self/status]	VmSwap:	       0 kB
20220314 061549.667 INFO             PET1 PIOc_sync Enter - MemInfo: [/proc/self/status]	VmRSSPercent: 0.0178302 %
20220314 061549.667 INFO             PET1 PIOc_sync Enter - MemInfo: [malloc] Non-mmapped space allocated:                18558976 Byte
20220314 061549.670 INFO             PET1 PIOc_sync Enter - MemInfo: [malloc] Space allocated in mmapped regions:                0 Byte
20220314 061549.670 INFO             PET1 PIOc_sync Enter - MemInfo: [malloc] Maximum total allocated space:                     0 Byte
20220314 061549.670 INFO             PET1 PIOc_sync Enter - MemInfo: [malloc] Space in freed fastbin blocks:                  1104 Byte
20220314 061549.670 INFO             PET1 PIOc_sync Enter - MemInfo: [malloc] Total allocated space:                      18469568 Byte
20220314 061549.670 INFO             PET1 PIOc_sync Enter - MemInfo: [malloc] Total free space:                              89408 Byte
20220314 061549.670 INFO             PET1 PIOc_sync Enter - MemInfo: [malloc] Top-most, releasable space:                    84592 Byte
20220314 061549.670 INFO             PET1 PIOc_sync Enter - MemInfo: [malloc] Total space in use, mmap + non-mmap:        18469568 Byte
20220314 061549.670 INFO             PET1 PIOc_sync Enter - MemInfo: [malloc] Total space held (mmap + non-mmap):         18558976 Byte
20220314 061549.670 INFO             PET1 PIOc_sync Enter - MemInfo: [malloc] Total space used (mmap + non-mmap):         18478896 Byte
20220314 061549.670 INFO             PET1 PIOc_sync Enter - MemInfo: Wall-clock time since execution start:              0.0153452 seconds
20220314 061549.670 INFO             PET1 PIOc_sync Exit - MemInfo: [/proc/meminfo - SSI]	MemTotal:       65507008 kB
20220314 061549.670 INFO             PET1 PIOc_sync Exit - MemInfo: [/proc/meminfo - SSI]	MemFree:        49820144 kB
20220314 061549.670 INFO             PET1 PIOc_sync Exit - MemInfo: [/proc/meminfo - SSI]	MemAvailable:   49572676 kB
20220314 061549.670 INFO             PET1 PIOc_sync Exit - MemInfo: [/proc/meminfo - SSI]	Committed_AS:   13138664 kB
20220314 061549.670 INFO             PET1 PIOc_sync Exit - MemInfo: [/proc/meminfo - SSI]	CommittedPercent: 20.0569 %
20220314 061549.670 INFO             PET1 PIOc_sync Exit - MemInfo: [/proc/self/status]	VmPeak:	  116572 kB
20220314 061549.670 INFO             PET1 PIOc_sync Exit - MemInfo: [/proc/self/status]	VmSize:	  116572 kB
20220314 061549.670 INFO             PET1 PIOc_sync Exit - MemInfo: [/proc/self/status]	VmLck:	       0 kB
20220314 061549.670 INFO             PET1 PIOc_sync Exit - MemInfo: [/proc/self/status]	VmPin:	       0 kB
20220314 061549.670 INFO             PET1 PIOc_sync Exit - MemInfo: [/proc/self/status]	VmHWM:	   11772 kB
20220314 061549.670 INFO             PET1 PIOc_sync Exit - MemInfo: [/proc/self/status]	VmRSS:	   11772 kB
20220314 061549.670 INFO             PET1 PIOc_sync Exit - MemInfo: [/proc/self/status]	VmData:	   21460 kB
20220314 061549.670 INFO             PET1 PIOc_sync Exit - MemInfo: [/proc/self/status]	VmStk:	     144 kB
20220314 061549.670 INFO             PET1 PIOc_sync Exit - MemInfo: [/proc/self/status]	VmExe:	     196 kB
20220314 061549.670 INFO             PET1 PIOc_sync Exit - MemInfo: [/proc/self/status]	VmLib:	   39752 kB
20220314 061549.670 INFO             PET1 PIOc_sync Exit - MemInfo: [/proc/self/status]	VmPTE:	     216 kB
20220314 061549.670 INFO             PET1 PIOc_sync Exit - MemInfo: [/proc/self/status]	VmPMD:	      12 kB
20220314 061549.670 INFO             PET1 PIOc_sync Exit - MemInfo: [/proc/self/status]	VmSwap:	       0 kB
20220314 061549.670 INFO             PET1 PIOc_sync Exit - MemInfo: [/proc/self/status]	VmRSSPercent: 0.0179706 %
20220314 061549.670 INFO             PET1 PIOc_sync Exit - MemInfo: [malloc] Non-mmapped space allocated:                18558976 Byte
20220314 061549.670 INFO             PET1 PIOc_sync Exit - MemInfo: [malloc] Space allocated in mmapped regions:                0 Byte
20220314 061549.670 INFO             PET1 PIOc_sync Exit - MemInfo: [malloc] Maximum total allocated space:                     0 Byte
20220314 061549.670 INFO             PET1 PIOc_sync Exit - MemInfo: [malloc] Space in freed fastbin blocks:                  1376 Byte
20220314 061549.670 INFO             PET1 PIOc_sync Exit - MemInfo: [malloc] Total allocated space:                      18468800 Byte
20220314 061549.670 INFO             PET1 PIOc_sync Exit - MemInfo: [malloc] Total free space:                              90176 Byte
20220314 061549.670 INFO             PET1 PIOc_sync Exit - MemInfo: [malloc] Top-most, releasable space:                    84592 Byte
20220314 061549.670 INFO             PET1 PIOc_sync Exit - MemInfo: [malloc] Total space in use, mmap + non-mmap:        18468800 Byte
20220314 061549.670 INFO             PET1 PIOc_sync Exit - MemInfo: [malloc] Total space held (mmap + non-mmap):         18558976 Byte
20220314 061549.670 INFO             PET1 PIOc_sync Exit - MemInfo: [malloc] Total space used (mmap + non-mmap):         18478128 Byte
20220314 061549.670 INFO             PET1 PIOc_sync Exit - MemInfo: Wall-clock time since execution start:               0.015788 seconds
20220314 061549.670 INFO             PET1 PIOc_freedecomp Enter - MemInfo: [/proc/meminfo - SSI]	MemTotal:       65507008 kB
20220314 061549.670 INFO             PET1 PIOc_freedecomp Enter - MemInfo: [/proc/meminfo - SSI]	MemFree:        49820144 kB
20220314 061549.670 INFO             PET1 PIOc_freedecomp Enter - MemInfo: [/proc/meminfo - SSI]	MemAvailable:   49572676 kB
20220314 061549.670 INFO             PET1 PIOc_freedecomp Enter - MemInfo: [/proc/meminfo - SSI]	Committed_AS:   13138664 kB
20220314 061549.670 INFO             PET1 PIOc_freedecomp Enter - MemInfo: [/proc/meminfo - SSI]	CommittedPercent: 20.0569 %
20220314 061549.670 INFO             PET1 PIOc_freedecomp Enter - MemInfo: [/proc/self/status]	VmPeak:	  116572 kB
20220314 061549.670 INFO             PET1 PIOc_freedecomp Enter - MemInfo: [/proc/self/status]	VmSize:	  116572 kB
20220314 061549.670 INFO             PET1 PIOc_freedecomp Enter - MemInfo: [/proc/self/status]	VmLck:	       0 kB
20220314 061549.670 INFO             PET1 PIOc_freedecomp Enter - MemInfo: [/proc/self/status]	VmPin:	       0 kB
20220314 061549.670 INFO             PET1 PIOc_freedecomp Enter - MemInfo: [/proc/self/status]	VmHWM:	   11772 kB
20220314 061549.670 INFO             PET1 PIOc_freedecomp Enter - MemInfo: [/proc/self/status]	VmRSS:	   11772 kB
20220314 061549.670 INFO             PET1 PIOc_freedecomp Enter - MemInfo: [/proc/self/status]	VmData:	   21460 kB
20220314 061549.670 INFO             PET1 PIOc_freedecomp Enter - MemInfo: [/proc/self/status]	VmStk:	     144 kB
20220314 061549.670 INFO             PET1 PIOc_freedecomp Enter - MemInfo: [/proc/self/status]	VmExe:	     196 kB
20220314 061549.671 INFO             PET1 PIOc_freedecomp Enter - MemInfo: [/proc/self/status]	VmLib:	   39752 kB
20220314 061549.671 INFO             PET1 PIOc_freedecomp Enter - MemInfo: [/proc/self/status]	VmPTE:	     216 kB
20220314 061549.671 INFO             PET1 PIOc_freedecomp Enter - MemInfo: [/proc/self/status]	VmPMD:	      12 kB
20220314 061549.671 INFO             PET1 PIOc_freedecomp Enter - MemInfo: [/proc/self/status]	VmSwap:	       0 kB
20220314 061549.671 INFO             PET1 PIOc_freedecomp Enter - MemInfo: [/proc/self/status]	VmRSSPercent: 0.0179706 %
20220314 061549.671 INFO             PET1 PIOc_freedecomp Enter - MemInfo: [malloc] Non-mmapped space allocated:                18558976 Byte
20220314 061549.671 INFO             PET1 PIOc_freedecomp Enter - MemInfo: [malloc] Space allocated in mmapped regions:                0 Byte
20220314 061549.671 INFO             PET1 PIOc_freedecomp Enter - MemInfo: [malloc] Maximum total allocated space:                     0 Byte
20220314 061549.671 INFO             PET1 PIOc_freedecomp Enter - MemInfo: [malloc] Space in freed fastbin blocks:                  1504 Byte
20220314 061549.671 INFO             PET1 PIOc_freedecomp Enter - MemInfo: [malloc] Total allocated space:                      18467168 Byte
20220314 061549.671 INFO             PET1 PIOc_freedecomp Enter - MemInfo: [malloc] Total free space:                              91808 Byte
20220314 061549.671 INFO             PET1 PIOc_freedecomp Enter - MemInfo: [malloc] Top-most, releasable space:                    84592 Byte
20220314 061549.671 INFO             PET1 PIOc_freedecomp Enter - MemInfo: [malloc] Total space in use, mmap + non-mmap:        18467168 Byte
20220314 061549.671 INFO             PET1 PIOc_freedecomp Enter - MemInfo: [malloc] Total space held (mmap + non-mmap):         18558976 Byte
20220314 061549.671 INFO             PET1 PIOc_freedecomp Enter - MemInfo: [malloc] Total space used (mmap + non-mmap):         18476496 Byte
20220314 061549.671 INFO             PET1 PIOc_freedecomp Enter - MemInfo: Wall-clock time since execution start:              0.0161817 seconds
20220314 061549.671 INFO             PET1 PIOc_freedecomp Exit - MemInfo: [/proc/meminfo - SSI]	MemTotal:       65507008 kB
20220314 061549.671 INFO             PET1 PIOc_freedecomp Exit - MemInfo: [/proc/meminfo - SSI]	MemFree:        49820144 kB
20220314 061549.671 INFO             PET1 PIOc_freedecomp Exit - MemInfo: [/proc/meminfo - SSI]	MemAvailable:   49572676 kB
20220314 061549.671 INFO             PET1 PIOc_freedecomp Exit - MemInfo: [/proc/meminfo - SSI]	Committed_AS:   13138664 kB
20220314 061549.671 INFO             PET1 PIOc_freedecomp Exit - MemInfo: [/proc/meminfo - SSI]	CommittedPercent: 20.0569 %
20220314 061549.671 INFO             PET1 PIOc_freedecomp Exit - MemInfo: [/proc/self/status]	VmPeak:	  116572 kB
20220314 061549.671 INFO             PET1 PIOc_freedecomp Exit - MemInfo: [/proc/self/status]	VmSize:	  116572 kB
20220314 061549.671 INFO             PET1 PIOc_freedecomp Exit - MemInfo: [/proc/self/status]	VmLck:	       0 kB
20220314 061549.671 INFO             PET1 PIOc_freedecomp Exit - MemInfo: [/proc/self/status]	VmPin:	       0 kB
20220314 061549.671 INFO             PET1 PIOc_freedecomp Exit - MemInfo: [/proc/self/status]	VmHWM:	   11776 kB
20220314 061549.671 INFO             PET1 PIOc_freedecomp Exit - MemInfo: [/proc/self/status]	VmRSS:	   11776 kB
20220314 061549.671 INFO             PET1 PIOc_freedecomp Exit - MemInfo: [/proc/self/status]	VmData:	   21460 kB
20220314 061549.671 INFO             PET1 PIOc_freedecomp Exit - MemInfo: [/proc/self/status]	VmStk:	     144 kB
20220314 061549.671 INFO             PET1 PIOc_freedecomp Exit - MemInfo: [/proc/self/status]	VmExe:	     196 kB
20220314 061549.671 INFO             PET1 PIOc_freedecomp Exit - MemInfo: [/proc/self/status]	VmLib:	   39752 kB
20220314 061549.671 INFO             PET1 PIOc_freedecomp Exit - MemInfo: [/proc/self/status]	VmPTE:	     216 kB
20220314 061549.671 INFO             PET1 PIOc_freedecomp Exit - MemInfo: [/proc/self/status]	VmPMD:	      12 kB
20220314 061549.671 INFO             PET1 PIOc_freedecomp Exit - MemInfo: [/proc/self/status]	VmSwap:	       0 kB
20220314 061549.671 INFO             PET1 PIOc_freedecomp Exit - MemInfo: [/proc/self/status]	VmRSSPercent: 0.0179767 %
20220314 061549.671 INFO             PET1 PIOc_freedecomp Exit - MemInfo: [malloc] Non-mmapped space allocated:                18558976 Byte
20220314 061549.671 INFO             PET1 PIOc_freedecomp Exit - MemInfo: [malloc] Space allocated in mmapped regions:                0 Byte
20220314 061549.671 INFO             PET1 PIOc_freedecomp Exit - MemInfo: [malloc] Maximum total allocated space:                     0 Byte
20220314 061549.671 INFO             PET1 PIOc_freedecomp Exit - MemInfo: [malloc] Space in freed fastbin blocks:                  1488 Byte
20220314 061549.671 INFO             PET1 PIOc_freedecomp Exit - MemInfo: [malloc] Total allocated space:                      18465728 Byte
20220314 061549.671 INFO             PET1 PIOc_freedecomp Exit - MemInfo: [malloc] Total free space:                              93248 Byte
20220314 061549.671 INFO             PET1 PIOc_freedecomp Exit - MemInfo: [malloc] Top-most, releasable space:                    84592 Byte
20220314 061549.671 INFO             PET1 PIOc_freedecomp Exit - MemInfo: [malloc] Total space in use, mmap + non-mmap:        18465728 Byte
20220314 061549.671 INFO             PET1 PIOc_freedecomp Exit - MemInfo: [malloc] Total space held (mmap + non-mmap):         18558976 Byte
20220314 061549.671 INFO             PET1 PIOc_freedecomp Exit - MemInfo: [malloc] Total space used (mmap + non-mmap):         18475056 Byte
20220314 061549.671 INFO             PET1 PIOc_freedecomp Exit - MemInfo: Wall-clock time since execution start:              0.0165275 seconds
20220314 061549.672 INFO             PET1 PIOc_sync Enter - MemInfo: [/proc/meminfo - SSI]	MemTotal:       65507008 kB
20220314 061549.672 INFO             PET1 PIOc_sync Enter - MemInfo: [/proc/meminfo - SSI]	MemFree:        49820144 kB
20220314 061549.672 INFO             PET1 PIOc_sync Enter - MemInfo: [/proc/meminfo - SSI]	MemAvailable:   49572676 kB
20220314 061549.672 INFO             PET1 PIOc_sync Enter - MemInfo: [/proc/meminfo - SSI]	Committed_AS:   13138664 kB
20220314 061549.672 INFO             PET1 PIOc_sync Enter - MemInfo: [/proc/meminfo - SSI]	CommittedPercent: 20.0569 %
20220314 061549.672 INFO             PET1 PIOc_sync Enter - MemInfo: [/proc/self/status]	VmPeak:	  116572 kB
20220314 061549.672 INFO             PET1 PIOc_sync Enter - MemInfo: [/proc/self/status]	VmSize:	  116572 kB
20220314 061549.672 INFO             PET1 PIOc_sync Enter - MemInfo: [/proc/self/status]	VmLck:	       0 kB
20220314 061549.672 INFO             PET1 PIOc_sync Enter - MemInfo: [/proc/self/status]	VmPin:	       0 kB
20220314 061549.672 INFO             PET1 PIOc_sync Enter - MemInfo: [/proc/self/status]	VmHWM:	   11780 kB
20220314 061549.672 INFO             PET1 PIOc_sync Enter - MemInfo: [/proc/self/status]	VmRSS:	   11780 kB
20220314 061549.672 INFO             PET1 PIOc_sync Enter - MemInfo: [/proc/self/status]	VmData:	   21460 kB
20220314 061549.672 INFO             PET1 PIOc_sync Enter - MemInfo: [/proc/self/status]	VmStk:	     144 kB
20220314 061549.672 INFO             PET1 PIOc_sync Enter - MemInfo: [/proc/self/status]	VmExe:	     196 kB
20220314 061549.672 INFO             PET1 PIOc_sync Enter - MemInfo: [/proc/self/status]	VmLib:	   39752 kB
20220314 061549.672 INFO             PET1 PIOc_sync Enter - MemInfo: [/proc/self/status]	VmPTE:	     216 kB
20220314 061549.672 INFO             PET1 PIOc_sync Enter - MemInfo: [/proc/self/status]	VmPMD:	      12 kB
20220314 061549.672 INFO             PET1 PIOc_sync Enter - MemInfo: [/proc/self/status]	VmSwap:	       0 kB
20220314 061549.672 INFO             PET1 PIOc_sync Enter - MemInfo: [/proc/self/status]	VmRSSPercent: 0.0179828 %
20220314 061549.672 INFO             PET1 PIOc_sync Enter - MemInfo: [malloc] Non-mmapped space allocated:                18558976 Byte
20220314 061549.672 INFO             PET1 PIOc_sync Enter - MemInfo: [malloc] Space allocated in mmapped regions:                0 Byte
20220314 061549.672 INFO             PET1 PIOc_sync Enter - MemInfo: [malloc] Maximum total allocated space:                     0 Byte
20220314 061549.672 INFO             PET1 PIOc_sync Enter - MemInfo: [malloc] Space in freed fastbin blocks:                  1136 Byte
20220314 061549.672 INFO             PET1 PIOc_sync Enter - MemInfo: [malloc] Total allocated space:                      18469664 Byte
20220314 061549.672 INFO             PET1 PIOc_sync Enter - MemInfo: [malloc] Total free space:                              89312 Byte
20220314 061549.672 INFO             PET1 PIOc_sync Enter - MemInfo: [malloc] Top-most, releasable space:                    84720 Byte
20220314 061549.672 INFO             PET1 PIOc_sync Enter - MemInfo: [malloc] Total space in use, mmap + non-mmap:        18469664 Byte
20220314 061549.672 INFO             PET1 PIOc_sync Enter - MemInfo: [malloc] Total space held (mmap + non-mmap):         18558976 Byte
20220314 061549.672 INFO             PET1 PIOc_sync Enter - MemInfo: [malloc] Total space used (mmap + non-mmap):         18478992 Byte
20220314 061549.672 INFO             PET1 PIOc_sync Enter - MemInfo: Wall-clock time since execution start:              0.0180024 seconds
20220314 061549.673 INFO             PET1 PIOc_sync Exit - MemInfo: [/proc/meminfo - SSI]	MemTotal:       65507008 kB
20220314 061549.673 INFO             PET1 PIOc_sync Exit - MemInfo: [/proc/meminfo - SSI]	MemFree:        49820144 kB
20220314 061549.673 INFO             PET1 PIOc_sync Exit - MemInfo: [/proc/meminfo - SSI]	MemAvailable:   49572676 kB
20220314 061549.673 INFO             PET1 PIOc_sync Exit - MemInfo: [/proc/meminfo - SSI]	Committed_AS:   13138664 kB
20220314 061549.673 INFO             PET1 PIOc_sync Exit - MemInfo: [/proc/meminfo - SSI]	CommittedPercent: 20.0569 %
20220314 061549.673 INFO             PET1 PIOc_sync Exit - MemInfo: [/proc/self/status]	VmPeak:	  116572 kB
20220314 061549.673 INFO             PET1 PIOc_sync Exit - MemInfo: [/proc/self/status]	VmSize:	  116572 kB
20220314 061549.673 INFO             PET1 PIOc_sync Exit - MemInfo: [/proc/self/status]	VmLck:	       0 kB
20220314 061549.673 INFO             PET1 PIOc_sync Exit - MemInfo: [/proc/self/status]	VmPin:	       0 kB
20220314 061549.673 INFO             PET1 PIOc_sync Exit - MemInfo: [/proc/self/status]	VmHWM:	   11780 kB
20220314 061549.673 INFO             PET1 PIOc_sync Exit - MemInfo: [/proc/self/status]	VmRSS:	   11780 kB
20220314 061549.673 INFO             PET1 PIOc_sync Exit - MemInfo: [/proc/self/status]	VmData:	   21460 kB
20220314 061549.673 INFO             PET1 PIOc_sync Exit - MemInfo: [/proc/self/status]	VmStk:	     144 kB
20220314 061549.673 INFO             PET1 PIOc_sync Exit - MemInfo: [/proc/self/status]	VmExe:	     196 kB
20220314 061549.673 INFO             PET1 PIOc_sync Exit - MemInfo: [/proc/self/status]	VmLib:	   39752 kB
20220314 061549.673 INFO             PET1 PIOc_sync Exit - MemInfo: [/proc/self/status]	VmPTE:	     216 kB
20220314 061549.673 INFO             PET1 PIOc_sync Exit - MemInfo: [/proc/self/status]	VmPMD:	      12 kB
20220314 061549.673 INFO             PET1 PIOc_sync Exit - MemInfo: [/proc/self/status]	VmSwap:	       0 kB
20220314 061549.673 INFO             PET1 PIOc_sync Exit - MemInfo: [/proc/self/status]	VmRSSPercent: 0.0179828 %
20220314 061549.673 INFO             PET1 PIOc_sync Exit - MemInfo: [malloc] Non-mmapped space allocated:                18558976 Byte
20220314 061549.673 INFO             PET1 PIOc_sync Exit - MemInfo: [malloc] Space allocated in mmapped regions:                0 Byte
20220314 061549.673 INFO             PET1 PIOc_sync Exit - MemInfo: [malloc] Maximum total allocated space:                     0 Byte
20220314 061549.673 INFO             PET1 PIOc_sync Exit - MemInfo: [malloc] Space in freed fastbin blocks:                  1424 Byte
20220314 061549.673 INFO             PET1 PIOc_sync Exit - MemInfo: [malloc] Total allocated space:                      18468912 Byte
20220314 061549.673 INFO             PET1 PIOc_sync Exit - MemInfo: [malloc] Total free space:                              90064 Byte
20220314 061549.673 INFO             PET1 PIOc_sync Exit - MemInfo: [malloc] Top-most, releasable space:                    84720 Byte
20220314 061549.673 INFO             PET1 PIOc_sync Exit - MemInfo: [malloc] Total space in use, mmap + non-mmap:        18468912 Byte
20220314 061549.673 INFO             PET1 PIOc_sync Exit - MemInfo: [malloc] Total space held (mmap + non-mmap):         18558976 Byte
20220314 061549.673 INFO             PET1 PIOc_sync Exit - MemInfo: [malloc] Total space used (mmap + non-mmap):         18478240 Byte
20220314 061549.673 INFO             PET1 PIOc_sync Exit - MemInfo: Wall-clock time since execution start:               0.018391 seconds
20220314 061549.673 INFO             PET1 PIOc_freedecomp Enter - MemInfo: [/proc/meminfo - SSI]	MemTotal:       65507008 kB
20220314 061549.673 INFO             PET1 PIOc_freedecomp Enter - MemInfo: [/proc/meminfo - SSI]	MemFree:        49820144 kB
20220314 061549.673 INFO             PET1 PIOc_freedecomp Enter - MemInfo: [/proc/meminfo - SSI]	MemAvailable:   49572676 kB
20220314 061549.673 INFO             PET1 PIOc_freedecomp Enter - MemInfo: [/proc/meminfo - SSI]	Committed_AS:   13138664 kB
20220314 061549.673 INFO             PET1 PIOc_freedecomp Enter - MemInfo: [/proc/meminfo - SSI]	CommittedPercent: 20.0569 %
20220314 061549.673 INFO             PET1 PIOc_freedecomp Enter - MemInfo: [/proc/self/status]	VmPeak:	  116572 kB
20220314 061549.673 INFO             PET1 PIOc_freedecomp Enter - MemInfo: [/proc/self/status]	VmSize:	  116572 kB
20220314 061549.673 INFO             PET1 PIOc_freedecomp Enter - MemInfo: [/proc/self/status]	VmLck:	       0 kB
20220314 061549.673 INFO             PET1 PIOc_freedecomp Enter - MemInfo: [/proc/self/status]	VmPin:	       0 kB
20220314 061549.673 INFO             PET1 PIOc_freedecomp Enter - MemInfo: [/proc/self/status]	VmHWM:	   11780 kB
20220314 061549.673 INFO             PET1 PIOc_freedecomp Enter - MemInfo: [/proc/self/status]	VmRSS:	   11780 kB
20220314 061549.673 INFO             PET1 PIOc_freedecomp Enter - MemInfo: [/proc/self/status]	VmData:	   21460 kB
20220314 061549.673 INFO             PET1 PIOc_freedecomp Enter - MemInfo: [/proc/self/status]	VmStk:	     144 kB
20220314 061549.673 INFO             PET1 PIOc_freedecomp Enter - MemInfo: [/proc/self/status]	VmExe:	     196 kB
20220314 061549.673 INFO             PET1 PIOc_freedecomp Enter - MemInfo: [/proc/self/status]	VmLib:	   39752 kB
20220314 061549.673 INFO             PET1 PIOc_freedecomp Enter - MemInfo: [/proc/self/status]	VmPTE:	     216 kB
20220314 061549.673 INFO             PET1 PIOc_freedecomp Enter - MemInfo: [/proc/self/status]	VmPMD:	      12 kB
20220314 061549.673 INFO             PET1 PIOc_freedecomp Enter - MemInfo: [/proc/self/status]	VmSwap:	       0 kB
20220314 061549.673 INFO             PET1 PIOc_freedecomp Enter - MemInfo: [/proc/self/status]	VmRSSPercent: 0.0179828 %
20220314 061549.673 INFO             PET1 PIOc_freedecomp Enter - MemInfo: [malloc] Non-mmapped space allocated:                18558976 Byte
20220314 061549.673 INFO             PET1 PIOc_freedecomp Enter - MemInfo: [malloc] Space allocated in mmapped regions:                0 Byte
20220314 061549.673 INFO             PET1 PIOc_freedecomp Enter - MemInfo: [malloc] Maximum total allocated space:                     0 Byte
20220314 061549.673 INFO             PET1 PIOc_freedecomp Enter - MemInfo: [malloc] Space in freed fastbin blocks:                  1280 Byte
20220314 061549.673 INFO             PET1 PIOc_freedecomp Enter - MemInfo: [malloc] Total allocated space:                      18467136 Byte
20220314 061549.673 INFO             PET1 PIOc_freedecomp Enter - MemInfo: [malloc] Total free space:                              91840 Byte
20220314 061549.673 INFO             PET1 PIOc_freedecomp Enter - MemInfo: [malloc] Top-most, releasable space:                    84720 Byte
20220314 061549.673 INFO             PET1 PIOc_freedecomp Enter - MemInfo: [malloc] Total space in use, mmap + non-mmap:        18467136 Byte
20220314 061549.673 INFO             PET1 PIOc_freedecomp Enter - MemInfo: [malloc] Total space held (mmap + non-mmap):         18558976 Byte
20220314 061549.673 INFO             PET1 PIOc_freedecomp Enter - MemInfo: [malloc] Total space used (mmap + non-mmap):         18476464 Byte
20220314 061549.673 INFO             PET1 PIOc_freedecomp Enter - MemInfo: Wall-clock time since execution start:              0.0187594 seconds
20220314 061549.673 INFO             PET1 PIOc_freedecomp Exit - MemInfo: [/proc/meminfo - SSI]	MemTotal:       65507008 kB
20220314 061549.673 INFO             PET1 PIOc_freedecomp Exit - MemInfo: [/proc/meminfo - SSI]	MemFree:        49820144 kB
20220314 061549.673 INFO             PET1 PIOc_freedecomp Exit - MemInfo: [/proc/meminfo - SSI]	MemAvailable:   49572676 kB
20220314 061549.673 INFO             PET1 PIOc_freedecomp Exit - MemInfo: [/proc/meminfo - SSI]	Committed_AS:   13138664 kB
20220314 061549.673 INFO             PET1 PIOc_freedecomp Exit - MemInfo: [/proc/meminfo - SSI]	CommittedPercent: 20.0569 %
20220314 061549.673 INFO             PET1 PIOc_freedecomp Exit - MemInfo: [/proc/self/status]	VmPeak:	  116572 kB
20220314 061549.673 INFO             PET1 PIOc_freedecomp Exit - MemInfo: [/proc/self/status]	VmSize:	  116572 kB
20220314 061549.673 INFO             PET1 PIOc_freedecomp Exit - MemInfo: [/proc/self/status]	VmLck:	       0 kB
20220314 061549.673 INFO             PET1 PIOc_freedecomp Exit - MemInfo: [/proc/self/status]	VmPin:	       0 kB
20220314 061549.673 INFO             PET1 PIOc_freedecomp Exit - MemInfo: [/proc/self/status]	VmHWM:	   11780 kB
20220314 061549.673 INFO             PET1 PIOc_freedecomp Exit - MemInfo: [/proc/self/status]	VmRSS:	   11780 kB
20220314 061549.673 INFO             PET1 PIOc_freedecomp Exit - MemInfo: [/proc/self/status]	VmData:	   21460 kB
20220314 061549.673 INFO             PET1 PIOc_freedecomp Exit - MemInfo: [/proc/self/status]	VmStk:	     144 kB
20220314 061549.673 INFO             PET1 PIOc_freedecomp Exit - MemInfo: [/proc/self/status]	VmExe:	     196 kB
20220314 061549.673 INFO             PET1 PIOc_freedecomp Exit - MemInfo: [/proc/self/status]	VmLib:	   39752 kB
20220314 061549.673 INFO             PET1 PIOc_freedecomp Exit - MemInfo: [/proc/self/status]	VmPTE:	     216 kB
20220314 061549.673 INFO             PET1 PIOc_freedecomp Exit - MemInfo: [/proc/self/status]	VmPMD:	      12 kB
20220314 061549.673 INFO             PET1 PIOc_freedecomp Exit - MemInfo: [/proc/self/status]	VmSwap:	       0 kB
20220314 061549.673 INFO             PET1 PIOc_freedecomp Exit - MemInfo: [/proc/self/status]	VmRSSPercent: 0.0179828 %
20220314 061549.673 INFO             PET1 PIOc_freedecomp Exit - MemInfo: [malloc] Non-mmapped space allocated:                18558976 Byte
20220314 061549.673 INFO             PET1 PIOc_freedecomp Exit - MemInfo: [malloc] Space allocated in mmapped regions:                0 Byte
20220314 061549.673 INFO             PET1 PIOc_freedecomp Exit - MemInfo: [malloc] Maximum total allocated space:                     0 Byte
20220314 061549.673 INFO             PET1 PIOc_freedecomp Exit - MemInfo: [malloc] Space in freed fastbin blocks:                  1456 Byte
20220314 061549.673 INFO             PET1 PIOc_freedecomp Exit - MemInfo: [malloc] Total allocated space:                      18465728 Byte
20220314 061549.674 INFO             PET1 PIOc_freedecomp Exit - MemInfo: [malloc] Total free space:                              93248 Byte
20220314 061549.674 INFO             PET1 PIOc_freedecomp Exit - MemInfo: [malloc] Top-most, releasable space:                    84720 Byte
20220314 061549.674 INFO             PET1 PIOc_freedecomp Exit - MemInfo: [malloc] Total space in use, mmap + non-mmap:        18465728 Byte
20220314 061549.674 INFO             PET1 PIOc_freedecomp Exit - MemInfo: [malloc] Total space held (mmap + non-mmap):         18558976 Byte
20220314 061549.674 INFO             PET1 PIOc_freedecomp Exit - MemInfo: [malloc] Total space used (mmap + non-mmap):         18475056 Byte
20220314 061549.674 INFO             PET1 PIOc_freedecomp Exit - MemInfo: Wall-clock time since execution start:              0.0190861 seconds
20220314 061549.674 INFO             PET1 PIOc_sync Enter - MemInfo: [/proc/meminfo - SSI]	MemTotal:       65507008 kB
20220314 061549.674 INFO             PET1 PIOc_sync Enter - MemInfo: [/proc/meminfo - SSI]	MemFree:        49820144 kB
20220314 061549.674 INFO             PET1 PIOc_sync Enter - MemInfo: [/proc/meminfo - SSI]	MemAvailable:   49572676 kB
20220314 061549.674 INFO             PET1 PIOc_sync Enter - MemInfo: [/proc/meminfo - SSI]	Committed_AS:   13138664 kB
20220314 061549.674 INFO             PET1 PIOc_sync Enter - MemInfo: [/proc/meminfo - SSI]	CommittedPercent: 20.0569 %
20220314 061549.674 INFO             PET1 PIOc_sync Enter - MemInfo: [/proc/self/status]	VmPeak:	  116572 kB
20220314 061549.674 INFO             PET1 PIOc_sync Enter - MemInfo: [/proc/self/status]	VmSize:	  116572 kB
20220314 061549.674 INFO             PET1 PIOc_sync Enter - MemInfo: [/proc/self/status]	VmLck:	       0 kB
20220314 061549.674 INFO             PET1 PIOc_sync Enter - MemInfo: [/proc/self/status]	VmPin:	       0 kB
20220314 061549.674 INFO             PET1 PIOc_sync Enter - MemInfo: [/proc/self/status]	VmHWM:	   11780 kB
20220314 061549.674 INFO             PET1 PIOc_sync Enter - MemInfo: [/proc/self/status]	VmRSS:	   11780 kB
20220314 061549.674 INFO             PET1 PIOc_sync Enter - MemInfo: [/proc/self/status]	VmData:	   21460 kB
20220314 061549.674 INFO             PET1 PIOc_sync Enter - MemInfo: [/proc/self/status]	VmStk:	     144 kB
20220314 061549.674 INFO             PET1 PIOc_sync Enter - MemInfo: [/proc/self/status]	VmExe:	     196 kB
20220314 061549.674 INFO             PET1 PIOc_sync Enter - MemInfo: [/proc/self/status]	VmLib:	   39752 kB
20220314 061549.674 INFO             PET1 PIOc_sync Enter - MemInfo: [/proc/self/status]	VmPTE:	     216 kB
20220314 061549.674 INFO             PET1 PIOc_sync Enter - MemInfo: [/proc/self/status]	VmPMD:	      12 kB
20220314 061549.674 INFO             PET1 PIOc_sync Enter - MemInfo: [/proc/self/status]	VmSwap:	       0 kB
20220314 061549.675 INFO             PET1 PIOc_sync Enter - MemInfo: [/proc/self/status]	VmRSSPercent: 0.0179828 %
20220314 061549.675 INFO             PET1 PIOc_sync Enter - MemInfo: [malloc] Non-mmapped space allocated:                18558976 Byte
20220314 061549.675 INFO             PET1 PIOc_sync Enter - MemInfo: [malloc] Space allocated in mmapped regions:                0 Byte
20220314 061549.675 INFO             PET1 PIOc_sync Enter - MemInfo: [malloc] Maximum total allocated space:                     0 Byte
20220314 061549.675 INFO             PET1 PIOc_sync Enter - MemInfo: [malloc] Space in freed fastbin blocks:                  1152 Byte
20220314 061549.675 INFO             PET1 PIOc_sync Enter - MemInfo: [malloc] Total allocated space:                      18469808 Byte
20220314 061549.675 INFO             PET1 PIOc_sync Enter - MemInfo: [malloc] Total free space:                              89168 Byte
20220314 061549.675 INFO             PET1 PIOc_sync Enter - MemInfo: [malloc] Top-most, releasable space:                    84720 Byte
20220314 061549.675 INFO             PET1 PIOc_sync Enter - MemInfo: [malloc] Total space in use, mmap + non-mmap:        18469808 Byte
20220314 061549.675 INFO             PET1 PIOc_sync Enter - MemInfo: [malloc] Total space held (mmap + non-mmap):         18558976 Byte
20220314 061549.675 INFO             PET1 PIOc_sync Enter - MemInfo: [malloc] Total space used (mmap + non-mmap):         18479136 Byte
20220314 061549.675 INFO             PET1 PIOc_sync Enter - MemInfo: Wall-clock time since execution start:               0.020146 seconds
20220314 061549.675 INFO             PET1 PIOc_sync Exit - MemInfo: [/proc/meminfo - SSI]	MemTotal:       65507008 kB
20220314 061549.675 INFO             PET1 PIOc_sync Exit - MemInfo: [/proc/meminfo - SSI]	MemFree:        49820144 kB
20220314 061549.675 INFO             PET1 PIOc_sync Exit - MemInfo: [/proc/meminfo - SSI]	MemAvailable:   49572676 kB
20220314 061549.675 INFO             PET1 PIOc_sync Exit - MemInfo: [/proc/meminfo - SSI]	Committed_AS:   13138664 kB
20220314 061549.675 INFO             PET1 PIOc_sync Exit - MemInfo: [/proc/meminfo - SSI]	CommittedPercent: 20.0569 %
20220314 061549.675 INFO             PET1 PIOc_sync Exit - MemInfo: [/proc/self/status]	VmPeak:	  116572 kB
20220314 061549.675 INFO             PET1 PIOc_sync Exit - MemInfo: [/proc/self/status]	VmSize:	  116572 kB
20220314 061549.675 INFO             PET1 PIOc_sync Exit - MemInfo: [/proc/self/status]	VmLck:	       0 kB
20220314 061549.675 INFO             PET1 PIOc_sync Exit - MemInfo: [/proc/self/status]	VmPin:	       0 kB
20220314 061549.675 INFO             PET1 PIOc_sync Exit - MemInfo: [/proc/self/status]	VmHWM:	   11780 kB
20220314 061549.675 INFO             PET1 PIOc_sync Exit - MemInfo: [/proc/self/status]	VmRSS:	   11780 kB
20220314 061549.675 INFO             PET1 PIOc_sync Exit - MemInfo: [/proc/self/status]	VmData:	   21460 kB
20220314 061549.675 INFO             PET1 PIOc_sync Exit - MemInfo: [/proc/self/status]	VmStk:	     144 kB
20220314 061549.675 INFO             PET1 PIOc_sync Exit - MemInfo: [/proc/self/status]	VmExe:	     196 kB
20220314 061549.675 INFO             PET1 PIOc_sync Exit - MemInfo: [/proc/self/status]	VmLib:	   39752 kB
20220314 061549.675 INFO             PET1 PIOc_sync Exit - MemInfo: [/proc/self/status]	VmPTE:	     216 kB
20220314 061549.675 INFO             PET1 PIOc_sync Exit - MemInfo: [/proc/self/status]	VmPMD:	      12 kB
20220314 061549.675 INFO             PET1 PIOc_sync Exit - MemInfo: [/proc/self/status]	VmSwap:	       0 kB
20220314 061549.675 INFO             PET1 PIOc_sync Exit - MemInfo: [/proc/self/status]	VmRSSPercent: 0.0179828 %
20220314 061549.675 INFO             PET1 PIOc_sync Exit - MemInfo: [malloc] Non-mmapped space allocated:                18558976 Byte
20220314 061549.675 INFO             PET1 PIOc_sync Exit - MemInfo: [malloc] Space allocated in mmapped regions:                0 Byte
20220314 061549.675 INFO             PET1 PIOc_sync Exit - MemInfo: [malloc] Maximum total allocated space:                     0 Byte
20220314 061549.675 INFO             PET1 PIOc_sync Exit - MemInfo: [malloc] Space in freed fastbin blocks:                  1424 Byte
20220314 061549.675 INFO             PET1 PIOc_sync Exit - MemInfo: [malloc] Total allocated space:                      18469072 Byte
20220314 061549.675 INFO             PET1 PIOc_sync Exit - MemInfo: [malloc] Total free space:                              89904 Byte
20220314 061549.675 INFO             PET1 PIOc_sync Exit - MemInfo: [malloc] Top-most, releasable space:                    84720 Byte
20220314 061549.675 INFO             PET1 PIOc_sync Exit - MemInfo: [malloc] Total space in use, mmap + non-mmap:        18469072 Byte
20220314 061549.675 INFO             PET1 PIOc_sync Exit - MemInfo: [malloc] Total space held (mmap + non-mmap):         18558976 Byte
20220314 061549.675 INFO             PET1 PIOc_sync Exit - MemInfo: [malloc] Total space used (mmap + non-mmap):         18478400 Byte
20220314 061549.675 INFO             PET1 PIOc_sync Exit - MemInfo: Wall-clock time since execution start:              0.0205219 seconds
20220314 061549.675 INFO             PET1 PIOc_freedecomp Enter - MemInfo: [/proc/meminfo - SSI]	MemTotal:       65507008 kB
20220314 061549.675 INFO             PET1 PIOc_freedecomp Enter - MemInfo: [/proc/meminfo - SSI]	MemFree:        49820144 kB
20220314 061549.675 INFO             PET1 PIOc_freedecomp Enter - MemInfo: [/proc/meminfo - SSI]	MemAvailable:   49572676 kB
20220314 061549.675 INFO             PET1 PIOc_freedecomp Enter - MemInfo: [/proc/meminfo - SSI]	Committed_AS:   13138664 kB
20220314 061549.675 INFO             PET1 PIOc_freedecomp Enter - MemInfo: [/proc/meminfo - SSI]	CommittedPercent: 20.0569 %
20220314 061549.675 INFO             PET1 PIOc_freedecomp Enter - MemInfo: [/proc/self/status]	VmPeak:	  116572 kB
20220314 061549.675 INFO             PET1 PIOc_freedecomp Enter - MemInfo: [/proc/self/status]	VmSize:	  116572 kB
20220314 061549.675 INFO             PET1 PIOc_freedecomp Enter - MemInfo: [/proc/self/status]	VmLck:	       0 kB
20220314 061549.675 INFO             PET1 PIOc_freedecomp Enter - MemInfo: [/proc/self/status]	VmPin:	       0 kB
20220314 061549.675 INFO             PET1 PIOc_freedecomp Enter - MemInfo: [/proc/self/status]	VmHWM:	   11780 kB
20220314 061549.675 INFO             PET1 PIOc_freedecomp Enter - MemInfo: [/proc/self/status]	VmRSS:	   11780 kB
20220314 061549.675 INFO             PET1 PIOc_freedecomp Enter - MemInfo: [/proc/self/status]	VmData:	   21460 kB
20220314 061549.675 INFO             PET1 PIOc_freedecomp Enter - MemInfo: [/proc/self/status]	VmStk:	     144 kB
20220314 061549.675 INFO             PET1 PIOc_freedecomp Enter - MemInfo: [/proc/self/status]	VmExe:	     196 kB
20220314 061549.675 INFO             PET1 PIOc_freedecomp Enter - MemInfo: [/proc/self/status]	VmLib:	   39752 kB
20220314 061549.675 INFO             PET1 PIOc_freedecomp Enter - MemInfo: [/proc/self/status]	VmPTE:	     216 kB
20220314 061549.675 INFO             PET1 PIOc_freedecomp Enter - MemInfo: [/proc/self/status]	VmPMD:	      12 kB
20220314 061549.675 INFO             PET1 PIOc_freedecomp Enter - MemInfo: [/proc/self/status]	VmSwap:	       0 kB
20220314 061549.675 INFO             PET1 PIOc_freedecomp Enter - MemInfo: [/proc/self/status]	VmRSSPercent: 0.0179828 %
20220314 061549.675 INFO             PET1 PIOc_freedecomp Enter - MemInfo: [malloc] Non-mmapped space allocated:                18558976 Byte
20220314 061549.675 INFO             PET1 PIOc_freedecomp Enter - MemInfo: [malloc] Space allocated in mmapped regions:                0 Byte
20220314 061549.675 INFO             PET1 PIOc_freedecomp Enter - MemInfo: [malloc] Maximum total allocated space:                     0 Byte
20220314 061549.675 INFO             PET1 PIOc_freedecomp Enter - MemInfo: [malloc] Space in freed fastbin blocks:                  1392 Byte
20220314 061549.675 INFO             PET1 PIOc_freedecomp Enter - MemInfo: [malloc] Total allocated space:                      18467152 Byte
20220314 061549.675 INFO             PET1 PIOc_freedecomp Enter - MemInfo: [malloc] Total free space:                              91824 Byte
20220314 061549.675 INFO             PET1 PIOc_freedecomp Enter - MemInfo: [malloc] Top-most, releasable space:                    84720 Byte
20220314 061549.675 INFO             PET1 PIOc_freedecomp Enter - MemInfo: [malloc] Total space in use, mmap + non-mmap:        18467152 Byte
20220314 061549.675 INFO             PET1 PIOc_freedecomp Enter - MemInfo: [malloc] Total space held (mmap + non-mmap):         18558976 Byte
20220314 061549.675 INFO             PET1 PIOc_freedecomp Enter - MemInfo: [malloc] Total space used (mmap + non-mmap):         18476480 Byte
20220314 061549.675 INFO             PET1 PIOc_freedecomp Enter - MemInfo: Wall-clock time since execution start:              0.0208885 seconds
20220314 061549.675 INFO             PET1 PIOc_freedecomp Exit - MemInfo: [/proc/meminfo - SSI]	MemTotal:       65507008 kB
20220314 061549.675 INFO             PET1 PIOc_freedecomp Exit - MemInfo: [/proc/meminfo - SSI]	MemFree:        49820144 kB
20220314 061549.675 INFO             PET1 PIOc_freedecomp Exit - MemInfo: [/proc/meminfo - SSI]	MemAvailable:   49572676 kB
20220314 061549.675 INFO             PET1 PIOc_freedecomp Exit - MemInfo: [/proc/meminfo - SSI]	Committed_AS:   13138664 kB
20220314 061549.675 INFO             PET1 PIOc_freedecomp Exit - MemInfo: [/proc/meminfo - SSI]	CommittedPercent: 20.0569 %
20220314 061549.675 INFO             PET1 PIOc_freedecomp Exit - MemInfo: [/proc/self/status]	VmPeak:	  116572 kB
20220314 061549.675 INFO             PET1 PIOc_freedecomp Exit - MemInfo: [/proc/self/status]	VmSize:	  116572 kB
20220314 061549.675 INFO             PET1 PIOc_freedecomp Exit - MemInfo: [/proc/self/status]	VmLck:	       0 kB
20220314 061549.675 INFO             PET1 PIOc_freedecomp Exit - MemInfo: [/proc/self/status]	VmPin:	       0 kB
20220314 061549.675 INFO             PET1 PIOc_freedecomp Exit - MemInfo: [/proc/self/status]	VmHWM:	   11780 kB
20220314 061549.676 INFO             PET1 PIOc_freedecomp Exit - MemInfo: [/proc/self/status]	VmRSS:	   11780 kB
20220314 061549.676 INFO             PET1 PIOc_freedecomp Exit - MemInfo: [/proc/self/status]	VmData:	   21460 kB
20220314 061549.676 INFO             PET1 PIOc_freedecomp Exit - MemInfo: [/proc/self/status]	VmStk:	     144 kB
20220314 061549.676 INFO             PET1 PIOc_freedecomp Exit - MemInfo: [/proc/self/status]	VmExe:	     196 kB
20220314 061549.676 INFO             PET1 PIOc_freedecomp Exit - MemInfo: [/proc/self/status]	VmLib:	   39752 kB
20220314 061549.676 INFO             PET1 PIOc_freedecomp Exit - MemInfo: [/proc/self/status]	VmPTE:	     216 kB
20220314 061549.676 INFO             PET1 PIOc_freedecomp Exit - MemInfo: [/proc/self/status]	VmPMD:	      12 kB
20220314 061549.676 INFO             PET1 PIOc_freedecomp Exit - MemInfo: [/proc/self/status]	VmSwap:	       0 kB
20220314 061549.676 INFO             PET1 PIOc_freedecomp Exit - MemInfo: [/proc/self/status]	VmRSSPercent: 0.0179828 %
20220314 061549.676 INFO             PET1 PIOc_freedecomp Exit - MemInfo: [malloc] Non-mmapped space allocated:                18558976 Byte
20220314 061549.676 INFO             PET1 PIOc_freedecomp Exit - MemInfo: [malloc] Space allocated in mmapped regions:                0 Byte
20220314 061549.676 INFO             PET1 PIOc_freedecomp Exit - MemInfo: [malloc] Maximum total allocated space:                     0 Byte
20220314 061549.676 INFO             PET1 PIOc_freedecomp Exit - MemInfo: [malloc] Space in freed fastbin blocks:                  1712 Byte
20220314 061549.676 INFO             PET1 PIOc_freedecomp Exit - MemInfo: [malloc] Total allocated space:                      18465728 Byte
20220314 061549.676 INFO             PET1 PIOc_freedecomp Exit - MemInfo: [malloc] Total free space:                              93248 Byte
20220314 061549.676 INFO             PET1 PIOc_freedecomp Exit - MemInfo: [malloc] Top-most, releasable space:                    84720 Byte
20220314 061549.676 INFO             PET1 PIOc_freedecomp Exit - MemInfo: [malloc] Total space in use, mmap + non-mmap:        18465728 Byte
20220314 061549.676 INFO             PET1 PIOc_freedecomp Exit - MemInfo: [malloc] Total space held (mmap + non-mmap):         18558976 Byte
20220314 061549.676 INFO             PET1 PIOc_freedecomp Exit - MemInfo: [malloc] Total space used (mmap + non-mmap):         18475056 Byte
20220314 061549.676 INFO             PET1 PIOc_freedecomp Exit - MemInfo: Wall-clock time since execution start:              0.0212159 seconds
20220314 061549.676 INFO             PET1  PASS  ESMF_OutputWeightFile, ESMF_IOUTest.F90, line 81
20220314 061549.683 INFO             PET1  PASS  call ESMF_OutputWeightFile with empty factor list on four PETs, ESMF_IOUTest.F90, line 191
20220314 061549.683 INFO             PET1  Ending Test, file ESMF_IOUTest.F90, line 201
20220314 061549.683 INFO             PET1 Finalizing ESMF
20220314 061549.655 INFO             PET2 !!!!!!!!!!!!!!!!!!!!!!!!!!!!!!!!!!!!!!!!!!!!!!!!!!!!!!
20220314 061549.655 INFO             PET2 !!! THE ESMF_LOG IS SET TO OUTPUT ALL LOG MESSAGES !!!
20220314 061549.655 INFO             PET2 !!!     THIS MAY CAUSE SLOWDOWN IN PERFORMANCE     !!!
20220314 061549.655 INFO             PET2 !!! FOR PRODUCTION RUNS, USE:                      !!!
20220314 061549.655 INFO             PET2 !!!                   ESMF_LOGKIND_Multi_On_Error  !!!
20220314 061549.655 INFO             PET2 !!!!!!!!!!!!!!!!!!!!!!!!!!!!!!!!!!!!!!!!!!!!!!!!!!!!!!
20220314 061549.655 INFO             PET2 Running with ESMF Version   : v8.3.0b09-96-g559b459836
20220314 061549.655 INFO             PET2 ESMF library build date/time: "Mar 14 2022" "06:03:07"
20220314 061549.655 INFO             PET2 ESMF library build location : /glade/scratch/rlong/esmf-testing/gfortran_10.1.0_mpt_O_jedwards_pio_update2
20220314 061549.655 INFO             PET2 ESMF_COMM                   : mpt
20220314 061549.655 INFO             PET2 ESMF_MOAB                   : enabled
20220314 061549.655 INFO             PET2 ESMF_LAPACK                 : enabled
20220314 061549.655 INFO             PET2 ESMF_NETCDF                 : enabled
20220314 061549.655 INFO             PET2 ESMF_PNETCDF                : disabled
20220314 061549.655 INFO             PET2 ESMF_PIO                    : enabled
20220314 061549.655 INFO             PET2 ESMF_YAMLCPP                : enabled
20220314 061549.656 INFO             PET2  Beginning Test, file ESMF_IOUTest.F90, line 57
20220314 061549.656 INFO             PET2  NUMBER_OF_PROCESSORS           4
20220314 061549.656 INFO             PET2 Starting Test:  ESMF_OutputWeightFile
20220314 061549.667 INFO             PET2 PIOc_sync Enter - MemInfo: [/proc/meminfo - SSI]	MemTotal:       65507008 kB
20220314 061549.667 INFO             PET2 PIOc_sync Enter - MemInfo: [/proc/meminfo - SSI]	MemFree:        49820144 kB
20220314 061549.667 INFO             PET2 PIOc_sync Enter - MemInfo: [/proc/meminfo - SSI]	MemAvailable:   49572676 kB
20220314 061549.667 INFO             PET2 PIOc_sync Enter - MemInfo: [/proc/meminfo - SSI]	Committed_AS:   13138664 kB
20220314 061549.667 INFO             PET2 PIOc_sync Enter - MemInfo: [/proc/meminfo - SSI]	CommittedPercent: 20.0569 %
20220314 061549.667 INFO             PET2 PIOc_sync Enter - MemInfo: [/proc/self/status]	VmPeak:	  116572 kB
20220314 061549.667 INFO             PET2 PIOc_sync Enter - MemInfo: [/proc/self/status]	VmSize:	  116572 kB
20220314 061549.667 INFO             PET2 PIOc_sync Enter - MemInfo: [/proc/self/status]	VmLck:	       0 kB
20220314 061549.667 INFO             PET2 PIOc_sync Enter - MemInfo: [/proc/self/status]	VmPin:	       0 kB
20220314 061549.667 INFO             PET2 PIOc_sync Enter - MemInfo: [/proc/self/status]	VmHWM:	   11676 kB
20220314 061549.667 INFO             PET2 PIOc_sync Enter - MemInfo: [/proc/self/status]	VmRSS:	   11676 kB
20220314 061549.667 INFO             PET2 PIOc_sync Enter - MemInfo: [/proc/self/status]	VmData:	   21460 kB
20220314 061549.667 INFO             PET2 PIOc_sync Enter - MemInfo: [/proc/self/status]	VmStk:	     144 kB
20220314 061549.667 INFO             PET2 PIOc_sync Enter - MemInfo: [/proc/self/status]	VmExe:	     196 kB
20220314 061549.667 INFO             PET2 PIOc_sync Enter - MemInfo: [/proc/self/status]	VmLib:	   39752 kB
20220314 061549.667 INFO             PET2 PIOc_sync Enter - MemInfo: [/proc/self/status]	VmPTE:	     216 kB
20220314 061549.667 INFO             PET2 PIOc_sync Enter - MemInfo: [/proc/self/status]	VmPMD:	      12 kB
20220314 061549.667 INFO             PET2 PIOc_sync Enter - MemInfo: [/proc/self/status]	VmSwap:	       0 kB
20220314 061549.667 INFO             PET2 PIOc_sync Enter - MemInfo: [/proc/self/status]	VmRSSPercent: 0.017824 %
20220314 061549.667 INFO             PET2 PIOc_sync Enter - MemInfo: [malloc] Non-mmapped space allocated:                18558976 Byte
20220314 061549.668 INFO             PET2 PIOc_sync Enter - MemInfo: [malloc] Space allocated in mmapped regions:                0 Byte
20220314 061549.668 INFO             PET2 PIOc_sync Enter - MemInfo: [malloc] Maximum total allocated space:                     0 Byte
20220314 061549.668 INFO             PET2 PIOc_sync Enter - MemInfo: [malloc] Space in freed fastbin blocks:                  1104 Byte
20220314 061549.668 INFO             PET2 PIOc_sync Enter - MemInfo: [malloc] Total allocated space:                      18469760 Byte
20220314 061549.668 INFO             PET2 PIOc_sync Enter - MemInfo: [malloc] Total free space:                              89216 Byte
20220314 061549.668 INFO             PET2 PIOc_sync Enter - MemInfo: [malloc] Top-most, releasable space:                    84400 Byte
20220314 061549.668 INFO             PET2 PIOc_sync Enter - MemInfo: [malloc] Total space in use, mmap + non-mmap:        18469760 Byte
20220314 061549.669 INFO             PET2 PIOc_sync Enter - MemInfo: [malloc] Total space held (mmap + non-mmap):         18558976 Byte
20220314 061549.669 INFO             PET2 PIOc_sync Enter - MemInfo: [malloc] Total space used (mmap + non-mmap):         18479088 Byte
20220314 061549.669 INFO             PET2 PIOc_sync Enter - MemInfo: Wall-clock time since execution start:              0.0140966 seconds
20220314 061549.670 INFO             PET2 PIOc_sync Exit - MemInfo: [/proc/meminfo - SSI]	MemTotal:       65507008 kB
20220314 061549.670 INFO             PET2 PIOc_sync Exit - MemInfo: [/proc/meminfo - SSI]	MemFree:        49820144 kB
20220314 061549.670 INFO             PET2 PIOc_sync Exit - MemInfo: [/proc/meminfo - SSI]	MemAvailable:   49572676 kB
20220314 061549.670 INFO             PET2 PIOc_sync Exit - MemInfo: [/proc/meminfo - SSI]	Committed_AS:   13138664 kB
20220314 061549.670 INFO             PET2 PIOc_sync Exit - MemInfo: [/proc/meminfo - SSI]	CommittedPercent: 20.0569 %
20220314 061549.670 INFO             PET2 PIOc_sync Exit - MemInfo: [/proc/self/status]	VmPeak:	  116572 kB
20220314 061549.670 INFO             PET2 PIOc_sync Exit - MemInfo: [/proc/self/status]	VmSize:	  116572 kB
20220314 061549.670 INFO             PET2 PIOc_sync Exit - MemInfo: [/proc/self/status]	VmLck:	       0 kB
20220314 061549.670 INFO             PET2 PIOc_sync Exit - MemInfo: [/proc/self/status]	VmPin:	       0 kB
20220314 061549.670 INFO             PET2 PIOc_sync Exit - MemInfo: [/proc/self/status]	VmHWM:	   11768 kB
20220314 061549.670 INFO             PET2 PIOc_sync Exit - MemInfo: [/proc/self/status]	VmRSS:	   11768 kB
20220314 061549.670 INFO             PET2 PIOc_sync Exit - MemInfo: [/proc/self/status]	VmData:	   21460 kB
20220314 061549.670 INFO             PET2 PIOc_sync Exit - MemInfo: [/proc/self/status]	VmStk:	     144 kB
20220314 061549.670 INFO             PET2 PIOc_sync Exit - MemInfo: [/proc/self/status]	VmExe:	     196 kB
20220314 061549.670 INFO             PET2 PIOc_sync Exit - MemInfo: [/proc/self/status]	VmLib:	   39752 kB
20220314 061549.670 INFO             PET2 PIOc_sync Exit - MemInfo: [/proc/self/status]	VmPTE:	     216 kB
