build time -- 2022-03-12 06:04:16.174927
20220312 061655.917 INFO             PET0 !!!!!!!!!!!!!!!!!!!!!!!!!!!!!!!!!!!!!!!!!!!!!!!!!!!!!!
20220312 061655.917 INFO             PET0 !!! THE ESMF_LOG IS SET TO OUTPUT ALL LOG MESSAGES !!!
20220312 061655.917 INFO             PET0 !!!     THIS MAY CAUSE SLOWDOWN IN PERFORMANCE     !!!
20220312 061655.917 INFO             PET0 !!! FOR PRODUCTION RUNS, USE:                      !!!
20220312 061655.917 INFO             PET0 !!!                   ESMF_LOGKIND_Multi_On_Error  !!!
20220312 061655.917 INFO             PET0 !!!!!!!!!!!!!!!!!!!!!!!!!!!!!!!!!!!!!!!!!!!!!!!!!!!!!!
20220312 061655.917 INFO             PET0 Running with ESMF Version   : v8.3.0b09-96-g559b459836
20220312 061655.917 INFO             PET0 ESMF library build date/time: "Mar 12 2022" "06:02:22"
20220312 061655.917 INFO             PET0 ESMF library build location : /glade/scratch/rlong/esmf-testing/gfortran_10.1.0_mpt_O_jedwards_pio_update2
20220312 061655.917 INFO             PET0 ESMF_COMM                   : mpt
20220312 061655.917 INFO             PET0 ESMF_MOAB                   : enabled
20220312 061655.917 INFO             PET0 ESMF_LAPACK                 : enabled
20220312 061655.917 INFO             PET0 ESMF_NETCDF                 : enabled
20220312 061655.917 INFO             PET0 ESMF_PNETCDF                : disabled
20220312 061655.917 INFO             PET0 ESMF_PIO                    : enabled
20220312 061655.917 INFO             PET0 ESMF_YAMLCPP                : enabled
20220312 061655.918 INFO             PET0  Beginning Test, file ESMF_FieldBundleIOUTest.F90, line 71
20220312 061655.918 INFO             PET0  NUMBER_OF_PROCESSORS           4
20220312 061655.918 INFO             PET0  PASS  Creating a Grid to use in Field Tests, ESMF_FieldBundleIOUTest.F90, line 92
20220312 061655.919 INFO             PET0  PASS  Create dimensions attribute package on shared Grid Test, ESMF_FieldBundleIOUTest.F90, line 102
20220312 061655.919 INFO             PET0  PASS  Set dimensions attribute package on Grid Test, ESMF_FieldBundleIOUTest.F90, line 113
20220312 061655.919 INFO             PET0  PASS  Creating a 2 DE/PET Grid to use in Field Tests, ESMF_FieldBundleIOUTest.F90, line 123
20220312 061655.919 INFO             PET0  PASS  Create dimensions attribute package on 2 DE/PET Grid Test, ESMF_FieldBundleIOUTest.F90, line 133
20220312 061655.919 INFO             PET0  PASS  Set dimensions attribute package on Grid Test, ESMF_FieldBundleIOUTest.F90, line 144
20220312 061655.920 INFO             PET0  PASS  Create a field from grid and fortran dummy array, ESMF_FieldBundleIOUTest.F90, line 182
20220312 061655.920 INFO             PET0  PASS  Create attribute package on Field(1) Test, ESMF_FieldBundleIOUTest.F90, line 195
20220312 061655.920 INFO             PET0  PASS  Set attribute values on Field(1) Test, ESMF_FieldBundleIOUTest.F90, line 208
20220312 061655.920 INFO             PET0  PASS  Create a field from grid and fortran dummy array, ESMF_FieldBundleIOUTest.F90, line 218
20220312 061655.920 INFO             PET0  PASS  Create attribute package on Field(2) Test, ESMF_FieldBundleIOUTest.F90, line 230
20220312 061655.920 INFO             PET0  PASS  Set attribute values on Field(2) Test, ESMF_FieldBundleIOUTest.F90, line 243
20220312 061655.920 INFO             PET0  PASS  Array Spec Set, ESMF_FieldBundleIOUTest.F90, line 253
20220312 061655.920 INFO             PET0  PASS  Create a field from 2 DE/PET grid, ESMF_FieldBundleIOUTest.F90, line 263
20220312 061655.920 INFO             PET0  PASS  Create attribute package on Field(3) Test, ESMF_FieldBundleIOUTest.F90, line 275
20220312 061655.920 INFO             PET0  PASS  Set attribute values on Field(3) Test, ESMF_FieldBundleIOUTest.F90, line 288
20220312 061655.920 INFO             PET0  PASS  Get and fill Farray_w from field DE 0, ESMF_FieldBundleIOUTest.F90, line 298
20220312 061655.920 INFO             PET0  PASS  Get and fill Farray_w from field DE 1, ESMF_FieldBundleIOUTest.F90, line 308
20220312 061655.923 INFO             PET0  PASS  Create a bundle from 3 fields, ESMF_FieldBundleIOUTest.F90, line 317
20220312 061655.923 INFO             PET0  PASS  Create attribute package on FieldBundle single Test, ESMF_FieldBundleIOUTest.F90, line 329
20220312 061655.923 INFO             PET0  PASS  Set attribute values on FieldBundle single Test, ESMF_FieldBundleIOUTest.F90, line 342
20220312 061655.937 INFO             PET0 PIOc_sync Enter - MemInfo: [/proc/meminfo - SSI]	MemTotal:       65507008 kB
20220312 061655.937 INFO             PET0 PIOc_sync Enter - MemInfo: [/proc/meminfo - SSI]	MemFree:        49861376 kB
20220312 061655.937 INFO             PET0 PIOc_sync Enter - MemInfo: [/proc/meminfo - SSI]	MemAvailable:   49619996 kB
20220312 061655.937 INFO             PET0 PIOc_sync Enter - MemInfo: [/proc/meminfo - SSI]	Committed_AS:   13177184 kB
20220312 061655.937 INFO             PET0 PIOc_sync Enter - MemInfo: [/proc/meminfo - SSI]	CommittedPercent: 20.1157 %
20220312 061655.937 INFO             PET0 PIOc_sync Enter - MemInfo: [/proc/self/status]	VmPeak:	  135136 kB
20220312 061655.937 INFO             PET0 PIOc_sync Enter - MemInfo: [/proc/self/status]	VmSize:	  135136 kB
20220312 061655.937 INFO             PET0 PIOc_sync Enter - MemInfo: [/proc/self/status]	VmLck:	       0 kB
20220312 061655.937 INFO             PET0 PIOc_sync Enter - MemInfo: [/proc/self/status]	VmPin:	       0 kB
20220312 061655.937 INFO             PET0 PIOc_sync Enter - MemInfo: [/proc/self/status]	VmHWM:	   31132 kB
20220312 061655.937 INFO             PET0 PIOc_sync Enter - MemInfo: [/proc/self/status]	VmRSS:	   31132 kB
20220312 061655.937 INFO             PET0 PIOc_sync Enter - MemInfo: [/proc/self/status]	VmData:	   39532 kB
20220312 061655.937 INFO             PET0 PIOc_sync Enter - MemInfo: [/proc/self/status]	VmStk:	     144 kB
20220312 061655.937 INFO             PET0 PIOc_sync Enter - MemInfo: [/proc/self/status]	VmExe:	     224 kB
20220312 061655.937 INFO             PET0 PIOc_sync Enter - MemInfo: [/proc/self/status]	VmLib:	   39752 kB
20220312 061655.937 INFO             PET0 PIOc_sync Enter - MemInfo: [/proc/self/status]	VmPTE:	     248 kB
20220312 061655.937 INFO             PET0 PIOc_sync Enter - MemInfo: [/proc/self/status]	VmPMD:	      12 kB
20220312 061655.937 INFO             PET0 PIOc_sync Enter - MemInfo: [/proc/self/status]	VmSwap:	       0 kB
20220312 061655.937 INFO             PET0 PIOc_sync Enter - MemInfo: [/proc/self/status]	VmRSSPercent: 0.0475247 %
20220312 061655.937 INFO             PET0 PIOc_sync Enter - MemInfo: [malloc] Non-mmapped space allocated:                37064704 Byte
20220312 061655.937 INFO             PET0 PIOc_sync Enter - MemInfo: [malloc] Space allocated in mmapped regions:                0 Byte
20220312 061655.937 INFO             PET0 PIOc_sync Enter - MemInfo: [malloc] Maximum total allocated space:                     0 Byte
20220312 061655.937 INFO             PET0 PIOc_sync Enter - MemInfo: [malloc] Space in freed fastbin blocks:                  2480 Byte
20220312 061655.937 INFO             PET0 PIOc_sync Enter - MemInfo: [malloc] Total allocated space:                      36596672 Byte
20220312 061655.937 INFO             PET0 PIOc_sync Enter - MemInfo: [malloc] Total free space:                             468032 Byte
20220312 061655.937 INFO             PET0 PIOc_sync Enter - MemInfo: [malloc] Top-most, releasable space:                   451232 Byte
20220312 061655.937 INFO             PET0 PIOc_sync Enter - MemInfo: [malloc] Total space in use, mmap + non-mmap:        36596672 Byte
20220312 061655.937 INFO             PET0 PIOc_sync Enter - MemInfo: [malloc] Total space held (mmap + non-mmap):         37064704 Byte
20220312 061655.937 INFO             PET0 PIOc_sync Enter - MemInfo: [malloc] Total space used (mmap + non-mmap):         36606000 Byte
20220312 061655.937 INFO             PET0 PIOc_sync Enter - MemInfo: Wall-clock time since execution start:              0.0209363 seconds
20220312 061655.939 INFO             PET0 PIOc_sync Exit - MemInfo: [/proc/meminfo - SSI]	MemTotal:       65507008 kB
20220312 061655.939 INFO             PET0 PIOc_sync Exit - MemInfo: [/proc/meminfo - SSI]	MemFree:        49861376 kB
20220312 061655.939 INFO             PET0 PIOc_sync Exit - MemInfo: [/proc/meminfo - SSI]	MemAvailable:   49619996 kB
20220312 061655.939 INFO             PET0 PIOc_sync Exit - MemInfo: [/proc/meminfo - SSI]	Committed_AS:   13177184 kB
20220312 061655.939 INFO             PET0 PIOc_sync Exit - MemInfo: [/proc/meminfo - SSI]	CommittedPercent: 20.1157 %
20220312 061655.939 INFO             PET0 PIOc_sync Exit - MemInfo: [/proc/self/status]	VmPeak:	  135136 kB
20220312 061655.939 INFO             PET0 PIOc_sync Exit - MemInfo: [/proc/self/status]	VmSize:	  135136 kB
20220312 061655.939 INFO             PET0 PIOc_sync Exit - MemInfo: [/proc/self/status]	VmLck:	       0 kB
20220312 061655.939 INFO             PET0 PIOc_sync Exit - MemInfo: [/proc/self/status]	VmPin:	       0 kB
20220312 061655.939 INFO             PET0 PIOc_sync Exit - MemInfo: [/proc/self/status]	VmHWM:	   31256 kB
20220312 061655.939 INFO             PET0 PIOc_sync Exit - MemInfo: [/proc/self/status]	VmRSS:	   31256 kB
20220312 061655.939 INFO             PET0 PIOc_sync Exit - MemInfo: [/proc/self/status]	VmData:	   39532 kB
20220312 061655.939 INFO             PET0 PIOc_sync Exit - MemInfo: [/proc/self/status]	VmStk:	     144 kB
20220312 061655.939 INFO             PET0 PIOc_sync Exit - MemInfo: [/proc/self/status]	VmExe:	     224 kB
20220312 061655.939 INFO             PET0 PIOc_sync Exit - MemInfo: [/proc/self/status]	VmLib:	   39752 kB
20220312 061655.939 INFO             PET0 PIOc_sync Exit - MemInfo: [/proc/self/status]	VmPTE:	     248 kB
20220312 061655.939 INFO             PET0 PIOc_sync Exit - MemInfo: [/proc/self/status]	VmPMD:	      12 kB
20220312 061655.939 INFO             PET0 PIOc_sync Exit - MemInfo: [/proc/self/status]	VmSwap:	       0 kB
20220312 061655.939 INFO             PET0 PIOc_sync Exit - MemInfo: [/proc/self/status]	VmRSSPercent: 0.047714 %
20220312 061655.939 INFO             PET0 PIOc_sync Exit - MemInfo: [malloc] Non-mmapped space allocated:                37064704 Byte
20220312 061655.939 INFO             PET0 PIOc_sync Exit - MemInfo: [malloc] Space allocated in mmapped regions:                0 Byte
20220312 061655.939 INFO             PET0 PIOc_sync Exit - MemInfo: [malloc] Maximum total allocated space:                     0 Byte
20220312 061655.939 INFO             PET0 PIOc_sync Exit - MemInfo: [malloc] Space in freed fastbin blocks:                   976 Byte
20220312 061655.939 INFO             PET0 PIOc_sync Exit - MemInfo: [malloc] Total allocated space:                      36599200 Byte
20220312 061655.939 INFO             PET0 PIOc_sync Exit - MemInfo: [malloc] Total free space:                             465504 Byte
20220312 061655.939 INFO             PET0 PIOc_sync Exit - MemInfo: [malloc] Top-most, releasable space:                   451232 Byte
20220312 061655.939 INFO             PET0 PIOc_sync Exit - MemInfo: [malloc] Total space in use, mmap + non-mmap:        36599200 Byte
20220312 061655.939 INFO             PET0 PIOc_sync Exit - MemInfo: [malloc] Total space held (mmap + non-mmap):         37064704 Byte
20220312 061655.939 INFO             PET0 PIOc_sync Exit - MemInfo: [malloc] Total space used (mmap + non-mmap):         36608528 Byte
20220312 061655.939 INFO             PET0 PIOc_sync Exit - MemInfo: Wall-clock time since execution start:               0.022951 seconds
20220312 061655.939 INFO             PET0 PIOc_freedecomp Enter - MemInfo: [/proc/meminfo - SSI]	MemTotal:       65507008 kB
20220312 061655.939 INFO             PET0 PIOc_freedecomp Enter - MemInfo: [/proc/meminfo - SSI]	MemFree:        49861376 kB
20220312 061655.939 INFO             PET0 PIOc_freedecomp Enter - MemInfo: [/proc/meminfo - SSI]	MemAvailable:   49619996 kB
20220312 061655.939 INFO             PET0 PIOc_freedecomp Enter - MemInfo: [/proc/meminfo - SSI]	Committed_AS:   13177184 kB
20220312 061655.939 INFO             PET0 PIOc_freedecomp Enter - MemInfo: [/proc/meminfo - SSI]	CommittedPercent: 20.1157 %
20220312 061655.939 INFO             PET0 PIOc_freedecomp Enter - MemInfo: [/proc/self/status]	VmPeak:	  135136 kB
20220312 061655.939 INFO             PET0 PIOc_freedecomp Enter - MemInfo: [/proc/self/status]	VmSize:	  135136 kB
20220312 061655.939 INFO             PET0 PIOc_freedecomp Enter - MemInfo: [/proc/self/status]	VmLck:	       0 kB
20220312 061655.939 INFO             PET0 PIOc_freedecomp Enter - MemInfo: [/proc/self/status]	VmPin:	       0 kB
20220312 061655.939 INFO             PET0 PIOc_freedecomp Enter - MemInfo: [/proc/self/status]	VmHWM:	   31260 kB
20220312 061655.939 INFO             PET0 PIOc_freedecomp Enter - MemInfo: [/proc/self/status]	VmRSS:	   31260 kB
20220312 061655.939 INFO             PET0 PIOc_freedecomp Enter - MemInfo: [/proc/self/status]	VmData:	   39532 kB
20220312 061655.939 INFO             PET0 PIOc_freedecomp Enter - MemInfo: [/proc/self/status]	VmStk:	     144 kB
20220312 061655.939 INFO             PET0 PIOc_freedecomp Enter - MemInfo: [/proc/self/status]	VmExe:	     224 kB
20220312 061655.939 INFO             PET0 PIOc_freedecomp Enter - MemInfo: [/proc/self/status]	VmLib:	   39752 kB
20220312 061655.939 INFO             PET0 PIOc_freedecomp Enter - MemInfo: [/proc/self/status]	VmPTE:	     248 kB
20220312 061655.939 INFO             PET0 PIOc_freedecomp Enter - MemInfo: [/proc/self/status]	VmPMD:	      12 kB
20220312 061655.939 INFO             PET0 PIOc_freedecomp Enter - MemInfo: [/proc/self/status]	VmSwap:	       0 kB
20220312 061655.939 INFO             PET0 PIOc_freedecomp Enter - MemInfo: [/proc/self/status]	VmRSSPercent: 0.0477201 %
20220312 061655.939 INFO             PET0 PIOc_freedecomp Enter - MemInfo: [malloc] Non-mmapped space allocated:                37064704 Byte
20220312 061655.939 INFO             PET0 PIOc_freedecomp Enter - MemInfo: [malloc] Space allocated in mmapped regions:                0 Byte
20220312 061655.939 INFO             PET0 PIOc_freedecomp Enter - MemInfo: [malloc] Maximum total allocated space:                     0 Byte
20220312 061655.939 INFO             PET0 PIOc_freedecomp Enter - MemInfo: [malloc] Space in freed fastbin blocks:                  1008 Byte
20220312 061655.939 INFO             PET0 PIOc_freedecomp Enter - MemInfo: [malloc] Total allocated space:                      19282272 Byte
20220312 061655.939 INFO             PET0 PIOc_freedecomp Enter - MemInfo: [malloc] Total free space:                           17782432 Byte
20220312 061655.939 INFO             PET0 PIOc_freedecomp Enter - MemInfo: [malloc] Top-most, releasable space:                   451232 Byte
20220312 061655.939 INFO             PET0 PIOc_freedecomp Enter - MemInfo: [malloc] Total space in use, mmap + non-mmap:        19282272 Byte
20220312 061655.939 INFO             PET0 PIOc_freedecomp Enter - MemInfo: [malloc] Total space held (mmap + non-mmap):         37064704 Byte
20220312 061655.939 INFO             PET0 PIOc_freedecomp Enter - MemInfo: [malloc] Total space used (mmap + non-mmap):         19291600 Byte
20220312 061655.939 INFO             PET0 PIOc_freedecomp Enter - MemInfo: Wall-clock time since execution start:              0.0233759 seconds
20220312 061655.939 INFO             PET0 PIOc_freedecomp Exit - MemInfo: [/proc/meminfo - SSI]	MemTotal:       65507008 kB
20220312 061655.939 INFO             PET0 PIOc_freedecomp Exit - MemInfo: [/proc/meminfo - SSI]	MemFree:        49861376 kB
20220312 061655.939 INFO             PET0 PIOc_freedecomp Exit - MemInfo: [/proc/meminfo - SSI]	MemAvailable:   49619996 kB
20220312 061655.939 INFO             PET0 PIOc_freedecomp Exit - MemInfo: [/proc/meminfo - SSI]	Committed_AS:   13177184 kB
20220312 061655.939 INFO             PET0 PIOc_freedecomp Exit - MemInfo: [/proc/meminfo - SSI]	CommittedPercent: 20.1157 %
20220312 061655.939 INFO             PET0 PIOc_freedecomp Exit - MemInfo: [/proc/self/status]	VmPeak:	  135136 kB
20220312 061655.939 INFO             PET0 PIOc_freedecomp Exit - MemInfo: [/proc/self/status]	VmSize:	  135136 kB
20220312 061655.939 INFO             PET0 PIOc_freedecomp Exit - MemInfo: [/proc/self/status]	VmLck:	       0 kB
20220312 061655.939 INFO             PET0 PIOc_freedecomp Exit - MemInfo: [/proc/self/status]	VmPin:	       0 kB
20220312 061655.939 INFO             PET0 PIOc_freedecomp Exit - MemInfo: [/proc/self/status]	VmHWM:	   31260 kB
20220312 061655.939 INFO             PET0 PIOc_freedecomp Exit - MemInfo: [/proc/self/status]	VmRSS:	   31260 kB
20220312 061655.940 INFO             PET0 PIOc_freedecomp Exit - MemInfo: [/proc/self/status]	VmData:	   39532 kB
20220312 061655.940 INFO             PET0 PIOc_freedecomp Exit - MemInfo: [/proc/self/status]	VmStk:	     144 kB
20220312 061655.940 INFO             PET0 PIOc_freedecomp Exit - MemInfo: [/proc/self/status]	VmExe:	     224 kB
20220312 061655.940 INFO             PET0 PIOc_freedecomp Exit - MemInfo: [/proc/self/status]	VmLib:	   39752 kB
20220312 061655.940 INFO             PET0 PIOc_freedecomp Exit - MemInfo: [/proc/self/status]	VmPTE:	     248 kB
20220312 061655.940 INFO             PET0 PIOc_freedecomp Exit - MemInfo: [/proc/self/status]	VmPMD:	      12 kB
20220312 061655.940 INFO             PET0 PIOc_freedecomp Exit - MemInfo: [/proc/self/status]	VmSwap:	       0 kB
20220312 061655.940 INFO             PET0 PIOc_freedecomp Exit - MemInfo: [/proc/self/status]	VmRSSPercent: 0.0477201 %
20220312 061655.940 INFO             PET0 PIOc_freedecomp Exit - MemInfo: [malloc] Non-mmapped space allocated:                37064704 Byte
20220312 061655.940 INFO             PET0 PIOc_freedecomp Exit - MemInfo: [malloc] Space allocated in mmapped regions:                0 Byte
20220312 061655.940 INFO             PET0 PIOc_freedecomp Exit - MemInfo: [malloc] Maximum total allocated space:                     0 Byte
20220312 061655.940 INFO             PET0 PIOc_freedecomp Exit - MemInfo: [malloc] Space in freed fastbin blocks:                  1872 Byte
20220312 061655.940 INFO             PET0 PIOc_freedecomp Exit - MemInfo: [malloc] Total allocated space:                      19278480 Byte
20220312 061655.940 INFO             PET0 PIOc_freedecomp Exit - MemInfo: [malloc] Total free space:                           17786224 Byte
20220312 061655.940 INFO             PET0 PIOc_freedecomp Exit - MemInfo: [malloc] Top-most, releasable space:                   451232 Byte
20220312 061655.940 INFO             PET0 PIOc_freedecomp Exit - MemInfo: [malloc] Total space in use, mmap + non-mmap:        19278480 Byte
20220312 061655.940 INFO             PET0 PIOc_freedecomp Exit - MemInfo: [malloc] Total space held (mmap + non-mmap):         37064704 Byte
20220312 061655.940 INFO             PET0 PIOc_freedecomp Exit - MemInfo: [malloc] Total space used (mmap + non-mmap):         19287808 Byte
20220312 061655.940 INFO             PET0 PIOc_freedecomp Exit - MemInfo: Wall-clock time since execution start:              0.0237031 seconds
20220312 061655.940 INFO             PET0 PIOc_freedecomp Enter - MemInfo: [/proc/meminfo - SSI]	MemTotal:       65507008 kB
20220312 061655.940 INFO             PET0 PIOc_freedecomp Enter - MemInfo: [/proc/meminfo - SSI]	MemFree:        49861376 kB
20220312 061655.940 INFO             PET0 PIOc_freedecomp Enter - MemInfo: [/proc/meminfo - SSI]	MemAvailable:   49619996 kB
20220312 061655.940 INFO             PET0 PIOc_freedecomp Enter - MemInfo: [/proc/meminfo - SSI]	Committed_AS:   13177184 kB
20220312 061655.940 INFO             PET0 PIOc_freedecomp Enter - MemInfo: [/proc/meminfo - SSI]	CommittedPercent: 20.1157 %
20220312 061655.940 INFO             PET0 PIOc_freedecomp Enter - MemInfo: [/proc/self/status]	VmPeak:	  135136 kB
20220312 061655.940 INFO             PET0 PIOc_freedecomp Enter - MemInfo: [/proc/self/status]	VmSize:	  135136 kB
20220312 061655.940 INFO             PET0 PIOc_freedecomp Enter - MemInfo: [/proc/self/status]	VmLck:	       0 kB
20220312 061655.940 INFO             PET0 PIOc_freedecomp Enter - MemInfo: [/proc/self/status]	VmPin:	       0 kB
20220312 061655.940 INFO             PET0 PIOc_freedecomp Enter - MemInfo: [/proc/self/status]	VmHWM:	   31260 kB
20220312 061655.940 INFO             PET0 PIOc_freedecomp Enter - MemInfo: [/proc/self/status]	VmRSS:	   31260 kB
20220312 061655.940 INFO             PET0 PIOc_freedecomp Enter - MemInfo: [/proc/self/status]	VmData:	   39532 kB
20220312 061655.940 INFO             PET0 PIOc_freedecomp Enter - MemInfo: [/proc/self/status]	VmStk:	     144 kB
20220312 061655.940 INFO             PET0 PIOc_freedecomp Enter - MemInfo: [/proc/self/status]	VmExe:	     224 kB
20220312 061655.940 INFO             PET0 PIOc_freedecomp Enter - MemInfo: [/proc/self/status]	VmLib:	   39752 kB
20220312 061655.940 INFO             PET0 PIOc_freedecomp Enter - MemInfo: [/proc/self/status]	VmPTE:	     248 kB
20220312 061655.940 INFO             PET0 PIOc_freedecomp Enter - MemInfo: [/proc/self/status]	VmPMD:	      12 kB
20220312 061655.940 INFO             PET0 PIOc_freedecomp Enter - MemInfo: [/proc/self/status]	VmSwap:	       0 kB
20220312 061655.940 INFO             PET0 PIOc_freedecomp Enter - MemInfo: [/proc/self/status]	VmRSSPercent: 0.0477201 %
20220312 061655.940 INFO             PET0 PIOc_freedecomp Enter - MemInfo: [malloc] Non-mmapped space allocated:                37064704 Byte
20220312 061655.940 INFO             PET0 PIOc_freedecomp Enter - MemInfo: [malloc] Space allocated in mmapped regions:                0 Byte
20220312 061655.940 INFO             PET0 PIOc_freedecomp Enter - MemInfo: [malloc] Maximum total allocated space:                     0 Byte
20220312 061655.940 INFO             PET0 PIOc_freedecomp Enter - MemInfo: [malloc] Space in freed fastbin blocks:                  1728 Byte
20220312 061655.940 INFO             PET0 PIOc_freedecomp Enter - MemInfo: [malloc] Total allocated space:                      19278352 Byte
20220312 061655.940 INFO             PET0 PIOc_freedecomp Enter - MemInfo: [malloc] Total free space:                           17786352 Byte
20220312 061655.940 INFO             PET0 PIOc_freedecomp Enter - MemInfo: [malloc] Top-most, releasable space:                   451232 Byte
20220312 061655.940 INFO             PET0 PIOc_freedecomp Enter - MemInfo: [malloc] Total space in use, mmap + non-mmap:        19278352 Byte
20220312 061655.940 INFO             PET0 PIOc_freedecomp Enter - MemInfo: [malloc] Total space held (mmap + non-mmap):         37064704 Byte
20220312 061655.940 INFO             PET0 PIOc_freedecomp Enter - MemInfo: [malloc] Total space used (mmap + non-mmap):         19287680 Byte
20220312 061655.940 INFO             PET0 PIOc_freedecomp Enter - MemInfo: Wall-clock time since execution start:               0.024022 seconds
20220312 061655.940 INFO             PET0 PIOc_freedecomp Exit - MemInfo: [/proc/meminfo - SSI]	MemTotal:       65507008 kB
20220312 061655.940 INFO             PET0 PIOc_freedecomp Exit - MemInfo: [/proc/meminfo - SSI]	MemFree:        49861376 kB
20220312 061655.940 INFO             PET0 PIOc_freedecomp Exit - MemInfo: [/proc/meminfo - SSI]	MemAvailable:   49619996 kB
20220312 061655.940 INFO             PET0 PIOc_freedecomp Exit - MemInfo: [/proc/meminfo - SSI]	Committed_AS:   13177184 kB
20220312 061655.940 INFO             PET0 PIOc_freedecomp Exit - MemInfo: [/proc/meminfo - SSI]	CommittedPercent: 20.1157 %
20220312 061655.940 INFO             PET0 PIOc_freedecomp Exit - MemInfo: [/proc/self/status]	VmPeak:	  135136 kB
20220312 061655.940 INFO             PET0 PIOc_freedecomp Exit - MemInfo: [/proc/self/status]	VmSize:	  135136 kB
20220312 061655.940 INFO             PET0 PIOc_freedecomp Exit - MemInfo: [/proc/self/status]	VmLck:	       0 kB
20220312 061655.940 INFO             PET0 PIOc_freedecomp Exit - MemInfo: [/proc/self/status]	VmPin:	       0 kB
20220312 061655.940 INFO             PET0 PIOc_freedecomp Exit - MemInfo: [/proc/self/status]	VmHWM:	   31260 kB
20220312 061655.940 INFO             PET0 PIOc_freedecomp Exit - MemInfo: [/proc/self/status]	VmRSS:	   31260 kB
20220312 061655.940 INFO             PET0 PIOc_freedecomp Exit - MemInfo: [/proc/self/status]	VmData:	   39532 kB
20220312 061655.940 INFO             PET0 PIOc_freedecomp Exit - MemInfo: [/proc/self/status]	VmStk:	     144 kB
20220312 061655.940 INFO             PET0 PIOc_freedecomp Exit - MemInfo: [/proc/self/status]	VmExe:	     224 kB
20220312 061655.940 INFO             PET0 PIOc_freedecomp Exit - MemInfo: [/proc/self/status]	VmLib:	   39752 kB
20220312 061655.940 INFO             PET0 PIOc_freedecomp Exit - MemInfo: [/proc/self/status]	VmPTE:	     248 kB
20220312 061655.940 INFO             PET0 PIOc_freedecomp Exit - MemInfo: [/proc/self/status]	VmPMD:	      12 kB
20220312 061655.940 INFO             PET0 PIOc_freedecomp Exit - MemInfo: [/proc/self/status]	VmSwap:	       0 kB
20220312 061655.940 INFO             PET0 PIOc_freedecomp Exit - MemInfo: [/proc/self/status]	VmRSSPercent: 0.0477201 %
20220312 061655.940 INFO             PET0 PIOc_freedecomp Exit - MemInfo: [malloc] Non-mmapped space allocated:                37064704 Byte
20220312 061655.940 INFO             PET0 PIOc_freedecomp Exit - MemInfo: [malloc] Space allocated in mmapped regions:                0 Byte
20220312 061655.940 INFO             PET0 PIOc_freedecomp Exit - MemInfo: [malloc] Maximum total allocated space:                     0 Byte
20220312 061655.940 INFO             PET0 PIOc_freedecomp Exit - MemInfo: [malloc] Space in freed fastbin blocks:                  1616 Byte
20220312 061655.940 INFO             PET0 PIOc_freedecomp Exit - MemInfo: [malloc] Total allocated space:                      19271824 Byte
20220312 061655.940 INFO             PET0 PIOc_freedecomp Exit - MemInfo: [malloc] Total free space:                           17792880 Byte
20220312 061655.940 INFO             PET0 PIOc_freedecomp Exit - MemInfo: [malloc] Top-most, releasable space:                   451232 Byte
20220312 061655.940 INFO             PET0 PIOc_freedecomp Exit - MemInfo: [malloc] Total space in use, mmap + non-mmap:        19271824 Byte
20220312 061655.940 INFO             PET0 PIOc_freedecomp Exit - MemInfo: [malloc] Total space held (mmap + non-mmap):         37064704 Byte
20220312 061655.940 INFO             PET0 PIOc_freedecomp Exit - MemInfo: [malloc] Total space used (mmap + non-mmap):         19281152 Byte
20220312 061655.940 INFO             PET0 PIOc_freedecomp Exit - MemInfo: Wall-clock time since execution start:              0.0243494 seconds
20220312 061655.940 INFO             PET0 PIOc_freedecomp Enter - MemInfo: [/proc/meminfo - SSI]	MemTotal:       65507008 kB
20220312 061655.940 INFO             PET0 PIOc_freedecomp Enter - MemInfo: [/proc/meminfo - SSI]	MemFree:        49861376 kB
20220312 061655.940 INFO             PET0 PIOc_freedecomp Enter - MemInfo: [/proc/meminfo - SSI]	MemAvailable:   49619996 kB
20220312 061655.940 INFO             PET0 PIOc_freedecomp Enter - MemInfo: [/proc/meminfo - SSI]	Committed_AS:   13177184 kB
20220312 061655.940 INFO             PET0 PIOc_freedecomp Enter - MemInfo: [/proc/meminfo - SSI]	CommittedPercent: 20.1157 %
20220312 061655.940 INFO             PET0 PIOc_freedecomp Enter - MemInfo: [/proc/self/status]	VmPeak:	  135136 kB
20220312 061655.940 INFO             PET0 PIOc_freedecomp Enter - MemInfo: [/proc/self/status]	VmSize:	  135136 kB
20220312 061655.940 INFO             PET0 PIOc_freedecomp Enter - MemInfo: [/proc/self/status]	VmLck:	       0 kB
20220312 061655.940 INFO             PET0 PIOc_freedecomp Enter - MemInfo: [/proc/self/status]	VmPin:	       0 kB
20220312 061655.940 INFO             PET0 PIOc_freedecomp Enter - MemInfo: [/proc/self/status]	VmHWM:	   31260 kB
20220312 061655.940 INFO             PET0 PIOc_freedecomp Enter - MemInfo: [/proc/self/status]	VmRSS:	   31260 kB
20220312 061655.940 INFO             PET0 PIOc_freedecomp Enter - MemInfo: [/proc/self/status]	VmData:	   39532 kB
20220312 061655.940 INFO             PET0 PIOc_freedecomp Enter - MemInfo: [/proc/self/status]	VmStk:	     144 kB
20220312 061655.940 INFO             PET0 PIOc_freedecomp Enter - MemInfo: [/proc/self/status]	VmExe:	     224 kB
20220312 061655.940 INFO             PET0 PIOc_freedecomp Enter - MemInfo: [/proc/self/status]	VmLib:	   39752 kB
20220312 061655.941 INFO             PET0 PIOc_freedecomp Enter - MemInfo: [/proc/self/status]	VmPTE:	     248 kB
20220312 061655.941 INFO             PET0 PIOc_freedecomp Enter - MemInfo: [/proc/self/status]	VmPMD:	      12 kB
20220312 061655.941 INFO             PET0 PIOc_freedecomp Enter - MemInfo: [/proc/self/status]	VmSwap:	       0 kB
20220312 061655.941 INFO             PET0 PIOc_freedecomp Enter - MemInfo: [/proc/self/status]	VmRSSPercent: 0.0477201 %
20220312 061655.941 INFO             PET0 PIOc_freedecomp Enter - MemInfo: [malloc] Non-mmapped space allocated:                37064704 Byte
20220312 061655.941 INFO             PET0 PIOc_freedecomp Enter - MemInfo: [malloc] Space allocated in mmapped regions:                0 Byte
20220312 061655.941 INFO             PET0 PIOc_freedecomp Enter - MemInfo: [malloc] Maximum total allocated space:                     0 Byte
20220312 061655.941 INFO             PET0 PIOc_freedecomp Enter - MemInfo: [malloc] Space in freed fastbin blocks:                  1344 Byte
20220312 061655.941 INFO             PET0 PIOc_freedecomp Enter - MemInfo: [malloc] Total allocated space:                      19271680 Byte
20220312 061655.941 INFO             PET0 PIOc_freedecomp Enter - MemInfo: [malloc] Total free space:                           17793024 Byte
20220312 061655.941 INFO             PET0 PIOc_freedecomp Enter - MemInfo: [malloc] Top-most, releasable space:                   451232 Byte
20220312 061655.941 INFO             PET0 PIOc_freedecomp Enter - MemInfo: [malloc] Total space in use, mmap + non-mmap:        19271680 Byte
20220312 061655.941 INFO             PET0 PIOc_freedecomp Enter - MemInfo: [malloc] Total space held (mmap + non-mmap):         37064704 Byte
20220312 061655.941 INFO             PET0 PIOc_freedecomp Enter - MemInfo: [malloc] Total space used (mmap + non-mmap):         19281008 Byte
20220312 061655.941 INFO             PET0 PIOc_freedecomp Enter - MemInfo: Wall-clock time since execution start:              0.0246677 seconds
20220312 061655.941 INFO             PET0 PIOc_freedecomp Exit - MemInfo: [/proc/meminfo - SSI]	MemTotal:       65507008 kB
20220312 061655.941 INFO             PET0 PIOc_freedecomp Exit - MemInfo: [/proc/meminfo - SSI]	MemFree:        49861376 kB
20220312 061655.941 INFO             PET0 PIOc_freedecomp Exit - MemInfo: [/proc/meminfo - SSI]	MemAvailable:   49619996 kB
20220312 061655.941 INFO             PET0 PIOc_freedecomp Exit - MemInfo: [/proc/meminfo - SSI]	Committed_AS:   13177184 kB
20220312 061655.941 INFO             PET0 PIOc_freedecomp Exit - MemInfo: [/proc/meminfo - SSI]	CommittedPercent: 20.1157 %
20220312 061655.941 INFO             PET0 PIOc_freedecomp Exit - MemInfo: [/proc/self/status]	VmPeak:	  135136 kB
20220312 061655.941 INFO             PET0 PIOc_freedecomp Exit - MemInfo: [/proc/self/status]	VmSize:	  135136 kB
20220312 061655.941 INFO             PET0 PIOc_freedecomp Exit - MemInfo: [/proc/self/status]	VmLck:	       0 kB
20220312 061655.941 INFO             PET0 PIOc_freedecomp Exit - MemInfo: [/proc/self/status]	VmPin:	       0 kB
20220312 061655.941 INFO             PET0 PIOc_freedecomp Exit - MemInfo: [/proc/self/status]	VmHWM:	   31260 kB
20220312 061655.941 INFO             PET0 PIOc_freedecomp Exit - MemInfo: [/proc/self/status]	VmRSS:	   31260 kB
20220312 061655.941 INFO             PET0 PIOc_freedecomp Exit - MemInfo: [/proc/self/status]	VmData:	   39532 kB
20220312 061655.941 INFO             PET0 PIOc_freedecomp Exit - MemInfo: [/proc/self/status]	VmStk:	     144 kB
20220312 061655.941 INFO             PET0 PIOc_freedecomp Exit - MemInfo: [/proc/self/status]	VmExe:	     224 kB
20220312 061655.941 INFO             PET0 PIOc_freedecomp Exit - MemInfo: [/proc/self/status]	VmLib:	   39752 kB
20220312 061655.941 INFO             PET0 PIOc_freedecomp Exit - MemInfo: [/proc/self/status]	VmPTE:	     248 kB
20220312 061655.941 INFO             PET0 PIOc_freedecomp Exit - MemInfo: [/proc/self/status]	VmPMD:	      12 kB
20220312 061655.941 INFO             PET0 PIOc_freedecomp Exit - MemInfo: [/proc/self/status]	VmSwap:	       0 kB
20220312 061655.941 INFO             PET0 PIOc_freedecomp Exit - MemInfo: [/proc/self/status]	VmRSSPercent: 0.0477201 %
20220312 061655.941 INFO             PET0 PIOc_freedecomp Exit - MemInfo: [malloc] Non-mmapped space allocated:                37064704 Byte
20220312 061655.941 INFO             PET0 PIOc_freedecomp Exit - MemInfo: [malloc] Space allocated in mmapped regions:                0 Byte
20220312 061655.941 INFO             PET0 PIOc_freedecomp Exit - MemInfo: [malloc] Maximum total allocated space:                     0 Byte
20220312 061655.941 INFO             PET0 PIOc_freedecomp Exit - MemInfo: [malloc] Space in freed fastbin blocks:                  1616 Byte
20220312 061655.941 INFO             PET0 PIOc_freedecomp Exit - MemInfo: [malloc] Total allocated space:                      19267264 Byte
20220312 061655.941 INFO             PET0 PIOc_freedecomp Exit - MemInfo: [malloc] Total free space:                           17797440 Byte
20220312 061655.941 INFO             PET0 PIOc_freedecomp Exit - MemInfo: [malloc] Top-most, releasable space:                   451232 Byte
20220312 061655.941 INFO             PET0 PIOc_freedecomp Exit - MemInfo: [malloc] Total space in use, mmap + non-mmap:        19267264 Byte
20220312 061655.941 INFO             PET0 PIOc_freedecomp Exit - MemInfo: [malloc] Total space held (mmap + non-mmap):         37064704 Byte
20220312 061655.941 INFO             PET0 PIOc_freedecomp Exit - MemInfo: [malloc] Total space used (mmap + non-mmap):         19276592 Byte
20220312 061655.941 INFO             PET0 PIOc_freedecomp Exit - MemInfo: Wall-clock time since execution start:              0.0249886 seconds
20220312 061655.941 INFO             PET0  PASS  Writing a FieldBundle to a single file Test, ESMF_FieldBundleIOUTest.F90, line 355
20220312 061655.943 INFO             PET0 PIOc_sync Enter - MemInfo: [/proc/meminfo - SSI]	MemTotal:       65507008 kB
20220312 061655.943 INFO             PET0 PIOc_sync Enter - MemInfo: [/proc/meminfo - SSI]	MemFree:        49861376 kB
20220312 061655.943 INFO             PET0 PIOc_sync Enter - MemInfo: [/proc/meminfo - SSI]	MemAvailable:   49619996 kB
20220312 061655.943 INFO             PET0 PIOc_sync Enter - MemInfo: [/proc/meminfo - SSI]	Committed_AS:   13177184 kB
20220312 061655.943 INFO             PET0 PIOc_sync Enter - MemInfo: [/proc/meminfo - SSI]	CommittedPercent: 20.1157 %
20220312 061655.943 INFO             PET0 PIOc_sync Enter - MemInfo: [/proc/self/status]	VmPeak:	  135136 kB
20220312 061655.943 INFO             PET0 PIOc_sync Enter - MemInfo: [/proc/self/status]	VmSize:	  135136 kB
20220312 061655.943 INFO             PET0 PIOc_sync Enter - MemInfo: [/proc/self/status]	VmLck:	       0 kB
20220312 061655.943 INFO             PET0 PIOc_sync Enter - MemInfo: [/proc/self/status]	VmPin:	       0 kB
20220312 061655.943 INFO             PET0 PIOc_sync Enter - MemInfo: [/proc/self/status]	VmHWM:	   31268 kB
20220312 061655.943 INFO             PET0 PIOc_sync Enter - MemInfo: [/proc/self/status]	VmRSS:	   31268 kB
20220312 061655.943 INFO             PET0 PIOc_sync Enter - MemInfo: [/proc/self/status]	VmData:	   39532 kB
20220312 061655.943 INFO             PET0 PIOc_sync Enter - MemInfo: [/proc/self/status]	VmStk:	     144 kB
20220312 061655.943 INFO             PET0 PIOc_sync Enter - MemInfo: [/proc/self/status]	VmExe:	     224 kB
20220312 061655.943 INFO             PET0 PIOc_sync Enter - MemInfo: [/proc/self/status]	VmLib:	   39752 kB
20220312 061655.943 INFO             PET0 PIOc_sync Enter - MemInfo: [/proc/self/status]	VmPTE:	     248 kB
20220312 061655.943 INFO             PET0 PIOc_sync Enter - MemInfo: [/proc/self/status]	VmPMD:	      12 kB
20220312 061655.943 INFO             PET0 PIOc_sync Enter - MemInfo: [/proc/self/status]	VmSwap:	       0 kB
20220312 061655.943 INFO             PET0 PIOc_sync Enter - MemInfo: [/proc/self/status]	VmRSSPercent: 0.0477323 %
20220312 061655.943 INFO             PET0 PIOc_sync Enter - MemInfo: [malloc] Non-mmapped space allocated:                37064704 Byte
20220312 061655.943 INFO             PET0 PIOc_sync Enter - MemInfo: [malloc] Space allocated in mmapped regions:                0 Byte
20220312 061655.943 INFO             PET0 PIOc_sync Enter - MemInfo: [malloc] Maximum total allocated space:                     0 Byte
20220312 061655.943 INFO             PET0 PIOc_sync Enter - MemInfo: [malloc] Space in freed fastbin blocks:                  2096 Byte
20220312 061655.943 INFO             PET0 PIOc_sync Enter - MemInfo: [malloc] Total allocated space:                      36597232 Byte
20220312 061655.943 INFO             PET0 PIOc_sync Enter - MemInfo: [malloc] Total free space:                             467472 Byte
20220312 061655.943 INFO             PET0 PIOc_sync Enter - MemInfo: [malloc] Top-most, releasable space:                   451232 Byte
20220312 061655.943 INFO             PET0 PIOc_sync Enter - MemInfo: [malloc] Total space in use, mmap + non-mmap:        36597232 Byte
20220312 061655.943 INFO             PET0 PIOc_sync Enter - MemInfo: [malloc] Total space held (mmap + non-mmap):         37064704 Byte
20220312 061655.943 INFO             PET0 PIOc_sync Enter - MemInfo: [malloc] Total space used (mmap + non-mmap):         36606560 Byte
20220312 061655.943 INFO             PET0 PIOc_sync Enter - MemInfo: Wall-clock time since execution start:              0.0271297 seconds
20220312 061655.945 INFO             PET0 PIOc_sync Exit - MemInfo: [/proc/meminfo - SSI]	MemTotal:       65507008 kB
20220312 061655.945 INFO             PET0 PIOc_sync Exit - MemInfo: [/proc/meminfo - SSI]	MemFree:        49861376 kB
20220312 061655.945 INFO             PET0 PIOc_sync Exit - MemInfo: [/proc/meminfo - SSI]	MemAvailable:   49619996 kB
20220312 061655.945 INFO             PET0 PIOc_sync Exit - MemInfo: [/proc/meminfo - SSI]	Committed_AS:   13177184 kB
20220312 061655.945 INFO             PET0 PIOc_sync Exit - MemInfo: [/proc/meminfo - SSI]	CommittedPercent: 20.1157 %
20220312 061655.945 INFO             PET0 PIOc_sync Exit - MemInfo: [/proc/self/status]	VmPeak:	  135136 kB
20220312 061655.945 INFO             PET0 PIOc_sync Exit - MemInfo: [/proc/self/status]	VmSize:	  135136 kB
20220312 061655.945 INFO             PET0 PIOc_sync Exit - MemInfo: [/proc/self/status]	VmLck:	       0 kB
20220312 061655.945 INFO             PET0 PIOc_sync Exit - MemInfo: [/proc/self/status]	VmPin:	       0 kB
20220312 061655.945 INFO             PET0 PIOc_sync Exit - MemInfo: [/proc/self/status]	VmHWM:	   31268 kB
20220312 061655.945 INFO             PET0 PIOc_sync Exit - MemInfo: [/proc/self/status]	VmRSS:	   31268 kB
20220312 061655.945 INFO             PET0 PIOc_sync Exit - MemInfo: [/proc/self/status]	VmData:	   39532 kB
20220312 061655.945 INFO             PET0 PIOc_sync Exit - MemInfo: [/proc/self/status]	VmStk:	     144 kB
20220312 061655.945 INFO             PET0 PIOc_sync Exit - MemInfo: [/proc/self/status]	VmExe:	     224 kB
20220312 061655.945 INFO             PET0 PIOc_sync Exit - MemInfo: [/proc/self/status]	VmLib:	   39752 kB
20220312 061655.945 INFO             PET0 PIOc_sync Exit - MemInfo: [/proc/self/status]	VmPTE:	     248 kB
20220312 061655.945 INFO             PET0 PIOc_sync Exit - MemInfo: [/proc/self/status]	VmPMD:	      12 kB
20220312 061655.945 INFO             PET0 PIOc_sync Exit - MemInfo: [/proc/self/status]	VmSwap:	       0 kB
20220312 061655.945 INFO             PET0 PIOc_sync Exit - MemInfo: [/proc/self/status]	VmRSSPercent: 0.0477323 %
20220312 061655.945 INFO             PET0 PIOc_sync Exit - MemInfo: [malloc] Non-mmapped space allocated:                37064704 Byte
20220312 061655.945 INFO             PET0 PIOc_sync Exit - MemInfo: [malloc] Space allocated in mmapped regions:                0 Byte
20220312 061655.945 INFO             PET0 PIOc_sync Exit - MemInfo: [malloc] Maximum total allocated space:                     0 Byte
20220312 061655.945 INFO             PET0 PIOc_sync Exit - MemInfo: [malloc] Space in freed fastbin blocks:                  1008 Byte
20220312 061655.945 INFO             PET0 PIOc_sync Exit - MemInfo: [malloc] Total allocated space:                      36599728 Byte
20220312 061655.945 INFO             PET0 PIOc_sync Exit - MemInfo: [malloc] Total free space:                             464976 Byte
20220312 061655.945 INFO             PET0 PIOc_sync Exit - MemInfo: [malloc] Top-most, releasable space:                   451232 Byte
20220312 061655.945 INFO             PET0 PIOc_sync Exit - MemInfo: [malloc] Total space in use, mmap + non-mmap:        36599728 Byte
20220312 061655.945 INFO             PET0 PIOc_sync Exit - MemInfo: [malloc] Total space held (mmap + non-mmap):         37064704 Byte
20220312 061655.945 INFO             PET0 PIOc_sync Exit - MemInfo: [malloc] Total space used (mmap + non-mmap):         36609056 Byte
20220312 061655.945 INFO             PET0 PIOc_sync Exit - MemInfo: Wall-clock time since execution start:              0.0290582 seconds
20220312 061655.945 INFO             PET0 PIOc_freedecomp Enter - MemInfo: [/proc/meminfo - SSI]	MemTotal:       65507008 kB
20220312 061655.945 INFO             PET0 PIOc_freedecomp Enter - MemInfo: [/proc/meminfo - SSI]	MemFree:        49861376 kB
20220312 061655.945 INFO             PET0 PIOc_freedecomp Enter - MemInfo: [/proc/meminfo - SSI]	MemAvailable:   49619996 kB
20220312 061655.945 INFO             PET0 PIOc_freedecomp Enter - MemInfo: [/proc/meminfo - SSI]	Committed_AS:   13177184 kB
20220312 061655.945 INFO             PET0 PIOc_freedecomp Enter - MemInfo: [/proc/meminfo - SSI]	CommittedPercent: 20.1157 %
20220312 061655.945 INFO             PET0 PIOc_freedecomp Enter - MemInfo: [/proc/self/status]	VmPeak:	  135136 kB
20220312 061655.945 INFO             PET0 PIOc_freedecomp Enter - MemInfo: [/proc/self/status]	VmSize:	  135136 kB
20220312 061655.945 INFO             PET0 PIOc_freedecomp Enter - MemInfo: [/proc/self/status]	VmLck:	       0 kB
20220312 061655.945 INFO             PET0 PIOc_freedecomp Enter - MemInfo: [/proc/self/status]	VmPin:	       0 kB
20220312 061655.945 INFO             PET0 PIOc_freedecomp Enter - MemInfo: [/proc/self/status]	VmHWM:	   31268 kB
20220312 061655.945 INFO             PET0 PIOc_freedecomp Enter - MemInfo: [/proc/self/status]	VmRSS:	   31268 kB
20220312 061655.945 INFO             PET0 PIOc_freedecomp Enter - MemInfo: [/proc/self/status]	VmData:	   39532 kB
20220312 061655.945 INFO             PET0 PIOc_freedecomp Enter - MemInfo: [/proc/self/status]	VmStk:	     144 kB
20220312 061655.945 INFO             PET0 PIOc_freedecomp Enter - MemInfo: [/proc/self/status]	VmExe:	     224 kB
20220312 061655.945 INFO             PET0 PIOc_freedecomp Enter - MemInfo: [/proc/self/status]	VmLib:	   39752 kB
20220312 061655.945 INFO             PET0 PIOc_freedecomp Enter - MemInfo: [/proc/self/status]	VmPTE:	     248 kB
20220312 061655.945 INFO             PET0 PIOc_freedecomp Enter - MemInfo: [/proc/self/status]	VmPMD:	      12 kB
20220312 061655.945 INFO             PET0 PIOc_freedecomp Enter - MemInfo: [/proc/self/status]	VmSwap:	       0 kB
20220312 061655.945 INFO             PET0 PIOc_freedecomp Enter - MemInfo: [/proc/self/status]	VmRSSPercent: 0.0477323 %
20220312 061655.945 INFO             PET0 PIOc_freedecomp Enter - MemInfo: [malloc] Non-mmapped space allocated:                37064704 Byte
20220312 061655.945 INFO             PET0 PIOc_freedecomp Enter - MemInfo: [malloc] Space allocated in mmapped regions:                0 Byte
20220312 061655.945 INFO             PET0 PIOc_freedecomp Enter - MemInfo: [malloc] Maximum total allocated space:                     0 Byte
20220312 061655.945 INFO             PET0 PIOc_freedecomp Enter - MemInfo: [malloc] Space in freed fastbin blocks:                  1008 Byte
20220312 061655.945 INFO             PET0 PIOc_freedecomp Enter - MemInfo: [malloc] Total allocated space:                      19283328 Byte
20220312 061655.945 INFO             PET0 PIOc_freedecomp Enter - MemInfo: [malloc] Total free space:                           17781376 Byte
20220312 061655.945 INFO             PET0 PIOc_freedecomp Enter - MemInfo: [malloc] Top-most, releasable space:                   451232 Byte
20220312 061655.945 INFO             PET0 PIOc_freedecomp Enter - MemInfo: [malloc] Total space in use, mmap + non-mmap:        19283328 Byte
20220312 061655.945 INFO             PET0 PIOc_freedecomp Enter - MemInfo: [malloc] Total space held (mmap + non-mmap):         37064704 Byte
20220312 061655.945 INFO             PET0 PIOc_freedecomp Enter - MemInfo: [malloc] Total space used (mmap + non-mmap):         19292656 Byte
20220312 061655.945 INFO             PET0 PIOc_freedecomp Enter - MemInfo: Wall-clock time since execution start:              0.0294699 seconds
20220312 061655.945 INFO             PET0 PIOc_freedecomp Exit - MemInfo: [/proc/meminfo - SSI]	MemTotal:       65507008 kB
20220312 061655.945 INFO             PET0 PIOc_freedecomp Exit - MemInfo: [/proc/meminfo - SSI]	MemFree:        49860872 kB
20220312 061655.945 INFO             PET0 PIOc_freedecomp Exit - MemInfo: [/proc/meminfo - SSI]	MemAvailable:   49619492 kB
20220312 061655.946 INFO             PET0 PIOc_freedecomp Exit - MemInfo: [/proc/meminfo - SSI]	Committed_AS:   13177184 kB
20220312 061655.946 INFO             PET0 PIOc_freedecomp Exit - MemInfo: [/proc/meminfo - SSI]	CommittedPercent: 20.1157 %
20220312 061655.946 INFO             PET0 PIOc_freedecomp Exit - MemInfo: [/proc/self/status]	VmPeak:	  135136 kB
20220312 061655.946 INFO             PET0 PIOc_freedecomp Exit - MemInfo: [/proc/self/status]	VmSize:	  135136 kB
20220312 061655.946 INFO             PET0 PIOc_freedecomp Exit - MemInfo: [/proc/self/status]	VmLck:	       0 kB
20220312 061655.946 INFO             PET0 PIOc_freedecomp Exit - MemInfo: [/proc/self/status]	VmPin:	       0 kB
20220312 061655.946 INFO             PET0 PIOc_freedecomp Exit - MemInfo: [/proc/self/status]	VmHWM:	   31268 kB
20220312 061655.946 INFO             PET0 PIOc_freedecomp Exit - MemInfo: [/proc/self/status]	VmRSS:	   31268 kB
20220312 061655.946 INFO             PET0 PIOc_freedecomp Exit - MemInfo: [/proc/self/status]	VmData:	   39532 kB
20220312 061655.946 INFO             PET0 PIOc_freedecomp Exit - MemInfo: [/proc/self/status]	VmStk:	     144 kB
20220312 061655.946 INFO             PET0 PIOc_freedecomp Exit - MemInfo: [/proc/self/status]	VmExe:	     224 kB
20220312 061655.946 INFO             PET0 PIOc_freedecomp Exit - MemInfo: [/proc/self/status]	VmLib:	   39752 kB
20220312 061655.946 INFO             PET0 PIOc_freedecomp Exit - MemInfo: [/proc/self/status]	VmPTE:	     248 kB
20220312 061655.946 INFO             PET0 PIOc_freedecomp Exit - MemInfo: [/proc/self/status]	VmPMD:	      12 kB
20220312 061655.946 INFO             PET0 PIOc_freedecomp Exit - MemInfo: [/proc/self/status]	VmSwap:	       0 kB
20220312 061655.946 INFO             PET0 PIOc_freedecomp Exit - MemInfo: [/proc/self/status]	VmRSSPercent: 0.0477323 %
20220312 061655.946 INFO             PET0 PIOc_freedecomp Exit - MemInfo: [malloc] Non-mmapped space allocated:                37064704 Byte
20220312 061655.946 INFO             PET0 PIOc_freedecomp Exit - MemInfo: [malloc] Space allocated in mmapped regions:                0 Byte
20220312 061655.946 INFO             PET0 PIOc_freedecomp Exit - MemInfo: [malloc] Maximum total allocated space:                     0 Byte
20220312 061655.946 INFO             PET0 PIOc_freedecomp Exit - MemInfo: [malloc] Space in freed fastbin blocks:                  1776 Byte
20220312 061655.946 INFO             PET0 PIOc_freedecomp Exit - MemInfo: [malloc] Total allocated space:                      19279488 Byte
20220312 061655.946 INFO             PET0 PIOc_freedecomp Exit - MemInfo: [malloc] Total free space:                           17785216 Byte
20220312 061655.946 INFO             PET0 PIOc_freedecomp Exit - MemInfo: [malloc] Top-most, releasable space:                   451232 Byte
20220312 061655.946 INFO             PET0 PIOc_freedecomp Exit - MemInfo: [malloc] Total space in use, mmap + non-mmap:        19279488 Byte
20220312 061655.946 INFO             PET0 PIOc_freedecomp Exit - MemInfo: [malloc] Total space held (mmap + non-mmap):         37064704 Byte
20220312 061655.946 INFO             PET0 PIOc_freedecomp Exit - MemInfo: [malloc] Total space used (mmap + non-mmap):         19288832 Byte
20220312 061655.946 INFO             PET0 PIOc_freedecomp Exit - MemInfo: Wall-clock time since execution start:              0.0297917 seconds
20220312 061655.946 INFO             PET0 PIOc_freedecomp Enter - MemInfo: [/proc/meminfo - SSI]	MemTotal:       65507008 kB
20220312 061655.946 INFO             PET0 PIOc_freedecomp Enter - MemInfo: [/proc/meminfo - SSI]	MemFree:        49860872 kB
20220312 061655.946 INFO             PET0 PIOc_freedecomp Enter - MemInfo: [/proc/meminfo - SSI]	MemAvailable:   49619492 kB
20220312 061655.946 INFO             PET0 PIOc_freedecomp Enter - MemInfo: [/proc/meminfo - SSI]	Committed_AS:   13177184 kB
20220312 061655.946 INFO             PET0 PIOc_freedecomp Enter - MemInfo: [/proc/meminfo - SSI]	CommittedPercent: 20.1157 %
20220312 061655.946 INFO             PET0 PIOc_freedecomp Enter - MemInfo: [/proc/self/status]	VmPeak:	  135136 kB
20220312 061655.946 INFO             PET0 PIOc_freedecomp Enter - MemInfo: [/proc/self/status]	VmSize:	  135136 kB
20220312 061655.946 INFO             PET0 PIOc_freedecomp Enter - MemInfo: [/proc/self/status]	VmLck:	       0 kB
20220312 061655.946 INFO             PET0 PIOc_freedecomp Enter - MemInfo: [/proc/self/status]	VmPin:	       0 kB
20220312 061655.946 INFO             PET0 PIOc_freedecomp Enter - MemInfo: [/proc/self/status]	VmHWM:	   31268 kB
20220312 061655.946 INFO             PET0 PIOc_freedecomp Enter - MemInfo: [/proc/self/status]	VmRSS:	   31268 kB
20220312 061655.946 INFO             PET0 PIOc_freedecomp Enter - MemInfo: [/proc/self/status]	VmData:	   39532 kB
20220312 061655.946 INFO             PET0 PIOc_freedecomp Enter - MemInfo: [/proc/self/status]	VmStk:	     144 kB
20220312 061655.946 INFO             PET0 PIOc_freedecomp Enter - MemInfo: [/proc/self/status]	VmExe:	     224 kB
20220312 061655.946 INFO             PET0 PIOc_freedecomp Enter - MemInfo: [/proc/self/status]	VmLib:	   39752 kB
20220312 061655.946 INFO             PET0 PIOc_freedecomp Enter - MemInfo: [/proc/self/status]	VmPTE:	     248 kB
20220312 061655.946 INFO             PET0 PIOc_freedecomp Enter - MemInfo: [/proc/self/status]	VmPMD:	      12 kB
20220312 061655.946 INFO             PET0 PIOc_freedecomp Enter - MemInfo: [/proc/self/status]	VmSwap:	       0 kB
20220312 061655.946 INFO             PET0 PIOc_freedecomp Enter - MemInfo: [/proc/self/status]	VmRSSPercent: 0.0477323 %
20220312 061655.946 INFO             PET0 PIOc_freedecomp Enter - MemInfo: [malloc] Non-mmapped space allocated:                37064704 Byte
20220312 061655.946 INFO             PET0 PIOc_freedecomp Enter - MemInfo: [malloc] Space allocated in mmapped regions:                0 Byte
20220312 061655.946 INFO             PET0 PIOc_freedecomp Enter - MemInfo: [malloc] Maximum total allocated space:                     0 Byte
20220312 061655.946 INFO             PET0 PIOc_freedecomp Enter - MemInfo: [malloc] Space in freed fastbin blocks:                  1536 Byte
20220312 061655.946 INFO             PET0 PIOc_freedecomp Enter - MemInfo: [malloc] Total allocated space:                      19279360 Byte
20220312 061655.946 INFO             PET0 PIOc_freedecomp Enter - MemInfo: [malloc] Total free space:                           17785344 Byte
20220312 061655.946 INFO             PET0 PIOc_freedecomp Enter - MemInfo: [malloc] Top-most, releasable space:                   451232 Byte
20220312 061655.946 INFO             PET0 PIOc_freedecomp Enter - MemInfo: [malloc] Total space in use, mmap + non-mmap:        19279360 Byte
20220312 061655.946 INFO             PET0 PIOc_freedecomp Enter - MemInfo: [malloc] Total space held (mmap + non-mmap):         37064704 Byte
20220312 061655.946 INFO             PET0 PIOc_freedecomp Enter - MemInfo: [malloc] Total space used (mmap + non-mmap):         19288704 Byte
20220312 061655.946 INFO             PET0 PIOc_freedecomp Enter - MemInfo: Wall-clock time since execution start:              0.0301059 seconds
20220312 061655.946 INFO             PET0 PIOc_freedecomp Exit - MemInfo: [/proc/meminfo - SSI]	MemTotal:       65507008 kB
20220312 061655.946 INFO             PET0 PIOc_freedecomp Exit - MemInfo: [/proc/meminfo - SSI]	MemFree:        49860872 kB
20220312 061655.946 INFO             PET0 PIOc_freedecomp Exit - MemInfo: [/proc/meminfo - SSI]	MemAvailable:   49619492 kB
20220312 061655.946 INFO             PET0 PIOc_freedecomp Exit - MemInfo: [/proc/meminfo - SSI]	Committed_AS:   13177184 kB
20220312 061655.946 INFO             PET0 PIOc_freedecomp Exit - MemInfo: [/proc/meminfo - SSI]	CommittedPercent: 20.1157 %
20220312 061655.946 INFO             PET0 PIOc_freedecomp Exit - MemInfo: [/proc/self/status]	VmPeak:	  135136 kB
20220312 061655.946 INFO             PET0 PIOc_freedecomp Exit - MemInfo: [/proc/self/status]	VmSize:	  135136 kB
20220312 061655.946 INFO             PET0 PIOc_freedecomp Exit - MemInfo: [/proc/self/status]	VmLck:	       0 kB
20220312 061655.946 INFO             PET0 PIOc_freedecomp Exit - MemInfo: [/proc/self/status]	VmPin:	       0 kB
20220312 061655.946 INFO             PET0 PIOc_freedecomp Exit - MemInfo: [/proc/self/status]	VmHWM:	   31268 kB
20220312 061655.946 INFO             PET0 PIOc_freedecomp Exit - MemInfo: [/proc/self/status]	VmRSS:	   31268 kB
20220312 061655.946 INFO             PET0 PIOc_freedecomp Exit - MemInfo: [/proc/self/status]	VmData:	   39532 kB
20220312 061655.946 INFO             PET0 PIOc_freedecomp Exit - MemInfo: [/proc/self/status]	VmStk:	     144 kB
20220312 061655.946 INFO             PET0 PIOc_freedecomp Exit - MemInfo: [/proc/self/status]	VmExe:	     224 kB
20220312 061655.946 INFO             PET0 PIOc_freedecomp Exit - MemInfo: [/proc/self/status]	VmLib:	   39752 kB
20220312 061655.946 INFO             PET0 PIOc_freedecomp Exit - MemInfo: [/proc/self/status]	VmPTE:	     248 kB
20220312 061655.946 INFO             PET0 PIOc_freedecomp Exit - MemInfo: [/proc/self/status]	VmPMD:	      12 kB
20220312 061655.946 INFO             PET0 PIOc_freedecomp Exit - MemInfo: [/proc/self/status]	VmSwap:	       0 kB
20220312 061655.946 INFO             PET0 PIOc_freedecomp Exit - MemInfo: [/proc/self/status]	VmRSSPercent: 0.0477323 %
20220312 061655.946 INFO             PET0 PIOc_freedecomp Exit - MemInfo: [malloc] Non-mmapped space allocated:                37064704 Byte
20220312 061655.946 INFO             PET0 PIOc_freedecomp Exit - MemInfo: [malloc] Space allocated in mmapped regions:                0 Byte
20220312 061655.946 INFO             PET0 PIOc_freedecomp Exit - MemInfo: [malloc] Maximum total allocated space:                     0 Byte
20220312 061655.946 INFO             PET0 PIOc_freedecomp Exit - MemInfo: [malloc] Space in freed fastbin blocks:                   896 Byte
20220312 061655.946 INFO             PET0 PIOc_freedecomp Exit - MemInfo: [malloc] Total allocated space:                      19272848 Byte
20220312 061655.946 INFO             PET0 PIOc_freedecomp Exit - MemInfo: [malloc] Total free space:                           17791856 Byte
20220312 061655.946 INFO             PET0 PIOc_freedecomp Exit - MemInfo: [malloc] Top-most, releasable space:                   451232 Byte
20220312 061655.946 INFO             PET0 PIOc_freedecomp Exit - MemInfo: [malloc] Total space in use, mmap + non-mmap:        19272848 Byte
20220312 061655.946 INFO             PET0 PIOc_freedecomp Exit - MemInfo: [malloc] Total space held (mmap + non-mmap):         37064704 Byte
20220312 061655.946 INFO             PET0 PIOc_freedecomp Exit - MemInfo: [malloc] Total space used (mmap + non-mmap):         19282192 Byte
20220312 061655.946 INFO             PET0 PIOc_freedecomp Exit - MemInfo: Wall-clock time since execution start:              0.0304244 seconds
20220312 061655.946 INFO             PET0 PIOc_freedecomp Enter - MemInfo: [/proc/meminfo - SSI]	MemTotal:       65507008 kB
20220312 061655.946 INFO             PET0 PIOc_freedecomp Enter - MemInfo: [/proc/meminfo - SSI]	MemFree:        49860872 kB
20220312 061655.946 INFO             PET0 PIOc_freedecomp Enter - MemInfo: [/proc/meminfo - SSI]	MemAvailable:   49619492 kB
20220312 061655.946 INFO             PET0 PIOc_freedecomp Enter - MemInfo: [/proc/meminfo - SSI]	Committed_AS:   13177184 kB
20220312 061655.946 INFO             PET0 PIOc_freedecomp Enter - MemInfo: [/proc/meminfo - SSI]	CommittedPercent: 20.1157 %
20220312 061655.946 INFO             PET0 PIOc_freedecomp Enter - MemInfo: [/proc/self/status]	VmPeak:	  135136 kB
20220312 061655.947 INFO             PET0 PIOc_freedecomp Enter - MemInfo: [/proc/self/status]	VmSize:	  135136 kB
20220312 061655.947 INFO             PET0 PIOc_freedecomp Enter - MemInfo: [/proc/self/status]	VmLck:	       0 kB
20220312 061655.947 INFO             PET0 PIOc_freedecomp Enter - MemInfo: [/proc/self/status]	VmPin:	       0 kB
20220312 061655.947 INFO             PET0 PIOc_freedecomp Enter - MemInfo: [/proc/self/status]	VmHWM:	   31268 kB
20220312 061655.947 INFO             PET0 PIOc_freedecomp Enter - MemInfo: [/proc/self/status]	VmRSS:	   31268 kB
20220312 061655.947 INFO             PET0 PIOc_freedecomp Enter - MemInfo: [/proc/self/status]	VmData:	   39532 kB
20220312 061655.947 INFO             PET0 PIOc_freedecomp Enter - MemInfo: [/proc/self/status]	VmStk:	     144 kB
20220312 061655.947 INFO             PET0 PIOc_freedecomp Enter - MemInfo: [/proc/self/status]	VmExe:	     224 kB
20220312 061655.947 INFO             PET0 PIOc_freedecomp Enter - MemInfo: [/proc/self/status]	VmLib:	   39752 kB
20220312 061655.947 INFO             PET0 PIOc_freedecomp Enter - MemInfo: [/proc/self/status]	VmPTE:	     248 kB
20220312 061655.947 INFO             PET0 PIOc_freedecomp Enter - MemInfo: [/proc/self/status]	VmPMD:	      12 kB
20220312 061655.947 INFO             PET0 PIOc_freedecomp Enter - MemInfo: [/proc/self/status]	VmSwap:	       0 kB
20220312 061655.947 INFO             PET0 PIOc_freedecomp Enter - MemInfo: [/proc/self/status]	VmRSSPercent: 0.0477323 %
20220312 061655.947 INFO             PET0 PIOc_freedecomp Enter - MemInfo: [malloc] Non-mmapped space allocated:                37064704 Byte
20220312 061655.947 INFO             PET0 PIOc_freedecomp Enter - MemInfo: [malloc] Space allocated in mmapped regions:                0 Byte
20220312 061655.947 INFO             PET0 PIOc_freedecomp Enter - MemInfo: [malloc] Maximum total allocated space:                     0 Byte
20220312 061655.947 INFO             PET0 PIOc_freedecomp Enter - MemInfo: [malloc] Space in freed fastbin blocks:                  1664 Byte
20220312 061655.947 INFO             PET0 PIOc_freedecomp Enter - MemInfo: [malloc] Total allocated space:                      19272720 Byte
20220312 061655.947 INFO             PET0 PIOc_freedecomp Enter - MemInfo: [malloc] Total free space:                           17791984 Byte
20220312 061655.947 INFO             PET0 PIOc_freedecomp Enter - MemInfo: [malloc] Top-most, releasable space:                   451232 Byte
20220312 061655.947 INFO             PET0 PIOc_freedecomp Enter - MemInfo: [malloc] Total space in use, mmap + non-mmap:        19272720 Byte
20220312 061655.947 INFO             PET0 PIOc_freedecomp Enter - MemInfo: [malloc] Total space held (mmap + non-mmap):         37064704 Byte
20220312 061655.947 INFO             PET0 PIOc_freedecomp Enter - MemInfo: [malloc] Total space used (mmap + non-mmap):         19282064 Byte
20220312 061655.947 INFO             PET0 PIOc_freedecomp Enter - MemInfo: Wall-clock time since execution start:              0.0307399 seconds
20220312 061655.947 INFO             PET0 PIOc_freedecomp Exit - MemInfo: [/proc/meminfo - SSI]	MemTotal:       65507008 kB
20220312 061655.947 INFO             PET0 PIOc_freedecomp Exit - MemInfo: [/proc/meminfo - SSI]	MemFree:        49860872 kB
20220312 061655.947 INFO             PET0 PIOc_freedecomp Exit - MemInfo: [/proc/meminfo - SSI]	MemAvailable:   49619492 kB
20220312 061655.947 INFO             PET0 PIOc_freedecomp Exit - MemInfo: [/proc/meminfo - SSI]	Committed_AS:   13177184 kB
20220312 061655.947 INFO             PET0 PIOc_freedecomp Exit - MemInfo: [/proc/meminfo - SSI]	CommittedPercent: 20.1157 %
20220312 061655.947 INFO             PET0 PIOc_freedecomp Exit - MemInfo: [/proc/self/status]	VmPeak:	  135136 kB
20220312 061655.947 INFO             PET0 PIOc_freedecomp Exit - MemInfo: [/proc/self/status]	VmSize:	  135136 kB
20220312 061655.947 INFO             PET0 PIOc_freedecomp Exit - MemInfo: [/proc/self/status]	VmLck:	       0 kB
20220312 061655.947 INFO             PET0 PIOc_freedecomp Exit - MemInfo: [/proc/self/status]	VmPin:	       0 kB
20220312 061655.947 INFO             PET0 PIOc_freedecomp Exit - MemInfo: [/proc/self/status]	VmHWM:	   31268 kB
20220312 061655.947 INFO             PET0 PIOc_freedecomp Exit - MemInfo: [/proc/self/status]	VmRSS:	   31268 kB
20220312 061655.947 INFO             PET0 PIOc_freedecomp Exit - MemInfo: [/proc/self/status]	VmData:	   39532 kB
20220312 061655.947 INFO             PET0 PIOc_freedecomp Exit - MemInfo: [/proc/self/status]	VmStk:	     144 kB
20220312 061655.947 INFO             PET0 PIOc_freedecomp Exit - MemInfo: [/proc/self/status]	VmExe:	     224 kB
20220312 061655.947 INFO             PET0 PIOc_freedecomp Exit - MemInfo: [/proc/self/status]	VmLib:	   39752 kB
20220312 061655.947 INFO             PET0 PIOc_freedecomp Exit - MemInfo: [/proc/self/status]	VmPTE:	     248 kB
20220312 061655.947 INFO             PET0 PIOc_freedecomp Exit - MemInfo: [/proc/self/status]	VmPMD:	      12 kB
20220312 061655.947 INFO             PET0 PIOc_freedecomp Exit - MemInfo: [/proc/self/status]	VmSwap:	       0 kB
20220312 061655.947 INFO             PET0 PIOc_freedecomp Exit - MemInfo: [/proc/self/status]	VmRSSPercent: 0.0477323 %
20220312 061655.947 INFO             PET0 PIOc_freedecomp Exit - MemInfo: [malloc] Non-mmapped space allocated:                37064704 Byte
20220312 061655.947 INFO             PET0 PIOc_freedecomp Exit - MemInfo: [malloc] Space allocated in mmapped regions:                0 Byte
20220312 061655.947 INFO             PET0 PIOc_freedecomp Exit - MemInfo: [malloc] Maximum total allocated space:                     0 Byte
20220312 061655.947 INFO             PET0 PIOc_freedecomp Exit - MemInfo: [malloc] Space in freed fastbin blocks:                  1872 Byte
20220312 061655.947 INFO             PET0 PIOc_freedecomp Exit - MemInfo: [malloc] Total allocated space:                      19268320 Byte
20220312 061655.947 INFO             PET0 PIOc_freedecomp Exit - MemInfo: [malloc] Total free space:                           17796384 Byte
20220312 061655.947 INFO             PET0 PIOc_freedecomp Exit - MemInfo: [malloc] Top-most, releasable space:                   451232 Byte
20220312 061655.947 INFO             PET0 PIOc_freedecomp Exit - MemInfo: [malloc] Total space in use, mmap + non-mmap:        19268320 Byte
20220312 061655.947 INFO             PET0 PIOc_freedecomp Exit - MemInfo: [malloc] Total space held (mmap + non-mmap):         37064704 Byte
20220312 061655.947 INFO             PET0 PIOc_freedecomp Exit - MemInfo: [malloc] Total space used (mmap + non-mmap):         19277664 Byte
20220312 061655.947 INFO             PET0 PIOc_freedecomp Exit - MemInfo: Wall-clock time since execution start:              0.0310573 seconds
20220312 061655.947 INFO             PET0  PASS  Writing a FieldBundle to a single file with timeslice Test, ESMF_FieldBundleIOUTest.F90, line 370
20220312 061655.948 INFO             PET0 PIOc_sync Enter - MemInfo: [/proc/meminfo - SSI]	MemTotal:       65507008 kB
20220312 061655.948 INFO             PET0 PIOc_sync Enter - MemInfo: [/proc/meminfo - SSI]	MemFree:        49860872 kB
20220312 061655.948 INFO             PET0 PIOc_sync Enter - MemInfo: [/proc/meminfo - SSI]	MemAvailable:   49619492 kB
20220312 061655.948 INFO             PET0 PIOc_sync Enter - MemInfo: [/proc/meminfo - SSI]	Committed_AS:   13178032 kB
20220312 061655.948 INFO             PET0 PIOc_sync Enter - MemInfo: [/proc/meminfo - SSI]	CommittedPercent: 20.117 %
20220312 061655.948 INFO             PET0 PIOc_sync Enter - MemInfo: [/proc/self/status]	VmPeak:	  143324 kB
20220312 061655.948 INFO             PET0 PIOc_sync Enter - MemInfo: [/proc/self/status]	VmSize:	  135136 kB
20220312 061655.948 INFO             PET0 PIOc_sync Enter - MemInfo: [/proc/self/status]	VmLck:	       0 kB
20220312 061655.948 INFO             PET0 PIOc_sync Enter - MemInfo: [/proc/self/status]	VmPin:	       0 kB
20220312 061655.948 INFO             PET0 PIOc_sync Enter - MemInfo: [/proc/self/status]	VmHWM:	   31272 kB
20220312 061655.948 INFO             PET0 PIOc_sync Enter - MemInfo: [/proc/self/status]	VmRSS:	   31272 kB
20220312 061655.948 INFO             PET0 PIOc_sync Enter - MemInfo: [/proc/self/status]	VmData:	   39532 kB
20220312 061655.948 INFO             PET0 PIOc_sync Enter - MemInfo: [/proc/self/status]	VmStk:	     144 kB
20220312 061655.948 INFO             PET0 PIOc_sync Enter - MemInfo: [/proc/self/status]	VmExe:	     224 kB
20220312 061655.948 INFO             PET0 PIOc_sync Enter - MemInfo: [/proc/self/status]	VmLib:	   39752 kB
20220312 061655.948 INFO             PET0 PIOc_sync Enter - MemInfo: [/proc/self/status]	VmPTE:	     248 kB
20220312 061655.948 INFO             PET0 PIOc_sync Enter - MemInfo: [/proc/self/status]	VmPMD:	      12 kB
20220312 061655.948 INFO             PET0 PIOc_sync Enter - MemInfo: [/proc/self/status]	VmSwap:	       0 kB
20220312 061655.948 INFO             PET0 PIOc_sync Enter - MemInfo: [/proc/self/status]	VmRSSPercent: 0.0477384 %
20220312 061655.948 INFO             PET0 PIOc_sync Enter - MemInfo: [malloc] Non-mmapped space allocated:                37064704 Byte
20220312 061655.948 INFO             PET0 PIOc_sync Enter - MemInfo: [malloc] Space allocated in mmapped regions:                0 Byte
20220312 061655.948 INFO             PET0 PIOc_sync Enter - MemInfo: [malloc] Maximum total allocated space:                     0 Byte
20220312 061655.948 INFO             PET0 PIOc_sync Enter - MemInfo: [malloc] Space in freed fastbin blocks:                  2272 Byte
20220312 061655.948 INFO             PET0 PIOc_sync Enter - MemInfo: [malloc] Total allocated space:                      36602832 Byte
20220312 061655.948 INFO             PET0 PIOc_sync Enter - MemInfo: [malloc] Total free space:                             461872 Byte
20220312 061655.948 INFO             PET0 PIOc_sync Enter - MemInfo: [malloc] Top-most, releasable space:                   451232 Byte
20220312 061655.948 INFO             PET0 PIOc_sync Enter - MemInfo: [malloc] Total space in use, mmap + non-mmap:        36602832 Byte
20220312 061655.948 INFO             PET0 PIOc_sync Enter - MemInfo: [malloc] Total space held (mmap + non-mmap):         37064704 Byte
20220312 061655.948 INFO             PET0 PIOc_sync Enter - MemInfo: [malloc] Total space used (mmap + non-mmap):         36612160 Byte
20220312 061655.948 INFO             PET0 PIOc_sync Enter - MemInfo: Wall-clock time since execution start:              0.0323753 seconds
20220312 061655.948 INFO             PET0 PIOc_sync Exit - MemInfo: [/proc/meminfo - SSI]	MemTotal:       65507008 kB
20220312 061655.948 INFO             PET0 PIOc_sync Exit - MemInfo: [/proc/meminfo - SSI]	MemFree:        49860872 kB
20220312 061655.948 INFO             PET0 PIOc_sync Exit - MemInfo: [/proc/meminfo - SSI]	MemAvailable:   49619492 kB
20220312 061655.948 INFO             PET0 PIOc_sync Exit - MemInfo: [/proc/meminfo - SSI]	Committed_AS:   13178032 kB
20220312 061655.949 INFO             PET0 PIOc_sync Exit - MemInfo: [/proc/meminfo - SSI]	CommittedPercent: 20.117 %
20220312 061655.949 INFO             PET0 PIOc_sync Exit - MemInfo: [/proc/self/status]	VmPeak:	  143324 kB
20220312 061655.949 INFO             PET0 PIOc_sync Exit - MemInfo: [/proc/self/status]	VmSize:	  135136 kB
20220312 061655.949 INFO             PET0 PIOc_sync Exit - MemInfo: [/proc/self/status]	VmLck:	       0 kB
20220312 061655.949 INFO             PET0 PIOc_sync Exit - MemInfo: [/proc/self/status]	VmPin:	       0 kB
20220312 061655.949 INFO             PET0 PIOc_sync Exit - MemInfo: [/proc/self/status]	VmHWM:	   31272 kB
20220312 061655.949 INFO             PET0 PIOc_sync Exit - MemInfo: [/proc/self/status]	VmRSS:	   31272 kB
20220312 061655.949 INFO             PET0 PIOc_sync Exit - MemInfo: [/proc/self/status]	VmData:	   39532 kB
20220312 061655.949 INFO             PET0 PIOc_sync Exit - MemInfo: [/proc/self/status]	VmStk:	     144 kB
20220312 061655.949 INFO             PET0 PIOc_sync Exit - MemInfo: [/proc/self/status]	VmExe:	     224 kB
20220312 061655.949 INFO             PET0 PIOc_sync Exit - MemInfo: [/proc/self/status]	VmLib:	   39752 kB
20220312 061655.949 INFO             PET0 PIOc_sync Exit - MemInfo: [/proc/self/status]	VmPTE:	     248 kB
20220312 061655.949 INFO             PET0 PIOc_sync Exit - MemInfo: [/proc/self/status]	VmPMD:	      12 kB
20220312 061655.949 INFO             PET0 PIOc_sync Exit - MemInfo: [/proc/self/status]	VmSwap:	       0 kB
20220312 061655.949 INFO             PET0 PIOc_sync Exit - MemInfo: [/proc/self/status]	VmRSSPercent: 0.0477384 %
20220312 061655.949 INFO             PET0 PIOc_sync Exit - MemInfo: [malloc] Non-mmapped space allocated:                37064704 Byte
20220312 061655.949 INFO             PET0 PIOc_sync Exit - MemInfo: [malloc] Space allocated in mmapped regions:                0 Byte
20220312 061655.949 INFO             PET0 PIOc_sync Exit - MemInfo: [malloc] Maximum total allocated space:                     0 Byte
20220312 061655.949 INFO             PET0 PIOc_sync Exit - MemInfo: [malloc] Space in freed fastbin blocks:                  1008 Byte
20220312 061655.949 INFO             PET0 PIOc_sync Exit - MemInfo: [malloc] Total allocated space:                      36605328 Byte
20220312 061655.949 INFO             PET0 PIOc_sync Exit - MemInfo: [malloc] Total free space:                             459376 Byte
20220312 061655.949 INFO             PET0 PIOc_sync Exit - MemInfo: [malloc] Top-most, releasable space:                   451232 Byte
20220312 061655.949 INFO             PET0 PIOc_sync Exit - MemInfo: [malloc] Total space in use, mmap + non-mmap:        36605328 Byte
20220312 061655.949 INFO             PET0 PIOc_sync Exit - MemInfo: [malloc] Total space held (mmap + non-mmap):         37064704 Byte
20220312 061655.949 INFO             PET0 PIOc_sync Exit - MemInfo: [malloc] Total space used (mmap + non-mmap):         36614656 Byte
20220312 061655.949 INFO             PET0 PIOc_sync Exit - MemInfo: Wall-clock time since execution start:              0.0327866 seconds
20220312 061655.949 INFO             PET0 PIOc_freedecomp Enter - MemInfo: [/proc/meminfo - SSI]	MemTotal:       65507008 kB
20220312 061655.949 INFO             PET0 PIOc_freedecomp Enter - MemInfo: [/proc/meminfo - SSI]	MemFree:        49860872 kB
20220312 061655.949 INFO             PET0 PIOc_freedecomp Enter - MemInfo: [/proc/meminfo - SSI]	MemAvailable:   49619492 kB
20220312 061655.949 INFO             PET0 PIOc_freedecomp Enter - MemInfo: [/proc/meminfo - SSI]	Committed_AS:   13178032 kB
20220312 061655.949 INFO             PET0 PIOc_freedecomp Enter - MemInfo: [/proc/meminfo - SSI]	CommittedPercent: 20.117 %
20220312 061655.949 INFO             PET0 PIOc_freedecomp Enter - MemInfo: [/proc/self/status]	VmPeak:	  143324 kB
20220312 061655.949 INFO             PET0 PIOc_freedecomp Enter - MemInfo: [/proc/self/status]	VmSize:	  135136 kB
20220312 061655.949 INFO             PET0 PIOc_freedecomp Enter - MemInfo: [/proc/self/status]	VmLck:	       0 kB
20220312 061655.949 INFO             PET0 PIOc_freedecomp Enter - MemInfo: [/proc/self/status]	VmPin:	       0 kB
20220312 061655.949 INFO             PET0 PIOc_freedecomp Enter - MemInfo: [/proc/self/status]	VmHWM:	   31272 kB
20220312 061655.949 INFO             PET0 PIOc_freedecomp Enter - MemInfo: [/proc/self/status]	VmRSS:	   31272 kB
20220312 061655.949 INFO             PET0 PIOc_freedecomp Enter - MemInfo: [/proc/self/status]	VmData:	   39532 kB
20220312 061655.949 INFO             PET0 PIOc_freedecomp Enter - MemInfo: [/proc/self/status]	VmStk:	     144 kB
20220312 061655.949 INFO             PET0 PIOc_freedecomp Enter - MemInfo: [/proc/self/status]	VmExe:	     224 kB
20220312 061655.949 INFO             PET0 PIOc_freedecomp Enter - MemInfo: [/proc/self/status]	VmLib:	   39752 kB
20220312 061655.949 INFO             PET0 PIOc_freedecomp Enter - MemInfo: [/proc/self/status]	VmPTE:	     248 kB
20220312 061655.949 INFO             PET0 PIOc_freedecomp Enter - MemInfo: [/proc/self/status]	VmPMD:	      12 kB
20220312 061655.949 INFO             PET0 PIOc_freedecomp Enter - MemInfo: [/proc/self/status]	VmSwap:	       0 kB
20220312 061655.949 INFO             PET0 PIOc_freedecomp Enter - MemInfo: [/proc/self/status]	VmRSSPercent: 0.0477384 %
20220312 061655.949 INFO             PET0 PIOc_freedecomp Enter - MemInfo: [malloc] Non-mmapped space allocated:                37064704 Byte
20220312 061655.949 INFO             PET0 PIOc_freedecomp Enter - MemInfo: [malloc] Space allocated in mmapped regions:                0 Byte
20220312 061655.949 INFO             PET0 PIOc_freedecomp Enter - MemInfo: [malloc] Maximum total allocated space:                     0 Byte
20220312 061655.949 INFO             PET0 PIOc_freedecomp Enter - MemInfo: [malloc] Space in freed fastbin blocks:                  1008 Byte
20220312 061655.949 INFO             PET0 PIOc_freedecomp Enter - MemInfo: [malloc] Total allocated space:                      19288880 Byte
20220312 061655.949 INFO             PET0 PIOc_freedecomp Enter - MemInfo: [malloc] Total free space:                           17775824 Byte
20220312 061655.949 INFO             PET0 PIOc_freedecomp Enter - MemInfo: [malloc] Top-most, releasable space:                   451232 Byte
20220312 061655.949 INFO             PET0 PIOc_freedecomp Enter - MemInfo: [malloc] Total space in use, mmap + non-mmap:        19288880 Byte
20220312 061655.949 INFO             PET0 PIOc_freedecomp Enter - MemInfo: [malloc] Total space held (mmap + non-mmap):         37064704 Byte
20220312 061655.949 INFO             PET0 PIOc_freedecomp Enter - MemInfo: [malloc] Total space used (mmap + non-mmap):         19298208 Byte
20220312 061655.949 INFO             PET0 PIOc_freedecomp Enter - MemInfo: Wall-clock time since execution start:               0.033154 seconds
20220312 061655.949 INFO             PET0 PIOc_freedecomp Exit - MemInfo: [/proc/meminfo - SSI]	MemTotal:       65507008 kB
20220312 061655.949 INFO             PET0 PIOc_freedecomp Exit - MemInfo: [/proc/meminfo - SSI]	MemFree:        49860872 kB
20220312 061655.949 INFO             PET0 PIOc_freedecomp Exit - MemInfo: [/proc/meminfo - SSI]	MemAvailable:   49619492 kB
20220312 061655.949 INFO             PET0 PIOc_freedecomp Exit - MemInfo: [/proc/meminfo - SSI]	Committed_AS:   13178032 kB
20220312 061655.949 INFO             PET0 PIOc_freedecomp Exit - MemInfo: [/proc/meminfo - SSI]	CommittedPercent: 20.117 %
20220312 061655.949 INFO             PET0 PIOc_freedecomp Exit - MemInfo: [/proc/self/status]	VmPeak:	  143324 kB
20220312 061655.949 INFO             PET0 PIOc_freedecomp Exit - MemInfo: [/proc/self/status]	VmSize:	  135136 kB
20220312 061655.949 INFO             PET0 PIOc_freedecomp Exit - MemInfo: [/proc/self/status]	VmLck:	       0 kB
20220312 061655.949 INFO             PET0 PIOc_freedecomp Exit - MemInfo: [/proc/self/status]	VmPin:	       0 kB
20220312 061655.949 INFO             PET0 PIOc_freedecomp Exit - MemInfo: [/proc/self/status]	VmHWM:	   31272 kB
20220312 061655.949 INFO             PET0 PIOc_freedecomp Exit - MemInfo: [/proc/self/status]	VmRSS:	   31272 kB
20220312 061655.949 INFO             PET0 PIOc_freedecomp Exit - MemInfo: [/proc/self/status]	VmData:	   39532 kB
20220312 061655.949 INFO             PET0 PIOc_freedecomp Exit - MemInfo: [/proc/self/status]	VmStk:	     144 kB
20220312 061655.949 INFO             PET0 PIOc_freedecomp Exit - MemInfo: [/proc/self/status]	VmExe:	     224 kB
20220312 061655.949 INFO             PET0 PIOc_freedecomp Exit - MemInfo: [/proc/self/status]	VmLib:	   39752 kB
20220312 061655.949 INFO             PET0 PIOc_freedecomp Exit - MemInfo: [/proc/self/status]	VmPTE:	     248 kB
20220312 061655.949 INFO             PET0 PIOc_freedecomp Exit - MemInfo: [/proc/self/status]	VmPMD:	      12 kB
20220312 061655.949 INFO             PET0 PIOc_freedecomp Exit - MemInfo: [/proc/self/status]	VmSwap:	       0 kB
20220312 061655.949 INFO             PET0 PIOc_freedecomp Exit - MemInfo: [/proc/self/status]	VmRSSPercent: 0.0477384 %
20220312 061655.949 INFO             PET0 PIOc_freedecomp Exit - MemInfo: [malloc] Non-mmapped space allocated:                37064704 Byte
20220312 061655.949 INFO             PET0 PIOc_freedecomp Exit - MemInfo: [malloc] Space allocated in mmapped regions:                0 Byte
20220312 061655.949 INFO             PET0 PIOc_freedecomp Exit - MemInfo: [malloc] Maximum total allocated space:                     0 Byte
20220312 061655.949 INFO             PET0 PIOc_freedecomp Exit - MemInfo: [malloc] Space in freed fastbin blocks:                   816 Byte
20220312 061655.949 INFO             PET0 PIOc_freedecomp Exit - MemInfo: [malloc] Total allocated space:                      19285056 Byte
20220312 061655.949 INFO             PET0 PIOc_freedecomp Exit - MemInfo: [malloc] Total free space:                           17779648 Byte
20220312 061655.949 INFO             PET0 PIOc_freedecomp Exit - MemInfo: [malloc] Top-most, releasable space:                   451232 Byte
20220312 061655.949 INFO             PET0 PIOc_freedecomp Exit - MemInfo: [malloc] Total space in use, mmap + non-mmap:        19285056 Byte
20220312 061655.949 INFO             PET0 PIOc_freedecomp Exit - MemInfo: [malloc] Total space held (mmap + non-mmap):         37064704 Byte
20220312 061655.949 INFO             PET0 PIOc_freedecomp Exit - MemInfo: [malloc] Total space used (mmap + non-mmap):         19294400 Byte
20220312 061655.949 INFO             PET0 PIOc_freedecomp Exit - MemInfo: Wall-clock time since execution start:              0.0334786 seconds
20220312 061655.949 INFO             PET0 PIOc_freedecomp Enter - MemInfo: [/proc/meminfo - SSI]	MemTotal:       65507008 kB
20220312 061655.949 INFO             PET0 PIOc_freedecomp Enter - MemInfo: [/proc/meminfo - SSI]	MemFree:        49860872 kB
20220312 061655.949 INFO             PET0 PIOc_freedecomp Enter - MemInfo: [/proc/meminfo - SSI]	MemAvailable:   49619492 kB
20220312 061655.950 INFO             PET0 PIOc_freedecomp Enter - MemInfo: [/proc/meminfo - SSI]	Committed_AS:   13178032 kB
20220312 061655.950 INFO             PET0 PIOc_freedecomp Enter - MemInfo: [/proc/meminfo - SSI]	CommittedPercent: 20.117 %
20220312 061655.950 INFO             PET0 PIOc_freedecomp Enter - MemInfo: [/proc/self/status]	VmPeak:	  143324 kB
20220312 061655.950 INFO             PET0 PIOc_freedecomp Enter - MemInfo: [/proc/self/status]	VmSize:	  135136 kB
20220312 061655.950 INFO             PET0 PIOc_freedecomp Enter - MemInfo: [/proc/self/status]	VmLck:	       0 kB
20220312 061655.950 INFO             PET0 PIOc_freedecomp Enter - MemInfo: [/proc/self/status]	VmPin:	       0 kB
20220312 061655.950 INFO             PET0 PIOc_freedecomp Enter - MemInfo: [/proc/self/status]	VmHWM:	   31272 kB
20220312 061655.950 INFO             PET0 PIOc_freedecomp Enter - MemInfo: [/proc/self/status]	VmRSS:	   31272 kB
20220312 061655.950 INFO             PET0 PIOc_freedecomp Enter - MemInfo: [/proc/self/status]	VmData:	   39532 kB
20220312 061655.950 INFO             PET0 PIOc_freedecomp Enter - MemInfo: [/proc/self/status]	VmStk:	     144 kB
20220312 061655.950 INFO             PET0 PIOc_freedecomp Enter - MemInfo: [/proc/self/status]	VmExe:	     224 kB
20220312 061655.950 INFO             PET0 PIOc_freedecomp Enter - MemInfo: [/proc/self/status]	VmLib:	   39752 kB
20220312 061655.950 INFO             PET0 PIOc_freedecomp Enter - MemInfo: [/proc/self/status]	VmPTE:	     248 kB
20220312 061655.950 INFO             PET0 PIOc_freedecomp Enter - MemInfo: [/proc/self/status]	VmPMD:	      12 kB
20220312 061655.950 INFO             PET0 PIOc_freedecomp Enter - MemInfo: [/proc/self/status]	VmSwap:	       0 kB
20220312 061655.950 INFO             PET0 PIOc_freedecomp Enter - MemInfo: [/proc/self/status]	VmRSSPercent: 0.0477384 %
20220312 061655.950 INFO             PET0 PIOc_freedecomp Enter - MemInfo: [malloc] Non-mmapped space allocated:                37064704 Byte
20220312 061655.950 INFO             PET0 PIOc_freedecomp Enter - MemInfo: [malloc] Space allocated in mmapped regions:                0 Byte
20220312 061655.950 INFO             PET0 PIOc_freedecomp Enter - MemInfo: [malloc] Maximum total allocated space:                     0 Byte
20220312 061655.950 INFO             PET0 PIOc_freedecomp Enter - MemInfo: [malloc] Space in freed fastbin blocks:                  1648 Byte
20220312 061655.950 INFO             PET0 PIOc_freedecomp Enter - MemInfo: [malloc] Total allocated space:                      19284928 Byte
20220312 061655.950 INFO             PET0 PIOc_freedecomp Enter - MemInfo: [malloc] Total free space:                           17779776 Byte
20220312 061655.950 INFO             PET0 PIOc_freedecomp Enter - MemInfo: [malloc] Top-most, releasable space:                   451232 Byte
20220312 061655.950 INFO             PET0 PIOc_freedecomp Enter - MemInfo: [malloc] Total space in use, mmap + non-mmap:        19284928 Byte
20220312 061655.950 INFO             PET0 PIOc_freedecomp Enter - MemInfo: [malloc] Total space held (mmap + non-mmap):         37064704 Byte
20220312 061655.950 INFO             PET0 PIOc_freedecomp Enter - MemInfo: [malloc] Total space used (mmap + non-mmap):         19294272 Byte
20220312 061655.950 INFO             PET0 PIOc_freedecomp Enter - MemInfo: Wall-clock time since execution start:               0.033796 seconds
20220312 061655.950 INFO             PET0 PIOc_freedecomp Exit - MemInfo: [/proc/meminfo - SSI]	MemTotal:       65507008 kB
20220312 061655.950 INFO             PET0 PIOc_freedecomp Exit - MemInfo: [/proc/meminfo - SSI]	MemFree:        49860872 kB
20220312 061655.950 INFO             PET0 PIOc_freedecomp Exit - MemInfo: [/proc/meminfo - SSI]	MemAvailable:   49619492 kB
20220312 061655.950 INFO             PET0 PIOc_freedecomp Exit - MemInfo: [/proc/meminfo - SSI]	Committed_AS:   13178032 kB
20220312 061655.950 INFO             PET0 PIOc_freedecomp Exit - MemInfo: [/proc/meminfo - SSI]	CommittedPercent: 20.117 %
20220312 061655.950 INFO             PET0 PIOc_freedecomp Exit - MemInfo: [/proc/self/status]	VmPeak:	  143324 kB
20220312 061655.950 INFO             PET0 PIOc_freedecomp Exit - MemInfo: [/proc/self/status]	VmSize:	  135136 kB
20220312 061655.950 INFO             PET0 PIOc_freedecomp Exit - MemInfo: [/proc/self/status]	VmLck:	       0 kB
20220312 061655.950 INFO             PET0 PIOc_freedecomp Exit - MemInfo: [/proc/self/status]	VmPin:	       0 kB
20220312 061655.950 INFO             PET0 PIOc_freedecomp Exit - MemInfo: [/proc/self/status]	VmHWM:	   31272 kB
20220312 061655.950 INFO             PET0 PIOc_freedecomp Exit - MemInfo: [/proc/self/status]	VmRSS:	   31272 kB
20220312 061655.950 INFO             PET0 PIOc_freedecomp Exit - MemInfo: [/proc/self/status]	VmData:	   39532 kB
20220312 061655.950 INFO             PET0 PIOc_freedecomp Exit - MemInfo: [/proc/self/status]	VmStk:	     144 kB
20220312 061655.950 INFO             PET0 PIOc_freedecomp Exit - MemInfo: [/proc/self/status]	VmExe:	     224 kB
20220312 061655.950 INFO             PET0 PIOc_freedecomp Exit - MemInfo: [/proc/self/status]	VmLib:	   39752 kB
20220312 061655.950 INFO             PET0 PIOc_freedecomp Exit - MemInfo: [/proc/self/status]	VmPTE:	     248 kB
20220312 061655.950 INFO             PET0 PIOc_freedecomp Exit - MemInfo: [/proc/self/status]	VmPMD:	      12 kB
20220312 061655.950 INFO             PET0 PIOc_freedecomp Exit - MemInfo: [/proc/self/status]	VmSwap:	       0 kB
20220312 061655.950 INFO             PET0 PIOc_freedecomp Exit - MemInfo: [/proc/self/status]	VmRSSPercent: 0.0477384 %
20220312 061655.950 INFO             PET0 PIOc_freedecomp Exit - MemInfo: [malloc] Non-mmapped space allocated:                37064704 Byte
20220312 061655.950 INFO             PET0 PIOc_freedecomp Exit - MemInfo: [malloc] Space allocated in mmapped regions:                0 Byte
20220312 061655.950 INFO             PET0 PIOc_freedecomp Exit - MemInfo: [malloc] Maximum total allocated space:                     0 Byte
20220312 061655.950 INFO             PET0 PIOc_freedecomp Exit - MemInfo: [malloc] Space in freed fastbin blocks:                  1856 Byte
20220312 061655.950 INFO             PET0 PIOc_freedecomp Exit - MemInfo: [malloc] Total allocated space:                      19278416 Byte
20220312 061655.950 INFO             PET0 PIOc_freedecomp Exit - MemInfo: [malloc] Total free space:                           17786288 Byte
20220312 061655.950 INFO             PET0 PIOc_freedecomp Exit - MemInfo: [malloc] Top-most, releasable space:                   451232 Byte
20220312 061655.950 INFO             PET0 PIOc_freedecomp Exit - MemInfo: [malloc] Total space in use, mmap + non-mmap:        19278416 Byte
20220312 061655.950 INFO             PET0 PIOc_freedecomp Exit - MemInfo: [malloc] Total space held (mmap + non-mmap):         37064704 Byte
20220312 061655.950 INFO             PET0 PIOc_freedecomp Exit - MemInfo: [malloc] Total space used (mmap + non-mmap):         19287760 Byte
20220312 061655.950 INFO             PET0 PIOc_freedecomp Exit - MemInfo: Wall-clock time since execution start:              0.0341115 seconds
20220312 061655.950 INFO             PET0 PIOc_freedecomp Enter - MemInfo: [/proc/meminfo - SSI]	MemTotal:       65507008 kB
20220312 061655.950 INFO             PET0 PIOc_freedecomp Enter - MemInfo: [/proc/meminfo - SSI]	MemFree:        49860872 kB
20220312 061655.950 INFO             PET0 PIOc_freedecomp Enter - MemInfo: [/proc/meminfo - SSI]	MemAvailable:   49619492 kB
20220312 061655.950 INFO             PET0 PIOc_freedecomp Enter - MemInfo: [/proc/meminfo - SSI]	Committed_AS:   13178032 kB
20220312 061655.950 INFO             PET0 PIOc_freedecomp Enter - MemInfo: [/proc/meminfo - SSI]	CommittedPercent: 20.117 %
20220312 061655.950 INFO             PET0 PIOc_freedecomp Enter - MemInfo: [/proc/self/status]	VmPeak:	  143324 kB
20220312 061655.950 INFO             PET0 PIOc_freedecomp Enter - MemInfo: [/proc/self/status]	VmSize:	  135136 kB
20220312 061655.950 INFO             PET0 PIOc_freedecomp Enter - MemInfo: [/proc/self/status]	VmLck:	       0 kB
20220312 061655.950 INFO             PET0 PIOc_freedecomp Enter - MemInfo: [/proc/self/status]	VmPin:	       0 kB
20220312 061655.950 INFO             PET0 PIOc_freedecomp Enter - MemInfo: [/proc/self/status]	VmHWM:	   31272 kB
20220312 061655.950 INFO             PET0 PIOc_freedecomp Enter - MemInfo: [/proc/self/status]	VmRSS:	   31272 kB
20220312 061655.950 INFO             PET0 PIOc_freedecomp Enter - MemInfo: [/proc/self/status]	VmData:	   39532 kB
20220312 061655.950 INFO             PET0 PIOc_freedecomp Enter - MemInfo: [/proc/self/status]	VmStk:	     144 kB
20220312 061655.950 INFO             PET0 PIOc_freedecomp Enter - MemInfo: [/proc/self/status]	VmExe:	     224 kB
20220312 061655.950 INFO             PET0 PIOc_freedecomp Enter - MemInfo: [/proc/self/status]	VmLib:	   39752 kB
20220312 061655.950 INFO             PET0 PIOc_freedecomp Enter - MemInfo: [/proc/self/status]	VmPTE:	     248 kB
20220312 061655.950 INFO             PET0 PIOc_freedecomp Enter - MemInfo: [/proc/self/status]	VmPMD:	      12 kB
20220312 061655.950 INFO             PET0 PIOc_freedecomp Enter - MemInfo: [/proc/self/status]	VmSwap:	       0 kB
20220312 061655.950 INFO             PET0 PIOc_freedecomp Enter - MemInfo: [/proc/self/status]	VmRSSPercent: 0.0477384 %
20220312 061655.950 INFO             PET0 PIOc_freedecomp Enter - MemInfo: [malloc] Non-mmapped space allocated:                37064704 Byte
20220312 061655.950 INFO             PET0 PIOc_freedecomp Enter - MemInfo: [malloc] Space allocated in mmapped regions:                0 Byte
20220312 061655.950 INFO             PET0 PIOc_freedecomp Enter - MemInfo: [malloc] Maximum total allocated space:                     0 Byte
20220312 061655.950 INFO             PET0 PIOc_freedecomp Enter - MemInfo: [malloc] Space in freed fastbin blocks:                  1664 Byte
20220312 061655.950 INFO             PET0 PIOc_freedecomp Enter - MemInfo: [malloc] Total allocated space:                      19278288 Byte
20220312 061655.950 INFO             PET0 PIOc_freedecomp Enter - MemInfo: [malloc] Total free space:                           17786416 Byte
20220312 061655.950 INFO             PET0 PIOc_freedecomp Enter - MemInfo: [malloc] Top-most, releasable space:                   451232 Byte
20220312 061655.950 INFO             PET0 PIOc_freedecomp Enter - MemInfo: [malloc] Total space in use, mmap + non-mmap:        19278288 Byte
20220312 061655.950 INFO             PET0 PIOc_freedecomp Enter - MemInfo: [malloc] Total space held (mmap + non-mmap):         37064704 Byte
20220312 061655.950 INFO             PET0 PIOc_freedecomp Enter - MemInfo: [malloc] Total space used (mmap + non-mmap):         19287632 Byte
20220312 061655.950 INFO             PET0 PIOc_freedecomp Enter - MemInfo: Wall-clock time since execution start:              0.0344251 seconds
20220312 061655.950 INFO             PET0 PIOc_freedecomp Exit - MemInfo: [/proc/meminfo - SSI]	MemTotal:       65507008 kB
20220312 061655.950 INFO             PET0 PIOc_freedecomp Exit - MemInfo: [/proc/meminfo - SSI]	MemFree:        49860872 kB
20220312 061655.950 INFO             PET0 PIOc_freedecomp Exit - MemInfo: [/proc/meminfo - SSI]	MemAvailable:   49619492 kB
20220312 061655.950 INFO             PET0 PIOc_freedecomp Exit - MemInfo: [/proc/meminfo - SSI]	Committed_AS:   13178032 kB
20220312 061655.950 INFO             PET0 PIOc_freedecomp Exit - MemInfo: [/proc/meminfo - SSI]	CommittedPercent: 20.117 %
20220312 061655.951 INFO             PET0 PIOc_freedecomp Exit - MemInfo: [/proc/self/status]	VmPeak:	  143324 kB
20220312 061655.951 INFO             PET0 PIOc_freedecomp Exit - MemInfo: [/proc/self/status]	VmSize:	  135136 kB
20220312 061655.951 INFO             PET0 PIOc_freedecomp Exit - MemInfo: [/proc/self/status]	VmLck:	       0 kB
20220312 061655.951 INFO             PET0 PIOc_freedecomp Exit - MemInfo: [/proc/self/status]	VmPin:	       0 kB
20220312 061655.951 INFO             PET0 PIOc_freedecomp Exit - MemInfo: [/proc/self/status]	VmHWM:	   31272 kB
20220312 061655.951 INFO             PET0 PIOc_freedecomp Exit - MemInfo: [/proc/self/status]	VmRSS:	   31272 kB
20220312 061655.951 INFO             PET0 PIOc_freedecomp Exit - MemInfo: [/proc/self/status]	VmData:	   39532 kB
20220312 061655.951 INFO             PET0 PIOc_freedecomp Exit - MemInfo: [/proc/self/status]	VmStk:	     144 kB
20220312 061655.951 INFO             PET0 PIOc_freedecomp Exit - MemInfo: [/proc/self/status]	VmExe:	     224 kB
20220312 061655.951 INFO             PET0 PIOc_freedecomp Exit - MemInfo: [/proc/self/status]	VmLib:	   39752 kB
20220312 061655.951 INFO             PET0 PIOc_freedecomp Exit - MemInfo: [/proc/self/status]	VmPTE:	     248 kB
20220312 061655.951 INFO             PET0 PIOc_freedecomp Exit - MemInfo: [/proc/self/status]	VmPMD:	      12 kB
20220312 061655.951 INFO             PET0 PIOc_freedecomp Exit - MemInfo: [/proc/self/status]	VmSwap:	       0 kB
20220312 061655.951 INFO             PET0 PIOc_freedecomp Exit - MemInfo: [/proc/self/status]	VmRSSPercent: 0.0477384 %
20220312 061655.951 INFO             PET0 PIOc_freedecomp Exit - MemInfo: [malloc] Non-mmapped space allocated:                37064704 Byte
20220312 061655.951 INFO             PET0 PIOc_freedecomp Exit - MemInfo: [malloc] Space allocated in mmapped regions:                0 Byte
20220312 061655.951 INFO             PET0 PIOc_freedecomp Exit - MemInfo: [malloc] Maximum total allocated space:                     0 Byte
20220312 061655.951 INFO             PET0 PIOc_freedecomp Exit - MemInfo: [malloc] Space in freed fastbin blocks:                  1872 Byte
20220312 061655.951 INFO             PET0 PIOc_freedecomp Exit - MemInfo: [malloc] Total allocated space:                      19273872 Byte
20220312 061655.951 INFO             PET0 PIOc_freedecomp Exit - MemInfo: [malloc] Total free space:                           17790832 Byte
20220312 061655.951 INFO             PET0 PIOc_freedecomp Exit - MemInfo: [malloc] Top-most, releasable space:                   451232 Byte
20220312 061655.951 INFO             PET0 PIOc_freedecomp Exit - MemInfo: [malloc] Total space in use, mmap + non-mmap:        19273872 Byte
20220312 061655.951 INFO             PET0 PIOc_freedecomp Exit - MemInfo: [malloc] Total space held (mmap + non-mmap):         37064704 Byte
20220312 061655.951 INFO             PET0 PIOc_freedecomp Exit - MemInfo: [malloc] Total space used (mmap + non-mmap):         19283216 Byte
20220312 061655.951 INFO             PET0 PIOc_freedecomp Exit - MemInfo: Wall-clock time since execution start:              0.0347412 seconds
20220312 061655.951 INFO             PET0  PASS  Writing a FieldBundle to a single file with timeslice Test, ESMF_FieldBundleIOUTest.F90, line 388
20220312 061655.951 INFO             PET0  PASS  Create attribute package on FieldBundle multi Test, ESMF_FieldBundleIOUTest.F90, line 404
20220312 061655.951 INFO             PET0  PASS  Set attribute values on FieldBundle multi Test, ESMF_FieldBundleIOUTest.F90, line 417
20220312 061655.952 INFO             PET0 PIOc_sync Enter - MemInfo: [/proc/meminfo - SSI]	MemTotal:       65507008 kB
20220312 061655.953 INFO             PET0 PIOc_sync Enter - MemInfo: [/proc/meminfo - SSI]	MemFree:        49860872 kB
20220312 061655.953 INFO             PET0 PIOc_sync Enter - MemInfo: [/proc/meminfo - SSI]	MemAvailable:   49619492 kB
20220312 061655.953 INFO             PET0 PIOc_sync Enter - MemInfo: [/proc/meminfo - SSI]	Committed_AS:   13178032 kB
20220312 061655.953 INFO             PET0 PIOc_sync Enter - MemInfo: [/proc/meminfo - SSI]	CommittedPercent: 20.117 %
20220312 061655.953 INFO             PET0 PIOc_sync Enter - MemInfo: [/proc/self/status]	VmPeak:	  143324 kB
20220312 061655.953 INFO             PET0 PIOc_sync Enter - MemInfo: [/proc/self/status]	VmSize:	  135136 kB
20220312 061655.953 INFO             PET0 PIOc_sync Enter - MemInfo: [/proc/self/status]	VmLck:	       0 kB
20220312 061655.953 INFO             PET0 PIOc_sync Enter - MemInfo: [/proc/self/status]	VmPin:	       0 kB
20220312 061655.953 INFO             PET0 PIOc_sync Enter - MemInfo: [/proc/self/status]	VmHWM:	   31276 kB
20220312 061655.953 INFO             PET0 PIOc_sync Enter - MemInfo: [/proc/self/status]	VmRSS:	   31276 kB
20220312 061655.953 INFO             PET0 PIOc_sync Enter - MemInfo: [/proc/self/status]	VmData:	   39532 kB
20220312 061655.953 INFO             PET0 PIOc_sync Enter - MemInfo: [/proc/self/status]	VmStk:	     144 kB
20220312 061655.953 INFO             PET0 PIOc_sync Enter - MemInfo: [/proc/self/status]	VmExe:	     224 kB
20220312 061655.953 INFO             PET0 PIOc_sync Enter - MemInfo: [/proc/self/status]	VmLib:	   39752 kB
20220312 061655.953 INFO             PET0 PIOc_sync Enter - MemInfo: [/proc/self/status]	VmPTE:	     248 kB
20220312 061655.953 INFO             PET0 PIOc_sync Enter - MemInfo: [/proc/self/status]	VmPMD:	      12 kB
20220312 061655.953 INFO             PET0 PIOc_sync Enter - MemInfo: [/proc/self/status]	VmSwap:	       0 kB
20220312 061655.953 INFO             PET0 PIOc_sync Enter - MemInfo: [/proc/self/status]	VmRSSPercent: 0.0477445 %
20220312 061655.953 INFO             PET0 PIOc_sync Enter - MemInfo: [malloc] Non-mmapped space allocated:                37064704 Byte
20220312 061655.953 INFO             PET0 PIOc_sync Enter - MemInfo: [malloc] Space allocated in mmapped regions:                0 Byte
20220312 061655.953 INFO             PET0 PIOc_sync Enter - MemInfo: [malloc] Maximum total allocated space:                     0 Byte
20220312 061655.953 INFO             PET0 PIOc_sync Enter - MemInfo: [malloc] Space in freed fastbin blocks:                  1024 Byte
20220312 061655.953 INFO             PET0 PIOc_sync Enter - MemInfo: [malloc] Total allocated space:                      36595200 Byte
20220312 061655.953 INFO             PET0 PIOc_sync Enter - MemInfo: [malloc] Total free space:                             469504 Byte
20220312 061655.953 INFO             PET0 PIOc_sync Enter - MemInfo: [malloc] Top-most, releasable space:                   451232 Byte
20220312 061655.953 INFO             PET0 PIOc_sync Enter - MemInfo: [malloc] Total space in use, mmap + non-mmap:        36595200 Byte
20220312 061655.953 INFO             PET0 PIOc_sync Enter - MemInfo: [malloc] Total space held (mmap + non-mmap):         37064704 Byte
20220312 061655.953 INFO             PET0 PIOc_sync Enter - MemInfo: [malloc] Total space used (mmap + non-mmap):         36604528 Byte
20220312 061655.953 INFO             PET0 PIOc_sync Enter - MemInfo: Wall-clock time since execution start:               0.036829 seconds
20220312 061655.953 INFO             PET0 PIOc_sync Exit - MemInfo: [/proc/meminfo - SSI]	MemTotal:       65507008 kB
20220312 061655.953 INFO             PET0 PIOc_sync Exit - MemInfo: [/proc/meminfo - SSI]	MemFree:        49860872 kB
20220312 061655.953 INFO             PET0 PIOc_sync Exit - MemInfo: [/proc/meminfo - SSI]	MemAvailable:   49619492 kB
20220312 061655.953 INFO             PET0 PIOc_sync Exit - MemInfo: [/proc/meminfo - SSI]	Committed_AS:   13178032 kB
20220312 061655.953 INFO             PET0 PIOc_sync Exit - MemInfo: [/proc/meminfo - SSI]	CommittedPercent: 20.117 %
20220312 061655.953 INFO             PET0 PIOc_sync Exit - MemInfo: [/proc/self/status]	VmPeak:	  143324 kB
20220312 061655.953 INFO             PET0 PIOc_sync Exit - MemInfo: [/proc/self/status]	VmSize:	  135136 kB
20220312 061655.953 INFO             PET0 PIOc_sync Exit - MemInfo: [/proc/self/status]	VmLck:	       0 kB
20220312 061655.953 INFO             PET0 PIOc_sync Exit - MemInfo: [/proc/self/status]	VmPin:	       0 kB
20220312 061655.953 INFO             PET0 PIOc_sync Exit - MemInfo: [/proc/self/status]	VmHWM:	   31276 kB
20220312 061655.953 INFO             PET0 PIOc_sync Exit - MemInfo: [/proc/self/status]	VmRSS:	   31276 kB
20220312 061655.953 INFO             PET0 PIOc_sync Exit - MemInfo: [/proc/self/status]	VmData:	   39532 kB
20220312 061655.953 INFO             PET0 PIOc_sync Exit - MemInfo: [/proc/self/status]	VmStk:	     144 kB
20220312 061655.953 INFO             PET0 PIOc_sync Exit - MemInfo: [/proc/self/status]	VmExe:	     224 kB
