build time -- 2022-03-13 06:04:17.956249
20220313 061449.611 INFO             PET0 !!!!!!!!!!!!!!!!!!!!!!!!!!!!!!!!!!!!!!!!!!!!!!!!!!!!!!
20220313 061449.612 INFO             PET0 !!! THE ESMF_LOG IS SET TO OUTPUT ALL LOG MESSAGES !!!
20220313 061449.612 INFO             PET0 !!!     THIS MAY CAUSE SLOWDOWN IN PERFORMANCE     !!!
20220313 061449.612 INFO             PET0 !!! FOR PRODUCTION RUNS, USE:                      !!!
20220313 061449.612 INFO             PET0 !!!                   ESMF_LOGKIND_Multi_On_Error  !!!
20220313 061449.612 INFO             PET0 !!!!!!!!!!!!!!!!!!!!!!!!!!!!!!!!!!!!!!!!!!!!!!!!!!!!!!
20220313 061449.612 INFO             PET0 Running with ESMF Version   : v8.3.0b09-96-g559b459836
20220313 061449.612 INFO             PET0 ESMF library build date/time: "Mar 13 2022" "06:02:26"
20220313 061449.612 INFO             PET0 ESMF library build location : /glade/scratch/rlong/esmf-testing/gfortran_10.1.0_mpt_O_jedwards_pio_update2
20220313 061449.612 INFO             PET0 ESMF_COMM                   : mpt
20220313 061449.612 INFO             PET0 ESMF_MOAB                   : enabled
20220313 061449.612 INFO             PET0 ESMF_LAPACK                 : enabled
20220313 061449.612 INFO             PET0 ESMF_NETCDF                 : enabled
20220313 061449.612 INFO             PET0 ESMF_PNETCDF                : disabled
20220313 061449.612 INFO             PET0 ESMF_PIO                    : enabled
20220313 061449.612 INFO             PET0 ESMF_YAMLCPP                : enabled
20220313 061449.612 INFO             PET0  Beginning Test, file ESMF_RouteHandleAdvancedUTest.F90, line 346
20220313 061449.612 INFO             PET0  NUMBER_OF_PROCESSORS           4
20220313 061449.617 INFO             PET0 ESMF_FieldRedistStoreNF(): Just entered routine.
20220313 061449.727 INFO             PET0 ESMF_FieldRedistStoreNF(): Leaving routine.
20220313 061449.727 INFO             PET0  PASS  Create RouteHandle for the original petList, ESMF_RouteHandleAdvancedUTest.F90, line 511
20220313 061449.727 INFO             PET0  PASS  Test RouteHandleIsCreated(), ESMF_RouteHandleAdvancedUTest.F90, line 519
20220313 061449.727 INFO             PET0  PASS  Test RouteHandleIsCreated() return value, ESMF_RouteHandleAdvancedUTest.F90, line 526
20220313 061449.727 INFO             PET0  PASS  Test RouteHandleGet(), ESMF_RouteHandleAdvancedUTest.F90, line 534
20220313 061449.732 INFO             PET0  PASS  Test RouteHandleWrite(), ESMF_RouteHandleAdvancedUTest.F90, line 542
20220313 061449.732 INFO             PET0  PASS  Test RouteHandleDestroy(), ESMF_RouteHandleAdvancedUTest.F90, line 550
20220313 061449.734 INFO             PET0  PASS  Test RouteHandleCreate(from file), ESMF_RouteHandleAdvancedUTest.F90, line 558
20220313 061449.735 INFO             PET0  PASS  Apply the read in Routehandle, ESMF_RouteHandleAdvancedUTest.F90, line 567
20220313 061449.735 INFO             PET0  PASS  Test RouteHandleDestroy() for the read in Routehandle, ESMF_RouteHandleAdvancedUTest.F90, line 575
20220313 061449.735 INFO             PET0 ESMF_FieldRedistStoreNF(): Just entered routine.
20220313 061449.838 INFO             PET0 ESMF_FieldRedistStoreNF(): Leaving routine.
20220313 061449.838 INFO             PET0  PASS  Create RouteHandle for the original petList, ESMF_RouteHandleAdvancedUTest.F90, line 585
20220313 061449.838 INFO             PET0  PASS  Transfer RouteHandle to a different petList, ESMF_RouteHandleAdvancedUTest.F90, line 602
20220313 061449.851 INFO             PET0 PIOc_sync Enter - MemInfo: [/proc/meminfo - SSI]	MemTotal:       65507008 kB
20220313 061449.851 INFO             PET0 PIOc_sync Enter - MemInfo: [/proc/meminfo - SSI]	MemFree:        49823324 kB
20220313 061449.851 INFO             PET0 PIOc_sync Enter - MemInfo: [/proc/meminfo - SSI]	MemAvailable:   49573824 kB
20220313 061449.851 INFO             PET0 PIOc_sync Enter - MemInfo: [/proc/meminfo - SSI]	Committed_AS:   13254484 kB
20220313 061449.851 INFO             PET0 PIOc_sync Enter - MemInfo: [/proc/meminfo - SSI]	CommittedPercent: 20.2337 %
20220313 061449.853 INFO             PET0 PIOc_sync Enter - MemInfo: [/proc/self/status]	VmPeak:	  140792 kB
20220313 061449.853 INFO             PET0 PIOc_sync Enter - MemInfo: [/proc/self/status]	VmSize:	  140792 kB
20220313 061449.853 INFO             PET0 PIOc_sync Enter - MemInfo: [/proc/self/status]	VmLck:	       0 kB
20220313 061449.853 INFO             PET0 PIOc_sync Enter - MemInfo: [/proc/self/status]	VmPin:	       0 kB
20220313 061449.853 INFO             PET0 PIOc_sync Enter - MemInfo: [/proc/self/status]	VmHWM:	   37696 kB
20220313 061449.853 INFO             PET0 PIOc_sync Enter - MemInfo: [/proc/self/status]	VmRSS:	   37696 kB
20220313 061449.853 INFO             PET0 PIOc_sync Enter - MemInfo: [/proc/self/status]	VmData:	   45200 kB
20220313 061449.853 INFO             PET0 PIOc_sync Enter - MemInfo: [/proc/self/status]	VmStk:	     144 kB
20220313 061449.853 INFO             PET0 PIOc_sync Enter - MemInfo: [/proc/self/status]	VmExe:	     212 kB
20220313 061449.853 INFO             PET0 PIOc_sync Enter - MemInfo: [/proc/self/status]	VmLib:	   39752 kB
20220313 061449.853 INFO             PET0 PIOc_sync Enter - MemInfo: [/proc/self/status]	VmPTE:	     252 kB
20220313 061449.853 INFO             PET0 PIOc_sync Enter - MemInfo: [/proc/self/status]	VmPMD:	      12 kB
20220313 061449.853 INFO             PET0 PIOc_sync Enter - MemInfo: [/proc/self/status]	VmSwap:	       0 kB
20220313 061449.853 INFO             PET0 PIOc_sync Enter - MemInfo: [/proc/self/status]	VmRSSPercent: 0.057545 %
20220313 061449.853 INFO             PET0 PIOc_sync Enter - MemInfo: [malloc] Non-mmapped space allocated:                42868736 Byte
20220313 061449.853 INFO             PET0 PIOc_sync Enter - MemInfo: [malloc] Space allocated in mmapped regions:                0 Byte
20220313 061449.853 INFO             PET0 PIOc_sync Enter - MemInfo: [malloc] Maximum total allocated space:                     0 Byte
20220313 061449.853 INFO             PET0 PIOc_sync Enter - MemInfo: [malloc] Space in freed fastbin blocks:                   880 Byte
20220313 061449.853 INFO             PET0 PIOc_sync Enter - MemInfo: [malloc] Total allocated space:                      37361120 Byte
20220313 061449.853 INFO             PET0 PIOc_sync Enter - MemInfo: [malloc] Total free space:                            5507616 Byte
20220313 061449.853 INFO             PET0 PIOc_sync Enter - MemInfo: [malloc] Top-most, releasable space:                   248768 Byte
20220313 061449.853 INFO             PET0 PIOc_sync Enter - MemInfo: [malloc] Total space in use, mmap + non-mmap:        37361120 Byte
20220313 061449.853 INFO             PET0 PIOc_sync Enter - MemInfo: [malloc] Total space held (mmap + non-mmap):         42868736 Byte
20220313 061449.853 INFO             PET0 PIOc_sync Enter - MemInfo: [malloc] Total space used (mmap + non-mmap):         37370448 Byte
20220313 061449.853 INFO             PET0 PIOc_sync Enter - MemInfo: Wall-clock time since execution start:               0.242584 seconds
20220313 061449.854 INFO             PET0 PIOc_sync Exit - MemInfo: [/proc/meminfo - SSI]	MemTotal:       65507008 kB
20220313 061449.854 INFO             PET0 PIOc_sync Exit - MemInfo: [/proc/meminfo - SSI]	MemFree:        49823324 kB
20220313 061449.854 INFO             PET0 PIOc_sync Exit - MemInfo: [/proc/meminfo - SSI]	MemAvailable:   49574076 kB
20220313 061449.854 INFO             PET0 PIOc_sync Exit - MemInfo: [/proc/meminfo - SSI]	Committed_AS:   13254484 kB
20220313 061449.854 INFO             PET0 PIOc_sync Exit - MemInfo: [/proc/meminfo - SSI]	CommittedPercent: 20.2337 %
20220313 061449.854 INFO             PET0 PIOc_sync Exit - MemInfo: [/proc/self/status]	VmPeak:	  140792 kB
20220313 061449.854 INFO             PET0 PIOc_sync Exit - MemInfo: [/proc/self/status]	VmSize:	  140792 kB
20220313 061449.854 INFO             PET0 PIOc_sync Exit - MemInfo: [/proc/self/status]	VmLck:	       0 kB
20220313 061449.854 INFO             PET0 PIOc_sync Exit - MemInfo: [/proc/self/status]	VmPin:	       0 kB
20220313 061449.854 INFO             PET0 PIOc_sync Exit - MemInfo: [/proc/self/status]	VmHWM:	   37800 kB
20220313 061449.854 INFO             PET0 PIOc_sync Exit - MemInfo: [/proc/self/status]	VmRSS:	   37800 kB
20220313 061449.854 INFO             PET0 PIOc_sync Exit - MemInfo: [/proc/self/status]	VmData:	   45200 kB
20220313 061449.854 INFO             PET0 PIOc_sync Exit - MemInfo: [/proc/self/status]	VmStk:	     144 kB
20220313 061449.854 INFO             PET0 PIOc_sync Exit - MemInfo: [/proc/self/status]	VmExe:	     212 kB
20220313 061449.854 INFO             PET0 PIOc_sync Exit - MemInfo: [/proc/self/status]	VmLib:	   39752 kB
20220313 061449.854 INFO             PET0 PIOc_sync Exit - MemInfo: [/proc/self/status]	VmPTE:	     252 kB
20220313 061449.854 INFO             PET0 PIOc_sync Exit - MemInfo: [/proc/self/status]	VmPMD:	      12 kB
20220313 061449.854 INFO             PET0 PIOc_sync Exit - MemInfo: [/proc/self/status]	VmSwap:	       0 kB
20220313 061449.854 INFO             PET0 PIOc_sync Exit - MemInfo: [/proc/self/status]	VmRSSPercent: 0.0577037 %
20220313 061449.854 INFO             PET0 PIOc_sync Exit - MemInfo: [malloc] Non-mmapped space allocated:                42868736 Byte
20220313 061449.854 INFO             PET0 PIOc_sync Exit - MemInfo: [malloc] Space allocated in mmapped regions:                0 Byte
20220313 061449.854 INFO             PET0 PIOc_sync Exit - MemInfo: [malloc] Maximum total allocated space:                     0 Byte
20220313 061449.854 INFO             PET0 PIOc_sync Exit - MemInfo: [malloc] Space in freed fastbin blocks:                  1456 Byte
20220313 061449.854 INFO             PET0 PIOc_sync Exit - MemInfo: [malloc] Total allocated space:                      37360752 Byte
20220313 061449.854 INFO             PET0 PIOc_sync Exit - MemInfo: [malloc] Total free space:                            5507984 Byte
20220313 061449.854 INFO             PET0 PIOc_sync Exit - MemInfo: [malloc] Top-most, releasable space:                   248768 Byte
20220313 061449.854 INFO             PET0 PIOc_sync Exit - MemInfo: [malloc] Total space in use, mmap + non-mmap:        37360752 Byte
20220313 061449.854 INFO             PET0 PIOc_sync Exit - MemInfo: [malloc] Total space held (mmap + non-mmap):         42868736 Byte
20220313 061449.854 INFO             PET0 PIOc_sync Exit - MemInfo: [malloc] Total space used (mmap + non-mmap):         37370080 Byte
20220313 061449.854 INFO             PET0 PIOc_sync Exit - MemInfo: Wall-clock time since execution start:               0.243489 seconds
20220313 061449.854 INFO             PET0 PIOc_freedecomp Enter - MemInfo: [/proc/meminfo - SSI]	MemTotal:       65507008 kB
20220313 061449.854 INFO             PET0 PIOc_freedecomp Enter - MemInfo: [/proc/meminfo - SSI]	MemFree:        49823324 kB
20220313 061449.854 INFO             PET0 PIOc_freedecomp Enter - MemInfo: [/proc/meminfo - SSI]	MemAvailable:   49574076 kB
20220313 061449.854 INFO             PET0 PIOc_freedecomp Enter - MemInfo: [/proc/meminfo - SSI]	Committed_AS:   13254484 kB
20220313 061449.854 INFO             PET0 PIOc_freedecomp Enter - MemInfo: [/proc/meminfo - SSI]	CommittedPercent: 20.2337 %
20220313 061449.854 INFO             PET0 PIOc_freedecomp Enter - MemInfo: [/proc/self/status]	VmPeak:	  140792 kB
20220313 061449.854 INFO             PET0 PIOc_freedecomp Enter - MemInfo: [/proc/self/status]	VmSize:	  140792 kB
20220313 061449.854 INFO             PET0 PIOc_freedecomp Enter - MemInfo: [/proc/self/status]	VmLck:	       0 kB
20220313 061449.854 INFO             PET0 PIOc_freedecomp Enter - MemInfo: [/proc/self/status]	VmPin:	       0 kB
20220313 061449.854 INFO             PET0 PIOc_freedecomp Enter - MemInfo: [/proc/self/status]	VmHWM:	   37800 kB
20220313 061449.854 INFO             PET0 PIOc_freedecomp Enter - MemInfo: [/proc/self/status]	VmRSS:	   37800 kB
20220313 061449.854 INFO             PET0 PIOc_freedecomp Enter - MemInfo: [/proc/self/status]	VmData:	   45200 kB
20220313 061449.854 INFO             PET0 PIOc_freedecomp Enter - MemInfo: [/proc/self/status]	VmStk:	     144 kB
20220313 061449.854 INFO             PET0 PIOc_freedecomp Enter - MemInfo: [/proc/self/status]	VmExe:	     212 kB
20220313 061449.854 INFO             PET0 PIOc_freedecomp Enter - MemInfo: [/proc/self/status]	VmLib:	   39752 kB
20220313 061449.854 INFO             PET0 PIOc_freedecomp Enter - MemInfo: [/proc/self/status]	VmPTE:	     252 kB
20220313 061449.854 INFO             PET0 PIOc_freedecomp Enter - MemInfo: [/proc/self/status]	VmPMD:	      12 kB
20220313 061449.854 INFO             PET0 PIOc_freedecomp Enter - MemInfo: [/proc/self/status]	VmSwap:	       0 kB
20220313 061449.854 INFO             PET0 PIOc_freedecomp Enter - MemInfo: [/proc/self/status]	VmRSSPercent: 0.0577037 %
20220313 061449.854 INFO             PET0 PIOc_freedecomp Enter - MemInfo: [malloc] Non-mmapped space allocated:                42868736 Byte
20220313 061449.854 INFO             PET0 PIOc_freedecomp Enter - MemInfo: [malloc] Space allocated in mmapped regions:                0 Byte
20220313 061449.854 INFO             PET0 PIOc_freedecomp Enter - MemInfo: [malloc] Maximum total allocated space:                     0 Byte
20220313 061449.854 INFO             PET0 PIOc_freedecomp Enter - MemInfo: [malloc] Space in freed fastbin blocks:                  1136 Byte
20220313 061449.854 INFO             PET0 PIOc_freedecomp Enter - MemInfo: [malloc] Total allocated space:                      20045920 Byte
20220313 061449.854 INFO             PET0 PIOc_freedecomp Enter - MemInfo: [malloc] Total free space:                           22822816 Byte
20220313 061449.854 INFO             PET0 PIOc_freedecomp Enter - MemInfo: [malloc] Top-most, releasable space:                 17026000 Byte
20220313 061449.855 INFO             PET0 PIOc_freedecomp Enter - MemInfo: [malloc] Total space in use, mmap + non-mmap:        20045920 Byte
20220313 061449.855 INFO             PET0 PIOc_freedecomp Enter - MemInfo: [malloc] Total space held (mmap + non-mmap):         42868736 Byte
20220313 061449.855 INFO             PET0 PIOc_freedecomp Enter - MemInfo: [malloc] Total space used (mmap + non-mmap):         20055248 Byte
20220313 061449.855 INFO             PET0 PIOc_freedecomp Enter - MemInfo: Wall-clock time since execution start:               0.243868 seconds
20220313 061449.855 INFO             PET0 PIOc_freedecomp Exit - MemInfo: [/proc/meminfo - SSI]	MemTotal:       65507008 kB
20220313 061449.855 INFO             PET0 PIOc_freedecomp Exit - MemInfo: [/proc/meminfo - SSI]	MemFree:        49823324 kB
20220313 061449.855 INFO             PET0 PIOc_freedecomp Exit - MemInfo: [/proc/meminfo - SSI]	MemAvailable:   49574076 kB
20220313 061449.855 INFO             PET0 PIOc_freedecomp Exit - MemInfo: [/proc/meminfo - SSI]	Committed_AS:   13254484 kB
20220313 061449.855 INFO             PET0 PIOc_freedecomp Exit - MemInfo: [/proc/meminfo - SSI]	CommittedPercent: 20.2337 %
20220313 061449.855 INFO             PET0 PIOc_freedecomp Exit - MemInfo: [/proc/self/status]	VmPeak:	  140792 kB
20220313 061449.855 INFO             PET0 PIOc_freedecomp Exit - MemInfo: [/proc/self/status]	VmSize:	  140792 kB
20220313 061449.855 INFO             PET0 PIOc_freedecomp Exit - MemInfo: [/proc/self/status]	VmLck:	       0 kB
20220313 061449.855 INFO             PET0 PIOc_freedecomp Exit - MemInfo: [/proc/self/status]	VmPin:	       0 kB
20220313 061449.855 INFO             PET0 PIOc_freedecomp Exit - MemInfo: [/proc/self/status]	VmHWM:	   37800 kB
20220313 061449.855 INFO             PET0 PIOc_freedecomp Exit - MemInfo: [/proc/self/status]	VmRSS:	   37800 kB
20220313 061449.855 INFO             PET0 PIOc_freedecomp Exit - MemInfo: [/proc/self/status]	VmData:	   45200 kB
20220313 061449.855 INFO             PET0 PIOc_freedecomp Exit - MemInfo: [/proc/self/status]	VmStk:	     144 kB
20220313 061449.855 INFO             PET0 PIOc_freedecomp Exit - MemInfo: [/proc/self/status]	VmExe:	     212 kB
20220313 061449.855 INFO             PET0 PIOc_freedecomp Exit - MemInfo: [/proc/self/status]	VmLib:	   39752 kB
20220313 061449.855 INFO             PET0 PIOc_freedecomp Exit - MemInfo: [/proc/self/status]	VmPTE:	     252 kB
20220313 061449.855 INFO             PET0 PIOc_freedecomp Exit - MemInfo: [/proc/self/status]	VmPMD:	      12 kB
20220313 061449.855 INFO             PET0 PIOc_freedecomp Exit - MemInfo: [/proc/self/status]	VmSwap:	       0 kB
20220313 061449.855 INFO             PET0 PIOc_freedecomp Exit - MemInfo: [/proc/self/status]	VmRSSPercent: 0.0577037 %
20220313 061449.855 INFO             PET0 PIOc_freedecomp Exit - MemInfo: [malloc] Non-mmapped space allocated:                42868736 Byte
20220313 061449.855 INFO             PET0 PIOc_freedecomp Exit - MemInfo: [malloc] Space allocated in mmapped regions:                0 Byte
20220313 061449.855 INFO             PET0 PIOc_freedecomp Exit - MemInfo: [malloc] Maximum total allocated space:                     0 Byte
20220313 061449.855 INFO             PET0 PIOc_freedecomp Exit - MemInfo: [malloc] Space in freed fastbin blocks:                  2000 Byte
20220313 061449.855 INFO             PET0 PIOc_freedecomp Exit - MemInfo: [malloc] Total allocated space:                      20044096 Byte
20220313 061449.855 INFO             PET0 PIOc_freedecomp Exit - MemInfo: [malloc] Total free space:                           22824640 Byte
20220313 061449.855 INFO             PET0 PIOc_freedecomp Exit - MemInfo: [malloc] Top-most, releasable space:                 17026000 Byte
20220313 061449.855 INFO             PET0 PIOc_freedecomp Exit - MemInfo: [malloc] Total space in use, mmap + non-mmap:        20044096 Byte
20220313 061449.855 INFO             PET0 PIOc_freedecomp Exit - MemInfo: [malloc] Total space held (mmap + non-mmap):         42868736 Byte
20220313 061449.855 INFO             PET0 PIOc_freedecomp Exit - MemInfo: [malloc] Total space used (mmap + non-mmap):         20053424 Byte
20220313 061449.855 INFO             PET0 PIOc_freedecomp Exit - MemInfo: Wall-clock time since execution start:               0.244198 seconds
20220313 061449.856 INFO             PET0 PIOc_sync Enter - MemInfo: [/proc/meminfo - SSI]	MemTotal:       65507008 kB
20220313 061449.856 INFO             PET0 PIOc_sync Enter - MemInfo: [/proc/meminfo - SSI]	MemFree:        49823324 kB
20220313 061449.856 INFO             PET0 PIOc_sync Enter - MemInfo: [/proc/meminfo - SSI]	MemAvailable:   49574076 kB
20220313 061449.856 INFO             PET0 PIOc_sync Enter - MemInfo: [/proc/meminfo - SSI]	Committed_AS:   13254484 kB
20220313 061449.856 INFO             PET0 PIOc_sync Enter - MemInfo: [/proc/meminfo - SSI]	CommittedPercent: 20.2337 %
20220313 061449.856 INFO             PET0 PIOc_sync Enter - MemInfo: [/proc/self/status]	VmPeak:	  148980 kB
20220313 061449.856 INFO             PET0 PIOc_sync Enter - MemInfo: [/proc/self/status]	VmSize:	  140792 kB
20220313 061449.856 INFO             PET0 PIOc_sync Enter - MemInfo: [/proc/self/status]	VmLck:	       0 kB
20220313 061449.856 INFO             PET0 PIOc_sync Enter - MemInfo: [/proc/self/status]	VmPin:	       0 kB
20220313 061449.856 INFO             PET0 PIOc_sync Enter - MemInfo: [/proc/self/status]	VmHWM:	   37800 kB
20220313 061449.856 INFO             PET0 PIOc_sync Enter - MemInfo: [/proc/self/status]	VmRSS:	   37800 kB
20220313 061449.856 INFO             PET0 PIOc_sync Enter - MemInfo: [/proc/self/status]	VmData:	   45200 kB
20220313 061449.856 INFO             PET0 PIOc_sync Enter - MemInfo: [/proc/self/status]	VmStk:	     144 kB
20220313 061449.856 INFO             PET0 PIOc_sync Enter - MemInfo: [/proc/self/status]	VmExe:	     212 kB
20220313 061449.856 INFO             PET0 PIOc_sync Enter - MemInfo: [/proc/self/status]	VmLib:	   39752 kB
20220313 061449.856 INFO             PET0 PIOc_sync Enter - MemInfo: [/proc/self/status]	VmPTE:	     252 kB
20220313 061449.856 INFO             PET0 PIOc_sync Enter - MemInfo: [/proc/self/status]	VmPMD:	      12 kB
20220313 061449.856 INFO             PET0 PIOc_sync Enter - MemInfo: [/proc/self/status]	VmSwap:	       0 kB
20220313 061449.856 INFO             PET0 PIOc_sync Enter - MemInfo: [/proc/self/status]	VmRSSPercent: 0.0577037 %
20220313 061449.856 INFO             PET0 PIOc_sync Enter - MemInfo: [malloc] Non-mmapped space allocated:                42868736 Byte
20220313 061449.856 INFO             PET0 PIOc_sync Enter - MemInfo: [malloc] Space allocated in mmapped regions:                0 Byte
20220313 061449.856 INFO             PET0 PIOc_sync Enter - MemInfo: [malloc] Maximum total allocated space:                     0 Byte
20220313 061449.856 INFO             PET0 PIOc_sync Enter - MemInfo: [malloc] Space in freed fastbin blocks:                  1440 Byte
20220313 061449.856 INFO             PET0 PIOc_sync Enter - MemInfo: [malloc] Total allocated space:                      37361856 Byte
20220313 061449.856 INFO             PET0 PIOc_sync Enter - MemInfo: [malloc] Total free space:                            5506880 Byte
20220313 061449.856 INFO             PET0 PIOc_sync Enter - MemInfo: [malloc] Top-most, releasable space:                   248768 Byte
20220313 061449.856 INFO             PET0 PIOc_sync Enter - MemInfo: [malloc] Total space in use, mmap + non-mmap:        37361856 Byte
20220313 061449.856 INFO             PET0 PIOc_sync Enter - MemInfo: [malloc] Total space held (mmap + non-mmap):         42868736 Byte
20220313 061449.856 INFO             PET0 PIOc_sync Enter - MemInfo: [malloc] Total space used (mmap + non-mmap):         37371184 Byte
20220313 061449.856 INFO             PET0 PIOc_sync Enter - MemInfo: Wall-clock time since execution start:               0.245399 seconds
20220313 061449.856 INFO             PET0 PIOc_sync Exit - MemInfo: [/proc/meminfo - SSI]	MemTotal:       65507008 kB
20220313 061449.856 INFO             PET0 PIOc_sync Exit - MemInfo: [/proc/meminfo - SSI]	MemFree:        49823324 kB
20220313 061449.856 INFO             PET0 PIOc_sync Exit - MemInfo: [/proc/meminfo - SSI]	MemAvailable:   49574076 kB
20220313 061449.856 INFO             PET0 PIOc_sync Exit - MemInfo: [/proc/meminfo - SSI]	Committed_AS:   13254484 kB
20220313 061449.856 INFO             PET0 PIOc_sync Exit - MemInfo: [/proc/meminfo - SSI]	CommittedPercent: 20.2337 %
20220313 061449.856 INFO             PET0 PIOc_sync Exit - MemInfo: [/proc/self/status]	VmPeak:	  148980 kB
20220313 061449.856 INFO             PET0 PIOc_sync Exit - MemInfo: [/proc/self/status]	VmSize:	  140792 kB
20220313 061449.856 INFO             PET0 PIOc_sync Exit - MemInfo: [/proc/self/status]	VmLck:	       0 kB
20220313 061449.856 INFO             PET0 PIOc_sync Exit - MemInfo: [/proc/self/status]	VmPin:	       0 kB
20220313 061449.856 INFO             PET0 PIOc_sync Exit - MemInfo: [/proc/self/status]	VmHWM:	   37800 kB
20220313 061449.856 INFO             PET0 PIOc_sync Exit - MemInfo: [/proc/self/status]	VmRSS:	   37800 kB
20220313 061449.856 INFO             PET0 PIOc_sync Exit - MemInfo: [/proc/self/status]	VmData:	   45200 kB
20220313 061449.856 INFO             PET0 PIOc_sync Exit - MemInfo: [/proc/self/status]	VmStk:	     144 kB
20220313 061449.856 INFO             PET0 PIOc_sync Exit - MemInfo: [/proc/self/status]	VmExe:	     212 kB
20220313 061449.856 INFO             PET0 PIOc_sync Exit - MemInfo: [/proc/self/status]	VmLib:	   39752 kB
20220313 061449.856 INFO             PET0 PIOc_sync Exit - MemInfo: [/proc/self/status]	VmPTE:	     252 kB
20220313 061449.856 INFO             PET0 PIOc_sync Exit - MemInfo: [/proc/self/status]	VmPMD:	      12 kB
20220313 061449.856 INFO             PET0 PIOc_sync Exit - MemInfo: [/proc/self/status]	VmSwap:	       0 kB
20220313 061449.856 INFO             PET0 PIOc_sync Exit - MemInfo: [/proc/self/status]	VmRSSPercent: 0.0577037 %
20220313 061449.856 INFO             PET0 PIOc_sync Exit - MemInfo: [malloc] Non-mmapped space allocated:                42868736 Byte
20220313 061449.856 INFO             PET0 PIOc_sync Exit - MemInfo: [malloc] Space allocated in mmapped regions:                0 Byte
20220313 061449.856 INFO             PET0 PIOc_sync Exit - MemInfo: [malloc] Maximum total allocated space:                     0 Byte
20220313 061449.856 INFO             PET0 PIOc_sync Exit - MemInfo: [malloc] Space in freed fastbin blocks:                  1600 Byte
20220313 061449.856 INFO             PET0 PIOc_sync Exit - MemInfo: [malloc] Total allocated space:                      37361488 Byte
20220313 061449.856 INFO             PET0 PIOc_sync Exit - MemInfo: [malloc] Total free space:                            5507248 Byte
20220313 061449.856 INFO             PET0 PIOc_sync Exit - MemInfo: [malloc] Top-most, releasable space:                   248768 Byte
20220313 061449.856 INFO             PET0 PIOc_sync Exit - MemInfo: [malloc] Total space in use, mmap + non-mmap:        37361488 Byte
20220313 061449.856 INFO             PET0 PIOc_sync Exit - MemInfo: [malloc] Total space held (mmap + non-mmap):         42868736 Byte
20220313 061449.856 INFO             PET0 PIOc_sync Exit - MemInfo: [malloc] Total space used (mmap + non-mmap):         37370816 Byte
20220313 061449.856 INFO             PET0 PIOc_sync Exit - MemInfo: Wall-clock time since execution start:               0.245778 seconds
20220313 061449.857 INFO             PET0 PIOc_freedecomp Enter - MemInfo: [/proc/meminfo - SSI]	MemTotal:       65507008 kB
20220313 061449.857 INFO             PET0 PIOc_freedecomp Enter - MemInfo: [/proc/meminfo - SSI]	MemFree:        49823324 kB
20220313 061449.857 INFO             PET0 PIOc_freedecomp Enter - MemInfo: [/proc/meminfo - SSI]	MemAvailable:   49574076 kB
20220313 061449.857 INFO             PET0 PIOc_freedecomp Enter - MemInfo: [/proc/meminfo - SSI]	Committed_AS:   13254484 kB
20220313 061449.857 INFO             PET0 PIOc_freedecomp Enter - MemInfo: [/proc/meminfo - SSI]	CommittedPercent: 20.2337 %
20220313 061449.857 INFO             PET0 PIOc_freedecomp Enter - MemInfo: [/proc/self/status]	VmPeak:	  148980 kB
20220313 061449.857 INFO             PET0 PIOc_freedecomp Enter - MemInfo: [/proc/self/status]	VmSize:	  140792 kB
20220313 061449.857 INFO             PET0 PIOc_freedecomp Enter - MemInfo: [/proc/self/status]	VmLck:	       0 kB
20220313 061449.857 INFO             PET0 PIOc_freedecomp Enter - MemInfo: [/proc/self/status]	VmPin:	       0 kB
20220313 061449.857 INFO             PET0 PIOc_freedecomp Enter - MemInfo: [/proc/self/status]	VmHWM:	   37800 kB
20220313 061449.857 INFO             PET0 PIOc_freedecomp Enter - MemInfo: [/proc/self/status]	VmRSS:	   37800 kB
20220313 061449.857 INFO             PET0 PIOc_freedecomp Enter - MemInfo: [/proc/self/status]	VmData:	   45200 kB
20220313 061449.857 INFO             PET0 PIOc_freedecomp Enter - MemInfo: [/proc/self/status]	VmStk:	     144 kB
20220313 061449.857 INFO             PET0 PIOc_freedecomp Enter - MemInfo: [/proc/self/status]	VmExe:	     212 kB
20220313 061449.857 INFO             PET0 PIOc_freedecomp Enter - MemInfo: [/proc/self/status]	VmLib:	   39752 kB
20220313 061449.857 INFO             PET0 PIOc_freedecomp Enter - MemInfo: [/proc/self/status]	VmPTE:	     252 kB
20220313 061449.857 INFO             PET0 PIOc_freedecomp Enter - MemInfo: [/proc/self/status]	VmPMD:	      12 kB
20220313 061449.857 INFO             PET0 PIOc_freedecomp Enter - MemInfo: [/proc/self/status]	VmSwap:	       0 kB
20220313 061449.857 INFO             PET0 PIOc_freedecomp Enter - MemInfo: [/proc/self/status]	VmRSSPercent: 0.0577037 %
20220313 061449.857 INFO             PET0 PIOc_freedecomp Enter - MemInfo: [malloc] Non-mmapped space allocated:                42868736 Byte
20220313 061449.857 INFO             PET0 PIOc_freedecomp Enter - MemInfo: [malloc] Space allocated in mmapped regions:                0 Byte
20220313 061449.857 INFO             PET0 PIOc_freedecomp Enter - MemInfo: [malloc] Maximum total allocated space:                     0 Byte
20220313 061449.857 INFO             PET0 PIOc_freedecomp Enter - MemInfo: [malloc] Space in freed fastbin blocks:                  1232 Byte
20220313 061449.857 INFO             PET0 PIOc_freedecomp Enter - MemInfo: [malloc] Total allocated space:                      20045920 Byte
20220313 061449.857 INFO             PET0 PIOc_freedecomp Enter - MemInfo: [malloc] Total free space:                           22822816 Byte
20220313 061449.857 INFO             PET0 PIOc_freedecomp Enter - MemInfo: [malloc] Top-most, releasable space:                 17026000 Byte
20220313 061449.857 INFO             PET0 PIOc_freedecomp Enter - MemInfo: [malloc] Total space in use, mmap + non-mmap:        20045920 Byte
20220313 061449.857 INFO             PET0 PIOc_freedecomp Enter - MemInfo: [malloc] Total space held (mmap + non-mmap):         42868736 Byte
20220313 061449.857 INFO             PET0 PIOc_freedecomp Enter - MemInfo: [malloc] Total space used (mmap + non-mmap):         20055248 Byte
20220313 061449.857 INFO             PET0 PIOc_freedecomp Enter - MemInfo: Wall-clock time since execution start:                0.24613 seconds
20220313 061449.857 INFO             PET0 PIOc_freedecomp Exit - MemInfo: [/proc/meminfo - SSI]	MemTotal:       65507008 kB
20220313 061449.857 INFO             PET0 PIOc_freedecomp Exit - MemInfo: [/proc/meminfo - SSI]	MemFree:        49823324 kB
20220313 061449.857 INFO             PET0 PIOc_freedecomp Exit - MemInfo: [/proc/meminfo - SSI]	MemAvailable:   49574076 kB
20220313 061449.857 INFO             PET0 PIOc_freedecomp Exit - MemInfo: [/proc/meminfo - SSI]	Committed_AS:   13254484 kB
20220313 061449.857 INFO             PET0 PIOc_freedecomp Exit - MemInfo: [/proc/meminfo - SSI]	CommittedPercent: 20.2337 %
20220313 061449.857 INFO             PET0 PIOc_freedecomp Exit - MemInfo: [/proc/self/status]	VmPeak:	  148980 kB
20220313 061449.857 INFO             PET0 PIOc_freedecomp Exit - MemInfo: [/proc/self/status]	VmSize:	  140792 kB
20220313 061449.857 INFO             PET0 PIOc_freedecomp Exit - MemInfo: [/proc/self/status]	VmLck:	       0 kB
20220313 061449.857 INFO             PET0 PIOc_freedecomp Exit - MemInfo: [/proc/self/status]	VmPin:	       0 kB
20220313 061449.857 INFO             PET0 PIOc_freedecomp Exit - MemInfo: [/proc/self/status]	VmHWM:	   37800 kB
20220313 061449.857 INFO             PET0 PIOc_freedecomp Exit - MemInfo: [/proc/self/status]	VmRSS:	   37800 kB
20220313 061449.857 INFO             PET0 PIOc_freedecomp Exit - MemInfo: [/proc/self/status]	VmData:	   45200 kB
20220313 061449.857 INFO             PET0 PIOc_freedecomp Exit - MemInfo: [/proc/self/status]	VmStk:	     144 kB
20220313 061449.857 INFO             PET0 PIOc_freedecomp Exit - MemInfo: [/proc/self/status]	VmExe:	     212 kB
20220313 061449.857 INFO             PET0 PIOc_freedecomp Exit - MemInfo: [/proc/self/status]	VmLib:	   39752 kB
20220313 061449.857 INFO             PET0 PIOc_freedecomp Exit - MemInfo: [/proc/self/status]	VmPTE:	     252 kB
20220313 061449.857 INFO             PET0 PIOc_freedecomp Exit - MemInfo: [/proc/self/status]	VmPMD:	      12 kB
20220313 061449.857 INFO             PET0 PIOc_freedecomp Exit - MemInfo: [/proc/self/status]	VmSwap:	       0 kB
20220313 061449.857 INFO             PET0 PIOc_freedecomp Exit - MemInfo: [/proc/self/status]	VmRSSPercent: 0.0577037 %
20220313 061449.857 INFO             PET0 PIOc_freedecomp Exit - MemInfo: [malloc] Non-mmapped space allocated:                42868736 Byte
20220313 061449.857 INFO             PET0 PIOc_freedecomp Exit - MemInfo: [malloc] Space allocated in mmapped regions:                0 Byte
20220313 061449.857 INFO             PET0 PIOc_freedecomp Exit - MemInfo: [malloc] Maximum total allocated space:                     0 Byte
20220313 061449.857 INFO             PET0 PIOc_freedecomp Exit - MemInfo: [malloc] Space in freed fastbin blocks:                  1888 Byte
20220313 061449.857 INFO             PET0 PIOc_freedecomp Exit - MemInfo: [malloc] Total allocated space:                      20044096 Byte
20220313 061449.857 INFO             PET0 PIOc_freedecomp Exit - MemInfo: [malloc] Total free space:                           22824640 Byte
20220313 061449.857 INFO             PET0 PIOc_freedecomp Exit - MemInfo: [malloc] Top-most, releasable space:                 17026000 Byte
20220313 061449.857 INFO             PET0 PIOc_freedecomp Exit - MemInfo: [malloc] Total space in use, mmap + non-mmap:        20044096 Byte
20220313 061449.857 INFO             PET0 PIOc_freedecomp Exit - MemInfo: [malloc] Total space held (mmap + non-mmap):         42868736 Byte
20220313 061449.857 INFO             PET0 PIOc_freedecomp Exit - MemInfo: [malloc] Total space used (mmap + non-mmap):         20053424 Byte
20220313 061449.857 INFO             PET0 PIOc_freedecomp Exit - MemInfo: Wall-clock time since execution start:               0.246452 seconds
20220313 061449.858 INFO             PET0 PIOc_sync Enter - MemInfo: [/proc/meminfo - SSI]	MemTotal:       65507008 kB
20220313 061449.858 INFO             PET0 PIOc_sync Enter - MemInfo: [/proc/meminfo - SSI]	MemFree:        49823324 kB
20220313 061449.858 INFO             PET0 PIOc_sync Enter - MemInfo: [/proc/meminfo - SSI]	MemAvailable:   49574076 kB
20220313 061449.858 INFO             PET0 PIOc_sync Enter - MemInfo: [/proc/meminfo - SSI]	Committed_AS:   13254484 kB
20220313 061449.858 INFO             PET0 PIOc_sync Enter - MemInfo: [/proc/meminfo - SSI]	CommittedPercent: 20.2337 %
20220313 061449.858 INFO             PET0 PIOc_sync Enter - MemInfo: [/proc/self/status]	VmPeak:	  148980 kB
20220313 061449.858 INFO             PET0 PIOc_sync Enter - MemInfo: [/proc/self/status]	VmSize:	  140792 kB
20220313 061449.858 INFO             PET0 PIOc_sync Enter - MemInfo: [/proc/self/status]	VmLck:	       0 kB
20220313 061449.858 INFO             PET0 PIOc_sync Enter - MemInfo: [/proc/self/status]	VmPin:	       0 kB
20220313 061449.858 INFO             PET0 PIOc_sync Enter - MemInfo: [/proc/self/status]	VmHWM:	   37800 kB
20220313 061449.858 INFO             PET0 PIOc_sync Enter - MemInfo: [/proc/self/status]	VmRSS:	   37800 kB
20220313 061449.858 INFO             PET0 PIOc_sync Enter - MemInfo: [/proc/self/status]	VmData:	   45200 kB
20220313 061449.858 INFO             PET0 PIOc_sync Enter - MemInfo: [/proc/self/status]	VmStk:	     144 kB
20220313 061449.858 INFO             PET0 PIOc_sync Enter - MemInfo: [/proc/self/status]	VmExe:	     212 kB
20220313 061449.858 INFO             PET0 PIOc_sync Enter - MemInfo: [/proc/self/status]	VmLib:	   39752 kB
20220313 061449.858 INFO             PET0 PIOc_sync Enter - MemInfo: [/proc/self/status]	VmPTE:	     252 kB
20220313 061449.858 INFO             PET0 PIOc_sync Enter - MemInfo: [/proc/self/status]	VmPMD:	      12 kB
20220313 061449.858 INFO             PET0 PIOc_sync Enter - MemInfo: [/proc/self/status]	VmSwap:	       0 kB
20220313 061449.858 INFO             PET0 PIOc_sync Enter - MemInfo: [/proc/self/status]	VmRSSPercent: 0.0577037 %
20220313 061449.858 INFO             PET0 PIOc_sync Enter - MemInfo: [malloc] Non-mmapped space allocated:                42868736 Byte
20220313 061449.858 INFO             PET0 PIOc_sync Enter - MemInfo: [malloc] Space allocated in mmapped regions:                0 Byte
20220313 061449.858 INFO             PET0 PIOc_sync Enter - MemInfo: [malloc] Maximum total allocated space:                     0 Byte
20220313 061449.858 INFO             PET0 PIOc_sync Enter - MemInfo: [malloc] Space in freed fastbin blocks:                  2464 Byte
20220313 061449.858 INFO             PET0 PIOc_sync Enter - MemInfo: [malloc] Total allocated space:                      37362640 Byte
20220313 061449.858 INFO             PET0 PIOc_sync Enter - MemInfo: [malloc] Total free space:                            5506096 Byte
20220313 061449.858 INFO             PET0 PIOc_sync Enter - MemInfo: [malloc] Top-most, releasable space:                   248768 Byte
20220313 061449.858 INFO             PET0 PIOc_sync Enter - MemInfo: [malloc] Total space in use, mmap + non-mmap:        37362640 Byte
20220313 061449.858 INFO             PET0 PIOc_sync Enter - MemInfo: [malloc] Total space held (mmap + non-mmap):         42868736 Byte
20220313 061449.858 INFO             PET0 PIOc_sync Enter - MemInfo: [malloc] Total space used (mmap + non-mmap):         37371968 Byte
20220313 061449.858 INFO             PET0 PIOc_sync Enter - MemInfo: Wall-clock time since execution start:               0.247492 seconds
20220313 061449.858 INFO             PET0 PIOc_sync Exit - MemInfo: [/proc/meminfo - SSI]	MemTotal:       65507008 kB
20220313 061449.858 INFO             PET0 PIOc_sync Exit - MemInfo: [/proc/meminfo - SSI]	MemFree:        49823324 kB
20220313 061449.858 INFO             PET0 PIOc_sync Exit - MemInfo: [/proc/meminfo - SSI]	MemAvailable:   49574076 kB
20220313 061449.858 INFO             PET0 PIOc_sync Exit - MemInfo: [/proc/meminfo - SSI]	Committed_AS:   13254484 kB
20220313 061449.858 INFO             PET0 PIOc_sync Exit - MemInfo: [/proc/meminfo - SSI]	CommittedPercent: 20.2337 %
20220313 061449.858 INFO             PET0 PIOc_sync Exit - MemInfo: [/proc/self/status]	VmPeak:	  148980 kB
20220313 061449.858 INFO             PET0 PIOc_sync Exit - MemInfo: [/proc/self/status]	VmSize:	  140792 kB
20220313 061449.858 INFO             PET0 PIOc_sync Exit - MemInfo: [/proc/self/status]	VmLck:	       0 kB
20220313 061449.858 INFO             PET0 PIOc_sync Exit - MemInfo: [/proc/self/status]	VmPin:	       0 kB
20220313 061449.858 INFO             PET0 PIOc_sync Exit - MemInfo: [/proc/self/status]	VmHWM:	   37800 kB
20220313 061449.858 INFO             PET0 PIOc_sync Exit - MemInfo: [/proc/self/status]	VmRSS:	   37800 kB
20220313 061449.858 INFO             PET0 PIOc_sync Exit - MemInfo: [/proc/self/status]	VmData:	   45200 kB
20220313 061449.858 INFO             PET0 PIOc_sync Exit - MemInfo: [/proc/self/status]	VmStk:	     144 kB
20220313 061449.858 INFO             PET0 PIOc_sync Exit - MemInfo: [/proc/self/status]	VmExe:	     212 kB
20220313 061449.858 INFO             PET0 PIOc_sync Exit - MemInfo: [/proc/self/status]	VmLib:	   39752 kB
20220313 061449.858 INFO             PET0 PIOc_sync Exit - MemInfo: [/proc/self/status]	VmPTE:	     252 kB
20220313 061449.858 INFO             PET0 PIOc_sync Exit - MemInfo: [/proc/self/status]	VmPMD:	      12 kB
20220313 061449.858 INFO             PET0 PIOc_sync Exit - MemInfo: [/proc/self/status]	VmSwap:	       0 kB
20220313 061449.858 INFO             PET0 PIOc_sync Exit - MemInfo: [/proc/self/status]	VmRSSPercent: 0.0577037 %
20220313 061449.858 INFO             PET0 PIOc_sync Exit - MemInfo: [malloc] Non-mmapped space allocated:                42868736 Byte
20220313 061449.858 INFO             PET0 PIOc_sync Exit - MemInfo: [malloc] Space allocated in mmapped regions:                0 Byte
20220313 061449.858 INFO             PET0 PIOc_sync Exit - MemInfo: [malloc] Maximum total allocated space:                     0 Byte
20220313 061449.858 INFO             PET0 PIOc_sync Exit - MemInfo: [malloc] Space in freed fastbin blocks:                   944 Byte
20220313 061449.858 INFO             PET0 PIOc_sync Exit - MemInfo: [malloc] Total allocated space:                      37362272 Byte
20220313 061449.858 INFO             PET0 PIOc_sync Exit - MemInfo: [malloc] Total free space:                            5506464 Byte
20220313 061449.859 INFO             PET0 PIOc_sync Exit - MemInfo: [malloc] Top-most, releasable space:                   248768 Byte
20220313 061449.859 INFO             PET0 PIOc_sync Exit - MemInfo: [malloc] Total space in use, mmap + non-mmap:        37362272 Byte
20220313 061449.859 INFO             PET0 PIOc_sync Exit - MemInfo: [malloc] Total space held (mmap + non-mmap):         42868736 Byte
20220313 061449.859 INFO             PET0 PIOc_sync Exit - MemInfo: [malloc] Total space used (mmap + non-mmap):         37371600 Byte
20220313 061449.859 INFO             PET0 PIOc_sync Exit - MemInfo: Wall-clock time since execution start:               0.247871 seconds
20220313 061449.859 INFO             PET0 PIOc_freedecomp Enter - MemInfo: [/proc/meminfo - SSI]	MemTotal:       65507008 kB
20220313 061449.859 INFO             PET0 PIOc_freedecomp Enter - MemInfo: [/proc/meminfo - SSI]	MemFree:        49823324 kB
20220313 061449.859 INFO             PET0 PIOc_freedecomp Enter - MemInfo: [/proc/meminfo - SSI]	MemAvailable:   49574076 kB
20220313 061449.859 INFO             PET0 PIOc_freedecomp Enter - MemInfo: [/proc/meminfo - SSI]	Committed_AS:   13254484 kB
20220313 061449.859 INFO             PET0 PIOc_freedecomp Enter - MemInfo: [/proc/meminfo - SSI]	CommittedPercent: 20.2337 %
20220313 061449.859 INFO             PET0 PIOc_freedecomp Enter - MemInfo: [/proc/self/status]	VmPeak:	  148980 kB
20220313 061449.859 INFO             PET0 PIOc_freedecomp Enter - MemInfo: [/proc/self/status]	VmSize:	  140792 kB
20220313 061449.859 INFO             PET0 PIOc_freedecomp Enter - MemInfo: [/proc/self/status]	VmLck:	       0 kB
20220313 061449.859 INFO             PET0 PIOc_freedecomp Enter - MemInfo: [/proc/self/status]	VmPin:	       0 kB
20220313 061449.859 INFO             PET0 PIOc_freedecomp Enter - MemInfo: [/proc/self/status]	VmHWM:	   37800 kB
20220313 061449.859 INFO             PET0 PIOc_freedecomp Enter - MemInfo: [/proc/self/status]	VmRSS:	   37800 kB
20220313 061449.859 INFO             PET0 PIOc_freedecomp Enter - MemInfo: [/proc/self/status]	VmData:	   45200 kB
20220313 061449.859 INFO             PET0 PIOc_freedecomp Enter - MemInfo: [/proc/self/status]	VmStk:	     144 kB
20220313 061449.859 INFO             PET0 PIOc_freedecomp Enter - MemInfo: [/proc/self/status]	VmExe:	     212 kB
20220313 061449.859 INFO             PET0 PIOc_freedecomp Enter - MemInfo: [/proc/self/status]	VmLib:	   39752 kB
20220313 061449.859 INFO             PET0 PIOc_freedecomp Enter - MemInfo: [/proc/self/status]	VmPTE:	     252 kB
20220313 061449.859 INFO             PET0 PIOc_freedecomp Enter - MemInfo: [/proc/self/status]	VmPMD:	      12 kB
20220313 061449.859 INFO             PET0 PIOc_freedecomp Enter - MemInfo: [/proc/self/status]	VmSwap:	       0 kB
20220313 061449.859 INFO             PET0 PIOc_freedecomp Enter - MemInfo: [/proc/self/status]	VmRSSPercent: 0.0577037 %
20220313 061449.859 INFO             PET0 PIOc_freedecomp Enter - MemInfo: [malloc] Non-mmapped space allocated:                42868736 Byte
20220313 061449.859 INFO             PET0 PIOc_freedecomp Enter - MemInfo: [malloc] Space allocated in mmapped regions:                0 Byte
20220313 061449.859 INFO             PET0 PIOc_freedecomp Enter - MemInfo: [malloc] Maximum total allocated space:                     0 Byte
20220313 061449.859 INFO             PET0 PIOc_freedecomp Enter - MemInfo: [malloc] Space in freed fastbin blocks:                   704 Byte
20220313 061449.859 INFO             PET0 PIOc_freedecomp Enter - MemInfo: [malloc] Total allocated space:                      20045936 Byte
20220313 061449.859 INFO             PET0 PIOc_freedecomp Enter - MemInfo: [malloc] Total free space:                           22822800 Byte
20220313 061449.859 INFO             PET0 PIOc_freedecomp Enter - MemInfo: [malloc] Top-most, releasable space:                 17026000 Byte
20220313 061449.859 INFO             PET0 PIOc_freedecomp Enter - MemInfo: [malloc] Total space in use, mmap + non-mmap:        20045936 Byte
20220313 061449.859 INFO             PET0 PIOc_freedecomp Enter - MemInfo: [malloc] Total space held (mmap + non-mmap):         42868736 Byte
20220313 061449.859 INFO             PET0 PIOc_freedecomp Enter - MemInfo: [malloc] Total space used (mmap + non-mmap):         20055264 Byte
20220313 061449.859 INFO             PET0 PIOc_freedecomp Enter - MemInfo: Wall-clock time since execution start:                0.24823 seconds
20220313 061449.859 INFO             PET0 PIOc_freedecomp Exit - MemInfo: [/proc/meminfo - SSI]	MemTotal:       65507008 kB
20220313 061449.859 INFO             PET0 PIOc_freedecomp Exit - MemInfo: [/proc/meminfo - SSI]	MemFree:        49823324 kB
20220313 061449.859 INFO             PET0 PIOc_freedecomp Exit - MemInfo: [/proc/meminfo - SSI]	MemAvailable:   49574076 kB
20220313 061449.859 INFO             PET0 PIOc_freedecomp Exit - MemInfo: [/proc/meminfo - SSI]	Committed_AS:   13254484 kB
20220313 061449.859 INFO             PET0 PIOc_freedecomp Exit - MemInfo: [/proc/meminfo - SSI]	CommittedPercent: 20.2337 %
20220313 061449.859 INFO             PET0 PIOc_freedecomp Exit - MemInfo: [/proc/self/status]	VmPeak:	  148980 kB
20220313 061449.859 INFO             PET0 PIOc_freedecomp Exit - MemInfo: [/proc/self/status]	VmSize:	  140792 kB
20220313 061449.859 INFO             PET0 PIOc_freedecomp Exit - MemInfo: [/proc/self/status]	VmLck:	       0 kB
20220313 061449.859 INFO             PET0 PIOc_freedecomp Exit - MemInfo: [/proc/self/status]	VmPin:	       0 kB
20220313 061449.859 INFO             PET0 PIOc_freedecomp Exit - MemInfo: [/proc/self/status]	VmHWM:	   37800 kB
20220313 061449.859 INFO             PET0 PIOc_freedecomp Exit - MemInfo: [/proc/self/status]	VmRSS:	   37800 kB
20220313 061449.859 INFO             PET0 PIOc_freedecomp Exit - MemInfo: [/proc/self/status]	VmData:	   45200 kB
20220313 061449.859 INFO             PET0 PIOc_freedecomp Exit - MemInfo: [/proc/self/status]	VmStk:	     144 kB
20220313 061449.859 INFO             PET0 PIOc_freedecomp Exit - MemInfo: [/proc/self/status]	VmExe:	     212 kB
20220313 061449.859 INFO             PET0 PIOc_freedecomp Exit - MemInfo: [/proc/self/status]	VmLib:	   39752 kB
20220313 061449.859 INFO             PET0 PIOc_freedecomp Exit - MemInfo: [/proc/self/status]	VmPTE:	     252 kB
20220313 061449.859 INFO             PET0 PIOc_freedecomp Exit - MemInfo: [/proc/self/status]	VmPMD:	      12 kB
20220313 061449.859 INFO             PET0 PIOc_freedecomp Exit - MemInfo: [/proc/self/status]	VmSwap:	       0 kB
20220313 061449.859 INFO             PET0 PIOc_freedecomp Exit - MemInfo: [/proc/self/status]	VmRSSPercent: 0.0577037 %
20220313 061449.859 INFO             PET0 PIOc_freedecomp Exit - MemInfo: [malloc] Non-mmapped space allocated:                42868736 Byte
20220313 061449.859 INFO             PET0 PIOc_freedecomp Exit - MemInfo: [malloc] Space allocated in mmapped regions:                0 Byte
20220313 061449.859 INFO             PET0 PIOc_freedecomp Exit - MemInfo: [malloc] Maximum total allocated space:                     0 Byte
20220313 061449.859 INFO             PET0 PIOc_freedecomp Exit - MemInfo: [malloc] Space in freed fastbin blocks:                  1936 Byte
20220313 061449.859 INFO             PET0 PIOc_freedecomp Exit - MemInfo: [malloc] Total allocated space:                      20044096 Byte
20220313 061449.859 INFO             PET0 PIOc_freedecomp Exit - MemInfo: [malloc] Total free space:                           22824640 Byte
20220313 061449.859 INFO             PET0 PIOc_freedecomp Exit - MemInfo: [malloc] Top-most, releasable space:                 17026000 Byte
20220313 061449.859 INFO             PET0 PIOc_freedecomp Exit - MemInfo: [malloc] Total space in use, mmap + non-mmap:        20044096 Byte
20220313 061449.859 INFO             PET0 PIOc_freedecomp Exit - MemInfo: [malloc] Total space held (mmap + non-mmap):         42868736 Byte
20220313 061449.859 INFO             PET0 PIOc_freedecomp Exit - MemInfo: [malloc] Total space used (mmap + non-mmap):         20053424 Byte
20220313 061449.859 INFO             PET0 PIOc_freedecomp Exit - MemInfo: Wall-clock time since execution start:               0.248553 seconds
20220313 061449.860 INFO             PET0 PIOc_sync Enter - MemInfo: [/proc/meminfo - SSI]	MemTotal:       65507008 kB
20220313 061449.860 INFO             PET0 PIOc_sync Enter - MemInfo: [/proc/meminfo - SSI]	MemFree:        49823324 kB
20220313 061449.860 INFO             PET0 PIOc_sync Enter - MemInfo: [/proc/meminfo - SSI]	MemAvailable:   49574076 kB
20220313 061449.860 INFO             PET0 PIOc_sync Enter - MemInfo: [/proc/meminfo - SSI]	Committed_AS:   13254484 kB
20220313 061449.860 INFO             PET0 PIOc_sync Enter - MemInfo: [/proc/meminfo - SSI]	CommittedPercent: 20.2337 %
20220313 061449.860 INFO             PET0 PIOc_sync Enter - MemInfo: [/proc/self/status]	VmPeak:	  148980 kB
20220313 061449.860 INFO             PET0 PIOc_sync Enter - MemInfo: [/proc/self/status]	VmSize:	  140792 kB
20220313 061449.860 INFO             PET0 PIOc_sync Enter - MemInfo: [/proc/self/status]	VmLck:	       0 kB
20220313 061449.860 INFO             PET0 PIOc_sync Enter - MemInfo: [/proc/self/status]	VmPin:	       0 kB
20220313 061449.860 INFO             PET0 PIOc_sync Enter - MemInfo: [/proc/self/status]	VmHWM:	   37800 kB
20220313 061449.860 INFO             PET0 PIOc_sync Enter - MemInfo: [/proc/self/status]	VmRSS:	   37800 kB
20220313 061449.860 INFO             PET0 PIOc_sync Enter - MemInfo: [/proc/self/status]	VmData:	   45200 kB
20220313 061449.860 INFO             PET0 PIOc_sync Enter - MemInfo: [/proc/self/status]	VmStk:	     144 kB
20220313 061449.860 INFO             PET0 PIOc_sync Enter - MemInfo: [/proc/self/status]	VmExe:	     212 kB
20220313 061449.860 INFO             PET0 PIOc_sync Enter - MemInfo: [/proc/self/status]	VmLib:	   39752 kB
20220313 061449.860 INFO             PET0 PIOc_sync Enter - MemInfo: [/proc/self/status]	VmPTE:	     252 kB
20220313 061449.860 INFO             PET0 PIOc_sync Enter - MemInfo: [/proc/self/status]	VmPMD:	      12 kB
20220313 061449.860 INFO             PET0 PIOc_sync Enter - MemInfo: [/proc/self/status]	VmSwap:	       0 kB
20220313 061449.860 INFO             PET0 PIOc_sync Enter - MemInfo: [/proc/self/status]	VmRSSPercent: 0.0577037 %
20220313 061449.860 INFO             PET0 PIOc_sync Enter - MemInfo: [malloc] Non-mmapped space allocated:                42868736 Byte
20220313 061449.860 INFO             PET0 PIOc_sync Enter - MemInfo: [malloc] Space allocated in mmapped regions:                0 Byte
20220313 061449.860 INFO             PET0 PIOc_sync Enter - MemInfo: [malloc] Maximum total allocated space:                     0 Byte
20220313 061449.860 INFO             PET0 PIOc_sync Enter - MemInfo: [malloc] Space in freed fastbin blocks:                  2400 Byte
20220313 061449.860 INFO             PET0 PIOc_sync Enter - MemInfo: [malloc] Total allocated space:                      37363360 Byte
20220313 061449.860 INFO             PET0 PIOc_sync Enter - MemInfo: [malloc] Total free space:                            5505376 Byte
20220313 061449.860 INFO             PET0 PIOc_sync Enter - MemInfo: [malloc] Top-most, releasable space:                   248768 Byte
20220313 061449.860 INFO             PET0 PIOc_sync Enter - MemInfo: [malloc] Total space in use, mmap + non-mmap:        37363360 Byte
20220313 061449.860 INFO             PET0 PIOc_sync Enter - MemInfo: [malloc] Total space held (mmap + non-mmap):         42868736 Byte
20220313 061449.860 INFO             PET0 PIOc_sync Enter - MemInfo: [malloc] Total space used (mmap + non-mmap):         37372688 Byte
20220313 061449.860 INFO             PET0 PIOc_sync Enter - MemInfo: Wall-clock time since execution start:               0.249587 seconds
20220313 061449.860 INFO             PET0 PIOc_sync Exit - MemInfo: [/proc/meminfo - SSI]	MemTotal:       65507008 kB
20220313 061449.860 INFO             PET0 PIOc_sync Exit - MemInfo: [/proc/meminfo - SSI]	MemFree:        49823324 kB
20220313 061449.860 INFO             PET0 PIOc_sync Exit - MemInfo: [/proc/meminfo - SSI]	MemAvailable:   49574076 kB
20220313 061449.860 INFO             PET0 PIOc_sync Exit - MemInfo: [/proc/meminfo - SSI]	Committed_AS:   13254484 kB
20220313 061449.860 INFO             PET0 PIOc_sync Exit - MemInfo: [/proc/meminfo - SSI]	CommittedPercent: 20.2337 %
20220313 061449.860 INFO             PET0 PIOc_sync Exit - MemInfo: [/proc/self/status]	VmPeak:	  148980 kB
20220313 061449.860 INFO             PET0 PIOc_sync Exit - MemInfo: [/proc/self/status]	VmSize:	  140792 kB
20220313 061449.860 INFO             PET0 PIOc_sync Exit - MemInfo: [/proc/self/status]	VmLck:	       0 kB
20220313 061449.860 INFO             PET0 PIOc_sync Exit - MemInfo: [/proc/self/status]	VmPin:	       0 kB
20220313 061449.860 INFO             PET0 PIOc_sync Exit - MemInfo: [/proc/self/status]	VmHWM:	   37800 kB
20220313 061449.860 INFO             PET0 PIOc_sync Exit - MemInfo: [/proc/self/status]	VmRSS:	   37800 kB
20220313 061449.860 INFO             PET0 PIOc_sync Exit - MemInfo: [/proc/self/status]	VmData:	   45200 kB
20220313 061449.860 INFO             PET0 PIOc_sync Exit - MemInfo: [/proc/self/status]	VmStk:	     144 kB
20220313 061449.860 INFO             PET0 PIOc_sync Exit - MemInfo: [/proc/self/status]	VmExe:	     212 kB
20220313 061449.860 INFO             PET0 PIOc_sync Exit - MemInfo: [/proc/self/status]	VmLib:	   39752 kB
20220313 061449.861 INFO             PET0 PIOc_sync Exit - MemInfo: [/proc/self/status]	VmPTE:	     252 kB
20220313 061449.861 INFO             PET0 PIOc_sync Exit - MemInfo: [/proc/self/status]	VmPMD:	      12 kB
20220313 061449.861 INFO             PET0 PIOc_sync Exit - MemInfo: [/proc/self/status]	VmSwap:	       0 kB
20220313 061449.861 INFO             PET0 PIOc_sync Exit - MemInfo: [/proc/self/status]	VmRSSPercent: 0.0577037 %
20220313 061449.861 INFO             PET0 PIOc_sync Exit - MemInfo: [malloc] Non-mmapped space allocated:                42868736 Byte
20220313 061449.861 INFO             PET0 PIOc_sync Exit - MemInfo: [malloc] Space allocated in mmapped regions:                0 Byte
20220313 061449.861 INFO             PET0 PIOc_sync Exit - MemInfo: [malloc] Maximum total allocated space:                     0 Byte
20220313 061449.861 INFO             PET0 PIOc_sync Exit - MemInfo: [malloc] Space in freed fastbin blocks:                   832 Byte
20220313 061449.861 INFO             PET0 PIOc_sync Exit - MemInfo: [malloc] Total allocated space:                      37362976 Byte
20220313 061449.861 INFO             PET0 PIOc_sync Exit - MemInfo: [malloc] Total free space:                            5505760 Byte
20220313 061449.861 INFO             PET0 PIOc_sync Exit - MemInfo: [malloc] Top-most, releasable space:                   248768 Byte
20220313 061449.861 INFO             PET0 PIOc_sync Exit - MemInfo: [malloc] Total space in use, mmap + non-mmap:        37362976 Byte
20220313 061449.861 INFO             PET0 PIOc_sync Exit - MemInfo: [malloc] Total space held (mmap + non-mmap):         42868736 Byte
20220313 061449.861 INFO             PET0 PIOc_sync Exit - MemInfo: [malloc] Total space used (mmap + non-mmap):         37372304 Byte
20220313 061449.861 INFO             PET0 PIOc_sync Exit - MemInfo: Wall-clock time since execution start:               0.249967 seconds
20220313 061449.861 INFO             PET0 PIOc_freedecomp Enter - MemInfo: [/proc/meminfo - SSI]	MemTotal:       65507008 kB
20220313 061449.861 INFO             PET0 PIOc_freedecomp Enter - MemInfo: [/proc/meminfo - SSI]	MemFree:        49823324 kB
20220313 061449.861 INFO             PET0 PIOc_freedecomp Enter - MemInfo: [/proc/meminfo - SSI]	MemAvailable:   49574076 kB
20220313 061449.861 INFO             PET0 PIOc_freedecomp Enter - MemInfo: [/proc/meminfo - SSI]	Committed_AS:   13254484 kB
20220313 061449.861 INFO             PET0 PIOc_freedecomp Enter - MemInfo: [/proc/meminfo - SSI]	CommittedPercent: 20.2337 %
20220313 061449.861 INFO             PET0 PIOc_freedecomp Enter - MemInfo: [/proc/self/status]	VmPeak:	  148980 kB
20220313 061449.861 INFO             PET0 PIOc_freedecomp Enter - MemInfo: [/proc/self/status]	VmSize:	  140792 kB
20220313 061449.861 INFO             PET0 PIOc_freedecomp Enter - MemInfo: [/proc/self/status]	VmLck:	       0 kB
20220313 061449.861 INFO             PET0 PIOc_freedecomp Enter - MemInfo: [/proc/self/status]	VmPin:	       0 kB
20220313 061449.861 INFO             PET0 PIOc_freedecomp Enter - MemInfo: [/proc/self/status]	VmHWM:	   37800 kB
20220313 061449.861 INFO             PET0 PIOc_freedecomp Enter - MemInfo: [/proc/self/status]	VmRSS:	   37800 kB
20220313 061449.861 INFO             PET0 PIOc_freedecomp Enter - MemInfo: [/proc/self/status]	VmData:	   45200 kB
20220313 061449.861 INFO             PET0 PIOc_freedecomp Enter - MemInfo: [/proc/self/status]	VmStk:	     144 kB
20220313 061449.861 INFO             PET0 PIOc_freedecomp Enter - MemInfo: [/proc/self/status]	VmExe:	     212 kB
20220313 061449.861 INFO             PET0 PIOc_freedecomp Enter - MemInfo: [/proc/self/status]	VmLib:	   39752 kB
20220313 061449.861 INFO             PET0 PIOc_freedecomp Enter - MemInfo: [/proc/self/status]	VmPTE:	     252 kB
20220313 061449.861 INFO             PET0 PIOc_freedecomp Enter - MemInfo: [/proc/self/status]	VmPMD:	      12 kB
20220313 061449.861 INFO             PET0 PIOc_freedecomp Enter - MemInfo: [/proc/self/status]	VmSwap:	       0 kB
20220313 061449.861 INFO             PET0 PIOc_freedecomp Enter - MemInfo: [/proc/self/status]	VmRSSPercent: 0.0577037 %
20220313 061449.861 INFO             PET0 PIOc_freedecomp Enter - MemInfo: [malloc] Non-mmapped space allocated:                42868736 Byte
20220313 061449.861 INFO             PET0 PIOc_freedecomp Enter - MemInfo: [malloc] Space allocated in mmapped regions:                0 Byte
20220313 061449.861 INFO             PET0 PIOc_freedecomp Enter - MemInfo: [malloc] Maximum total allocated space:                     0 Byte
20220313 061449.861 INFO             PET0 PIOc_freedecomp Enter - MemInfo: [malloc] Space in freed fastbin blocks:                   896 Byte
20220313 061449.861 INFO             PET0 PIOc_freedecomp Enter - MemInfo: [malloc] Total allocated space:                      20045904 Byte
20220313 061449.861 INFO             PET0 PIOc_freedecomp Enter - MemInfo: [malloc] Total free space:                           22822832 Byte
20220313 061449.861 INFO             PET0 PIOc_freedecomp Enter - MemInfo: [malloc] Top-most, releasable space:                 17026000 Byte
20220313 061449.861 INFO             PET0 PIOc_freedecomp Enter - MemInfo: [malloc] Total space in use, mmap + non-mmap:        20045904 Byte
20220313 061449.861 INFO             PET0 PIOc_freedecomp Enter - MemInfo: [malloc] Total space held (mmap + non-mmap):         42868736 Byte
20220313 061449.861 INFO             PET0 PIOc_freedecomp Enter - MemInfo: [malloc] Total space used (mmap + non-mmap):         20055248 Byte
20220313 061449.861 INFO             PET0 PIOc_freedecomp Enter - MemInfo: Wall-clock time since execution start:               0.250323 seconds
20220313 061449.861 INFO             PET0 PIOc_freedecomp Exit - MemInfo: [/proc/meminfo - SSI]	MemTotal:       65507008 kB
20220313 061449.861 INFO             PET0 PIOc_freedecomp Exit - MemInfo: [/proc/meminfo - SSI]	MemFree:        49823324 kB
20220313 061449.861 INFO             PET0 PIOc_freedecomp Exit - MemInfo: [/proc/meminfo - SSI]	MemAvailable:   49574076 kB
20220313 061449.861 INFO             PET0 PIOc_freedecomp Exit - MemInfo: [/proc/meminfo - SSI]	Committed_AS:   13254484 kB
20220313 061449.861 INFO             PET0 PIOc_freedecomp Exit - MemInfo: [/proc/meminfo - SSI]	CommittedPercent: 20.2337 %
20220313 061449.861 INFO             PET0 PIOc_freedecomp Exit - MemInfo: [/proc/self/status]	VmPeak:	  148980 kB
20220313 061449.861 INFO             PET0 PIOc_freedecomp Exit - MemInfo: [/proc/self/status]	VmSize:	  140792 kB
20220313 061449.861 INFO             PET0 PIOc_freedecomp Exit - MemInfo: [/proc/self/status]	VmLck:	       0 kB
20220313 061449.861 INFO             PET0 PIOc_freedecomp Exit - MemInfo: [/proc/self/status]	VmPin:	       0 kB
20220313 061449.861 INFO             PET0 PIOc_freedecomp Exit - MemInfo: [/proc/self/status]	VmHWM:	   37800 kB
20220313 061449.861 INFO             PET0 PIOc_freedecomp Exit - MemInfo: [/proc/self/status]	VmRSS:	   37800 kB
20220313 061449.861 INFO             PET0 PIOc_freedecomp Exit - MemInfo: [/proc/self/status]	VmData:	   45200 kB
20220313 061449.861 INFO             PET0 PIOc_freedecomp Exit - MemInfo: [/proc/self/status]	VmStk:	     144 kB
20220313 061449.861 INFO             PET0 PIOc_freedecomp Exit - MemInfo: [/proc/self/status]	VmExe:	     212 kB
20220313 061449.861 INFO             PET0 PIOc_freedecomp Exit - MemInfo: [/proc/self/status]	VmLib:	   39752 kB
20220313 061449.861 INFO             PET0 PIOc_freedecomp Exit - MemInfo: [/proc/self/status]	VmPTE:	     252 kB
20220313 061449.861 INFO             PET0 PIOc_freedecomp Exit - MemInfo: [/proc/self/status]	VmPMD:	      12 kB
20220313 061449.861 INFO             PET0 PIOc_freedecomp Exit - MemInfo: [/proc/self/status]	VmSwap:	       0 kB
20220313 061449.861 INFO             PET0 PIOc_freedecomp Exit - MemInfo: [/proc/self/status]	VmRSSPercent: 0.0577037 %
20220313 061449.861 INFO             PET0 PIOc_freedecomp Exit - MemInfo: [malloc] Non-mmapped space allocated:                42868736 Byte
20220313 061449.861 INFO             PET0 PIOc_freedecomp Exit - MemInfo: [malloc] Space allocated in mmapped regions:                0 Byte
20220313 061449.861 INFO             PET0 PIOc_freedecomp Exit - MemInfo: [malloc] Maximum total allocated space:                     0 Byte
20220313 061449.861 INFO             PET0 PIOc_freedecomp Exit - MemInfo: [malloc] Space in freed fastbin blocks:                  1744 Byte
20220313 061449.861 INFO             PET0 PIOc_freedecomp Exit - MemInfo: [malloc] Total allocated space:                      20044096 Byte
20220313 061449.861 INFO             PET0 PIOc_freedecomp Exit - MemInfo: [malloc] Total free space:                           22824640 Byte
20220313 061449.861 INFO             PET0 PIOc_freedecomp Exit - MemInfo: [malloc] Top-most, releasable space:                 17026000 Byte
20220313 061449.861 INFO             PET0 PIOc_freedecomp Exit - MemInfo: [malloc] Total space in use, mmap + non-mmap:        20044096 Byte
20220313 061449.861 INFO             PET0 PIOc_freedecomp Exit - MemInfo: [malloc] Total space held (mmap + non-mmap):         42868736 Byte
20220313 061449.861 INFO             PET0 PIOc_freedecomp Exit - MemInfo: [malloc] Total space used (mmap + non-mmap):         20053424 Byte
20220313 061449.861 INFO             PET0 PIOc_freedecomp Exit - MemInfo: Wall-clock time since execution start:               0.250645 seconds
20220313 061449.863 INFO             PET0  PASS  Test RouteHandleDestroy(), ESMF_RouteHandleAdvancedUTest.F90, line 633
20220313 061449.863 INFO             PET0  PASS  Apply the copied Routehandle, ESMF_RouteHandleAdvancedUTest.F90, line 643
20220313 061449.863 INFO             PET0  PASS  Test RouteHandleDestroy() for the copied Routehandle, ESMF_RouteHandleAdvancedUTest.F90, line 651
20220313 061449.864 INFO             PET0  PASS  Test ESMF_DynamicMaskSetR4R4R4(), ESMF_RouteHandleAdvancedUTest.F90, line 716
20220313 061449.864 INFO             PET0  PASS  Test ESMF_DynamicMaskSetR4R4R4V(), ESMF_RouteHandleAdvancedUTest.F90, line 725
20220313 061449.864 INFO             PET0  PASS  Test ESMF_DynamicMaskSetR4R8R4V(), ESMF_RouteHandleAdvancedUTest.F90, line 734
20220313 061449.864 INFO             PET0  Ending Test, file ESMF_RouteHandleAdvancedUTest.F90, line 749
20220313 061449.864 INFO             PET0 Finalizing ESMF
20220313 061449.612 INFO             PET1 !!!!!!!!!!!!!!!!!!!!!!!!!!!!!!!!!!!!!!!!!!!!!!!!!!!!!!
20220313 061449.612 INFO             PET1 !!! THE ESMF_LOG IS SET TO OUTPUT ALL LOG MESSAGES !!!
20220313 061449.612 INFO             PET1 !!!     THIS MAY CAUSE SLOWDOWN IN PERFORMANCE     !!!
20220313 061449.612 INFO             PET1 !!! FOR PRODUCTION RUNS, USE:                      !!!
20220313 061449.612 INFO             PET1 !!!                   ESMF_LOGKIND_Multi_On_Error  !!!
20220313 061449.612 INFO             PET1 !!!!!!!!!!!!!!!!!!!!!!!!!!!!!!!!!!!!!!!!!!!!!!!!!!!!!!
20220313 061449.612 INFO             PET1 Running with ESMF Version   : v8.3.0b09-96-g559b459836
20220313 061449.612 INFO             PET1 ESMF library build date/time: "Mar 13 2022" "06:02:26"
20220313 061449.612 INFO             PET1 ESMF library build location : /glade/scratch/rlong/esmf-testing/gfortran_10.1.0_mpt_O_jedwards_pio_update2
20220313 061449.612 INFO             PET1 ESMF_COMM                   : mpt
20220313 061449.612 INFO             PET1 ESMF_MOAB                   : enabled
20220313 061449.612 INFO             PET1 ESMF_LAPACK                 : enabled
20220313 061449.612 INFO             PET1 ESMF_NETCDF                 : enabled
20220313 061449.612 INFO             PET1 ESMF_PNETCDF                : disabled
20220313 061449.612 INFO             PET1 ESMF_PIO                    : enabled
20220313 061449.612 INFO             PET1 ESMF_YAMLCPP                : enabled
20220313 061449.612 INFO             PET1  Beginning Test, file ESMF_RouteHandleAdvancedUTest.F90, line 346
20220313 061449.612 INFO             PET1  NUMBER_OF_PROCESSORS           4
20220313 061449.617 INFO             PET1 ESMF_FieldRedistStoreNF(): Just entered routine.
20220313 061449.727 INFO             PET1 ESMF_FieldRedistStoreNF(): Leaving routine.
20220313 061449.727 INFO             PET1  PASS  Create RouteHandle for the original petList, ESMF_RouteHandleAdvancedUTest.F90, line 511
20220313 061449.727 INFO             PET1  PASS  Test RouteHandleIsCreated(), ESMF_RouteHandleAdvancedUTest.F90, line 519
20220313 061449.727 INFO             PET1  PASS  Test RouteHandleIsCreated() return value, ESMF_RouteHandleAdvancedUTest.F90, line 526
20220313 061449.727 INFO             PET1  PASS  Test RouteHandleGet(), ESMF_RouteHandleAdvancedUTest.F90, line 534
20220313 061449.732 INFO             PET1  PASS  Test RouteHandleWrite(), ESMF_RouteHandleAdvancedUTest.F90, line 542
20220313 061449.732 INFO             PET1  PASS  Test RouteHandleDestroy(), ESMF_RouteHandleAdvancedUTest.F90, line 550
20220313 061449.734 INFO             PET1  PASS  Test RouteHandleCreate(from file), ESMF_RouteHandleAdvancedUTest.F90, line 558
20220313 061449.735 INFO             PET1  PASS  Apply the read in Routehandle, ESMF_RouteHandleAdvancedUTest.F90, line 567
20220313 061449.735 INFO             PET1  PASS  Test RouteHandleDestroy() for the read in Routehandle, ESMF_RouteHandleAdvancedUTest.F90, line 575
20220313 061449.735 INFO             PET1 ESMF_FieldRedistStoreNF(): Just entered routine.
20220313 061449.838 INFO             PET1 ESMF_FieldRedistStoreNF(): Leaving routine.
20220313 061449.838 INFO             PET1  PASS  Create RouteHandle for the original petList, ESMF_RouteHandleAdvancedUTest.F90, line 585
20220313 061449.838 INFO             PET1  PASS  Transfer RouteHandle to a different petList, ESMF_RouteHandleAdvancedUTest.F90, line 602
20220313 061449.851 INFO             PET1 PIOc_sync Enter - MemInfo: [/proc/meminfo - SSI]	MemTotal:       65507008 kB
20220313 061449.851 INFO             PET1 PIOc_sync Enter - MemInfo: [/proc/meminfo - SSI]	MemFree:        49823324 kB
20220313 061449.851 INFO             PET1 PIOc_sync Enter - MemInfo: [/proc/meminfo - SSI]	MemAvailable:   49573824 kB
20220313 061449.851 INFO             PET1 PIOc_sync Enter - MemInfo: [/proc/meminfo - SSI]	Committed_AS:   13254484 kB
20220313 061449.851 INFO             PET1 PIOc_sync Enter - MemInfo: [/proc/meminfo - SSI]	CommittedPercent: 20.2337 %
20220313 061449.852 INFO             PET1 PIOc_sync Enter - MemInfo: [/proc/self/status]	VmPeak:	  140792 kB
20220313 061449.852 INFO             PET1 PIOc_sync Enter - MemInfo: [/proc/self/status]	VmSize:	  140792 kB
20220313 061449.852 INFO             PET1 PIOc_sync Enter - MemInfo: [/proc/self/status]	VmLck:	       0 kB
20220313 061449.852 INFO             PET1 PIOc_sync Enter - MemInfo: [/proc/self/status]	VmPin:	       0 kB
20220313 061449.852 INFO             PET1 PIOc_sync Enter - MemInfo: [/proc/self/status]	VmHWM:	   24060 kB
20220313 061449.852 INFO             PET1 PIOc_sync Enter - MemInfo: [/proc/self/status]	VmRSS:	   24060 kB
20220313 061449.852 INFO             PET1 PIOc_sync Enter - MemInfo: [/proc/self/status]	VmData:	   45200 kB
20220313 061449.852 INFO             PET1 PIOc_sync Enter - MemInfo: [/proc/self/status]	VmStk:	     144 kB
20220313 061449.852 INFO             PET1 PIOc_sync Enter - MemInfo: [/proc/self/status]	VmExe:	     212 kB
20220313 061449.852 INFO             PET1 PIOc_sync Enter - MemInfo: [/proc/self/status]	VmLib:	   39752 kB
20220313 061449.852 INFO             PET1 PIOc_sync Enter - MemInfo: [/proc/self/status]	VmPTE:	     232 kB
20220313 061449.852 INFO             PET1 PIOc_sync Enter - MemInfo: [/proc/self/status]	VmPMD:	      12 kB
20220313 061449.852 INFO             PET1 PIOc_sync Enter - MemInfo: [/proc/self/status]	VmSwap:	       0 kB
20220313 061449.852 INFO             PET1 PIOc_sync Enter - MemInfo: [/proc/self/status]	VmRSSPercent: 0.0367289 %
20220313 061449.852 INFO             PET1 PIOc_sync Enter - MemInfo: [malloc] Non-mmapped space allocated:                42868736 Byte
20220313 061449.852 INFO             PET1 PIOc_sync Enter - MemInfo: [malloc] Space allocated in mmapped regions:                0 Byte
20220313 061449.852 INFO             PET1 PIOc_sync Enter - MemInfo: [malloc] Maximum total allocated space:                     0 Byte
20220313 061449.852 INFO             PET1 PIOc_sync Enter - MemInfo: [malloc] Space in freed fastbin blocks:                   944 Byte
20220313 061449.852 INFO             PET1 PIOc_sync Enter - MemInfo: [malloc] Total allocated space:                      19791056 Byte
20220313 061449.852 INFO             PET1 PIOc_sync Enter - MemInfo: [malloc] Total free space:                           23077680 Byte
20220313 061449.852 INFO             PET1 PIOc_sync Enter - MemInfo: [malloc] Top-most, releasable space:                 17518576 Byte
20220313 061449.852 INFO             PET1 PIOc_sync Enter - MemInfo: [malloc] Total space in use, mmap + non-mmap:        19791056 Byte
20220313 061449.852 INFO             PET1 PIOc_sync Enter - MemInfo: [malloc] Total space held (mmap + non-mmap):         42868736 Byte
20220313 061449.852 INFO             PET1 PIOc_sync Enter - MemInfo: [malloc] Total space used (mmap + non-mmap):         19800384 Byte
20220313 061449.852 INFO             PET1 PIOc_sync Enter - MemInfo: Wall-clock time since execution start:               0.241805 seconds
20220313 061449.854 INFO             PET1 PIOc_sync Exit - MemInfo: [/proc/meminfo - SSI]	MemTotal:       65507008 kB
20220313 061449.854 INFO             PET1 PIOc_sync Exit - MemInfo: [/proc/meminfo - SSI]	MemFree:        49823324 kB
20220313 061449.854 INFO             PET1 PIOc_sync Exit - MemInfo: [/proc/meminfo - SSI]	MemAvailable:   49574076 kB
20220313 061449.854 INFO             PET1 PIOc_sync Exit - MemInfo: [/proc/meminfo - SSI]	Committed_AS:   13254484 kB
20220313 061449.854 INFO             PET1 PIOc_sync Exit - MemInfo: [/proc/meminfo - SSI]	CommittedPercent: 20.2337 %
20220313 061449.854 INFO             PET1 PIOc_sync Exit - MemInfo: [/proc/self/status]	VmPeak:	  140792 kB
20220313 061449.854 INFO             PET1 PIOc_sync Exit - MemInfo: [/proc/self/status]	VmSize:	  140792 kB
20220313 061449.854 INFO             PET1 PIOc_sync Exit - MemInfo: [/proc/self/status]	VmLck:	       0 kB
20220313 061449.854 INFO             PET1 PIOc_sync Exit - MemInfo: [/proc/self/status]	VmPin:	       0 kB
20220313 061449.854 INFO             PET1 PIOc_sync Exit - MemInfo: [/proc/self/status]	VmHWM:	   24120 kB
20220313 061449.854 INFO             PET1 PIOc_sync Exit - MemInfo: [/proc/self/status]	VmRSS:	   24120 kB
20220313 061449.854 INFO             PET1 PIOc_sync Exit - MemInfo: [/proc/self/status]	VmData:	   45200 kB
20220313 061449.854 INFO             PET1 PIOc_sync Exit - MemInfo: [/proc/self/status]	VmStk:	     144 kB
20220313 061449.854 INFO             PET1 PIOc_sync Exit - MemInfo: [/proc/self/status]	VmExe:	     212 kB
20220313 061449.854 INFO             PET1 PIOc_sync Exit - MemInfo: [/proc/self/status]	VmLib:	   39752 kB
20220313 061449.854 INFO             PET1 PIOc_sync Exit - MemInfo: [/proc/self/status]	VmPTE:	     232 kB
20220313 061449.854 INFO             PET1 PIOc_sync Exit - MemInfo: [/proc/self/status]	VmPMD:	      12 kB
20220313 061449.854 INFO             PET1 PIOc_sync Exit - MemInfo: [/proc/self/status]	VmSwap:	       0 kB
20220313 061449.854 INFO             PET1 PIOc_sync Exit - MemInfo: [/proc/self/status]	VmRSSPercent: 0.0368205 %
20220313 061449.854 INFO             PET1 PIOc_sync Exit - MemInfo: [malloc] Non-mmapped space allocated:                42868736 Byte
20220313 061449.854 INFO             PET1 PIOc_sync Exit - MemInfo: [malloc] Space allocated in mmapped regions:                0 Byte
20220313 061449.854 INFO             PET1 PIOc_sync Exit - MemInfo: [malloc] Maximum total allocated space:                     0 Byte
20220313 061449.854 INFO             PET1 PIOc_sync Exit - MemInfo: [malloc] Space in freed fastbin blocks:                  1456 Byte
20220313 061449.854 INFO             PET1 PIOc_sync Exit - MemInfo: [malloc] Total allocated space:                      19790320 Byte
20220313 061449.854 INFO             PET1 PIOc_sync Exit - MemInfo: [malloc] Total free space:                           23078416 Byte
20220313 061449.854 INFO             PET1 PIOc_sync Exit - MemInfo: [malloc] Top-most, releasable space:                 17518576 Byte
20220313 061449.854 INFO             PET1 PIOc_sync Exit - MemInfo: [malloc] Total space in use, mmap + non-mmap:        19790320 Byte
20220313 061449.854 INFO             PET1 PIOc_sync Exit - MemInfo: [malloc] Total space held (mmap + non-mmap):         42868736 Byte
20220313 061449.854 INFO             PET1 PIOc_sync Exit - MemInfo: [malloc] Total space used (mmap + non-mmap):         19799648 Byte
20220313 061449.854 INFO             PET1 PIOc_sync Exit - MemInfo: Wall-clock time since execution start:               0.243499 seconds
20220313 061449.854 INFO             PET1 PIOc_freedecomp Enter - MemInfo: [/proc/meminfo - SSI]	MemTotal:       65507008 kB
20220313 061449.854 INFO             PET1 PIOc_freedecomp Enter - MemInfo: [/proc/meminfo - SSI]	MemFree:        49823324 kB
20220313 061449.854 INFO             PET1 PIOc_freedecomp Enter - MemInfo: [/proc/meminfo - SSI]	MemAvailable:   49574076 kB
20220313 061449.854 INFO             PET1 PIOc_freedecomp Enter - MemInfo: [/proc/meminfo - SSI]	Committed_AS:   13254484 kB
20220313 061449.854 INFO             PET1 PIOc_freedecomp Enter - MemInfo: [/proc/meminfo - SSI]	CommittedPercent: 20.2337 %
20220313 061449.854 INFO             PET1 PIOc_freedecomp Enter - MemInfo: [/proc/self/status]	VmPeak:	  140792 kB
20220313 061449.854 INFO             PET1 PIOc_freedecomp Enter - MemInfo: [/proc/self/status]	VmSize:	  140792 kB
20220313 061449.854 INFO             PET1 PIOc_freedecomp Enter - MemInfo: [/proc/self/status]	VmLck:	       0 kB
20220313 061449.854 INFO             PET1 PIOc_freedecomp Enter - MemInfo: [/proc/self/status]	VmPin:	       0 kB
20220313 061449.854 INFO             PET1 PIOc_freedecomp Enter - MemInfo: [/proc/self/status]	VmHWM:	   24120 kB
20220313 061449.854 INFO             PET1 PIOc_freedecomp Enter - MemInfo: [/proc/self/status]	VmRSS:	   24120 kB
20220313 061449.854 INFO             PET1 PIOc_freedecomp Enter - MemInfo: [/proc/self/status]	VmData:	   45200 kB
20220313 061449.854 INFO             PET1 PIOc_freedecomp Enter - MemInfo: [/proc/self/status]	VmStk:	     144 kB
20220313 061449.854 INFO             PET1 PIOc_freedecomp Enter - MemInfo: [/proc/self/status]	VmExe:	     212 kB
20220313 061449.854 INFO             PET1 PIOc_freedecomp Enter - MemInfo: [/proc/self/status]	VmLib:	   39752 kB
20220313 061449.854 INFO             PET1 PIOc_freedecomp Enter - MemInfo: [/proc/self/status]	VmPTE:	     232 kB
20220313 061449.854 INFO             PET1 PIOc_freedecomp Enter - MemInfo: [/proc/self/status]	VmPMD:	      12 kB
20220313 061449.854 INFO             PET1 PIOc_freedecomp Enter - MemInfo: [/proc/self/status]	VmSwap:	       0 kB
20220313 061449.854 INFO             PET1 PIOc_freedecomp Enter - MemInfo: [/proc/self/status]	VmRSSPercent: 0.0368205 %
20220313 061449.854 INFO             PET1 PIOc_freedecomp Enter - MemInfo: [malloc] Non-mmapped space allocated:                42868736 Byte
20220313 061449.854 INFO             PET1 PIOc_freedecomp Enter - MemInfo: [malloc] Space allocated in mmapped regions:                0 Byte
20220313 061449.854 INFO             PET1 PIOc_freedecomp Enter - MemInfo: [malloc] Maximum total allocated space:                     0 Byte
20220313 061449.854 INFO             PET1 PIOc_freedecomp Enter - MemInfo: [malloc] Space in freed fastbin blocks:                  1280 Byte
20220313 061449.854 INFO             PET1 PIOc_freedecomp Enter - MemInfo: [malloc] Total allocated space:                      19788688 Byte
20220313 061449.854 INFO             PET1 PIOc_freedecomp Enter - MemInfo: [malloc] Total free space:                           23080048 Byte
20220313 061449.854 INFO             PET1 PIOc_freedecomp Enter - MemInfo: [malloc] Top-most, releasable space:                 17518576 Byte
20220313 061449.855 INFO             PET1 PIOc_freedecomp Enter - MemInfo: [malloc] Total space in use, mmap + non-mmap:        19788688 Byte
20220313 061449.855 INFO             PET1 PIOc_freedecomp Enter - MemInfo: [malloc] Total space held (mmap + non-mmap):         42868736 Byte
20220313 061449.855 INFO             PET1 PIOc_freedecomp Enter - MemInfo: [malloc] Total space used (mmap + non-mmap):         19798016 Byte
20220313 061449.855 INFO             PET1 PIOc_freedecomp Enter - MemInfo: Wall-clock time since execution start:               0.243871 seconds
20220313 061449.855 INFO             PET1 PIOc_freedecomp Exit - MemInfo: [/proc/meminfo - SSI]	MemTotal:       65507008 kB
20220313 061449.855 INFO             PET1 PIOc_freedecomp Exit - MemInfo: [/proc/meminfo - SSI]	MemFree:        49823324 kB
20220313 061449.855 INFO             PET1 PIOc_freedecomp Exit - MemInfo: [/proc/meminfo - SSI]	MemAvailable:   49574076 kB
20220313 061449.855 INFO             PET1 PIOc_freedecomp Exit - MemInfo: [/proc/meminfo - SSI]	Committed_AS:   13254484 kB
20220313 061449.855 INFO             PET1 PIOc_freedecomp Exit - MemInfo: [/proc/meminfo - SSI]	CommittedPercent: 20.2337 %
20220313 061449.855 INFO             PET1 PIOc_freedecomp Exit - MemInfo: [/proc/self/status]	VmPeak:	  140792 kB
20220313 061449.855 INFO             PET1 PIOc_freedecomp Exit - MemInfo: [/proc/self/status]	VmSize:	  140792 kB
20220313 061449.855 INFO             PET1 PIOc_freedecomp Exit - MemInfo: [/proc/self/status]	VmLck:	       0 kB
20220313 061449.855 INFO             PET1 PIOc_freedecomp Exit - MemInfo: [/proc/self/status]	VmPin:	       0 kB
20220313 061449.855 INFO             PET1 PIOc_freedecomp Exit - MemInfo: [/proc/self/status]	VmHWM:	   24120 kB
20220313 061449.855 INFO             PET1 PIOc_freedecomp Exit - MemInfo: [/proc/self/status]	VmRSS:	   24120 kB
20220313 061449.855 INFO             PET1 PIOc_freedecomp Exit - MemInfo: [/proc/self/status]	VmData:	   45200 kB
20220313 061449.855 INFO             PET1 PIOc_freedecomp Exit - MemInfo: [/proc/self/status]	VmStk:	     144 kB
20220313 061449.855 INFO             PET1 PIOc_freedecomp Exit - MemInfo: [/proc/self/status]	VmExe:	     212 kB
20220313 061449.855 INFO             PET1 PIOc_freedecomp Exit - MemInfo: [/proc/self/status]	VmLib:	   39752 kB
20220313 061449.855 INFO             PET1 PIOc_freedecomp Exit - MemInfo: [/proc/self/status]	VmPTE:	     232 kB
20220313 061449.855 INFO             PET1 PIOc_freedecomp Exit - MemInfo: [/proc/self/status]	VmPMD:	      12 kB
20220313 061449.855 INFO             PET1 PIOc_freedecomp Exit - MemInfo: [/proc/self/status]	VmSwap:	       0 kB
20220313 061449.855 INFO             PET1 PIOc_freedecomp Exit - MemInfo: [/proc/self/status]	VmRSSPercent: 0.0368205 %
20220313 061449.855 INFO             PET1 PIOc_freedecomp Exit - MemInfo: [malloc] Non-mmapped space allocated:                42868736 Byte
20220313 061449.855 INFO             PET1 PIOc_freedecomp Exit - MemInfo: [malloc] Space allocated in mmapped regions:                0 Byte
20220313 061449.855 INFO             PET1 PIOc_freedecomp Exit - MemInfo: [malloc] Maximum total allocated space:                     0 Byte
20220313 061449.855 INFO             PET1 PIOc_freedecomp Exit - MemInfo: [malloc] Space in freed fastbin blocks:                  1792 Byte
20220313 061449.855 INFO             PET1 PIOc_freedecomp Exit - MemInfo: [malloc] Total allocated space:                      19787376 Byte
20220313 061449.855 INFO             PET1 PIOc_freedecomp Exit - MemInfo: [malloc] Total free space:                           23081360 Byte
20220313 061449.855 INFO             PET1 PIOc_freedecomp Exit - MemInfo: [malloc] Top-most, releasable space:                 17518576 Byte
20220313 061449.855 INFO             PET1 PIOc_freedecomp Exit - MemInfo: [malloc] Total space in use, mmap + non-mmap:        19787376 Byte
20220313 061449.855 INFO             PET1 PIOc_freedecomp Exit - MemInfo: [malloc] Total space held (mmap + non-mmap):         42868736 Byte
20220313 061449.855 INFO             PET1 PIOc_freedecomp Exit - MemInfo: [malloc] Total space used (mmap + non-mmap):         19796704 Byte
20220313 061449.855 INFO             PET1 PIOc_freedecomp Exit - MemInfo: Wall-clock time since execution start:                 0.2442 seconds
20220313 061449.856 INFO             PET1 PIOc_sync Enter - MemInfo: [/proc/meminfo - SSI]	MemTotal:       65507008 kB
20220313 061449.856 INFO             PET1 PIOc_sync Enter - MemInfo: [/proc/meminfo - SSI]	MemFree:        49823324 kB
20220313 061449.856 INFO             PET1 PIOc_sync Enter - MemInfo: [/proc/meminfo - SSI]	MemAvailable:   49574076 kB
20220313 061449.856 INFO             PET1 PIOc_sync Enter - MemInfo: [/proc/meminfo - SSI]	Committed_AS:   13254484 kB
20220313 061449.856 INFO             PET1 PIOc_sync Enter - MemInfo: [/proc/meminfo - SSI]	CommittedPercent: 20.2337 %
20220313 061449.856 INFO             PET1 PIOc_sync Enter - MemInfo: [/proc/self/status]	VmPeak:	  140792 kB
20220313 061449.856 INFO             PET1 PIOc_sync Enter - MemInfo: [/proc/self/status]	VmSize:	  140792 kB
20220313 061449.856 INFO             PET1 PIOc_sync Enter - MemInfo: [/proc/self/status]	VmLck:	       0 kB
20220313 061449.856 INFO             PET1 PIOc_sync Enter - MemInfo: [/proc/self/status]	VmPin:	       0 kB
20220313 061449.856 INFO             PET1 PIOc_sync Enter - MemInfo: [/proc/self/status]	VmHWM:	   24120 kB
20220313 061449.856 INFO             PET1 PIOc_sync Enter - MemInfo: [/proc/self/status]	VmRSS:	   24120 kB
20220313 061449.856 INFO             PET1 PIOc_sync Enter - MemInfo: [/proc/self/status]	VmData:	   45200 kB
20220313 061449.856 INFO             PET1 PIOc_sync Enter - MemInfo: [/proc/self/status]	VmStk:	     144 kB
20220313 061449.856 INFO             PET1 PIOc_sync Enter - MemInfo: [/proc/self/status]	VmExe:	     212 kB
20220313 061449.856 INFO             PET1 PIOc_sync Enter - MemInfo: [/proc/self/status]	VmLib:	   39752 kB
20220313 061449.856 INFO             PET1 PIOc_sync Enter - MemInfo: [/proc/self/status]	VmPTE:	     232 kB
20220313 061449.856 INFO             PET1 PIOc_sync Enter - MemInfo: [/proc/self/status]	VmPMD:	      12 kB
20220313 061449.856 INFO             PET1 PIOc_sync Enter - MemInfo: [/proc/self/status]	VmSwap:	       0 kB
20220313 061449.856 INFO             PET1 PIOc_sync Enter - MemInfo: [/proc/self/status]	VmRSSPercent: 0.0368205 %
20220313 061449.856 INFO             PET1 PIOc_sync Enter - MemInfo: [malloc] Non-mmapped space allocated:                42868736 Byte
20220313 061449.856 INFO             PET1 PIOc_sync Enter - MemInfo: [malloc] Space allocated in mmapped regions:                0 Byte
20220313 061449.856 INFO             PET1 PIOc_sync Enter - MemInfo: [malloc] Maximum total allocated space:                     0 Byte
20220313 061449.856 INFO             PET1 PIOc_sync Enter - MemInfo: [malloc] Space in freed fastbin blocks:                   944 Byte
20220313 061449.856 INFO             PET1 PIOc_sync Enter - MemInfo: [malloc] Total allocated space:                      19791216 Byte
20220313 061449.856 INFO             PET1 PIOc_sync Enter - MemInfo: [malloc] Total free space:                           23077520 Byte
20220313 061449.856 INFO             PET1 PIOc_sync Enter - MemInfo: [malloc] Top-most, releasable space:                 17518576 Byte
20220313 061449.856 INFO             PET1 PIOc_sync Enter - MemInfo: [malloc] Total space in use, mmap + non-mmap:        19791216 Byte
20220313 061449.856 INFO             PET1 PIOc_sync Enter - MemInfo: [malloc] Total space held (mmap + non-mmap):         42868736 Byte
20220313 061449.856 INFO             PET1 PIOc_sync Enter - MemInfo: [malloc] Total space used (mmap + non-mmap):         19800544 Byte
20220313 061449.856 INFO             PET1 PIOc_sync Enter - MemInfo: Wall-clock time since execution start:               0.245405 seconds
20220313 061449.856 INFO             PET1 PIOc_sync Exit - MemInfo: [/proc/meminfo - SSI]	MemTotal:       65507008 kB
20220313 061449.856 INFO             PET1 PIOc_sync Exit - MemInfo: [/proc/meminfo - SSI]	MemFree:        49823324 kB
20220313 061449.856 INFO             PET1 PIOc_sync Exit - MemInfo: [/proc/meminfo - SSI]	MemAvailable:   49574076 kB
20220313 061449.856 INFO             PET1 PIOc_sync Exit - MemInfo: [/proc/meminfo - SSI]	Committed_AS:   13254484 kB
20220313 061449.856 INFO             PET1 PIOc_sync Exit - MemInfo: [/proc/meminfo - SSI]	CommittedPercent: 20.2337 %
20220313 061449.856 INFO             PET1 PIOc_sync Exit - MemInfo: [/proc/self/status]	VmPeak:	  140792 kB
20220313 061449.856 INFO             PET1 PIOc_sync Exit - MemInfo: [/proc/self/status]	VmSize:	  140792 kB
20220313 061449.856 INFO             PET1 PIOc_sync Exit - MemInfo: [/proc/self/status]	VmLck:	       0 kB
20220313 061449.856 INFO             PET1 PIOc_sync Exit - MemInfo: [/proc/self/status]	VmPin:	       0 kB
20220313 061449.856 INFO             PET1 PIOc_sync Exit - MemInfo: [/proc/self/status]	VmHWM:	   24120 kB
20220313 061449.856 INFO             PET1 PIOc_sync Exit - MemInfo: [/proc/self/status]	VmRSS:	   24120 kB
20220313 061449.856 INFO             PET1 PIOc_sync Exit - MemInfo: [/proc/self/status]	VmData:	   45200 kB
20220313 061449.856 INFO             PET1 PIOc_sync Exit - MemInfo: [/proc/self/status]	VmStk:	     144 kB
20220313 061449.856 INFO             PET1 PIOc_sync Exit - MemInfo: [/proc/self/status]	VmExe:	     212 kB
20220313 061449.856 INFO             PET1 PIOc_sync Exit - MemInfo: [/proc/self/status]	VmLib:	   39752 kB
20220313 061449.856 INFO             PET1 PIOc_sync Exit - MemInfo: [/proc/self/status]	VmPTE:	     232 kB
20220313 061449.856 INFO             PET1 PIOc_sync Exit - MemInfo: [/proc/self/status]	VmPMD:	      12 kB
20220313 061449.856 INFO             PET1 PIOc_sync Exit - MemInfo: [/proc/self/status]	VmSwap:	       0 kB
20220313 061449.856 INFO             PET1 PIOc_sync Exit - MemInfo: [/proc/self/status]	VmRSSPercent: 0.0368205 %
20220313 061449.856 INFO             PET1 PIOc_sync Exit - MemInfo: [malloc] Non-mmapped space allocated:                42868736 Byte
20220313 061449.856 INFO             PET1 PIOc_sync Exit - MemInfo: [malloc] Space allocated in mmapped regions:                0 Byte
20220313 061449.856 INFO             PET1 PIOc_sync Exit - MemInfo: [malloc] Maximum total allocated space:                     0 Byte
20220313 061449.856 INFO             PET1 PIOc_sync Exit - MemInfo: [malloc] Space in freed fastbin blocks:                  1472 Byte
20220313 061449.856 INFO             PET1 PIOc_sync Exit - MemInfo: [malloc] Total allocated space:                      19790496 Byte
20220313 061449.856 INFO             PET1 PIOc_sync Exit - MemInfo: [malloc] Total free space:                           23078240 Byte
20220313 061449.856 INFO             PET1 PIOc_sync Exit - MemInfo: [malloc] Top-most, releasable space:                 17518576 Byte
20220313 061449.856 INFO             PET1 PIOc_sync Exit - MemInfo: [malloc] Total space in use, mmap + non-mmap:        19790496 Byte
20220313 061449.856 INFO             PET1 PIOc_sync Exit - MemInfo: [malloc] Total space held (mmap + non-mmap):         42868736 Byte
20220313 061449.856 INFO             PET1 PIOc_sync Exit - MemInfo: [malloc] Total space used (mmap + non-mmap):         19799824 Byte
20220313 061449.856 INFO             PET1 PIOc_sync Exit - MemInfo: Wall-clock time since execution start:               0.245782 seconds
20220313 061449.857 INFO             PET1 PIOc_freedecomp Enter - MemInfo: [/proc/meminfo - SSI]	MemTotal:       65507008 kB
20220313 061449.857 INFO             PET1 PIOc_freedecomp Enter - MemInfo: [/proc/meminfo - SSI]	MemFree:        49823324 kB
20220313 061449.857 INFO             PET1 PIOc_freedecomp Enter - MemInfo: [/proc/meminfo - SSI]	MemAvailable:   49574076 kB
20220313 061449.857 INFO             PET1 PIOc_freedecomp Enter - MemInfo: [/proc/meminfo - SSI]	Committed_AS:   13254484 kB
20220313 061449.857 INFO             PET1 PIOc_freedecomp Enter - MemInfo: [/proc/meminfo - SSI]	CommittedPercent: 20.2337 %
20220313 061449.857 INFO             PET1 PIOc_freedecomp Enter - MemInfo: [/proc/self/status]	VmPeak:	  140792 kB
20220313 061449.857 INFO             PET1 PIOc_freedecomp Enter - MemInfo: [/proc/self/status]	VmSize:	  140792 kB
20220313 061449.857 INFO             PET1 PIOc_freedecomp Enter - MemInfo: [/proc/self/status]	VmLck:	       0 kB
20220313 061449.857 INFO             PET1 PIOc_freedecomp Enter - MemInfo: [/proc/self/status]	VmPin:	       0 kB
20220313 061449.857 INFO             PET1 PIOc_freedecomp Enter - MemInfo: [/proc/self/status]	VmHWM:	   24120 kB
20220313 061449.857 INFO             PET1 PIOc_freedecomp Enter - MemInfo: [/proc/self/status]	VmRSS:	   24120 kB
20220313 061449.857 INFO             PET1 PIOc_freedecomp Enter - MemInfo: [/proc/self/status]	VmData:	   45200 kB
20220313 061449.857 INFO             PET1 PIOc_freedecomp Enter - MemInfo: [/proc/self/status]	VmStk:	     144 kB
20220313 061449.857 INFO             PET1 PIOc_freedecomp Enter - MemInfo: [/proc/self/status]	VmExe:	     212 kB
20220313 061449.857 INFO             PET1 PIOc_freedecomp Enter - MemInfo: [/proc/self/status]	VmLib:	   39752 kB
20220313 061449.857 INFO             PET1 PIOc_freedecomp Enter - MemInfo: [/proc/self/status]	VmPTE:	     232 kB
20220313 061449.857 INFO             PET1 PIOc_freedecomp Enter - MemInfo: [/proc/self/status]	VmPMD:	      12 kB
20220313 061449.857 INFO             PET1 PIOc_freedecomp Enter - MemInfo: [/proc/self/status]	VmSwap:	       0 kB
20220313 061449.857 INFO             PET1 PIOc_freedecomp Enter - MemInfo: [/proc/self/status]	VmRSSPercent: 0.0368205 %
20220313 061449.857 INFO             PET1 PIOc_freedecomp Enter - MemInfo: [malloc] Non-mmapped space allocated:                42868736 Byte
20220313 061449.857 INFO             PET1 PIOc_freedecomp Enter - MemInfo: [malloc] Space allocated in mmapped regions:                0 Byte
20220313 061449.857 INFO             PET1 PIOc_freedecomp Enter - MemInfo: [malloc] Maximum total allocated space:                     0 Byte
20220313 061449.857 INFO             PET1 PIOc_freedecomp Enter - MemInfo: [malloc] Space in freed fastbin blocks:                  1376 Byte
20220313 061449.857 INFO             PET1 PIOc_freedecomp Enter - MemInfo: [malloc] Total allocated space:                      19788720 Byte
20220313 061449.857 INFO             PET1 PIOc_freedecomp Enter - MemInfo: [malloc] Total free space:                           23080016 Byte
20220313 061449.857 INFO             PET1 PIOc_freedecomp Enter - MemInfo: [malloc] Top-most, releasable space:                 17518576 Byte
20220313 061449.857 INFO             PET1 PIOc_freedecomp Enter - MemInfo: [malloc] Total space in use, mmap + non-mmap:        19788720 Byte
20220313 061449.857 INFO             PET1 PIOc_freedecomp Enter - MemInfo: [malloc] Total space held (mmap + non-mmap):         42868736 Byte
20220313 061449.857 INFO             PET1 PIOc_freedecomp Enter - MemInfo: [malloc] Total space used (mmap + non-mmap):         19798048 Byte
20220313 061449.857 INFO             PET1 PIOc_freedecomp Enter - MemInfo: Wall-clock time since execution start:               0.246142 seconds
20220313 061449.857 INFO             PET1 PIOc_freedecomp Exit - MemInfo: [/proc/meminfo - SSI]	MemTotal:       65507008 kB
20220313 061449.857 INFO             PET1 PIOc_freedecomp Exit - MemInfo: [/proc/meminfo - SSI]	MemFree:        49823324 kB
20220313 061449.857 INFO             PET1 PIOc_freedecomp Exit - MemInfo: [/proc/meminfo - SSI]	MemAvailable:   49574076 kB
20220313 061449.857 INFO             PET1 PIOc_freedecomp Exit - MemInfo: [/proc/meminfo - SSI]	Committed_AS:   13254484 kB
20220313 061449.857 INFO             PET1 PIOc_freedecomp Exit - MemInfo: [/proc/meminfo - SSI]	CommittedPercent: 20.2337 %
20220313 061449.857 INFO             PET1 PIOc_freedecomp Exit - MemInfo: [/proc/self/status]	VmPeak:	  140792 kB
20220313 061449.857 INFO             PET1 PIOc_freedecomp Exit - MemInfo: [/proc/self/status]	VmSize:	  140792 kB
20220313 061449.857 INFO             PET1 PIOc_freedecomp Exit - MemInfo: [/proc/self/status]	VmLck:	       0 kB
20220313 061449.857 INFO             PET1 PIOc_freedecomp Exit - MemInfo: [/proc/self/status]	VmPin:	       0 kB
20220313 061449.857 INFO             PET1 PIOc_freedecomp Exit - MemInfo: [/proc/self/status]	VmHWM:	   24120 kB
20220313 061449.857 INFO             PET1 PIOc_freedecomp Exit - MemInfo: [/proc/self/status]	VmRSS:	   24120 kB
20220313 061449.857 INFO             PET1 PIOc_freedecomp Exit - MemInfo: [/proc/self/status]	VmData:	   45200 kB
20220313 061449.857 INFO             PET1 PIOc_freedecomp Exit - MemInfo: [/proc/self/status]	VmStk:	     144 kB
20220313 061449.857 INFO             PET1 PIOc_freedecomp Exit - MemInfo: [/proc/self/status]	VmExe:	     212 kB
20220313 061449.857 INFO             PET1 PIOc_freedecomp Exit - MemInfo: [/proc/self/status]	VmLib:	   39752 kB
20220313 061449.857 INFO             PET1 PIOc_freedecomp Exit - MemInfo: [/proc/self/status]	VmPTE:	     232 kB
20220313 061449.857 INFO             PET1 PIOc_freedecomp Exit - MemInfo: [/proc/self/status]	VmPMD:	      12 kB
20220313 061449.857 INFO             PET1 PIOc_freedecomp Exit - MemInfo: [/proc/self/status]	VmSwap:	       0 kB
20220313 061449.857 INFO             PET1 PIOc_freedecomp Exit - MemInfo: [/proc/self/status]	VmRSSPercent: 0.0368205 %
20220313 061449.857 INFO             PET1 PIOc_freedecomp Exit - MemInfo: [malloc] Non-mmapped space allocated:                42868736 Byte
20220313 061449.857 INFO             PET1 PIOc_freedecomp Exit - MemInfo: [malloc] Space allocated in mmapped regions:                0 Byte
20220313 061449.857 INFO             PET1 PIOc_freedecomp Exit - MemInfo: [malloc] Maximum total allocated space:                     0 Byte
20220313 061449.857 INFO             PET1 PIOc_freedecomp Exit - MemInfo: [malloc] Space in freed fastbin blocks:                  1568 Byte
20220313 061449.857 INFO             PET1 PIOc_freedecomp Exit - MemInfo: [malloc] Total allocated space:                      19787376 Byte
20220313 061449.857 INFO             PET1 PIOc_freedecomp Exit - MemInfo: [malloc] Total free space:                           23081360 Byte
20220313 061449.857 INFO             PET1 PIOc_freedecomp Exit - MemInfo: [malloc] Top-most, releasable space:                 17518576 Byte
20220313 061449.857 INFO             PET1 PIOc_freedecomp Exit - MemInfo: [malloc] Total space in use, mmap + non-mmap:        19787376 Byte
20220313 061449.857 INFO             PET1 PIOc_freedecomp Exit - MemInfo: [malloc] Total space held (mmap + non-mmap):         42868736 Byte
20220313 061449.857 INFO             PET1 PIOc_freedecomp Exit - MemInfo: [malloc] Total space used (mmap + non-mmap):         19796704 Byte
20220313 061449.857 INFO             PET1 PIOc_freedecomp Exit - MemInfo: Wall-clock time since execution start:               0.246471 seconds
20220313 061449.858 INFO             PET1 PIOc_sync Enter - MemInfo: [/proc/meminfo - SSI]	MemTotal:       65507008 kB
20220313 061449.858 INFO             PET1 PIOc_sync Enter - MemInfo: [/proc/meminfo - SSI]	MemFree:        49823324 kB
20220313 061449.858 INFO             PET1 PIOc_sync Enter - MemInfo: [/proc/meminfo - SSI]	MemAvailable:   49574076 kB
20220313 061449.858 INFO             PET1 PIOc_sync Enter - MemInfo: [/proc/meminfo - SSI]	Committed_AS:   13254484 kB
20220313 061449.858 INFO             PET1 PIOc_sync Enter - MemInfo: [/proc/meminfo - SSI]	CommittedPercent: 20.2337 %
20220313 061449.858 INFO             PET1 PIOc_sync Enter - MemInfo: [/proc/self/status]	VmPeak:	  140792 kB
20220313 061449.858 INFO             PET1 PIOc_sync Enter - MemInfo: [/proc/self/status]	VmSize:	  140792 kB
20220313 061449.858 INFO             PET1 PIOc_sync Enter - MemInfo: [/proc/self/status]	VmLck:	       0 kB
20220313 061449.858 INFO             PET1 PIOc_sync Enter - MemInfo: [/proc/self/status]	VmPin:	       0 kB
20220313 061449.858 INFO             PET1 PIOc_sync Enter - MemInfo: [/proc/self/status]	VmHWM:	   24120 kB
20220313 061449.858 INFO             PET1 PIOc_sync Enter - MemInfo: [/proc/self/status]	VmRSS:	   24120 kB
20220313 061449.858 INFO             PET1 PIOc_sync Enter - MemInfo: [/proc/self/status]	VmData:	   45200 kB
20220313 061449.858 INFO             PET1 PIOc_sync Enter - MemInfo: [/proc/self/status]	VmStk:	     144 kB
20220313 061449.858 INFO             PET1 PIOc_sync Enter - MemInfo: [/proc/self/status]	VmExe:	     212 kB
20220313 061449.858 INFO             PET1 PIOc_sync Enter - MemInfo: [/proc/self/status]	VmLib:	   39752 kB
20220313 061449.858 INFO             PET1 PIOc_sync Enter - MemInfo: [/proc/self/status]	VmPTE:	     232 kB
20220313 061449.858 INFO             PET1 PIOc_sync Enter - MemInfo: [/proc/self/status]	VmPMD:	      12 kB
20220313 061449.858 INFO             PET1 PIOc_sync Enter - MemInfo: [/proc/self/status]	VmSwap:	       0 kB
20220313 061449.858 INFO             PET1 PIOc_sync Enter - MemInfo: [/proc/self/status]	VmRSSPercent: 0.0368205 %
20220313 061449.858 INFO             PET1 PIOc_sync Enter - MemInfo: [malloc] Non-mmapped space allocated:                42868736 Byte
20220313 061449.858 INFO             PET1 PIOc_sync Enter - MemInfo: [malloc] Space allocated in mmapped regions:                0 Byte
20220313 061449.858 INFO             PET1 PIOc_sync Enter - MemInfo: [malloc] Maximum total allocated space:                     0 Byte
20220313 061449.858 INFO             PET1 PIOc_sync Enter - MemInfo: [malloc] Space in freed fastbin blocks:                   944 Byte
20220313 061449.858 INFO             PET1 PIOc_sync Enter - MemInfo: [malloc] Total allocated space:                      19791360 Byte
20220313 061449.858 INFO             PET1 PIOc_sync Enter - MemInfo: [malloc] Total free space:                           23077376 Byte
20220313 061449.858 INFO             PET1 PIOc_sync Enter - MemInfo: [malloc] Top-most, releasable space:                 17518576 Byte
20220313 061449.858 INFO             PET1 PIOc_sync Enter - MemInfo: [malloc] Total space in use, mmap + non-mmap:        19791360 Byte
20220313 061449.858 INFO             PET1 PIOc_sync Enter - MemInfo: [malloc] Total space held (mmap + non-mmap):         42868736 Byte
20220313 061449.858 INFO             PET1 PIOc_sync Enter - MemInfo: [malloc] Total space used (mmap + non-mmap):         19800688 Byte
