build time -- 2022-03-12 06:04:16.174927
20220312 061634.404 INFO             PET0 !!!!!!!!!!!!!!!!!!!!!!!!!!!!!!!!!!!!!!!!!!!!!!!!!!!!!!
20220312 061634.404 INFO             PET0 !!! THE ESMF_LOG IS SET TO OUTPUT ALL LOG MESSAGES !!!
20220312 061634.404 INFO             PET0 !!!     THIS MAY CAUSE SLOWDOWN IN PERFORMANCE     !!!
20220312 061634.404 INFO             PET0 !!! FOR PRODUCTION RUNS, USE:                      !!!
20220312 061634.404 INFO             PET0 !!!                   ESMF_LOGKIND_Multi_On_Error  !!!
20220312 061634.404 INFO             PET0 !!!!!!!!!!!!!!!!!!!!!!!!!!!!!!!!!!!!!!!!!!!!!!!!!!!!!!
20220312 061634.404 INFO             PET0 Running with ESMF Version   : v8.3.0b09-96-g559b459836
20220312 061634.404 INFO             PET0 ESMF library build date/time: "Mar 12 2022" "06:02:22"
20220312 061634.404 INFO             PET0 ESMF library build location : /glade/scratch/rlong/esmf-testing/gfortran_10.1.0_mpt_O_jedwards_pio_update2
20220312 061634.404 INFO             PET0 ESMF_COMM                   : mpt
20220312 061634.404 INFO             PET0 ESMF_MOAB                   : enabled
20220312 061634.404 INFO             PET0 ESMF_LAPACK                 : enabled
20220312 061634.404 INFO             PET0 ESMF_NETCDF                 : enabled
20220312 061634.404 INFO             PET0 ESMF_PNETCDF                : disabled
20220312 061634.404 INFO             PET0 ESMF_PIO                    : enabled
20220312 061634.404 INFO             PET0 ESMF_YAMLCPP                : enabled
20220312 061634.405 INFO             PET0  Beginning Test, file ESMF_FieldIOUTest.F90, line 123
20220312 061634.405 INFO             PET0  NUMBER_OF_PROCESSORS           4
20220312 061634.405 INFO             PET0  PASS  Array Spec Set, ESMF_FieldIOUTest.F90, line 146
20220312 061634.405 INFO             PET0  PASS  Creating a Grid to use in Field Tests, ESMF_FieldIOUTest.F90, line 157
20220312 061634.405 INFO             PET0  PASS  Create a field from grid and fortran dummy array, ESMF_FieldIOUTest.F90, line 179
20220312 061634.405 INFO             PET0  PASS  Get Farray_w from field, ESMF_FieldIOUTest.F90, line 190
20220312 061634.416 INFO             PET0 PIOc_sync Enter - MemInfo: [/proc/meminfo - SSI]	MemTotal:       65507008 kB
20220312 061634.416 INFO             PET0 PIOc_sync Enter - MemInfo: [/proc/meminfo - SSI]	MemFree:        49859384 kB
20220312 061634.416 INFO             PET0 PIOc_sync Enter - MemInfo: [/proc/meminfo - SSI]	MemAvailable:   49617112 kB
20220312 061634.416 INFO             PET0 PIOc_sync Enter - MemInfo: [/proc/meminfo - SSI]	Committed_AS:   13178232 kB
20220312 061634.416 INFO             PET0 PIOc_sync Enter - MemInfo: [/proc/meminfo - SSI]	CommittedPercent: 20.1173 %
20220312 061634.416 INFO             PET0 PIOc_sync Enter - MemInfo: [/proc/self/status]	VmPeak:	  134292 kB
20220312 061634.416 INFO             PET0 PIOc_sync Enter - MemInfo: [/proc/self/status]	VmSize:	  134292 kB
20220312 061634.416 INFO             PET0 PIOc_sync Enter - MemInfo: [/proc/self/status]	VmLck:	       0 kB
20220312 061634.416 INFO             PET0 PIOc_sync Enter - MemInfo: [/proc/self/status]	VmPin:	       0 kB
20220312 061634.416 INFO             PET0 PIOc_sync Enter - MemInfo: [/proc/self/status]	VmHWM:	   30096 kB
20220312 061634.416 INFO             PET0 PIOc_sync Enter - MemInfo: [/proc/self/status]	VmRSS:	   30096 kB
20220312 061634.416 INFO             PET0 PIOc_sync Enter - MemInfo: [/proc/self/status]	VmData:	   38648 kB
20220312 061634.416 INFO             PET0 PIOc_sync Enter - MemInfo: [/proc/self/status]	VmStk:	     144 kB
20220312 061634.416 INFO             PET0 PIOc_sync Enter - MemInfo: [/proc/self/status]	VmExe:	     264 kB
20220312 061634.416 INFO             PET0 PIOc_sync Enter - MemInfo: [/proc/self/status]	VmLib:	   39752 kB
20220312 061634.416 INFO             PET0 PIOc_sync Enter - MemInfo: [/proc/self/status]	VmPTE:	     240 kB
20220312 061634.416 INFO             PET0 PIOc_sync Enter - MemInfo: [/proc/self/status]	VmPMD:	      12 kB
20220312 061634.419 INFO             PET0 PIOc_sync Enter - MemInfo: [/proc/self/status]	VmSwap:	       0 kB
20220312 061634.419 INFO             PET0 PIOc_sync Enter - MemInfo: [/proc/self/status]	VmRSSPercent: 0.0459432 %
20220312 061634.419 INFO             PET0 PIOc_sync Enter - MemInfo: [malloc] Non-mmapped space allocated:                36159488 Byte
20220312 061634.419 INFO             PET0 PIOc_sync Enter - MemInfo: [malloc] Space allocated in mmapped regions:                0 Byte
20220312 061634.419 INFO             PET0 PIOc_sync Enter - MemInfo: [malloc] Maximum total allocated space:                     0 Byte
20220312 061634.419 INFO             PET0 PIOc_sync Enter - MemInfo: [malloc] Space in freed fastbin blocks:                   704 Byte
20220312 061634.419 INFO             PET0 PIOc_sync Enter - MemInfo: [malloc] Total allocated space:                      36046704 Byte
20220312 061634.419 INFO             PET0 PIOc_sync Enter - MemInfo: [malloc] Total free space:                             112784 Byte
20220312 061634.419 INFO             PET0 PIOc_sync Enter - MemInfo: [malloc] Top-most, releasable space:                   111104 Byte
20220312 061634.419 INFO             PET0 PIOc_sync Enter - MemInfo: [malloc] Total space in use, mmap + non-mmap:        36046704 Byte
20220312 061634.419 INFO             PET0 PIOc_sync Enter - MemInfo: [malloc] Total space held (mmap + non-mmap):         36159488 Byte
20220312 061634.419 INFO             PET0 PIOc_sync Enter - MemInfo: [malloc] Total space used (mmap + non-mmap):         36056032 Byte
20220312 061634.419 INFO             PET0 PIOc_sync Enter - MemInfo: Wall-clock time since execution start:              0.0155269 seconds
20220312 061634.419 INFO             PET0 PIOc_sync Exit - MemInfo: [/proc/meminfo - SSI]	MemTotal:       65507008 kB
20220312 061634.419 INFO             PET0 PIOc_sync Exit - MemInfo: [/proc/meminfo - SSI]	MemFree:        49859384 kB
20220312 061634.419 INFO             PET0 PIOc_sync Exit - MemInfo: [/proc/meminfo - SSI]	MemAvailable:   49617112 kB
20220312 061634.419 INFO             PET0 PIOc_sync Exit - MemInfo: [/proc/meminfo - SSI]	Committed_AS:   13178232 kB
20220312 061634.419 INFO             PET0 PIOc_sync Exit - MemInfo: [/proc/meminfo - SSI]	CommittedPercent: 20.1173 %
20220312 061634.419 INFO             PET0 PIOc_sync Exit - MemInfo: [/proc/self/status]	VmPeak:	  134292 kB
20220312 061634.419 INFO             PET0 PIOc_sync Exit - MemInfo: [/proc/self/status]	VmSize:	  134292 kB
20220312 061634.419 INFO             PET0 PIOc_sync Exit - MemInfo: [/proc/self/status]	VmLck:	       0 kB
20220312 061634.419 INFO             PET0 PIOc_sync Exit - MemInfo: [/proc/self/status]	VmPin:	       0 kB
20220312 061634.419 INFO             PET0 PIOc_sync Exit - MemInfo: [/proc/self/status]	VmHWM:	   30228 kB
20220312 061634.419 INFO             PET0 PIOc_sync Exit - MemInfo: [/proc/self/status]	VmRSS:	   30228 kB
20220312 061634.419 INFO             PET0 PIOc_sync Exit - MemInfo: [/proc/self/status]	VmData:	   38648 kB
20220312 061634.419 INFO             PET0 PIOc_sync Exit - MemInfo: [/proc/self/status]	VmStk:	     144 kB
20220312 061634.419 INFO             PET0 PIOc_sync Exit - MemInfo: [/proc/self/status]	VmExe:	     264 kB
20220312 061634.419 INFO             PET0 PIOc_sync Exit - MemInfo: [/proc/self/status]	VmLib:	   39752 kB
20220312 061634.419 INFO             PET0 PIOc_sync Exit - MemInfo: [/proc/self/status]	VmPTE:	     240 kB
20220312 061634.419 INFO             PET0 PIOc_sync Exit - MemInfo: [/proc/self/status]	VmPMD:	      12 kB
20220312 061634.419 INFO             PET0 PIOc_sync Exit - MemInfo: [/proc/self/status]	VmSwap:	       0 kB
20220312 061634.419 INFO             PET0 PIOc_sync Exit - MemInfo: [/proc/self/status]	VmRSSPercent: 0.0461447 %
20220312 061634.419 INFO             PET0 PIOc_sync Exit - MemInfo: [malloc] Non-mmapped space allocated:                36159488 Byte
20220312 061634.419 INFO             PET0 PIOc_sync Exit - MemInfo: [malloc] Space allocated in mmapped regions:                0 Byte
20220312 061634.419 INFO             PET0 PIOc_sync Exit - MemInfo: [malloc] Maximum total allocated space:                     0 Byte
20220312 061634.419 INFO             PET0 PIOc_sync Exit - MemInfo: [malloc] Space in freed fastbin blocks:                   976 Byte
20220312 061634.419 INFO             PET0 PIOc_sync Exit - MemInfo: [malloc] Total allocated space:                      36046160 Byte
20220312 061634.419 INFO             PET0 PIOc_sync Exit - MemInfo: [malloc] Total free space:                             113328 Byte
20220312 061634.419 INFO             PET0 PIOc_sync Exit - MemInfo: [malloc] Top-most, releasable space:                   108240 Byte
20220312 061634.419 INFO             PET0 PIOc_sync Exit - MemInfo: [malloc] Total space in use, mmap + non-mmap:        36046160 Byte
20220312 061634.419 INFO             PET0 PIOc_sync Exit - MemInfo: [malloc] Total space held (mmap + non-mmap):         36159488 Byte
20220312 061634.419 INFO             PET0 PIOc_sync Exit - MemInfo: [malloc] Total space used (mmap + non-mmap):         36055488 Byte
20220312 061634.419 INFO             PET0 PIOc_sync Exit - MemInfo: Wall-clock time since execution start:              0.0159755 seconds
20220312 061634.419 INFO             PET0 PIOc_freedecomp Enter - MemInfo: [/proc/meminfo - SSI]	MemTotal:       65507008 kB
20220312 061634.419 INFO             PET0 PIOc_freedecomp Enter - MemInfo: [/proc/meminfo - SSI]	MemFree:        49859384 kB
20220312 061634.419 INFO             PET0 PIOc_freedecomp Enter - MemInfo: [/proc/meminfo - SSI]	MemAvailable:   49617112 kB
20220312 061634.419 INFO             PET0 PIOc_freedecomp Enter - MemInfo: [/proc/meminfo - SSI]	Committed_AS:   13178232 kB
20220312 061634.419 INFO             PET0 PIOc_freedecomp Enter - MemInfo: [/proc/meminfo - SSI]	CommittedPercent: 20.1173 %
20220312 061634.419 INFO             PET0 PIOc_freedecomp Enter - MemInfo: [/proc/self/status]	VmPeak:	  134292 kB
20220312 061634.419 INFO             PET0 PIOc_freedecomp Enter - MemInfo: [/proc/self/status]	VmSize:	  134292 kB
20220312 061634.419 INFO             PET0 PIOc_freedecomp Enter - MemInfo: [/proc/self/status]	VmLck:	       0 kB
20220312 061634.419 INFO             PET0 PIOc_freedecomp Enter - MemInfo: [/proc/self/status]	VmPin:	       0 kB
20220312 061634.419 INFO             PET0 PIOc_freedecomp Enter - MemInfo: [/proc/self/status]	VmHWM:	   30228 kB
20220312 061634.419 INFO             PET0 PIOc_freedecomp Enter - MemInfo: [/proc/self/status]	VmRSS:	   30228 kB
20220312 061634.420 INFO             PET0 PIOc_freedecomp Enter - MemInfo: [/proc/self/status]	VmData:	   38648 kB
20220312 061634.420 INFO             PET0 PIOc_freedecomp Enter - MemInfo: [/proc/self/status]	VmStk:	     144 kB
20220312 061634.420 INFO             PET0 PIOc_freedecomp Enter - MemInfo: [/proc/self/status]	VmExe:	     264 kB
20220312 061634.420 INFO             PET0 PIOc_freedecomp Enter - MemInfo: [/proc/self/status]	VmLib:	   39752 kB
20220312 061634.420 INFO             PET0 PIOc_freedecomp Enter - MemInfo: [/proc/self/status]	VmPTE:	     240 kB
20220312 061634.420 INFO             PET0 PIOc_freedecomp Enter - MemInfo: [/proc/self/status]	VmPMD:	      12 kB
20220312 061634.420 INFO             PET0 PIOc_freedecomp Enter - MemInfo: [/proc/self/status]	VmSwap:	       0 kB
20220312 061634.420 INFO             PET0 PIOc_freedecomp Enter - MemInfo: [/proc/self/status]	VmRSSPercent: 0.0461447 %
20220312 061634.420 INFO             PET0 PIOc_freedecomp Enter - MemInfo: [malloc] Non-mmapped space allocated:                36159488 Byte
20220312 061634.420 INFO             PET0 PIOc_freedecomp Enter - MemInfo: [malloc] Space allocated in mmapped regions:                0 Byte
20220312 061634.420 INFO             PET0 PIOc_freedecomp Enter - MemInfo: [malloc] Maximum total allocated space:                     0 Byte
20220312 061634.420 INFO             PET0 PIOc_freedecomp Enter - MemInfo: [malloc] Space in freed fastbin blocks:                  1056 Byte
20220312 061634.420 INFO             PET0 PIOc_freedecomp Enter - MemInfo: [malloc] Total allocated space:                      18731344 Byte
20220312 061634.420 INFO             PET0 PIOc_freedecomp Enter - MemInfo: [malloc] Total free space:                           17428144 Byte
20220312 061634.420 INFO             PET0 PIOc_freedecomp Enter - MemInfo: [malloc] Top-most, releasable space:                   108240 Byte
20220312 061634.420 INFO             PET0 PIOc_freedecomp Enter - MemInfo: [malloc] Total space in use, mmap + non-mmap:        18731344 Byte
20220312 061634.420 INFO             PET0 PIOc_freedecomp Enter - MemInfo: [malloc] Total space held (mmap + non-mmap):         36159488 Byte
20220312 061634.420 INFO             PET0 PIOc_freedecomp Enter - MemInfo: [malloc] Total space used (mmap + non-mmap):         18740672 Byte
20220312 061634.420 INFO             PET0 PIOc_freedecomp Enter - MemInfo: Wall-clock time since execution start:              0.0163491 seconds
20220312 061634.420 INFO             PET0 PIOc_freedecomp Exit - MemInfo: [/proc/meminfo - SSI]	MemTotal:       65507008 kB
20220312 061634.420 INFO             PET0 PIOc_freedecomp Exit - MemInfo: [/proc/meminfo - SSI]	MemFree:        49859384 kB
20220312 061634.420 INFO             PET0 PIOc_freedecomp Exit - MemInfo: [/proc/meminfo - SSI]	MemAvailable:   49617112 kB
20220312 061634.420 INFO             PET0 PIOc_freedecomp Exit - MemInfo: [/proc/meminfo - SSI]	Committed_AS:   13178232 kB
20220312 061634.420 INFO             PET0 PIOc_freedecomp Exit - MemInfo: [/proc/meminfo - SSI]	CommittedPercent: 20.1173 %
20220312 061634.420 INFO             PET0 PIOc_freedecomp Exit - MemInfo: [/proc/self/status]	VmPeak:	  134292 kB
20220312 061634.420 INFO             PET0 PIOc_freedecomp Exit - MemInfo: [/proc/self/status]	VmSize:	  134292 kB
20220312 061634.420 INFO             PET0 PIOc_freedecomp Exit - MemInfo: [/proc/self/status]	VmLck:	       0 kB
20220312 061634.420 INFO             PET0 PIOc_freedecomp Exit - MemInfo: [/proc/self/status]	VmPin:	       0 kB
20220312 061634.420 INFO             PET0 PIOc_freedecomp Exit - MemInfo: [/proc/self/status]	VmHWM:	   30228 kB
20220312 061634.420 INFO             PET0 PIOc_freedecomp Exit - MemInfo: [/proc/self/status]	VmRSS:	   30228 kB
20220312 061634.420 INFO             PET0 PIOc_freedecomp Exit - MemInfo: [/proc/self/status]	VmData:	   38648 kB
20220312 061634.420 INFO             PET0 PIOc_freedecomp Exit - MemInfo: [/proc/self/status]	VmStk:	     144 kB
20220312 061634.420 INFO             PET0 PIOc_freedecomp Exit - MemInfo: [/proc/self/status]	VmExe:	     264 kB
20220312 061634.420 INFO             PET0 PIOc_freedecomp Exit - MemInfo: [/proc/self/status]	VmLib:	   39752 kB
20220312 061634.420 INFO             PET0 PIOc_freedecomp Exit - MemInfo: [/proc/self/status]	VmPTE:	     240 kB
20220312 061634.420 INFO             PET0 PIOc_freedecomp Exit - MemInfo: [/proc/self/status]	VmPMD:	      12 kB
20220312 061634.420 INFO             PET0 PIOc_freedecomp Exit - MemInfo: [/proc/self/status]	VmSwap:	       0 kB
20220312 061634.420 INFO             PET0 PIOc_freedecomp Exit - MemInfo: [/proc/self/status]	VmRSSPercent: 0.0461447 %
20220312 061634.420 INFO             PET0 PIOc_freedecomp Exit - MemInfo: [malloc] Non-mmapped space allocated:                36159488 Byte
20220312 061634.420 INFO             PET0 PIOc_freedecomp Exit - MemInfo: [malloc] Space allocated in mmapped regions:                0 Byte
20220312 061634.420 INFO             PET0 PIOc_freedecomp Exit - MemInfo: [malloc] Maximum total allocated space:                     0 Byte
20220312 061634.420 INFO             PET0 PIOc_freedecomp Exit - MemInfo: [malloc] Space in freed fastbin blocks:                   784 Byte
20220312 061634.420 INFO             PET0 PIOc_freedecomp Exit - MemInfo: [malloc] Total allocated space:                      18726144 Byte
20220312 061634.420 INFO             PET0 PIOc_freedecomp Exit - MemInfo: [malloc] Total free space:                           17433344 Byte
20220312 061634.420 INFO             PET0 PIOc_freedecomp Exit - MemInfo: [malloc] Top-most, releasable space:                   123856 Byte
20220312 061634.420 INFO             PET0 PIOc_freedecomp Exit - MemInfo: [malloc] Total space in use, mmap + non-mmap:        18726144 Byte
20220312 061634.420 INFO             PET0 PIOc_freedecomp Exit - MemInfo: [malloc] Total space held (mmap + non-mmap):         36159488 Byte
20220312 061634.420 INFO             PET0 PIOc_freedecomp Exit - MemInfo: [malloc] Total space used (mmap + non-mmap):         18735472 Byte
20220312 061634.420 INFO             PET0 PIOc_freedecomp Exit - MemInfo: Wall-clock time since execution start:               0.016672 seconds
20220312 061634.420 INFO             PET0  PASS  Write Fortran array in Field, ESMF_FieldIOUTest.F90, line 219
20220312 061634.420 INFO             PET0  PASS  Create a field from grid and fortran dummy array without halo, ESMF_FieldIOUTest.F90, line 233
20220312 061634.420 INFO             PET0  PASS  Get Farray_w from nohalo field, ESMF_FieldIOUTest.F90, line 244
20220312 061634.422 INFO             PET0 PIOc_sync Enter - MemInfo: [/proc/meminfo - SSI]	MemTotal:       65507008 kB
20220312 061634.422 INFO             PET0 PIOc_sync Enter - MemInfo: [/proc/meminfo - SSI]	MemFree:        49859384 kB
20220312 061634.422 INFO             PET0 PIOc_sync Enter - MemInfo: [/proc/meminfo - SSI]	MemAvailable:   49617112 kB
20220312 061634.422 INFO             PET0 PIOc_sync Enter - MemInfo: [/proc/meminfo - SSI]	Committed_AS:   13178232 kB
20220312 061634.422 INFO             PET0 PIOc_sync Enter - MemInfo: [/proc/meminfo - SSI]	CommittedPercent: 20.1173 %
20220312 061634.422 INFO             PET0 PIOc_sync Enter - MemInfo: [/proc/self/status]	VmPeak:	  134292 kB
20220312 061634.422 INFO             PET0 PIOc_sync Enter - MemInfo: [/proc/self/status]	VmSize:	  134292 kB
20220312 061634.422 INFO             PET0 PIOc_sync Enter - MemInfo: [/proc/self/status]	VmLck:	       0 kB
20220312 061634.422 INFO             PET0 PIOc_sync Enter - MemInfo: [/proc/self/status]	VmPin:	       0 kB
20220312 061634.422 INFO             PET0 PIOc_sync Enter - MemInfo: [/proc/self/status]	VmHWM:	   30232 kB
20220312 061634.422 INFO             PET0 PIOc_sync Enter - MemInfo: [/proc/self/status]	VmRSS:	   30232 kB
20220312 061634.422 INFO             PET0 PIOc_sync Enter - MemInfo: [/proc/self/status]	VmData:	   38648 kB
20220312 061634.422 INFO             PET0 PIOc_sync Enter - MemInfo: [/proc/self/status]	VmStk:	     144 kB
20220312 061634.422 INFO             PET0 PIOc_sync Enter - MemInfo: [/proc/self/status]	VmExe:	     264 kB
20220312 061634.422 INFO             PET0 PIOc_sync Enter - MemInfo: [/proc/self/status]	VmLib:	   39752 kB
20220312 061634.422 INFO             PET0 PIOc_sync Enter - MemInfo: [/proc/self/status]	VmPTE:	     240 kB
20220312 061634.422 INFO             PET0 PIOc_sync Enter - MemInfo: [/proc/self/status]	VmPMD:	      12 kB
20220312 061634.422 INFO             PET0 PIOc_sync Enter - MemInfo: [/proc/self/status]	VmSwap:	       0 kB
20220312 061634.422 INFO             PET0 PIOc_sync Enter - MemInfo: [/proc/self/status]	VmRSSPercent: 0.0461508 %
20220312 061634.422 INFO             PET0 PIOc_sync Enter - MemInfo: [malloc] Non-mmapped space allocated:                36159488 Byte
20220312 061634.422 INFO             PET0 PIOc_sync Enter - MemInfo: [malloc] Space allocated in mmapped regions:                0 Byte
20220312 061634.422 INFO             PET0 PIOc_sync Enter - MemInfo: [malloc] Maximum total allocated space:                     0 Byte
20220312 061634.422 INFO             PET0 PIOc_sync Enter - MemInfo: [malloc] Space in freed fastbin blocks:                   912 Byte
20220312 061634.422 INFO             PET0 PIOc_sync Enter - MemInfo: [malloc] Total allocated space:                      36050592 Byte
20220312 061634.422 INFO             PET0 PIOc_sync Enter - MemInfo: [malloc] Total free space:                             108896 Byte
20220312 061634.422 INFO             PET0 PIOc_sync Enter - MemInfo: [malloc] Top-most, releasable space:                   107392 Byte
20220312 061634.422 INFO             PET0 PIOc_sync Enter - MemInfo: [malloc] Total space in use, mmap + non-mmap:        36050592 Byte
20220312 061634.422 INFO             PET0 PIOc_sync Enter - MemInfo: [malloc] Total space held (mmap + non-mmap):         36159488 Byte
20220312 061634.422 INFO             PET0 PIOc_sync Enter - MemInfo: [malloc] Total space used (mmap + non-mmap):         36059920 Byte
20220312 061634.422 INFO             PET0 PIOc_sync Enter - MemInfo: Wall-clock time since execution start:              0.0186616 seconds
20220312 061634.422 INFO             PET0 PIOc_sync Exit - MemInfo: [/proc/meminfo - SSI]	MemTotal:       65507008 kB
20220312 061634.422 INFO             PET0 PIOc_sync Exit - MemInfo: [/proc/meminfo - SSI]	MemFree:        49859384 kB
20220312 061634.422 INFO             PET0 PIOc_sync Exit - MemInfo: [/proc/meminfo - SSI]	MemAvailable:   49617112 kB
20220312 061634.422 INFO             PET0 PIOc_sync Exit - MemInfo: [/proc/meminfo - SSI]	Committed_AS:   13178232 kB
20220312 061634.422 INFO             PET0 PIOc_sync Exit - MemInfo: [/proc/meminfo - SSI]	CommittedPercent: 20.1173 %
20220312 061634.422 INFO             PET0 PIOc_sync Exit - MemInfo: [/proc/self/status]	VmPeak:	  134292 kB
20220312 061634.422 INFO             PET0 PIOc_sync Exit - MemInfo: [/proc/self/status]	VmSize:	  134292 kB
20220312 061634.422 INFO             PET0 PIOc_sync Exit - MemInfo: [/proc/self/status]	VmLck:	       0 kB
20220312 061634.422 INFO             PET0 PIOc_sync Exit - MemInfo: [/proc/self/status]	VmPin:	       0 kB
20220312 061634.422 INFO             PET0 PIOc_sync Exit - MemInfo: [/proc/self/status]	VmHWM:	   30236 kB
20220312 061634.422 INFO             PET0 PIOc_sync Exit - MemInfo: [/proc/self/status]	VmRSS:	   30236 kB
20220312 061634.422 INFO             PET0 PIOc_sync Exit - MemInfo: [/proc/self/status]	VmData:	   38648 kB
20220312 061634.422 INFO             PET0 PIOc_sync Exit - MemInfo: [/proc/self/status]	VmStk:	     144 kB
20220312 061634.422 INFO             PET0 PIOc_sync Exit - MemInfo: [/proc/self/status]	VmExe:	     264 kB
20220312 061634.422 INFO             PET0 PIOc_sync Exit - MemInfo: [/proc/self/status]	VmLib:	   39752 kB
20220312 061634.422 INFO             PET0 PIOc_sync Exit - MemInfo: [/proc/self/status]	VmPTE:	     240 kB
20220312 061634.422 INFO             PET0 PIOc_sync Exit - MemInfo: [/proc/self/status]	VmPMD:	      12 kB
20220312 061634.422 INFO             PET0 PIOc_sync Exit - MemInfo: [/proc/self/status]	VmSwap:	       0 kB
20220312 061634.422 INFO             PET0 PIOc_sync Exit - MemInfo: [/proc/self/status]	VmRSSPercent: 0.0461569 %
20220312 061634.422 INFO             PET0 PIOc_sync Exit - MemInfo: [malloc] Non-mmapped space allocated:                36159488 Byte
20220312 061634.422 INFO             PET0 PIOc_sync Exit - MemInfo: [malloc] Space allocated in mmapped regions:                0 Byte
20220312 061634.422 INFO             PET0 PIOc_sync Exit - MemInfo: [malloc] Maximum total allocated space:                     0 Byte
20220312 061634.422 INFO             PET0 PIOc_sync Exit - MemInfo: [malloc] Space in freed fastbin blocks:                  1264 Byte
20220312 061634.422 INFO             PET0 PIOc_sync Exit - MemInfo: [malloc] Total allocated space:                      36050224 Byte
20220312 061634.422 INFO             PET0 PIOc_sync Exit - MemInfo: [malloc] Total free space:                             109264 Byte
20220312 061634.422 INFO             PET0 PIOc_sync Exit - MemInfo: [malloc] Top-most, releasable space:                   104544 Byte
20220312 061634.422 INFO             PET0 PIOc_sync Exit - MemInfo: [malloc] Total space in use, mmap + non-mmap:        36050224 Byte
20220312 061634.422 INFO             PET0 PIOc_sync Exit - MemInfo: [malloc] Total space held (mmap + non-mmap):         36159488 Byte
20220312 061634.422 INFO             PET0 PIOc_sync Exit - MemInfo: [malloc] Total space used (mmap + non-mmap):         36059552 Byte
20220312 061634.422 INFO             PET0 PIOc_sync Exit - MemInfo: Wall-clock time since execution start:              0.0190473 seconds
20220312 061634.422 INFO             PET0 PIOc_freedecomp Enter - MemInfo: [/proc/meminfo - SSI]	MemTotal:       65507008 kB
20220312 061634.422 INFO             PET0 PIOc_freedecomp Enter - MemInfo: [/proc/meminfo - SSI]	MemFree:        49859384 kB
20220312 061634.422 INFO             PET0 PIOc_freedecomp Enter - MemInfo: [/proc/meminfo - SSI]	MemAvailable:   49617112 kB
20220312 061634.422 INFO             PET0 PIOc_freedecomp Enter - MemInfo: [/proc/meminfo - SSI]	Committed_AS:   13178232 kB
20220312 061634.422 INFO             PET0 PIOc_freedecomp Enter - MemInfo: [/proc/meminfo - SSI]	CommittedPercent: 20.1173 %
20220312 061634.423 INFO             PET0 PIOc_freedecomp Enter - MemInfo: [/proc/self/status]	VmPeak:	  134292 kB
20220312 061634.423 INFO             PET0 PIOc_freedecomp Enter - MemInfo: [/proc/self/status]	VmSize:	  134292 kB
20220312 061634.423 INFO             PET0 PIOc_freedecomp Enter - MemInfo: [/proc/self/status]	VmLck:	       0 kB
20220312 061634.423 INFO             PET0 PIOc_freedecomp Enter - MemInfo: [/proc/self/status]	VmPin:	       0 kB
20220312 061634.423 INFO             PET0 PIOc_freedecomp Enter - MemInfo: [/proc/self/status]	VmHWM:	   30236 kB
20220312 061634.423 INFO             PET0 PIOc_freedecomp Enter - MemInfo: [/proc/self/status]	VmRSS:	   30236 kB
20220312 061634.423 INFO             PET0 PIOc_freedecomp Enter - MemInfo: [/proc/self/status]	VmData:	   38648 kB
20220312 061634.423 INFO             PET0 PIOc_freedecomp Enter - MemInfo: [/proc/self/status]	VmStk:	     144 kB
20220312 061634.423 INFO             PET0 PIOc_freedecomp Enter - MemInfo: [/proc/self/status]	VmExe:	     264 kB
20220312 061634.423 INFO             PET0 PIOc_freedecomp Enter - MemInfo: [/proc/self/status]	VmLib:	   39752 kB
20220312 061634.423 INFO             PET0 PIOc_freedecomp Enter - MemInfo: [/proc/self/status]	VmPTE:	     240 kB
20220312 061634.423 INFO             PET0 PIOc_freedecomp Enter - MemInfo: [/proc/self/status]	VmPMD:	      12 kB
20220312 061634.423 INFO             PET0 PIOc_freedecomp Enter - MemInfo: [/proc/self/status]	VmSwap:	       0 kB
20220312 061634.423 INFO             PET0 PIOc_freedecomp Enter - MemInfo: [/proc/self/status]	VmRSSPercent: 0.0461569 %
20220312 061634.423 INFO             PET0 PIOc_freedecomp Enter - MemInfo: [malloc] Non-mmapped space allocated:                36159488 Byte
20220312 061634.423 INFO             PET0 PIOc_freedecomp Enter - MemInfo: [malloc] Space allocated in mmapped regions:                0 Byte
20220312 061634.423 INFO             PET0 PIOc_freedecomp Enter - MemInfo: [malloc] Maximum total allocated space:                     0 Byte
20220312 061634.423 INFO             PET0 PIOc_freedecomp Enter - MemInfo: [malloc] Space in freed fastbin blocks:                   864 Byte
20220312 061634.423 INFO             PET0 PIOc_freedecomp Enter - MemInfo: [malloc] Total allocated space:                      18735408 Byte
20220312 061634.423 INFO             PET0 PIOc_freedecomp Enter - MemInfo: [malloc] Total free space:                           17424080 Byte
20220312 061634.423 INFO             PET0 PIOc_freedecomp Enter - MemInfo: [malloc] Top-most, releasable space:                   104544 Byte
20220312 061634.423 INFO             PET0 PIOc_freedecomp Enter - MemInfo: [malloc] Total space in use, mmap + non-mmap:        18735408 Byte
20220312 061634.423 INFO             PET0 PIOc_freedecomp Enter - MemInfo: [malloc] Total space held (mmap + non-mmap):         36159488 Byte
20220312 061634.423 INFO             PET0 PIOc_freedecomp Enter - MemInfo: [malloc] Total space used (mmap + non-mmap):         18744736 Byte
20220312 061634.423 INFO             PET0 PIOc_freedecomp Enter - MemInfo: Wall-clock time since execution start:              0.0194036 seconds
20220312 061634.423 INFO             PET0 PIOc_freedecomp Exit - MemInfo: [/proc/meminfo - SSI]	MemTotal:       65507008 kB
20220312 061634.423 INFO             PET0 PIOc_freedecomp Exit - MemInfo: [/proc/meminfo - SSI]	MemFree:        49859384 kB
20220312 061634.423 INFO             PET0 PIOc_freedecomp Exit - MemInfo: [/proc/meminfo - SSI]	MemAvailable:   49617112 kB
20220312 061634.423 INFO             PET0 PIOc_freedecomp Exit - MemInfo: [/proc/meminfo - SSI]	Committed_AS:   13178232 kB
20220312 061634.423 INFO             PET0 PIOc_freedecomp Exit - MemInfo: [/proc/meminfo - SSI]	CommittedPercent: 20.1173 %
20220312 061634.423 INFO             PET0 PIOc_freedecomp Exit - MemInfo: [/proc/self/status]	VmPeak:	  134292 kB
20220312 061634.423 INFO             PET0 PIOc_freedecomp Exit - MemInfo: [/proc/self/status]	VmSize:	  134292 kB
20220312 061634.423 INFO             PET0 PIOc_freedecomp Exit - MemInfo: [/proc/self/status]	VmLck:	       0 kB
20220312 061634.423 INFO             PET0 PIOc_freedecomp Exit - MemInfo: [/proc/self/status]	VmPin:	       0 kB
20220312 061634.423 INFO             PET0 PIOc_freedecomp Exit - MemInfo: [/proc/self/status]	VmHWM:	   30236 kB
20220312 061634.423 INFO             PET0 PIOc_freedecomp Exit - MemInfo: [/proc/self/status]	VmRSS:	   30236 kB
20220312 061634.423 INFO             PET0 PIOc_freedecomp Exit - MemInfo: [/proc/self/status]	VmData:	   38648 kB
20220312 061634.423 INFO             PET0 PIOc_freedecomp Exit - MemInfo: [/proc/self/status]	VmStk:	     144 kB
20220312 061634.423 INFO             PET0 PIOc_freedecomp Exit - MemInfo: [/proc/self/status]	VmExe:	     264 kB
20220312 061634.423 INFO             PET0 PIOc_freedecomp Exit - MemInfo: [/proc/self/status]	VmLib:	   39752 kB
20220312 061634.423 INFO             PET0 PIOc_freedecomp Exit - MemInfo: [/proc/self/status]	VmPTE:	     240 kB
20220312 061634.423 INFO             PET0 PIOc_freedecomp Exit - MemInfo: [/proc/self/status]	VmPMD:	      12 kB
20220312 061634.423 INFO             PET0 PIOc_freedecomp Exit - MemInfo: [/proc/self/status]	VmSwap:	       0 kB
20220312 061634.423 INFO             PET0 PIOc_freedecomp Exit - MemInfo: [/proc/self/status]	VmRSSPercent: 0.0461569 %
20220312 061634.423 INFO             PET0 PIOc_freedecomp Exit - MemInfo: [malloc] Non-mmapped space allocated:                36159488 Byte
20220312 061634.423 INFO             PET0 PIOc_freedecomp Exit - MemInfo: [malloc] Space allocated in mmapped regions:                0 Byte
20220312 061634.423 INFO             PET0 PIOc_freedecomp Exit - MemInfo: [malloc] Maximum total allocated space:                     0 Byte
20220312 061634.423 INFO             PET0 PIOc_freedecomp Exit - MemInfo: [malloc] Space in freed fastbin blocks:                   960 Byte
20220312 061634.423 INFO             PET0 PIOc_freedecomp Exit - MemInfo: [malloc] Total allocated space:                      18730992 Byte
20220312 061634.423 INFO             PET0 PIOc_freedecomp Exit - MemInfo: [malloc] Total free space:                           17428496 Byte
20220312 061634.423 INFO             PET0 PIOc_freedecomp Exit - MemInfo: [malloc] Top-most, releasable space:                   106448 Byte
20220312 061634.423 INFO             PET0 PIOc_freedecomp Exit - MemInfo: [malloc] Total space in use, mmap + non-mmap:        18730992 Byte
20220312 061634.423 INFO             PET0 PIOc_freedecomp Exit - MemInfo: [malloc] Total space held (mmap + non-mmap):         36159488 Byte
20220312 061634.423 INFO             PET0 PIOc_freedecomp Exit - MemInfo: [malloc] Total space used (mmap + non-mmap):         18740320 Byte
20220312 061634.423 INFO             PET0 PIOc_freedecomp Exit - MemInfo: Wall-clock time since execution start:               0.019725 seconds
20220312 061634.423 INFO             PET0  PASS  Write Fortran array in nohalo Field, ESMF_FieldIOUTest.F90, line 268
20220312 061634.423 INFO             PET0  PASS  Create a field from grid and fortran dummy array without halo, ESMF_FieldIOUTest.F90, line 281
20220312 061634.432 INFO             PET0 PIOc_sync Enter - MemInfo: [/proc/meminfo - SSI]	MemTotal:       65507008 kB
20220312 061634.432 INFO             PET0 PIOc_sync Enter - MemInfo: [/proc/meminfo - SSI]	MemFree:        49842752 kB
20220312 061634.432 INFO             PET0 PIOc_sync Enter - MemInfo: [/proc/meminfo - SSI]	MemAvailable:   49600480 kB
20220312 061634.432 INFO             PET0 PIOc_sync Enter - MemInfo: [/proc/meminfo - SSI]	Committed_AS:   13194624 kB
20220312 061634.432 INFO             PET0 PIOc_sync Enter - MemInfo: [/proc/meminfo - SSI]	CommittedPercent: 20.1423 %
20220312 061634.432 INFO             PET0 PIOc_sync Enter - MemInfo: [/proc/self/status]	VmPeak:	  150684 kB
20220312 061634.432 INFO             PET0 PIOc_sync Enter - MemInfo: [/proc/self/status]	VmSize:	  150684 kB
20220312 061634.432 INFO             PET0 PIOc_sync Enter - MemInfo: [/proc/self/status]	VmLck:	       0 kB
20220312 061634.432 INFO             PET0 PIOc_sync Enter - MemInfo: [/proc/self/status]	VmPin:	       0 kB
20220312 061634.432 INFO             PET0 PIOc_sync Enter - MemInfo: [/proc/self/status]	VmHWM:	   46592 kB
20220312 061634.432 INFO             PET0 PIOc_sync Enter - MemInfo: [/proc/self/status]	VmRSS:	   46592 kB
20220312 061634.432 INFO             PET0 PIOc_sync Enter - MemInfo: [/proc/self/status]	VmData:	   55040 kB
20220312 061634.432 INFO             PET0 PIOc_sync Enter - MemInfo: [/proc/self/status]	VmStk:	     144 kB
20220312 061634.432 INFO             PET0 PIOc_sync Enter - MemInfo: [/proc/self/status]	VmExe:	     264 kB
20220312 061634.432 INFO             PET0 PIOc_sync Enter - MemInfo: [/proc/self/status]	VmLib:	   39752 kB
20220312 061634.432 INFO             PET0 PIOc_sync Enter - MemInfo: [/proc/self/status]	VmPTE:	     272 kB
20220312 061634.432 INFO             PET0 PIOc_sync Enter - MemInfo: [/proc/self/status]	VmPMD:	      12 kB
20220312 061634.432 INFO             PET0 PIOc_sync Enter - MemInfo: [/proc/self/status]	VmSwap:	       0 kB
20220312 061634.432 INFO             PET0 PIOc_sync Enter - MemInfo: [/proc/self/status]	VmRSSPercent: 0.0711252 %
20220312 061634.432 INFO             PET0 PIOc_sync Enter - MemInfo: [malloc] Non-mmapped space allocated:                52944896 Byte
20220312 061634.432 INFO             PET0 PIOc_sync Enter - MemInfo: [malloc] Space allocated in mmapped regions:                0 Byte
20220312 061634.432 INFO             PET0 PIOc_sync Enter - MemInfo: [malloc] Maximum total allocated space:                     0 Byte
20220312 061634.432 INFO             PET0 PIOc_sync Enter - MemInfo: [malloc] Space in freed fastbin blocks:                  1056 Byte
20220312 061634.432 INFO             PET0 PIOc_sync Enter - MemInfo: [malloc] Total allocated space:                      36056336 Byte
20220312 061634.432 INFO             PET0 PIOc_sync Enter - MemInfo: [malloc] Total free space:                           16888560 Byte
20220312 061634.432 INFO             PET0 PIOc_sync Enter - MemInfo: [malloc] Top-most, releasable space:                   132032 Byte
20220312 061634.432 INFO             PET0 PIOc_sync Enter - MemInfo: [malloc] Total space in use, mmap + non-mmap:        36056336 Byte
20220312 061634.432 INFO             PET0 PIOc_sync Enter - MemInfo: [malloc] Total space held (mmap + non-mmap):         52944896 Byte
20220312 061634.432 INFO             PET0 PIOc_sync Enter - MemInfo: [malloc] Total space used (mmap + non-mmap):         36065664 Byte
20220312 061634.432 INFO             PET0 PIOc_sync Enter - MemInfo: Wall-clock time since execution start:              0.0289511 seconds
20220312 061634.432 INFO             PET0 PIOc_sync Exit - MemInfo: [/proc/meminfo - SSI]	MemTotal:       65507008 kB
20220312 061634.432 INFO             PET0 PIOc_sync Exit - MemInfo: [/proc/meminfo - SSI]	MemFree:        49842752 kB
20220312 061634.432 INFO             PET0 PIOc_sync Exit - MemInfo: [/proc/meminfo - SSI]	MemAvailable:   49600480 kB
20220312 061634.432 INFO             PET0 PIOc_sync Exit - MemInfo: [/proc/meminfo - SSI]	Committed_AS:   13194624 kB
20220312 061634.432 INFO             PET0 PIOc_sync Exit - MemInfo: [/proc/meminfo - SSI]	CommittedPercent: 20.1423 %
20220312 061634.432 INFO             PET0 PIOc_sync Exit - MemInfo: [/proc/self/status]	VmPeak:	  150684 kB
20220312 061634.432 INFO             PET0 PIOc_sync Exit - MemInfo: [/proc/self/status]	VmSize:	  150684 kB
20220312 061634.432 INFO             PET0 PIOc_sync Exit - MemInfo: [/proc/self/status]	VmLck:	       0 kB
20220312 061634.432 INFO             PET0 PIOc_sync Exit - MemInfo: [/proc/self/status]	VmPin:	       0 kB
20220312 061634.432 INFO             PET0 PIOc_sync Exit - MemInfo: [/proc/self/status]	VmHWM:	   46592 kB
20220312 061634.432 INFO             PET0 PIOc_sync Exit - MemInfo: [/proc/self/status]	VmRSS:	   46592 kB
20220312 061634.432 INFO             PET0 PIOc_sync Exit - MemInfo: [/proc/self/status]	VmData:	   55040 kB
20220312 061634.433 INFO             PET0 PIOc_sync Exit - MemInfo: [/proc/self/status]	VmStk:	     144 kB
20220312 061634.433 INFO             PET0 PIOc_sync Exit - MemInfo: [/proc/self/status]	VmExe:	     264 kB
20220312 061634.433 INFO             PET0 PIOc_sync Exit - MemInfo: [/proc/self/status]	VmLib:	   39752 kB
20220312 061634.433 INFO             PET0 PIOc_sync Exit - MemInfo: [/proc/self/status]	VmPTE:	     272 kB
20220312 061634.433 INFO             PET0 PIOc_sync Exit - MemInfo: [/proc/self/status]	VmPMD:	      12 kB
20220312 061634.433 INFO             PET0 PIOc_sync Exit - MemInfo: [/proc/self/status]	VmSwap:	       0 kB
20220312 061634.433 INFO             PET0 PIOc_sync Exit - MemInfo: [/proc/self/status]	VmRSSPercent: 0.0711252 %
20220312 061634.433 INFO             PET0 PIOc_sync Exit - MemInfo: [malloc] Non-mmapped space allocated:                52944896 Byte
20220312 061634.433 INFO             PET0 PIOc_sync Exit - MemInfo: [malloc] Space allocated in mmapped regions:                0 Byte
20220312 061634.433 INFO             PET0 PIOc_sync Exit - MemInfo: [malloc] Maximum total allocated space:                     0 Byte
20220312 061634.433 INFO             PET0 PIOc_sync Exit - MemInfo: [malloc] Space in freed fastbin blocks:                  1072 Byte
20220312 061634.433 INFO             PET0 PIOc_sync Exit - MemInfo: [malloc] Total allocated space:                      36055776 Byte
20220312 061634.433 INFO             PET0 PIOc_sync Exit - MemInfo: [malloc] Total free space:                           16889120 Byte
20220312 061634.433 INFO             PET0 PIOc_sync Exit - MemInfo: [malloc] Top-most, releasable space:                   132032 Byte
20220312 061634.433 INFO             PET0 PIOc_sync Exit - MemInfo: [malloc] Total space in use, mmap + non-mmap:        36055776 Byte
20220312 061634.433 INFO             PET0 PIOc_sync Exit - MemInfo: [malloc] Total space held (mmap + non-mmap):         52944896 Byte
20220312 061634.433 INFO             PET0 PIOc_sync Exit - MemInfo: [malloc] Total space used (mmap + non-mmap):         36065104 Byte
20220312 061634.433 INFO             PET0 PIOc_sync Exit - MemInfo: Wall-clock time since execution start:              0.0293434 seconds
20220312 061634.433 INFO             PET0 PIOc_freedecomp Enter - MemInfo: [/proc/meminfo - SSI]	MemTotal:       65507008 kB
20220312 061634.433 INFO             PET0 PIOc_freedecomp Enter - MemInfo: [/proc/meminfo - SSI]	MemFree:        49842752 kB
20220312 061634.433 INFO             PET0 PIOc_freedecomp Enter - MemInfo: [/proc/meminfo - SSI]	MemAvailable:   49600480 kB
20220312 061634.433 INFO             PET0 PIOc_freedecomp Enter - MemInfo: [/proc/meminfo - SSI]	Committed_AS:   13194624 kB
20220312 061634.433 INFO             PET0 PIOc_freedecomp Enter - MemInfo: [/proc/meminfo - SSI]	CommittedPercent: 20.1423 %
20220312 061634.433 INFO             PET0 PIOc_freedecomp Enter - MemInfo: [/proc/self/status]	VmPeak:	  150684 kB
20220312 061634.433 INFO             PET0 PIOc_freedecomp Enter - MemInfo: [/proc/self/status]	VmSize:	  150684 kB
20220312 061634.433 INFO             PET0 PIOc_freedecomp Enter - MemInfo: [/proc/self/status]	VmLck:	       0 kB
20220312 061634.433 INFO             PET0 PIOc_freedecomp Enter - MemInfo: [/proc/self/status]	VmPin:	       0 kB
20220312 061634.433 INFO             PET0 PIOc_freedecomp Enter - MemInfo: [/proc/self/status]	VmHWM:	   46592 kB
20220312 061634.433 INFO             PET0 PIOc_freedecomp Enter - MemInfo: [/proc/self/status]	VmRSS:	   46592 kB
20220312 061634.433 INFO             PET0 PIOc_freedecomp Enter - MemInfo: [/proc/self/status]	VmData:	   55040 kB
20220312 061634.433 INFO             PET0 PIOc_freedecomp Enter - MemInfo: [/proc/self/status]	VmStk:	     144 kB
20220312 061634.433 INFO             PET0 PIOc_freedecomp Enter - MemInfo: [/proc/self/status]	VmExe:	     264 kB
20220312 061634.433 INFO             PET0 PIOc_freedecomp Enter - MemInfo: [/proc/self/status]	VmLib:	   39752 kB
20220312 061634.433 INFO             PET0 PIOc_freedecomp Enter - MemInfo: [/proc/self/status]	VmPTE:	     272 kB
20220312 061634.433 INFO             PET0 PIOc_freedecomp Enter - MemInfo: [/proc/self/status]	VmPMD:	      12 kB
20220312 061634.433 INFO             PET0 PIOc_freedecomp Enter - MemInfo: [/proc/self/status]	VmSwap:	       0 kB
20220312 061634.433 INFO             PET0 PIOc_freedecomp Enter - MemInfo: [/proc/self/status]	VmRSSPercent: 0.0711252 %
20220312 061634.433 INFO             PET0 PIOc_freedecomp Enter - MemInfo: [malloc] Non-mmapped space allocated:                52944896 Byte
20220312 061634.433 INFO             PET0 PIOc_freedecomp Enter - MemInfo: [malloc] Space allocated in mmapped regions:                0 Byte
20220312 061634.433 INFO             PET0 PIOc_freedecomp Enter - MemInfo: [malloc] Maximum total allocated space:                     0 Byte
20220312 061634.433 INFO             PET0 PIOc_freedecomp Enter - MemInfo: [malloc] Space in freed fastbin blocks:                  1200 Byte
20220312 061634.433 INFO             PET0 PIOc_freedecomp Enter - MemInfo: [malloc] Total allocated space:                      18740960 Byte
20220312 061634.433 INFO             PET0 PIOc_freedecomp Enter - MemInfo: [malloc] Total free space:                           34203936 Byte
20220312 061634.433 INFO             PET0 PIOc_freedecomp Enter - MemInfo: [malloc] Top-most, releasable space:                 16909264 Byte
20220312 061634.433 INFO             PET0 PIOc_freedecomp Enter - MemInfo: [malloc] Total space in use, mmap + non-mmap:        18740960 Byte
20220312 061634.433 INFO             PET0 PIOc_freedecomp Enter - MemInfo: [malloc] Total space held (mmap + non-mmap):         52944896 Byte
20220312 061634.433 INFO             PET0 PIOc_freedecomp Enter - MemInfo: [malloc] Total space used (mmap + non-mmap):         18750288 Byte
20220312 061634.433 INFO             PET0 PIOc_freedecomp Enter - MemInfo: Wall-clock time since execution start:              0.0296948 seconds
20220312 061634.433 INFO             PET0 PIOc_freedecomp Exit - MemInfo: [/proc/meminfo - SSI]	MemTotal:       65507008 kB
20220312 061634.433 INFO             PET0 PIOc_freedecomp Exit - MemInfo: [/proc/meminfo - SSI]	MemFree:        49842752 kB
20220312 061634.433 INFO             PET0 PIOc_freedecomp Exit - MemInfo: [/proc/meminfo - SSI]	MemAvailable:   49600480 kB
20220312 061634.433 INFO             PET0 PIOc_freedecomp Exit - MemInfo: [/proc/meminfo - SSI]	Committed_AS:   13194624 kB
20220312 061634.433 INFO             PET0 PIOc_freedecomp Exit - MemInfo: [/proc/meminfo - SSI]	CommittedPercent: 20.1423 %
20220312 061634.433 INFO             PET0 PIOc_freedecomp Exit - MemInfo: [/proc/self/status]	VmPeak:	  150684 kB
20220312 061634.433 INFO             PET0 PIOc_freedecomp Exit - MemInfo: [/proc/self/status]	VmSize:	  150684 kB
20220312 061634.433 INFO             PET0 PIOc_freedecomp Exit - MemInfo: [/proc/self/status]	VmLck:	       0 kB
20220312 061634.433 INFO             PET0 PIOc_freedecomp Exit - MemInfo: [/proc/self/status]	VmPin:	       0 kB
20220312 061634.433 INFO             PET0 PIOc_freedecomp Exit - MemInfo: [/proc/self/status]	VmHWM:	   46592 kB
20220312 061634.433 INFO             PET0 PIOc_freedecomp Exit - MemInfo: [/proc/self/status]	VmRSS:	   46592 kB
20220312 061634.433 INFO             PET0 PIOc_freedecomp Exit - MemInfo: [/proc/self/status]	VmData:	   55040 kB
20220312 061634.433 INFO             PET0 PIOc_freedecomp Exit - MemInfo: [/proc/self/status]	VmStk:	     144 kB
20220312 061634.433 INFO             PET0 PIOc_freedecomp Exit - MemInfo: [/proc/self/status]	VmExe:	     264 kB
20220312 061634.433 INFO             PET0 PIOc_freedecomp Exit - MemInfo: [/proc/self/status]	VmLib:	   39752 kB
20220312 061634.433 INFO             PET0 PIOc_freedecomp Exit - MemInfo: [/proc/self/status]	VmPTE:	     272 kB
20220312 061634.433 INFO             PET0 PIOc_freedecomp Exit - MemInfo: [/proc/self/status]	VmPMD:	      12 kB
20220312 061634.433 INFO             PET0 PIOc_freedecomp Exit - MemInfo: [/proc/self/status]	VmSwap:	       0 kB
20220312 061634.433 INFO             PET0 PIOc_freedecomp Exit - MemInfo: [/proc/self/status]	VmRSSPercent: 0.0711252 %
20220312 061634.433 INFO             PET0 PIOc_freedecomp Exit - MemInfo: [malloc] Non-mmapped space allocated:                52944896 Byte
20220312 061634.433 INFO             PET0 PIOc_freedecomp Exit - MemInfo: [malloc] Space allocated in mmapped regions:                0 Byte
20220312 061634.433 INFO             PET0 PIOc_freedecomp Exit - MemInfo: [malloc] Maximum total allocated space:                     0 Byte
20220312 061634.433 INFO             PET0 PIOc_freedecomp Exit - MemInfo: [malloc] Space in freed fastbin blocks:                   704 Byte
20220312 061634.433 INFO             PET0 PIOc_freedecomp Exit - MemInfo: [malloc] Total allocated space:                      18735776 Byte
20220312 061634.433 INFO             PET0 PIOc_freedecomp Exit - MemInfo: [malloc] Total free space:                           34209120 Byte
20220312 061634.433 INFO             PET0 PIOc_freedecomp Exit - MemInfo: [malloc] Top-most, releasable space:                 16909264 Byte
20220312 061634.433 INFO             PET0 PIOc_freedecomp Exit - MemInfo: [malloc] Total space in use, mmap + non-mmap:        18735776 Byte
20220312 061634.433 INFO             PET0 PIOc_freedecomp Exit - MemInfo: [malloc] Total space held (mmap + non-mmap):         52944896 Byte
20220312 061634.433 INFO             PET0 PIOc_freedecomp Exit - MemInfo: [malloc] Total space used (mmap + non-mmap):         18745104 Byte
20220312 061634.433 INFO             PET0 PIOc_freedecomp Exit - MemInfo: Wall-clock time since execution start:              0.0300255 seconds
20220312 061634.434 INFO             PET0 PIOc_sync Enter - MemInfo: [/proc/meminfo - SSI]	MemTotal:       65507008 kB
20220312 061634.434 INFO             PET0 PIOc_sync Enter - MemInfo: [/proc/meminfo - SSI]	MemFree:        49842752 kB
20220312 061634.434 INFO             PET0 PIOc_sync Enter - MemInfo: [/proc/meminfo - SSI]	MemAvailable:   49600480 kB
20220312 061634.434 INFO             PET0 PIOc_sync Enter - MemInfo: [/proc/meminfo - SSI]	Committed_AS:   13194624 kB
20220312 061634.434 INFO             PET0 PIOc_sync Enter - MemInfo: [/proc/meminfo - SSI]	CommittedPercent: 20.1423 %
20220312 061634.434 INFO             PET0 PIOc_sync Enter - MemInfo: [/proc/self/status]	VmPeak:	  158872 kB
20220312 061634.434 INFO             PET0 PIOc_sync Enter - MemInfo: [/proc/self/status]	VmSize:	  150684 kB
20220312 061634.434 INFO             PET0 PIOc_sync Enter - MemInfo: [/proc/self/status]	VmLck:	       0 kB
20220312 061634.434 INFO             PET0 PIOc_sync Enter - MemInfo: [/proc/self/status]	VmPin:	       0 kB
20220312 061634.434 INFO             PET0 PIOc_sync Enter - MemInfo: [/proc/self/status]	VmHWM:	   46596 kB
20220312 061634.434 INFO             PET0 PIOc_sync Enter - MemInfo: [/proc/self/status]	VmRSS:	   46596 kB
20220312 061634.434 INFO             PET0 PIOc_sync Enter - MemInfo: [/proc/self/status]	VmData:	   55040 kB
20220312 061634.434 INFO             PET0 PIOc_sync Enter - MemInfo: [/proc/self/status]	VmStk:	     144 kB
20220312 061634.434 INFO             PET0 PIOc_sync Enter - MemInfo: [/proc/self/status]	VmExe:	     264 kB
20220312 061634.434 INFO             PET0 PIOc_sync Enter - MemInfo: [/proc/self/status]	VmLib:	   39752 kB
20220312 061634.434 INFO             PET0 PIOc_sync Enter - MemInfo: [/proc/self/status]	VmPTE:	     272 kB
20220312 061634.434 INFO             PET0 PIOc_sync Enter - MemInfo: [/proc/self/status]	VmPMD:	      12 kB
20220312 061634.434 INFO             PET0 PIOc_sync Enter - MemInfo: [/proc/self/status]	VmSwap:	       0 kB
20220312 061634.434 INFO             PET0 PIOc_sync Enter - MemInfo: [/proc/self/status]	VmRSSPercent: 0.0711313 %
20220312 061634.434 INFO             PET0 PIOc_sync Enter - MemInfo: [malloc] Non-mmapped space allocated:                52944896 Byte
20220312 061634.434 INFO             PET0 PIOc_sync Enter - MemInfo: [malloc] Space allocated in mmapped regions:                0 Byte
20220312 061634.434 INFO             PET0 PIOc_sync Enter - MemInfo: [malloc] Maximum total allocated space:                     0 Byte
20220312 061634.434 INFO             PET0 PIOc_sync Enter - MemInfo: [malloc] Space in freed fastbin blocks:                  1584 Byte
20220312 061634.434 INFO             PET0 PIOc_sync Enter - MemInfo: [malloc] Total allocated space:                      36056064 Byte
20220312 061634.434 INFO             PET0 PIOc_sync Enter - MemInfo: [malloc] Total free space:                           16888832 Byte
20220312 061634.434 INFO             PET0 PIOc_sync Enter - MemInfo: [malloc] Top-most, releasable space:                   132032 Byte
20220312 061634.434 INFO             PET0 PIOc_sync Enter - MemInfo: [malloc] Total space in use, mmap + non-mmap:        36056064 Byte
20220312 061634.434 INFO             PET0 PIOc_sync Enter - MemInfo: [malloc] Total space held (mmap + non-mmap):         52944896 Byte
20220312 061634.434 INFO             PET0 PIOc_sync Enter - MemInfo: [malloc] Total space used (mmap + non-mmap):         36065392 Byte
20220312 061634.434 INFO             PET0 PIOc_sync Enter - MemInfo: Wall-clock time since execution start:              0.0311306 seconds
20220312 061634.435 INFO             PET0 PIOc_sync Exit - MemInfo: [/proc/meminfo - SSI]	MemTotal:       65507008 kB
20220312 061634.435 INFO             PET0 PIOc_sync Exit - MemInfo: [/proc/meminfo - SSI]	MemFree:        49842752 kB
20220312 061634.435 INFO             PET0 PIOc_sync Exit - MemInfo: [/proc/meminfo - SSI]	MemAvailable:   49600480 kB
20220312 061634.435 INFO             PET0 PIOc_sync Exit - MemInfo: [/proc/meminfo - SSI]	Committed_AS:   13194624 kB
20220312 061634.435 INFO             PET0 PIOc_sync Exit - MemInfo: [/proc/meminfo - SSI]	CommittedPercent: 20.1423 %
20220312 061634.435 INFO             PET0 PIOc_sync Exit - MemInfo: [/proc/self/status]	VmPeak:	  158872 kB
20220312 061634.435 INFO             PET0 PIOc_sync Exit - MemInfo: [/proc/self/status]	VmSize:	  150684 kB
20220312 061634.435 INFO             PET0 PIOc_sync Exit - MemInfo: [/proc/self/status]	VmLck:	       0 kB
20220312 061634.435 INFO             PET0 PIOc_sync Exit - MemInfo: [/proc/self/status]	VmPin:	       0 kB
20220312 061634.435 INFO             PET0 PIOc_sync Exit - MemInfo: [/proc/self/status]	VmHWM:	   46596 kB
20220312 061634.435 INFO             PET0 PIOc_sync Exit - MemInfo: [/proc/self/status]	VmRSS:	   46596 kB
20220312 061634.435 INFO             PET0 PIOc_sync Exit - MemInfo: [/proc/self/status]	VmData:	   55040 kB
20220312 061634.435 INFO             PET0 PIOc_sync Exit - MemInfo: [/proc/self/status]	VmStk:	     144 kB
20220312 061634.435 INFO             PET0 PIOc_sync Exit - MemInfo: [/proc/self/status]	VmExe:	     264 kB
20220312 061634.435 INFO             PET0 PIOc_sync Exit - MemInfo: [/proc/self/status]	VmLib:	   39752 kB
20220312 061634.435 INFO             PET0 PIOc_sync Exit - MemInfo: [/proc/self/status]	VmPTE:	     272 kB
20220312 061634.435 INFO             PET0 PIOc_sync Exit - MemInfo: [/proc/self/status]	VmPMD:	      12 kB
20220312 061634.435 INFO             PET0 PIOc_sync Exit - MemInfo: [/proc/self/status]	VmSwap:	       0 kB
20220312 061634.435 INFO             PET0 PIOc_sync Exit - MemInfo: [/proc/self/status]	VmRSSPercent: 0.0711313 %
20220312 061634.435 INFO             PET0 PIOc_sync Exit - MemInfo: [malloc] Non-mmapped space allocated:                52944896 Byte
20220312 061634.435 INFO             PET0 PIOc_sync Exit - MemInfo: [malloc] Space allocated in mmapped regions:                0 Byte
20220312 061634.435 INFO             PET0 PIOc_sync Exit - MemInfo: [malloc] Maximum total allocated space:                     0 Byte
20220312 061634.435 INFO             PET0 PIOc_sync Exit - MemInfo: [malloc] Space in freed fastbin blocks:                  1088 Byte
20220312 061634.435 INFO             PET0 PIOc_sync Exit - MemInfo: [malloc] Total allocated space:                      36055696 Byte
20220312 061634.435 INFO             PET0 PIOc_sync Exit - MemInfo: [malloc] Total free space:                           16889200 Byte
20220312 061634.435 INFO             PET0 PIOc_sync Exit - MemInfo: [malloc] Top-most, releasable space:                   132032 Byte
20220312 061634.435 INFO             PET0 PIOc_sync Exit - MemInfo: [malloc] Total space in use, mmap + non-mmap:        36055696 Byte
20220312 061634.435 INFO             PET0 PIOc_sync Exit - MemInfo: [malloc] Total space held (mmap + non-mmap):         52944896 Byte
20220312 061634.435 INFO             PET0 PIOc_sync Exit - MemInfo: [malloc] Total space used (mmap + non-mmap):         36065024 Byte
20220312 061634.435 INFO             PET0 PIOc_sync Exit - MemInfo: Wall-clock time since execution start:              0.0315105 seconds
20220312 061634.435 INFO             PET0 PIOc_freedecomp Enter - MemInfo: [/proc/meminfo - SSI]	MemTotal:       65507008 kB
20220312 061634.435 INFO             PET0 PIOc_freedecomp Enter - MemInfo: [/proc/meminfo - SSI]	MemFree:        49842752 kB
20220312 061634.435 INFO             PET0 PIOc_freedecomp Enter - MemInfo: [/proc/meminfo - SSI]	MemAvailable:   49600480 kB
20220312 061634.435 INFO             PET0 PIOc_freedecomp Enter - MemInfo: [/proc/meminfo - SSI]	Committed_AS:   13194624 kB
20220312 061634.435 INFO             PET0 PIOc_freedecomp Enter - MemInfo: [/proc/meminfo - SSI]	CommittedPercent: 20.1423 %
20220312 061634.435 INFO             PET0 PIOc_freedecomp Enter - MemInfo: [/proc/self/status]	VmPeak:	  158872 kB
20220312 061634.435 INFO             PET0 PIOc_freedecomp Enter - MemInfo: [/proc/self/status]	VmSize:	  150684 kB
20220312 061634.435 INFO             PET0 PIOc_freedecomp Enter - MemInfo: [/proc/self/status]	VmLck:	       0 kB
20220312 061634.435 INFO             PET0 PIOc_freedecomp Enter - MemInfo: [/proc/self/status]	VmPin:	       0 kB
20220312 061634.435 INFO             PET0 PIOc_freedecomp Enter - MemInfo: [/proc/self/status]	VmHWM:	   46596 kB
20220312 061634.435 INFO             PET0 PIOc_freedecomp Enter - MemInfo: [/proc/self/status]	VmRSS:	   46596 kB
20220312 061634.435 INFO             PET0 PIOc_freedecomp Enter - MemInfo: [/proc/self/status]	VmData:	   55040 kB
20220312 061634.435 INFO             PET0 PIOc_freedecomp Enter - MemInfo: [/proc/self/status]	VmStk:	     144 kB
20220312 061634.435 INFO             PET0 PIOc_freedecomp Enter - MemInfo: [/proc/self/status]	VmExe:	     264 kB
20220312 061634.435 INFO             PET0 PIOc_freedecomp Enter - MemInfo: [/proc/self/status]	VmLib:	   39752 kB
20220312 061634.435 INFO             PET0 PIOc_freedecomp Enter - MemInfo: [/proc/self/status]	VmPTE:	     272 kB
20220312 061634.435 INFO             PET0 PIOc_freedecomp Enter - MemInfo: [/proc/self/status]	VmPMD:	      12 kB
20220312 061634.435 INFO             PET0 PIOc_freedecomp Enter - MemInfo: [/proc/self/status]	VmSwap:	       0 kB
20220312 061634.435 INFO             PET0 PIOc_freedecomp Enter - MemInfo: [/proc/self/status]	VmRSSPercent: 0.0711313 %
20220312 061634.435 INFO             PET0 PIOc_freedecomp Enter - MemInfo: [malloc] Non-mmapped space allocated:                52944896 Byte
20220312 061634.435 INFO             PET0 PIOc_freedecomp Enter - MemInfo: [malloc] Space allocated in mmapped regions:                0 Byte
20220312 061634.435 INFO             PET0 PIOc_freedecomp Enter - MemInfo: [malloc] Maximum total allocated space:                     0 Byte
20220312 061634.435 INFO             PET0 PIOc_freedecomp Enter - MemInfo: [malloc] Space in freed fastbin blocks:                  1184 Byte
20220312 061634.435 INFO             PET0 PIOc_freedecomp Enter - MemInfo: [malloc] Total allocated space:                      18740192 Byte
20220312 061634.435 INFO             PET0 PIOc_freedecomp Enter - MemInfo: [malloc] Total free space:                           34204704 Byte
20220312 061634.435 INFO             PET0 PIOc_freedecomp Enter - MemInfo: [malloc] Top-most, releasable space:                 16909264 Byte
20220312 061634.435 INFO             PET0 PIOc_freedecomp Enter - MemInfo: [malloc] Total space in use, mmap + non-mmap:        18740192 Byte
20220312 061634.435 INFO             PET0 PIOc_freedecomp Enter - MemInfo: [malloc] Total space held (mmap + non-mmap):         52944896 Byte
20220312 061634.435 INFO             PET0 PIOc_freedecomp Enter - MemInfo: [malloc] Total space used (mmap + non-mmap):         18749520 Byte
20220312 061634.435 INFO             PET0 PIOc_freedecomp Enter - MemInfo: Wall-clock time since execution start:              0.0318671 seconds
20220312 061634.435 INFO             PET0 PIOc_freedecomp Exit - MemInfo: [/proc/meminfo - SSI]	MemTotal:       65507008 kB
20220312 061634.435 INFO             PET0 PIOc_freedecomp Exit - MemInfo: [/proc/meminfo - SSI]	MemFree:        49842752 kB
20220312 061634.435 INFO             PET0 PIOc_freedecomp Exit - MemInfo: [/proc/meminfo - SSI]	MemAvailable:   49600480 kB
20220312 061634.435 INFO             PET0 PIOc_freedecomp Exit - MemInfo: [/proc/meminfo - SSI]	Committed_AS:   13194624 kB
20220312 061634.435 INFO             PET0 PIOc_freedecomp Exit - MemInfo: [/proc/meminfo - SSI]	CommittedPercent: 20.1423 %
20220312 061634.435 INFO             PET0 PIOc_freedecomp Exit - MemInfo: [/proc/self/status]	VmPeak:	  158872 kB
20220312 061634.435 INFO             PET0 PIOc_freedecomp Exit - MemInfo: [/proc/self/status]	VmSize:	  150684 kB
20220312 061634.435 INFO             PET0 PIOc_freedecomp Exit - MemInfo: [/proc/self/status]	VmLck:	       0 kB
20220312 061634.435 INFO             PET0 PIOc_freedecomp Exit - MemInfo: [/proc/self/status]	VmPin:	       0 kB
20220312 061634.435 INFO             PET0 PIOc_freedecomp Exit - MemInfo: [/proc/self/status]	VmHWM:	   46596 kB
20220312 061634.435 INFO             PET0 PIOc_freedecomp Exit - MemInfo: [/proc/self/status]	VmRSS:	   46596 kB
20220312 061634.435 INFO             PET0 PIOc_freedecomp Exit - MemInfo: [/proc/self/status]	VmData:	   55040 kB
20220312 061634.435 INFO             PET0 PIOc_freedecomp Exit - MemInfo: [/proc/self/status]	VmStk:	     144 kB
20220312 061634.435 INFO             PET0 PIOc_freedecomp Exit - MemInfo: [/proc/self/status]	VmExe:	     264 kB
20220312 061634.435 INFO             PET0 PIOc_freedecomp Exit - MemInfo: [/proc/self/status]	VmLib:	   39752 kB
20220312 061634.435 INFO             PET0 PIOc_freedecomp Exit - MemInfo: [/proc/self/status]	VmPTE:	     272 kB
20220312 061634.435 INFO             PET0 PIOc_freedecomp Exit - MemInfo: [/proc/self/status]	VmPMD:	      12 kB
20220312 061634.435 INFO             PET0 PIOc_freedecomp Exit - MemInfo: [/proc/self/status]	VmSwap:	       0 kB
20220312 061634.435 INFO             PET0 PIOc_freedecomp Exit - MemInfo: [/proc/self/status]	VmRSSPercent: 0.0711313 %
20220312 061634.435 INFO             PET0 PIOc_freedecomp Exit - MemInfo: [malloc] Non-mmapped space allocated:                52944896 Byte
20220312 061634.435 INFO             PET0 PIOc_freedecomp Exit - MemInfo: [malloc] Space allocated in mmapped regions:                0 Byte
20220312 061634.435 INFO             PET0 PIOc_freedecomp Exit - MemInfo: [malloc] Maximum total allocated space:                     0 Byte
20220312 061634.435 INFO             PET0 PIOc_freedecomp Exit - MemInfo: [malloc] Space in freed fastbin blocks:                   944 Byte
20220312 061634.435 INFO             PET0 PIOc_freedecomp Exit - MemInfo: [malloc] Total allocated space:                      18735776 Byte
20220312 061634.435 INFO             PET0 PIOc_freedecomp Exit - MemInfo: [malloc] Total free space:                           34209120 Byte
20220312 061634.435 INFO             PET0 PIOc_freedecomp Exit - MemInfo: [malloc] Top-most, releasable space:                 16909264 Byte
20220312 061634.435 INFO             PET0 PIOc_freedecomp Exit - MemInfo: [malloc] Total space in use, mmap + non-mmap:        18735776 Byte
20220312 061634.435 INFO             PET0 PIOc_freedecomp Exit - MemInfo: [malloc] Total space held (mmap + non-mmap):         52944896 Byte
20220312 061634.435 INFO             PET0 PIOc_freedecomp Exit - MemInfo: [malloc] Total space used (mmap + non-mmap):         18745104 Byte
20220312 061634.436 INFO             PET0 PIOc_freedecomp Exit - MemInfo: Wall-clock time since execution start:              0.0321886 seconds
20220312 061634.436 INFO             PET0  PASS  Write multiple Fields with same dimensions to a file, ESMF_FieldIOUTest.F90, line 292
20220312 061634.436 INFO             PET0  PASS  Create grid for field metadata test, ESMF_FieldIOUTest.F90, line 309
20220312 061634.436 INFO             PET0  PASS  Create field with global indices, ESMF_FieldIOUTest.F90, line 316
20220312 061634.436 INFO             PET0  PASS  Get Farray_md from field, ESMF_FieldIOUTest.F90, line 324
20220312 061634.438 INFO             PET0 PIOc_sync Enter - MemInfo: [/proc/meminfo - SSI]	MemTotal:       65507008 kB
20220312 061634.438 INFO             PET0 PIOc_sync Enter - MemInfo: [/proc/meminfo - SSI]	MemFree:        49842752 kB
20220312 061634.438 INFO             PET0 PIOc_sync Enter - MemInfo: [/proc/meminfo - SSI]	MemAvailable:   49600480 kB
20220312 061634.438 INFO             PET0 PIOc_sync Enter - MemInfo: [/proc/meminfo - SSI]	Committed_AS:   13194624 kB
20220312 061634.438 INFO             PET0 PIOc_sync Enter - MemInfo: [/proc/meminfo - SSI]	CommittedPercent: 20.1423 %
20220312 061634.438 INFO             PET0 PIOc_sync Enter - MemInfo: [/proc/self/status]	VmPeak:	  158872 kB
20220312 061634.438 INFO             PET0 PIOc_sync Enter - MemInfo: [/proc/self/status]	VmSize:	  150684 kB
20220312 061634.438 INFO             PET0 PIOc_sync Enter - MemInfo: [/proc/self/status]	VmLck:	       0 kB
20220312 061634.438 INFO             PET0 PIOc_sync Enter - MemInfo: [/proc/self/status]	VmPin:	       0 kB
20220312 061634.438 INFO             PET0 PIOc_sync Enter - MemInfo: [/proc/self/status]	VmHWM:	   46604 kB
20220312 061634.438 INFO             PET0 PIOc_sync Enter - MemInfo: [/proc/self/status]	VmRSS:	   46604 kB
20220312 061634.438 INFO             PET0 PIOc_sync Enter - MemInfo: [/proc/self/status]	VmData:	   55040 kB
20220312 061634.438 INFO             PET0 PIOc_sync Enter - MemInfo: [/proc/self/status]	VmStk:	     144 kB
20220312 061634.438 INFO             PET0 PIOc_sync Enter - MemInfo: [/proc/self/status]	VmExe:	     264 kB
20220312 061634.438 INFO             PET0 PIOc_sync Enter - MemInfo: [/proc/self/status]	VmLib:	   39752 kB
20220312 061634.438 INFO             PET0 PIOc_sync Enter - MemInfo: [/proc/self/status]	VmPTE:	     272 kB
20220312 061634.438 INFO             PET0 PIOc_sync Enter - MemInfo: [/proc/self/status]	VmPMD:	      12 kB
20220312 061634.438 INFO             PET0 PIOc_sync Enter - MemInfo: [/proc/self/status]	VmSwap:	       0 kB
20220312 061634.438 INFO             PET0 PIOc_sync Enter - MemInfo: [/proc/self/status]	VmRSSPercent: 0.0711435 %
20220312 061634.438 INFO             PET0 PIOc_sync Enter - MemInfo: [malloc] Non-mmapped space allocated:                52944896 Byte
20220312 061634.438 INFO             PET0 PIOc_sync Enter - MemInfo: [malloc] Space allocated in mmapped regions:                0 Byte
20220312 061634.438 INFO             PET0 PIOc_sync Enter - MemInfo: [malloc] Maximum total allocated space:                     0 Byte
20220312 061634.438 INFO             PET0 PIOc_sync Enter - MemInfo: [malloc] Space in freed fastbin blocks:                   992 Byte
20220312 061634.438 INFO             PET0 PIOc_sync Enter - MemInfo: [malloc] Total allocated space:                      36075456 Byte
20220312 061634.438 INFO             PET0 PIOc_sync Enter - MemInfo: [malloc] Total free space:                           16869440 Byte
20220312 061634.438 INFO             PET0 PIOc_sync Enter - MemInfo: [malloc] Top-most, releasable space:                   132032 Byte
20220312 061634.438 INFO             PET0 PIOc_sync Enter - MemInfo: [malloc] Total space in use, mmap + non-mmap:        36075456 Byte
20220312 061634.438 INFO             PET0 PIOc_sync Enter - MemInfo: [malloc] Total space held (mmap + non-mmap):         52944896 Byte
20220312 061634.438 INFO             PET0 PIOc_sync Enter - MemInfo: [malloc] Total space used (mmap + non-mmap):         36084784 Byte
20220312 061634.438 INFO             PET0 PIOc_sync Enter - MemInfo: Wall-clock time since execution start:              0.0346378 seconds
20220312 061634.438 INFO             PET0 PIOc_sync Exit - MemInfo: [/proc/meminfo - SSI]	MemTotal:       65507008 kB
20220312 061634.438 INFO             PET0 PIOc_sync Exit - MemInfo: [/proc/meminfo - SSI]	MemFree:        49842752 kB
20220312 061634.438 INFO             PET0 PIOc_sync Exit - MemInfo: [/proc/meminfo - SSI]	MemAvailable:   49600480 kB
20220312 061634.438 INFO             PET0 PIOc_sync Exit - MemInfo: [/proc/meminfo - SSI]	Committed_AS:   13194624 kB
20220312 061634.438 INFO             PET0 PIOc_sync Exit - MemInfo: [/proc/meminfo - SSI]	CommittedPercent: 20.1423 %
20220312 061634.438 INFO             PET0 PIOc_sync Exit - MemInfo: [/proc/self/status]	VmPeak:	  158872 kB
20220312 061634.438 INFO             PET0 PIOc_sync Exit - MemInfo: [/proc/self/status]	VmSize:	  150684 kB
20220312 061634.438 INFO             PET0 PIOc_sync Exit - MemInfo: [/proc/self/status]	VmLck:	       0 kB
20220312 061634.438 INFO             PET0 PIOc_sync Exit - MemInfo: [/proc/self/status]	VmPin:	       0 kB
20220312 061634.438 INFO             PET0 PIOc_sync Exit - MemInfo: [/proc/self/status]	VmHWM:	   46604 kB
20220312 061634.438 INFO             PET0 PIOc_sync Exit - MemInfo: [/proc/self/status]	VmRSS:	   46604 kB
20220312 061634.438 INFO             PET0 PIOc_sync Exit - MemInfo: [/proc/self/status]	VmData:	   55040 kB
20220312 061634.438 INFO             PET0 PIOc_sync Exit - MemInfo: [/proc/self/status]	VmStk:	     144 kB
20220312 061634.438 INFO             PET0 PIOc_sync Exit - MemInfo: [/proc/self/status]	VmExe:	     264 kB
20220312 061634.438 INFO             PET0 PIOc_sync Exit - MemInfo: [/proc/self/status]	VmLib:	   39752 kB
20220312 061634.438 INFO             PET0 PIOc_sync Exit - MemInfo: [/proc/self/status]	VmPTE:	     272 kB
20220312 061634.438 INFO             PET0 PIOc_sync Exit - MemInfo: [/proc/self/status]	VmPMD:	      12 kB
20220312 061634.438 INFO             PET0 PIOc_sync Exit - MemInfo: [/proc/self/status]	VmSwap:	       0 kB
20220312 061634.438 INFO             PET0 PIOc_sync Exit - MemInfo: [/proc/self/status]	VmRSSPercent: 0.0711435 %
20220312 061634.438 INFO             PET0 PIOc_sync Exit - MemInfo: [malloc] Non-mmapped space allocated:                52944896 Byte
20220312 061634.438 INFO             PET0 PIOc_sync Exit - MemInfo: [malloc] Space allocated in mmapped regions:                0 Byte
20220312 061634.438 INFO             PET0 PIOc_sync Exit - MemInfo: [malloc] Maximum total allocated space:                     0 Byte
20220312 061634.438 INFO             PET0 PIOc_sync Exit - MemInfo: [malloc] Space in freed fastbin blocks:                   928 Byte
20220312 061634.438 INFO             PET0 PIOc_sync Exit - MemInfo: [malloc] Total allocated space:                      36081072 Byte
20220312 061634.438 INFO             PET0 PIOc_sync Exit - MemInfo: [malloc] Total free space:                           16863824 Byte
20220312 061634.438 INFO             PET0 PIOc_sync Exit - MemInfo: [malloc] Top-most, releasable space:                   132032 Byte
20220312 061634.438 INFO             PET0 PIOc_sync Exit - MemInfo: [malloc] Total space in use, mmap + non-mmap:        36081072 Byte
20220312 061634.438 INFO             PET0 PIOc_sync Exit - MemInfo: [malloc] Total space held (mmap + non-mmap):         52944896 Byte
20220312 061634.438 INFO             PET0 PIOc_sync Exit - MemInfo: [malloc] Total space used (mmap + non-mmap):         36090400 Byte
20220312 061634.438 INFO             PET0 PIOc_sync Exit - MemInfo: Wall-clock time since execution start:              0.0350365 seconds
20220312 061634.438 INFO             PET0 PIOc_freedecomp Enter - MemInfo: [/proc/meminfo - SSI]	MemTotal:       65507008 kB
20220312 061634.438 INFO             PET0 PIOc_freedecomp Enter - MemInfo: [/proc/meminfo - SSI]	MemFree:        49842752 kB
20220312 061634.438 INFO             PET0 PIOc_freedecomp Enter - MemInfo: [/proc/meminfo - SSI]	MemAvailable:   49600480 kB
20220312 061634.438 INFO             PET0 PIOc_freedecomp Enter - MemInfo: [/proc/meminfo - SSI]	Committed_AS:   13194624 kB
20220312 061634.438 INFO             PET0 PIOc_freedecomp Enter - MemInfo: [/proc/meminfo - SSI]	CommittedPercent: 20.1423 %
20220312 061634.438 INFO             PET0 PIOc_freedecomp Enter - MemInfo: [/proc/self/status]	VmPeak:	  158872 kB
20220312 061634.439 INFO             PET0 PIOc_freedecomp Enter - MemInfo: [/proc/self/status]	VmSize:	  150684 kB
20220312 061634.439 INFO             PET0 PIOc_freedecomp Enter - MemInfo: [/proc/self/status]	VmLck:	       0 kB
20220312 061634.439 INFO             PET0 PIOc_freedecomp Enter - MemInfo: [/proc/self/status]	VmPin:	       0 kB
20220312 061634.439 INFO             PET0 PIOc_freedecomp Enter - MemInfo: [/proc/self/status]	VmHWM:	   46604 kB
20220312 061634.439 INFO             PET0 PIOc_freedecomp Enter - MemInfo: [/proc/self/status]	VmRSS:	   46604 kB
20220312 061634.439 INFO             PET0 PIOc_freedecomp Enter - MemInfo: [/proc/self/status]	VmData:	   55040 kB
20220312 061634.439 INFO             PET0 PIOc_freedecomp Enter - MemInfo: [/proc/self/status]	VmStk:	     144 kB
20220312 061634.439 INFO             PET0 PIOc_freedecomp Enter - MemInfo: [/proc/self/status]	VmExe:	     264 kB
20220312 061634.439 INFO             PET0 PIOc_freedecomp Enter - MemInfo: [/proc/self/status]	VmLib:	   39752 kB
20220312 061634.439 INFO             PET0 PIOc_freedecomp Enter - MemInfo: [/proc/self/status]	VmPTE:	     272 kB
20220312 061634.439 INFO             PET0 PIOc_freedecomp Enter - MemInfo: [/proc/self/status]	VmPMD:	      12 kB
20220312 061634.439 INFO             PET0 PIOc_freedecomp Enter - MemInfo: [/proc/self/status]	VmSwap:	       0 kB
20220312 061634.439 INFO             PET0 PIOc_freedecomp Enter - MemInfo: [/proc/self/status]	VmRSSPercent: 0.0711435 %
20220312 061634.439 INFO             PET0 PIOc_freedecomp Enter - MemInfo: [malloc] Non-mmapped space allocated:                52944896 Byte
20220312 061634.439 INFO             PET0 PIOc_freedecomp Enter - MemInfo: [malloc] Space allocated in mmapped regions:                0 Byte
20220312 061634.439 INFO             PET0 PIOc_freedecomp Enter - MemInfo: [malloc] Maximum total allocated space:                     0 Byte
20220312 061634.439 INFO             PET0 PIOc_freedecomp Enter - MemInfo: [malloc] Space in freed fastbin blocks:                   944 Byte
20220312 061634.439 INFO             PET0 PIOc_freedecomp Enter - MemInfo: [malloc] Total allocated space:                      18766256 Byte
20220312 061634.439 INFO             PET0 PIOc_freedecomp Enter - MemInfo: [malloc] Total free space:                           34178640 Byte
20220312 061634.439 INFO             PET0 PIOc_freedecomp Enter - MemInfo: [malloc] Top-most, releasable space:                 16909264 Byte
20220312 061634.439 INFO             PET0 PIOc_freedecomp Enter - MemInfo: [malloc] Total space in use, mmap + non-mmap:        18766256 Byte
20220312 061634.439 INFO             PET0 PIOc_freedecomp Enter - MemInfo: [malloc] Total space held (mmap + non-mmap):         52944896 Byte
20220312 061634.439 INFO             PET0 PIOc_freedecomp Enter - MemInfo: [malloc] Total space used (mmap + non-mmap):         18775584 Byte
20220312 061634.439 INFO             PET0 PIOc_freedecomp Enter - MemInfo: Wall-clock time since execution start:              0.0353919 seconds
20220312 061634.439 INFO             PET0 PIOc_freedecomp Exit - MemInfo: [/proc/meminfo - SSI]	MemTotal:       65507008 kB
20220312 061634.439 INFO             PET0 PIOc_freedecomp Exit - MemInfo: [/proc/meminfo - SSI]	MemFree:        49842752 kB
20220312 061634.439 INFO             PET0 PIOc_freedecomp Exit - MemInfo: [/proc/meminfo - SSI]	MemAvailable:   49600480 kB
20220312 061634.439 INFO             PET0 PIOc_freedecomp Exit - MemInfo: [/proc/meminfo - SSI]	Committed_AS:   13194624 kB
20220312 061634.439 INFO             PET0 PIOc_freedecomp Exit - MemInfo: [/proc/meminfo - SSI]	CommittedPercent: 20.1423 %
20220312 061634.439 INFO             PET0 PIOc_freedecomp Exit - MemInfo: [/proc/self/status]	VmPeak:	  158872 kB
20220312 061634.439 INFO             PET0 PIOc_freedecomp Exit - MemInfo: [/proc/self/status]	VmSize:	  150684 kB
20220312 061634.439 INFO             PET0 PIOc_freedecomp Exit - MemInfo: [/proc/self/status]	VmLck:	       0 kB
20220312 061634.439 INFO             PET0 PIOc_freedecomp Exit - MemInfo: [/proc/self/status]	VmPin:	       0 kB
20220312 061634.439 INFO             PET0 PIOc_freedecomp Exit - MemInfo: [/proc/self/status]	VmHWM:	   46604 kB
20220312 061634.439 INFO             PET0 PIOc_freedecomp Exit - MemInfo: [/proc/self/status]	VmRSS:	   46604 kB
20220312 061634.439 INFO             PET0 PIOc_freedecomp Exit - MemInfo: [/proc/self/status]	VmData:	   55040 kB
20220312 061634.439 INFO             PET0 PIOc_freedecomp Exit - MemInfo: [/proc/self/status]	VmStk:	     144 kB
20220312 061634.439 INFO             PET0 PIOc_freedecomp Exit - MemInfo: [/proc/self/status]	VmExe:	     264 kB
20220312 061634.439 INFO             PET0 PIOc_freedecomp Exit - MemInfo: [/proc/self/status]	VmLib:	   39752 kB
20220312 061634.439 INFO             PET0 PIOc_freedecomp Exit - MemInfo: [/proc/self/status]	VmPTE:	     272 kB
20220312 061634.439 INFO             PET0 PIOc_freedecomp Exit - MemInfo: [/proc/self/status]	VmPMD:	      12 kB
20220312 061634.439 INFO             PET0 PIOc_freedecomp Exit - MemInfo: [/proc/self/status]	VmSwap:	       0 kB
20220312 061634.439 INFO             PET0 PIOc_freedecomp Exit - MemInfo: [/proc/self/status]	VmRSSPercent: 0.0711435 %
20220312 061634.439 INFO             PET0 PIOc_freedecomp Exit - MemInfo: [malloc] Non-mmapped space allocated:                52944896 Byte
20220312 061634.439 INFO             PET0 PIOc_freedecomp Exit - MemInfo: [malloc] Space allocated in mmapped regions:                0 Byte
20220312 061634.439 INFO             PET0 PIOc_freedecomp Exit - MemInfo: [malloc] Maximum total allocated space:                     0 Byte
20220312 061634.439 INFO             PET0 PIOc_freedecomp Exit - MemInfo: [malloc] Space in freed fastbin blocks:                   944 Byte
20220312 061634.439 INFO             PET0 PIOc_freedecomp Exit - MemInfo: [malloc] Total allocated space:                      18752176 Byte
20220312 061634.439 INFO             PET0 PIOc_freedecomp Exit - MemInfo: [malloc] Total free space:                           34192720 Byte
20220312 061634.439 INFO             PET0 PIOc_freedecomp Exit - MemInfo: [malloc] Top-most, releasable space:                 16909264 Byte
20220312 061634.439 INFO             PET0 PIOc_freedecomp Exit - MemInfo: [malloc] Total space in use, mmap + non-mmap:        18752176 Byte
20220312 061634.439 INFO             PET0 PIOc_freedecomp Exit - MemInfo: [malloc] Total space held (mmap + non-mmap):         52944896 Byte
20220312 061634.439 INFO             PET0 PIOc_freedecomp Exit - MemInfo: [malloc] Total space used (mmap + non-mmap):         18761504 Byte
20220312 061634.439 INFO             PET0 PIOc_freedecomp Exit - MemInfo: Wall-clock time since execution start:               0.035714 seconds
20220312 061634.439 INFO             PET0  PASS  Write Field to NetCDF file, ESMF_FieldIOUTest.F90, line 348
20220312 061634.440 INFO             PET0  PASS  Confirm NetCDF metadata - open file, ESMF_FieldIOUTest.F90, line 359
20220312 061634.440 INFO             PET0  PASS  Confirm NetCDF metadata - check dim 1, ESMF_FieldIOUTest.F90, line 369
20220312 061634.440 INFO             PET0  PASS  Confirm NetCDF metadata - check dim 1 len, ESMF_FieldIOUTest.F90, line 379
20220312 061634.440 INFO             PET0  PASS  Confirm NetCDF metadata - check dim 2, ESMF_FieldIOUTest.F90, line 389
20220312 061634.440 INFO             PET0  PASS  Confirm NetCDF metadata - check dim 2 len, ESMF_FieldIOUTest.F90, line 399
20220312 061634.440 INFO             PET0  PASS  Confirm NetCDF metadata - variable exists, ESMF_FieldIOUTest.F90, line 409
20220312 061634.440 INFO             PET0  PASS  Confirm NetCDF metadata - variable has expected dims, ESMF_FieldIOUTest.F90, line 420
20220312 061634.440 INFO             PET0  PASS  Confirm NetCDF data - check data for field, ESMF_FieldIOUTest.F90, line 445
20220312 061634.440 INFO             PET0  PASS  Confirm NetCDF data - close file, ESMF_FieldIOUTest.F90, line 456
20220312 061634.447 INFO             PET0 PIOc_sync Enter - MemInfo: [/proc/meminfo - SSI]	MemTotal:       65507008 kB
20220312 061634.447 INFO             PET0 PIOc_sync Enter - MemInfo: [/proc/meminfo - SSI]	MemFree:        49816836 kB
20220312 061634.447 INFO             PET0 PIOc_sync Enter - MemInfo: [/proc/meminfo - SSI]	MemAvailable:   49574564 kB
20220312 061634.447 INFO             PET0 PIOc_sync Enter - MemInfo: [/proc/meminfo - SSI]	Committed_AS:   13249728 kB
20220312 061634.447 INFO             PET0 PIOc_sync Enter - MemInfo: [/proc/meminfo - SSI]	CommittedPercent: 20.2264 %
20220312 061634.447 INFO             PET0 PIOc_sync Enter - MemInfo: [/proc/self/status]	VmPeak:	  158872 kB
20220312 061634.447 INFO             PET0 PIOc_sync Enter - MemInfo: [/proc/self/status]	VmSize:	  150684 kB
20220312 061634.447 INFO             PET0 PIOc_sync Enter - MemInfo: [/proc/self/status]	VmLck:	       0 kB
20220312 061634.447 INFO             PET0 PIOc_sync Enter - MemInfo: [/proc/self/status]	VmPin:	       0 kB
20220312 061634.447 INFO             PET0 PIOc_sync Enter - MemInfo: [/proc/self/status]	VmHWM:	   46688 kB
20220312 061634.447 INFO             PET0 PIOc_sync Enter - MemInfo: [/proc/self/status]	VmRSS:	   46688 kB
20220312 061634.447 INFO             PET0 PIOc_sync Enter - MemInfo: [/proc/self/status]	VmData:	   55040 kB
20220312 061634.447 INFO             PET0 PIOc_sync Enter - MemInfo: [/proc/self/status]	VmStk:	     144 kB
20220312 061634.447 INFO             PET0 PIOc_sync Enter - MemInfo: [/proc/self/status]	VmExe:	     264 kB
20220312 061634.447 INFO             PET0 PIOc_sync Enter - MemInfo: [/proc/self/status]	VmLib:	   39752 kB
20220312 061634.447 INFO             PET0 PIOc_sync Enter - MemInfo: [/proc/self/status]	VmPTE:	     272 kB
20220312 061634.447 INFO             PET0 PIOc_sync Enter - MemInfo: [/proc/self/status]	VmPMD:	      12 kB
20220312 061634.447 INFO             PET0 PIOc_sync Enter - MemInfo: [/proc/self/status]	VmSwap:	       0 kB
20220312 061634.447 INFO             PET0 PIOc_sync Enter - MemInfo: [/proc/self/status]	VmRSSPercent: 0.0712718 %
20220312 061634.447 INFO             PET0 PIOc_sync Enter - MemInfo: [malloc] Non-mmapped space allocated:                52944896 Byte
20220312 061634.447 INFO             PET0 PIOc_sync Enter - MemInfo: [malloc] Space allocated in mmapped regions:                0 Byte
20220312 061634.447 INFO             PET0 PIOc_sync Enter - MemInfo: [malloc] Maximum total allocated space:                     0 Byte
20220312 061634.447 INFO             PET0 PIOc_sync Enter - MemInfo: [malloc] Space in freed fastbin blocks:                   960 Byte
20220312 061634.447 INFO             PET0 PIOc_sync Enter - MemInfo: [malloc] Total allocated space:                      36078784 Byte
20220312 061634.447 INFO             PET0 PIOc_sync Enter - MemInfo: [malloc] Total free space:                           16866112 Byte
20220312 061634.447 INFO             PET0 PIOc_sync Enter - MemInfo: [malloc] Top-most, releasable space:                   132032 Byte
20220312 061634.447 INFO             PET0 PIOc_sync Enter - MemInfo: [malloc] Total space in use, mmap + non-mmap:        36078784 Byte
20220312 061634.447 INFO             PET0 PIOc_sync Enter - MemInfo: [malloc] Total space held (mmap + non-mmap):         52944896 Byte
20220312 061634.447 INFO             PET0 PIOc_sync Enter - MemInfo: [malloc] Total space used (mmap + non-mmap):         36088112 Byte
20220312 061634.447 INFO             PET0 PIOc_sync Enter - MemInfo: Wall-clock time since execution start:              0.0441739 seconds
20220312 061634.448 INFO             PET0 PIOc_sync Exit - MemInfo: [/proc/meminfo - SSI]	MemTotal:       65507008 kB
20220312 061634.448 INFO             PET0 PIOc_sync Exit - MemInfo: [/proc/meminfo - SSI]	MemFree:        49816836 kB
20220312 061634.448 INFO             PET0 PIOc_sync Exit - MemInfo: [/proc/meminfo - SSI]	MemAvailable:   49574564 kB
20220312 061634.448 INFO             PET0 PIOc_sync Exit - MemInfo: [/proc/meminfo - SSI]	Committed_AS:   13249728 kB
20220312 061634.448 INFO             PET0 PIOc_sync Exit - MemInfo: [/proc/meminfo - SSI]	CommittedPercent: 20.2264 %
20220312 061634.448 INFO             PET0 PIOc_sync Exit - MemInfo: [/proc/self/status]	VmPeak:	  158872 kB
20220312 061634.448 INFO             PET0 PIOc_sync Exit - MemInfo: [/proc/self/status]	VmSize:	  150684 kB
20220312 061634.448 INFO             PET0 PIOc_sync Exit - MemInfo: [/proc/self/status]	VmLck:	       0 kB
20220312 061634.448 INFO             PET0 PIOc_sync Exit - MemInfo: [/proc/self/status]	VmPin:	       0 kB
20220312 061634.448 INFO             PET0 PIOc_sync Exit - MemInfo: [/proc/self/status]	VmHWM:	   46688 kB
20220312 061634.448 INFO             PET0 PIOc_sync Exit - MemInfo: [/proc/self/status]	VmRSS:	   46688 kB
20220312 061634.448 INFO             PET0 PIOc_sync Exit - MemInfo: [/proc/self/status]	VmData:	   55040 kB
20220312 061634.448 INFO             PET0 PIOc_sync Exit - MemInfo: [/proc/self/status]	VmStk:	     144 kB
20220312 061634.448 INFO             PET0 PIOc_sync Exit - MemInfo: [/proc/self/status]	VmExe:	     264 kB
20220312 061634.448 INFO             PET0 PIOc_sync Exit - MemInfo: [/proc/self/status]	VmLib:	   39752 kB
20220312 061634.448 INFO             PET0 PIOc_sync Exit - MemInfo: [/proc/self/status]	VmPTE:	     272 kB
20220312 061634.448 INFO             PET0 PIOc_sync Exit - MemInfo: [/proc/self/status]	VmPMD:	      12 kB
20220312 061634.448 INFO             PET0 PIOc_sync Exit - MemInfo: [/proc/self/status]	VmSwap:	       0 kB
20220312 061634.448 INFO             PET0 PIOc_sync Exit - MemInfo: [/proc/self/status]	VmRSSPercent: 0.0712718 %
20220312 061634.448 INFO             PET0 PIOc_sync Exit - MemInfo: [malloc] Non-mmapped space allocated:                52944896 Byte
20220312 061634.448 INFO             PET0 PIOc_sync Exit - MemInfo: [malloc] Space allocated in mmapped regions:                0 Byte
20220312 061634.448 INFO             PET0 PIOc_sync Exit - MemInfo: [malloc] Maximum total allocated space:                     0 Byte
20220312 061634.448 INFO             PET0 PIOc_sync Exit - MemInfo: [malloc] Space in freed fastbin blocks:                  1104 Byte
20220312 061634.448 INFO             PET0 PIOc_sync Exit - MemInfo: [malloc] Total allocated space:                      36078192 Byte
20220312 061634.448 INFO             PET0 PIOc_sync Exit - MemInfo: [malloc] Total free space:                           16866704 Byte
20220312 061634.448 INFO             PET0 PIOc_sync Exit - MemInfo: [malloc] Top-most, releasable space:                   132032 Byte
20220312 061634.448 INFO             PET0 PIOc_sync Exit - MemInfo: [malloc] Total space in use, mmap + non-mmap:        36078192 Byte
20220312 061634.448 INFO             PET0 PIOc_sync Exit - MemInfo: [malloc] Total space held (mmap + non-mmap):         52944896 Byte
20220312 061634.448 INFO             PET0 PIOc_sync Exit - MemInfo: [malloc] Total space used (mmap + non-mmap):         36087520 Byte
20220312 061634.448 INFO             PET0 PIOc_sync Exit - MemInfo: Wall-clock time since execution start:              0.0445708 seconds
20220312 061634.448 INFO             PET0 PIOc_freedecomp Enter - MemInfo: [/proc/meminfo - SSI]	MemTotal:       65507008 kB
20220312 061634.448 INFO             PET0 PIOc_freedecomp Enter - MemInfo: [/proc/meminfo - SSI]	MemFree:        49816836 kB
20220312 061634.448 INFO             PET0 PIOc_freedecomp Enter - MemInfo: [/proc/meminfo - SSI]	MemAvailable:   49574564 kB
20220312 061634.448 INFO             PET0 PIOc_freedecomp Enter - MemInfo: [/proc/meminfo - SSI]	Committed_AS:   13249728 kB
20220312 061634.448 INFO             PET0 PIOc_freedecomp Enter - MemInfo: [/proc/meminfo - SSI]	CommittedPercent: 20.2264 %
20220312 061634.448 INFO             PET0 PIOc_freedecomp Enter - MemInfo: [/proc/self/status]	VmPeak:	  158872 kB
20220312 061634.448 INFO             PET0 PIOc_freedecomp Enter - MemInfo: [/proc/self/status]	VmSize:	  150684 kB
20220312 061634.448 INFO             PET0 PIOc_freedecomp Enter - MemInfo: [/proc/self/status]	VmLck:	       0 kB
20220312 061634.448 INFO             PET0 PIOc_freedecomp Enter - MemInfo: [/proc/self/status]	VmPin:	       0 kB
20220312 061634.448 INFO             PET0 PIOc_freedecomp Enter - MemInfo: [/proc/self/status]	VmHWM:	   46688 kB
20220312 061634.448 INFO             PET0 PIOc_freedecomp Enter - MemInfo: [/proc/self/status]	VmRSS:	   46688 kB
20220312 061634.448 INFO             PET0 PIOc_freedecomp Enter - MemInfo: [/proc/self/status]	VmData:	   55040 kB
20220312 061634.448 INFO             PET0 PIOc_freedecomp Enter - MemInfo: [/proc/self/status]	VmStk:	     144 kB
20220312 061634.448 INFO             PET0 PIOc_freedecomp Enter - MemInfo: [/proc/self/status]	VmExe:	     264 kB
20220312 061634.448 INFO             PET0 PIOc_freedecomp Enter - MemInfo: [/proc/self/status]	VmLib:	   39752 kB
20220312 061634.448 INFO             PET0 PIOc_freedecomp Enter - MemInfo: [/proc/self/status]	VmPTE:	     272 kB
20220312 061634.448 INFO             PET0 PIOc_freedecomp Enter - MemInfo: [/proc/self/status]	VmPMD:	      12 kB
20220312 061634.448 INFO             PET0 PIOc_freedecomp Enter - MemInfo: [/proc/self/status]	VmSwap:	       0 kB
20220312 061634.448 INFO             PET0 PIOc_freedecomp Enter - MemInfo: [/proc/self/status]	VmRSSPercent: 0.0712718 %
20220312 061634.448 INFO             PET0 PIOc_freedecomp Enter - MemInfo: [malloc] Non-mmapped space allocated:                52944896 Byte
20220312 061634.448 INFO             PET0 PIOc_freedecomp Enter - MemInfo: [malloc] Space allocated in mmapped regions:                0 Byte
20220312 061634.448 INFO             PET0 PIOc_freedecomp Enter - MemInfo: [malloc] Maximum total allocated space:                     0 Byte
20220312 061634.448 INFO             PET0 PIOc_freedecomp Enter - MemInfo: [malloc] Space in freed fastbin blocks:                   944 Byte
20220312 061634.448 INFO             PET0 PIOc_freedecomp Enter - MemInfo: [malloc] Total allocated space:                      18763280 Byte
20220312 061634.448 INFO             PET0 PIOc_freedecomp Enter - MemInfo: [malloc] Total free space:                           34181616 Byte
20220312 061634.448 INFO             PET0 PIOc_freedecomp Enter - MemInfo: [malloc] Top-most, releasable space:                 16909264 Byte
20220312 061634.448 INFO             PET0 PIOc_freedecomp Enter - MemInfo: [malloc] Total space in use, mmap + non-mmap:        18763280 Byte
20220312 061634.448 INFO             PET0 PIOc_freedecomp Enter - MemInfo: [malloc] Total space held (mmap + non-mmap):         52944896 Byte
20220312 061634.448 INFO             PET0 PIOc_freedecomp Enter - MemInfo: [malloc] Total space used (mmap + non-mmap):         18772608 Byte
20220312 061634.448 INFO             PET0 PIOc_freedecomp Enter - MemInfo: Wall-clock time since execution start:              0.0449329 seconds
20220312 061634.448 INFO             PET0 PIOc_freedecomp Exit - MemInfo: [/proc/meminfo - SSI]	MemTotal:       65507008 kB
20220312 061634.448 INFO             PET0 PIOc_freedecomp Exit - MemInfo: [/proc/meminfo - SSI]	MemFree:        49816836 kB
20220312 061634.448 INFO             PET0 PIOc_freedecomp Exit - MemInfo: [/proc/meminfo - SSI]	MemAvailable:   49574564 kB
20220312 061634.448 INFO             PET0 PIOc_freedecomp Exit - MemInfo: [/proc/meminfo - SSI]	Committed_AS:   13249728 kB
20220312 061634.448 INFO             PET0 PIOc_freedecomp Exit - MemInfo: [/proc/meminfo - SSI]	CommittedPercent: 20.2264 %
20220312 061634.448 INFO             PET0 PIOc_freedecomp Exit - MemInfo: [/proc/self/status]	VmPeak:	  158872 kB
20220312 061634.448 INFO             PET0 PIOc_freedecomp Exit - MemInfo: [/proc/self/status]	VmSize:	  150684 kB
20220312 061634.448 INFO             PET0 PIOc_freedecomp Exit - MemInfo: [/proc/self/status]	VmLck:	       0 kB
20220312 061634.448 INFO             PET0 PIOc_freedecomp Exit - MemInfo: [/proc/self/status]	VmPin:	       0 kB
20220312 061634.448 INFO             PET0 PIOc_freedecomp Exit - MemInfo: [/proc/self/status]	VmHWM:	   46688 kB
20220312 061634.448 INFO             PET0 PIOc_freedecomp Exit - MemInfo: [/proc/self/status]	VmRSS:	   46688 kB
20220312 061634.448 INFO             PET0 PIOc_freedecomp Exit - MemInfo: [/proc/self/status]	VmData:	   55040 kB
20220312 061634.448 INFO             PET0 PIOc_freedecomp Exit - MemInfo: [/proc/self/status]	VmStk:	     144 kB
20220312 061634.448 INFO             PET0 PIOc_freedecomp Exit - MemInfo: [/proc/self/status]	VmExe:	     264 kB
20220312 061634.448 INFO             PET0 PIOc_freedecomp Exit - MemInfo: [/proc/self/status]	VmLib:	   39752 kB
20220312 061634.448 INFO             PET0 PIOc_freedecomp Exit - MemInfo: [/proc/self/status]	VmPTE:	     272 kB
20220312 061634.448 INFO             PET0 PIOc_freedecomp Exit - MemInfo: [/proc/self/status]	VmPMD:	      12 kB
20220312 061634.448 INFO             PET0 PIOc_freedecomp Exit - MemInfo: [/proc/self/status]	VmSwap:	       0 kB
20220312 061634.448 INFO             PET0 PIOc_freedecomp Exit - MemInfo: [/proc/self/status]	VmRSSPercent: 0.0712718 %
20220312 061634.448 INFO             PET0 PIOc_freedecomp Exit - MemInfo: [malloc] Non-mmapped space allocated:                52944896 Byte
20220312 061634.448 INFO             PET0 PIOc_freedecomp Exit - MemInfo: [malloc] Space allocated in mmapped regions:                0 Byte
20220312 061634.449 INFO             PET0 PIOc_freedecomp Exit - MemInfo: [malloc] Maximum total allocated space:                     0 Byte
20220312 061634.449 INFO             PET0 PIOc_freedecomp Exit - MemInfo: [malloc] Space in freed fastbin blocks:                   800 Byte
20220312 061634.449 INFO             PET0 PIOc_freedecomp Exit - MemInfo: [malloc] Total allocated space:                      18758096 Byte
20220312 061634.449 INFO             PET0 PIOc_freedecomp Exit - MemInfo: [malloc] Total free space:                           34186800 Byte
20220312 061634.449 INFO             PET0 PIOc_freedecomp Exit - MemInfo: [malloc] Top-most, releasable space:                 16909264 Byte
20220312 061634.449 INFO             PET0 PIOc_freedecomp Exit - MemInfo: [malloc] Total space in use, mmap + non-mmap:        18758096 Byte
20220312 061634.449 INFO             PET0 PIOc_freedecomp Exit - MemInfo: [malloc] Total space held (mmap + non-mmap):         52944896 Byte
20220312 061634.449 INFO             PET0 PIOc_freedecomp Exit - MemInfo: [malloc] Total space used (mmap + non-mmap):         18767424 Byte
20220312 061634.449 INFO             PET0 PIOc_freedecomp Exit - MemInfo: Wall-clock time since execution start:              0.0452571 seconds
20220312 061634.450 INFO             PET0 PIOc_sync Enter - MemInfo: [/proc/meminfo - SSI]	MemTotal:       65507008 kB
20220312 061634.450 INFO             PET0 PIOc_sync Enter - MemInfo: [/proc/meminfo - SSI]	MemFree:        49816836 kB
20220312 061634.450 INFO             PET0 PIOc_sync Enter - MemInfo: [/proc/meminfo - SSI]	MemAvailable:   49574564 kB
20220312 061634.450 INFO             PET0 PIOc_sync Enter - MemInfo: [/proc/meminfo - SSI]	Committed_AS:   13249728 kB
20220312 061634.450 INFO             PET0 PIOc_sync Enter - MemInfo: [/proc/meminfo - SSI]	CommittedPercent: 20.2264 %
20220312 061634.450 INFO             PET0 PIOc_sync Enter - MemInfo: [/proc/self/status]	VmPeak:	  158872 kB
20220312 061634.450 INFO             PET0 PIOc_sync Enter - MemInfo: [/proc/self/status]	VmSize:	  150684 kB
20220312 061634.450 INFO             PET0 PIOc_sync Enter - MemInfo: [/proc/self/status]	VmLck:	       0 kB
20220312 061634.450 INFO             PET0 PIOc_sync Enter - MemInfo: [/proc/self/status]	VmPin:	       0 kB
20220312 061634.450 INFO             PET0 PIOc_sync Enter - MemInfo: [/proc/self/status]	VmHWM:	   46780 kB
20220312 061634.450 INFO             PET0 PIOc_sync Enter - MemInfo: [/proc/self/status]	VmRSS:	   46780 kB
20220312 061634.450 INFO             PET0 PIOc_sync Enter - MemInfo: [/proc/self/status]	VmData:	   55040 kB
20220312 061634.450 INFO             PET0 PIOc_sync Enter - MemInfo: [/proc/self/status]	VmStk:	     144 kB
20220312 061634.450 INFO             PET0 PIOc_sync Enter - MemInfo: [/proc/self/status]	VmExe:	     264 kB
20220312 061634.450 INFO             PET0 PIOc_sync Enter - MemInfo: [/proc/self/status]	VmLib:	   39752 kB
20220312 061634.450 INFO             PET0 PIOc_sync Enter - MemInfo: [/proc/self/status]	VmPTE:	     272 kB
20220312 061634.450 INFO             PET0 PIOc_sync Enter - MemInfo: [/proc/self/status]	VmPMD:	      12 kB
20220312 061634.450 INFO             PET0 PIOc_sync Enter - MemInfo: [/proc/self/status]	VmSwap:	       0 kB
20220312 061634.450 INFO             PET0 PIOc_sync Enter - MemInfo: [/proc/self/status]	VmRSSPercent: 0.0714122 %
20220312 061634.450 INFO             PET0 PIOc_sync Enter - MemInfo: [malloc] Non-mmapped space allocated:                52944896 Byte
20220312 061634.450 INFO             PET0 PIOc_sync Enter - MemInfo: [malloc] Space allocated in mmapped regions:                0 Byte
20220312 061634.450 INFO             PET0 PIOc_sync Enter - MemInfo: [malloc] Maximum total allocated space:                     0 Byte
20220312 061634.450 INFO             PET0 PIOc_sync Enter - MemInfo: [malloc] Space in freed fastbin blocks:                   896 Byte
20220312 061634.450 INFO             PET0 PIOc_sync Enter - MemInfo: [malloc] Total allocated space:                      36082320 Byte
20220312 061634.450 INFO             PET0 PIOc_sync Enter - MemInfo: [malloc] Total free space:                           16862576 Byte
20220312 061634.450 INFO             PET0 PIOc_sync Enter - MemInfo: [malloc] Top-most, releasable space:                   132032 Byte
20220312 061634.450 INFO             PET0 PIOc_sync Enter - MemInfo: [malloc] Total space in use, mmap + non-mmap:        36082320 Byte
20220312 061634.450 INFO             PET0 PIOc_sync Enter - MemInfo: [malloc] Total space held (mmap + non-mmap):         52944896 Byte
20220312 061634.450 INFO             PET0 PIOc_sync Enter - MemInfo: [malloc] Total space used (mmap + non-mmap):         36091648 Byte
20220312 061634.450 INFO             PET0 PIOc_sync Enter - MemInfo: Wall-clock time since execution start:              0.0470406 seconds
20220312 061634.450 INFO             PET0 PIOc_sync Exit - MemInfo: [/proc/meminfo - SSI]	MemTotal:       65507008 kB
20220312 061634.450 INFO             PET0 PIOc_sync Exit - MemInfo: [/proc/meminfo - SSI]	MemFree:        49816836 kB
20220312 061634.450 INFO             PET0 PIOc_sync Exit - MemInfo: [/proc/meminfo - SSI]	MemAvailable:   49574564 kB
20220312 061634.450 INFO             PET0 PIOc_sync Exit - MemInfo: [/proc/meminfo - SSI]	Committed_AS:   13249728 kB
20220312 061634.450 INFO             PET0 PIOc_sync Exit - MemInfo: [/proc/meminfo - SSI]	CommittedPercent: 20.2264 %
20220312 061634.451 INFO             PET0 PIOc_sync Exit - MemInfo: [/proc/self/status]	VmPeak:	  158872 kB
20220312 061634.451 INFO             PET0 PIOc_sync Exit - MemInfo: [/proc/self/status]	VmSize:	  150684 kB
20220312 061634.451 INFO             PET0 PIOc_sync Exit - MemInfo: [/proc/self/status]	VmLck:	       0 kB
20220312 061634.451 INFO             PET0 PIOc_sync Exit - MemInfo: [/proc/self/status]	VmPin:	       0 kB
20220312 061634.451 INFO             PET0 PIOc_sync Exit - MemInfo: [/proc/self/status]	VmHWM:	   46780 kB
20220312 061634.451 INFO             PET0 PIOc_sync Exit - MemInfo: [/proc/self/status]	VmRSS:	   46780 kB
20220312 061634.451 INFO             PET0 PIOc_sync Exit - MemInfo: [/proc/self/status]	VmData:	   55040 kB
20220312 061634.451 INFO             PET0 PIOc_sync Exit - MemInfo: [/proc/self/status]	VmStk:	     144 kB
20220312 061634.451 INFO             PET0 PIOc_sync Exit - MemInfo: [/proc/self/status]	VmExe:	     264 kB
20220312 061634.451 INFO             PET0 PIOc_sync Exit - MemInfo: [/proc/self/status]	VmLib:	   39752 kB
20220312 061634.451 INFO             PET0 PIOc_sync Exit - MemInfo: [/proc/self/status]	VmPTE:	     272 kB
20220312 061634.451 INFO             PET0 PIOc_sync Exit - MemInfo: [/proc/self/status]	VmPMD:	      12 kB
20220312 061634.451 INFO             PET0 PIOc_sync Exit - MemInfo: [/proc/self/status]	VmSwap:	       0 kB
20220312 061634.451 INFO             PET0 PIOc_sync Exit - MemInfo: [/proc/self/status]	VmRSSPercent: 0.0714122 %
20220312 061634.451 INFO             PET0 PIOc_sync Exit - MemInfo: [malloc] Non-mmapped space allocated:                52944896 Byte
20220312 061634.451 INFO             PET0 PIOc_sync Exit - MemInfo: [malloc] Space allocated in mmapped regions:                0 Byte
20220312 061634.451 INFO             PET0 PIOc_sync Exit - MemInfo: [malloc] Maximum total allocated space:                     0 Byte
20220312 061634.451 INFO             PET0 PIOc_sync Exit - MemInfo: [malloc] Space in freed fastbin blocks:                  1168 Byte
20220312 061634.451 INFO             PET0 PIOc_sync Exit - MemInfo: [malloc] Total allocated space:                      36081904 Byte
20220312 061634.451 INFO             PET0 PIOc_sync Exit - MemInfo: [malloc] Total free space:                           16862992 Byte
20220312 061634.451 INFO             PET0 PIOc_sync Exit - MemInfo: [malloc] Top-most, releasable space:                   132032 Byte
20220312 061634.451 INFO             PET0 PIOc_sync Exit - MemInfo: [malloc] Total space in use, mmap + non-mmap:        36081904 Byte
