build time -- 2022-03-14 06:04:57.088307
20220314 061726.643 INFO             PET0 !!!!!!!!!!!!!!!!!!!!!!!!!!!!!!!!!!!!!!!!!!!!!!!!!!!!!!
20220314 061726.643 INFO             PET0 !!! THE ESMF_LOG IS SET TO OUTPUT ALL LOG MESSAGES !!!
20220314 061726.643 INFO             PET0 !!!     THIS MAY CAUSE SLOWDOWN IN PERFORMANCE     !!!
20220314 061726.643 INFO             PET0 !!! FOR PRODUCTION RUNS, USE:                      !!!
20220314 061726.643 INFO             PET0 !!!                   ESMF_LOGKIND_Multi_On_Error  !!!
20220314 061726.643 INFO             PET0 !!!!!!!!!!!!!!!!!!!!!!!!!!!!!!!!!!!!!!!!!!!!!!!!!!!!!!
20220314 061726.643 INFO             PET0 Running with ESMF Version   : v8.3.0b09-96-g559b459836
20220314 061726.643 INFO             PET0 ESMF library build date/time: "Mar 14 2022" "06:03:07"
20220314 061726.643 INFO             PET0 ESMF library build location : /glade/scratch/rlong/esmf-testing/gfortran_10.1.0_mpt_O_jedwards_pio_update2
20220314 061726.643 INFO             PET0 ESMF_COMM                   : mpt
20220314 061726.643 INFO             PET0 ESMF_MOAB                   : enabled
20220314 061726.643 INFO             PET0 ESMF_LAPACK                 : enabled
20220314 061726.643 INFO             PET0 ESMF_NETCDF                 : enabled
20220314 061726.643 INFO             PET0 ESMF_PNETCDF                : disabled
20220314 061726.643 INFO             PET0 ESMF_PIO                    : enabled
20220314 061726.643 INFO             PET0 ESMF_YAMLCPP                : enabled
20220314 061726.644 INFO             PET0  Beginning Test, file ESMF_FieldBundleIOUTest.F90, line 71
20220314 061726.644 INFO             PET0  NUMBER_OF_PROCESSORS           4
20220314 061726.645 INFO             PET0  PASS  Creating a Grid to use in Field Tests, ESMF_FieldBundleIOUTest.F90, line 92
20220314 061726.645 INFO             PET0  PASS  Create dimensions attribute package on shared Grid Test, ESMF_FieldBundleIOUTest.F90, line 102
20220314 061726.645 INFO             PET0  PASS  Set dimensions attribute package on Grid Test, ESMF_FieldBundleIOUTest.F90, line 113
20220314 061726.645 INFO             PET0  PASS  Creating a 2 DE/PET Grid to use in Field Tests, ESMF_FieldBundleIOUTest.F90, line 123
20220314 061726.645 INFO             PET0  PASS  Create dimensions attribute package on 2 DE/PET Grid Test, ESMF_FieldBundleIOUTest.F90, line 133
20220314 061726.645 INFO             PET0  PASS  Set dimensions attribute package on Grid Test, ESMF_FieldBundleIOUTest.F90, line 144
20220314 061726.646 INFO             PET0  PASS  Create a field from grid and fortran dummy array, ESMF_FieldBundleIOUTest.F90, line 182
20220314 061726.646 INFO             PET0  PASS  Create attribute package on Field(1) Test, ESMF_FieldBundleIOUTest.F90, line 195
20220314 061726.646 INFO             PET0  PASS  Set attribute values on Field(1) Test, ESMF_FieldBundleIOUTest.F90, line 208
20220314 061726.646 INFO             PET0  PASS  Create a field from grid and fortran dummy array, ESMF_FieldBundleIOUTest.F90, line 218
20220314 061726.646 INFO             PET0  PASS  Create attribute package on Field(2) Test, ESMF_FieldBundleIOUTest.F90, line 230
20220314 061726.646 INFO             PET0  PASS  Set attribute values on Field(2) Test, ESMF_FieldBundleIOUTest.F90, line 243
20220314 061726.646 INFO             PET0  PASS  Array Spec Set, ESMF_FieldBundleIOUTest.F90, line 253
20220314 061726.646 INFO             PET0  PASS  Create a field from 2 DE/PET grid, ESMF_FieldBundleIOUTest.F90, line 263
20220314 061726.647 INFO             PET0  PASS  Create attribute package on Field(3) Test, ESMF_FieldBundleIOUTest.F90, line 275
20220314 061726.647 INFO             PET0  PASS  Set attribute values on Field(3) Test, ESMF_FieldBundleIOUTest.F90, line 288
20220314 061726.647 INFO             PET0  PASS  Get and fill Farray_w from field DE 0, ESMF_FieldBundleIOUTest.F90, line 298
20220314 061726.647 INFO             PET0  PASS  Get and fill Farray_w from field DE 1, ESMF_FieldBundleIOUTest.F90, line 308
20220314 061726.649 INFO             PET0  PASS  Create a bundle from 3 fields, ESMF_FieldBundleIOUTest.F90, line 317
20220314 061726.649 INFO             PET0  PASS  Create attribute package on FieldBundle single Test, ESMF_FieldBundleIOUTest.F90, line 329
20220314 061726.649 INFO             PET0  PASS  Set attribute values on FieldBundle single Test, ESMF_FieldBundleIOUTest.F90, line 342
20220314 061726.663 INFO             PET0 PIOc_sync Enter - MemInfo: [/proc/meminfo - SSI]	MemTotal:       65507008 kB
20220314 061726.663 INFO             PET0 PIOc_sync Enter - MemInfo: [/proc/meminfo - SSI]	MemFree:        49815836 kB
20220314 061726.663 INFO             PET0 PIOc_sync Enter - MemInfo: [/proc/meminfo - SSI]	MemAvailable:   49574296 kB
20220314 061726.663 INFO             PET0 PIOc_sync Enter - MemInfo: [/proc/meminfo - SSI]	Committed_AS:   13119136 kB
20220314 061726.663 INFO             PET0 PIOc_sync Enter - MemInfo: [/proc/meminfo - SSI]	CommittedPercent: 20.0271 %
20220314 061726.663 INFO             PET0 PIOc_sync Enter - MemInfo: [/proc/self/status]	VmPeak:	  134672 kB
20220314 061726.663 INFO             PET0 PIOc_sync Enter - MemInfo: [/proc/self/status]	VmSize:	  134672 kB
20220314 061726.663 INFO             PET0 PIOc_sync Enter - MemInfo: [/proc/self/status]	VmLck:	       0 kB
20220314 061726.663 INFO             PET0 PIOc_sync Enter - MemInfo: [/proc/self/status]	VmPin:	       0 kB
20220314 061726.663 INFO             PET0 PIOc_sync Enter - MemInfo: [/proc/self/status]	VmHWM:	   31144 kB
20220314 061726.663 INFO             PET0 PIOc_sync Enter - MemInfo: [/proc/self/status]	VmRSS:	   31144 kB
20220314 061726.663 INFO             PET0 PIOc_sync Enter - MemInfo: [/proc/self/status]	VmData:	   39532 kB
20220314 061726.663 INFO             PET0 PIOc_sync Enter - MemInfo: [/proc/self/status]	VmStk:	     144 kB
20220314 061726.663 INFO             PET0 PIOc_sync Enter - MemInfo: [/proc/self/status]	VmExe:	     224 kB
20220314 061726.663 INFO             PET0 PIOc_sync Enter - MemInfo: [/proc/self/status]	VmLib:	   39752 kB
20220314 061726.663 INFO             PET0 PIOc_sync Enter - MemInfo: [/proc/self/status]	VmPTE:	     260 kB
20220314 061726.663 INFO             PET0 PIOc_sync Enter - MemInfo: [/proc/self/status]	VmPMD:	      12 kB
20220314 061726.663 INFO             PET0 PIOc_sync Enter - MemInfo: [/proc/self/status]	VmSwap:	       0 kB
20220314 061726.663 INFO             PET0 PIOc_sync Enter - MemInfo: [/proc/self/status]	VmRSSPercent: 0.047543 %
20220314 061726.663 INFO             PET0 PIOc_sync Enter - MemInfo: [malloc] Non-mmapped space allocated:                37064704 Byte
20220314 061726.663 INFO             PET0 PIOc_sync Enter - MemInfo: [malloc] Space allocated in mmapped regions:                0 Byte
20220314 061726.663 INFO             PET0 PIOc_sync Enter - MemInfo: [malloc] Maximum total allocated space:                     0 Byte
20220314 061726.663 INFO             PET0 PIOc_sync Enter - MemInfo: [malloc] Space in freed fastbin blocks:                  2480 Byte
20220314 061726.663 INFO             PET0 PIOc_sync Enter - MemInfo: [malloc] Total allocated space:                      36596672 Byte
20220314 061726.663 INFO             PET0 PIOc_sync Enter - MemInfo: [malloc] Total free space:                             468032 Byte
20220314 061726.663 INFO             PET0 PIOc_sync Enter - MemInfo: [malloc] Top-most, releasable space:                   451232 Byte
20220314 061726.663 INFO             PET0 PIOc_sync Enter - MemInfo: [malloc] Total space in use, mmap + non-mmap:        36596672 Byte
20220314 061726.663 INFO             PET0 PIOc_sync Enter - MemInfo: [malloc] Total space held (mmap + non-mmap):         37064704 Byte
20220314 061726.663 INFO             PET0 PIOc_sync Enter - MemInfo: [malloc] Total space used (mmap + non-mmap):         36606000 Byte
20220314 061726.663 INFO             PET0 PIOc_sync Enter - MemInfo: Wall-clock time since execution start:               0.020521 seconds
20220314 061726.665 INFO             PET0 PIOc_sync Exit - MemInfo: [/proc/meminfo - SSI]	MemTotal:       65507008 kB
20220314 061726.665 INFO             PET0 PIOc_sync Exit - MemInfo: [/proc/meminfo - SSI]	MemFree:        49815836 kB
20220314 061726.665 INFO             PET0 PIOc_sync Exit - MemInfo: [/proc/meminfo - SSI]	MemAvailable:   49574296 kB
20220314 061726.665 INFO             PET0 PIOc_sync Exit - MemInfo: [/proc/meminfo - SSI]	Committed_AS:   13119136 kB
20220314 061726.665 INFO             PET0 PIOc_sync Exit - MemInfo: [/proc/meminfo - SSI]	CommittedPercent: 20.0271 %
20220314 061726.665 INFO             PET0 PIOc_sync Exit - MemInfo: [/proc/self/status]	VmPeak:	  134672 kB
20220314 061726.665 INFO             PET0 PIOc_sync Exit - MemInfo: [/proc/self/status]	VmSize:	  134672 kB
20220314 061726.665 INFO             PET0 PIOc_sync Exit - MemInfo: [/proc/self/status]	VmLck:	       0 kB
20220314 061726.665 INFO             PET0 PIOc_sync Exit - MemInfo: [/proc/self/status]	VmPin:	       0 kB
20220314 061726.665 INFO             PET0 PIOc_sync Exit - MemInfo: [/proc/self/status]	VmHWM:	   31268 kB
20220314 061726.665 INFO             PET0 PIOc_sync Exit - MemInfo: [/proc/self/status]	VmRSS:	   31268 kB
20220314 061726.665 INFO             PET0 PIOc_sync Exit - MemInfo: [/proc/self/status]	VmData:	   39532 kB
20220314 061726.665 INFO             PET0 PIOc_sync Exit - MemInfo: [/proc/self/status]	VmStk:	     144 kB
20220314 061726.665 INFO             PET0 PIOc_sync Exit - MemInfo: [/proc/self/status]	VmExe:	     224 kB
20220314 061726.665 INFO             PET0 PIOc_sync Exit - MemInfo: [/proc/self/status]	VmLib:	   39752 kB
20220314 061726.665 INFO             PET0 PIOc_sync Exit - MemInfo: [/proc/self/status]	VmPTE:	     260 kB
20220314 061726.665 INFO             PET0 PIOc_sync Exit - MemInfo: [/proc/self/status]	VmPMD:	      12 kB
20220314 061726.665 INFO             PET0 PIOc_sync Exit - MemInfo: [/proc/self/status]	VmSwap:	       0 kB
20220314 061726.665 INFO             PET0 PIOc_sync Exit - MemInfo: [/proc/self/status]	VmRSSPercent: 0.0477323 %
20220314 061726.665 INFO             PET0 PIOc_sync Exit - MemInfo: [malloc] Non-mmapped space allocated:                37064704 Byte
20220314 061726.665 INFO             PET0 PIOc_sync Exit - MemInfo: [malloc] Space allocated in mmapped regions:                0 Byte
20220314 061726.665 INFO             PET0 PIOc_sync Exit - MemInfo: [malloc] Maximum total allocated space:                     0 Byte
20220314 061726.665 INFO             PET0 PIOc_sync Exit - MemInfo: [malloc] Space in freed fastbin blocks:                   976 Byte
20220314 061726.665 INFO             PET0 PIOc_sync Exit - MemInfo: [malloc] Total allocated space:                      36599200 Byte
20220314 061726.665 INFO             PET0 PIOc_sync Exit - MemInfo: [malloc] Total free space:                             465504 Byte
20220314 061726.665 INFO             PET0 PIOc_sync Exit - MemInfo: [malloc] Top-most, releasable space:                   451232 Byte
20220314 061726.665 INFO             PET0 PIOc_sync Exit - MemInfo: [malloc] Total space in use, mmap + non-mmap:        36599200 Byte
20220314 061726.665 INFO             PET0 PIOc_sync Exit - MemInfo: [malloc] Total space held (mmap + non-mmap):         37064704 Byte
20220314 061726.665 INFO             PET0 PIOc_sync Exit - MemInfo: [malloc] Total space used (mmap + non-mmap):         36608528 Byte
20220314 061726.665 INFO             PET0 PIOc_sync Exit - MemInfo: Wall-clock time since execution start:              0.0225127 seconds
20220314 061726.665 INFO             PET0 PIOc_freedecomp Enter - MemInfo: [/proc/meminfo - SSI]	MemTotal:       65507008 kB
20220314 061726.665 INFO             PET0 PIOc_freedecomp Enter - MemInfo: [/proc/meminfo - SSI]	MemFree:        49815836 kB
20220314 061726.665 INFO             PET0 PIOc_freedecomp Enter - MemInfo: [/proc/meminfo - SSI]	MemAvailable:   49574296 kB
20220314 061726.665 INFO             PET0 PIOc_freedecomp Enter - MemInfo: [/proc/meminfo - SSI]	Committed_AS:   13119136 kB
20220314 061726.665 INFO             PET0 PIOc_freedecomp Enter - MemInfo: [/proc/meminfo - SSI]	CommittedPercent: 20.0271 %
20220314 061726.665 INFO             PET0 PIOc_freedecomp Enter - MemInfo: [/proc/self/status]	VmPeak:	  134672 kB
20220314 061726.665 INFO             PET0 PIOc_freedecomp Enter - MemInfo: [/proc/self/status]	VmSize:	  134672 kB
20220314 061726.665 INFO             PET0 PIOc_freedecomp Enter - MemInfo: [/proc/self/status]	VmLck:	       0 kB
20220314 061726.665 INFO             PET0 PIOc_freedecomp Enter - MemInfo: [/proc/self/status]	VmPin:	       0 kB
20220314 061726.665 INFO             PET0 PIOc_freedecomp Enter - MemInfo: [/proc/self/status]	VmHWM:	   31272 kB
20220314 061726.665 INFO             PET0 PIOc_freedecomp Enter - MemInfo: [/proc/self/status]	VmRSS:	   31272 kB
20220314 061726.665 INFO             PET0 PIOc_freedecomp Enter - MemInfo: [/proc/self/status]	VmData:	   39532 kB
20220314 061726.665 INFO             PET0 PIOc_freedecomp Enter - MemInfo: [/proc/self/status]	VmStk:	     144 kB
20220314 061726.665 INFO             PET0 PIOc_freedecomp Enter - MemInfo: [/proc/self/status]	VmExe:	     224 kB
20220314 061726.665 INFO             PET0 PIOc_freedecomp Enter - MemInfo: [/proc/self/status]	VmLib:	   39752 kB
20220314 061726.665 INFO             PET0 PIOc_freedecomp Enter - MemInfo: [/proc/self/status]	VmPTE:	     260 kB
20220314 061726.665 INFO             PET0 PIOc_freedecomp Enter - MemInfo: [/proc/self/status]	VmPMD:	      12 kB
20220314 061726.665 INFO             PET0 PIOc_freedecomp Enter - MemInfo: [/proc/self/status]	VmSwap:	       0 kB
20220314 061726.665 INFO             PET0 PIOc_freedecomp Enter - MemInfo: [/proc/self/status]	VmRSSPercent: 0.0477384 %
20220314 061726.665 INFO             PET0 PIOc_freedecomp Enter - MemInfo: [malloc] Non-mmapped space allocated:                37064704 Byte
20220314 061726.665 INFO             PET0 PIOc_freedecomp Enter - MemInfo: [malloc] Space allocated in mmapped regions:                0 Byte
20220314 061726.665 INFO             PET0 PIOc_freedecomp Enter - MemInfo: [malloc] Maximum total allocated space:                     0 Byte
20220314 061726.665 INFO             PET0 PIOc_freedecomp Enter - MemInfo: [malloc] Space in freed fastbin blocks:                  1008 Byte
20220314 061726.665 INFO             PET0 PIOc_freedecomp Enter - MemInfo: [malloc] Total allocated space:                      19282272 Byte
20220314 061726.665 INFO             PET0 PIOc_freedecomp Enter - MemInfo: [malloc] Total free space:                           17782432 Byte
20220314 061726.665 INFO             PET0 PIOc_freedecomp Enter - MemInfo: [malloc] Top-most, releasable space:                   451232 Byte
20220314 061726.665 INFO             PET0 PIOc_freedecomp Enter - MemInfo: [malloc] Total space in use, mmap + non-mmap:        19282272 Byte
20220314 061726.665 INFO             PET0 PIOc_freedecomp Enter - MemInfo: [malloc] Total space held (mmap + non-mmap):         37064704 Byte
20220314 061726.666 INFO             PET0 PIOc_freedecomp Enter - MemInfo: [malloc] Total space used (mmap + non-mmap):         19291600 Byte
20220314 061726.666 INFO             PET0 PIOc_freedecomp Enter - MemInfo: Wall-clock time since execution start:              0.0229403 seconds
20220314 061726.666 INFO             PET0 PIOc_freedecomp Exit - MemInfo: [/proc/meminfo - SSI]	MemTotal:       65507008 kB
20220314 061726.666 INFO             PET0 PIOc_freedecomp Exit - MemInfo: [/proc/meminfo - SSI]	MemFree:        49815836 kB
20220314 061726.666 INFO             PET0 PIOc_freedecomp Exit - MemInfo: [/proc/meminfo - SSI]	MemAvailable:   49574296 kB
20220314 061726.666 INFO             PET0 PIOc_freedecomp Exit - MemInfo: [/proc/meminfo - SSI]	Committed_AS:   13119136 kB
20220314 061726.666 INFO             PET0 PIOc_freedecomp Exit - MemInfo: [/proc/meminfo - SSI]	CommittedPercent: 20.0271 %
20220314 061726.666 INFO             PET0 PIOc_freedecomp Exit - MemInfo: [/proc/self/status]	VmPeak:	  134672 kB
20220314 061726.666 INFO             PET0 PIOc_freedecomp Exit - MemInfo: [/proc/self/status]	VmSize:	  134672 kB
20220314 061726.666 INFO             PET0 PIOc_freedecomp Exit - MemInfo: [/proc/self/status]	VmLck:	       0 kB
20220314 061726.666 INFO             PET0 PIOc_freedecomp Exit - MemInfo: [/proc/self/status]	VmPin:	       0 kB
20220314 061726.666 INFO             PET0 PIOc_freedecomp Exit - MemInfo: [/proc/self/status]	VmHWM:	   31272 kB
20220314 061726.666 INFO             PET0 PIOc_freedecomp Exit - MemInfo: [/proc/self/status]	VmRSS:	   31272 kB
20220314 061726.666 INFO             PET0 PIOc_freedecomp Exit - MemInfo: [/proc/self/status]	VmData:	   39532 kB
20220314 061726.666 INFO             PET0 PIOc_freedecomp Exit - MemInfo: [/proc/self/status]	VmStk:	     144 kB
20220314 061726.666 INFO             PET0 PIOc_freedecomp Exit - MemInfo: [/proc/self/status]	VmExe:	     224 kB
20220314 061726.666 INFO             PET0 PIOc_freedecomp Exit - MemInfo: [/proc/self/status]	VmLib:	   39752 kB
20220314 061726.666 INFO             PET0 PIOc_freedecomp Exit - MemInfo: [/proc/self/status]	VmPTE:	     260 kB
20220314 061726.666 INFO             PET0 PIOc_freedecomp Exit - MemInfo: [/proc/self/status]	VmPMD:	      12 kB
20220314 061726.666 INFO             PET0 PIOc_freedecomp Exit - MemInfo: [/proc/self/status]	VmSwap:	       0 kB
20220314 061726.666 INFO             PET0 PIOc_freedecomp Exit - MemInfo: [/proc/self/status]	VmRSSPercent: 0.0477384 %
20220314 061726.666 INFO             PET0 PIOc_freedecomp Exit - MemInfo: [malloc] Non-mmapped space allocated:                37064704 Byte
20220314 061726.666 INFO             PET0 PIOc_freedecomp Exit - MemInfo: [malloc] Space allocated in mmapped regions:                0 Byte
20220314 061726.666 INFO             PET0 PIOc_freedecomp Exit - MemInfo: [malloc] Maximum total allocated space:                     0 Byte
20220314 061726.666 INFO             PET0 PIOc_freedecomp Exit - MemInfo: [malloc] Space in freed fastbin blocks:                  1872 Byte
20220314 061726.666 INFO             PET0 PIOc_freedecomp Exit - MemInfo: [malloc] Total allocated space:                      19278480 Byte
20220314 061726.666 INFO             PET0 PIOc_freedecomp Exit - MemInfo: [malloc] Total free space:                           17786224 Byte
20220314 061726.666 INFO             PET0 PIOc_freedecomp Exit - MemInfo: [malloc] Top-most, releasable space:                   451232 Byte
20220314 061726.666 INFO             PET0 PIOc_freedecomp Exit - MemInfo: [malloc] Total space in use, mmap + non-mmap:        19278480 Byte
20220314 061726.666 INFO             PET0 PIOc_freedecomp Exit - MemInfo: [malloc] Total space held (mmap + non-mmap):         37064704 Byte
20220314 061726.666 INFO             PET0 PIOc_freedecomp Exit - MemInfo: [malloc] Total space used (mmap + non-mmap):         19287808 Byte
20220314 061726.666 INFO             PET0 PIOc_freedecomp Exit - MemInfo: Wall-clock time since execution start:              0.0232646 seconds
20220314 061726.666 INFO             PET0 PIOc_freedecomp Enter - MemInfo: [/proc/meminfo - SSI]	MemTotal:       65507008 kB
20220314 061726.666 INFO             PET0 PIOc_freedecomp Enter - MemInfo: [/proc/meminfo - SSI]	MemFree:        49815836 kB
20220314 061726.666 INFO             PET0 PIOc_freedecomp Enter - MemInfo: [/proc/meminfo - SSI]	MemAvailable:   49574296 kB
20220314 061726.666 INFO             PET0 PIOc_freedecomp Enter - MemInfo: [/proc/meminfo - SSI]	Committed_AS:   13119136 kB
20220314 061726.666 INFO             PET0 PIOc_freedecomp Enter - MemInfo: [/proc/meminfo - SSI]	CommittedPercent: 20.0271 %
20220314 061726.666 INFO             PET0 PIOc_freedecomp Enter - MemInfo: [/proc/self/status]	VmPeak:	  134672 kB
20220314 061726.666 INFO             PET0 PIOc_freedecomp Enter - MemInfo: [/proc/self/status]	VmSize:	  134672 kB
20220314 061726.666 INFO             PET0 PIOc_freedecomp Enter - MemInfo: [/proc/self/status]	VmLck:	       0 kB
20220314 061726.666 INFO             PET0 PIOc_freedecomp Enter - MemInfo: [/proc/self/status]	VmPin:	       0 kB
20220314 061726.666 INFO             PET0 PIOc_freedecomp Enter - MemInfo: [/proc/self/status]	VmHWM:	   31272 kB
20220314 061726.666 INFO             PET0 PIOc_freedecomp Enter - MemInfo: [/proc/self/status]	VmRSS:	   31272 kB
20220314 061726.666 INFO             PET0 PIOc_freedecomp Enter - MemInfo: [/proc/self/status]	VmData:	   39532 kB
20220314 061726.666 INFO             PET0 PIOc_freedecomp Enter - MemInfo: [/proc/self/status]	VmStk:	     144 kB
20220314 061726.666 INFO             PET0 PIOc_freedecomp Enter - MemInfo: [/proc/self/status]	VmExe:	     224 kB
20220314 061726.666 INFO             PET0 PIOc_freedecomp Enter - MemInfo: [/proc/self/status]	VmLib:	   39752 kB
20220314 061726.666 INFO             PET0 PIOc_freedecomp Enter - MemInfo: [/proc/self/status]	VmPTE:	     260 kB
20220314 061726.666 INFO             PET0 PIOc_freedecomp Enter - MemInfo: [/proc/self/status]	VmPMD:	      12 kB
20220314 061726.666 INFO             PET0 PIOc_freedecomp Enter - MemInfo: [/proc/self/status]	VmSwap:	       0 kB
20220314 061726.666 INFO             PET0 PIOc_freedecomp Enter - MemInfo: [/proc/self/status]	VmRSSPercent: 0.0477384 %
20220314 061726.666 INFO             PET0 PIOc_freedecomp Enter - MemInfo: [malloc] Non-mmapped space allocated:                37064704 Byte
20220314 061726.666 INFO             PET0 PIOc_freedecomp Enter - MemInfo: [malloc] Space allocated in mmapped regions:                0 Byte
20220314 061726.666 INFO             PET0 PIOc_freedecomp Enter - MemInfo: [malloc] Maximum total allocated space:                     0 Byte
20220314 061726.666 INFO             PET0 PIOc_freedecomp Enter - MemInfo: [malloc] Space in freed fastbin blocks:                  1728 Byte
20220314 061726.666 INFO             PET0 PIOc_freedecomp Enter - MemInfo: [malloc] Total allocated space:                      19278352 Byte
20220314 061726.666 INFO             PET0 PIOc_freedecomp Enter - MemInfo: [malloc] Total free space:                           17786352 Byte
20220314 061726.666 INFO             PET0 PIOc_freedecomp Enter - MemInfo: [malloc] Top-most, releasable space:                   451232 Byte
20220314 061726.666 INFO             PET0 PIOc_freedecomp Enter - MemInfo: [malloc] Total space in use, mmap + non-mmap:        19278352 Byte
20220314 061726.666 INFO             PET0 PIOc_freedecomp Enter - MemInfo: [malloc] Total space held (mmap + non-mmap):         37064704 Byte
20220314 061726.666 INFO             PET0 PIOc_freedecomp Enter - MemInfo: [malloc] Total space used (mmap + non-mmap):         19287680 Byte
20220314 061726.666 INFO             PET0 PIOc_freedecomp Enter - MemInfo: Wall-clock time since execution start:              0.0235829 seconds
20220314 061726.666 INFO             PET0 PIOc_freedecomp Exit - MemInfo: [/proc/meminfo - SSI]	MemTotal:       65507008 kB
20220314 061726.666 INFO             PET0 PIOc_freedecomp Exit - MemInfo: [/proc/meminfo - SSI]	MemFree:        49815836 kB
20220314 061726.666 INFO             PET0 PIOc_freedecomp Exit - MemInfo: [/proc/meminfo - SSI]	MemAvailable:   49574296 kB
20220314 061726.666 INFO             PET0 PIOc_freedecomp Exit - MemInfo: [/proc/meminfo - SSI]	Committed_AS:   13119136 kB
20220314 061726.666 INFO             PET0 PIOc_freedecomp Exit - MemInfo: [/proc/meminfo - SSI]	CommittedPercent: 20.0271 %
20220314 061726.666 INFO             PET0 PIOc_freedecomp Exit - MemInfo: [/proc/self/status]	VmPeak:	  134672 kB
20220314 061726.666 INFO             PET0 PIOc_freedecomp Exit - MemInfo: [/proc/self/status]	VmSize:	  134672 kB
20220314 061726.666 INFO             PET0 PIOc_freedecomp Exit - MemInfo: [/proc/self/status]	VmLck:	       0 kB
20220314 061726.666 INFO             PET0 PIOc_freedecomp Exit - MemInfo: [/proc/self/status]	VmPin:	       0 kB
20220314 061726.666 INFO             PET0 PIOc_freedecomp Exit - MemInfo: [/proc/self/status]	VmHWM:	   31272 kB
20220314 061726.666 INFO             PET0 PIOc_freedecomp Exit - MemInfo: [/proc/self/status]	VmRSS:	   31272 kB
20220314 061726.666 INFO             PET0 PIOc_freedecomp Exit - MemInfo: [/proc/self/status]	VmData:	   39532 kB
20220314 061726.666 INFO             PET0 PIOc_freedecomp Exit - MemInfo: [/proc/self/status]	VmStk:	     144 kB
20220314 061726.666 INFO             PET0 PIOc_freedecomp Exit - MemInfo: [/proc/self/status]	VmExe:	     224 kB
20220314 061726.666 INFO             PET0 PIOc_freedecomp Exit - MemInfo: [/proc/self/status]	VmLib:	   39752 kB
20220314 061726.666 INFO             PET0 PIOc_freedecomp Exit - MemInfo: [/proc/self/status]	VmPTE:	     260 kB
20220314 061726.666 INFO             PET0 PIOc_freedecomp Exit - MemInfo: [/proc/self/status]	VmPMD:	      12 kB
20220314 061726.666 INFO             PET0 PIOc_freedecomp Exit - MemInfo: [/proc/self/status]	VmSwap:	       0 kB
20220314 061726.666 INFO             PET0 PIOc_freedecomp Exit - MemInfo: [/proc/self/status]	VmRSSPercent: 0.0477384 %
20220314 061726.666 INFO             PET0 PIOc_freedecomp Exit - MemInfo: [malloc] Non-mmapped space allocated:                37064704 Byte
20220314 061726.666 INFO             PET0 PIOc_freedecomp Exit - MemInfo: [malloc] Space allocated in mmapped regions:                0 Byte
20220314 061726.666 INFO             PET0 PIOc_freedecomp Exit - MemInfo: [malloc] Maximum total allocated space:                     0 Byte
20220314 061726.666 INFO             PET0 PIOc_freedecomp Exit - MemInfo: [malloc] Space in freed fastbin blocks:                  1616 Byte
20220314 061726.666 INFO             PET0 PIOc_freedecomp Exit - MemInfo: [malloc] Total allocated space:                      19271824 Byte
20220314 061726.666 INFO             PET0 PIOc_freedecomp Exit - MemInfo: [malloc] Total free space:                           17792880 Byte
20220314 061726.666 INFO             PET0 PIOc_freedecomp Exit - MemInfo: [malloc] Top-most, releasable space:                   451232 Byte
20220314 061726.666 INFO             PET0 PIOc_freedecomp Exit - MemInfo: [malloc] Total space in use, mmap + non-mmap:        19271824 Byte
20220314 061726.666 INFO             PET0 PIOc_freedecomp Exit - MemInfo: [malloc] Total space held (mmap + non-mmap):         37064704 Byte
20220314 061726.666 INFO             PET0 PIOc_freedecomp Exit - MemInfo: [malloc] Total space used (mmap + non-mmap):         19281152 Byte
20220314 061726.666 INFO             PET0 PIOc_freedecomp Exit - MemInfo: Wall-clock time since execution start:              0.0239089 seconds
20220314 061726.667 INFO             PET0 PIOc_freedecomp Enter - MemInfo: [/proc/meminfo - SSI]	MemTotal:       65507008 kB
20220314 061726.667 INFO             PET0 PIOc_freedecomp Enter - MemInfo: [/proc/meminfo - SSI]	MemFree:        49815836 kB
20220314 061726.667 INFO             PET0 PIOc_freedecomp Enter - MemInfo: [/proc/meminfo - SSI]	MemAvailable:   49574296 kB
20220314 061726.667 INFO             PET0 PIOc_freedecomp Enter - MemInfo: [/proc/meminfo - SSI]	Committed_AS:   13119136 kB
20220314 061726.667 INFO             PET0 PIOc_freedecomp Enter - MemInfo: [/proc/meminfo - SSI]	CommittedPercent: 20.0271 %
20220314 061726.667 INFO             PET0 PIOc_freedecomp Enter - MemInfo: [/proc/self/status]	VmPeak:	  134672 kB
20220314 061726.667 INFO             PET0 PIOc_freedecomp Enter - MemInfo: [/proc/self/status]	VmSize:	  134672 kB
20220314 061726.667 INFO             PET0 PIOc_freedecomp Enter - MemInfo: [/proc/self/status]	VmLck:	       0 kB
20220314 061726.667 INFO             PET0 PIOc_freedecomp Enter - MemInfo: [/proc/self/status]	VmPin:	       0 kB
20220314 061726.667 INFO             PET0 PIOc_freedecomp Enter - MemInfo: [/proc/self/status]	VmHWM:	   31272 kB
20220314 061726.667 INFO             PET0 PIOc_freedecomp Enter - MemInfo: [/proc/self/status]	VmRSS:	   31272 kB
20220314 061726.667 INFO             PET0 PIOc_freedecomp Enter - MemInfo: [/proc/self/status]	VmData:	   39532 kB
20220314 061726.667 INFO             PET0 PIOc_freedecomp Enter - MemInfo: [/proc/self/status]	VmStk:	     144 kB
20220314 061726.667 INFO             PET0 PIOc_freedecomp Enter - MemInfo: [/proc/self/status]	VmExe:	     224 kB
20220314 061726.667 INFO             PET0 PIOc_freedecomp Enter - MemInfo: [/proc/self/status]	VmLib:	   39752 kB
20220314 061726.667 INFO             PET0 PIOc_freedecomp Enter - MemInfo: [/proc/self/status]	VmPTE:	     260 kB
20220314 061726.667 INFO             PET0 PIOc_freedecomp Enter - MemInfo: [/proc/self/status]	VmPMD:	      12 kB
20220314 061726.667 INFO             PET0 PIOc_freedecomp Enter - MemInfo: [/proc/self/status]	VmSwap:	       0 kB
20220314 061726.667 INFO             PET0 PIOc_freedecomp Enter - MemInfo: [/proc/self/status]	VmRSSPercent: 0.0477384 %
20220314 061726.667 INFO             PET0 PIOc_freedecomp Enter - MemInfo: [malloc] Non-mmapped space allocated:                37064704 Byte
20220314 061726.667 INFO             PET0 PIOc_freedecomp Enter - MemInfo: [malloc] Space allocated in mmapped regions:                0 Byte
20220314 061726.667 INFO             PET0 PIOc_freedecomp Enter - MemInfo: [malloc] Maximum total allocated space:                     0 Byte
20220314 061726.667 INFO             PET0 PIOc_freedecomp Enter - MemInfo: [malloc] Space in freed fastbin blocks:                  1344 Byte
20220314 061726.667 INFO             PET0 PIOc_freedecomp Enter - MemInfo: [malloc] Total allocated space:                      19271680 Byte
20220314 061726.667 INFO             PET0 PIOc_freedecomp Enter - MemInfo: [malloc] Total free space:                           17793024 Byte
20220314 061726.667 INFO             PET0 PIOc_freedecomp Enter - MemInfo: [malloc] Top-most, releasable space:                   451232 Byte
20220314 061726.667 INFO             PET0 PIOc_freedecomp Enter - MemInfo: [malloc] Total space in use, mmap + non-mmap:        19271680 Byte
20220314 061726.667 INFO             PET0 PIOc_freedecomp Enter - MemInfo: [malloc] Total space held (mmap + non-mmap):         37064704 Byte
20220314 061726.667 INFO             PET0 PIOc_freedecomp Enter - MemInfo: [malloc] Total space used (mmap + non-mmap):         19281008 Byte
20220314 061726.667 INFO             PET0 PIOc_freedecomp Enter - MemInfo: Wall-clock time since execution start:              0.0242236 seconds
20220314 061726.667 INFO             PET0 PIOc_freedecomp Exit - MemInfo: [/proc/meminfo - SSI]	MemTotal:       65507008 kB
20220314 061726.667 INFO             PET0 PIOc_freedecomp Exit - MemInfo: [/proc/meminfo - SSI]	MemFree:        49815836 kB
20220314 061726.667 INFO             PET0 PIOc_freedecomp Exit - MemInfo: [/proc/meminfo - SSI]	MemAvailable:   49574296 kB
20220314 061726.667 INFO             PET0 PIOc_freedecomp Exit - MemInfo: [/proc/meminfo - SSI]	Committed_AS:   13119136 kB
20220314 061726.667 INFO             PET0 PIOc_freedecomp Exit - MemInfo: [/proc/meminfo - SSI]	CommittedPercent: 20.0271 %
20220314 061726.667 INFO             PET0 PIOc_freedecomp Exit - MemInfo: [/proc/self/status]	VmPeak:	  134672 kB
20220314 061726.667 INFO             PET0 PIOc_freedecomp Exit - MemInfo: [/proc/self/status]	VmSize:	  134672 kB
20220314 061726.667 INFO             PET0 PIOc_freedecomp Exit - MemInfo: [/proc/self/status]	VmLck:	       0 kB
20220314 061726.667 INFO             PET0 PIOc_freedecomp Exit - MemInfo: [/proc/self/status]	VmPin:	       0 kB
20220314 061726.667 INFO             PET0 PIOc_freedecomp Exit - MemInfo: [/proc/self/status]	VmHWM:	   31272 kB
20220314 061726.667 INFO             PET0 PIOc_freedecomp Exit - MemInfo: [/proc/self/status]	VmRSS:	   31272 kB
20220314 061726.667 INFO             PET0 PIOc_freedecomp Exit - MemInfo: [/proc/self/status]	VmData:	   39532 kB
20220314 061726.667 INFO             PET0 PIOc_freedecomp Exit - MemInfo: [/proc/self/status]	VmStk:	     144 kB
20220314 061726.667 INFO             PET0 PIOc_freedecomp Exit - MemInfo: [/proc/self/status]	VmExe:	     224 kB
20220314 061726.667 INFO             PET0 PIOc_freedecomp Exit - MemInfo: [/proc/self/status]	VmLib:	   39752 kB
20220314 061726.667 INFO             PET0 PIOc_freedecomp Exit - MemInfo: [/proc/self/status]	VmPTE:	     260 kB
20220314 061726.667 INFO             PET0 PIOc_freedecomp Exit - MemInfo: [/proc/self/status]	VmPMD:	      12 kB
20220314 061726.667 INFO             PET0 PIOc_freedecomp Exit - MemInfo: [/proc/self/status]	VmSwap:	       0 kB
20220314 061726.667 INFO             PET0 PIOc_freedecomp Exit - MemInfo: [/proc/self/status]	VmRSSPercent: 0.0477384 %
20220314 061726.667 INFO             PET0 PIOc_freedecomp Exit - MemInfo: [malloc] Non-mmapped space allocated:                37064704 Byte
20220314 061726.667 INFO             PET0 PIOc_freedecomp Exit - MemInfo: [malloc] Space allocated in mmapped regions:                0 Byte
20220314 061726.667 INFO             PET0 PIOc_freedecomp Exit - MemInfo: [malloc] Maximum total allocated space:                     0 Byte
20220314 061726.667 INFO             PET0 PIOc_freedecomp Exit - MemInfo: [malloc] Space in freed fastbin blocks:                  1616 Byte
20220314 061726.667 INFO             PET0 PIOc_freedecomp Exit - MemInfo: [malloc] Total allocated space:                      19267264 Byte
20220314 061726.667 INFO             PET0 PIOc_freedecomp Exit - MemInfo: [malloc] Total free space:                           17797440 Byte
20220314 061726.667 INFO             PET0 PIOc_freedecomp Exit - MemInfo: [malloc] Top-most, releasable space:                   451232 Byte
20220314 061726.667 INFO             PET0 PIOc_freedecomp Exit - MemInfo: [malloc] Total space in use, mmap + non-mmap:        19267264 Byte
20220314 061726.667 INFO             PET0 PIOc_freedecomp Exit - MemInfo: [malloc] Total space held (mmap + non-mmap):         37064704 Byte
20220314 061726.667 INFO             PET0 PIOc_freedecomp Exit - MemInfo: [malloc] Total space used (mmap + non-mmap):         19276592 Byte
20220314 061726.667 INFO             PET0 PIOc_freedecomp Exit - MemInfo: Wall-clock time since execution start:              0.0245411 seconds
20220314 061726.667 INFO             PET0  PASS  Writing a FieldBundle to a single file Test, ESMF_FieldBundleIOUTest.F90, line 355
20220314 061726.669 INFO             PET0 PIOc_sync Enter - MemInfo: [/proc/meminfo - SSI]	MemTotal:       65507008 kB
20220314 061726.669 INFO             PET0 PIOc_sync Enter - MemInfo: [/proc/meminfo - SSI]	MemFree:        49815836 kB
20220314 061726.669 INFO             PET0 PIOc_sync Enter - MemInfo: [/proc/meminfo - SSI]	MemAvailable:   49574296 kB
20220314 061726.669 INFO             PET0 PIOc_sync Enter - MemInfo: [/proc/meminfo - SSI]	Committed_AS:   13119136 kB
20220314 061726.669 INFO             PET0 PIOc_sync Enter - MemInfo: [/proc/meminfo - SSI]	CommittedPercent: 20.0271 %
20220314 061726.669 INFO             PET0 PIOc_sync Enter - MemInfo: [/proc/self/status]	VmPeak:	  134672 kB
20220314 061726.669 INFO             PET0 PIOc_sync Enter - MemInfo: [/proc/self/status]	VmSize:	  134672 kB
20220314 061726.669 INFO             PET0 PIOc_sync Enter - MemInfo: [/proc/self/status]	VmLck:	       0 kB
20220314 061726.669 INFO             PET0 PIOc_sync Enter - MemInfo: [/proc/self/status]	VmPin:	       0 kB
20220314 061726.669 INFO             PET0 PIOc_sync Enter - MemInfo: [/proc/self/status]	VmHWM:	   31280 kB
20220314 061726.669 INFO             PET0 PIOc_sync Enter - MemInfo: [/proc/self/status]	VmRSS:	   31280 kB
20220314 061726.669 INFO             PET0 PIOc_sync Enter - MemInfo: [/proc/self/status]	VmData:	   39532 kB
20220314 061726.669 INFO             PET0 PIOc_sync Enter - MemInfo: [/proc/self/status]	VmStk:	     144 kB
20220314 061726.669 INFO             PET0 PIOc_sync Enter - MemInfo: [/proc/self/status]	VmExe:	     224 kB
20220314 061726.669 INFO             PET0 PIOc_sync Enter - MemInfo: [/proc/self/status]	VmLib:	   39752 kB
20220314 061726.669 INFO             PET0 PIOc_sync Enter - MemInfo: [/proc/self/status]	VmPTE:	     260 kB
20220314 061726.669 INFO             PET0 PIOc_sync Enter - MemInfo: [/proc/self/status]	VmPMD:	      12 kB
20220314 061726.669 INFO             PET0 PIOc_sync Enter - MemInfo: [/proc/self/status]	VmSwap:	       0 kB
20220314 061726.669 INFO             PET0 PIOc_sync Enter - MemInfo: [/proc/self/status]	VmRSSPercent: 0.0477506 %
20220314 061726.669 INFO             PET0 PIOc_sync Enter - MemInfo: [malloc] Non-mmapped space allocated:                37064704 Byte
20220314 061726.669 INFO             PET0 PIOc_sync Enter - MemInfo: [malloc] Space allocated in mmapped regions:                0 Byte
20220314 061726.669 INFO             PET0 PIOc_sync Enter - MemInfo: [malloc] Maximum total allocated space:                     0 Byte
20220314 061726.669 INFO             PET0 PIOc_sync Enter - MemInfo: [malloc] Space in freed fastbin blocks:                  2096 Byte
20220314 061726.669 INFO             PET0 PIOc_sync Enter - MemInfo: [malloc] Total allocated space:                      36597232 Byte
20220314 061726.669 INFO             PET0 PIOc_sync Enter - MemInfo: [malloc] Total free space:                             467472 Byte
20220314 061726.669 INFO             PET0 PIOc_sync Enter - MemInfo: [malloc] Top-most, releasable space:                   451232 Byte
20220314 061726.669 INFO             PET0 PIOc_sync Enter - MemInfo: [malloc] Total space in use, mmap + non-mmap:        36597232 Byte
20220314 061726.669 INFO             PET0 PIOc_sync Enter - MemInfo: [malloc] Total space held (mmap + non-mmap):         37064704 Byte
20220314 061726.669 INFO             PET0 PIOc_sync Enter - MemInfo: [malloc] Total space used (mmap + non-mmap):         36606560 Byte
20220314 061726.669 INFO             PET0 PIOc_sync Enter - MemInfo: Wall-clock time since execution start:              0.0268403 seconds
20220314 061726.671 INFO             PET0 PIOc_sync Exit - MemInfo: [/proc/meminfo - SSI]	MemTotal:       65507008 kB
20220314 061726.671 INFO             PET0 PIOc_sync Exit - MemInfo: [/proc/meminfo - SSI]	MemFree:        49815836 kB
20220314 061726.671 INFO             PET0 PIOc_sync Exit - MemInfo: [/proc/meminfo - SSI]	MemAvailable:   49574296 kB
20220314 061726.671 INFO             PET0 PIOc_sync Exit - MemInfo: [/proc/meminfo - SSI]	Committed_AS:   13119136 kB
20220314 061726.671 INFO             PET0 PIOc_sync Exit - MemInfo: [/proc/meminfo - SSI]	CommittedPercent: 20.0271 %
20220314 061726.671 INFO             PET0 PIOc_sync Exit - MemInfo: [/proc/self/status]	VmPeak:	  134672 kB
20220314 061726.671 INFO             PET0 PIOc_sync Exit - MemInfo: [/proc/self/status]	VmSize:	  134672 kB
20220314 061726.671 INFO             PET0 PIOc_sync Exit - MemInfo: [/proc/self/status]	VmLck:	       0 kB
20220314 061726.671 INFO             PET0 PIOc_sync Exit - MemInfo: [/proc/self/status]	VmPin:	       0 kB
20220314 061726.671 INFO             PET0 PIOc_sync Exit - MemInfo: [/proc/self/status]	VmHWM:	   31280 kB
20220314 061726.671 INFO             PET0 PIOc_sync Exit - MemInfo: [/proc/self/status]	VmRSS:	   31280 kB
20220314 061726.671 INFO             PET0 PIOc_sync Exit - MemInfo: [/proc/self/status]	VmData:	   39532 kB
20220314 061726.671 INFO             PET0 PIOc_sync Exit - MemInfo: [/proc/self/status]	VmStk:	     144 kB
20220314 061726.671 INFO             PET0 PIOc_sync Exit - MemInfo: [/proc/self/status]	VmExe:	     224 kB
20220314 061726.671 INFO             PET0 PIOc_sync Exit - MemInfo: [/proc/self/status]	VmLib:	   39752 kB
20220314 061726.671 INFO             PET0 PIOc_sync Exit - MemInfo: [/proc/self/status]	VmPTE:	     260 kB
20220314 061726.671 INFO             PET0 PIOc_sync Exit - MemInfo: [/proc/self/status]	VmPMD:	      12 kB
20220314 061726.671 INFO             PET0 PIOc_sync Exit - MemInfo: [/proc/self/status]	VmSwap:	       0 kB
20220314 061726.671 INFO             PET0 PIOc_sync Exit - MemInfo: [/proc/self/status]	VmRSSPercent: 0.0477506 %
20220314 061726.671 INFO             PET0 PIOc_sync Exit - MemInfo: [malloc] Non-mmapped space allocated:                37064704 Byte
20220314 061726.671 INFO             PET0 PIOc_sync Exit - MemInfo: [malloc] Space allocated in mmapped regions:                0 Byte
20220314 061726.671 INFO             PET0 PIOc_sync Exit - MemInfo: [malloc] Maximum total allocated space:                     0 Byte
20220314 061726.671 INFO             PET0 PIOc_sync Exit - MemInfo: [malloc] Space in freed fastbin blocks:                  1008 Byte
20220314 061726.671 INFO             PET0 PIOc_sync Exit - MemInfo: [malloc] Total allocated space:                      36599728 Byte
20220314 061726.671 INFO             PET0 PIOc_sync Exit - MemInfo: [malloc] Total free space:                             464976 Byte
20220314 061726.671 INFO             PET0 PIOc_sync Exit - MemInfo: [malloc] Top-most, releasable space:                   451232 Byte
20220314 061726.671 INFO             PET0 PIOc_sync Exit - MemInfo: [malloc] Total space in use, mmap + non-mmap:        36599728 Byte
20220314 061726.671 INFO             PET0 PIOc_sync Exit - MemInfo: [malloc] Total space held (mmap + non-mmap):         37064704 Byte
20220314 061726.671 INFO             PET0 PIOc_sync Exit - MemInfo: [malloc] Total space used (mmap + non-mmap):         36609056 Byte
20220314 061726.671 INFO             PET0 PIOc_sync Exit - MemInfo: Wall-clock time since execution start:              0.0287746 seconds
20220314 061726.671 INFO             PET0 PIOc_freedecomp Enter - MemInfo: [/proc/meminfo - SSI]	MemTotal:       65507008 kB
20220314 061726.671 INFO             PET0 PIOc_freedecomp Enter - MemInfo: [/proc/meminfo - SSI]	MemFree:        49815836 kB
20220314 061726.671 INFO             PET0 PIOc_freedecomp Enter - MemInfo: [/proc/meminfo - SSI]	MemAvailable:   49574296 kB
20220314 061726.671 INFO             PET0 PIOc_freedecomp Enter - MemInfo: [/proc/meminfo - SSI]	Committed_AS:   13119136 kB
20220314 061726.672 INFO             PET0 PIOc_freedecomp Enter - MemInfo: [/proc/meminfo - SSI]	CommittedPercent: 20.0271 %
20220314 061726.672 INFO             PET0 PIOc_freedecomp Enter - MemInfo: [/proc/self/status]	VmPeak:	  134672 kB
20220314 061726.672 INFO             PET0 PIOc_freedecomp Enter - MemInfo: [/proc/self/status]	VmSize:	  134672 kB
20220314 061726.672 INFO             PET0 PIOc_freedecomp Enter - MemInfo: [/proc/self/status]	VmLck:	       0 kB
20220314 061726.672 INFO             PET0 PIOc_freedecomp Enter - MemInfo: [/proc/self/status]	VmPin:	       0 kB
20220314 061726.672 INFO             PET0 PIOc_freedecomp Enter - MemInfo: [/proc/self/status]	VmHWM:	   31280 kB
20220314 061726.672 INFO             PET0 PIOc_freedecomp Enter - MemInfo: [/proc/self/status]	VmRSS:	   31280 kB
20220314 061726.672 INFO             PET0 PIOc_freedecomp Enter - MemInfo: [/proc/self/status]	VmData:	   39532 kB
20220314 061726.672 INFO             PET0 PIOc_freedecomp Enter - MemInfo: [/proc/self/status]	VmStk:	     144 kB
20220314 061726.672 INFO             PET0 PIOc_freedecomp Enter - MemInfo: [/proc/self/status]	VmExe:	     224 kB
20220314 061726.672 INFO             PET0 PIOc_freedecomp Enter - MemInfo: [/proc/self/status]	VmLib:	   39752 kB
20220314 061726.672 INFO             PET0 PIOc_freedecomp Enter - MemInfo: [/proc/self/status]	VmPTE:	     260 kB
20220314 061726.672 INFO             PET0 PIOc_freedecomp Enter - MemInfo: [/proc/self/status]	VmPMD:	      12 kB
20220314 061726.672 INFO             PET0 PIOc_freedecomp Enter - MemInfo: [/proc/self/status]	VmSwap:	       0 kB
20220314 061726.672 INFO             PET0 PIOc_freedecomp Enter - MemInfo: [/proc/self/status]	VmRSSPercent: 0.0477506 %
20220314 061726.672 INFO             PET0 PIOc_freedecomp Enter - MemInfo: [malloc] Non-mmapped space allocated:                37064704 Byte
20220314 061726.672 INFO             PET0 PIOc_freedecomp Enter - MemInfo: [malloc] Space allocated in mmapped regions:                0 Byte
20220314 061726.672 INFO             PET0 PIOc_freedecomp Enter - MemInfo: [malloc] Maximum total allocated space:                     0 Byte
20220314 061726.672 INFO             PET0 PIOc_freedecomp Enter - MemInfo: [malloc] Space in freed fastbin blocks:                  1008 Byte
20220314 061726.672 INFO             PET0 PIOc_freedecomp Enter - MemInfo: [malloc] Total allocated space:                      19283328 Byte
20220314 061726.672 INFO             PET0 PIOc_freedecomp Enter - MemInfo: [malloc] Total free space:                           17781376 Byte
20220314 061726.672 INFO             PET0 PIOc_freedecomp Enter - MemInfo: [malloc] Top-most, releasable space:                   451232 Byte
20220314 061726.672 INFO             PET0 PIOc_freedecomp Enter - MemInfo: [malloc] Total space in use, mmap + non-mmap:        19283328 Byte
20220314 061726.672 INFO             PET0 PIOc_freedecomp Enter - MemInfo: [malloc] Total space held (mmap + non-mmap):         37064704 Byte
20220314 061726.672 INFO             PET0 PIOc_freedecomp Enter - MemInfo: [malloc] Total space used (mmap + non-mmap):         19292656 Byte
20220314 061726.672 INFO             PET0 PIOc_freedecomp Enter - MemInfo: Wall-clock time since execution start:              0.0291771 seconds
20220314 061726.672 INFO             PET0 PIOc_freedecomp Exit - MemInfo: [/proc/meminfo - SSI]	MemTotal:       65507008 kB
20220314 061726.672 INFO             PET0 PIOc_freedecomp Exit - MemInfo: [/proc/meminfo - SSI]	MemFree:        49815836 kB
20220314 061726.672 INFO             PET0 PIOc_freedecomp Exit - MemInfo: [/proc/meminfo - SSI]	MemAvailable:   49574296 kB
20220314 061726.672 INFO             PET0 PIOc_freedecomp Exit - MemInfo: [/proc/meminfo - SSI]	Committed_AS:   13119136 kB
20220314 061726.672 INFO             PET0 PIOc_freedecomp Exit - MemInfo: [/proc/meminfo - SSI]	CommittedPercent: 20.0271 %
20220314 061726.672 INFO             PET0 PIOc_freedecomp Exit - MemInfo: [/proc/self/status]	VmPeak:	  134672 kB
20220314 061726.672 INFO             PET0 PIOc_freedecomp Exit - MemInfo: [/proc/self/status]	VmSize:	  134672 kB
20220314 061726.672 INFO             PET0 PIOc_freedecomp Exit - MemInfo: [/proc/self/status]	VmLck:	       0 kB
20220314 061726.672 INFO             PET0 PIOc_freedecomp Exit - MemInfo: [/proc/self/status]	VmPin:	       0 kB
20220314 061726.672 INFO             PET0 PIOc_freedecomp Exit - MemInfo: [/proc/self/status]	VmHWM:	   31280 kB
20220314 061726.672 INFO             PET0 PIOc_freedecomp Exit - MemInfo: [/proc/self/status]	VmRSS:	   31280 kB
20220314 061726.672 INFO             PET0 PIOc_freedecomp Exit - MemInfo: [/proc/self/status]	VmData:	   39532 kB
20220314 061726.672 INFO             PET0 PIOc_freedecomp Exit - MemInfo: [/proc/self/status]	VmStk:	     144 kB
20220314 061726.672 INFO             PET0 PIOc_freedecomp Exit - MemInfo: [/proc/self/status]	VmExe:	     224 kB
20220314 061726.672 INFO             PET0 PIOc_freedecomp Exit - MemInfo: [/proc/self/status]	VmLib:	   39752 kB
20220314 061726.672 INFO             PET0 PIOc_freedecomp Exit - MemInfo: [/proc/self/status]	VmPTE:	     260 kB
20220314 061726.672 INFO             PET0 PIOc_freedecomp Exit - MemInfo: [/proc/self/status]	VmPMD:	      12 kB
20220314 061726.672 INFO             PET0 PIOc_freedecomp Exit - MemInfo: [/proc/self/status]	VmSwap:	       0 kB
20220314 061726.672 INFO             PET0 PIOc_freedecomp Exit - MemInfo: [/proc/self/status]	VmRSSPercent: 0.0477506 %
20220314 061726.672 INFO             PET0 PIOc_freedecomp Exit - MemInfo: [malloc] Non-mmapped space allocated:                37064704 Byte
20220314 061726.672 INFO             PET0 PIOc_freedecomp Exit - MemInfo: [malloc] Space allocated in mmapped regions:                0 Byte
20220314 061726.672 INFO             PET0 PIOc_freedecomp Exit - MemInfo: [malloc] Maximum total allocated space:                     0 Byte
20220314 061726.672 INFO             PET0 PIOc_freedecomp Exit - MemInfo: [malloc] Space in freed fastbin blocks:                  1776 Byte
20220314 061726.672 INFO             PET0 PIOc_freedecomp Exit - MemInfo: [malloc] Total allocated space:                      19279488 Byte
20220314 061726.672 INFO             PET0 PIOc_freedecomp Exit - MemInfo: [malloc] Total free space:                           17785216 Byte
20220314 061726.672 INFO             PET0 PIOc_freedecomp Exit - MemInfo: [malloc] Top-most, releasable space:                   451232 Byte
20220314 061726.672 INFO             PET0 PIOc_freedecomp Exit - MemInfo: [malloc] Total space in use, mmap + non-mmap:        19279488 Byte
20220314 061726.672 INFO             PET0 PIOc_freedecomp Exit - MemInfo: [malloc] Total space held (mmap + non-mmap):         37064704 Byte
20220314 061726.672 INFO             PET0 PIOc_freedecomp Exit - MemInfo: [malloc] Total space used (mmap + non-mmap):         19288832 Byte
20220314 061726.672 INFO             PET0 PIOc_freedecomp Exit - MemInfo: Wall-clock time since execution start:              0.0294974 seconds
20220314 061726.672 INFO             PET0 PIOc_freedecomp Enter - MemInfo: [/proc/meminfo - SSI]	MemTotal:       65507008 kB
20220314 061726.672 INFO             PET0 PIOc_freedecomp Enter - MemInfo: [/proc/meminfo - SSI]	MemFree:        49815836 kB
20220314 061726.672 INFO             PET0 PIOc_freedecomp Enter - MemInfo: [/proc/meminfo - SSI]	MemAvailable:   49574296 kB
20220314 061726.672 INFO             PET0 PIOc_freedecomp Enter - MemInfo: [/proc/meminfo - SSI]	Committed_AS:   13119136 kB
20220314 061726.672 INFO             PET0 PIOc_freedecomp Enter - MemInfo: [/proc/meminfo - SSI]	CommittedPercent: 20.0271 %
20220314 061726.672 INFO             PET0 PIOc_freedecomp Enter - MemInfo: [/proc/self/status]	VmPeak:	  134672 kB
20220314 061726.672 INFO             PET0 PIOc_freedecomp Enter - MemInfo: [/proc/self/status]	VmSize:	  134672 kB
20220314 061726.672 INFO             PET0 PIOc_freedecomp Enter - MemInfo: [/proc/self/status]	VmLck:	       0 kB
20220314 061726.672 INFO             PET0 PIOc_freedecomp Enter - MemInfo: [/proc/self/status]	VmPin:	       0 kB
20220314 061726.672 INFO             PET0 PIOc_freedecomp Enter - MemInfo: [/proc/self/status]	VmHWM:	   31280 kB
20220314 061726.672 INFO             PET0 PIOc_freedecomp Enter - MemInfo: [/proc/self/status]	VmRSS:	   31280 kB
20220314 061726.672 INFO             PET0 PIOc_freedecomp Enter - MemInfo: [/proc/self/status]	VmData:	   39532 kB
20220314 061726.672 INFO             PET0 PIOc_freedecomp Enter - MemInfo: [/proc/self/status]	VmStk:	     144 kB
20220314 061726.672 INFO             PET0 PIOc_freedecomp Enter - MemInfo: [/proc/self/status]	VmExe:	     224 kB
20220314 061726.672 INFO             PET0 PIOc_freedecomp Enter - MemInfo: [/proc/self/status]	VmLib:	   39752 kB
20220314 061726.672 INFO             PET0 PIOc_freedecomp Enter - MemInfo: [/proc/self/status]	VmPTE:	     260 kB
20220314 061726.672 INFO             PET0 PIOc_freedecomp Enter - MemInfo: [/proc/self/status]	VmPMD:	      12 kB
20220314 061726.672 INFO             PET0 PIOc_freedecomp Enter - MemInfo: [/proc/self/status]	VmSwap:	       0 kB
20220314 061726.672 INFO             PET0 PIOc_freedecomp Enter - MemInfo: [/proc/self/status]	VmRSSPercent: 0.0477506 %
20220314 061726.672 INFO             PET0 PIOc_freedecomp Enter - MemInfo: [malloc] Non-mmapped space allocated:                37064704 Byte
20220314 061726.672 INFO             PET0 PIOc_freedecomp Enter - MemInfo: [malloc] Space allocated in mmapped regions:                0 Byte
20220314 061726.672 INFO             PET0 PIOc_freedecomp Enter - MemInfo: [malloc] Maximum total allocated space:                     0 Byte
20220314 061726.672 INFO             PET0 PIOc_freedecomp Enter - MemInfo: [malloc] Space in freed fastbin blocks:                  1536 Byte
20220314 061726.672 INFO             PET0 PIOc_freedecomp Enter - MemInfo: [malloc] Total allocated space:                      19279360 Byte
20220314 061726.672 INFO             PET0 PIOc_freedecomp Enter - MemInfo: [malloc] Total free space:                           17785344 Byte
20220314 061726.672 INFO             PET0 PIOc_freedecomp Enter - MemInfo: [malloc] Top-most, releasable space:                   451232 Byte
20220314 061726.672 INFO             PET0 PIOc_freedecomp Enter - MemInfo: [malloc] Total space in use, mmap + non-mmap:        19279360 Byte
20220314 061726.672 INFO             PET0 PIOc_freedecomp Enter - MemInfo: [malloc] Total space held (mmap + non-mmap):         37064704 Byte
20220314 061726.672 INFO             PET0 PIOc_freedecomp Enter - MemInfo: [malloc] Total space used (mmap + non-mmap):         19288704 Byte
20220314 061726.672 INFO             PET0 PIOc_freedecomp Enter - MemInfo: Wall-clock time since execution start:              0.0298109 seconds
20220314 061726.672 INFO             PET0 PIOc_freedecomp Exit - MemInfo: [/proc/meminfo - SSI]	MemTotal:       65507008 kB
20220314 061726.672 INFO             PET0 PIOc_freedecomp Exit - MemInfo: [/proc/meminfo - SSI]	MemFree:        49815836 kB
20220314 061726.672 INFO             PET0 PIOc_freedecomp Exit - MemInfo: [/proc/meminfo - SSI]	MemAvailable:   49574296 kB
20220314 061726.672 INFO             PET0 PIOc_freedecomp Exit - MemInfo: [/proc/meminfo - SSI]	Committed_AS:   13119136 kB
20220314 061726.672 INFO             PET0 PIOc_freedecomp Exit - MemInfo: [/proc/meminfo - SSI]	CommittedPercent: 20.0271 %
20220314 061726.672 INFO             PET0 PIOc_freedecomp Exit - MemInfo: [/proc/self/status]	VmPeak:	  134672 kB
20220314 061726.673 INFO             PET0 PIOc_freedecomp Exit - MemInfo: [/proc/self/status]	VmSize:	  134672 kB
20220314 061726.673 INFO             PET0 PIOc_freedecomp Exit - MemInfo: [/proc/self/status]	VmLck:	       0 kB
20220314 061726.673 INFO             PET0 PIOc_freedecomp Exit - MemInfo: [/proc/self/status]	VmPin:	       0 kB
20220314 061726.673 INFO             PET0 PIOc_freedecomp Exit - MemInfo: [/proc/self/status]	VmHWM:	   31280 kB
20220314 061726.673 INFO             PET0 PIOc_freedecomp Exit - MemInfo: [/proc/self/status]	VmRSS:	   31280 kB
20220314 061726.673 INFO             PET0 PIOc_freedecomp Exit - MemInfo: [/proc/self/status]	VmData:	   39532 kB
20220314 061726.673 INFO             PET0 PIOc_freedecomp Exit - MemInfo: [/proc/self/status]	VmStk:	     144 kB
20220314 061726.673 INFO             PET0 PIOc_freedecomp Exit - MemInfo: [/proc/self/status]	VmExe:	     224 kB
20220314 061726.673 INFO             PET0 PIOc_freedecomp Exit - MemInfo: [/proc/self/status]	VmLib:	   39752 kB
20220314 061726.673 INFO             PET0 PIOc_freedecomp Exit - MemInfo: [/proc/self/status]	VmPTE:	     260 kB
20220314 061726.673 INFO             PET0 PIOc_freedecomp Exit - MemInfo: [/proc/self/status]	VmPMD:	      12 kB
20220314 061726.673 INFO             PET0 PIOc_freedecomp Exit - MemInfo: [/proc/self/status]	VmSwap:	       0 kB
20220314 061726.673 INFO             PET0 PIOc_freedecomp Exit - MemInfo: [/proc/self/status]	VmRSSPercent: 0.0477506 %
20220314 061726.673 INFO             PET0 PIOc_freedecomp Exit - MemInfo: [malloc] Non-mmapped space allocated:                37064704 Byte
20220314 061726.673 INFO             PET0 PIOc_freedecomp Exit - MemInfo: [malloc] Space allocated in mmapped regions:                0 Byte
20220314 061726.673 INFO             PET0 PIOc_freedecomp Exit - MemInfo: [malloc] Maximum total allocated space:                     0 Byte
20220314 061726.673 INFO             PET0 PIOc_freedecomp Exit - MemInfo: [malloc] Space in freed fastbin blocks:                   896 Byte
20220314 061726.673 INFO             PET0 PIOc_freedecomp Exit - MemInfo: [malloc] Total allocated space:                      19272848 Byte
20220314 061726.673 INFO             PET0 PIOc_freedecomp Exit - MemInfo: [malloc] Total free space:                           17791856 Byte
20220314 061726.673 INFO             PET0 PIOc_freedecomp Exit - MemInfo: [malloc] Top-most, releasable space:                   451232 Byte
20220314 061726.673 INFO             PET0 PIOc_freedecomp Exit - MemInfo: [malloc] Total space in use, mmap + non-mmap:        19272848 Byte
20220314 061726.673 INFO             PET0 PIOc_freedecomp Exit - MemInfo: [malloc] Total space held (mmap + non-mmap):         37064704 Byte
20220314 061726.673 INFO             PET0 PIOc_freedecomp Exit - MemInfo: [malloc] Total space used (mmap + non-mmap):         19282192 Byte
20220314 061726.673 INFO             PET0 PIOc_freedecomp Exit - MemInfo: Wall-clock time since execution start:              0.0301244 seconds
20220314 061726.673 INFO             PET0 PIOc_freedecomp Enter - MemInfo: [/proc/meminfo - SSI]	MemTotal:       65507008 kB
20220314 061726.673 INFO             PET0 PIOc_freedecomp Enter - MemInfo: [/proc/meminfo - SSI]	MemFree:        49815836 kB
20220314 061726.673 INFO             PET0 PIOc_freedecomp Enter - MemInfo: [/proc/meminfo - SSI]	MemAvailable:   49574296 kB
20220314 061726.673 INFO             PET0 PIOc_freedecomp Enter - MemInfo: [/proc/meminfo - SSI]	Committed_AS:   13119136 kB
20220314 061726.673 INFO             PET0 PIOc_freedecomp Enter - MemInfo: [/proc/meminfo - SSI]	CommittedPercent: 20.0271 %
20220314 061726.673 INFO             PET0 PIOc_freedecomp Enter - MemInfo: [/proc/self/status]	VmPeak:	  134672 kB
20220314 061726.673 INFO             PET0 PIOc_freedecomp Enter - MemInfo: [/proc/self/status]	VmSize:	  134672 kB
20220314 061726.673 INFO             PET0 PIOc_freedecomp Enter - MemInfo: [/proc/self/status]	VmLck:	       0 kB
20220314 061726.673 INFO             PET0 PIOc_freedecomp Enter - MemInfo: [/proc/self/status]	VmPin:	       0 kB
20220314 061726.673 INFO             PET0 PIOc_freedecomp Enter - MemInfo: [/proc/self/status]	VmHWM:	   31280 kB
20220314 061726.673 INFO             PET0 PIOc_freedecomp Enter - MemInfo: [/proc/self/status]	VmRSS:	   31280 kB
20220314 061726.673 INFO             PET0 PIOc_freedecomp Enter - MemInfo: [/proc/self/status]	VmData:	   39532 kB
20220314 061726.673 INFO             PET0 PIOc_freedecomp Enter - MemInfo: [/proc/self/status]	VmStk:	     144 kB
20220314 061726.673 INFO             PET0 PIOc_freedecomp Enter - MemInfo: [/proc/self/status]	VmExe:	     224 kB
20220314 061726.673 INFO             PET0 PIOc_freedecomp Enter - MemInfo: [/proc/self/status]	VmLib:	   39752 kB
20220314 061726.673 INFO             PET0 PIOc_freedecomp Enter - MemInfo: [/proc/self/status]	VmPTE:	     260 kB
20220314 061726.673 INFO             PET0 PIOc_freedecomp Enter - MemInfo: [/proc/self/status]	VmPMD:	      12 kB
20220314 061726.673 INFO             PET0 PIOc_freedecomp Enter - MemInfo: [/proc/self/status]	VmSwap:	       0 kB
20220314 061726.673 INFO             PET0 PIOc_freedecomp Enter - MemInfo: [/proc/self/status]	VmRSSPercent: 0.0477506 %
20220314 061726.673 INFO             PET0 PIOc_freedecomp Enter - MemInfo: [malloc] Non-mmapped space allocated:                37064704 Byte
20220314 061726.673 INFO             PET0 PIOc_freedecomp Enter - MemInfo: [malloc] Space allocated in mmapped regions:                0 Byte
20220314 061726.673 INFO             PET0 PIOc_freedecomp Enter - MemInfo: [malloc] Maximum total allocated space:                     0 Byte
20220314 061726.673 INFO             PET0 PIOc_freedecomp Enter - MemInfo: [malloc] Space in freed fastbin blocks:                  1664 Byte
20220314 061726.673 INFO             PET0 PIOc_freedecomp Enter - MemInfo: [malloc] Total allocated space:                      19272720 Byte
20220314 061726.673 INFO             PET0 PIOc_freedecomp Enter - MemInfo: [malloc] Total free space:                           17791984 Byte
20220314 061726.673 INFO             PET0 PIOc_freedecomp Enter - MemInfo: [malloc] Top-most, releasable space:                   451232 Byte
20220314 061726.673 INFO             PET0 PIOc_freedecomp Enter - MemInfo: [malloc] Total space in use, mmap + non-mmap:        19272720 Byte
20220314 061726.673 INFO             PET0 PIOc_freedecomp Enter - MemInfo: [malloc] Total space held (mmap + non-mmap):         37064704 Byte
20220314 061726.673 INFO             PET0 PIOc_freedecomp Enter - MemInfo: [malloc] Total space used (mmap + non-mmap):         19282064 Byte
20220314 061726.673 INFO             PET0 PIOc_freedecomp Enter - MemInfo: Wall-clock time since execution start:              0.0304336 seconds
20220314 061726.673 INFO             PET0 PIOc_freedecomp Exit - MemInfo: [/proc/meminfo - SSI]	MemTotal:       65507008 kB
20220314 061726.673 INFO             PET0 PIOc_freedecomp Exit - MemInfo: [/proc/meminfo - SSI]	MemFree:        49815836 kB
20220314 061726.673 INFO             PET0 PIOc_freedecomp Exit - MemInfo: [/proc/meminfo - SSI]	MemAvailable:   49574296 kB
20220314 061726.673 INFO             PET0 PIOc_freedecomp Exit - MemInfo: [/proc/meminfo - SSI]	Committed_AS:   13119136 kB
20220314 061726.673 INFO             PET0 PIOc_freedecomp Exit - MemInfo: [/proc/meminfo - SSI]	CommittedPercent: 20.0271 %
20220314 061726.673 INFO             PET0 PIOc_freedecomp Exit - MemInfo: [/proc/self/status]	VmPeak:	  134672 kB
20220314 061726.673 INFO             PET0 PIOc_freedecomp Exit - MemInfo: [/proc/self/status]	VmSize:	  134672 kB
20220314 061726.673 INFO             PET0 PIOc_freedecomp Exit - MemInfo: [/proc/self/status]	VmLck:	       0 kB
20220314 061726.673 INFO             PET0 PIOc_freedecomp Exit - MemInfo: [/proc/self/status]	VmPin:	       0 kB
20220314 061726.673 INFO             PET0 PIOc_freedecomp Exit - MemInfo: [/proc/self/status]	VmHWM:	   31280 kB
20220314 061726.673 INFO             PET0 PIOc_freedecomp Exit - MemInfo: [/proc/self/status]	VmRSS:	   31280 kB
20220314 061726.673 INFO             PET0 PIOc_freedecomp Exit - MemInfo: [/proc/self/status]	VmData:	   39532 kB
20220314 061726.673 INFO             PET0 PIOc_freedecomp Exit - MemInfo: [/proc/self/status]	VmStk:	     144 kB
20220314 061726.673 INFO             PET0 PIOc_freedecomp Exit - MemInfo: [/proc/self/status]	VmExe:	     224 kB
20220314 061726.673 INFO             PET0 PIOc_freedecomp Exit - MemInfo: [/proc/self/status]	VmLib:	   39752 kB
20220314 061726.673 INFO             PET0 PIOc_freedecomp Exit - MemInfo: [/proc/self/status]	VmPTE:	     260 kB
20220314 061726.673 INFO             PET0 PIOc_freedecomp Exit - MemInfo: [/proc/self/status]	VmPMD:	      12 kB
20220314 061726.673 INFO             PET0 PIOc_freedecomp Exit - MemInfo: [/proc/self/status]	VmSwap:	       0 kB
20220314 061726.673 INFO             PET0 PIOc_freedecomp Exit - MemInfo: [/proc/self/status]	VmRSSPercent: 0.0477506 %
20220314 061726.673 INFO             PET0 PIOc_freedecomp Exit - MemInfo: [malloc] Non-mmapped space allocated:                37064704 Byte
20220314 061726.673 INFO             PET0 PIOc_freedecomp Exit - MemInfo: [malloc] Space allocated in mmapped regions:                0 Byte
20220314 061726.673 INFO             PET0 PIOc_freedecomp Exit - MemInfo: [malloc] Maximum total allocated space:                     0 Byte
20220314 061726.673 INFO             PET0 PIOc_freedecomp Exit - MemInfo: [malloc] Space in freed fastbin blocks:                  1872 Byte
20220314 061726.673 INFO             PET0 PIOc_freedecomp Exit - MemInfo: [malloc] Total allocated space:                      19268320 Byte
20220314 061726.673 INFO             PET0 PIOc_freedecomp Exit - MemInfo: [malloc] Total free space:                           17796384 Byte
20220314 061726.673 INFO             PET0 PIOc_freedecomp Exit - MemInfo: [malloc] Top-most, releasable space:                   451232 Byte
20220314 061726.673 INFO             PET0 PIOc_freedecomp Exit - MemInfo: [malloc] Total space in use, mmap + non-mmap:        19268320 Byte
20220314 061726.673 INFO             PET0 PIOc_freedecomp Exit - MemInfo: [malloc] Total space held (mmap + non-mmap):         37064704 Byte
20220314 061726.673 INFO             PET0 PIOc_freedecomp Exit - MemInfo: [malloc] Total space used (mmap + non-mmap):         19277664 Byte
20220314 061726.673 INFO             PET0 PIOc_freedecomp Exit - MemInfo: Wall-clock time since execution start:              0.0307442 seconds
20220314 061726.673 INFO             PET0  PASS  Writing a FieldBundle to a single file with timeslice Test, ESMF_FieldBundleIOUTest.F90, line 370
20220314 061726.674 INFO             PET0 PIOc_sync Enter - MemInfo: [/proc/meminfo - SSI]	MemTotal:       65507008 kB
20220314 061726.674 INFO             PET0 PIOc_sync Enter - MemInfo: [/proc/meminfo - SSI]	MemFree:        49815836 kB
20220314 061726.674 INFO             PET0 PIOc_sync Enter - MemInfo: [/proc/meminfo - SSI]	MemAvailable:   49574296 kB
20220314 061726.674 INFO             PET0 PIOc_sync Enter - MemInfo: [/proc/meminfo - SSI]	Committed_AS:   13119984 kB
20220314 061726.674 INFO             PET0 PIOc_sync Enter - MemInfo: [/proc/meminfo - SSI]	CommittedPercent: 20.0284 %
20220314 061726.674 INFO             PET0 PIOc_sync Enter - MemInfo: [/proc/self/status]	VmPeak:	  142860 kB
20220314 061726.674 INFO             PET0 PIOc_sync Enter - MemInfo: [/proc/self/status]	VmSize:	  134672 kB
20220314 061726.674 INFO             PET0 PIOc_sync Enter - MemInfo: [/proc/self/status]	VmLck:	       0 kB
20220314 061726.674 INFO             PET0 PIOc_sync Enter - MemInfo: [/proc/self/status]	VmPin:	       0 kB
20220314 061726.674 INFO             PET0 PIOc_sync Enter - MemInfo: [/proc/self/status]	VmHWM:	   31284 kB
20220314 061726.674 INFO             PET0 PIOc_sync Enter - MemInfo: [/proc/self/status]	VmRSS:	   31284 kB
20220314 061726.674 INFO             PET0 PIOc_sync Enter - MemInfo: [/proc/self/status]	VmData:	   39532 kB
20220314 061726.674 INFO             PET0 PIOc_sync Enter - MemInfo: [/proc/self/status]	VmStk:	     144 kB
20220314 061726.674 INFO             PET0 PIOc_sync Enter - MemInfo: [/proc/self/status]	VmExe:	     224 kB
20220314 061726.675 INFO             PET0 PIOc_sync Enter - MemInfo: [/proc/self/status]	VmLib:	   39752 kB
20220314 061726.675 INFO             PET0 PIOc_sync Enter - MemInfo: [/proc/self/status]	VmPTE:	     260 kB
20220314 061726.675 INFO             PET0 PIOc_sync Enter - MemInfo: [/proc/self/status]	VmPMD:	      12 kB
20220314 061726.675 INFO             PET0 PIOc_sync Enter - MemInfo: [/proc/self/status]	VmSwap:	       0 kB
20220314 061726.675 INFO             PET0 PIOc_sync Enter - MemInfo: [/proc/self/status]	VmRSSPercent: 0.0477567 %
20220314 061726.675 INFO             PET0 PIOc_sync Enter - MemInfo: [malloc] Non-mmapped space allocated:                37064704 Byte
20220314 061726.675 INFO             PET0 PIOc_sync Enter - MemInfo: [malloc] Space allocated in mmapped regions:                0 Byte
20220314 061726.675 INFO             PET0 PIOc_sync Enter - MemInfo: [malloc] Maximum total allocated space:                     0 Byte
20220314 061726.675 INFO             PET0 PIOc_sync Enter - MemInfo: [malloc] Space in freed fastbin blocks:                  2272 Byte
20220314 061726.675 INFO             PET0 PIOc_sync Enter - MemInfo: [malloc] Total allocated space:                      36602832 Byte
20220314 061726.675 INFO             PET0 PIOc_sync Enter - MemInfo: [malloc] Total free space:                             461872 Byte
20220314 061726.675 INFO             PET0 PIOc_sync Enter - MemInfo: [malloc] Top-most, releasable space:                   451232 Byte
20220314 061726.675 INFO             PET0 PIOc_sync Enter - MemInfo: [malloc] Total space in use, mmap + non-mmap:        36602832 Byte
20220314 061726.675 INFO             PET0 PIOc_sync Enter - MemInfo: [malloc] Total space held (mmap + non-mmap):         37064704 Byte
20220314 061726.675 INFO             PET0 PIOc_sync Enter - MemInfo: [malloc] Total space used (mmap + non-mmap):         36612160 Byte
20220314 061726.675 INFO             PET0 PIOc_sync Enter - MemInfo: Wall-clock time since execution start:              0.0320771 seconds
20220314 061726.675 INFO             PET0 PIOc_sync Exit - MemInfo: [/proc/meminfo - SSI]	MemTotal:       65507008 kB
20220314 061726.675 INFO             PET0 PIOc_sync Exit - MemInfo: [/proc/meminfo - SSI]	MemFree:        49815836 kB
20220314 061726.675 INFO             PET0 PIOc_sync Exit - MemInfo: [/proc/meminfo - SSI]	MemAvailable:   49574296 kB
20220314 061726.675 INFO             PET0 PIOc_sync Exit - MemInfo: [/proc/meminfo - SSI]	Committed_AS:   13119984 kB
20220314 061726.675 INFO             PET0 PIOc_sync Exit - MemInfo: [/proc/meminfo - SSI]	CommittedPercent: 20.0284 %
20220314 061726.675 INFO             PET0 PIOc_sync Exit - MemInfo: [/proc/self/status]	VmPeak:	  142860 kB
20220314 061726.675 INFO             PET0 PIOc_sync Exit - MemInfo: [/proc/self/status]	VmSize:	  134672 kB
20220314 061726.675 INFO             PET0 PIOc_sync Exit - MemInfo: [/proc/self/status]	VmLck:	       0 kB
20220314 061726.675 INFO             PET0 PIOc_sync Exit - MemInfo: [/proc/self/status]	VmPin:	       0 kB
20220314 061726.675 INFO             PET0 PIOc_sync Exit - MemInfo: [/proc/self/status]	VmHWM:	   31284 kB
20220314 061726.675 INFO             PET0 PIOc_sync Exit - MemInfo: [/proc/self/status]	VmRSS:	   31284 kB
20220314 061726.675 INFO             PET0 PIOc_sync Exit - MemInfo: [/proc/self/status]	VmData:	   39532 kB
20220314 061726.675 INFO             PET0 PIOc_sync Exit - MemInfo: [/proc/self/status]	VmStk:	     144 kB
20220314 061726.675 INFO             PET0 PIOc_sync Exit - MemInfo: [/proc/self/status]	VmExe:	     224 kB
20220314 061726.675 INFO             PET0 PIOc_sync Exit - MemInfo: [/proc/self/status]	VmLib:	   39752 kB
20220314 061726.675 INFO             PET0 PIOc_sync Exit - MemInfo: [/proc/self/status]	VmPTE:	     260 kB
20220314 061726.675 INFO             PET0 PIOc_sync Exit - MemInfo: [/proc/self/status]	VmPMD:	      12 kB
20220314 061726.675 INFO             PET0 PIOc_sync Exit - MemInfo: [/proc/self/status]	VmSwap:	       0 kB
20220314 061726.675 INFO             PET0 PIOc_sync Exit - MemInfo: [/proc/self/status]	VmRSSPercent: 0.0477567 %
20220314 061726.675 INFO             PET0 PIOc_sync Exit - MemInfo: [malloc] Non-mmapped space allocated:                37064704 Byte
20220314 061726.675 INFO             PET0 PIOc_sync Exit - MemInfo: [malloc] Space allocated in mmapped regions:                0 Byte
20220314 061726.675 INFO             PET0 PIOc_sync Exit - MemInfo: [malloc] Maximum total allocated space:                     0 Byte
20220314 061726.675 INFO             PET0 PIOc_sync Exit - MemInfo: [malloc] Space in freed fastbin blocks:                  1008 Byte
20220314 061726.675 INFO             PET0 PIOc_sync Exit - MemInfo: [malloc] Total allocated space:                      36605328 Byte
20220314 061726.675 INFO             PET0 PIOc_sync Exit - MemInfo: [malloc] Total free space:                             459376 Byte
20220314 061726.675 INFO             PET0 PIOc_sync Exit - MemInfo: [malloc] Top-most, releasable space:                   451232 Byte
20220314 061726.675 INFO             PET0 PIOc_sync Exit - MemInfo: [malloc] Total space in use, mmap + non-mmap:        36605328 Byte
20220314 061726.675 INFO             PET0 PIOc_sync Exit - MemInfo: [malloc] Total space held (mmap + non-mmap):         37064704 Byte
20220314 061726.675 INFO             PET0 PIOc_sync Exit - MemInfo: [malloc] Total space used (mmap + non-mmap):         36614656 Byte
20220314 061726.675 INFO             PET0 PIOc_sync Exit - MemInfo: Wall-clock time since execution start:              0.0324987 seconds
20220314 061726.675 INFO             PET0 PIOc_freedecomp Enter - MemInfo: [/proc/meminfo - SSI]	MemTotal:       65507008 kB
20220314 061726.675 INFO             PET0 PIOc_freedecomp Enter - MemInfo: [/proc/meminfo - SSI]	MemFree:        49815836 kB
20220314 061726.675 INFO             PET0 PIOc_freedecomp Enter - MemInfo: [/proc/meminfo - SSI]	MemAvailable:   49574296 kB
20220314 061726.675 INFO             PET0 PIOc_freedecomp Enter - MemInfo: [/proc/meminfo - SSI]	Committed_AS:   13119984 kB
20220314 061726.675 INFO             PET0 PIOc_freedecomp Enter - MemInfo: [/proc/meminfo - SSI]	CommittedPercent: 20.0284 %
20220314 061726.675 INFO             PET0 PIOc_freedecomp Enter - MemInfo: [/proc/self/status]	VmPeak:	  142860 kB
20220314 061726.675 INFO             PET0 PIOc_freedecomp Enter - MemInfo: [/proc/self/status]	VmSize:	  134672 kB
20220314 061726.675 INFO             PET0 PIOc_freedecomp Enter - MemInfo: [/proc/self/status]	VmLck:	       0 kB
20220314 061726.675 INFO             PET0 PIOc_freedecomp Enter - MemInfo: [/proc/self/status]	VmPin:	       0 kB
20220314 061726.675 INFO             PET0 PIOc_freedecomp Enter - MemInfo: [/proc/self/status]	VmHWM:	   31284 kB
20220314 061726.675 INFO             PET0 PIOc_freedecomp Enter - MemInfo: [/proc/self/status]	VmRSS:	   31284 kB
20220314 061726.675 INFO             PET0 PIOc_freedecomp Enter - MemInfo: [/proc/self/status]	VmData:	   39532 kB
20220314 061726.675 INFO             PET0 PIOc_freedecomp Enter - MemInfo: [/proc/self/status]	VmStk:	     144 kB
20220314 061726.675 INFO             PET0 PIOc_freedecomp Enter - MemInfo: [/proc/self/status]	VmExe:	     224 kB
20220314 061726.675 INFO             PET0 PIOc_freedecomp Enter - MemInfo: [/proc/self/status]	VmLib:	   39752 kB
20220314 061726.675 INFO             PET0 PIOc_freedecomp Enter - MemInfo: [/proc/self/status]	VmPTE:	     260 kB
20220314 061726.675 INFO             PET0 PIOc_freedecomp Enter - MemInfo: [/proc/self/status]	VmPMD:	      12 kB
20220314 061726.675 INFO             PET0 PIOc_freedecomp Enter - MemInfo: [/proc/self/status]	VmSwap:	       0 kB
20220314 061726.675 INFO             PET0 PIOc_freedecomp Enter - MemInfo: [/proc/self/status]	VmRSSPercent: 0.0477567 %
20220314 061726.675 INFO             PET0 PIOc_freedecomp Enter - MemInfo: [malloc] Non-mmapped space allocated:                37064704 Byte
20220314 061726.675 INFO             PET0 PIOc_freedecomp Enter - MemInfo: [malloc] Space allocated in mmapped regions:                0 Byte
20220314 061726.675 INFO             PET0 PIOc_freedecomp Enter - MemInfo: [malloc] Maximum total allocated space:                     0 Byte
20220314 061726.675 INFO             PET0 PIOc_freedecomp Enter - MemInfo: [malloc] Space in freed fastbin blocks:                  1008 Byte
20220314 061726.675 INFO             PET0 PIOc_freedecomp Enter - MemInfo: [malloc] Total allocated space:                      19288880 Byte
20220314 061726.675 INFO             PET0 PIOc_freedecomp Enter - MemInfo: [malloc] Total free space:                           17775824 Byte
20220314 061726.675 INFO             PET0 PIOc_freedecomp Enter - MemInfo: [malloc] Top-most, releasable space:                   451232 Byte
20220314 061726.675 INFO             PET0 PIOc_freedecomp Enter - MemInfo: [malloc] Total space in use, mmap + non-mmap:        19288880 Byte
20220314 061726.675 INFO             PET0 PIOc_freedecomp Enter - MemInfo: [malloc] Total space held (mmap + non-mmap):         37064704 Byte
20220314 061726.675 INFO             PET0 PIOc_freedecomp Enter - MemInfo: [malloc] Total space used (mmap + non-mmap):         19298208 Byte
20220314 061726.675 INFO             PET0 PIOc_freedecomp Enter - MemInfo: Wall-clock time since execution start:              0.0328483 seconds
20220314 061726.675 INFO             PET0 PIOc_freedecomp Exit - MemInfo: [/proc/meminfo - SSI]	MemTotal:       65507008 kB
20220314 061726.675 INFO             PET0 PIOc_freedecomp Exit - MemInfo: [/proc/meminfo - SSI]	MemFree:        49815836 kB
20220314 061726.675 INFO             PET0 PIOc_freedecomp Exit - MemInfo: [/proc/meminfo - SSI]	MemAvailable:   49574296 kB
20220314 061726.675 INFO             PET0 PIOc_freedecomp Exit - MemInfo: [/proc/meminfo - SSI]	Committed_AS:   13119984 kB
20220314 061726.676 INFO             PET0 PIOc_freedecomp Exit - MemInfo: [/proc/meminfo - SSI]	CommittedPercent: 20.0284 %
20220314 061726.676 INFO             PET0 PIOc_freedecomp Exit - MemInfo: [/proc/self/status]	VmPeak:	  142860 kB
20220314 061726.676 INFO             PET0 PIOc_freedecomp Exit - MemInfo: [/proc/self/status]	VmSize:	  134672 kB
20220314 061726.676 INFO             PET0 PIOc_freedecomp Exit - MemInfo: [/proc/self/status]	VmLck:	       0 kB
20220314 061726.676 INFO             PET0 PIOc_freedecomp Exit - MemInfo: [/proc/self/status]	VmPin:	       0 kB
20220314 061726.676 INFO             PET0 PIOc_freedecomp Exit - MemInfo: [/proc/self/status]	VmHWM:	   31284 kB
20220314 061726.676 INFO             PET0 PIOc_freedecomp Exit - MemInfo: [/proc/self/status]	VmRSS:	   31284 kB
20220314 061726.676 INFO             PET0 PIOc_freedecomp Exit - MemInfo: [/proc/self/status]	VmData:	   39532 kB
20220314 061726.676 INFO             PET0 PIOc_freedecomp Exit - MemInfo: [/proc/self/status]	VmStk:	     144 kB
20220314 061726.676 INFO             PET0 PIOc_freedecomp Exit - MemInfo: [/proc/self/status]	VmExe:	     224 kB
20220314 061726.676 INFO             PET0 PIOc_freedecomp Exit - MemInfo: [/proc/self/status]	VmLib:	   39752 kB
20220314 061726.676 INFO             PET0 PIOc_freedecomp Exit - MemInfo: [/proc/self/status]	VmPTE:	     260 kB
20220314 061726.676 INFO             PET0 PIOc_freedecomp Exit - MemInfo: [/proc/self/status]	VmPMD:	      12 kB
20220314 061726.676 INFO             PET0 PIOc_freedecomp Exit - MemInfo: [/proc/self/status]	VmSwap:	       0 kB
20220314 061726.676 INFO             PET0 PIOc_freedecomp Exit - MemInfo: [/proc/self/status]	VmRSSPercent: 0.0477567 %
20220314 061726.676 INFO             PET0 PIOc_freedecomp Exit - MemInfo: [malloc] Non-mmapped space allocated:                37064704 Byte
20220314 061726.676 INFO             PET0 PIOc_freedecomp Exit - MemInfo: [malloc] Space allocated in mmapped regions:                0 Byte
20220314 061726.676 INFO             PET0 PIOc_freedecomp Exit - MemInfo: [malloc] Maximum total allocated space:                     0 Byte
20220314 061726.676 INFO             PET0 PIOc_freedecomp Exit - MemInfo: [malloc] Space in freed fastbin blocks:                   816 Byte
20220314 061726.676 INFO             PET0 PIOc_freedecomp Exit - MemInfo: [malloc] Total allocated space:                      19285056 Byte
20220314 061726.676 INFO             PET0 PIOc_freedecomp Exit - MemInfo: [malloc] Total free space:                           17779648 Byte
20220314 061726.676 INFO             PET0 PIOc_freedecomp Exit - MemInfo: [malloc] Top-most, releasable space:                   451232 Byte
20220314 061726.676 INFO             PET0 PIOc_freedecomp Exit - MemInfo: [malloc] Total space in use, mmap + non-mmap:        19285056 Byte
20220314 061726.676 INFO             PET0 PIOc_freedecomp Exit - MemInfo: [malloc] Total space held (mmap + non-mmap):         37064704 Byte
20220314 061726.676 INFO             PET0 PIOc_freedecomp Exit - MemInfo: [malloc] Total space used (mmap + non-mmap):         19294400 Byte
20220314 061726.676 INFO             PET0 PIOc_freedecomp Exit - MemInfo: Wall-clock time since execution start:              0.0331704 seconds
20220314 061726.676 INFO             PET0 PIOc_freedecomp Enter - MemInfo: [/proc/meminfo - SSI]	MemTotal:       65507008 kB
20220314 061726.676 INFO             PET0 PIOc_freedecomp Enter - MemInfo: [/proc/meminfo - SSI]	MemFree:        49815836 kB
20220314 061726.676 INFO             PET0 PIOc_freedecomp Enter - MemInfo: [/proc/meminfo - SSI]	MemAvailable:   49574296 kB
20220314 061726.676 INFO             PET0 PIOc_freedecomp Enter - MemInfo: [/proc/meminfo - SSI]	Committed_AS:   13119984 kB
20220314 061726.676 INFO             PET0 PIOc_freedecomp Enter - MemInfo: [/proc/meminfo - SSI]	CommittedPercent: 20.0284 %
20220314 061726.676 INFO             PET0 PIOc_freedecomp Enter - MemInfo: [/proc/self/status]	VmPeak:	  142860 kB
20220314 061726.676 INFO             PET0 PIOc_freedecomp Enter - MemInfo: [/proc/self/status]	VmSize:	  134672 kB
20220314 061726.676 INFO             PET0 PIOc_freedecomp Enter - MemInfo: [/proc/self/status]	VmLck:	       0 kB
20220314 061726.676 INFO             PET0 PIOc_freedecomp Enter - MemInfo: [/proc/self/status]	VmPin:	       0 kB
20220314 061726.676 INFO             PET0 PIOc_freedecomp Enter - MemInfo: [/proc/self/status]	VmHWM:	   31284 kB
20220314 061726.676 INFO             PET0 PIOc_freedecomp Enter - MemInfo: [/proc/self/status]	VmRSS:	   31284 kB
20220314 061726.676 INFO             PET0 PIOc_freedecomp Enter - MemInfo: [/proc/self/status]	VmData:	   39532 kB
20220314 061726.676 INFO             PET0 PIOc_freedecomp Enter - MemInfo: [/proc/self/status]	VmStk:	     144 kB
20220314 061726.676 INFO             PET0 PIOc_freedecomp Enter - MemInfo: [/proc/self/status]	VmExe:	     224 kB
20220314 061726.676 INFO             PET0 PIOc_freedecomp Enter - MemInfo: [/proc/self/status]	VmLib:	   39752 kB
20220314 061726.676 INFO             PET0 PIOc_freedecomp Enter - MemInfo: [/proc/self/status]	VmPTE:	     260 kB
20220314 061726.676 INFO             PET0 PIOc_freedecomp Enter - MemInfo: [/proc/self/status]	VmPMD:	      12 kB
20220314 061726.676 INFO             PET0 PIOc_freedecomp Enter - MemInfo: [/proc/self/status]	VmSwap:	       0 kB
20220314 061726.676 INFO             PET0 PIOc_freedecomp Enter - MemInfo: [/proc/self/status]	VmRSSPercent: 0.0477567 %
20220314 061726.676 INFO             PET0 PIOc_freedecomp Enter - MemInfo: [malloc] Non-mmapped space allocated:                37064704 Byte
20220314 061726.676 INFO             PET0 PIOc_freedecomp Enter - MemInfo: [malloc] Space allocated in mmapped regions:                0 Byte
20220314 061726.676 INFO             PET0 PIOc_freedecomp Enter - MemInfo: [malloc] Maximum total allocated space:                     0 Byte
20220314 061726.676 INFO             PET0 PIOc_freedecomp Enter - MemInfo: [malloc] Space in freed fastbin blocks:                  1648 Byte
20220314 061726.676 INFO             PET0 PIOc_freedecomp Enter - MemInfo: [malloc] Total allocated space:                      19284928 Byte
20220314 061726.676 INFO             PET0 PIOc_freedecomp Enter - MemInfo: [malloc] Total free space:                           17779776 Byte
20220314 061726.676 INFO             PET0 PIOc_freedecomp Enter - MemInfo: [malloc] Top-most, releasable space:                   451232 Byte
20220314 061726.676 INFO             PET0 PIOc_freedecomp Enter - MemInfo: [malloc] Total space in use, mmap + non-mmap:        19284928 Byte
20220314 061726.676 INFO             PET0 PIOc_freedecomp Enter - MemInfo: [malloc] Total space held (mmap + non-mmap):         37064704 Byte
20220314 061726.676 INFO             PET0 PIOc_freedecomp Enter - MemInfo: [malloc] Total space used (mmap + non-mmap):         19294272 Byte
20220314 061726.676 INFO             PET0 PIOc_freedecomp Enter - MemInfo: Wall-clock time since execution start:              0.0334874 seconds
20220314 061726.676 INFO             PET0 PIOc_freedecomp Exit - MemInfo: [/proc/meminfo - SSI]	MemTotal:       65507008 kB
20220314 061726.676 INFO             PET0 PIOc_freedecomp Exit - MemInfo: [/proc/meminfo - SSI]	MemFree:        49815836 kB
20220314 061726.676 INFO             PET0 PIOc_freedecomp Exit - MemInfo: [/proc/meminfo - SSI]	MemAvailable:   49574296 kB
20220314 061726.676 INFO             PET0 PIOc_freedecomp Exit - MemInfo: [/proc/meminfo - SSI]	Committed_AS:   13119984 kB
20220314 061726.676 INFO             PET0 PIOc_freedecomp Exit - MemInfo: [/proc/meminfo - SSI]	CommittedPercent: 20.0284 %
20220314 061726.676 INFO             PET0 PIOc_freedecomp Exit - MemInfo: [/proc/self/status]	VmPeak:	  142860 kB
20220314 061726.676 INFO             PET0 PIOc_freedecomp Exit - MemInfo: [/proc/self/status]	VmSize:	  134672 kB
20220314 061726.676 INFO             PET0 PIOc_freedecomp Exit - MemInfo: [/proc/self/status]	VmLck:	       0 kB
20220314 061726.676 INFO             PET0 PIOc_freedecomp Exit - MemInfo: [/proc/self/status]	VmPin:	       0 kB
20220314 061726.676 INFO             PET0 PIOc_freedecomp Exit - MemInfo: [/proc/self/status]	VmHWM:	   31284 kB
20220314 061726.676 INFO             PET0 PIOc_freedecomp Exit - MemInfo: [/proc/self/status]	VmRSS:	   31284 kB
20220314 061726.676 INFO             PET0 PIOc_freedecomp Exit - MemInfo: [/proc/self/status]	VmData:	   39532 kB
20220314 061726.676 INFO             PET0 PIOc_freedecomp Exit - MemInfo: [/proc/self/status]	VmStk:	     144 kB
20220314 061726.676 INFO             PET0 PIOc_freedecomp Exit - MemInfo: [/proc/self/status]	VmExe:	     224 kB
20220314 061726.676 INFO             PET0 PIOc_freedecomp Exit - MemInfo: [/proc/self/status]	VmLib:	   39752 kB
20220314 061726.676 INFO             PET0 PIOc_freedecomp Exit - MemInfo: [/proc/self/status]	VmPTE:	     260 kB
20220314 061726.676 INFO             PET0 PIOc_freedecomp Exit - MemInfo: [/proc/self/status]	VmPMD:	      12 kB
20220314 061726.676 INFO             PET0 PIOc_freedecomp Exit - MemInfo: [/proc/self/status]	VmSwap:	       0 kB
20220314 061726.676 INFO             PET0 PIOc_freedecomp Exit - MemInfo: [/proc/self/status]	VmRSSPercent: 0.0477567 %
20220314 061726.676 INFO             PET0 PIOc_freedecomp Exit - MemInfo: [malloc] Non-mmapped space allocated:                37064704 Byte
20220314 061726.676 INFO             PET0 PIOc_freedecomp Exit - MemInfo: [malloc] Space allocated in mmapped regions:                0 Byte
20220314 061726.676 INFO             PET0 PIOc_freedecomp Exit - MemInfo: [malloc] Maximum total allocated space:                     0 Byte
20220314 061726.676 INFO             PET0 PIOc_freedecomp Exit - MemInfo: [malloc] Space in freed fastbin blocks:                  1856 Byte
20220314 061726.676 INFO             PET0 PIOc_freedecomp Exit - MemInfo: [malloc] Total allocated space:                      19278416 Byte
20220314 061726.676 INFO             PET0 PIOc_freedecomp Exit - MemInfo: [malloc] Total free space:                           17786288 Byte
20220314 061726.676 INFO             PET0 PIOc_freedecomp Exit - MemInfo: [malloc] Top-most, releasable space:                   451232 Byte
20220314 061726.676 INFO             PET0 PIOc_freedecomp Exit - MemInfo: [malloc] Total space in use, mmap + non-mmap:        19278416 Byte
20220314 061726.676 INFO             PET0 PIOc_freedecomp Exit - MemInfo: [malloc] Total space held (mmap + non-mmap):         37064704 Byte
20220314 061726.676 INFO             PET0 PIOc_freedecomp Exit - MemInfo: [malloc] Total space used (mmap + non-mmap):         19287760 Byte
20220314 061726.676 INFO             PET0 PIOc_freedecomp Exit - MemInfo: Wall-clock time since execution start:              0.0338031 seconds
20220314 061726.676 INFO             PET0 PIOc_freedecomp Enter - MemInfo: [/proc/meminfo - SSI]	MemTotal:       65507008 kB
20220314 061726.676 INFO             PET0 PIOc_freedecomp Enter - MemInfo: [/proc/meminfo - SSI]	MemFree:        49815836 kB
20220314 061726.676 INFO             PET0 PIOc_freedecomp Enter - MemInfo: [/proc/meminfo - SSI]	MemAvailable:   49574296 kB
20220314 061726.676 INFO             PET0 PIOc_freedecomp Enter - MemInfo: [/proc/meminfo - SSI]	Committed_AS:   13119984 kB
20220314 061726.676 INFO             PET0 PIOc_freedecomp Enter - MemInfo: [/proc/meminfo - SSI]	CommittedPercent: 20.0284 %
20220314 061726.676 INFO             PET0 PIOc_freedecomp Enter - MemInfo: [/proc/self/status]	VmPeak:	  142860 kB
20220314 061726.676 INFO             PET0 PIOc_freedecomp Enter - MemInfo: [/proc/self/status]	VmSize:	  134672 kB
20220314 061726.676 INFO             PET0 PIOc_freedecomp Enter - MemInfo: [/proc/self/status]	VmLck:	       0 kB
20220314 061726.677 INFO             PET0 PIOc_freedecomp Enter - MemInfo: [/proc/self/status]	VmPin:	       0 kB
20220314 061726.677 INFO             PET0 PIOc_freedecomp Enter - MemInfo: [/proc/self/status]	VmHWM:	   31284 kB
20220314 061726.677 INFO             PET0 PIOc_freedecomp Enter - MemInfo: [/proc/self/status]	VmRSS:	   31284 kB
20220314 061726.677 INFO             PET0 PIOc_freedecomp Enter - MemInfo: [/proc/self/status]	VmData:	   39532 kB
20220314 061726.677 INFO             PET0 PIOc_freedecomp Enter - MemInfo: [/proc/self/status]	VmStk:	     144 kB
20220314 061726.677 INFO             PET0 PIOc_freedecomp Enter - MemInfo: [/proc/self/status]	VmExe:	     224 kB
20220314 061726.677 INFO             PET0 PIOc_freedecomp Enter - MemInfo: [/proc/self/status]	VmLib:	   39752 kB
20220314 061726.677 INFO             PET0 PIOc_freedecomp Enter - MemInfo: [/proc/self/status]	VmPTE:	     260 kB
20220314 061726.677 INFO             PET0 PIOc_freedecomp Enter - MemInfo: [/proc/self/status]	VmPMD:	      12 kB
20220314 061726.677 INFO             PET0 PIOc_freedecomp Enter - MemInfo: [/proc/self/status]	VmSwap:	       0 kB
20220314 061726.677 INFO             PET0 PIOc_freedecomp Enter - MemInfo: [/proc/self/status]	VmRSSPercent: 0.0477567 %
20220314 061726.677 INFO             PET0 PIOc_freedecomp Enter - MemInfo: [malloc] Non-mmapped space allocated:                37064704 Byte
20220314 061726.677 INFO             PET0 PIOc_freedecomp Enter - MemInfo: [malloc] Space allocated in mmapped regions:                0 Byte
20220314 061726.677 INFO             PET0 PIOc_freedecomp Enter - MemInfo: [malloc] Maximum total allocated space:                     0 Byte
20220314 061726.677 INFO             PET0 PIOc_freedecomp Enter - MemInfo: [malloc] Space in freed fastbin blocks:                  1664 Byte
20220314 061726.677 INFO             PET0 PIOc_freedecomp Enter - MemInfo: [malloc] Total allocated space:                      19278288 Byte
20220314 061726.677 INFO             PET0 PIOc_freedecomp Enter - MemInfo: [malloc] Total free space:                           17786416 Byte
20220314 061726.677 INFO             PET0 PIOc_freedecomp Enter - MemInfo: [malloc] Top-most, releasable space:                   451232 Byte
20220314 061726.677 INFO             PET0 PIOc_freedecomp Enter - MemInfo: [malloc] Total space in use, mmap + non-mmap:        19278288 Byte
20220314 061726.677 INFO             PET0 PIOc_freedecomp Enter - MemInfo: [malloc] Total space held (mmap + non-mmap):         37064704 Byte
20220314 061726.677 INFO             PET0 PIOc_freedecomp Enter - MemInfo: [malloc] Total space used (mmap + non-mmap):         19287632 Byte
20220314 061726.677 INFO             PET0 PIOc_freedecomp Enter - MemInfo: Wall-clock time since execution start:              0.0341131 seconds
20220314 061726.677 INFO             PET0 PIOc_freedecomp Exit - MemInfo: [/proc/meminfo - SSI]	MemTotal:       65507008 kB
20220314 061726.677 INFO             PET0 PIOc_freedecomp Exit - MemInfo: [/proc/meminfo - SSI]	MemFree:        49815836 kB
20220314 061726.677 INFO             PET0 PIOc_freedecomp Exit - MemInfo: [/proc/meminfo - SSI]	MemAvailable:   49574296 kB
20220314 061726.677 INFO             PET0 PIOc_freedecomp Exit - MemInfo: [/proc/meminfo - SSI]	Committed_AS:   13119984 kB
20220314 061726.677 INFO             PET0 PIOc_freedecomp Exit - MemInfo: [/proc/meminfo - SSI]	CommittedPercent: 20.0284 %
20220314 061726.677 INFO             PET0 PIOc_freedecomp Exit - MemInfo: [/proc/self/status]	VmPeak:	  142860 kB
20220314 061726.677 INFO             PET0 PIOc_freedecomp Exit - MemInfo: [/proc/self/status]	VmSize:	  134672 kB
20220314 061726.677 INFO             PET0 PIOc_freedecomp Exit - MemInfo: [/proc/self/status]	VmLck:	       0 kB
20220314 061726.677 INFO             PET0 PIOc_freedecomp Exit - MemInfo: [/proc/self/status]	VmPin:	       0 kB
20220314 061726.677 INFO             PET0 PIOc_freedecomp Exit - MemInfo: [/proc/self/status]	VmHWM:	   31284 kB
20220314 061726.677 INFO             PET0 PIOc_freedecomp Exit - MemInfo: [/proc/self/status]	VmRSS:	   31284 kB
20220314 061726.677 INFO             PET0 PIOc_freedecomp Exit - MemInfo: [/proc/self/status]	VmData:	   39532 kB
20220314 061726.677 INFO             PET0 PIOc_freedecomp Exit - MemInfo: [/proc/self/status]	VmStk:	     144 kB
20220314 061726.677 INFO             PET0 PIOc_freedecomp Exit - MemInfo: [/proc/self/status]	VmExe:	     224 kB
20220314 061726.677 INFO             PET0 PIOc_freedecomp Exit - MemInfo: [/proc/self/status]	VmLib:	   39752 kB
20220314 061726.677 INFO             PET0 PIOc_freedecomp Exit - MemInfo: [/proc/self/status]	VmPTE:	     260 kB
20220314 061726.677 INFO             PET0 PIOc_freedecomp Exit - MemInfo: [/proc/self/status]	VmPMD:	      12 kB
20220314 061726.677 INFO             PET0 PIOc_freedecomp Exit - MemInfo: [/proc/self/status]	VmSwap:	       0 kB
20220314 061726.677 INFO             PET0 PIOc_freedecomp Exit - MemInfo: [/proc/self/status]	VmRSSPercent: 0.0477567 %
20220314 061726.677 INFO             PET0 PIOc_freedecomp Exit - MemInfo: [malloc] Non-mmapped space allocated:                37064704 Byte
20220314 061726.677 INFO             PET0 PIOc_freedecomp Exit - MemInfo: [malloc] Space allocated in mmapped regions:                0 Byte
20220314 061726.677 INFO             PET0 PIOc_freedecomp Exit - MemInfo: [malloc] Maximum total allocated space:                     0 Byte
20220314 061726.677 INFO             PET0 PIOc_freedecomp Exit - MemInfo: [malloc] Space in freed fastbin blocks:                  1872 Byte
20220314 061726.677 INFO             PET0 PIOc_freedecomp Exit - MemInfo: [malloc] Total allocated space:                      19273872 Byte
20220314 061726.677 INFO             PET0 PIOc_freedecomp Exit - MemInfo: [malloc] Total free space:                           17790832 Byte
20220314 061726.677 INFO             PET0 PIOc_freedecomp Exit - MemInfo: [malloc] Top-most, releasable space:                   451232 Byte
20220314 061726.677 INFO             PET0 PIOc_freedecomp Exit - MemInfo: [malloc] Total space in use, mmap + non-mmap:        19273872 Byte
20220314 061726.677 INFO             PET0 PIOc_freedecomp Exit - MemInfo: [malloc] Total space held (mmap + non-mmap):         37064704 Byte
20220314 061726.677 INFO             PET0 PIOc_freedecomp Exit - MemInfo: [malloc] Total space used (mmap + non-mmap):         19283216 Byte
20220314 061726.677 INFO             PET0 PIOc_freedecomp Exit - MemInfo: Wall-clock time since execution start:              0.0344303 seconds
20220314 061726.677 INFO             PET0  PASS  Writing a FieldBundle to a single file with timeslice Test, ESMF_FieldBundleIOUTest.F90, line 388
20220314 061726.677 INFO             PET0  PASS  Create attribute package on FieldBundle multi Test, ESMF_FieldBundleIOUTest.F90, line 404
20220314 061726.677 INFO             PET0  PASS  Set attribute values on FieldBundle multi Test, ESMF_FieldBundleIOUTest.F90, line 417
20220314 061726.679 INFO             PET0 PIOc_sync Enter - MemInfo: [/proc/meminfo - SSI]	MemTotal:       65507008 kB
20220314 061726.679 INFO             PET0 PIOc_sync Enter - MemInfo: [/proc/meminfo - SSI]	MemFree:        49815828 kB
20220314 061726.679 INFO             PET0 PIOc_sync Enter - MemInfo: [/proc/meminfo - SSI]	MemAvailable:   49574288 kB
20220314 061726.679 INFO             PET0 PIOc_sync Enter - MemInfo: [/proc/meminfo - SSI]	Committed_AS:   13119984 kB
20220314 061726.679 INFO             PET0 PIOc_sync Enter - MemInfo: [/proc/meminfo - SSI]	CommittedPercent: 20.0284 %
20220314 061726.679 INFO             PET0 PIOc_sync Enter - MemInfo: [/proc/self/status]	VmPeak:	  142860 kB
20220314 061726.679 INFO             PET0 PIOc_sync Enter - MemInfo: [/proc/self/status]	VmSize:	  134672 kB
20220314 061726.679 INFO             PET0 PIOc_sync Enter - MemInfo: [/proc/self/status]	VmLck:	       0 kB
20220314 061726.679 INFO             PET0 PIOc_sync Enter - MemInfo: [/proc/self/status]	VmPin:	       0 kB
20220314 061726.679 INFO             PET0 PIOc_sync Enter - MemInfo: [/proc/self/status]	VmHWM:	   31288 kB
20220314 061726.679 INFO             PET0 PIOc_sync Enter - MemInfo: [/proc/self/status]	VmRSS:	   31288 kB
20220314 061726.679 INFO             PET0 PIOc_sync Enter - MemInfo: [/proc/self/status]	VmData:	   39532 kB
20220314 061726.679 INFO             PET0 PIOc_sync Enter - MemInfo: [/proc/self/status]	VmStk:	     144 kB
20220314 061726.679 INFO             PET0 PIOc_sync Enter - MemInfo: [/proc/self/status]	VmExe:	     224 kB
20220314 061726.679 INFO             PET0 PIOc_sync Enter - MemInfo: [/proc/self/status]	VmLib:	   39752 kB
20220314 061726.679 INFO             PET0 PIOc_sync Enter - MemInfo: [/proc/self/status]	VmPTE:	     260 kB
20220314 061726.679 INFO             PET0 PIOc_sync Enter - MemInfo: [/proc/self/status]	VmPMD:	      12 kB
20220314 061726.679 INFO             PET0 PIOc_sync Enter - MemInfo: [/proc/self/status]	VmSwap:	       0 kB
20220314 061726.679 INFO             PET0 PIOc_sync Enter - MemInfo: [/proc/self/status]	VmRSSPercent: 0.0477628 %
20220314 061726.679 INFO             PET0 PIOc_sync Enter - MemInfo: [malloc] Non-mmapped space allocated:                37064704 Byte
20220314 061726.679 INFO             PET0 PIOc_sync Enter - MemInfo: [malloc] Space allocated in mmapped regions:                0 Byte
20220314 061726.679 INFO             PET0 PIOc_sync Enter - MemInfo: [malloc] Maximum total allocated space:                     0 Byte
20220314 061726.679 INFO             PET0 PIOc_sync Enter - MemInfo: [malloc] Space in freed fastbin blocks:                  1024 Byte
20220314 061726.679 INFO             PET0 PIOc_sync Enter - MemInfo: [malloc] Total allocated space:                      36595200 Byte
20220314 061726.679 INFO             PET0 PIOc_sync Enter - MemInfo: [malloc] Total free space:                             469504 Byte
20220314 061726.679 INFO             PET0 PIOc_sync Enter - MemInfo: [malloc] Top-most, releasable space:                   451232 Byte
20220314 061726.679 INFO             PET0 PIOc_sync Enter - MemInfo: [malloc] Total space in use, mmap + non-mmap:        36595200 Byte
20220314 061726.679 INFO             PET0 PIOc_sync Enter - MemInfo: [malloc] Total space held (mmap + non-mmap):         37064704 Byte
20220314 061726.679 INFO             PET0 PIOc_sync Enter - MemInfo: [malloc] Total space used (mmap + non-mmap):         36604528 Byte
20220314 061726.679 INFO             PET0 PIOc_sync Enter - MemInfo: Wall-clock time since execution start:              0.0365348 seconds
20220314 061726.679 INFO             PET0 PIOc_sync Exit - MemInfo: [/proc/meminfo - SSI]	MemTotal:       65507008 kB
20220314 061726.679 INFO             PET0 PIOc_sync Exit - MemInfo: [/proc/meminfo - SSI]	MemFree:        49815324 kB
20220314 061726.679 INFO             PET0 PIOc_sync Exit - MemInfo: [/proc/meminfo - SSI]	MemAvailable:   49573784 kB
20220314 061726.679 INFO             PET0 PIOc_sync Exit - MemInfo: [/proc/meminfo - SSI]	Committed_AS:   13119984 kB
20220314 061726.679 INFO             PET0 PIOc_sync Exit - MemInfo: [/proc/meminfo - SSI]	CommittedPercent: 20.0284 %
20220314 061726.679 INFO             PET0 PIOc_sync Exit - MemInfo: [/proc/self/status]	VmPeak:	  142860 kB
20220314 061726.679 INFO             PET0 PIOc_sync Exit - MemInfo: [/proc/self/status]	VmSize:	  134672 kB
20220314 061726.679 INFO             PET0 PIOc_sync Exit - MemInfo: [/proc/self/status]	VmLck:	       0 kB
20220314 061726.679 INFO             PET0 PIOc_sync Exit - MemInfo: [/proc/self/status]	VmPin:	       0 kB
20220314 061726.679 INFO             PET0 PIOc_sync Exit - MemInfo: [/proc/self/status]	VmHWM:	   31288 kB
20220314 061726.679 INFO             PET0 PIOc_sync Exit - MemInfo: [/proc/self/status]	VmRSS:	   31288 kB
20220314 061726.679 INFO             PET0 PIOc_sync Exit - MemInfo: [/proc/self/status]	VmData:	   39532 kB
20220314 061726.679 INFO             PET0 PIOc_sync Exit - MemInfo: [/proc/self/status]	VmStk:	     144 kB
20220314 061726.679 INFO             PET0 PIOc_sync Exit - MemInfo: [/proc/self/status]	VmExe:	     224 kB
