build time -- 2022-03-12 06:04:16.174927
20220312 061505.366 INFO             PET0 !!!!!!!!!!!!!!!!!!!!!!!!!!!!!!!!!!!!!!!!!!!!!!!!!!!!!!
20220312 061505.366 INFO             PET0 !!! THE ESMF_LOG IS SET TO OUTPUT ALL LOG MESSAGES !!!
20220312 061505.366 INFO             PET0 !!!     THIS MAY CAUSE SLOWDOWN IN PERFORMANCE     !!!
20220312 061505.366 INFO             PET0 !!! FOR PRODUCTION RUNS, USE:                      !!!
20220312 061505.366 INFO             PET0 !!!                   ESMF_LOGKIND_Multi_On_Error  !!!
20220312 061505.366 INFO             PET0 !!!!!!!!!!!!!!!!!!!!!!!!!!!!!!!!!!!!!!!!!!!!!!!!!!!!!!
20220312 061505.366 INFO             PET0 Running with ESMF Version   : v8.3.0b09-96-g559b459836
20220312 061505.366 INFO             PET0 ESMF library build date/time: "Mar 12 2022" "06:02:22"
20220312 061505.366 INFO             PET0 ESMF library build location : /glade/scratch/rlong/esmf-testing/gfortran_10.1.0_mpt_O_jedwards_pio_update2
20220312 061505.366 INFO             PET0 ESMF_COMM                   : mpt
20220312 061505.366 INFO             PET0 ESMF_MOAB                   : enabled
20220312 061505.366 INFO             PET0 ESMF_LAPACK                 : enabled
20220312 061505.366 INFO             PET0 ESMF_NETCDF                 : enabled
20220312 061505.366 INFO             PET0 ESMF_PNETCDF                : disabled
20220312 061505.366 INFO             PET0 ESMF_PIO                    : enabled
20220312 061505.366 INFO             PET0 ESMF_YAMLCPP                : enabled
20220312 061505.368 INFO             PET0  Beginning Test, file ESMF_ArrayIOUTest.F90, line 103
20220312 061505.368 INFO             PET0  NUMBER_OF_PROCESSORS           6
20220312 061505.368 INFO             PET0  PASS  dstDistgrid Create Test, ESMF_ArrayIOUTest.F90, line 137
20220312 061505.368 INFO             PET0  PASS  Array Spec Set Test, ESMF_ArrayIOUTest.F90, line 145
20220312 061505.369 INFO             PET0  PASS  Array with Halo Create Test, ESMF_ArrayIOUTest.F90, line 160
20220312 061505.369 INFO             PET0  PASS  Array without Halo Create Test, ESMF_ArrayIOUTest.F90, line 170
20220312 061505.369 INFO             PET0  PASS  Accessing Fortran pointers for Arrays Test, ESMF_ArrayIOUTest.F90, line 225
20220312 061505.380 INFO             PET0 PIOc_sync Enter - MemInfo: [/proc/meminfo - SSI]	MemTotal:       65507008 kB
20220312 061505.380 INFO             PET0 PIOc_sync Enter - MemInfo: [/proc/meminfo - SSI]	MemFree:        49852756 kB
20220312 061505.380 INFO             PET0 PIOc_sync Enter - MemInfo: [/proc/meminfo - SSI]	MemAvailable:   49603648 kB
20220312 061505.380 INFO             PET0 PIOc_sync Enter - MemInfo: [/proc/meminfo - SSI]	Committed_AS:   13251596 kB
20220312 061505.380 INFO             PET0 PIOc_sync Enter - MemInfo: [/proc/meminfo - SSI]	CommittedPercent: 20.2293 %
20220312 061505.380 INFO             PET0 PIOc_sync Enter - MemInfo: [/proc/self/status]	VmPeak:	  142788 kB
20220312 061505.380 INFO             PET0 PIOc_sync Enter - MemInfo: [/proc/self/status]	VmSize:	  142788 kB
20220312 061505.380 INFO             PET0 PIOc_sync Enter - MemInfo: [/proc/self/status]	VmLck:	       0 kB
20220312 061505.380 INFO             PET0 PIOc_sync Enter - MemInfo: [/proc/self/status]	VmPin:	       0 kB
20220312 061505.380 INFO             PET0 PIOc_sync Enter - MemInfo: [/proc/self/status]	VmHWM:	   30064 kB
20220312 061505.380 INFO             PET0 PIOc_sync Enter - MemInfo: [/proc/self/status]	VmRSS:	   30064 kB
20220312 061505.380 INFO             PET0 PIOc_sync Enter - MemInfo: [/proc/self/status]	VmData:	   38660 kB
20220312 061505.380 INFO             PET0 PIOc_sync Enter - MemInfo: [/proc/self/status]	VmStk:	     144 kB
20220312 061505.380 INFO             PET0 PIOc_sync Enter - MemInfo: [/proc/self/status]	VmExe:	     292 kB
20220312 061505.380 INFO             PET0 PIOc_sync Enter - MemInfo: [/proc/self/status]	VmLib:	   39752 kB
20220312 061505.380 INFO             PET0 PIOc_sync Enter - MemInfo: [/proc/self/status]	VmPTE:	     252 kB
20220312 061505.382 INFO             PET0 PIOc_sync Enter - MemInfo: [/proc/self/status]	VmPMD:	      12 kB
20220312 061505.382 INFO             PET0 PIOc_sync Enter - MemInfo: [/proc/self/status]	VmSwap:	       0 kB
20220312 061505.382 INFO             PET0 PIOc_sync Enter - MemInfo: [/proc/self/status]	VmRSSPercent: 0.0458943 %
20220312 061505.382 INFO             PET0 PIOc_sync Enter - MemInfo: [malloc] Non-mmapped space allocated:                36171776 Byte
20220312 061505.382 INFO             PET0 PIOc_sync Enter - MemInfo: [malloc] Space allocated in mmapped regions:                0 Byte
20220312 061505.382 INFO             PET0 PIOc_sync Enter - MemInfo: [malloc] Maximum total allocated space:                     0 Byte
20220312 061505.382 INFO             PET0 PIOc_sync Enter - MemInfo: [malloc] Space in freed fastbin blocks:                   848 Byte
20220312 061505.382 INFO             PET0 PIOc_sync Enter - MemInfo: [malloc] Total allocated space:                      36069888 Byte
20220312 061505.382 INFO             PET0 PIOc_sync Enter - MemInfo: [malloc] Total free space:                             101888 Byte
20220312 061505.382 INFO             PET0 PIOc_sync Enter - MemInfo: [malloc] Top-most, releasable space:                    96192 Byte
20220312 061505.382 INFO             PET0 PIOc_sync Enter - MemInfo: [malloc] Total space in use, mmap + non-mmap:        36069888 Byte
20220312 061505.382 INFO             PET0 PIOc_sync Enter - MemInfo: [malloc] Total space held (mmap + non-mmap):         36171776 Byte
20220312 061505.382 INFO             PET0 PIOc_sync Enter - MemInfo: [malloc] Total space used (mmap + non-mmap):         36079216 Byte
20220312 061505.382 INFO             PET0 PIOc_sync Enter - MemInfo: Wall-clock time since execution start:              0.0179796 seconds
20220312 061505.384 INFO             PET0 PIOc_sync Exit - MemInfo: [/proc/meminfo - SSI]	MemTotal:       65507008 kB
20220312 061505.384 INFO             PET0 PIOc_sync Exit - MemInfo: [/proc/meminfo - SSI]	MemFree:        49853056 kB
20220312 061505.384 INFO             PET0 PIOc_sync Exit - MemInfo: [/proc/meminfo - SSI]	MemAvailable:   49603948 kB
20220312 061505.384 INFO             PET0 PIOc_sync Exit - MemInfo: [/proc/meminfo - SSI]	Committed_AS:   13251596 kB
20220312 061505.384 INFO             PET0 PIOc_sync Exit - MemInfo: [/proc/meminfo - SSI]	CommittedPercent: 20.2293 %
20220312 061505.384 INFO             PET0 PIOc_sync Exit - MemInfo: [/proc/self/status]	VmPeak:	  142788 kB
20220312 061505.384 INFO             PET0 PIOc_sync Exit - MemInfo: [/proc/self/status]	VmSize:	  142788 kB
20220312 061505.384 INFO             PET0 PIOc_sync Exit - MemInfo: [/proc/self/status]	VmLck:	       0 kB
20220312 061505.384 INFO             PET0 PIOc_sync Exit - MemInfo: [/proc/self/status]	VmPin:	       0 kB
20220312 061505.384 INFO             PET0 PIOc_sync Exit - MemInfo: [/proc/self/status]	VmHWM:	   30188 kB
20220312 061505.384 INFO             PET0 PIOc_sync Exit - MemInfo: [/proc/self/status]	VmRSS:	   30188 kB
20220312 061505.384 INFO             PET0 PIOc_sync Exit - MemInfo: [/proc/self/status]	VmData:	   38660 kB
20220312 061505.384 INFO             PET0 PIOc_sync Exit - MemInfo: [/proc/self/status]	VmStk:	     144 kB
20220312 061505.384 INFO             PET0 PIOc_sync Exit - MemInfo: [/proc/self/status]	VmExe:	     292 kB
20220312 061505.384 INFO             PET0 PIOc_sync Exit - MemInfo: [/proc/self/status]	VmLib:	   39752 kB
20220312 061505.384 INFO             PET0 PIOc_sync Exit - MemInfo: [/proc/self/status]	VmPTE:	     252 kB
20220312 061505.384 INFO             PET0 PIOc_sync Exit - MemInfo: [/proc/self/status]	VmPMD:	      12 kB
20220312 061505.384 INFO             PET0 PIOc_sync Exit - MemInfo: [/proc/self/status]	VmSwap:	       0 kB
20220312 061505.384 INFO             PET0 PIOc_sync Exit - MemInfo: [/proc/self/status]	VmRSSPercent: 0.0460836 %
20220312 061505.384 INFO             PET0 PIOc_sync Exit - MemInfo: [malloc] Non-mmapped space allocated:                36171776 Byte
20220312 061505.384 INFO             PET0 PIOc_sync Exit - MemInfo: [malloc] Space allocated in mmapped regions:                0 Byte
20220312 061505.384 INFO             PET0 PIOc_sync Exit - MemInfo: [malloc] Maximum total allocated space:                     0 Byte
20220312 061505.384 INFO             PET0 PIOc_sync Exit - MemInfo: [malloc] Space in freed fastbin blocks:                  1488 Byte
20220312 061505.384 INFO             PET0 PIOc_sync Exit - MemInfo: [malloc] Total allocated space:                      36068272 Byte
20220312 061505.384 INFO             PET0 PIOc_sync Exit - MemInfo: [malloc] Total free space:                             103504 Byte
20220312 061505.384 INFO             PET0 PIOc_sync Exit - MemInfo: [malloc] Top-most, releasable space:                    96192 Byte
20220312 061505.384 INFO             PET0 PIOc_sync Exit - MemInfo: [malloc] Total space in use, mmap + non-mmap:        36068272 Byte
20220312 061505.384 INFO             PET0 PIOc_sync Exit - MemInfo: [malloc] Total space held (mmap + non-mmap):         36171776 Byte
20220312 061505.384 INFO             PET0 PIOc_sync Exit - MemInfo: [malloc] Total space used (mmap + non-mmap):         36077600 Byte
20220312 061505.384 INFO             PET0 PIOc_sync Exit - MemInfo: Wall-clock time since execution start:              0.0196871 seconds
20220312 061505.384 INFO             PET0 PIOc_freedecomp Enter - MemInfo: [/proc/meminfo - SSI]	MemTotal:       65507008 kB
20220312 061505.384 INFO             PET0 PIOc_freedecomp Enter - MemInfo: [/proc/meminfo - SSI]	MemFree:        49853056 kB
20220312 061505.384 INFO             PET0 PIOc_freedecomp Enter - MemInfo: [/proc/meminfo - SSI]	MemAvailable:   49603948 kB
20220312 061505.384 INFO             PET0 PIOc_freedecomp Enter - MemInfo: [/proc/meminfo - SSI]	Committed_AS:   13251596 kB
20220312 061505.384 INFO             PET0 PIOc_freedecomp Enter - MemInfo: [/proc/meminfo - SSI]	CommittedPercent: 20.2293 %
20220312 061505.384 INFO             PET0 PIOc_freedecomp Enter - MemInfo: [/proc/self/status]	VmPeak:	  142788 kB
20220312 061505.384 INFO             PET0 PIOc_freedecomp Enter - MemInfo: [/proc/self/status]	VmSize:	  142788 kB
20220312 061505.384 INFO             PET0 PIOc_freedecomp Enter - MemInfo: [/proc/self/status]	VmLck:	       0 kB
20220312 061505.384 INFO             PET0 PIOc_freedecomp Enter - MemInfo: [/proc/self/status]	VmPin:	       0 kB
20220312 061505.384 INFO             PET0 PIOc_freedecomp Enter - MemInfo: [/proc/self/status]	VmHWM:	   30188 kB
20220312 061505.384 INFO             PET0 PIOc_freedecomp Enter - MemInfo: [/proc/self/status]	VmRSS:	   30188 kB
20220312 061505.384 INFO             PET0 PIOc_freedecomp Enter - MemInfo: [/proc/self/status]	VmData:	   38660 kB
20220312 061505.384 INFO             PET0 PIOc_freedecomp Enter - MemInfo: [/proc/self/status]	VmStk:	     144 kB
20220312 061505.384 INFO             PET0 PIOc_freedecomp Enter - MemInfo: [/proc/self/status]	VmExe:	     292 kB
20220312 061505.384 INFO             PET0 PIOc_freedecomp Enter - MemInfo: [/proc/self/status]	VmLib:	   39752 kB
20220312 061505.384 INFO             PET0 PIOc_freedecomp Enter - MemInfo: [/proc/self/status]	VmPTE:	     252 kB
20220312 061505.384 INFO             PET0 PIOc_freedecomp Enter - MemInfo: [/proc/self/status]	VmPMD:	      12 kB
20220312 061505.384 INFO             PET0 PIOc_freedecomp Enter - MemInfo: [/proc/self/status]	VmSwap:	       0 kB
20220312 061505.384 INFO             PET0 PIOc_freedecomp Enter - MemInfo: [/proc/self/status]	VmRSSPercent: 0.0460836 %
20220312 061505.384 INFO             PET0 PIOc_freedecomp Enter - MemInfo: [malloc] Non-mmapped space allocated:                36171776 Byte
20220312 061505.384 INFO             PET0 PIOc_freedecomp Enter - MemInfo: [malloc] Space allocated in mmapped regions:                0 Byte
20220312 061505.384 INFO             PET0 PIOc_freedecomp Enter - MemInfo: [malloc] Maximum total allocated space:                     0 Byte
20220312 061505.384 INFO             PET0 PIOc_freedecomp Enter - MemInfo: [malloc] Space in freed fastbin blocks:                   976 Byte
20220312 061505.384 INFO             PET0 PIOc_freedecomp Enter - MemInfo: [malloc] Total allocated space:                      18753312 Byte
20220312 061505.384 INFO             PET0 PIOc_freedecomp Enter - MemInfo: [malloc] Total free space:                           17418464 Byte
20220312 061505.384 INFO             PET0 PIOc_freedecomp Enter - MemInfo: [malloc] Top-most, releasable space:                    96192 Byte
20220312 061505.384 INFO             PET0 PIOc_freedecomp Enter - MemInfo: [malloc] Total space in use, mmap + non-mmap:        18753312 Byte
20220312 061505.384 INFO             PET0 PIOc_freedecomp Enter - MemInfo: [malloc] Total space held (mmap + non-mmap):         36171776 Byte
20220312 061505.384 INFO             PET0 PIOc_freedecomp Enter - MemInfo: [malloc] Total space used (mmap + non-mmap):         18762640 Byte
20220312 061505.384 INFO             PET0 PIOc_freedecomp Enter - MemInfo: Wall-clock time since execution start:              0.0200824 seconds
20220312 061505.385 INFO             PET0 PIOc_freedecomp Exit - MemInfo: [/proc/meminfo - SSI]	MemTotal:       65507008 kB
20220312 061505.385 INFO             PET0 PIOc_freedecomp Exit - MemInfo: [/proc/meminfo - SSI]	MemFree:        49853056 kB
20220312 061505.385 INFO             PET0 PIOc_freedecomp Exit - MemInfo: [/proc/meminfo - SSI]	MemAvailable:   49603948 kB
20220312 061505.385 INFO             PET0 PIOc_freedecomp Exit - MemInfo: [/proc/meminfo - SSI]	Committed_AS:   13251596 kB
20220312 061505.385 INFO             PET0 PIOc_freedecomp Exit - MemInfo: [/proc/meminfo - SSI]	CommittedPercent: 20.2293 %
20220312 061505.385 INFO             PET0 PIOc_freedecomp Exit - MemInfo: [/proc/self/status]	VmPeak:	  142788 kB
20220312 061505.385 INFO             PET0 PIOc_freedecomp Exit - MemInfo: [/proc/self/status]	VmSize:	  142788 kB
20220312 061505.385 INFO             PET0 PIOc_freedecomp Exit - MemInfo: [/proc/self/status]	VmLck:	       0 kB
20220312 061505.385 INFO             PET0 PIOc_freedecomp Exit - MemInfo: [/proc/self/status]	VmPin:	       0 kB
20220312 061505.385 INFO             PET0 PIOc_freedecomp Exit - MemInfo: [/proc/self/status]	VmHWM:	   30188 kB
20220312 061505.385 INFO             PET0 PIOc_freedecomp Exit - MemInfo: [/proc/self/status]	VmRSS:	   30188 kB
20220312 061505.385 INFO             PET0 PIOc_freedecomp Exit - MemInfo: [/proc/self/status]	VmData:	   38660 kB
20220312 061505.385 INFO             PET0 PIOc_freedecomp Exit - MemInfo: [/proc/self/status]	VmStk:	     144 kB
20220312 061505.385 INFO             PET0 PIOc_freedecomp Exit - MemInfo: [/proc/self/status]	VmExe:	     292 kB
20220312 061505.385 INFO             PET0 PIOc_freedecomp Exit - MemInfo: [/proc/self/status]	VmLib:	   39752 kB
20220312 061505.385 INFO             PET0 PIOc_freedecomp Exit - MemInfo: [/proc/self/status]	VmPTE:	     252 kB
20220312 061505.385 INFO             PET0 PIOc_freedecomp Exit - MemInfo: [/proc/self/status]	VmPMD:	      12 kB
20220312 061505.385 INFO             PET0 PIOc_freedecomp Exit - MemInfo: [/proc/self/status]	VmSwap:	       0 kB
20220312 061505.385 INFO             PET0 PIOc_freedecomp Exit - MemInfo: [/proc/self/status]	VmRSSPercent: 0.0460836 %
20220312 061505.385 INFO             PET0 PIOc_freedecomp Exit - MemInfo: [malloc] Non-mmapped space allocated:                36171776 Byte
20220312 061505.385 INFO             PET0 PIOc_freedecomp Exit - MemInfo: [malloc] Space allocated in mmapped regions:                0 Byte
20220312 061505.385 INFO             PET0 PIOc_freedecomp Exit - MemInfo: [malloc] Maximum total allocated space:                     0 Byte
20220312 061505.385 INFO             PET0 PIOc_freedecomp Exit - MemInfo: [malloc] Space in freed fastbin blocks:                   704 Byte
20220312 061505.385 INFO             PET0 PIOc_freedecomp Exit - MemInfo: [malloc] Total allocated space:                      18736096 Byte
20220312 061505.385 INFO             PET0 PIOc_freedecomp Exit - MemInfo: [malloc] Total free space:                           17435680 Byte
20220312 061505.385 INFO             PET0 PIOc_freedecomp Exit - MemInfo: [malloc] Top-most, releasable space:                   126304 Byte
20220312 061505.385 INFO             PET0 PIOc_freedecomp Exit - MemInfo: [malloc] Total space in use, mmap + non-mmap:        18736096 Byte
20220312 061505.385 INFO             PET0 PIOc_freedecomp Exit - MemInfo: [malloc] Total space held (mmap + non-mmap):         36171776 Byte
20220312 061505.385 INFO             PET0 PIOc_freedecomp Exit - MemInfo: [malloc] Total space used (mmap + non-mmap):         18745424 Byte
20220312 061505.385 INFO             PET0 PIOc_freedecomp Exit - MemInfo: Wall-clock time since execution start:              0.0204321 seconds
20220312 061505.385 INFO             PET0  PASS  Write ESMF_Array with Halo to NetCDF Test, ESMF_ArrayIOUTest.F90, line 236
20220312 061505.385 WARNING          PET0 ESMCI_PIO_Handler.C:1318 ESMCI::PIO_Handler::open()  Unable to create file: file3D_withhalo.nc, (PIO/NetCDF error = NetCDF: File exists && NC_NOCLOBBER)
20220312 061505.385 ERROR            PET0 ESMCI_PIO_Handler.C:779 ESMCI::PIO_Handler::arrayWrite() Unable to read from file  - file not open
20220312 061505.385 ERROR            PET0 ESMCI_IO.C:736 ESMCI::IO::write() Unable to read from file  - Internal subroutine call returned Error
20220312 061505.385 ERROR            PET0 ESMCI_IO.C:956 ESMCI::IO::close() Unable to close file  - Internal subroutine call returned Error
20220312 061505.385 ERROR            PET0 ESMCI_IO.C:494 ESMCI::IO::write() Unable to read from file  - Internal subroutine call returned Error
20220312 061505.385 ERROR            PET0 ESMCI_Array.C:4093 ESMCI::Array::write() Unable to write to file  - Internal subroutine call returned Error
20220312 061505.385 ERROR            PET0 ESMCI_Array_F.C:801 c_esmc_arraywrite() Unable to write to file  - Internal subroutine call returned Error
20220312 061505.385 ERROR            PET0 ESMF_Array.F90:3994 ESMF_ArrayWrite Unable to write to file  - Internal subroutine call returned Error
20220312 061505.385 INFO             PET0  PASS  Write ESMF_Array with Halo Test overwrite test, ESMF_ArrayIOUTest.F90, line 250
20220312 061505.385 ERROR            PET0 ESMCI_IO_Handler.C:164 ESMCI::IO_Handler::create() Unknown I/O Format
20220312 061505.385 ERROR            PET0 ESMCI_IO.C:469 ESMCI::IO::write() Invalid argument  - Internal subroutine call returned Error
20220312 061505.385 ERROR            PET0 ESMCI_Array.C:4093 ESMCI::Array::write() Invalid argument  - Internal subroutine call returned Error
20220312 061505.385 ERROR            PET0 ESMCI_Array_F.C:801 c_esmc_arraywrite() Invalid argument  - Internal subroutine call returned Error
20220312 061505.385 ERROR            PET0 ESMF_Array.F90:3994 ESMF_ArrayWrite Invalid argument  - Internal subroutine call returned Error
20220312 061505.385 INFO             PET0  PASS  Write ESMF_Array with Halo to binary Test, ESMF_ArrayIOUTest.F90, line 264
20220312 061505.394 INFO             PET0 PIOc_sync Enter - MemInfo: [/proc/meminfo - SSI]	MemTotal:       65507008 kB
20220312 061505.394 INFO             PET0 PIOc_sync Enter - MemInfo: [/proc/meminfo - SSI]	MemFree:        49836928 kB
20220312 061505.394 INFO             PET0 PIOc_sync Enter - MemInfo: [/proc/meminfo - SSI]	MemAvailable:   49587820 kB
20220312 061505.394 INFO             PET0 PIOc_sync Enter - MemInfo: [/proc/meminfo - SSI]	Committed_AS:   13267988 kB
20220312 061505.395 INFO             PET0 PIOc_sync Enter - MemInfo: [/proc/meminfo - SSI]	CommittedPercent: 20.2543 %
20220312 061505.395 INFO             PET0 PIOc_sync Enter - MemInfo: [/proc/self/status]	VmPeak:	  159180 kB
20220312 061505.395 INFO             PET0 PIOc_sync Enter - MemInfo: [/proc/self/status]	VmSize:	  159180 kB
20220312 061505.395 INFO             PET0 PIOc_sync Enter - MemInfo: [/proc/self/status]	VmLck:	       0 kB
20220312 061505.395 INFO             PET0 PIOc_sync Enter - MemInfo: [/proc/self/status]	VmPin:	       0 kB
20220312 061505.395 INFO             PET0 PIOc_sync Enter - MemInfo: [/proc/self/status]	VmHWM:	   46556 kB
20220312 061505.395 INFO             PET0 PIOc_sync Enter - MemInfo: [/proc/self/status]	VmRSS:	   46556 kB
20220312 061505.395 INFO             PET0 PIOc_sync Enter - MemInfo: [/proc/self/status]	VmData:	   55052 kB
20220312 061505.395 INFO             PET0 PIOc_sync Enter - MemInfo: [/proc/self/status]	VmStk:	     144 kB
20220312 061505.395 INFO             PET0 PIOc_sync Enter - MemInfo: [/proc/self/status]	VmExe:	     292 kB
20220312 061505.395 INFO             PET0 PIOc_sync Enter - MemInfo: [/proc/self/status]	VmLib:	   39752 kB
20220312 061505.395 INFO             PET0 PIOc_sync Enter - MemInfo: [/proc/self/status]	VmPTE:	     284 kB
20220312 061505.395 INFO             PET0 PIOc_sync Enter - MemInfo: [/proc/self/status]	VmPMD:	      12 kB
20220312 061505.395 INFO             PET0 PIOc_sync Enter - MemInfo: [/proc/self/status]	VmSwap:	       0 kB
20220312 061505.395 INFO             PET0 PIOc_sync Enter - MemInfo: [/proc/self/status]	VmRSSPercent: 0.0710703 %
20220312 061505.395 INFO             PET0 PIOc_sync Enter - MemInfo: [malloc] Non-mmapped space allocated:                52957184 Byte
20220312 061505.395 INFO             PET0 PIOc_sync Enter - MemInfo: [malloc] Space allocated in mmapped regions:                0 Byte
20220312 061505.395 INFO             PET0 PIOc_sync Enter - MemInfo: [malloc] Maximum total allocated space:                     0 Byte
20220312 061505.395 INFO             PET0 PIOc_sync Enter - MemInfo: [malloc] Space in freed fastbin blocks:                   896 Byte
20220312 061505.395 INFO             PET0 PIOc_sync Enter - MemInfo: [malloc] Total allocated space:                      36058848 Byte
20220312 061505.395 INFO             PET0 PIOc_sync Enter - MemInfo: [malloc] Total free space:                           16898336 Byte
20220312 061505.395 INFO             PET0 PIOc_sync Enter - MemInfo: [malloc] Top-most, releasable space:                   134480 Byte
20220312 061505.395 INFO             PET0 PIOc_sync Enter - MemInfo: [malloc] Total space in use, mmap + non-mmap:        36058848 Byte
20220312 061505.395 INFO             PET0 PIOc_sync Enter - MemInfo: [malloc] Total space held (mmap + non-mmap):         52957184 Byte
20220312 061505.395 INFO             PET0 PIOc_sync Enter - MemInfo: [malloc] Total space used (mmap + non-mmap):         36068176 Byte
20220312 061505.395 INFO             PET0 PIOc_sync Enter - MemInfo: Wall-clock time since execution start:                0.03038 seconds
20220312 061505.395 INFO             PET0 PIOc_sync Exit - MemInfo: [/proc/meminfo - SSI]	MemTotal:       65507008 kB
20220312 061505.395 INFO             PET0 PIOc_sync Exit - MemInfo: [/proc/meminfo - SSI]	MemFree:        49836928 kB
20220312 061505.395 INFO             PET0 PIOc_sync Exit - MemInfo: [/proc/meminfo - SSI]	MemAvailable:   49587820 kB
20220312 061505.395 INFO             PET0 PIOc_sync Exit - MemInfo: [/proc/meminfo - SSI]	Committed_AS:   13267988 kB
20220312 061505.395 INFO             PET0 PIOc_sync Exit - MemInfo: [/proc/meminfo - SSI]	CommittedPercent: 20.2543 %
20220312 061505.395 INFO             PET0 PIOc_sync Exit - MemInfo: [/proc/self/status]	VmPeak:	  159180 kB
20220312 061505.395 INFO             PET0 PIOc_sync Exit - MemInfo: [/proc/self/status]	VmSize:	  159180 kB
20220312 061505.395 INFO             PET0 PIOc_sync Exit - MemInfo: [/proc/self/status]	VmLck:	       0 kB
20220312 061505.395 INFO             PET0 PIOc_sync Exit - MemInfo: [/proc/self/status]	VmPin:	       0 kB
20220312 061505.395 INFO             PET0 PIOc_sync Exit - MemInfo: [/proc/self/status]	VmHWM:	   46556 kB
20220312 061505.395 INFO             PET0 PIOc_sync Exit - MemInfo: [/proc/self/status]	VmRSS:	   46556 kB
20220312 061505.395 INFO             PET0 PIOc_sync Exit - MemInfo: [/proc/self/status]	VmData:	   55052 kB
20220312 061505.395 INFO             PET0 PIOc_sync Exit - MemInfo: [/proc/self/status]	VmStk:	     144 kB
20220312 061505.395 INFO             PET0 PIOc_sync Exit - MemInfo: [/proc/self/status]	VmExe:	     292 kB
20220312 061505.395 INFO             PET0 PIOc_sync Exit - MemInfo: [/proc/self/status]	VmLib:	   39752 kB
20220312 061505.395 INFO             PET0 PIOc_sync Exit - MemInfo: [/proc/self/status]	VmPTE:	     284 kB
20220312 061505.395 INFO             PET0 PIOc_sync Exit - MemInfo: [/proc/self/status]	VmPMD:	      12 kB
20220312 061505.395 INFO             PET0 PIOc_sync Exit - MemInfo: [/proc/self/status]	VmSwap:	       0 kB
20220312 061505.395 INFO             PET0 PIOc_sync Exit - MemInfo: [/proc/self/status]	VmRSSPercent: 0.0710703 %
20220312 061505.395 INFO             PET0 PIOc_sync Exit - MemInfo: [malloc] Non-mmapped space allocated:                52957184 Byte
20220312 061505.395 INFO             PET0 PIOc_sync Exit - MemInfo: [malloc] Space allocated in mmapped regions:                0 Byte
20220312 061505.395 INFO             PET0 PIOc_sync Exit - MemInfo: [malloc] Maximum total allocated space:                     0 Byte
20220312 061505.395 INFO             PET0 PIOc_sync Exit - MemInfo: [malloc] Space in freed fastbin blocks:                  1680 Byte
20220312 061505.395 INFO             PET0 PIOc_sync Exit - MemInfo: [malloc] Total allocated space:                      36060144 Byte
20220312 061505.395 INFO             PET0 PIOc_sync Exit - MemInfo: [malloc] Total free space:                           16897040 Byte
20220312 061505.395 INFO             PET0 PIOc_sync Exit - MemInfo: [malloc] Top-most, releasable space:                   134480 Byte
20220312 061505.395 INFO             PET0 PIOc_sync Exit - MemInfo: [malloc] Total space in use, mmap + non-mmap:        36060144 Byte
20220312 061505.395 INFO             PET0 PIOc_sync Exit - MemInfo: [malloc] Total space held (mmap + non-mmap):         52957184 Byte
20220312 061505.395 INFO             PET0 PIOc_sync Exit - MemInfo: [malloc] Total space used (mmap + non-mmap):         36069472 Byte
20220312 061505.395 INFO             PET0 PIOc_sync Exit - MemInfo: Wall-clock time since execution start:              0.0307933 seconds
20220312 061505.395 INFO             PET0 PIOc_freedecomp Enter - MemInfo: [/proc/meminfo - SSI]	MemTotal:       65507008 kB
20220312 061505.395 INFO             PET0 PIOc_freedecomp Enter - MemInfo: [/proc/meminfo - SSI]	MemFree:        49836928 kB
20220312 061505.395 INFO             PET0 PIOc_freedecomp Enter - MemInfo: [/proc/meminfo - SSI]	MemAvailable:   49587820 kB
20220312 061505.395 INFO             PET0 PIOc_freedecomp Enter - MemInfo: [/proc/meminfo - SSI]	Committed_AS:   13267988 kB
20220312 061505.395 INFO             PET0 PIOc_freedecomp Enter - MemInfo: [/proc/meminfo - SSI]	CommittedPercent: 20.2543 %
20220312 061505.395 INFO             PET0 PIOc_freedecomp Enter - MemInfo: [/proc/self/status]	VmPeak:	  159180 kB
20220312 061505.395 INFO             PET0 PIOc_freedecomp Enter - MemInfo: [/proc/self/status]	VmSize:	  159180 kB
20220312 061505.395 INFO             PET0 PIOc_freedecomp Enter - MemInfo: [/proc/self/status]	VmLck:	       0 kB
20220312 061505.395 INFO             PET0 PIOc_freedecomp Enter - MemInfo: [/proc/self/status]	VmPin:	       0 kB
20220312 061505.395 INFO             PET0 PIOc_freedecomp Enter - MemInfo: [/proc/self/status]	VmHWM:	   46556 kB
20220312 061505.395 INFO             PET0 PIOc_freedecomp Enter - MemInfo: [/proc/self/status]	VmRSS:	   46556 kB
20220312 061505.395 INFO             PET0 PIOc_freedecomp Enter - MemInfo: [/proc/self/status]	VmData:	   55052 kB
20220312 061505.395 INFO             PET0 PIOc_freedecomp Enter - MemInfo: [/proc/self/status]	VmStk:	     144 kB
20220312 061505.395 INFO             PET0 PIOc_freedecomp Enter - MemInfo: [/proc/self/status]	VmExe:	     292 kB
20220312 061505.395 INFO             PET0 PIOc_freedecomp Enter - MemInfo: [/proc/self/status]	VmLib:	   39752 kB
20220312 061505.395 INFO             PET0 PIOc_freedecomp Enter - MemInfo: [/proc/self/status]	VmPTE:	     284 kB
20220312 061505.395 INFO             PET0 PIOc_freedecomp Enter - MemInfo: [/proc/self/status]	VmPMD:	      12 kB
20220312 061505.395 INFO             PET0 PIOc_freedecomp Enter - MemInfo: [/proc/self/status]	VmSwap:	       0 kB
20220312 061505.395 INFO             PET0 PIOc_freedecomp Enter - MemInfo: [/proc/self/status]	VmRSSPercent: 0.0710703 %
20220312 061505.395 INFO             PET0 PIOc_freedecomp Enter - MemInfo: [malloc] Non-mmapped space allocated:                52957184 Byte
20220312 061505.395 INFO             PET0 PIOc_freedecomp Enter - MemInfo: [malloc] Space allocated in mmapped regions:                0 Byte
20220312 061505.395 INFO             PET0 PIOc_freedecomp Enter - MemInfo: [malloc] Maximum total allocated space:                     0 Byte
20220312 061505.395 INFO             PET0 PIOc_freedecomp Enter - MemInfo: [malloc] Space in freed fastbin blocks:                   976 Byte
20220312 061505.396 INFO             PET0 PIOc_freedecomp Enter - MemInfo: [malloc] Total allocated space:                      18745184 Byte
20220312 061505.396 INFO             PET0 PIOc_freedecomp Enter - MemInfo: [malloc] Total free space:                           34212000 Byte
20220312 061505.396 INFO             PET0 PIOc_freedecomp Enter - MemInfo: [malloc] Top-most, releasable space:                 16911712 Byte
20220312 061505.396 INFO             PET0 PIOc_freedecomp Enter - MemInfo: [malloc] Total space in use, mmap + non-mmap:        18745184 Byte
20220312 061505.396 INFO             PET0 PIOc_freedecomp Enter - MemInfo: [malloc] Total space held (mmap + non-mmap):         52957184 Byte
20220312 061505.396 INFO             PET0 PIOc_freedecomp Enter - MemInfo: [malloc] Total space used (mmap + non-mmap):         18754512 Byte
20220312 061505.396 INFO             PET0 PIOc_freedecomp Enter - MemInfo: Wall-clock time since execution start:              0.0311662 seconds
20220312 061505.396 INFO             PET0 PIOc_freedecomp Exit - MemInfo: [/proc/meminfo - SSI]	MemTotal:       65507008 kB
20220312 061505.396 INFO             PET0 PIOc_freedecomp Exit - MemInfo: [/proc/meminfo - SSI]	MemFree:        49836928 kB
20220312 061505.396 INFO             PET0 PIOc_freedecomp Exit - MemInfo: [/proc/meminfo - SSI]	MemAvailable:   49587820 kB
20220312 061505.396 INFO             PET0 PIOc_freedecomp Exit - MemInfo: [/proc/meminfo - SSI]	Committed_AS:   13267988 kB
20220312 061505.396 INFO             PET0 PIOc_freedecomp Exit - MemInfo: [/proc/meminfo - SSI]	CommittedPercent: 20.2543 %
20220312 061505.396 INFO             PET0 PIOc_freedecomp Exit - MemInfo: [/proc/self/status]	VmPeak:	  159180 kB
20220312 061505.396 INFO             PET0 PIOc_freedecomp Exit - MemInfo: [/proc/self/status]	VmSize:	  159180 kB
20220312 061505.396 INFO             PET0 PIOc_freedecomp Exit - MemInfo: [/proc/self/status]	VmLck:	       0 kB
20220312 061505.396 INFO             PET0 PIOc_freedecomp Exit - MemInfo: [/proc/self/status]	VmPin:	       0 kB
20220312 061505.396 INFO             PET0 PIOc_freedecomp Exit - MemInfo: [/proc/self/status]	VmHWM:	   46556 kB
20220312 061505.396 INFO             PET0 PIOc_freedecomp Exit - MemInfo: [/proc/self/status]	VmRSS:	   46556 kB
20220312 061505.396 INFO             PET0 PIOc_freedecomp Exit - MemInfo: [/proc/self/status]	VmData:	   55052 kB
20220312 061505.396 INFO             PET0 PIOc_freedecomp Exit - MemInfo: [/proc/self/status]	VmStk:	     144 kB
20220312 061505.396 INFO             PET0 PIOc_freedecomp Exit - MemInfo: [/proc/self/status]	VmExe:	     292 kB
20220312 061505.396 INFO             PET0 PIOc_freedecomp Exit - MemInfo: [/proc/self/status]	VmLib:	   39752 kB
20220312 061505.396 INFO             PET0 PIOc_freedecomp Exit - MemInfo: [/proc/self/status]	VmPTE:	     284 kB
20220312 061505.396 INFO             PET0 PIOc_freedecomp Exit - MemInfo: [/proc/self/status]	VmPMD:	      12 kB
20220312 061505.396 INFO             PET0 PIOc_freedecomp Exit - MemInfo: [/proc/self/status]	VmSwap:	       0 kB
20220312 061505.396 INFO             PET0 PIOc_freedecomp Exit - MemInfo: [/proc/self/status]	VmRSSPercent: 0.0710703 %
20220312 061505.396 INFO             PET0 PIOc_freedecomp Exit - MemInfo: [malloc] Non-mmapped space allocated:                52957184 Byte
20220312 061505.396 INFO             PET0 PIOc_freedecomp Exit - MemInfo: [malloc] Space allocated in mmapped regions:                0 Byte
20220312 061505.396 INFO             PET0 PIOc_freedecomp Exit - MemInfo: [malloc] Maximum total allocated space:                     0 Byte
20220312 061505.396 INFO             PET0 PIOc_freedecomp Exit - MemInfo: [malloc] Space in freed fastbin blocks:                   704 Byte
20220312 061505.396 INFO             PET0 PIOc_freedecomp Exit - MemInfo: [malloc] Total allocated space:                      18740320 Byte
20220312 061505.396 INFO             PET0 PIOc_freedecomp Exit - MemInfo: [malloc] Total free space:                           34216864 Byte
20220312 061505.396 INFO             PET0 PIOc_freedecomp Exit - MemInfo: [malloc] Top-most, releasable space:                 16911712 Byte
20220312 061505.396 INFO             PET0 PIOc_freedecomp Exit - MemInfo: [malloc] Total space in use, mmap + non-mmap:        18740320 Byte
20220312 061505.396 INFO             PET0 PIOc_freedecomp Exit - MemInfo: [malloc] Total space held (mmap + non-mmap):         52957184 Byte
20220312 061505.396 INFO             PET0 PIOc_freedecomp Exit - MemInfo: [malloc] Total space used (mmap + non-mmap):         18749648 Byte
20220312 061505.396 INFO             PET0 PIOc_freedecomp Exit - MemInfo: Wall-clock time since execution start:              0.0315132 seconds
20220312 061505.396 INFO             PET0  PASS  Write ESMF_Array without Halo to NetCDF Test, ESMF_ArrayIOUTest.F90, line 274
20220312 061505.396 INFO             PET0  PASS  Create Array without Halo for PIO Read, ESMF_ArrayIOUTest.F90, line 288
20220312 061505.396 INFO             PET0  PASS  Create Array with Halo for PIO Read, ESMF_ArrayIOUTest.F90, line 299
20220312 061505.397 INFO             PET0  PASS  Create Array with Halo for PIO Read, ESMF_ArrayIOUTest.F90, line 309
20220312 061505.397 WARNING          PET0 ESMCI_PIO_Handler.C:1343 ESMCI::PIO_Handler::open()  Unable to set fill on file: file3D_wouthalo.nc, (PIO/NetCDF error = NetCDF: Write to read only)
20220312 061505.397 INFO             PET0 PIOc_sync Enter - MemInfo: [/proc/meminfo - SSI]	MemTotal:       65507008 kB
20220312 061505.397 INFO             PET0 PIOc_sync Enter - MemInfo: [/proc/meminfo - SSI]	MemFree:        49836928 kB
20220312 061505.397 INFO             PET0 PIOc_sync Enter - MemInfo: [/proc/meminfo - SSI]	MemAvailable:   49587820 kB
20220312 061505.397 INFO             PET0 PIOc_sync Enter - MemInfo: [/proc/meminfo - SSI]	Committed_AS:   13267988 kB
20220312 061505.397 INFO             PET0 PIOc_sync Enter - MemInfo: [/proc/meminfo - SSI]	CommittedPercent: 20.2543 %
20220312 061505.397 INFO             PET0 PIOc_sync Enter - MemInfo: [/proc/self/status]	VmPeak:	  167368 kB
20220312 061505.398 INFO             PET0 PIOc_sync Enter - MemInfo: [/proc/self/status]	VmSize:	  159180 kB
20220312 061505.398 INFO             PET0 PIOc_sync Enter - MemInfo: [/proc/self/status]	VmLck:	       0 kB
20220312 061505.398 INFO             PET0 PIOc_sync Enter - MemInfo: [/proc/self/status]	VmPin:	       0 kB
20220312 061505.398 INFO             PET0 PIOc_sync Enter - MemInfo: [/proc/self/status]	VmHWM:	   46588 kB
20220312 061505.398 INFO             PET0 PIOc_sync Enter - MemInfo: [/proc/self/status]	VmRSS:	   46588 kB
20220312 061505.398 INFO             PET0 PIOc_sync Enter - MemInfo: [/proc/self/status]	VmData:	   55052 kB
20220312 061505.398 INFO             PET0 PIOc_sync Enter - MemInfo: [/proc/self/status]	VmStk:	     144 kB
20220312 061505.398 INFO             PET0 PIOc_sync Enter - MemInfo: [/proc/self/status]	VmExe:	     292 kB
20220312 061505.398 INFO             PET0 PIOc_sync Enter - MemInfo: [/proc/self/status]	VmLib:	   39752 kB
20220312 061505.398 INFO             PET0 PIOc_sync Enter - MemInfo: [/proc/self/status]	VmPTE:	     284 kB
20220312 061505.398 INFO             PET0 PIOc_sync Enter - MemInfo: [/proc/self/status]	VmPMD:	      12 kB
20220312 061505.398 INFO             PET0 PIOc_sync Enter - MemInfo: [/proc/self/status]	VmSwap:	       0 kB
20220312 061505.398 INFO             PET0 PIOc_sync Enter - MemInfo: [/proc/self/status]	VmRSSPercent: 0.0711191 %
20220312 061505.398 INFO             PET0 PIOc_sync Enter - MemInfo: [malloc] Non-mmapped space allocated:                52957184 Byte
20220312 061505.398 INFO             PET0 PIOc_sync Enter - MemInfo: [malloc] Space allocated in mmapped regions:                0 Byte
20220312 061505.398 INFO             PET0 PIOc_sync Enter - MemInfo: [malloc] Maximum total allocated space:                     0 Byte
20220312 061505.398 INFO             PET0 PIOc_sync Enter - MemInfo: [malloc] Space in freed fastbin blocks:                  1728 Byte
20220312 061505.398 INFO             PET0 PIOc_sync Enter - MemInfo: [malloc] Total allocated space:                      36100080 Byte
20220312 061505.398 INFO             PET0 PIOc_sync Enter - MemInfo: [malloc] Total free space:                           16857104 Byte
20220312 061505.398 INFO             PET0 PIOc_sync Enter - MemInfo: [malloc] Top-most, releasable space:                   134480 Byte
20220312 061505.398 INFO             PET0 PIOc_sync Enter - MemInfo: [malloc] Total space in use, mmap + non-mmap:        36100080 Byte
20220312 061505.398 INFO             PET0 PIOc_sync Enter - MemInfo: [malloc] Total space held (mmap + non-mmap):         52957184 Byte
20220312 061505.398 INFO             PET0 PIOc_sync Enter - MemInfo: [malloc] Total space used (mmap + non-mmap):         36109408 Byte
20220312 061505.398 INFO             PET0 PIOc_sync Enter - MemInfo: Wall-clock time since execution start:              0.0333308 seconds
20220312 061505.398 INFO             PET0 PIOc_sync Exit - MemInfo: [/proc/meminfo - SSI]	MemTotal:       65507008 kB
20220312 061505.398 INFO             PET0 PIOc_sync Exit - MemInfo: [/proc/meminfo - SSI]	MemFree:        49836928 kB
20220312 061505.398 INFO             PET0 PIOc_sync Exit - MemInfo: [/proc/meminfo - SSI]	MemAvailable:   49587820 kB
20220312 061505.398 INFO             PET0 PIOc_sync Exit - MemInfo: [/proc/meminfo - SSI]	Committed_AS:   13267988 kB
20220312 061505.398 INFO             PET0 PIOc_sync Exit - MemInfo: [/proc/meminfo - SSI]	CommittedPercent: 20.2543 %
20220312 061505.398 INFO             PET0 PIOc_sync Exit - MemInfo: [/proc/self/status]	VmPeak:	  167368 kB
20220312 061505.398 INFO             PET0 PIOc_sync Exit - MemInfo: [/proc/self/status]	VmSize:	  159180 kB
20220312 061505.398 INFO             PET0 PIOc_sync Exit - MemInfo: [/proc/self/status]	VmLck:	       0 kB
20220312 061505.398 INFO             PET0 PIOc_sync Exit - MemInfo: [/proc/self/status]	VmPin:	       0 kB
20220312 061505.398 INFO             PET0 PIOc_sync Exit - MemInfo: [/proc/self/status]	VmHWM:	   46588 kB
20220312 061505.398 INFO             PET0 PIOc_sync Exit - MemInfo: [/proc/self/status]	VmRSS:	   46588 kB
20220312 061505.398 INFO             PET0 PIOc_sync Exit - MemInfo: [/proc/self/status]	VmData:	   55052 kB
20220312 061505.398 INFO             PET0 PIOc_sync Exit - MemInfo: [/proc/self/status]	VmStk:	     144 kB
20220312 061505.398 INFO             PET0 PIOc_sync Exit - MemInfo: [/proc/self/status]	VmExe:	     292 kB
20220312 061505.398 INFO             PET0 PIOc_sync Exit - MemInfo: [/proc/self/status]	VmLib:	   39752 kB
20220312 061505.398 INFO             PET0 PIOc_sync Exit - MemInfo: [/proc/self/status]	VmPTE:	     284 kB
20220312 061505.398 INFO             PET0 PIOc_sync Exit - MemInfo: [/proc/self/status]	VmPMD:	      12 kB
20220312 061505.398 INFO             PET0 PIOc_sync Exit - MemInfo: [/proc/self/status]	VmSwap:	       0 kB
20220312 061505.398 INFO             PET0 PIOc_sync Exit - MemInfo: [/proc/self/status]	VmRSSPercent: 0.0711191 %
20220312 061505.398 INFO             PET0 PIOc_sync Exit - MemInfo: [malloc] Non-mmapped space allocated:                52957184 Byte
20220312 061505.398 INFO             PET0 PIOc_sync Exit - MemInfo: [malloc] Space allocated in mmapped regions:                0 Byte
20220312 061505.398 INFO             PET0 PIOc_sync Exit - MemInfo: [malloc] Maximum total allocated space:                     0 Byte
20220312 061505.398 INFO             PET0 PIOc_sync Exit - MemInfo: [malloc] Space in freed fastbin blocks:                  1152 Byte
20220312 061505.398 INFO             PET0 PIOc_sync Exit - MemInfo: [malloc] Total allocated space:                      36100080 Byte
20220312 061505.398 INFO             PET0 PIOc_sync Exit - MemInfo: [malloc] Total free space:                           16857104 Byte
20220312 061505.398 INFO             PET0 PIOc_sync Exit - MemInfo: [malloc] Top-most, releasable space:                   134480 Byte
20220312 061505.398 INFO             PET0 PIOc_sync Exit - MemInfo: [malloc] Total space in use, mmap + non-mmap:        36100080 Byte
20220312 061505.398 INFO             PET0 PIOc_sync Exit - MemInfo: [malloc] Total space held (mmap + non-mmap):         52957184 Byte
20220312 061505.398 INFO             PET0 PIOc_sync Exit - MemInfo: [malloc] Total space used (mmap + non-mmap):         36109408 Byte
20220312 061505.398 INFO             PET0 PIOc_sync Exit - MemInfo: Wall-clock time since execution start:              0.0336879 seconds
20220312 061505.398 INFO             PET0 PIOc_freedecomp Enter - MemInfo: [/proc/meminfo - SSI]	MemTotal:       65507008 kB
20220312 061505.398 INFO             PET0 PIOc_freedecomp Enter - MemInfo: [/proc/meminfo - SSI]	MemFree:        49836928 kB
20220312 061505.398 INFO             PET0 PIOc_freedecomp Enter - MemInfo: [/proc/meminfo - SSI]	MemAvailable:   49587820 kB
20220312 061505.398 INFO             PET0 PIOc_freedecomp Enter - MemInfo: [/proc/meminfo - SSI]	Committed_AS:   13267988 kB
20220312 061505.398 INFO             PET0 PIOc_freedecomp Enter - MemInfo: [/proc/meminfo - SSI]	CommittedPercent: 20.2543 %
20220312 061505.398 INFO             PET0 PIOc_freedecomp Enter - MemInfo: [/proc/self/status]	VmPeak:	  167368 kB
20220312 061505.398 INFO             PET0 PIOc_freedecomp Enter - MemInfo: [/proc/self/status]	VmSize:	  159180 kB
20220312 061505.398 INFO             PET0 PIOc_freedecomp Enter - MemInfo: [/proc/self/status]	VmLck:	       0 kB
20220312 061505.398 INFO             PET0 PIOc_freedecomp Enter - MemInfo: [/proc/self/status]	VmPin:	       0 kB
20220312 061505.398 INFO             PET0 PIOc_freedecomp Enter - MemInfo: [/proc/self/status]	VmHWM:	   46588 kB
20220312 061505.398 INFO             PET0 PIOc_freedecomp Enter - MemInfo: [/proc/self/status]	VmRSS:	   46588 kB
20220312 061505.398 INFO             PET0 PIOc_freedecomp Enter - MemInfo: [/proc/self/status]	VmData:	   55052 kB
20220312 061505.398 INFO             PET0 PIOc_freedecomp Enter - MemInfo: [/proc/self/status]	VmStk:	     144 kB
20220312 061505.398 INFO             PET0 PIOc_freedecomp Enter - MemInfo: [/proc/self/status]	VmExe:	     292 kB
20220312 061505.398 INFO             PET0 PIOc_freedecomp Enter - MemInfo: [/proc/self/status]	VmLib:	   39752 kB
20220312 061505.398 INFO             PET0 PIOc_freedecomp Enter - MemInfo: [/proc/self/status]	VmPTE:	     284 kB
20220312 061505.398 INFO             PET0 PIOc_freedecomp Enter - MemInfo: [/proc/self/status]	VmPMD:	      12 kB
20220312 061505.398 INFO             PET0 PIOc_freedecomp Enter - MemInfo: [/proc/self/status]	VmSwap:	       0 kB
20220312 061505.398 INFO             PET0 PIOc_freedecomp Enter - MemInfo: [/proc/self/status]	VmRSSPercent: 0.0711191 %
20220312 061505.398 INFO             PET0 PIOc_freedecomp Enter - MemInfo: [malloc] Non-mmapped space allocated:                52957184 Byte
20220312 061505.398 INFO             PET0 PIOc_freedecomp Enter - MemInfo: [malloc] Space allocated in mmapped regions:                0 Byte
20220312 061505.398 INFO             PET0 PIOc_freedecomp Enter - MemInfo: [malloc] Maximum total allocated space:                     0 Byte
20220312 061505.398 INFO             PET0 PIOc_freedecomp Enter - MemInfo: [malloc] Space in freed fastbin blocks:                  1152 Byte
20220312 061505.398 INFO             PET0 PIOc_freedecomp Enter - MemInfo: [malloc] Total allocated space:                      18785200 Byte
20220312 061505.398 INFO             PET0 PIOc_freedecomp Enter - MemInfo: [malloc] Total free space:                           34171984 Byte
20220312 061505.398 INFO             PET0 PIOc_freedecomp Enter - MemInfo: [malloc] Top-most, releasable space:                 16911712 Byte
20220312 061505.398 INFO             PET0 PIOc_freedecomp Enter - MemInfo: [malloc] Total space in use, mmap + non-mmap:        18785200 Byte
20220312 061505.398 INFO             PET0 PIOc_freedecomp Enter - MemInfo: [malloc] Total space held (mmap + non-mmap):         52957184 Byte
20220312 061505.398 INFO             PET0 PIOc_freedecomp Enter - MemInfo: [malloc] Total space used (mmap + non-mmap):         18794528 Byte
20220312 061505.398 INFO             PET0 PIOc_freedecomp Enter - MemInfo: Wall-clock time since execution start:              0.0340673 seconds
20220312 061505.399 INFO             PET0 PIOc_freedecomp Exit - MemInfo: [/proc/meminfo - SSI]	MemTotal:       65507008 kB
20220312 061505.399 INFO             PET0 PIOc_freedecomp Exit - MemInfo: [/proc/meminfo - SSI]	MemFree:        49836928 kB
20220312 061505.399 INFO             PET0 PIOc_freedecomp Exit - MemInfo: [/proc/meminfo - SSI]	MemAvailable:   49587820 kB
20220312 061505.399 INFO             PET0 PIOc_freedecomp Exit - MemInfo: [/proc/meminfo - SSI]	Committed_AS:   13267988 kB
20220312 061505.399 INFO             PET0 PIOc_freedecomp Exit - MemInfo: [/proc/meminfo - SSI]	CommittedPercent: 20.2543 %
20220312 061505.399 INFO             PET0 PIOc_freedecomp Exit - MemInfo: [/proc/self/status]	VmPeak:	  167368 kB
20220312 061505.399 INFO             PET0 PIOc_freedecomp Exit - MemInfo: [/proc/self/status]	VmSize:	  159180 kB
20220312 061505.399 INFO             PET0 PIOc_freedecomp Exit - MemInfo: [/proc/self/status]	VmLck:	       0 kB
20220312 061505.399 INFO             PET0 PIOc_freedecomp Exit - MemInfo: [/proc/self/status]	VmPin:	       0 kB
20220312 061505.399 INFO             PET0 PIOc_freedecomp Exit - MemInfo: [/proc/self/status]	VmHWM:	   46588 kB
20220312 061505.399 INFO             PET0 PIOc_freedecomp Exit - MemInfo: [/proc/self/status]	VmRSS:	   46588 kB
20220312 061505.399 INFO             PET0 PIOc_freedecomp Exit - MemInfo: [/proc/self/status]	VmData:	   55052 kB
20220312 061505.399 INFO             PET0 PIOc_freedecomp Exit - MemInfo: [/proc/self/status]	VmStk:	     144 kB
20220312 061505.399 INFO             PET0 PIOc_freedecomp Exit - MemInfo: [/proc/self/status]	VmExe:	     292 kB
20220312 061505.399 INFO             PET0 PIOc_freedecomp Exit - MemInfo: [/proc/self/status]	VmLib:	   39752 kB
20220312 061505.399 INFO             PET0 PIOc_freedecomp Exit - MemInfo: [/proc/self/status]	VmPTE:	     284 kB
20220312 061505.399 INFO             PET0 PIOc_freedecomp Exit - MemInfo: [/proc/self/status]	VmPMD:	      12 kB
20220312 061505.399 INFO             PET0 PIOc_freedecomp Exit - MemInfo: [/proc/self/status]	VmSwap:	       0 kB
20220312 061505.399 INFO             PET0 PIOc_freedecomp Exit - MemInfo: [/proc/self/status]	VmRSSPercent: 0.0711191 %
20220312 061505.399 INFO             PET0 PIOc_freedecomp Exit - MemInfo: [malloc] Non-mmapped space allocated:                52957184 Byte
20220312 061505.399 INFO             PET0 PIOc_freedecomp Exit - MemInfo: [malloc] Space allocated in mmapped regions:                0 Byte
20220312 061505.399 INFO             PET0 PIOc_freedecomp Exit - MemInfo: [malloc] Maximum total allocated space:                     0 Byte
20220312 061505.399 INFO             PET0 PIOc_freedecomp Exit - MemInfo: [malloc] Space in freed fastbin blocks:                   704 Byte
20220312 061505.399 INFO             PET0 PIOc_freedecomp Exit - MemInfo: [malloc] Total allocated space:                      18780336 Byte
20220312 061505.399 INFO             PET0 PIOc_freedecomp Exit - MemInfo: [malloc] Total free space:                           34176848 Byte
20220312 061505.399 INFO             PET0 PIOc_freedecomp Exit - MemInfo: [malloc] Top-most, releasable space:                 16911712 Byte
20220312 061505.399 INFO             PET0 PIOc_freedecomp Exit - MemInfo: [malloc] Total space in use, mmap + non-mmap:        18780336 Byte
20220312 061505.399 INFO             PET0 PIOc_freedecomp Exit - MemInfo: [malloc] Total space held (mmap + non-mmap):         52957184 Byte
20220312 061505.399 INFO             PET0 PIOc_freedecomp Exit - MemInfo: [malloc] Total space used (mmap + non-mmap):         18789664 Byte
20220312 061505.399 INFO             PET0 PIOc_freedecomp Exit - MemInfo: Wall-clock time since execution start:              0.0344121 seconds
20220312 061505.399 INFO             PET0  PASS  Read ESMF_Array without Halo from NetCDF file Test, ESMF_ArrayIOUTest.F90, line 330
20220312 061505.399 INFO             PET0  PASS  Compare read in data to the existing data - 3D without halo, ESMF_ArrayIOUTest.F90, line 353
20220312 061505.399 WARNING          PET0 ESMCI_PIO_Handler.C:1343 ESMCI::PIO_Handler::open()  Unable to set fill on file: file3D_withhalo.nc, (PIO/NetCDF error = NetCDF: Write to read only)
20220312 061505.400 INFO             PET0 PIOc_sync Enter - MemInfo: [/proc/meminfo - SSI]	MemTotal:       65507008 kB
20220312 061505.400 INFO             PET0 PIOc_sync Enter - MemInfo: [/proc/meminfo - SSI]	MemFree:        49836424 kB
20220312 061505.400 INFO             PET0 PIOc_sync Enter - MemInfo: [/proc/meminfo - SSI]	MemAvailable:   49587316 kB
20220312 061505.400 INFO             PET0 PIOc_sync Enter - MemInfo: [/proc/meminfo - SSI]	Committed_AS:   13267988 kB
20220312 061505.400 INFO             PET0 PIOc_sync Enter - MemInfo: [/proc/meminfo - SSI]	CommittedPercent: 20.2543 %
20220312 061505.400 INFO             PET0 PIOc_sync Enter - MemInfo: [/proc/self/status]	VmPeak:	  167368 kB
20220312 061505.400 INFO             PET0 PIOc_sync Enter - MemInfo: [/proc/self/status]	VmSize:	  159180 kB
20220312 061505.400 INFO             PET0 PIOc_sync Enter - MemInfo: [/proc/self/status]	VmLck:	       0 kB
20220312 061505.400 INFO             PET0 PIOc_sync Enter - MemInfo: [/proc/self/status]	VmPin:	       0 kB
20220312 061505.400 INFO             PET0 PIOc_sync Enter - MemInfo: [/proc/self/status]	VmHWM:	   46596 kB
20220312 061505.400 INFO             PET0 PIOc_sync Enter - MemInfo: [/proc/self/status]	VmRSS:	   46596 kB
20220312 061505.400 INFO             PET0 PIOc_sync Enter - MemInfo: [/proc/self/status]	VmData:	   55052 kB
20220312 061505.400 INFO             PET0 PIOc_sync Enter - MemInfo: [/proc/self/status]	VmStk:	     144 kB
20220312 061505.400 INFO             PET0 PIOc_sync Enter - MemInfo: [/proc/self/status]	VmExe:	     292 kB
20220312 061505.400 INFO             PET0 PIOc_sync Enter - MemInfo: [/proc/self/status]	VmLib:	   39752 kB
20220312 061505.400 INFO             PET0 PIOc_sync Enter - MemInfo: [/proc/self/status]	VmPTE:	     284 kB
20220312 061505.400 INFO             PET0 PIOc_sync Enter - MemInfo: [/proc/self/status]	VmPMD:	      12 kB
20220312 061505.400 INFO             PET0 PIOc_sync Enter - MemInfo: [/proc/self/status]	VmSwap:	       0 kB
20220312 061505.400 INFO             PET0 PIOc_sync Enter - MemInfo: [/proc/self/status]	VmRSSPercent: 0.0711313 %
20220312 061505.400 INFO             PET0 PIOc_sync Enter - MemInfo: [malloc] Non-mmapped space allocated:                52957184 Byte
20220312 061505.400 INFO             PET0 PIOc_sync Enter - MemInfo: [malloc] Space allocated in mmapped regions:                0 Byte
20220312 061505.400 INFO             PET0 PIOc_sync Enter - MemInfo: [malloc] Maximum total allocated space:                     0 Byte
20220312 061505.400 INFO             PET0 PIOc_sync Enter - MemInfo: [malloc] Space in freed fastbin blocks:                  1072 Byte
20220312 061505.400 INFO             PET0 PIOc_sync Enter - MemInfo: [malloc] Total allocated space:                      36112432 Byte
20220312 061505.400 INFO             PET0 PIOc_sync Enter - MemInfo: [malloc] Total free space:                           16844752 Byte
20220312 061505.400 INFO             PET0 PIOc_sync Enter - MemInfo: [malloc] Top-most, releasable space:                   134480 Byte
20220312 061505.400 INFO             PET0 PIOc_sync Enter - MemInfo: [malloc] Total space in use, mmap + non-mmap:        36112432 Byte
20220312 061505.400 INFO             PET0 PIOc_sync Enter - MemInfo: [malloc] Total space held (mmap + non-mmap):         52957184 Byte
20220312 061505.400 INFO             PET0 PIOc_sync Enter - MemInfo: [malloc] Total space used (mmap + non-mmap):         36121760 Byte
20220312 061505.400 INFO             PET0 PIOc_sync Enter - MemInfo: Wall-clock time since execution start:              0.0357589 seconds
20220312 061505.400 INFO             PET0 PIOc_sync Exit - MemInfo: [/proc/meminfo - SSI]	MemTotal:       65507008 kB
20220312 061505.400 INFO             PET0 PIOc_sync Exit - MemInfo: [/proc/meminfo - SSI]	MemFree:        49836424 kB
20220312 061505.400 INFO             PET0 PIOc_sync Exit - MemInfo: [/proc/meminfo - SSI]	MemAvailable:   49587316 kB
20220312 061505.400 INFO             PET0 PIOc_sync Exit - MemInfo: [/proc/meminfo - SSI]	Committed_AS:   13267988 kB
20220312 061505.400 INFO             PET0 PIOc_sync Exit - MemInfo: [/proc/meminfo - SSI]	CommittedPercent: 20.2543 %
20220312 061505.400 INFO             PET0 PIOc_sync Exit - MemInfo: [/proc/self/status]	VmPeak:	  167368 kB
20220312 061505.400 INFO             PET0 PIOc_sync Exit - MemInfo: [/proc/self/status]	VmSize:	  159180 kB
20220312 061505.400 INFO             PET0 PIOc_sync Exit - MemInfo: [/proc/self/status]	VmLck:	       0 kB
20220312 061505.400 INFO             PET0 PIOc_sync Exit - MemInfo: [/proc/self/status]	VmPin:	       0 kB
20220312 061505.400 INFO             PET0 PIOc_sync Exit - MemInfo: [/proc/self/status]	VmHWM:	   46596 kB
20220312 061505.400 INFO             PET0 PIOc_sync Exit - MemInfo: [/proc/self/status]	VmRSS:	   46596 kB
20220312 061505.400 INFO             PET0 PIOc_sync Exit - MemInfo: [/proc/self/status]	VmData:	   55052 kB
20220312 061505.400 INFO             PET0 PIOc_sync Exit - MemInfo: [/proc/self/status]	VmStk:	     144 kB
20220312 061505.400 INFO             PET0 PIOc_sync Exit - MemInfo: [/proc/self/status]	VmExe:	     292 kB
20220312 061505.400 INFO             PET0 PIOc_sync Exit - MemInfo: [/proc/self/status]	VmLib:	   39752 kB
20220312 061505.400 INFO             PET0 PIOc_sync Exit - MemInfo: [/proc/self/status]	VmPTE:	     284 kB
20220312 061505.400 INFO             PET0 PIOc_sync Exit - MemInfo: [/proc/self/status]	VmPMD:	      12 kB
20220312 061505.400 INFO             PET0 PIOc_sync Exit - MemInfo: [/proc/self/status]	VmSwap:	       0 kB
20220312 061505.400 INFO             PET0 PIOc_sync Exit - MemInfo: [/proc/self/status]	VmRSSPercent: 0.0711313 %
20220312 061505.400 INFO             PET0 PIOc_sync Exit - MemInfo: [malloc] Non-mmapped space allocated:                52957184 Byte
20220312 061505.400 INFO             PET0 PIOc_sync Exit - MemInfo: [malloc] Space allocated in mmapped regions:                0 Byte
20220312 061505.400 INFO             PET0 PIOc_sync Exit - MemInfo: [malloc] Maximum total allocated space:                     0 Byte
20220312 061505.400 INFO             PET0 PIOc_sync Exit - MemInfo: [malloc] Space in freed fastbin blocks:                  1152 Byte
20220312 061505.400 INFO             PET0 PIOc_sync Exit - MemInfo: [malloc] Total allocated space:                      36112432 Byte
20220312 061505.400 INFO             PET0 PIOc_sync Exit - MemInfo: [malloc] Total free space:                           16844752 Byte
20220312 061505.400 INFO             PET0 PIOc_sync Exit - MemInfo: [malloc] Top-most, releasable space:                   134480 Byte
20220312 061505.400 INFO             PET0 PIOc_sync Exit - MemInfo: [malloc] Total space in use, mmap + non-mmap:        36112432 Byte
20220312 061505.400 INFO             PET0 PIOc_sync Exit - MemInfo: [malloc] Total space held (mmap + non-mmap):         52957184 Byte
20220312 061505.401 INFO             PET0 PIOc_sync Exit - MemInfo: [malloc] Total space used (mmap + non-mmap):         36121760 Byte
20220312 061505.401 INFO             PET0 PIOc_sync Exit - MemInfo: Wall-clock time since execution start:              0.0361167 seconds
20220312 061505.401 INFO             PET0 PIOc_freedecomp Enter - MemInfo: [/proc/meminfo - SSI]	MemTotal:       65507008 kB
20220312 061505.401 INFO             PET0 PIOc_freedecomp Enter - MemInfo: [/proc/meminfo - SSI]	MemFree:        49836424 kB
20220312 061505.401 INFO             PET0 PIOc_freedecomp Enter - MemInfo: [/proc/meminfo - SSI]	MemAvailable:   49587316 kB
20220312 061505.401 INFO             PET0 PIOc_freedecomp Enter - MemInfo: [/proc/meminfo - SSI]	Committed_AS:   13267988 kB
20220312 061505.401 INFO             PET0 PIOc_freedecomp Enter - MemInfo: [/proc/meminfo - SSI]	CommittedPercent: 20.2543 %
20220312 061505.401 INFO             PET0 PIOc_freedecomp Enter - MemInfo: [/proc/self/status]	VmPeak:	  167368 kB
20220312 061505.401 INFO             PET0 PIOc_freedecomp Enter - MemInfo: [/proc/self/status]	VmSize:	  159180 kB
20220312 061505.401 INFO             PET0 PIOc_freedecomp Enter - MemInfo: [/proc/self/status]	VmLck:	       0 kB
20220312 061505.401 INFO             PET0 PIOc_freedecomp Enter - MemInfo: [/proc/self/status]	VmPin:	       0 kB
20220312 061505.401 INFO             PET0 PIOc_freedecomp Enter - MemInfo: [/proc/self/status]	VmHWM:	   46596 kB
20220312 061505.401 INFO             PET0 PIOc_freedecomp Enter - MemInfo: [/proc/self/status]	VmRSS:	   46596 kB
20220312 061505.401 INFO             PET0 PIOc_freedecomp Enter - MemInfo: [/proc/self/status]	VmData:	   55052 kB
20220312 061505.401 INFO             PET0 PIOc_freedecomp Enter - MemInfo: [/proc/self/status]	VmStk:	     144 kB
20220312 061505.401 INFO             PET0 PIOc_freedecomp Enter - MemInfo: [/proc/self/status]	VmExe:	     292 kB
20220312 061505.401 INFO             PET0 PIOc_freedecomp Enter - MemInfo: [/proc/self/status]	VmLib:	   39752 kB
20220312 061505.401 INFO             PET0 PIOc_freedecomp Enter - MemInfo: [/proc/self/status]	VmPTE:	     284 kB
20220312 061505.401 INFO             PET0 PIOc_freedecomp Enter - MemInfo: [/proc/self/status]	VmPMD:	      12 kB
20220312 061505.401 INFO             PET0 PIOc_freedecomp Enter - MemInfo: [/proc/self/status]	VmSwap:	       0 kB
20220312 061505.401 INFO             PET0 PIOc_freedecomp Enter - MemInfo: [/proc/self/status]	VmRSSPercent: 0.0711313 %
20220312 061505.401 INFO             PET0 PIOc_freedecomp Enter - MemInfo: [malloc] Non-mmapped space allocated:                52957184 Byte
20220312 061505.401 INFO             PET0 PIOc_freedecomp Enter - MemInfo: [malloc] Space allocated in mmapped regions:                0 Byte
20220312 061505.401 INFO             PET0 PIOc_freedecomp Enter - MemInfo: [malloc] Maximum total allocated space:                     0 Byte
20220312 061505.401 INFO             PET0 PIOc_freedecomp Enter - MemInfo: [malloc] Space in freed fastbin blocks:                  1040 Byte
20220312 061505.401 INFO             PET0 PIOc_freedecomp Enter - MemInfo: [malloc] Total allocated space:                      18797552 Byte
20220312 061505.401 INFO             PET0 PIOc_freedecomp Enter - MemInfo: [malloc] Total free space:                           34159632 Byte
20220312 061505.401 INFO             PET0 PIOc_freedecomp Enter - MemInfo: [malloc] Top-most, releasable space:                 16911712 Byte
20220312 061505.401 INFO             PET0 PIOc_freedecomp Enter - MemInfo: [malloc] Total space in use, mmap + non-mmap:        18797552 Byte
20220312 061505.401 INFO             PET0 PIOc_freedecomp Enter - MemInfo: [malloc] Total space held (mmap + non-mmap):         52957184 Byte
20220312 061505.401 INFO             PET0 PIOc_freedecomp Enter - MemInfo: [malloc] Total space used (mmap + non-mmap):         18806880 Byte
20220312 061505.401 INFO             PET0 PIOc_freedecomp Enter - MemInfo: Wall-clock time since execution start:              0.0364874 seconds
20220312 061505.401 INFO             PET0 PIOc_freedecomp Exit - MemInfo: [/proc/meminfo - SSI]	MemTotal:       65507008 kB
20220312 061505.401 INFO             PET0 PIOc_freedecomp Exit - MemInfo: [/proc/meminfo - SSI]	MemFree:        49836424 kB
20220312 061505.401 INFO             PET0 PIOc_freedecomp Exit - MemInfo: [/proc/meminfo - SSI]	MemAvailable:   49587316 kB
20220312 061505.401 INFO             PET0 PIOc_freedecomp Exit - MemInfo: [/proc/meminfo - SSI]	Committed_AS:   13267988 kB
20220312 061505.401 INFO             PET0 PIOc_freedecomp Exit - MemInfo: [/proc/meminfo - SSI]	CommittedPercent: 20.2543 %
20220312 061505.401 INFO             PET0 PIOc_freedecomp Exit - MemInfo: [/proc/self/status]	VmPeak:	  167368 kB
20220312 061505.401 INFO             PET0 PIOc_freedecomp Exit - MemInfo: [/proc/self/status]	VmSize:	  159180 kB
20220312 061505.401 INFO             PET0 PIOc_freedecomp Exit - MemInfo: [/proc/self/status]	VmLck:	       0 kB
20220312 061505.401 INFO             PET0 PIOc_freedecomp Exit - MemInfo: [/proc/self/status]	VmPin:	       0 kB
20220312 061505.401 INFO             PET0 PIOc_freedecomp Exit - MemInfo: [/proc/self/status]	VmHWM:	   46596 kB
20220312 061505.401 INFO             PET0 PIOc_freedecomp Exit - MemInfo: [/proc/self/status]	VmRSS:	   46596 kB
20220312 061505.401 INFO             PET0 PIOc_freedecomp Exit - MemInfo: [/proc/self/status]	VmData:	   55052 kB
20220312 061505.401 INFO             PET0 PIOc_freedecomp Exit - MemInfo: [/proc/self/status]	VmStk:	     144 kB
20220312 061505.401 INFO             PET0 PIOc_freedecomp Exit - MemInfo: [/proc/self/status]	VmExe:	     292 kB
20220312 061505.401 INFO             PET0 PIOc_freedecomp Exit - MemInfo: [/proc/self/status]	VmLib:	   39752 kB
20220312 061505.401 INFO             PET0 PIOc_freedecomp Exit - MemInfo: [/proc/self/status]	VmPTE:	     284 kB
20220312 061505.401 INFO             PET0 PIOc_freedecomp Exit - MemInfo: [/proc/self/status]	VmPMD:	      12 kB
20220312 061505.401 INFO             PET0 PIOc_freedecomp Exit - MemInfo: [/proc/self/status]	VmSwap:	       0 kB
20220312 061505.401 INFO             PET0 PIOc_freedecomp Exit - MemInfo: [/proc/self/status]	VmRSSPercent: 0.0711313 %
20220312 061505.401 INFO             PET0 PIOc_freedecomp Exit - MemInfo: [malloc] Non-mmapped space allocated:                52957184 Byte
20220312 061505.401 INFO             PET0 PIOc_freedecomp Exit - MemInfo: [malloc] Space allocated in mmapped regions:                0 Byte
20220312 061505.401 INFO             PET0 PIOc_freedecomp Exit - MemInfo: [malloc] Maximum total allocated space:                     0 Byte
20220312 061505.401 INFO             PET0 PIOc_freedecomp Exit - MemInfo: [malloc] Space in freed fastbin blocks:                   896 Byte
20220312 061505.401 INFO             PET0 PIOc_freedecomp Exit - MemInfo: [malloc] Total allocated space:                      18780336 Byte
20220312 061505.401 INFO             PET0 PIOc_freedecomp Exit - MemInfo: [malloc] Total free space:                           34176848 Byte
20220312 061505.401 INFO             PET0 PIOc_freedecomp Exit - MemInfo: [malloc] Top-most, releasable space:                 16911712 Byte
20220312 061505.401 INFO             PET0 PIOc_freedecomp Exit - MemInfo: [malloc] Total space in use, mmap + non-mmap:        18780336 Byte
20220312 061505.401 INFO             PET0 PIOc_freedecomp Exit - MemInfo: [malloc] Total space held (mmap + non-mmap):         52957184 Byte
20220312 061505.401 INFO             PET0 PIOc_freedecomp Exit - MemInfo: [malloc] Total space used (mmap + non-mmap):         18789664 Byte
20220312 061505.401 INFO             PET0 PIOc_freedecomp Exit - MemInfo: Wall-clock time since execution start:               0.036841 seconds
20220312 061505.401 INFO             PET0  PASS  Read ESMF_Array with Halo from NetCDF Test, ESMF_ArrayIOUTest.F90, line 380
20220312 061505.401 ERROR            PET0 ESMCI_IO_Handler.C:164 ESMCI::IO_Handler::create() Unknown I/O Format
20220312 061505.401 ERROR            PET0 ESMCI_IO.C:264 ESMCI::IO::read() Invalid argument  - Internal subroutine call returned Error
20220312 061505.401 ERROR            PET0 ESMCI_Array.C:3933 ESMCI::Array::read() Invalid argument  - Internal subroutine call returned Error
20220312 061505.401 ERROR            PET0 ESMCI_Array_F.C:831 c_esmc_arrayread() Invalid argument  - Internal subroutine call returned Error
20220312 061505.401 ERROR            PET0 ESMF_ArrayHa.F90:723 ESMF_ArrayRead Invalid argument  - Internal subroutine call returned Error
20220312 061505.401 INFO             PET0  PASS  Read ESMF_Array with Halo from binary Test, ESMF_ArrayIOUTest.F90, line 394
20220312 061505.401 INFO             PET0  PASS  Compare read in data to the existing NetCDF data - 3D with halo, ESMF_ArrayIOUTest.F90, line 412
20220312 061505.401 ERROR            PET0 ESMCI_Array.C:3914 ESMCI::Array::read() Invalid argument  - Array variable name not allowed in binary mode
20220312 061505.401 ERROR            PET0 ESMCI_Array_F.C:831 c_esmc_arrayread() Invalid argument  - Internal subroutine call returned Error
20220312 061505.401 ERROR            PET0 ESMF_ArrayHa.F90:723 ESMF_ArrayRead Invalid argument  - Internal subroutine call returned Error
20220312 061505.401 INFO             PET0  PASS  Read ESMF_Array variable with Halo from binary Test, ESMF_ArrayIOUTest.F90, line 430
20220312 061505.402 INFO             PET0 PIOc_sync Enter - MemInfo: [/proc/meminfo - SSI]	MemTotal:       65507008 kB
20220312 061505.402 INFO             PET0 PIOc_sync Enter - MemInfo: [/proc/meminfo - SSI]	MemFree:        49836424 kB
20220312 061505.402 INFO             PET0 PIOc_sync Enter - MemInfo: [/proc/meminfo - SSI]	MemAvailable:   49587316 kB
20220312 061505.402 INFO             PET0 PIOc_sync Enter - MemInfo: [/proc/meminfo - SSI]	Committed_AS:   13267988 kB
20220312 061505.402 INFO             PET0 PIOc_sync Enter - MemInfo: [/proc/meminfo - SSI]	CommittedPercent: 20.2543 %
20220312 061505.402 INFO             PET0 PIOc_sync Enter - MemInfo: [/proc/self/status]	VmPeak:	  167368 kB
20220312 061505.402 INFO             PET0 PIOc_sync Enter - MemInfo: [/proc/self/status]	VmSize:	  159180 kB
20220312 061505.402 INFO             PET0 PIOc_sync Enter - MemInfo: [/proc/self/status]	VmLck:	       0 kB
20220312 061505.402 INFO             PET0 PIOc_sync Enter - MemInfo: [/proc/self/status]	VmPin:	       0 kB
20220312 061505.402 INFO             PET0 PIOc_sync Enter - MemInfo: [/proc/self/status]	VmHWM:	   46596 kB
20220312 061505.402 INFO             PET0 PIOc_sync Enter - MemInfo: [/proc/self/status]	VmRSS:	   46596 kB
20220312 061505.403 INFO             PET0 PIOc_sync Enter - MemInfo: [/proc/self/status]	VmData:	   55052 kB
20220312 061505.403 INFO             PET0 PIOc_sync Enter - MemInfo: [/proc/self/status]	VmStk:	     144 kB
20220312 061505.403 INFO             PET0 PIOc_sync Enter - MemInfo: [/proc/self/status]	VmExe:	     292 kB
20220312 061505.403 INFO             PET0 PIOc_sync Enter - MemInfo: [/proc/self/status]	VmLib:	   39752 kB
20220312 061505.403 INFO             PET0 PIOc_sync Enter - MemInfo: [/proc/self/status]	VmPTE:	     284 kB
20220312 061505.403 INFO             PET0 PIOc_sync Enter - MemInfo: [/proc/self/status]	VmPMD:	      12 kB
20220312 061505.403 INFO             PET0 PIOc_sync Enter - MemInfo: [/proc/self/status]	VmSwap:	       0 kB
20220312 061505.403 INFO             PET0 PIOc_sync Enter - MemInfo: [/proc/self/status]	VmRSSPercent: 0.0711313 %
20220312 061505.403 INFO             PET0 PIOc_sync Enter - MemInfo: [malloc] Non-mmapped space allocated:                52957184 Byte
20220312 061505.403 INFO             PET0 PIOc_sync Enter - MemInfo: [malloc] Space allocated in mmapped regions:                0 Byte
20220312 061505.403 INFO             PET0 PIOc_sync Enter - MemInfo: [malloc] Maximum total allocated space:                     0 Byte
20220312 061505.403 INFO             PET0 PIOc_sync Enter - MemInfo: [malloc] Space in freed fastbin blocks:                   896 Byte
20220312 061505.403 INFO             PET0 PIOc_sync Enter - MemInfo: [malloc] Total allocated space:                      36114800 Byte
20220312 061505.403 INFO             PET0 PIOc_sync Enter - MemInfo: [malloc] Total free space:                           16842384 Byte
20220312 061505.403 INFO             PET0 PIOc_sync Enter - MemInfo: [malloc] Top-most, releasable space:                   134480 Byte
20220312 061505.403 INFO             PET0 PIOc_sync Enter - MemInfo: [malloc] Total space in use, mmap + non-mmap:        36114800 Byte
20220312 061505.403 INFO             PET0 PIOc_sync Enter - MemInfo: [malloc] Total space held (mmap + non-mmap):         52957184 Byte
20220312 061505.403 INFO             PET0 PIOc_sync Enter - MemInfo: [malloc] Total space used (mmap + non-mmap):         36124128 Byte
20220312 061505.403 INFO             PET0 PIOc_sync Enter - MemInfo: Wall-clock time since execution start:              0.0382839 seconds
20220312 061505.403 INFO             PET0 PIOc_sync Exit - MemInfo: [/proc/meminfo - SSI]	MemTotal:       65507008 kB
20220312 061505.403 INFO             PET0 PIOc_sync Exit - MemInfo: [/proc/meminfo - SSI]	MemFree:        49836424 kB
20220312 061505.403 INFO             PET0 PIOc_sync Exit - MemInfo: [/proc/meminfo - SSI]	MemAvailable:   49587316 kB
20220312 061505.403 INFO             PET0 PIOc_sync Exit - MemInfo: [/proc/meminfo - SSI]	Committed_AS:   13267988 kB
20220312 061505.403 INFO             PET0 PIOc_sync Exit - MemInfo: [/proc/meminfo - SSI]	CommittedPercent: 20.2543 %
20220312 061505.403 INFO             PET0 PIOc_sync Exit - MemInfo: [/proc/self/status]	VmPeak:	  167368 kB
20220312 061505.403 INFO             PET0 PIOc_sync Exit - MemInfo: [/proc/self/status]	VmSize:	  159180 kB
20220312 061505.403 INFO             PET0 PIOc_sync Exit - MemInfo: [/proc/self/status]	VmLck:	       0 kB
20220312 061505.403 INFO             PET0 PIOc_sync Exit - MemInfo: [/proc/self/status]	VmPin:	       0 kB
20220312 061505.403 INFO             PET0 PIOc_sync Exit - MemInfo: [/proc/self/status]	VmHWM:	   46596 kB
20220312 061505.403 INFO             PET0 PIOc_sync Exit - MemInfo: [/proc/self/status]	VmRSS:	   46596 kB
20220312 061505.403 INFO             PET0 PIOc_sync Exit - MemInfo: [/proc/self/status]	VmData:	   55052 kB
20220312 061505.403 INFO             PET0 PIOc_sync Exit - MemInfo: [/proc/self/status]	VmStk:	     144 kB
20220312 061505.403 INFO             PET0 PIOc_sync Exit - MemInfo: [/proc/self/status]	VmExe:	     292 kB
20220312 061505.403 INFO             PET0 PIOc_sync Exit - MemInfo: [/proc/self/status]	VmLib:	   39752 kB
20220312 061505.403 INFO             PET0 PIOc_sync Exit - MemInfo: [/proc/self/status]	VmPTE:	     284 kB
20220312 061505.403 INFO             PET0 PIOc_sync Exit - MemInfo: [/proc/self/status]	VmPMD:	      12 kB
20220312 061505.403 INFO             PET0 PIOc_sync Exit - MemInfo: [/proc/self/status]	VmSwap:	       0 kB
20220312 061505.403 INFO             PET0 PIOc_sync Exit - MemInfo: [/proc/self/status]	VmRSSPercent: 0.0711313 %
20220312 061505.403 INFO             PET0 PIOc_sync Exit - MemInfo: [malloc] Non-mmapped space allocated:                52957184 Byte
20220312 061505.403 INFO             PET0 PIOc_sync Exit - MemInfo: [malloc] Space allocated in mmapped regions:                0 Byte
20220312 061505.403 INFO             PET0 PIOc_sync Exit - MemInfo: [malloc] Maximum total allocated space:                     0 Byte
20220312 061505.403 INFO             PET0 PIOc_sync Exit - MemInfo: [malloc] Space in freed fastbin blocks:                  1488 Byte
20220312 061505.403 INFO             PET0 PIOc_sync Exit - MemInfo: [malloc] Total allocated space:                      36113200 Byte
20220312 061505.403 INFO             PET0 PIOc_sync Exit - MemInfo: [malloc] Total free space:                           16843984 Byte
20220312 061505.403 INFO             PET0 PIOc_sync Exit - MemInfo: [malloc] Top-most, releasable space:                   134480 Byte
20220312 061505.403 INFO             PET0 PIOc_sync Exit - MemInfo: [malloc] Total space in use, mmap + non-mmap:        36113200 Byte
20220312 061505.403 INFO             PET0 PIOc_sync Exit - MemInfo: [malloc] Total space held (mmap + non-mmap):         52957184 Byte
20220312 061505.403 INFO             PET0 PIOc_sync Exit - MemInfo: [malloc] Total space used (mmap + non-mmap):         36122528 Byte
20220312 061505.403 INFO             PET0 PIOc_sync Exit - MemInfo: Wall-clock time since execution start:              0.0386967 seconds
20220312 061505.403 INFO             PET0 PIOc_freedecomp Enter - MemInfo: [/proc/meminfo - SSI]	MemTotal:       65507008 kB
20220312 061505.403 INFO             PET0 PIOc_freedecomp Enter - MemInfo: [/proc/meminfo - SSI]	MemFree:        49836424 kB
20220312 061505.403 INFO             PET0 PIOc_freedecomp Enter - MemInfo: [/proc/meminfo - SSI]	MemAvailable:   49587316 kB
20220312 061505.403 INFO             PET0 PIOc_freedecomp Enter - MemInfo: [/proc/meminfo - SSI]	Committed_AS:   13267988 kB
20220312 061505.403 INFO             PET0 PIOc_freedecomp Enter - MemInfo: [/proc/meminfo - SSI]	CommittedPercent: 20.2543 %
20220312 061505.403 INFO             PET0 PIOc_freedecomp Enter - MemInfo: [/proc/self/status]	VmPeak:	  167368 kB
20220312 061505.403 INFO             PET0 PIOc_freedecomp Enter - MemInfo: [/proc/self/status]	VmSize:	  159180 kB
20220312 061505.403 INFO             PET0 PIOc_freedecomp Enter - MemInfo: [/proc/self/status]	VmLck:	       0 kB
20220312 061505.403 INFO             PET0 PIOc_freedecomp Enter - MemInfo: [/proc/self/status]	VmPin:	       0 kB
20220312 061505.403 INFO             PET0 PIOc_freedecomp Enter - MemInfo: [/proc/self/status]	VmHWM:	   46596 kB
20220312 061505.403 INFO             PET0 PIOc_freedecomp Enter - MemInfo: [/proc/self/status]	VmRSS:	   46596 kB
20220312 061505.403 INFO             PET0 PIOc_freedecomp Enter - MemInfo: [/proc/self/status]	VmData:	   55052 kB
20220312 061505.403 INFO             PET0 PIOc_freedecomp Enter - MemInfo: [/proc/self/status]	VmStk:	     144 kB
20220312 061505.403 INFO             PET0 PIOc_freedecomp Enter - MemInfo: [/proc/self/status]	VmExe:	     292 kB
20220312 061505.403 INFO             PET0 PIOc_freedecomp Enter - MemInfo: [/proc/self/status]	VmLib:	   39752 kB
20220312 061505.403 INFO             PET0 PIOc_freedecomp Enter - MemInfo: [/proc/self/status]	VmPTE:	     284 kB
20220312 061505.403 INFO             PET0 PIOc_freedecomp Enter - MemInfo: [/proc/self/status]	VmPMD:	      12 kB
20220312 061505.403 INFO             PET0 PIOc_freedecomp Enter - MemInfo: [/proc/self/status]	VmSwap:	       0 kB
20220312 061505.403 INFO             PET0 PIOc_freedecomp Enter - MemInfo: [/proc/self/status]	VmRSSPercent: 0.0711313 %
20220312 061505.403 INFO             PET0 PIOc_freedecomp Enter - MemInfo: [malloc] Non-mmapped space allocated:                52957184 Byte
20220312 061505.403 INFO             PET0 PIOc_freedecomp Enter - MemInfo: [malloc] Space allocated in mmapped regions:                0 Byte
20220312 061505.403 INFO             PET0 PIOc_freedecomp Enter - MemInfo: [malloc] Maximum total allocated space:                     0 Byte
20220312 061505.403 INFO             PET0 PIOc_freedecomp Enter - MemInfo: [malloc] Space in freed fastbin blocks:                  1184 Byte
20220312 061505.403 INFO             PET0 PIOc_freedecomp Enter - MemInfo: [malloc] Total allocated space:                      18797472 Byte
20220312 061505.403 INFO             PET0 PIOc_freedecomp Enter - MemInfo: [malloc] Total free space:                           34159712 Byte
20220312 061505.403 INFO             PET0 PIOc_freedecomp Enter - MemInfo: [malloc] Top-most, releasable space:                 16911712 Byte
20220312 061505.403 INFO             PET0 PIOc_freedecomp Enter - MemInfo: [malloc] Total space in use, mmap + non-mmap:        18797472 Byte
20220312 061505.403 INFO             PET0 PIOc_freedecomp Enter - MemInfo: [malloc] Total space held (mmap + non-mmap):         52957184 Byte
20220312 061505.403 INFO             PET0 PIOc_freedecomp Enter - MemInfo: [malloc] Total space used (mmap + non-mmap):         18806800 Byte
20220312 061505.403 INFO             PET0 PIOc_freedecomp Enter - MemInfo: Wall-clock time since execution start:              0.0390783 seconds
20220312 061505.404 INFO             PET0 PIOc_freedecomp Exit - MemInfo: [/proc/meminfo - SSI]	MemTotal:       65507008 kB
20220312 061505.404 INFO             PET0 PIOc_freedecomp Exit - MemInfo: [/proc/meminfo - SSI]	MemFree:        49836424 kB
20220312 061505.404 INFO             PET0 PIOc_freedecomp Exit - MemInfo: [/proc/meminfo - SSI]	MemAvailable:   49587316 kB
20220312 061505.404 INFO             PET0 PIOc_freedecomp Exit - MemInfo: [/proc/meminfo - SSI]	Committed_AS:   13267988 kB
20220312 061505.404 INFO             PET0 PIOc_freedecomp Exit - MemInfo: [/proc/meminfo - SSI]	CommittedPercent: 20.2543 %
20220312 061505.404 INFO             PET0 PIOc_freedecomp Exit - MemInfo: [/proc/self/status]	VmPeak:	  167368 kB
20220312 061505.404 INFO             PET0 PIOc_freedecomp Exit - MemInfo: [/proc/self/status]	VmSize:	  159180 kB
20220312 061505.404 INFO             PET0 PIOc_freedecomp Exit - MemInfo: [/proc/self/status]	VmLck:	       0 kB
20220312 061505.404 INFO             PET0 PIOc_freedecomp Exit - MemInfo: [/proc/self/status]	VmPin:	       0 kB
20220312 061505.404 INFO             PET0 PIOc_freedecomp Exit - MemInfo: [/proc/self/status]	VmHWM:	   46596 kB
20220312 061505.404 INFO             PET0 PIOc_freedecomp Exit - MemInfo: [/proc/self/status]	VmRSS:	   46596 kB
20220312 061505.404 INFO             PET0 PIOc_freedecomp Exit - MemInfo: [/proc/self/status]	VmData:	   55052 kB
20220312 061505.404 INFO             PET0 PIOc_freedecomp Exit - MemInfo: [/proc/self/status]	VmStk:	     144 kB
20220312 061505.404 INFO             PET0 PIOc_freedecomp Exit - MemInfo: [/proc/self/status]	VmExe:	     292 kB
20220312 061505.404 INFO             PET0 PIOc_freedecomp Exit - MemInfo: [/proc/self/status]	VmLib:	   39752 kB
20220312 061505.404 INFO             PET0 PIOc_freedecomp Exit - MemInfo: [/proc/self/status]	VmPTE:	     284 kB
20220312 061505.404 INFO             PET0 PIOc_freedecomp Exit - MemInfo: [/proc/self/status]	VmPMD:	      12 kB
20220312 061505.404 INFO             PET0 PIOc_freedecomp Exit - MemInfo: [/proc/self/status]	VmSwap:	       0 kB
20220312 061505.404 INFO             PET0 PIOc_freedecomp Exit - MemInfo: [/proc/self/status]	VmRSSPercent: 0.0711313 %
20220312 061505.404 INFO             PET0 PIOc_freedecomp Exit - MemInfo: [malloc] Non-mmapped space allocated:                52957184 Byte
20220312 061505.404 INFO             PET0 PIOc_freedecomp Exit - MemInfo: [malloc] Space allocated in mmapped regions:                0 Byte
20220312 061505.404 INFO             PET0 PIOc_freedecomp Exit - MemInfo: [malloc] Maximum total allocated space:                     0 Byte
20220312 061505.404 INFO             PET0 PIOc_freedecomp Exit - MemInfo: [malloc] Space in freed fastbin blocks:                   704 Byte
20220312 061505.404 INFO             PET0 PIOc_freedecomp Exit - MemInfo: [malloc] Total allocated space:                      18780240 Byte
20220312 061505.404 INFO             PET0 PIOc_freedecomp Exit - MemInfo: [malloc] Total free space:                           34176944 Byte
20220312 061505.404 INFO             PET0 PIOc_freedecomp Exit - MemInfo: [malloc] Top-most, releasable space:                 16911712 Byte
20220312 061505.404 INFO             PET0 PIOc_freedecomp Exit - MemInfo: [malloc] Total space in use, mmap + non-mmap:        18780240 Byte
20220312 061505.404 INFO             PET0 PIOc_freedecomp Exit - MemInfo: [malloc] Total space held (mmap + non-mmap):         52957184 Byte
20220312 061505.404 INFO             PET0 PIOc_freedecomp Exit - MemInfo: [malloc] Total space used (mmap + non-mmap):         18789568 Byte
20220312 061505.404 INFO             PET0 PIOc_freedecomp Exit - MemInfo: Wall-clock time since execution start:               0.039425 seconds
20220312 061505.404 INFO             PET0  PASS  Write ESMF_Array with Halo to NetCDF variable copy Test, ESMF_ArrayIOUTest.F90, line 442
20220312 061505.404 INFO             PET0  PASS  Destroy Array with Halo, ESMF_ArrayIOUTest.F90, line 453
20220312 061505.404 INFO             PET0  PASS  Destroy Array without Halo, ESMF_ArrayIOUTest.F90, line 460
20220312 061505.404 INFO             PET0  PASS  Destroy DistGrid, ESMF_ArrayIOUTest.F90, line 467
20220312 061505.404 INFO             PET0  PASS  dstDistgrid Create Test, ESMF_ArrayIOUTest.F90, line 485
20220312 061505.404 INFO             PET0  PASS  Array Spec Set Test, ESMF_ArrayIOUTest.F90, line 493
20220312 061505.404 INFO             PET0  PASS  Array with Halo Create Test, ESMF_ArrayIOUTest.F90, line 507
20220312 061505.404 INFO             PET0  PASS  Array without Halo Create Test, ESMF_ArrayIOUTest.F90, line 517
20220312 061505.406 INFO             PET0 PIOc_sync Enter - MemInfo: [/proc/meminfo - SSI]	MemTotal:       65507008 kB
20220312 061505.406 INFO             PET0 PIOc_sync Enter - MemInfo: [/proc/meminfo - SSI]	MemFree:        49835800 kB
20220312 061505.406 INFO             PET0 PIOc_sync Enter - MemInfo: [/proc/meminfo - SSI]	MemAvailable:   49586788 kB
20220312 061505.406 INFO             PET0 PIOc_sync Enter - MemInfo: [/proc/meminfo - SSI]	Committed_AS:   13267988 kB
20220312 061505.406 INFO             PET0 PIOc_sync Enter - MemInfo: [/proc/meminfo - SSI]	CommittedPercent: 20.2543 %
20220312 061505.407 INFO             PET0 PIOc_sync Enter - MemInfo: [/proc/self/status]	VmPeak:	  167368 kB
20220312 061505.407 INFO             PET0 PIOc_sync Enter - MemInfo: [/proc/self/status]	VmSize:	  159180 kB
20220312 061505.407 INFO             PET0 PIOc_sync Enter - MemInfo: [/proc/self/status]	VmLck:	       0 kB
20220312 061505.407 INFO             PET0 PIOc_sync Enter - MemInfo: [/proc/self/status]	VmPin:	       0 kB
20220312 061505.407 INFO             PET0 PIOc_sync Enter - MemInfo: [/proc/self/status]	VmHWM:	   46668 kB
20220312 061505.407 INFO             PET0 PIOc_sync Enter - MemInfo: [/proc/self/status]	VmRSS:	   46668 kB
20220312 061505.407 INFO             PET0 PIOc_sync Enter - MemInfo: [/proc/self/status]	VmData:	   55052 kB
20220312 061505.407 INFO             PET0 PIOc_sync Enter - MemInfo: [/proc/self/status]	VmStk:	     144 kB
20220312 061505.407 INFO             PET0 PIOc_sync Enter - MemInfo: [/proc/self/status]	VmExe:	     292 kB
20220312 061505.407 INFO             PET0 PIOc_sync Enter - MemInfo: [/proc/self/status]	VmLib:	   39752 kB
20220312 061505.407 INFO             PET0 PIOc_sync Enter - MemInfo: [/proc/self/status]	VmPTE:	     284 kB
20220312 061505.407 INFO             PET0 PIOc_sync Enter - MemInfo: [/proc/self/status]	VmPMD:	      12 kB
20220312 061505.407 INFO             PET0 PIOc_sync Enter - MemInfo: [/proc/self/status]	VmSwap:	       0 kB
20220312 061505.407 INFO             PET0 PIOc_sync Enter - MemInfo: [/proc/self/status]	VmRSSPercent: 0.0712412 %
20220312 061505.407 INFO             PET0 PIOc_sync Enter - MemInfo: [malloc] Non-mmapped space allocated:                52957184 Byte
20220312 061505.407 INFO             PET0 PIOc_sync Enter - MemInfo: [malloc] Space allocated in mmapped regions:                0 Byte
20220312 061505.407 INFO             PET0 PIOc_sync Enter - MemInfo: [malloc] Maximum total allocated space:                     0 Byte
20220312 061505.407 INFO             PET0 PIOc_sync Enter - MemInfo: [malloc] Space in freed fastbin blocks:                   896 Byte
20220312 061505.407 INFO             PET0 PIOc_sync Enter - MemInfo: [malloc] Total allocated space:                      36104224 Byte
20220312 061505.407 INFO             PET0 PIOc_sync Enter - MemInfo: [malloc] Total free space:                           16852960 Byte
20220312 061505.407 INFO             PET0 PIOc_sync Enter - MemInfo: [malloc] Top-most, releasable space:                   134480 Byte
20220312 061505.407 INFO             PET0 PIOc_sync Enter - MemInfo: [malloc] Total space in use, mmap + non-mmap:        36104224 Byte
20220312 061505.407 INFO             PET0 PIOc_sync Enter - MemInfo: [malloc] Total space held (mmap + non-mmap):         52957184 Byte
20220312 061505.407 INFO             PET0 PIOc_sync Enter - MemInfo: [malloc] Total space used (mmap + non-mmap):         36113552 Byte
20220312 061505.407 INFO             PET0 PIOc_sync Enter - MemInfo: Wall-clock time since execution start:              0.0423673 seconds
20220312 061505.407 INFO             PET0 PIOc_sync Exit - MemInfo: [/proc/meminfo - SSI]	MemTotal:       65507008 kB
20220312 061505.407 INFO             PET0 PIOc_sync Exit - MemInfo: [/proc/meminfo - SSI]	MemFree:        49835800 kB
20220312 061505.407 INFO             PET0 PIOc_sync Exit - MemInfo: [/proc/meminfo - SSI]	MemAvailable:   49586788 kB
20220312 061505.407 INFO             PET0 PIOc_sync Exit - MemInfo: [/proc/meminfo - SSI]	Committed_AS:   13267988 kB
20220312 061505.407 INFO             PET0 PIOc_sync Exit - MemInfo: [/proc/meminfo - SSI]	CommittedPercent: 20.2543 %
20220312 061505.407 INFO             PET0 PIOc_sync Exit - MemInfo: [/proc/self/status]	VmPeak:	  167368 kB
20220312 061505.407 INFO             PET0 PIOc_sync Exit - MemInfo: [/proc/self/status]	VmSize:	  159180 kB
20220312 061505.407 INFO             PET0 PIOc_sync Exit - MemInfo: [/proc/self/status]	VmLck:	       0 kB
20220312 061505.407 INFO             PET0 PIOc_sync Exit - MemInfo: [/proc/self/status]	VmPin:	       0 kB
20220312 061505.407 INFO             PET0 PIOc_sync Exit - MemInfo: [/proc/self/status]	VmHWM:	   46676 kB
20220312 061505.407 INFO             PET0 PIOc_sync Exit - MemInfo: [/proc/self/status]	VmRSS:	   46676 kB
20220312 061505.407 INFO             PET0 PIOc_sync Exit - MemInfo: [/proc/self/status]	VmData:	   55052 kB
20220312 061505.407 INFO             PET0 PIOc_sync Exit - MemInfo: [/proc/self/status]	VmStk:	     144 kB
20220312 061505.407 INFO             PET0 PIOc_sync Exit - MemInfo: [/proc/self/status]	VmExe:	     292 kB
20220312 061505.407 INFO             PET0 PIOc_sync Exit - MemInfo: [/proc/self/status]	VmLib:	   39752 kB
20220312 061505.407 INFO             PET0 PIOc_sync Exit - MemInfo: [/proc/self/status]	VmPTE:	     284 kB
20220312 061505.407 INFO             PET0 PIOc_sync Exit - MemInfo: [/proc/self/status]	VmPMD:	      12 kB
20220312 061505.407 INFO             PET0 PIOc_sync Exit - MemInfo: [/proc/self/status]	VmSwap:	       0 kB
20220312 061505.407 INFO             PET0 PIOc_sync Exit - MemInfo: [/proc/self/status]	VmRSSPercent: 0.0712534 %
20220312 061505.407 INFO             PET0 PIOc_sync Exit - MemInfo: [malloc] Non-mmapped space allocated:                52957184 Byte
20220312 061505.407 INFO             PET0 PIOc_sync Exit - MemInfo: [malloc] Space allocated in mmapped regions:                0 Byte
20220312 061505.407 INFO             PET0 PIOc_sync Exit - MemInfo: [malloc] Maximum total allocated space:                     0 Byte
20220312 061505.407 INFO             PET0 PIOc_sync Exit - MemInfo: [malloc] Space in freed fastbin blocks:                  1216 Byte
20220312 061505.407 INFO             PET0 PIOc_sync Exit - MemInfo: [malloc] Total allocated space:                      36103344 Byte
20220312 061505.407 INFO             PET0 PIOc_sync Exit - MemInfo: [malloc] Total free space:                           16853840 Byte
20220312 061505.407 INFO             PET0 PIOc_sync Exit - MemInfo: [malloc] Top-most, releasable space:                   134480 Byte
20220312 061505.407 INFO             PET0 PIOc_sync Exit - MemInfo: [malloc] Total space in use, mmap + non-mmap:        36103344 Byte
20220312 061505.407 INFO             PET0 PIOc_sync Exit - MemInfo: [malloc] Total space held (mmap + non-mmap):         52957184 Byte
20220312 061505.407 INFO             PET0 PIOc_sync Exit - MemInfo: [malloc] Total space used (mmap + non-mmap):         36112672 Byte
20220312 061505.407 INFO             PET0 PIOc_sync Exit - MemInfo: Wall-clock time since execution start:              0.0427921 seconds
20220312 061505.407 INFO             PET0 PIOc_freedecomp Enter - MemInfo: [/proc/meminfo - SSI]	MemTotal:       65507008 kB
20220312 061505.407 INFO             PET0 PIOc_freedecomp Enter - MemInfo: [/proc/meminfo - SSI]	MemFree:        49835800 kB
20220312 061505.407 INFO             PET0 PIOc_freedecomp Enter - MemInfo: [/proc/meminfo - SSI]	MemAvailable:   49586788 kB
20220312 061505.407 INFO             PET0 PIOc_freedecomp Enter - MemInfo: [/proc/meminfo - SSI]	Committed_AS:   13267988 kB
20220312 061505.407 INFO             PET0 PIOc_freedecomp Enter - MemInfo: [/proc/meminfo - SSI]	CommittedPercent: 20.2543 %
20220312 061505.407 INFO             PET0 PIOc_freedecomp Enter - MemInfo: [/proc/self/status]	VmPeak:	  167368 kB
20220312 061505.407 INFO             PET0 PIOc_freedecomp Enter - MemInfo: [/proc/self/status]	VmSize:	  159180 kB
20220312 061505.407 INFO             PET0 PIOc_freedecomp Enter - MemInfo: [/proc/self/status]	VmLck:	       0 kB
20220312 061505.407 INFO             PET0 PIOc_freedecomp Enter - MemInfo: [/proc/self/status]	VmPin:	       0 kB
20220312 061505.407 INFO             PET0 PIOc_freedecomp Enter - MemInfo: [/proc/self/status]	VmHWM:	   46676 kB
20220312 061505.407 INFO             PET0 PIOc_freedecomp Enter - MemInfo: [/proc/self/status]	VmRSS:	   46676 kB
20220312 061505.407 INFO             PET0 PIOc_freedecomp Enter - MemInfo: [/proc/self/status]	VmData:	   55052 kB
20220312 061505.407 INFO             PET0 PIOc_freedecomp Enter - MemInfo: [/proc/self/status]	VmStk:	     144 kB
20220312 061505.407 INFO             PET0 PIOc_freedecomp Enter - MemInfo: [/proc/self/status]	VmExe:	     292 kB
20220312 061505.407 INFO             PET0 PIOc_freedecomp Enter - MemInfo: [/proc/self/status]	VmLib:	   39752 kB
20220312 061505.407 INFO             PET0 PIOc_freedecomp Enter - MemInfo: [/proc/self/status]	VmPTE:	     284 kB
20220312 061505.407 INFO             PET0 PIOc_freedecomp Enter - MemInfo: [/proc/self/status]	VmPMD:	      12 kB
20220312 061505.407 INFO             PET0 PIOc_freedecomp Enter - MemInfo: [/proc/self/status]	VmSwap:	       0 kB
20220312 061505.407 INFO             PET0 PIOc_freedecomp Enter - MemInfo: [/proc/self/status]	VmRSSPercent: 0.0712534 %
20220312 061505.407 INFO             PET0 PIOc_freedecomp Enter - MemInfo: [malloc] Non-mmapped space allocated:                52957184 Byte
20220312 061505.407 INFO             PET0 PIOc_freedecomp Enter - MemInfo: [malloc] Space allocated in mmapped regions:                0 Byte
20220312 061505.407 INFO             PET0 PIOc_freedecomp Enter - MemInfo: [malloc] Maximum total allocated space:                     0 Byte
20220312 061505.407 INFO             PET0 PIOc_freedecomp Enter - MemInfo: [malloc] Space in freed fastbin blocks:                   880 Byte
20220312 061505.408 INFO             PET0 PIOc_freedecomp Enter - MemInfo: [malloc] Total allocated space:                      18788496 Byte
20220312 061505.408 INFO             PET0 PIOc_freedecomp Enter - MemInfo: [malloc] Total free space:                           34168688 Byte
20220312 061505.408 INFO             PET0 PIOc_freedecomp Enter - MemInfo: [malloc] Top-most, releasable space:                 16911712 Byte
20220312 061505.408 INFO             PET0 PIOc_freedecomp Enter - MemInfo: [malloc] Total space in use, mmap + non-mmap:        18788496 Byte
20220312 061505.408 INFO             PET0 PIOc_freedecomp Enter - MemInfo: [malloc] Total space held (mmap + non-mmap):         52957184 Byte
20220312 061505.408 INFO             PET0 PIOc_freedecomp Enter - MemInfo: [malloc] Total space used (mmap + non-mmap):         18797824 Byte
20220312 061505.408 INFO             PET0 PIOc_freedecomp Enter - MemInfo: Wall-clock time since execution start:              0.0431628 seconds
20220312 061505.408 INFO             PET0 PIOc_freedecomp Exit - MemInfo: [/proc/meminfo - SSI]	MemTotal:       65507008 kB
20220312 061505.408 INFO             PET0 PIOc_freedecomp Exit - MemInfo: [/proc/meminfo - SSI]	MemFree:        49835800 kB
20220312 061505.408 INFO             PET0 PIOc_freedecomp Exit - MemInfo: [/proc/meminfo - SSI]	MemAvailable:   49586788 kB
20220312 061505.408 INFO             PET0 PIOc_freedecomp Exit - MemInfo: [/proc/meminfo - SSI]	Committed_AS:   13267988 kB
20220312 061505.408 INFO             PET0 PIOc_freedecomp Exit - MemInfo: [/proc/meminfo - SSI]	CommittedPercent: 20.2543 %
20220312 061505.408 INFO             PET0 PIOc_freedecomp Exit - MemInfo: [/proc/self/status]	VmPeak:	  167368 kB
20220312 061505.408 INFO             PET0 PIOc_freedecomp Exit - MemInfo: [/proc/self/status]	VmSize:	  159180 kB
20220312 061505.408 INFO             PET0 PIOc_freedecomp Exit - MemInfo: [/proc/self/status]	VmLck:	       0 kB
20220312 061505.408 INFO             PET0 PIOc_freedecomp Exit - MemInfo: [/proc/self/status]	VmPin:	       0 kB
20220312 061505.408 INFO             PET0 PIOc_freedecomp Exit - MemInfo: [/proc/self/status]	VmHWM:	   46676 kB
20220312 061505.408 INFO             PET0 PIOc_freedecomp Exit - MemInfo: [/proc/self/status]	VmRSS:	   46676 kB
20220312 061505.408 INFO             PET0 PIOc_freedecomp Exit - MemInfo: [/proc/self/status]	VmData:	   55052 kB
20220312 061505.408 INFO             PET0 PIOc_freedecomp Exit - MemInfo: [/proc/self/status]	VmStk:	     144 kB
20220312 061505.408 INFO             PET0 PIOc_freedecomp Exit - MemInfo: [/proc/self/status]	VmExe:	     292 kB
20220312 061505.408 INFO             PET0 PIOc_freedecomp Exit - MemInfo: [/proc/self/status]	VmLib:	   39752 kB
20220312 061505.408 INFO             PET0 PIOc_freedecomp Exit - MemInfo: [/proc/self/status]	VmPTE:	     284 kB
20220312 061505.408 INFO             PET0 PIOc_freedecomp Exit - MemInfo: [/proc/self/status]	VmPMD:	      12 kB
20220312 061505.408 INFO             PET0 PIOc_freedecomp Exit - MemInfo: [/proc/self/status]	VmSwap:	       0 kB
20220312 061505.408 INFO             PET0 PIOc_freedecomp Exit - MemInfo: [/proc/self/status]	VmRSSPercent: 0.0712534 %
20220312 061505.408 INFO             PET0 PIOc_freedecomp Exit - MemInfo: [malloc] Non-mmapped space allocated:                52957184 Byte
20220312 061505.408 INFO             PET0 PIOc_freedecomp Exit - MemInfo: [malloc] Space allocated in mmapped regions:                0 Byte
20220312 061505.408 INFO             PET0 PIOc_freedecomp Exit - MemInfo: [malloc] Maximum total allocated space:                     0 Byte
20220312 061505.408 INFO             PET0 PIOc_freedecomp Exit - MemInfo: [malloc] Space in freed fastbin blocks:                  2096 Byte
20220312 061505.408 INFO             PET0 PIOc_freedecomp Exit - MemInfo: [malloc] Total allocated space:                      18785088 Byte
20220312 061505.408 INFO             PET0 PIOc_freedecomp Exit - MemInfo: [malloc] Total free space:                           34172096 Byte
20220312 061505.408 INFO             PET0 PIOc_freedecomp Exit - MemInfo: [malloc] Top-most, releasable space:                 16911712 Byte
20220312 061505.408 INFO             PET0 PIOc_freedecomp Exit - MemInfo: [malloc] Total space in use, mmap + non-mmap:        18785088 Byte
20220312 061505.408 INFO             PET0 PIOc_freedecomp Exit - MemInfo: [malloc] Total space held (mmap + non-mmap):         52957184 Byte
20220312 061505.408 INFO             PET0 PIOc_freedecomp Exit - MemInfo: [malloc] Total space used (mmap + non-mmap):         18794416 Byte
20220312 061505.408 INFO             PET0 PIOc_freedecomp Exit - MemInfo: Wall-clock time since execution start:              0.0435008 seconds
20220312 061505.408 INFO             PET0  PASS  Write 2D ESMF_Array with Halo to NetCDF Test, ESMF_ArrayIOUTest.F90, line 547
20220312 061505.409 WARNING          PET0 ESMCI_PIO_Handler.C:1343 ESMCI::PIO_Handler::open()  Unable to set fill on file: file2D_withhalo.nc, (PIO/NetCDF error = NetCDF: Write to read only)
20220312 061505.409 INFO             PET0 PIOc_sync Enter - MemInfo: [/proc/meminfo - SSI]	MemTotal:       65507008 kB
20220312 061505.409 INFO             PET0 PIOc_sync Enter - MemInfo: [/proc/meminfo - SSI]	MemFree:        49835800 kB
20220312 061505.409 INFO             PET0 PIOc_sync Enter - MemInfo: [/proc/meminfo - SSI]	MemAvailable:   49586788 kB
20220312 061505.409 INFO             PET0 PIOc_sync Enter - MemInfo: [/proc/meminfo - SSI]	Committed_AS:   13267988 kB
20220312 061505.409 INFO             PET0 PIOc_sync Enter - MemInfo: [/proc/meminfo - SSI]	CommittedPercent: 20.2543 %
20220312 061505.409 INFO             PET0 PIOc_sync Enter - MemInfo: [/proc/self/status]	VmPeak:	  167368 kB
20220312 061505.409 INFO             PET0 PIOc_sync Enter - MemInfo: [/proc/self/status]	VmSize:	  159180 kB
20220312 061505.409 INFO             PET0 PIOc_sync Enter - MemInfo: [/proc/self/status]	VmLck:	       0 kB
20220312 061505.409 INFO             PET0 PIOc_sync Enter - MemInfo: [/proc/self/status]	VmPin:	       0 kB
20220312 061505.409 INFO             PET0 PIOc_sync Enter - MemInfo: [/proc/self/status]	VmHWM:	   46680 kB
20220312 061505.409 INFO             PET0 PIOc_sync Enter - MemInfo: [/proc/self/status]	VmRSS:	   46680 kB
20220312 061505.409 INFO             PET0 PIOc_sync Enter - MemInfo: [/proc/self/status]	VmData:	   55052 kB
20220312 061505.409 INFO             PET0 PIOc_sync Enter - MemInfo: [/proc/self/status]	VmStk:	     144 kB
20220312 061505.409 INFO             PET0 PIOc_sync Enter - MemInfo: [/proc/self/status]	VmExe:	     292 kB
20220312 061505.409 INFO             PET0 PIOc_sync Enter - MemInfo: [/proc/self/status]	VmLib:	   39752 kB
20220312 061505.409 INFO             PET0 PIOc_sync Enter - MemInfo: [/proc/self/status]	VmPTE:	     284 kB
20220312 061505.409 INFO             PET0 PIOc_sync Enter - MemInfo: [/proc/self/status]	VmPMD:	      12 kB
20220312 061505.409 INFO             PET0 PIOc_sync Enter - MemInfo: [/proc/self/status]	VmSwap:	       0 kB
20220312 061505.409 INFO             PET0 PIOc_sync Enter - MemInfo: [/proc/self/status]	VmRSSPercent: 0.0712596 %
20220312 061505.409 INFO             PET0 PIOc_sync Enter - MemInfo: [malloc] Non-mmapped space allocated:                52957184 Byte
20220312 061505.409 INFO             PET0 PIOc_sync Enter - MemInfo: [malloc] Space allocated in mmapped regions:                0 Byte
20220312 061505.409 INFO             PET0 PIOc_sync Enter - MemInfo: [malloc] Maximum total allocated space:                     0 Byte
20220312 061505.409 INFO             PET0 PIOc_sync Enter - MemInfo: [malloc] Space in freed fastbin blocks:                   960 Byte
20220312 061505.409 INFO             PET0 PIOc_sync Enter - MemInfo: [malloc] Total allocated space:                      36101936 Byte
