build time -- 2022-03-13 06:04:17.956249
20220313 061512.271 INFO             PET0 !!!!!!!!!!!!!!!!!!!!!!!!!!!!!!!!!!!!!!!!!!!!!!!!!!!!!!
20220313 061512.271 INFO             PET0 !!! THE ESMF_LOG IS SET TO OUTPUT ALL LOG MESSAGES !!!
20220313 061512.271 INFO             PET0 !!!     THIS MAY CAUSE SLOWDOWN IN PERFORMANCE     !!!
20220313 061512.271 INFO             PET0 !!! FOR PRODUCTION RUNS, USE:                      !!!
20220313 061512.271 INFO             PET0 !!!                   ESMF_LOGKIND_Multi_On_Error  !!!
20220313 061512.271 INFO             PET0 !!!!!!!!!!!!!!!!!!!!!!!!!!!!!!!!!!!!!!!!!!!!!!!!!!!!!!
20220313 061512.271 INFO             PET0 Running with ESMF Version   : v8.3.0b09-96-g559b459836
20220313 061512.271 INFO             PET0 ESMF library build date/time: "Mar 13 2022" "06:02:26"
20220313 061512.271 INFO             PET0 ESMF library build location : /glade/scratch/rlong/esmf-testing/gfortran_10.1.0_mpt_O_jedwards_pio_update2
20220313 061512.271 INFO             PET0 ESMF_COMM                   : mpt
20220313 061512.271 INFO             PET0 ESMF_MOAB                   : enabled
20220313 061512.271 INFO             PET0 ESMF_LAPACK                 : enabled
20220313 061512.271 INFO             PET0 ESMF_NETCDF                 : enabled
20220313 061512.271 INFO             PET0 ESMF_PNETCDF                : disabled
20220313 061512.271 INFO             PET0 ESMF_PIO                    : enabled
20220313 061512.271 INFO             PET0 ESMF_YAMLCPP                : enabled
20220313 061512.272 INFO             PET0  Beginning Test, file ESMF_IOUTest.F90, line 57
20220313 061512.272 INFO             PET0  NUMBER_OF_PROCESSORS           4
20220313 061512.272 INFO             PET0 Starting Test:  ESMF_OutputWeightFile
20220313 061512.283 INFO             PET0 PIOc_sync Enter - MemInfo: [/proc/meminfo - SSI]	MemTotal:       65507008 kB
20220313 061512.283 INFO             PET0 PIOc_sync Enter - MemInfo: [/proc/meminfo - SSI]	MemFree:        49866948 kB
20220313 061512.283 INFO             PET0 PIOc_sync Enter - MemInfo: [/proc/meminfo - SSI]	MemAvailable:   49620248 kB
20220313 061512.283 INFO             PET0 PIOc_sync Enter - MemInfo: [/proc/meminfo - SSI]	Committed_AS:   13168996 kB
20220313 061512.283 INFO             PET0 PIOc_sync Enter - MemInfo: [/proc/meminfo - SSI]	CommittedPercent: 20.1032 %
20220313 061512.283 INFO             PET0 PIOc_sync Enter - MemInfo: [/proc/self/status]	VmPeak:	  134224 kB
20220313 061512.283 INFO             PET0 PIOc_sync Enter - MemInfo: [/proc/self/status]	VmSize:	  134224 kB
20220313 061512.283 INFO             PET0 PIOc_sync Enter - MemInfo: [/proc/self/status]	VmLck:	       0 kB
20220313 061512.283 INFO             PET0 PIOc_sync Enter - MemInfo: [/proc/self/status]	VmPin:	       0 kB
20220313 061512.283 INFO             PET0 PIOc_sync Enter - MemInfo: [/proc/self/status]	VmHWM:	   29952 kB
20220313 061512.283 INFO             PET0 PIOc_sync Enter - MemInfo: [/proc/self/status]	VmRSS:	   29952 kB
20220313 061512.283 INFO             PET0 PIOc_sync Enter - MemInfo: [/proc/self/status]	VmData:	   38648 kB
20220313 061512.283 INFO             PET0 PIOc_sync Enter - MemInfo: [/proc/self/status]	VmStk:	     144 kB
20220313 061512.283 INFO             PET0 PIOc_sync Enter - MemInfo: [/proc/self/status]	VmExe:	     196 kB
20220313 061512.283 INFO             PET0 PIOc_sync Enter - MemInfo: [/proc/self/status]	VmLib:	   39752 kB
20220313 061512.283 INFO             PET0 PIOc_sync Enter - MemInfo: [/proc/self/status]	VmPTE:	     248 kB
20220313 061512.283 INFO             PET0 PIOc_sync Enter - MemInfo: [/proc/self/status]	VmPMD:	      16 kB
20220313 061512.283 INFO             PET0 PIOc_sync Enter - MemInfo: [/proc/self/status]	VmSwap:	       0 kB
20220313 061512.283 INFO             PET0 PIOc_sync Enter - MemInfo: [/proc/self/status]	VmRSSPercent: 0.0457234 %
20220313 061512.283 INFO             PET0 PIOc_sync Enter - MemInfo: [malloc] Non-mmapped space allocated:                36159488 Byte
20220313 061512.285 INFO             PET0 PIOc_sync Enter - MemInfo: [malloc] Space allocated in mmapped regions:                0 Byte
20220313 061512.285 INFO             PET0 PIOc_sync Enter - MemInfo: [malloc] Maximum total allocated space:                     0 Byte
20220313 061512.285 INFO             PET0 PIOc_sync Enter - MemInfo: [malloc] Space in freed fastbin blocks:                   944 Byte
20220313 061512.285 INFO             PET0 PIOc_sync Enter - MemInfo: [malloc] Total allocated space:                      36039552 Byte
20220313 061512.285 INFO             PET0 PIOc_sync Enter - MemInfo: [malloc] Total free space:                             119936 Byte
20220313 061512.285 INFO             PET0 PIOc_sync Enter - MemInfo: [malloc] Top-most, releasable space:                   118432 Byte
20220313 061512.285 INFO             PET0 PIOc_sync Enter - MemInfo: [malloc] Total space in use, mmap + non-mmap:        36039552 Byte
20220313 061512.285 INFO             PET0 PIOc_sync Enter - MemInfo: [malloc] Total space held (mmap + non-mmap):         36159488 Byte
20220313 061512.285 INFO             PET0 PIOc_sync Enter - MemInfo: [malloc] Total space used (mmap + non-mmap):         36048880 Byte
20220313 061512.285 INFO             PET0 PIOc_sync Enter - MemInfo: Wall-clock time since execution start:              0.0150542 seconds
20220313 061512.286 INFO             PET0 PIOc_sync Exit - MemInfo: [/proc/meminfo - SSI]	MemTotal:       65507008 kB
20220313 061512.286 INFO             PET0 PIOc_sync Exit - MemInfo: [/proc/meminfo - SSI]	MemFree:        49866444 kB
20220313 061512.286 INFO             PET0 PIOc_sync Exit - MemInfo: [/proc/meminfo - SSI]	MemAvailable:   49619744 kB
20220313 061512.286 INFO             PET0 PIOc_sync Exit - MemInfo: [/proc/meminfo - SSI]	Committed_AS:   13168996 kB
20220313 061512.286 INFO             PET0 PIOc_sync Exit - MemInfo: [/proc/meminfo - SSI]	CommittedPercent: 20.1032 %
20220313 061512.286 INFO             PET0 PIOc_sync Exit - MemInfo: [/proc/self/status]	VmPeak:	  134224 kB
20220313 061512.286 INFO             PET0 PIOc_sync Exit - MemInfo: [/proc/self/status]	VmSize:	  134224 kB
20220313 061512.286 INFO             PET0 PIOc_sync Exit - MemInfo: [/proc/self/status]	VmLck:	       0 kB
20220313 061512.286 INFO             PET0 PIOc_sync Exit - MemInfo: [/proc/self/status]	VmPin:	       0 kB
20220313 061512.286 INFO             PET0 PIOc_sync Exit - MemInfo: [/proc/self/status]	VmHWM:	   30092 kB
20220313 061512.286 INFO             PET0 PIOc_sync Exit - MemInfo: [/proc/self/status]	VmRSS:	   30092 kB
20220313 061512.286 INFO             PET0 PIOc_sync Exit - MemInfo: [/proc/self/status]	VmData:	   38648 kB
20220313 061512.286 INFO             PET0 PIOc_sync Exit - MemInfo: [/proc/self/status]	VmStk:	     144 kB
20220313 061512.286 INFO             PET0 PIOc_sync Exit - MemInfo: [/proc/self/status]	VmExe:	     196 kB
20220313 061512.286 INFO             PET0 PIOc_sync Exit - MemInfo: [/proc/self/status]	VmLib:	   39752 kB
20220313 061512.286 INFO             PET0 PIOc_sync Exit - MemInfo: [/proc/self/status]	VmPTE:	     248 kB
20220313 061512.286 INFO             PET0 PIOc_sync Exit - MemInfo: [/proc/self/status]	VmPMD:	      16 kB
20220313 061512.286 INFO             PET0 PIOc_sync Exit - MemInfo: [/proc/self/status]	VmSwap:	       0 kB
20220313 061512.286 INFO             PET0 PIOc_sync Exit - MemInfo: [/proc/self/status]	VmRSSPercent: 0.0459371 %
20220313 061512.286 INFO             PET0 PIOc_sync Exit - MemInfo: [malloc] Non-mmapped space allocated:                36159488 Byte
20220313 061512.286 INFO             PET0 PIOc_sync Exit - MemInfo: [malloc] Space allocated in mmapped regions:                0 Byte
20220313 061512.286 INFO             PET0 PIOc_sync Exit - MemInfo: [malloc] Maximum total allocated space:                     0 Byte
20220313 061512.286 INFO             PET0 PIOc_sync Exit - MemInfo: [malloc] Space in freed fastbin blocks:                   704 Byte
20220313 061512.286 INFO             PET0 PIOc_sync Exit - MemInfo: [malloc] Total allocated space:                      36038912 Byte
20220313 061512.286 INFO             PET0 PIOc_sync Exit - MemInfo: [malloc] Total free space:                             120576 Byte
20220313 061512.286 INFO             PET0 PIOc_sync Exit - MemInfo: [malloc] Top-most, releasable space:                   118368 Byte
20220313 061512.286 INFO             PET0 PIOc_sync Exit - MemInfo: [malloc] Total space in use, mmap + non-mmap:        36038912 Byte
20220313 061512.286 INFO             PET0 PIOc_sync Exit - MemInfo: [malloc] Total space held (mmap + non-mmap):         36159488 Byte
20220313 061512.286 INFO             PET0 PIOc_sync Exit - MemInfo: [malloc] Total space used (mmap + non-mmap):         36048240 Byte
20220313 061512.286 INFO             PET0 PIOc_sync Exit - MemInfo: Wall-clock time since execution start:              0.0161163 seconds
20220313 061512.286 INFO             PET0 PIOc_freedecomp Enter - MemInfo: [/proc/meminfo - SSI]	MemTotal:       65507008 kB
20220313 061512.287 INFO             PET0 PIOc_freedecomp Enter - MemInfo: [/proc/meminfo - SSI]	MemFree:        49866444 kB
20220313 061512.287 INFO             PET0 PIOc_freedecomp Enter - MemInfo: [/proc/meminfo - SSI]	MemAvailable:   49619744 kB
20220313 061512.287 INFO             PET0 PIOc_freedecomp Enter - MemInfo: [/proc/meminfo - SSI]	Committed_AS:   13168996 kB
20220313 061512.287 INFO             PET0 PIOc_freedecomp Enter - MemInfo: [/proc/meminfo - SSI]	CommittedPercent: 20.1032 %
20220313 061512.287 INFO             PET0 PIOc_freedecomp Enter - MemInfo: [/proc/self/status]	VmPeak:	  134224 kB
20220313 061512.287 INFO             PET0 PIOc_freedecomp Enter - MemInfo: [/proc/self/status]	VmSize:	  134224 kB
20220313 061512.287 INFO             PET0 PIOc_freedecomp Enter - MemInfo: [/proc/self/status]	VmLck:	       0 kB
20220313 061512.287 INFO             PET0 PIOc_freedecomp Enter - MemInfo: [/proc/self/status]	VmPin:	       0 kB
20220313 061512.287 INFO             PET0 PIOc_freedecomp Enter - MemInfo: [/proc/self/status]	VmHWM:	   30092 kB
20220313 061512.287 INFO             PET0 PIOc_freedecomp Enter - MemInfo: [/proc/self/status]	VmRSS:	   30092 kB
20220313 061512.287 INFO             PET0 PIOc_freedecomp Enter - MemInfo: [/proc/self/status]	VmData:	   38648 kB
20220313 061512.287 INFO             PET0 PIOc_freedecomp Enter - MemInfo: [/proc/self/status]	VmStk:	     144 kB
20220313 061512.287 INFO             PET0 PIOc_freedecomp Enter - MemInfo: [/proc/self/status]	VmExe:	     196 kB
20220313 061512.287 INFO             PET0 PIOc_freedecomp Enter - MemInfo: [/proc/self/status]	VmLib:	   39752 kB
20220313 061512.287 INFO             PET0 PIOc_freedecomp Enter - MemInfo: [/proc/self/status]	VmPTE:	     248 kB
20220313 061512.287 INFO             PET0 PIOc_freedecomp Enter - MemInfo: [/proc/self/status]	VmPMD:	      16 kB
20220313 061512.287 INFO             PET0 PIOc_freedecomp Enter - MemInfo: [/proc/self/status]	VmSwap:	       0 kB
20220313 061512.287 INFO             PET0 PIOc_freedecomp Enter - MemInfo: [/proc/self/status]	VmRSSPercent: 0.0459371 %
20220313 061512.287 INFO             PET0 PIOc_freedecomp Enter - MemInfo: [malloc] Non-mmapped space allocated:                36159488 Byte
20220313 061512.287 INFO             PET0 PIOc_freedecomp Enter - MemInfo: [malloc] Space allocated in mmapped regions:                0 Byte
20220313 061512.287 INFO             PET0 PIOc_freedecomp Enter - MemInfo: [malloc] Maximum total allocated space:                     0 Byte
20220313 061512.287 INFO             PET0 PIOc_freedecomp Enter - MemInfo: [malloc] Space in freed fastbin blocks:                  1024 Byte
20220313 061512.287 INFO             PET0 PIOc_freedecomp Enter - MemInfo: [malloc] Total allocated space:                      18724288 Byte
20220313 061512.287 INFO             PET0 PIOc_freedecomp Enter - MemInfo: [malloc] Total free space:                           17435200 Byte
20220313 061512.287 INFO             PET0 PIOc_freedecomp Enter - MemInfo: [malloc] Top-most, releasable space:                   118368 Byte
20220313 061512.287 INFO             PET0 PIOc_freedecomp Enter - MemInfo: [malloc] Total space in use, mmap + non-mmap:        18724288 Byte
20220313 061512.287 INFO             PET0 PIOc_freedecomp Enter - MemInfo: [malloc] Total space held (mmap + non-mmap):         36159488 Byte
20220313 061512.287 INFO             PET0 PIOc_freedecomp Enter - MemInfo: [malloc] Total space used (mmap + non-mmap):         18733632 Byte
20220313 061512.287 INFO             PET0 PIOc_freedecomp Enter - MemInfo: Wall-clock time since execution start:              0.0164828 seconds
20220313 061512.287 INFO             PET0 PIOc_freedecomp Exit - MemInfo: [/proc/meminfo - SSI]	MemTotal:       65507008 kB
20220313 061512.287 INFO             PET0 PIOc_freedecomp Exit - MemInfo: [/proc/meminfo - SSI]	MemFree:        49866444 kB
20220313 061512.287 INFO             PET0 PIOc_freedecomp Exit - MemInfo: [/proc/meminfo - SSI]	MemAvailable:   49619744 kB
20220313 061512.287 INFO             PET0 PIOc_freedecomp Exit - MemInfo: [/proc/meminfo - SSI]	Committed_AS:   13168996 kB
20220313 061512.287 INFO             PET0 PIOc_freedecomp Exit - MemInfo: [/proc/meminfo - SSI]	CommittedPercent: 20.1032 %
20220313 061512.287 INFO             PET0 PIOc_freedecomp Exit - MemInfo: [/proc/self/status]	VmPeak:	  134224 kB
20220313 061512.287 INFO             PET0 PIOc_freedecomp Exit - MemInfo: [/proc/self/status]	VmSize:	  134224 kB
20220313 061512.287 INFO             PET0 PIOc_freedecomp Exit - MemInfo: [/proc/self/status]	VmLck:	       0 kB
20220313 061512.287 INFO             PET0 PIOc_freedecomp Exit - MemInfo: [/proc/self/status]	VmPin:	       0 kB
20220313 061512.287 INFO             PET0 PIOc_freedecomp Exit - MemInfo: [/proc/self/status]	VmHWM:	   30096 kB
20220313 061512.287 INFO             PET0 PIOc_freedecomp Exit - MemInfo: [/proc/self/status]	VmRSS:	   30096 kB
20220313 061512.287 INFO             PET0 PIOc_freedecomp Exit - MemInfo: [/proc/self/status]	VmData:	   38648 kB
20220313 061512.287 INFO             PET0 PIOc_freedecomp Exit - MemInfo: [/proc/self/status]	VmStk:	     144 kB
20220313 061512.287 INFO             PET0 PIOc_freedecomp Exit - MemInfo: [/proc/self/status]	VmExe:	     196 kB
20220313 061512.287 INFO             PET0 PIOc_freedecomp Exit - MemInfo: [/proc/self/status]	VmLib:	   39752 kB
20220313 061512.287 INFO             PET0 PIOc_freedecomp Exit - MemInfo: [/proc/self/status]	VmPTE:	     248 kB
20220313 061512.287 INFO             PET0 PIOc_freedecomp Exit - MemInfo: [/proc/self/status]	VmPMD:	      16 kB
20220313 061512.287 INFO             PET0 PIOc_freedecomp Exit - MemInfo: [/proc/self/status]	VmSwap:	       0 kB
20220313 061512.287 INFO             PET0 PIOc_freedecomp Exit - MemInfo: [/proc/self/status]	VmRSSPercent: 0.0459432 %
20220313 061512.287 INFO             PET0 PIOc_freedecomp Exit - MemInfo: [malloc] Non-mmapped space allocated:                36159488 Byte
20220313 061512.287 INFO             PET0 PIOc_freedecomp Exit - MemInfo: [malloc] Space allocated in mmapped regions:                0 Byte
20220313 061512.287 INFO             PET0 PIOc_freedecomp Exit - MemInfo: [malloc] Maximum total allocated space:                     0 Byte
20220313 061512.287 INFO             PET0 PIOc_freedecomp Exit - MemInfo: [malloc] Space in freed fastbin blocks:                  1280 Byte
20220313 061512.287 INFO             PET0 PIOc_freedecomp Exit - MemInfo: [malloc] Total allocated space:                      18722384 Byte
20220313 061512.287 INFO             PET0 PIOc_freedecomp Exit - MemInfo: [malloc] Total free space:                           17437104 Byte
20220313 061512.287 INFO             PET0 PIOc_freedecomp Exit - MemInfo: [malloc] Top-most, releasable space:                   118368 Byte
20220313 061512.287 INFO             PET0 PIOc_freedecomp Exit - MemInfo: [malloc] Total space in use, mmap + non-mmap:        18722384 Byte
20220313 061512.287 INFO             PET0 PIOc_freedecomp Exit - MemInfo: [malloc] Total space held (mmap + non-mmap):         36159488 Byte
20220313 061512.287 INFO             PET0 PIOc_freedecomp Exit - MemInfo: [malloc] Total space used (mmap + non-mmap):         18731712 Byte
20220313 061512.287 INFO             PET0 PIOc_freedecomp Exit - MemInfo: Wall-clock time since execution start:              0.0168082 seconds
20220313 061512.288 INFO             PET0 PIOc_sync Enter - MemInfo: [/proc/meminfo - SSI]	MemTotal:       65507008 kB
20220313 061512.288 INFO             PET0 PIOc_sync Enter - MemInfo: [/proc/meminfo - SSI]	MemFree:        49866444 kB
20220313 061512.288 INFO             PET0 PIOc_sync Enter - MemInfo: [/proc/meminfo - SSI]	MemAvailable:   49619744 kB
20220313 061512.288 INFO             PET0 PIOc_sync Enter - MemInfo: [/proc/meminfo - SSI]	Committed_AS:   13168996 kB
20220313 061512.288 INFO             PET0 PIOc_sync Enter - MemInfo: [/proc/meminfo - SSI]	CommittedPercent: 20.1032 %
20220313 061512.288 INFO             PET0 PIOc_sync Enter - MemInfo: [/proc/self/status]	VmPeak:	  142412 kB
20220313 061512.288 INFO             PET0 PIOc_sync Enter - MemInfo: [/proc/self/status]	VmSize:	  134224 kB
20220313 061512.288 INFO             PET0 PIOc_sync Enter - MemInfo: [/proc/self/status]	VmLck:	       0 kB
20220313 061512.288 INFO             PET0 PIOc_sync Enter - MemInfo: [/proc/self/status]	VmPin:	       0 kB
20220313 061512.288 INFO             PET0 PIOc_sync Enter - MemInfo: [/proc/self/status]	VmHWM:	   30100 kB
20220313 061512.288 INFO             PET0 PIOc_sync Enter - MemInfo: [/proc/self/status]	VmRSS:	   30100 kB
20220313 061512.288 INFO             PET0 PIOc_sync Enter - MemInfo: [/proc/self/status]	VmData:	   38648 kB
20220313 061512.288 INFO             PET0 PIOc_sync Enter - MemInfo: [/proc/self/status]	VmStk:	     144 kB
20220313 061512.288 INFO             PET0 PIOc_sync Enter - MemInfo: [/proc/self/status]	VmExe:	     196 kB
20220313 061512.288 INFO             PET0 PIOc_sync Enter - MemInfo: [/proc/self/status]	VmLib:	   39752 kB
20220313 061512.288 INFO             PET0 PIOc_sync Enter - MemInfo: [/proc/self/status]	VmPTE:	     248 kB
20220313 061512.288 INFO             PET0 PIOc_sync Enter - MemInfo: [/proc/self/status]	VmPMD:	      16 kB
20220313 061512.288 INFO             PET0 PIOc_sync Enter - MemInfo: [/proc/self/status]	VmSwap:	       0 kB
20220313 061512.288 INFO             PET0 PIOc_sync Enter - MemInfo: [/proc/self/status]	VmRSSPercent: 0.0459493 %
20220313 061512.288 INFO             PET0 PIOc_sync Enter - MemInfo: [malloc] Non-mmapped space allocated:                36159488 Byte
20220313 061512.288 INFO             PET0 PIOc_sync Enter - MemInfo: [malloc] Space allocated in mmapped regions:                0 Byte
20220313 061512.288 INFO             PET0 PIOc_sync Enter - MemInfo: [malloc] Maximum total allocated space:                     0 Byte
20220313 061512.288 INFO             PET0 PIOc_sync Enter - MemInfo: [malloc] Space in freed fastbin blocks:                  1248 Byte
20220313 061512.289 INFO             PET0 PIOc_sync Enter - MemInfo: [malloc] Total allocated space:                      36039920 Byte
20220313 061512.289 INFO             PET0 PIOc_sync Enter - MemInfo: [malloc] Total free space:                             119568 Byte
20220313 061512.289 INFO             PET0 PIOc_sync Enter - MemInfo: [malloc] Top-most, releasable space:                   117088 Byte
20220313 061512.289 INFO             PET0 PIOc_sync Enter - MemInfo: [malloc] Total space in use, mmap + non-mmap:        36039920 Byte
20220313 061512.289 INFO             PET0 PIOc_sync Enter - MemInfo: [malloc] Total space held (mmap + non-mmap):         36159488 Byte
20220313 061512.289 INFO             PET0 PIOc_sync Enter - MemInfo: [malloc] Total space used (mmap + non-mmap):         36049248 Byte
20220313 061512.289 INFO             PET0 PIOc_sync Enter - MemInfo: Wall-clock time since execution start:              0.0182506 seconds
20220313 061512.289 INFO             PET0 PIOc_sync Exit - MemInfo: [/proc/meminfo - SSI]	MemTotal:       65507008 kB
20220313 061512.289 INFO             PET0 PIOc_sync Exit - MemInfo: [/proc/meminfo - SSI]	MemFree:        49866444 kB
20220313 061512.289 INFO             PET0 PIOc_sync Exit - MemInfo: [/proc/meminfo - SSI]	MemAvailable:   49619744 kB
20220313 061512.289 INFO             PET0 PIOc_sync Exit - MemInfo: [/proc/meminfo - SSI]	Committed_AS:   13168996 kB
20220313 061512.289 INFO             PET0 PIOc_sync Exit - MemInfo: [/proc/meminfo - SSI]	CommittedPercent: 20.1032 %
20220313 061512.289 INFO             PET0 PIOc_sync Exit - MemInfo: [/proc/self/status]	VmPeak:	  142412 kB
20220313 061512.289 INFO             PET0 PIOc_sync Exit - MemInfo: [/proc/self/status]	VmSize:	  134224 kB
20220313 061512.289 INFO             PET0 PIOc_sync Exit - MemInfo: [/proc/self/status]	VmLck:	       0 kB
20220313 061512.289 INFO             PET0 PIOc_sync Exit - MemInfo: [/proc/self/status]	VmPin:	       0 kB
20220313 061512.289 INFO             PET0 PIOc_sync Exit - MemInfo: [/proc/self/status]	VmHWM:	   30104 kB
20220313 061512.289 INFO             PET0 PIOc_sync Exit - MemInfo: [/proc/self/status]	VmRSS:	   30104 kB
20220313 061512.289 INFO             PET0 PIOc_sync Exit - MemInfo: [/proc/self/status]	VmData:	   38648 kB
20220313 061512.289 INFO             PET0 PIOc_sync Exit - MemInfo: [/proc/self/status]	VmStk:	     144 kB
20220313 061512.289 INFO             PET0 PIOc_sync Exit - MemInfo: [/proc/self/status]	VmExe:	     196 kB
20220313 061512.289 INFO             PET0 PIOc_sync Exit - MemInfo: [/proc/self/status]	VmLib:	   39752 kB
20220313 061512.289 INFO             PET0 PIOc_sync Exit - MemInfo: [/proc/self/status]	VmPTE:	     248 kB
20220313 061512.289 INFO             PET0 PIOc_sync Exit - MemInfo: [/proc/self/status]	VmPMD:	      16 kB
20220313 061512.289 INFO             PET0 PIOc_sync Exit - MemInfo: [/proc/self/status]	VmSwap:	       0 kB
20220313 061512.289 INFO             PET0 PIOc_sync Exit - MemInfo: [/proc/self/status]	VmRSSPercent: 0.0459554 %
20220313 061512.289 INFO             PET0 PIOc_sync Exit - MemInfo: [malloc] Non-mmapped space allocated:                36159488 Byte
20220313 061512.289 INFO             PET0 PIOc_sync Exit - MemInfo: [malloc] Space allocated in mmapped regions:                0 Byte
20220313 061512.289 INFO             PET0 PIOc_sync Exit - MemInfo: [malloc] Maximum total allocated space:                     0 Byte
20220313 061512.289 INFO             PET0 PIOc_sync Exit - MemInfo: [malloc] Space in freed fastbin blocks:                  1088 Byte
20220313 061512.289 INFO             PET0 PIOc_sync Exit - MemInfo: [malloc] Total allocated space:                      36039328 Byte
20220313 061512.289 INFO             PET0 PIOc_sync Exit - MemInfo: [malloc] Total free space:                             120160 Byte
20220313 061512.289 INFO             PET0 PIOc_sync Exit - MemInfo: [malloc] Top-most, releasable space:                   117088 Byte
20220313 061512.289 INFO             PET0 PIOc_sync Exit - MemInfo: [malloc] Total space in use, mmap + non-mmap:        36039328 Byte
20220313 061512.289 INFO             PET0 PIOc_sync Exit - MemInfo: [malloc] Total space held (mmap + non-mmap):         36159488 Byte
20220313 061512.289 INFO             PET0 PIOc_sync Exit - MemInfo: [malloc] Total space used (mmap + non-mmap):         36048656 Byte
20220313 061512.289 INFO             PET0 PIOc_sync Exit - MemInfo: Wall-clock time since execution start:              0.0186296 seconds
20220313 061512.289 INFO             PET0 PIOc_freedecomp Enter - MemInfo: [/proc/meminfo - SSI]	MemTotal:       65507008 kB
20220313 061512.289 INFO             PET0 PIOc_freedecomp Enter - MemInfo: [/proc/meminfo - SSI]	MemFree:        49866444 kB
20220313 061512.289 INFO             PET0 PIOc_freedecomp Enter - MemInfo: [/proc/meminfo - SSI]	MemAvailable:   49619744 kB
20220313 061512.289 INFO             PET0 PIOc_freedecomp Enter - MemInfo: [/proc/meminfo - SSI]	Committed_AS:   13168996 kB
20220313 061512.289 INFO             PET0 PIOc_freedecomp Enter - MemInfo: [/proc/meminfo - SSI]	CommittedPercent: 20.1032 %
20220313 061512.289 INFO             PET0 PIOc_freedecomp Enter - MemInfo: [/proc/self/status]	VmPeak:	  142412 kB
20220313 061512.289 INFO             PET0 PIOc_freedecomp Enter - MemInfo: [/proc/self/status]	VmSize:	  134224 kB
20220313 061512.289 INFO             PET0 PIOc_freedecomp Enter - MemInfo: [/proc/self/status]	VmLck:	       0 kB
20220313 061512.289 INFO             PET0 PIOc_freedecomp Enter - MemInfo: [/proc/self/status]	VmPin:	       0 kB
20220313 061512.289 INFO             PET0 PIOc_freedecomp Enter - MemInfo: [/proc/self/status]	VmHWM:	   30104 kB
20220313 061512.289 INFO             PET0 PIOc_freedecomp Enter - MemInfo: [/proc/self/status]	VmRSS:	   30104 kB
20220313 061512.289 INFO             PET0 PIOc_freedecomp Enter - MemInfo: [/proc/self/status]	VmData:	   38648 kB
20220313 061512.289 INFO             PET0 PIOc_freedecomp Enter - MemInfo: [/proc/self/status]	VmStk:	     144 kB
20220313 061512.289 INFO             PET0 PIOc_freedecomp Enter - MemInfo: [/proc/self/status]	VmExe:	     196 kB
20220313 061512.289 INFO             PET0 PIOc_freedecomp Enter - MemInfo: [/proc/self/status]	VmLib:	   39752 kB
20220313 061512.289 INFO             PET0 PIOc_freedecomp Enter - MemInfo: [/proc/self/status]	VmPTE:	     248 kB
20220313 061512.289 INFO             PET0 PIOc_freedecomp Enter - MemInfo: [/proc/self/status]	VmPMD:	      16 kB
20220313 061512.289 INFO             PET0 PIOc_freedecomp Enter - MemInfo: [/proc/self/status]	VmSwap:	       0 kB
20220313 061512.289 INFO             PET0 PIOc_freedecomp Enter - MemInfo: [/proc/self/status]	VmRSSPercent: 0.0459554 %
20220313 061512.289 INFO             PET0 PIOc_freedecomp Enter - MemInfo: [malloc] Non-mmapped space allocated:                36159488 Byte
20220313 061512.289 INFO             PET0 PIOc_freedecomp Enter - MemInfo: [malloc] Space allocated in mmapped regions:                0 Byte
20220313 061512.289 INFO             PET0 PIOc_freedecomp Enter - MemInfo: [malloc] Maximum total allocated space:                     0 Byte
20220313 061512.289 INFO             PET0 PIOc_freedecomp Enter - MemInfo: [malloc] Space in freed fastbin blocks:                  1024 Byte
20220313 061512.289 INFO             PET0 PIOc_freedecomp Enter - MemInfo: [malloc] Total allocated space:                      18724288 Byte
20220313 061512.289 INFO             PET0 PIOc_freedecomp Enter - MemInfo: [malloc] Total free space:                           17435200 Byte
20220313 061512.289 INFO             PET0 PIOc_freedecomp Enter - MemInfo: [malloc] Top-most, releasable space:                   118368 Byte
20220313 061512.289 INFO             PET0 PIOc_freedecomp Enter - MemInfo: [malloc] Total space in use, mmap + non-mmap:        18724288 Byte
20220313 061512.289 INFO             PET0 PIOc_freedecomp Enter - MemInfo: [malloc] Total space held (mmap + non-mmap):         36159488 Byte
20220313 061512.289 INFO             PET0 PIOc_freedecomp Enter - MemInfo: [malloc] Total space used (mmap + non-mmap):         18733616 Byte
20220313 061512.289 INFO             PET0 PIOc_freedecomp Enter - MemInfo: Wall-clock time since execution start:              0.0189827 seconds
20220313 061512.289 INFO             PET0 PIOc_freedecomp Exit - MemInfo: [/proc/meminfo - SSI]	MemTotal:       65507008 kB
20220313 061512.289 INFO             PET0 PIOc_freedecomp Exit - MemInfo: [/proc/meminfo - SSI]	MemFree:        49866444 kB
20220313 061512.289 INFO             PET0 PIOc_freedecomp Exit - MemInfo: [/proc/meminfo - SSI]	MemAvailable:   49619744 kB
20220313 061512.289 INFO             PET0 PIOc_freedecomp Exit - MemInfo: [/proc/meminfo - SSI]	Committed_AS:   13168996 kB
20220313 061512.289 INFO             PET0 PIOc_freedecomp Exit - MemInfo: [/proc/meminfo - SSI]	CommittedPercent: 20.1032 %
20220313 061512.289 INFO             PET0 PIOc_freedecomp Exit - MemInfo: [/proc/self/status]	VmPeak:	  142412 kB
20220313 061512.289 INFO             PET0 PIOc_freedecomp Exit - MemInfo: [/proc/self/status]	VmSize:	  134224 kB
20220313 061512.289 INFO             PET0 PIOc_freedecomp Exit - MemInfo: [/proc/self/status]	VmLck:	       0 kB
20220313 061512.289 INFO             PET0 PIOc_freedecomp Exit - MemInfo: [/proc/self/status]	VmPin:	       0 kB
20220313 061512.289 INFO             PET0 PIOc_freedecomp Exit - MemInfo: [/proc/self/status]	VmHWM:	   30104 kB
20220313 061512.289 INFO             PET0 PIOc_freedecomp Exit - MemInfo: [/proc/self/status]	VmRSS:	   30104 kB
20220313 061512.289 INFO             PET0 PIOc_freedecomp Exit - MemInfo: [/proc/self/status]	VmData:	   38648 kB
20220313 061512.289 INFO             PET0 PIOc_freedecomp Exit - MemInfo: [/proc/self/status]	VmStk:	     144 kB
20220313 061512.289 INFO             PET0 PIOc_freedecomp Exit - MemInfo: [/proc/self/status]	VmExe:	     196 kB
20220313 061512.289 INFO             PET0 PIOc_freedecomp Exit - MemInfo: [/proc/self/status]	VmLib:	   39752 kB
20220313 061512.289 INFO             PET0 PIOc_freedecomp Exit - MemInfo: [/proc/self/status]	VmPTE:	     248 kB
20220313 061512.289 INFO             PET0 PIOc_freedecomp Exit - MemInfo: [/proc/self/status]	VmPMD:	      16 kB
20220313 061512.289 INFO             PET0 PIOc_freedecomp Exit - MemInfo: [/proc/self/status]	VmSwap:	       0 kB
20220313 061512.290 INFO             PET0 PIOc_freedecomp Exit - MemInfo: [/proc/self/status]	VmRSSPercent: 0.0459554 %
20220313 061512.290 INFO             PET0 PIOc_freedecomp Exit - MemInfo: [malloc] Non-mmapped space allocated:                36159488 Byte
20220313 061512.290 INFO             PET0 PIOc_freedecomp Exit - MemInfo: [malloc] Space allocated in mmapped regions:                0 Byte
20220313 061512.290 INFO             PET0 PIOc_freedecomp Exit - MemInfo: [malloc] Maximum total allocated space:                     0 Byte
20220313 061512.290 INFO             PET0 PIOc_freedecomp Exit - MemInfo: [malloc] Space in freed fastbin blocks:                  1840 Byte
20220313 061512.290 INFO             PET0 PIOc_freedecomp Exit - MemInfo: [malloc] Total allocated space:                      18722384 Byte
20220313 061512.290 INFO             PET0 PIOc_freedecomp Exit - MemInfo: [malloc] Total free space:                           17437104 Byte
20220313 061512.290 INFO             PET0 PIOc_freedecomp Exit - MemInfo: [malloc] Top-most, releasable space:                   118368 Byte
20220313 061512.290 INFO             PET0 PIOc_freedecomp Exit - MemInfo: [malloc] Total space in use, mmap + non-mmap:        18722384 Byte
20220313 061512.290 INFO             PET0 PIOc_freedecomp Exit - MemInfo: [malloc] Total space held (mmap + non-mmap):         36159488 Byte
20220313 061512.290 INFO             PET0 PIOc_freedecomp Exit - MemInfo: [malloc] Total space used (mmap + non-mmap):         18731712 Byte
20220313 061512.290 INFO             PET0 PIOc_freedecomp Exit - MemInfo: Wall-clock time since execution start:              0.0193034 seconds
20220313 061512.290 INFO             PET0 PIOc_sync Enter - MemInfo: [/proc/meminfo - SSI]	MemTotal:       65507008 kB
20220313 061512.290 INFO             PET0 PIOc_sync Enter - MemInfo: [/proc/meminfo - SSI]	MemFree:        49866444 kB
20220313 061512.290 INFO             PET0 PIOc_sync Enter - MemInfo: [/proc/meminfo - SSI]	MemAvailable:   49619744 kB
20220313 061512.290 INFO             PET0 PIOc_sync Enter - MemInfo: [/proc/meminfo - SSI]	Committed_AS:   13168996 kB
20220313 061512.290 INFO             PET0 PIOc_sync Enter - MemInfo: [/proc/meminfo - SSI]	CommittedPercent: 20.1032 %
20220313 061512.290 INFO             PET0 PIOc_sync Enter - MemInfo: [/proc/self/status]	VmPeak:	  142412 kB
20220313 061512.290 INFO             PET0 PIOc_sync Enter - MemInfo: [/proc/self/status]	VmSize:	  134224 kB
20220313 061512.290 INFO             PET0 PIOc_sync Enter - MemInfo: [/proc/self/status]	VmLck:	       0 kB
20220313 061512.290 INFO             PET0 PIOc_sync Enter - MemInfo: [/proc/self/status]	VmPin:	       0 kB
20220313 061512.290 INFO             PET0 PIOc_sync Enter - MemInfo: [/proc/self/status]	VmHWM:	   30104 kB
20220313 061512.290 INFO             PET0 PIOc_sync Enter - MemInfo: [/proc/self/status]	VmRSS:	   30104 kB
20220313 061512.290 INFO             PET0 PIOc_sync Enter - MemInfo: [/proc/self/status]	VmData:	   38648 kB
20220313 061512.290 INFO             PET0 PIOc_sync Enter - MemInfo: [/proc/self/status]	VmStk:	     144 kB
20220313 061512.290 INFO             PET0 PIOc_sync Enter - MemInfo: [/proc/self/status]	VmExe:	     196 kB
20220313 061512.290 INFO             PET0 PIOc_sync Enter - MemInfo: [/proc/self/status]	VmLib:	   39752 kB
20220313 061512.291 INFO             PET0 PIOc_sync Enter - MemInfo: [/proc/self/status]	VmPTE:	     248 kB
20220313 061512.291 INFO             PET0 PIOc_sync Enter - MemInfo: [/proc/self/status]	VmPMD:	      16 kB
20220313 061512.291 INFO             PET0 PIOc_sync Enter - MemInfo: [/proc/self/status]	VmSwap:	       0 kB
20220313 061512.291 INFO             PET0 PIOc_sync Enter - MemInfo: [/proc/self/status]	VmRSSPercent: 0.0459554 %
20220313 061512.291 INFO             PET0 PIOc_sync Enter - MemInfo: [malloc] Non-mmapped space allocated:                36159488 Byte
20220313 061512.291 INFO             PET0 PIOc_sync Enter - MemInfo: [malloc] Space allocated in mmapped regions:                0 Byte
20220313 061512.291 INFO             PET0 PIOc_sync Enter - MemInfo: [malloc] Maximum total allocated space:                     0 Byte
20220313 061512.291 INFO             PET0 PIOc_sync Enter - MemInfo: [malloc] Space in freed fastbin blocks:                  1488 Byte
20220313 061512.291 INFO             PET0 PIOc_sync Enter - MemInfo: [malloc] Total allocated space:                      36040368 Byte
20220313 061512.291 INFO             PET0 PIOc_sync Enter - MemInfo: [malloc] Total free space:                             119120 Byte
20220313 061512.291 INFO             PET0 PIOc_sync Enter - MemInfo: [malloc] Top-most, releasable space:                   116672 Byte
20220313 061512.291 INFO             PET0 PIOc_sync Enter - MemInfo: [malloc] Total space in use, mmap + non-mmap:        36040368 Byte
20220313 061512.291 INFO             PET0 PIOc_sync Enter - MemInfo: [malloc] Total space held (mmap + non-mmap):         36159488 Byte
20220313 061512.291 INFO             PET0 PIOc_sync Enter - MemInfo: [malloc] Total space used (mmap + non-mmap):         36049696 Byte
20220313 061512.291 INFO             PET0 PIOc_sync Enter - MemInfo: Wall-clock time since execution start:              0.0203263 seconds
20220313 061512.291 INFO             PET0 PIOc_sync Exit - MemInfo: [/proc/meminfo - SSI]	MemTotal:       65507008 kB
20220313 061512.291 INFO             PET0 PIOc_sync Exit - MemInfo: [/proc/meminfo - SSI]	MemFree:        49866444 kB
20220313 061512.291 INFO             PET0 PIOc_sync Exit - MemInfo: [/proc/meminfo - SSI]	MemAvailable:   49619744 kB
20220313 061512.291 INFO             PET0 PIOc_sync Exit - MemInfo: [/proc/meminfo - SSI]	Committed_AS:   13168996 kB
20220313 061512.291 INFO             PET0 PIOc_sync Exit - MemInfo: [/proc/meminfo - SSI]	CommittedPercent: 20.1032 %
20220313 061512.291 INFO             PET0 PIOc_sync Exit - MemInfo: [/proc/self/status]	VmPeak:	  142412 kB
20220313 061512.291 INFO             PET0 PIOc_sync Exit - MemInfo: [/proc/self/status]	VmSize:	  134224 kB
20220313 061512.291 INFO             PET0 PIOc_sync Exit - MemInfo: [/proc/self/status]	VmLck:	       0 kB
20220313 061512.291 INFO             PET0 PIOc_sync Exit - MemInfo: [/proc/self/status]	VmPin:	       0 kB
20220313 061512.291 INFO             PET0 PIOc_sync Exit - MemInfo: [/proc/self/status]	VmHWM:	   30104 kB
20220313 061512.291 INFO             PET0 PIOc_sync Exit - MemInfo: [/proc/self/status]	VmRSS:	   30104 kB
20220313 061512.291 INFO             PET0 PIOc_sync Exit - MemInfo: [/proc/self/status]	VmData:	   38648 kB
20220313 061512.291 INFO             PET0 PIOc_sync Exit - MemInfo: [/proc/self/status]	VmStk:	     144 kB
20220313 061512.291 INFO             PET0 PIOc_sync Exit - MemInfo: [/proc/self/status]	VmExe:	     196 kB
20220313 061512.291 INFO             PET0 PIOc_sync Exit - MemInfo: [/proc/self/status]	VmLib:	   39752 kB
20220313 061512.291 INFO             PET0 PIOc_sync Exit - MemInfo: [/proc/self/status]	VmPTE:	     248 kB
20220313 061512.291 INFO             PET0 PIOc_sync Exit - MemInfo: [/proc/self/status]	VmPMD:	      16 kB
20220313 061512.291 INFO             PET0 PIOc_sync Exit - MemInfo: [/proc/self/status]	VmSwap:	       0 kB
20220313 061512.291 INFO             PET0 PIOc_sync Exit - MemInfo: [/proc/self/status]	VmRSSPercent: 0.0459554 %
20220313 061512.291 INFO             PET0 PIOc_sync Exit - MemInfo: [malloc] Non-mmapped space allocated:                36159488 Byte
20220313 061512.291 INFO             PET0 PIOc_sync Exit - MemInfo: [malloc] Space allocated in mmapped regions:                0 Byte
20220313 061512.291 INFO             PET0 PIOc_sync Exit - MemInfo: [malloc] Maximum total allocated space:                     0 Byte
20220313 061512.291 INFO             PET0 PIOc_sync Exit - MemInfo: [malloc] Space in freed fastbin blocks:                  1440 Byte
20220313 061512.291 INFO             PET0 PIOc_sync Exit - MemInfo: [malloc] Total allocated space:                      36039792 Byte
20220313 061512.291 INFO             PET0 PIOc_sync Exit - MemInfo: [malloc] Total free space:                             119696 Byte
20220313 061512.291 INFO             PET0 PIOc_sync Exit - MemInfo: [malloc] Top-most, releasable space:                   117440 Byte
20220313 061512.291 INFO             PET0 PIOc_sync Exit - MemInfo: [malloc] Total space in use, mmap + non-mmap:        36039792 Byte
20220313 061512.291 INFO             PET0 PIOc_sync Exit - MemInfo: [malloc] Total space held (mmap + non-mmap):         36159488 Byte
20220313 061512.291 INFO             PET0 PIOc_sync Exit - MemInfo: [malloc] Total space used (mmap + non-mmap):         36049120 Byte
20220313 061512.291 INFO             PET0 PIOc_sync Exit - MemInfo: Wall-clock time since execution start:              0.0207027 seconds
20220313 061512.291 INFO             PET0 PIOc_freedecomp Enter - MemInfo: [/proc/meminfo - SSI]	MemTotal:       65507008 kB
20220313 061512.291 INFO             PET0 PIOc_freedecomp Enter - MemInfo: [/proc/meminfo - SSI]	MemFree:        49866444 kB
20220313 061512.291 INFO             PET0 PIOc_freedecomp Enter - MemInfo: [/proc/meminfo - SSI]	MemAvailable:   49619744 kB
20220313 061512.291 INFO             PET0 PIOc_freedecomp Enter - MemInfo: [/proc/meminfo - SSI]	Committed_AS:   13168996 kB
20220313 061512.291 INFO             PET0 PIOc_freedecomp Enter - MemInfo: [/proc/meminfo - SSI]	CommittedPercent: 20.1032 %
20220313 061512.291 INFO             PET0 PIOc_freedecomp Enter - MemInfo: [/proc/self/status]	VmPeak:	  142412 kB
20220313 061512.291 INFO             PET0 PIOc_freedecomp Enter - MemInfo: [/proc/self/status]	VmSize:	  134224 kB
20220313 061512.291 INFO             PET0 PIOc_freedecomp Enter - MemInfo: [/proc/self/status]	VmLck:	       0 kB
20220313 061512.291 INFO             PET0 PIOc_freedecomp Enter - MemInfo: [/proc/self/status]	VmPin:	       0 kB
20220313 061512.291 INFO             PET0 PIOc_freedecomp Enter - MemInfo: [/proc/self/status]	VmHWM:	   30104 kB
20220313 061512.291 INFO             PET0 PIOc_freedecomp Enter - MemInfo: [/proc/self/status]	VmRSS:	   30104 kB
20220313 061512.291 INFO             PET0 PIOc_freedecomp Enter - MemInfo: [/proc/self/status]	VmData:	   38648 kB
20220313 061512.291 INFO             PET0 PIOc_freedecomp Enter - MemInfo: [/proc/self/status]	VmStk:	     144 kB
20220313 061512.291 INFO             PET0 PIOc_freedecomp Enter - MemInfo: [/proc/self/status]	VmExe:	     196 kB
20220313 061512.291 INFO             PET0 PIOc_freedecomp Enter - MemInfo: [/proc/self/status]	VmLib:	   39752 kB
20220313 061512.291 INFO             PET0 PIOc_freedecomp Enter - MemInfo: [/proc/self/status]	VmPTE:	     248 kB
20220313 061512.291 INFO             PET0 PIOc_freedecomp Enter - MemInfo: [/proc/self/status]	VmPMD:	      16 kB
20220313 061512.291 INFO             PET0 PIOc_freedecomp Enter - MemInfo: [/proc/self/status]	VmSwap:	       0 kB
20220313 061512.291 INFO             PET0 PIOc_freedecomp Enter - MemInfo: [/proc/self/status]	VmRSSPercent: 0.0459554 %
20220313 061512.291 INFO             PET0 PIOc_freedecomp Enter - MemInfo: [malloc] Non-mmapped space allocated:                36159488 Byte
20220313 061512.291 INFO             PET0 PIOc_freedecomp Enter - MemInfo: [malloc] Space allocated in mmapped regions:                0 Byte
20220313 061512.291 INFO             PET0 PIOc_freedecomp Enter - MemInfo: [malloc] Maximum total allocated space:                     0 Byte
20220313 061512.291 INFO             PET0 PIOc_freedecomp Enter - MemInfo: [malloc] Space in freed fastbin blocks:                  1024 Byte
20220313 061512.291 INFO             PET0 PIOc_freedecomp Enter - MemInfo: [malloc] Total allocated space:                      18724304 Byte
20220313 061512.291 INFO             PET0 PIOc_freedecomp Enter - MemInfo: [malloc] Total free space:                           17435184 Byte
20220313 061512.291 INFO             PET0 PIOc_freedecomp Enter - MemInfo: [malloc] Top-most, releasable space:                   117680 Byte
20220313 061512.291 INFO             PET0 PIOc_freedecomp Enter - MemInfo: [malloc] Total space in use, mmap + non-mmap:        18724304 Byte
20220313 061512.291 INFO             PET0 PIOc_freedecomp Enter - MemInfo: [malloc] Total space held (mmap + non-mmap):         36159488 Byte
20220313 061512.291 INFO             PET0 PIOc_freedecomp Enter - MemInfo: [malloc] Total space used (mmap + non-mmap):         18733632 Byte
20220313 061512.291 INFO             PET0 PIOc_freedecomp Enter - MemInfo: Wall-clock time since execution start:               0.021055 seconds
20220313 061512.291 INFO             PET0 PIOc_freedecomp Exit - MemInfo: [/proc/meminfo - SSI]	MemTotal:       65507008 kB
20220313 061512.291 INFO             PET0 PIOc_freedecomp Exit - MemInfo: [/proc/meminfo - SSI]	MemFree:        49866444 kB
20220313 061512.291 INFO             PET0 PIOc_freedecomp Exit - MemInfo: [/proc/meminfo - SSI]	MemAvailable:   49619744 kB
20220313 061512.291 INFO             PET0 PIOc_freedecomp Exit - MemInfo: [/proc/meminfo - SSI]	Committed_AS:   13168996 kB
20220313 061512.291 INFO             PET0 PIOc_freedecomp Exit - MemInfo: [/proc/meminfo - SSI]	CommittedPercent: 20.1032 %
20220313 061512.291 INFO             PET0 PIOc_freedecomp Exit - MemInfo: [/proc/self/status]	VmPeak:	  142412 kB
20220313 061512.291 INFO             PET0 PIOc_freedecomp Exit - MemInfo: [/proc/self/status]	VmSize:	  134224 kB
20220313 061512.291 INFO             PET0 PIOc_freedecomp Exit - MemInfo: [/proc/self/status]	VmLck:	       0 kB
20220313 061512.292 INFO             PET0 PIOc_freedecomp Exit - MemInfo: [/proc/self/status]	VmPin:	       0 kB
20220313 061512.292 INFO             PET0 PIOc_freedecomp Exit - MemInfo: [/proc/self/status]	VmHWM:	   30104 kB
20220313 061512.292 INFO             PET0 PIOc_freedecomp Exit - MemInfo: [/proc/self/status]	VmRSS:	   30104 kB
20220313 061512.292 INFO             PET0 PIOc_freedecomp Exit - MemInfo: [/proc/self/status]	VmData:	   38648 kB
20220313 061512.292 INFO             PET0 PIOc_freedecomp Exit - MemInfo: [/proc/self/status]	VmStk:	     144 kB
20220313 061512.292 INFO             PET0 PIOc_freedecomp Exit - MemInfo: [/proc/self/status]	VmExe:	     196 kB
20220313 061512.292 INFO             PET0 PIOc_freedecomp Exit - MemInfo: [/proc/self/status]	VmLib:	   39752 kB
20220313 061512.292 INFO             PET0 PIOc_freedecomp Exit - MemInfo: [/proc/self/status]	VmPTE:	     248 kB
20220313 061512.292 INFO             PET0 PIOc_freedecomp Exit - MemInfo: [/proc/self/status]	VmPMD:	      16 kB
20220313 061512.292 INFO             PET0 PIOc_freedecomp Exit - MemInfo: [/proc/self/status]	VmSwap:	       0 kB
20220313 061512.292 INFO             PET0 PIOc_freedecomp Exit - MemInfo: [/proc/self/status]	VmRSSPercent: 0.0459554 %
20220313 061512.292 INFO             PET0 PIOc_freedecomp Exit - MemInfo: [malloc] Non-mmapped space allocated:                36159488 Byte
20220313 061512.292 INFO             PET0 PIOc_freedecomp Exit - MemInfo: [malloc] Space allocated in mmapped regions:                0 Byte
20220313 061512.292 INFO             PET0 PIOc_freedecomp Exit - MemInfo: [malloc] Maximum total allocated space:                     0 Byte
20220313 061512.292 INFO             PET0 PIOc_freedecomp Exit - MemInfo: [malloc] Space in freed fastbin blocks:                  1872 Byte
20220313 061512.292 INFO             PET0 PIOc_freedecomp Exit - MemInfo: [malloc] Total allocated space:                      18722384 Byte
20220313 061512.292 INFO             PET0 PIOc_freedecomp Exit - MemInfo: [malloc] Total free space:                           17437104 Byte
20220313 061512.292 INFO             PET0 PIOc_freedecomp Exit - MemInfo: [malloc] Top-most, releasable space:                   117680 Byte
20220313 061512.292 INFO             PET0 PIOc_freedecomp Exit - MemInfo: [malloc] Total space in use, mmap + non-mmap:        18722384 Byte
20220313 061512.292 INFO             PET0 PIOc_freedecomp Exit - MemInfo: [malloc] Total space held (mmap + non-mmap):         36159488 Byte
20220313 061512.292 INFO             PET0 PIOc_freedecomp Exit - MemInfo: [malloc] Total space used (mmap + non-mmap):         18731712 Byte
20220313 061512.292 INFO             PET0 PIOc_freedecomp Exit - MemInfo: Wall-clock time since execution start:              0.0213738 seconds
20220313 061512.292 INFO             PET0  PASS  ESMF_OutputWeightFile, ESMF_IOUTest.F90, line 81
20220313 061512.295 INFO             PET0  PASS  call ESMF_OutputWeightFile with empty factor list on four PETs, ESMF_IOUTest.F90, line 191
20220313 061512.295 INFO             PET0  Ending Test, file ESMF_IOUTest.F90, line 201
20220313 061512.295 INFO             PET0 Finalizing ESMF
20220313 061512.271 INFO             PET1 !!!!!!!!!!!!!!!!!!!!!!!!!!!!!!!!!!!!!!!!!!!!!!!!!!!!!!
20220313 061512.271 INFO             PET1 !!! THE ESMF_LOG IS SET TO OUTPUT ALL LOG MESSAGES !!!
20220313 061512.271 INFO             PET1 !!!     THIS MAY CAUSE SLOWDOWN IN PERFORMANCE     !!!
20220313 061512.271 INFO             PET1 !!! FOR PRODUCTION RUNS, USE:                      !!!
20220313 061512.271 INFO             PET1 !!!                   ESMF_LOGKIND_Multi_On_Error  !!!
20220313 061512.271 INFO             PET1 !!!!!!!!!!!!!!!!!!!!!!!!!!!!!!!!!!!!!!!!!!!!!!!!!!!!!!
20220313 061512.271 INFO             PET1 Running with ESMF Version   : v8.3.0b09-96-g559b459836
20220313 061512.271 INFO             PET1 ESMF library build date/time: "Mar 13 2022" "06:02:26"
20220313 061512.271 INFO             PET1 ESMF library build location : /glade/scratch/rlong/esmf-testing/gfortran_10.1.0_mpt_O_jedwards_pio_update2
20220313 061512.271 INFO             PET1 ESMF_COMM                   : mpt
20220313 061512.271 INFO             PET1 ESMF_MOAB                   : enabled
20220313 061512.271 INFO             PET1 ESMF_LAPACK                 : enabled
20220313 061512.271 INFO             PET1 ESMF_NETCDF                 : enabled
20220313 061512.271 INFO             PET1 ESMF_PNETCDF                : disabled
20220313 061512.271 INFO             PET1 ESMF_PIO                    : enabled
20220313 061512.271 INFO             PET1 ESMF_YAMLCPP                : enabled
20220313 061512.272 INFO             PET1  Beginning Test, file ESMF_IOUTest.F90, line 57
20220313 061512.272 INFO             PET1  NUMBER_OF_PROCESSORS           4
20220313 061512.272 INFO             PET1 Starting Test:  ESMF_OutputWeightFile
20220313 061512.283 INFO             PET1 PIOc_sync Enter - MemInfo: [/proc/meminfo - SSI]	MemTotal:       65507008 kB
20220313 061512.283 INFO             PET1 PIOc_sync Enter - MemInfo: [/proc/meminfo - SSI]	MemFree:        49866948 kB
20220313 061512.283 INFO             PET1 PIOc_sync Enter - MemInfo: [/proc/meminfo - SSI]	MemAvailable:   49620248 kB
20220313 061512.283 INFO             PET1 PIOc_sync Enter - MemInfo: [/proc/meminfo - SSI]	Committed_AS:   13168996 kB
20220313 061512.283 INFO             PET1 PIOc_sync Enter - MemInfo: [/proc/meminfo - SSI]	CommittedPercent: 20.1032 %
20220313 061512.283 INFO             PET1 PIOc_sync Enter - MemInfo: [/proc/self/status]	VmPeak:	  117036 kB
20220313 061512.283 INFO             PET1 PIOc_sync Enter - MemInfo: [/proc/self/status]	VmSize:	  117036 kB
20220313 061512.283 INFO             PET1 PIOc_sync Enter - MemInfo: [/proc/self/status]	VmLck:	       0 kB
20220313 061512.283 INFO             PET1 PIOc_sync Enter - MemInfo: [/proc/self/status]	VmPin:	       0 kB
20220313 061512.283 INFO             PET1 PIOc_sync Enter - MemInfo: [/proc/self/status]	VmHWM:	   11680 kB
20220313 061512.283 INFO             PET1 PIOc_sync Enter - MemInfo: [/proc/self/status]	VmRSS:	   11680 kB
20220313 061512.283 INFO             PET1 PIOc_sync Enter - MemInfo: [/proc/self/status]	VmData:	   21460 kB
20220313 061512.283 INFO             PET1 PIOc_sync Enter - MemInfo: [/proc/self/status]	VmStk:	     144 kB
20220313 061512.283 INFO             PET1 PIOc_sync Enter - MemInfo: [/proc/self/status]	VmExe:	     196 kB
20220313 061512.283 INFO             PET1 PIOc_sync Enter - MemInfo: [/proc/self/status]	VmLib:	   39752 kB
20220313 061512.283 INFO             PET1 PIOc_sync Enter - MemInfo: [/proc/self/status]	VmPTE:	     200 kB
20220313 061512.283 INFO             PET1 PIOc_sync Enter - MemInfo: [/proc/self/status]	VmPMD:	      16 kB
20220313 061512.283 INFO             PET1 PIOc_sync Enter - MemInfo: [/proc/self/status]	VmSwap:	       0 kB
20220313 061512.283 INFO             PET1 PIOc_sync Enter - MemInfo: [/proc/self/status]	VmRSSPercent: 0.0178302 %
20220313 061512.283 INFO             PET1 PIOc_sync Enter - MemInfo: [malloc] Non-mmapped space allocated:                18558976 Byte
20220313 061512.286 INFO             PET1 PIOc_sync Enter - MemInfo: [malloc] Space allocated in mmapped regions:                0 Byte
20220313 061512.286 INFO             PET1 PIOc_sync Enter - MemInfo: [malloc] Maximum total allocated space:                     0 Byte
20220313 061512.286 INFO             PET1 PIOc_sync Enter - MemInfo: [malloc] Space in freed fastbin blocks:                  1104 Byte
20220313 061512.286 INFO             PET1 PIOc_sync Enter - MemInfo: [malloc] Total allocated space:                      18469568 Byte
20220313 061512.286 INFO             PET1 PIOc_sync Enter - MemInfo: [malloc] Total free space:                              89408 Byte
20220313 061512.286 INFO             PET1 PIOc_sync Enter - MemInfo: [malloc] Top-most, releasable space:                    84592 Byte
20220313 061512.286 INFO             PET1 PIOc_sync Enter - MemInfo: [malloc] Total space in use, mmap + non-mmap:        18469568 Byte
20220313 061512.286 INFO             PET1 PIOc_sync Enter - MemInfo: [malloc] Total space held (mmap + non-mmap):         18558976 Byte
20220313 061512.286 INFO             PET1 PIOc_sync Enter - MemInfo: [malloc] Total space used (mmap + non-mmap):         18478896 Byte
20220313 061512.286 INFO             PET1 PIOc_sync Enter - MemInfo: Wall-clock time since execution start:              0.0156665 seconds
20220313 061512.286 INFO             PET1 PIOc_sync Exit - MemInfo: [/proc/meminfo - SSI]	MemTotal:       65507008 kB
20220313 061512.286 INFO             PET1 PIOc_sync Exit - MemInfo: [/proc/meminfo - SSI]	MemFree:        49866444 kB
20220313 061512.286 INFO             PET1 PIOc_sync Exit - MemInfo: [/proc/meminfo - SSI]	MemAvailable:   49619744 kB
20220313 061512.286 INFO             PET1 PIOc_sync Exit - MemInfo: [/proc/meminfo - SSI]	Committed_AS:   13168996 kB
20220313 061512.286 INFO             PET1 PIOc_sync Exit - MemInfo: [/proc/meminfo - SSI]	CommittedPercent: 20.1032 %
20220313 061512.286 INFO             PET1 PIOc_sync Exit - MemInfo: [/proc/self/status]	VmPeak:	  117036 kB
20220313 061512.286 INFO             PET1 PIOc_sync Exit - MemInfo: [/proc/self/status]	VmSize:	  117036 kB
20220313 061512.286 INFO             PET1 PIOc_sync Exit - MemInfo: [/proc/self/status]	VmLck:	       0 kB
20220313 061512.286 INFO             PET1 PIOc_sync Exit - MemInfo: [/proc/self/status]	VmPin:	       0 kB
20220313 061512.286 INFO             PET1 PIOc_sync Exit - MemInfo: [/proc/self/status]	VmHWM:	   11772 kB
20220313 061512.286 INFO             PET1 PIOc_sync Exit - MemInfo: [/proc/self/status]	VmRSS:	   11772 kB
20220313 061512.286 INFO             PET1 PIOc_sync Exit - MemInfo: [/proc/self/status]	VmData:	   21460 kB
20220313 061512.286 INFO             PET1 PIOc_sync Exit - MemInfo: [/proc/self/status]	VmStk:	     144 kB
20220313 061512.286 INFO             PET1 PIOc_sync Exit - MemInfo: [/proc/self/status]	VmExe:	     196 kB
20220313 061512.286 INFO             PET1 PIOc_sync Exit - MemInfo: [/proc/self/status]	VmLib:	   39752 kB
20220313 061512.286 INFO             PET1 PIOc_sync Exit - MemInfo: [/proc/self/status]	VmPTE:	     200 kB
20220313 061512.286 INFO             PET1 PIOc_sync Exit - MemInfo: [/proc/self/status]	VmPMD:	      16 kB
20220313 061512.286 INFO             PET1 PIOc_sync Exit - MemInfo: [/proc/self/status]	VmSwap:	       0 kB
20220313 061512.286 INFO             PET1 PIOc_sync Exit - MemInfo: [/proc/self/status]	VmRSSPercent: 0.0179706 %
20220313 061512.286 INFO             PET1 PIOc_sync Exit - MemInfo: [malloc] Non-mmapped space allocated:                18558976 Byte
20220313 061512.286 INFO             PET1 PIOc_sync Exit - MemInfo: [malloc] Space allocated in mmapped regions:                0 Byte
20220313 061512.286 INFO             PET1 PIOc_sync Exit - MemInfo: [malloc] Maximum total allocated space:                     0 Byte
20220313 061512.286 INFO             PET1 PIOc_sync Exit - MemInfo: [malloc] Space in freed fastbin blocks:                  1376 Byte
20220313 061512.286 INFO             PET1 PIOc_sync Exit - MemInfo: [malloc] Total allocated space:                      18468800 Byte
20220313 061512.286 INFO             PET1 PIOc_sync Exit - MemInfo: [malloc] Total free space:                              90176 Byte
20220313 061512.286 INFO             PET1 PIOc_sync Exit - MemInfo: [malloc] Top-most, releasable space:                    84592 Byte
20220313 061512.286 INFO             PET1 PIOc_sync Exit - MemInfo: [malloc] Total space in use, mmap + non-mmap:        18468800 Byte
20220313 061512.286 INFO             PET1 PIOc_sync Exit - MemInfo: [malloc] Total space held (mmap + non-mmap):         18558976 Byte
20220313 061512.286 INFO             PET1 PIOc_sync Exit - MemInfo: [malloc] Total space used (mmap + non-mmap):         18478128 Byte
20220313 061512.286 INFO             PET1 PIOc_sync Exit - MemInfo: Wall-clock time since execution start:              0.0161076 seconds
20220313 061512.286 INFO             PET1 PIOc_freedecomp Enter - MemInfo: [/proc/meminfo - SSI]	MemTotal:       65507008 kB
20220313 061512.287 INFO             PET1 PIOc_freedecomp Enter - MemInfo: [/proc/meminfo - SSI]	MemFree:        49866444 kB
20220313 061512.287 INFO             PET1 PIOc_freedecomp Enter - MemInfo: [/proc/meminfo - SSI]	MemAvailable:   49619744 kB
20220313 061512.287 INFO             PET1 PIOc_freedecomp Enter - MemInfo: [/proc/meminfo - SSI]	Committed_AS:   13168996 kB
20220313 061512.287 INFO             PET1 PIOc_freedecomp Enter - MemInfo: [/proc/meminfo - SSI]	CommittedPercent: 20.1032 %
20220313 061512.287 INFO             PET1 PIOc_freedecomp Enter - MemInfo: [/proc/self/status]	VmPeak:	  117036 kB
20220313 061512.287 INFO             PET1 PIOc_freedecomp Enter - MemInfo: [/proc/self/status]	VmSize:	  117036 kB
20220313 061512.287 INFO             PET1 PIOc_freedecomp Enter - MemInfo: [/proc/self/status]	VmLck:	       0 kB
20220313 061512.287 INFO             PET1 PIOc_freedecomp Enter - MemInfo: [/proc/self/status]	VmPin:	       0 kB
20220313 061512.287 INFO             PET1 PIOc_freedecomp Enter - MemInfo: [/proc/self/status]	VmHWM:	   11772 kB
20220313 061512.287 INFO             PET1 PIOc_freedecomp Enter - MemInfo: [/proc/self/status]	VmRSS:	   11772 kB
20220313 061512.287 INFO             PET1 PIOc_freedecomp Enter - MemInfo: [/proc/self/status]	VmData:	   21460 kB
20220313 061512.287 INFO             PET1 PIOc_freedecomp Enter - MemInfo: [/proc/self/status]	VmStk:	     144 kB
20220313 061512.287 INFO             PET1 PIOc_freedecomp Enter - MemInfo: [/proc/self/status]	VmExe:	     196 kB
20220313 061512.287 INFO             PET1 PIOc_freedecomp Enter - MemInfo: [/proc/self/status]	VmLib:	   39752 kB
20220313 061512.287 INFO             PET1 PIOc_freedecomp Enter - MemInfo: [/proc/self/status]	VmPTE:	     200 kB
20220313 061512.287 INFO             PET1 PIOc_freedecomp Enter - MemInfo: [/proc/self/status]	VmPMD:	      16 kB
20220313 061512.287 INFO             PET1 PIOc_freedecomp Enter - MemInfo: [/proc/self/status]	VmSwap:	       0 kB
20220313 061512.287 INFO             PET1 PIOc_freedecomp Enter - MemInfo: [/proc/self/status]	VmRSSPercent: 0.0179706 %
20220313 061512.287 INFO             PET1 PIOc_freedecomp Enter - MemInfo: [malloc] Non-mmapped space allocated:                18558976 Byte
20220313 061512.287 INFO             PET1 PIOc_freedecomp Enter - MemInfo: [malloc] Space allocated in mmapped regions:                0 Byte
20220313 061512.287 INFO             PET1 PIOc_freedecomp Enter - MemInfo: [malloc] Maximum total allocated space:                     0 Byte
20220313 061512.287 INFO             PET1 PIOc_freedecomp Enter - MemInfo: [malloc] Space in freed fastbin blocks:                  1504 Byte
20220313 061512.287 INFO             PET1 PIOc_freedecomp Enter - MemInfo: [malloc] Total allocated space:                      18467168 Byte
20220313 061512.287 INFO             PET1 PIOc_freedecomp Enter - MemInfo: [malloc] Total free space:                              91808 Byte
20220313 061512.287 INFO             PET1 PIOc_freedecomp Enter - MemInfo: [malloc] Top-most, releasable space:                    84592 Byte
20220313 061512.287 INFO             PET1 PIOc_freedecomp Enter - MemInfo: [malloc] Total space in use, mmap + non-mmap:        18467168 Byte
20220313 061512.287 INFO             PET1 PIOc_freedecomp Enter - MemInfo: [malloc] Total space held (mmap + non-mmap):         18558976 Byte
20220313 061512.287 INFO             PET1 PIOc_freedecomp Enter - MemInfo: [malloc] Total space used (mmap + non-mmap):         18476496 Byte
20220313 061512.287 INFO             PET1 PIOc_freedecomp Enter - MemInfo: Wall-clock time since execution start:              0.0164862 seconds
20220313 061512.287 INFO             PET1 PIOc_freedecomp Exit - MemInfo: [/proc/meminfo - SSI]	MemTotal:       65507008 kB
20220313 061512.287 INFO             PET1 PIOc_freedecomp Exit - MemInfo: [/proc/meminfo - SSI]	MemFree:        49866444 kB
20220313 061512.287 INFO             PET1 PIOc_freedecomp Exit - MemInfo: [/proc/meminfo - SSI]	MemAvailable:   49619744 kB
20220313 061512.287 INFO             PET1 PIOc_freedecomp Exit - MemInfo: [/proc/meminfo - SSI]	Committed_AS:   13168996 kB
20220313 061512.287 INFO             PET1 PIOc_freedecomp Exit - MemInfo: [/proc/meminfo - SSI]	CommittedPercent: 20.1032 %
20220313 061512.287 INFO             PET1 PIOc_freedecomp Exit - MemInfo: [/proc/self/status]	VmPeak:	  117036 kB
20220313 061512.287 INFO             PET1 PIOc_freedecomp Exit - MemInfo: [/proc/self/status]	VmSize:	  117036 kB
20220313 061512.287 INFO             PET1 PIOc_freedecomp Exit - MemInfo: [/proc/self/status]	VmLck:	       0 kB
20220313 061512.287 INFO             PET1 PIOc_freedecomp Exit - MemInfo: [/proc/self/status]	VmPin:	       0 kB
20220313 061512.287 INFO             PET1 PIOc_freedecomp Exit - MemInfo: [/proc/self/status]	VmHWM:	   11776 kB
20220313 061512.287 INFO             PET1 PIOc_freedecomp Exit - MemInfo: [/proc/self/status]	VmRSS:	   11776 kB
20220313 061512.287 INFO             PET1 PIOc_freedecomp Exit - MemInfo: [/proc/self/status]	VmData:	   21460 kB
20220313 061512.287 INFO             PET1 PIOc_freedecomp Exit - MemInfo: [/proc/self/status]	VmStk:	     144 kB
20220313 061512.287 INFO             PET1 PIOc_freedecomp Exit - MemInfo: [/proc/self/status]	VmExe:	     196 kB
20220313 061512.287 INFO             PET1 PIOc_freedecomp Exit - MemInfo: [/proc/self/status]	VmLib:	   39752 kB
20220313 061512.287 INFO             PET1 PIOc_freedecomp Exit - MemInfo: [/proc/self/status]	VmPTE:	     200 kB
20220313 061512.287 INFO             PET1 PIOc_freedecomp Exit - MemInfo: [/proc/self/status]	VmPMD:	      16 kB
20220313 061512.287 INFO             PET1 PIOc_freedecomp Exit - MemInfo: [/proc/self/status]	VmSwap:	       0 kB
20220313 061512.287 INFO             PET1 PIOc_freedecomp Exit - MemInfo: [/proc/self/status]	VmRSSPercent: 0.0179767 %
20220313 061512.287 INFO             PET1 PIOc_freedecomp Exit - MemInfo: [malloc] Non-mmapped space allocated:                18558976 Byte
20220313 061512.287 INFO             PET1 PIOc_freedecomp Exit - MemInfo: [malloc] Space allocated in mmapped regions:                0 Byte
20220313 061512.287 INFO             PET1 PIOc_freedecomp Exit - MemInfo: [malloc] Maximum total allocated space:                     0 Byte
20220313 061512.287 INFO             PET1 PIOc_freedecomp Exit - MemInfo: [malloc] Space in freed fastbin blocks:                  1488 Byte
20220313 061512.287 INFO             PET1 PIOc_freedecomp Exit - MemInfo: [malloc] Total allocated space:                      18465728 Byte
20220313 061512.287 INFO             PET1 PIOc_freedecomp Exit - MemInfo: [malloc] Total free space:                              93248 Byte
20220313 061512.287 INFO             PET1 PIOc_freedecomp Exit - MemInfo: [malloc] Top-most, releasable space:                    84592 Byte
20220313 061512.287 INFO             PET1 PIOc_freedecomp Exit - MemInfo: [malloc] Total space in use, mmap + non-mmap:        18465728 Byte
20220313 061512.287 INFO             PET1 PIOc_freedecomp Exit - MemInfo: [malloc] Total space held (mmap + non-mmap):         18558976 Byte
20220313 061512.287 INFO             PET1 PIOc_freedecomp Exit - MemInfo: [malloc] Total space used (mmap + non-mmap):         18475056 Byte
20220313 061512.287 INFO             PET1 PIOc_freedecomp Exit - MemInfo: Wall-clock time since execution start:              0.0168123 seconds
20220313 061512.288 INFO             PET1 PIOc_sync Enter - MemInfo: [/proc/meminfo - SSI]	MemTotal:       65507008 kB
20220313 061512.288 INFO             PET1 PIOc_sync Enter - MemInfo: [/proc/meminfo - SSI]	MemFree:        49866444 kB
20220313 061512.288 INFO             PET1 PIOc_sync Enter - MemInfo: [/proc/meminfo - SSI]	MemAvailable:   49619744 kB
20220313 061512.288 INFO             PET1 PIOc_sync Enter - MemInfo: [/proc/meminfo - SSI]	Committed_AS:   13168996 kB
20220313 061512.288 INFO             PET1 PIOc_sync Enter - MemInfo: [/proc/meminfo - SSI]	CommittedPercent: 20.1032 %
20220313 061512.288 INFO             PET1 PIOc_sync Enter - MemInfo: [/proc/self/status]	VmPeak:	  117036 kB
20220313 061512.288 INFO             PET1 PIOc_sync Enter - MemInfo: [/proc/self/status]	VmSize:	  117036 kB
20220313 061512.288 INFO             PET1 PIOc_sync Enter - MemInfo: [/proc/self/status]	VmLck:	       0 kB
20220313 061512.288 INFO             PET1 PIOc_sync Enter - MemInfo: [/proc/self/status]	VmPin:	       0 kB
20220313 061512.288 INFO             PET1 PIOc_sync Enter - MemInfo: [/proc/self/status]	VmHWM:	   11780 kB
20220313 061512.288 INFO             PET1 PIOc_sync Enter - MemInfo: [/proc/self/status]	VmRSS:	   11780 kB
20220313 061512.288 INFO             PET1 PIOc_sync Enter - MemInfo: [/proc/self/status]	VmData:	   21460 kB
20220313 061512.288 INFO             PET1 PIOc_sync Enter - MemInfo: [/proc/self/status]	VmStk:	     144 kB
20220313 061512.288 INFO             PET1 PIOc_sync Enter - MemInfo: [/proc/self/status]	VmExe:	     196 kB
20220313 061512.288 INFO             PET1 PIOc_sync Enter - MemInfo: [/proc/self/status]	VmLib:	   39752 kB
20220313 061512.288 INFO             PET1 PIOc_sync Enter - MemInfo: [/proc/self/status]	VmPTE:	     200 kB
20220313 061512.288 INFO             PET1 PIOc_sync Enter - MemInfo: [/proc/self/status]	VmPMD:	      16 kB
20220313 061512.288 INFO             PET1 PIOc_sync Enter - MemInfo: [/proc/self/status]	VmSwap:	       0 kB
20220313 061512.288 INFO             PET1 PIOc_sync Enter - MemInfo: [/proc/self/status]	VmRSSPercent: 0.0179828 %
20220313 061512.288 INFO             PET1 PIOc_sync Enter - MemInfo: [malloc] Non-mmapped space allocated:                18558976 Byte
20220313 061512.288 INFO             PET1 PIOc_sync Enter - MemInfo: [malloc] Space allocated in mmapped regions:                0 Byte
20220313 061512.288 INFO             PET1 PIOc_sync Enter - MemInfo: [malloc] Maximum total allocated space:                     0 Byte
20220313 061512.289 INFO             PET1 PIOc_sync Enter - MemInfo: [malloc] Space in freed fastbin blocks:                  1136 Byte
20220313 061512.289 INFO             PET1 PIOc_sync Enter - MemInfo: [malloc] Total allocated space:                      18469664 Byte
20220313 061512.289 INFO             PET1 PIOc_sync Enter - MemInfo: [malloc] Total free space:                              89312 Byte
20220313 061512.289 INFO             PET1 PIOc_sync Enter - MemInfo: [malloc] Top-most, releasable space:                    84720 Byte
20220313 061512.289 INFO             PET1 PIOc_sync Enter - MemInfo: [malloc] Total space in use, mmap + non-mmap:        18469664 Byte
20220313 061512.289 INFO             PET1 PIOc_sync Enter - MemInfo: [malloc] Total space held (mmap + non-mmap):         18558976 Byte
20220313 061512.289 INFO             PET1 PIOc_sync Enter - MemInfo: [malloc] Total space used (mmap + non-mmap):         18478992 Byte
20220313 061512.289 INFO             PET1 PIOc_sync Enter - MemInfo: Wall-clock time since execution start:              0.0182554 seconds
20220313 061512.289 INFO             PET1 PIOc_sync Exit - MemInfo: [/proc/meminfo - SSI]	MemTotal:       65507008 kB
20220313 061512.289 INFO             PET1 PIOc_sync Exit - MemInfo: [/proc/meminfo - SSI]	MemFree:        49866444 kB
20220313 061512.289 INFO             PET1 PIOc_sync Exit - MemInfo: [/proc/meminfo - SSI]	MemAvailable:   49619744 kB
20220313 061512.289 INFO             PET1 PIOc_sync Exit - MemInfo: [/proc/meminfo - SSI]	Committed_AS:   13168996 kB
20220313 061512.289 INFO             PET1 PIOc_sync Exit - MemInfo: [/proc/meminfo - SSI]	CommittedPercent: 20.1032 %
20220313 061512.289 INFO             PET1 PIOc_sync Exit - MemInfo: [/proc/self/status]	VmPeak:	  117036 kB
20220313 061512.289 INFO             PET1 PIOc_sync Exit - MemInfo: [/proc/self/status]	VmSize:	  117036 kB
20220313 061512.289 INFO             PET1 PIOc_sync Exit - MemInfo: [/proc/self/status]	VmLck:	       0 kB
20220313 061512.289 INFO             PET1 PIOc_sync Exit - MemInfo: [/proc/self/status]	VmPin:	       0 kB
20220313 061512.289 INFO             PET1 PIOc_sync Exit - MemInfo: [/proc/self/status]	VmHWM:	   11780 kB
20220313 061512.289 INFO             PET1 PIOc_sync Exit - MemInfo: [/proc/self/status]	VmRSS:	   11780 kB
20220313 061512.289 INFO             PET1 PIOc_sync Exit - MemInfo: [/proc/self/status]	VmData:	   21460 kB
20220313 061512.289 INFO             PET1 PIOc_sync Exit - MemInfo: [/proc/self/status]	VmStk:	     144 kB
20220313 061512.289 INFO             PET1 PIOc_sync Exit - MemInfo: [/proc/self/status]	VmExe:	     196 kB
20220313 061512.289 INFO             PET1 PIOc_sync Exit - MemInfo: [/proc/self/status]	VmLib:	   39752 kB
20220313 061512.289 INFO             PET1 PIOc_sync Exit - MemInfo: [/proc/self/status]	VmPTE:	     200 kB
20220313 061512.289 INFO             PET1 PIOc_sync Exit - MemInfo: [/proc/self/status]	VmPMD:	      16 kB
20220313 061512.289 INFO             PET1 PIOc_sync Exit - MemInfo: [/proc/self/status]	VmSwap:	       0 kB
20220313 061512.289 INFO             PET1 PIOc_sync Exit - MemInfo: [/proc/self/status]	VmRSSPercent: 0.0179828 %
20220313 061512.289 INFO             PET1 PIOc_sync Exit - MemInfo: [malloc] Non-mmapped space allocated:                18558976 Byte
20220313 061512.289 INFO             PET1 PIOc_sync Exit - MemInfo: [malloc] Space allocated in mmapped regions:                0 Byte
20220313 061512.289 INFO             PET1 PIOc_sync Exit - MemInfo: [malloc] Maximum total allocated space:                     0 Byte
20220313 061512.289 INFO             PET1 PIOc_sync Exit - MemInfo: [malloc] Space in freed fastbin blocks:                  1424 Byte
20220313 061512.289 INFO             PET1 PIOc_sync Exit - MemInfo: [malloc] Total allocated space:                      18468912 Byte
20220313 061512.289 INFO             PET1 PIOc_sync Exit - MemInfo: [malloc] Total free space:                              90064 Byte
20220313 061512.289 INFO             PET1 PIOc_sync Exit - MemInfo: [malloc] Top-most, releasable space:                    84720 Byte
20220313 061512.289 INFO             PET1 PIOc_sync Exit - MemInfo: [malloc] Total space in use, mmap + non-mmap:        18468912 Byte
20220313 061512.289 INFO             PET1 PIOc_sync Exit - MemInfo: [malloc] Total space held (mmap + non-mmap):         18558976 Byte
20220313 061512.289 INFO             PET1 PIOc_sync Exit - MemInfo: [malloc] Total space used (mmap + non-mmap):         18478240 Byte
20220313 061512.289 INFO             PET1 PIOc_sync Exit - MemInfo: Wall-clock time since execution start:              0.0186316 seconds
20220313 061512.289 INFO             PET1 PIOc_freedecomp Enter - MemInfo: [/proc/meminfo - SSI]	MemTotal:       65507008 kB
20220313 061512.289 INFO             PET1 PIOc_freedecomp Enter - MemInfo: [/proc/meminfo - SSI]	MemFree:        49866444 kB
20220313 061512.289 INFO             PET1 PIOc_freedecomp Enter - MemInfo: [/proc/meminfo - SSI]	MemAvailable:   49619744 kB
20220313 061512.289 INFO             PET1 PIOc_freedecomp Enter - MemInfo: [/proc/meminfo - SSI]	Committed_AS:   13168996 kB
20220313 061512.289 INFO             PET1 PIOc_freedecomp Enter - MemInfo: [/proc/meminfo - SSI]	CommittedPercent: 20.1032 %
20220313 061512.289 INFO             PET1 PIOc_freedecomp Enter - MemInfo: [/proc/self/status]	VmPeak:	  117036 kB
20220313 061512.289 INFO             PET1 PIOc_freedecomp Enter - MemInfo: [/proc/self/status]	VmSize:	  117036 kB
20220313 061512.289 INFO             PET1 PIOc_freedecomp Enter - MemInfo: [/proc/self/status]	VmLck:	       0 kB
20220313 061512.289 INFO             PET1 PIOc_freedecomp Enter - MemInfo: [/proc/self/status]	VmPin:	       0 kB
20220313 061512.289 INFO             PET1 PIOc_freedecomp Enter - MemInfo: [/proc/self/status]	VmHWM:	   11780 kB
20220313 061512.289 INFO             PET1 PIOc_freedecomp Enter - MemInfo: [/proc/self/status]	VmRSS:	   11780 kB
20220313 061512.289 INFO             PET1 PIOc_freedecomp Enter - MemInfo: [/proc/self/status]	VmData:	   21460 kB
20220313 061512.289 INFO             PET1 PIOc_freedecomp Enter - MemInfo: [/proc/self/status]	VmStk:	     144 kB
20220313 061512.289 INFO             PET1 PIOc_freedecomp Enter - MemInfo: [/proc/self/status]	VmExe:	     196 kB
20220313 061512.289 INFO             PET1 PIOc_freedecomp Enter - MemInfo: [/proc/self/status]	VmLib:	   39752 kB
20220313 061512.289 INFO             PET1 PIOc_freedecomp Enter - MemInfo: [/proc/self/status]	VmPTE:	     200 kB
20220313 061512.289 INFO             PET1 PIOc_freedecomp Enter - MemInfo: [/proc/self/status]	VmPMD:	      16 kB
20220313 061512.289 INFO             PET1 PIOc_freedecomp Enter - MemInfo: [/proc/self/status]	VmSwap:	       0 kB
20220313 061512.289 INFO             PET1 PIOc_freedecomp Enter - MemInfo: [/proc/self/status]	VmRSSPercent: 0.0179828 %
20220313 061512.289 INFO             PET1 PIOc_freedecomp Enter - MemInfo: [malloc] Non-mmapped space allocated:                18558976 Byte
20220313 061512.289 INFO             PET1 PIOc_freedecomp Enter - MemInfo: [malloc] Space allocated in mmapped regions:                0 Byte
20220313 061512.289 INFO             PET1 PIOc_freedecomp Enter - MemInfo: [malloc] Maximum total allocated space:                     0 Byte
20220313 061512.289 INFO             PET1 PIOc_freedecomp Enter - MemInfo: [malloc] Space in freed fastbin blocks:                  1280 Byte
20220313 061512.289 INFO             PET1 PIOc_freedecomp Enter - MemInfo: [malloc] Total allocated space:                      18467136 Byte
20220313 061512.289 INFO             PET1 PIOc_freedecomp Enter - MemInfo: [malloc] Total free space:                              91840 Byte
20220313 061512.289 INFO             PET1 PIOc_freedecomp Enter - MemInfo: [malloc] Top-most, releasable space:                    84720 Byte
20220313 061512.289 INFO             PET1 PIOc_freedecomp Enter - MemInfo: [malloc] Total space in use, mmap + non-mmap:        18467136 Byte
20220313 061512.289 INFO             PET1 PIOc_freedecomp Enter - MemInfo: [malloc] Total space held (mmap + non-mmap):         18558976 Byte
20220313 061512.289 INFO             PET1 PIOc_freedecomp Enter - MemInfo: [malloc] Total space used (mmap + non-mmap):         18476464 Byte
20220313 061512.289 INFO             PET1 PIOc_freedecomp Enter - MemInfo: Wall-clock time since execution start:              0.0189782 seconds
20220313 061512.289 INFO             PET1 PIOc_freedecomp Exit - MemInfo: [/proc/meminfo - SSI]	MemTotal:       65507008 kB
20220313 061512.289 INFO             PET1 PIOc_freedecomp Exit - MemInfo: [/proc/meminfo - SSI]	MemFree:        49866444 kB
20220313 061512.289 INFO             PET1 PIOc_freedecomp Exit - MemInfo: [/proc/meminfo - SSI]	MemAvailable:   49619744 kB
20220313 061512.289 INFO             PET1 PIOc_freedecomp Exit - MemInfo: [/proc/meminfo - SSI]	Committed_AS:   13168996 kB
20220313 061512.289 INFO             PET1 PIOc_freedecomp Exit - MemInfo: [/proc/meminfo - SSI]	CommittedPercent: 20.1032 %
20220313 061512.289 INFO             PET1 PIOc_freedecomp Exit - MemInfo: [/proc/self/status]	VmPeak:	  117036 kB
20220313 061512.289 INFO             PET1 PIOc_freedecomp Exit - MemInfo: [/proc/self/status]	VmSize:	  117036 kB
20220313 061512.289 INFO             PET1 PIOc_freedecomp Exit - MemInfo: [/proc/self/status]	VmLck:	       0 kB
20220313 061512.289 INFO             PET1 PIOc_freedecomp Exit - MemInfo: [/proc/self/status]	VmPin:	       0 kB
20220313 061512.289 INFO             PET1 PIOc_freedecomp Exit - MemInfo: [/proc/self/status]	VmHWM:	   11780 kB
20220313 061512.289 INFO             PET1 PIOc_freedecomp Exit - MemInfo: [/proc/self/status]	VmRSS:	   11780 kB
20220313 061512.289 INFO             PET1 PIOc_freedecomp Exit - MemInfo: [/proc/self/status]	VmData:	   21460 kB
20220313 061512.289 INFO             PET1 PIOc_freedecomp Exit - MemInfo: [/proc/self/status]	VmStk:	     144 kB
20220313 061512.289 INFO             PET1 PIOc_freedecomp Exit - MemInfo: [/proc/self/status]	VmExe:	     196 kB
20220313 061512.289 INFO             PET1 PIOc_freedecomp Exit - MemInfo: [/proc/self/status]	VmLib:	   39752 kB
20220313 061512.289 INFO             PET1 PIOc_freedecomp Exit - MemInfo: [/proc/self/status]	VmPTE:	     200 kB
20220313 061512.289 INFO             PET1 PIOc_freedecomp Exit - MemInfo: [/proc/self/status]	VmPMD:	      16 kB
20220313 061512.289 INFO             PET1 PIOc_freedecomp Exit - MemInfo: [/proc/self/status]	VmSwap:	       0 kB
20220313 061512.290 INFO             PET1 PIOc_freedecomp Exit - MemInfo: [/proc/self/status]	VmRSSPercent: 0.0179828 %
20220313 061512.290 INFO             PET1 PIOc_freedecomp Exit - MemInfo: [malloc] Non-mmapped space allocated:                18558976 Byte
20220313 061512.290 INFO             PET1 PIOc_freedecomp Exit - MemInfo: [malloc] Space allocated in mmapped regions:                0 Byte
20220313 061512.290 INFO             PET1 PIOc_freedecomp Exit - MemInfo: [malloc] Maximum total allocated space:                     0 Byte
20220313 061512.290 INFO             PET1 PIOc_freedecomp Exit - MemInfo: [malloc] Space in freed fastbin blocks:                  1456 Byte
20220313 061512.290 INFO             PET1 PIOc_freedecomp Exit - MemInfo: [malloc] Total allocated space:                      18465728 Byte
20220313 061512.290 INFO             PET1 PIOc_freedecomp Exit - MemInfo: [malloc] Total free space:                              93248 Byte
20220313 061512.290 INFO             PET1 PIOc_freedecomp Exit - MemInfo: [malloc] Top-most, releasable space:                    84720 Byte
20220313 061512.290 INFO             PET1 PIOc_freedecomp Exit - MemInfo: [malloc] Total space in use, mmap + non-mmap:        18465728 Byte
20220313 061512.290 INFO             PET1 PIOc_freedecomp Exit - MemInfo: [malloc] Total space held (mmap + non-mmap):         18558976 Byte
20220313 061512.290 INFO             PET1 PIOc_freedecomp Exit - MemInfo: [malloc] Total space used (mmap + non-mmap):         18475056 Byte
20220313 061512.290 INFO             PET1 PIOc_freedecomp Exit - MemInfo: Wall-clock time since execution start:               0.019297 seconds
20220313 061512.290 INFO             PET1 PIOc_sync Enter - MemInfo: [/proc/meminfo - SSI]	MemTotal:       65507008 kB
20220313 061512.290 INFO             PET1 PIOc_sync Enter - MemInfo: [/proc/meminfo - SSI]	MemFree:        49866444 kB
20220313 061512.290 INFO             PET1 PIOc_sync Enter - MemInfo: [/proc/meminfo - SSI]	MemAvailable:   49619744 kB
20220313 061512.290 INFO             PET1 PIOc_sync Enter - MemInfo: [/proc/meminfo - SSI]	Committed_AS:   13168996 kB
20220313 061512.290 INFO             PET1 PIOc_sync Enter - MemInfo: [/proc/meminfo - SSI]	CommittedPercent: 20.1032 %
20220313 061512.290 INFO             PET1 PIOc_sync Enter - MemInfo: [/proc/self/status]	VmPeak:	  117036 kB
20220313 061512.290 INFO             PET1 PIOc_sync Enter - MemInfo: [/proc/self/status]	VmSize:	  117036 kB
20220313 061512.290 INFO             PET1 PIOc_sync Enter - MemInfo: [/proc/self/status]	VmLck:	       0 kB
20220313 061512.290 INFO             PET1 PIOc_sync Enter - MemInfo: [/proc/self/status]	VmPin:	       0 kB
20220313 061512.290 INFO             PET1 PIOc_sync Enter - MemInfo: [/proc/self/status]	VmHWM:	   11780 kB
20220313 061512.290 INFO             PET1 PIOc_sync Enter - MemInfo: [/proc/self/status]	VmRSS:	   11780 kB
20220313 061512.290 INFO             PET1 PIOc_sync Enter - MemInfo: [/proc/self/status]	VmData:	   21460 kB
20220313 061512.290 INFO             PET1 PIOc_sync Enter - MemInfo: [/proc/self/status]	VmStk:	     144 kB
20220313 061512.290 INFO             PET1 PIOc_sync Enter - MemInfo: [/proc/self/status]	VmExe:	     196 kB
20220313 061512.291 INFO             PET1 PIOc_sync Enter - MemInfo: [/proc/self/status]	VmLib:	   39752 kB
20220313 061512.291 INFO             PET1 PIOc_sync Enter - MemInfo: [/proc/self/status]	VmPTE:	     200 kB
20220313 061512.291 INFO             PET1 PIOc_sync Enter - MemInfo: [/proc/self/status]	VmPMD:	      16 kB
20220313 061512.291 INFO             PET1 PIOc_sync Enter - MemInfo: [/proc/self/status]	VmSwap:	       0 kB
20220313 061512.291 INFO             PET1 PIOc_sync Enter - MemInfo: [/proc/self/status]	VmRSSPercent: 0.0179828 %
20220313 061512.291 INFO             PET1 PIOc_sync Enter - MemInfo: [malloc] Non-mmapped space allocated:                18558976 Byte
20220313 061512.291 INFO             PET1 PIOc_sync Enter - MemInfo: [malloc] Space allocated in mmapped regions:                0 Byte
20220313 061512.291 INFO             PET1 PIOc_sync Enter - MemInfo: [malloc] Maximum total allocated space:                     0 Byte
20220313 061512.291 INFO             PET1 PIOc_sync Enter - MemInfo: [malloc] Space in freed fastbin blocks:                  1152 Byte
20220313 061512.291 INFO             PET1 PIOc_sync Enter - MemInfo: [malloc] Total allocated space:                      18469808 Byte
20220313 061512.291 INFO             PET1 PIOc_sync Enter - MemInfo: [malloc] Total free space:                              89168 Byte
20220313 061512.291 INFO             PET1 PIOc_sync Enter - MemInfo: [malloc] Top-most, releasable space:                    84720 Byte
20220313 061512.291 INFO             PET1 PIOc_sync Enter - MemInfo: [malloc] Total space in use, mmap + non-mmap:        18469808 Byte
20220313 061512.291 INFO             PET1 PIOc_sync Enter - MemInfo: [malloc] Total space held (mmap + non-mmap):         18558976 Byte
20220313 061512.291 INFO             PET1 PIOc_sync Enter - MemInfo: [malloc] Total space used (mmap + non-mmap):         18479136 Byte
20220313 061512.291 INFO             PET1 PIOc_sync Enter - MemInfo: Wall-clock time since execution start:              0.0203352 seconds
20220313 061512.291 INFO             PET1 PIOc_sync Exit - MemInfo: [/proc/meminfo - SSI]	MemTotal:       65507008 kB
20220313 061512.291 INFO             PET1 PIOc_sync Exit - MemInfo: [/proc/meminfo - SSI]	MemFree:        49866444 kB
20220313 061512.291 INFO             PET1 PIOc_sync Exit - MemInfo: [/proc/meminfo - SSI]	MemAvailable:   49619744 kB
20220313 061512.291 INFO             PET1 PIOc_sync Exit - MemInfo: [/proc/meminfo - SSI]	Committed_AS:   13168996 kB
20220313 061512.291 INFO             PET1 PIOc_sync Exit - MemInfo: [/proc/meminfo - SSI]	CommittedPercent: 20.1032 %
20220313 061512.291 INFO             PET1 PIOc_sync Exit - MemInfo: [/proc/self/status]	VmPeak:	  117036 kB
20220313 061512.291 INFO             PET1 PIOc_sync Exit - MemInfo: [/proc/self/status]	VmSize:	  117036 kB
20220313 061512.291 INFO             PET1 PIOc_sync Exit - MemInfo: [/proc/self/status]	VmLck:	       0 kB
20220313 061512.291 INFO             PET1 PIOc_sync Exit - MemInfo: [/proc/self/status]	VmPin:	       0 kB
20220313 061512.291 INFO             PET1 PIOc_sync Exit - MemInfo: [/proc/self/status]	VmHWM:	   11780 kB
20220313 061512.291 INFO             PET1 PIOc_sync Exit - MemInfo: [/proc/self/status]	VmRSS:	   11780 kB
20220313 061512.291 INFO             PET1 PIOc_sync Exit - MemInfo: [/proc/self/status]	VmData:	   21460 kB
20220313 061512.291 INFO             PET1 PIOc_sync Exit - MemInfo: [/proc/self/status]	VmStk:	     144 kB
20220313 061512.291 INFO             PET1 PIOc_sync Exit - MemInfo: [/proc/self/status]	VmExe:	     196 kB
20220313 061512.291 INFO             PET1 PIOc_sync Exit - MemInfo: [/proc/self/status]	VmLib:	   39752 kB
20220313 061512.291 INFO             PET1 PIOc_sync Exit - MemInfo: [/proc/self/status]	VmPTE:	     200 kB
20220313 061512.291 INFO             PET1 PIOc_sync Exit - MemInfo: [/proc/self/status]	VmPMD:	      16 kB
20220313 061512.291 INFO             PET1 PIOc_sync Exit - MemInfo: [/proc/self/status]	VmSwap:	       0 kB
20220313 061512.291 INFO             PET1 PIOc_sync Exit - MemInfo: [/proc/self/status]	VmRSSPercent: 0.0179828 %
20220313 061512.291 INFO             PET1 PIOc_sync Exit - MemInfo: [malloc] Non-mmapped space allocated:                18558976 Byte
20220313 061512.291 INFO             PET1 PIOc_sync Exit - MemInfo: [malloc] Space allocated in mmapped regions:                0 Byte
20220313 061512.291 INFO             PET1 PIOc_sync Exit - MemInfo: [malloc] Maximum total allocated space:                     0 Byte
20220313 061512.291 INFO             PET1 PIOc_sync Exit - MemInfo: [malloc] Space in freed fastbin blocks:                  1424 Byte
20220313 061512.291 INFO             PET1 PIOc_sync Exit - MemInfo: [malloc] Total allocated space:                      18469072 Byte
20220313 061512.291 INFO             PET1 PIOc_sync Exit - MemInfo: [malloc] Total free space:                              89904 Byte
20220313 061512.291 INFO             PET1 PIOc_sync Exit - MemInfo: [malloc] Top-most, releasable space:                    84720 Byte
20220313 061512.291 INFO             PET1 PIOc_sync Exit - MemInfo: [malloc] Total space in use, mmap + non-mmap:        18469072 Byte
20220313 061512.291 INFO             PET1 PIOc_sync Exit - MemInfo: [malloc] Total space held (mmap + non-mmap):         18558976 Byte
20220313 061512.291 INFO             PET1 PIOc_sync Exit - MemInfo: [malloc] Total space used (mmap + non-mmap):         18478400 Byte
20220313 061512.291 INFO             PET1 PIOc_sync Exit - MemInfo: Wall-clock time since execution start:              0.0207003 seconds
20220313 061512.291 INFO             PET1 PIOc_freedecomp Enter - MemInfo: [/proc/meminfo - SSI]	MemTotal:       65507008 kB
20220313 061512.291 INFO             PET1 PIOc_freedecomp Enter - MemInfo: [/proc/meminfo - SSI]	MemFree:        49866444 kB
20220313 061512.291 INFO             PET1 PIOc_freedecomp Enter - MemInfo: [/proc/meminfo - SSI]	MemAvailable:   49619744 kB
20220313 061512.291 INFO             PET1 PIOc_freedecomp Enter - MemInfo: [/proc/meminfo - SSI]	Committed_AS:   13168996 kB
20220313 061512.291 INFO             PET1 PIOc_freedecomp Enter - MemInfo: [/proc/meminfo - SSI]	CommittedPercent: 20.1032 %
20220313 061512.291 INFO             PET1 PIOc_freedecomp Enter - MemInfo: [/proc/self/status]	VmPeak:	  117036 kB
20220313 061512.291 INFO             PET1 PIOc_freedecomp Enter - MemInfo: [/proc/self/status]	VmSize:	  117036 kB
20220313 061512.291 INFO             PET1 PIOc_freedecomp Enter - MemInfo: [/proc/self/status]	VmLck:	       0 kB
20220313 061512.291 INFO             PET1 PIOc_freedecomp Enter - MemInfo: [/proc/self/status]	VmPin:	       0 kB
20220313 061512.291 INFO             PET1 PIOc_freedecomp Enter - MemInfo: [/proc/self/status]	VmHWM:	   11780 kB
20220313 061512.291 INFO             PET1 PIOc_freedecomp Enter - MemInfo: [/proc/self/status]	VmRSS:	   11780 kB
20220313 061512.291 INFO             PET1 PIOc_freedecomp Enter - MemInfo: [/proc/self/status]	VmData:	   21460 kB
20220313 061512.291 INFO             PET1 PIOc_freedecomp Enter - MemInfo: [/proc/self/status]	VmStk:	     144 kB
20220313 061512.291 INFO             PET1 PIOc_freedecomp Enter - MemInfo: [/proc/self/status]	VmExe:	     196 kB
20220313 061512.291 INFO             PET1 PIOc_freedecomp Enter - MemInfo: [/proc/self/status]	VmLib:	   39752 kB
20220313 061512.291 INFO             PET1 PIOc_freedecomp Enter - MemInfo: [/proc/self/status]	VmPTE:	     200 kB
20220313 061512.291 INFO             PET1 PIOc_freedecomp Enter - MemInfo: [/proc/self/status]	VmPMD:	      16 kB
20220313 061512.291 INFO             PET1 PIOc_freedecomp Enter - MemInfo: [/proc/self/status]	VmSwap:	       0 kB
20220313 061512.291 INFO             PET1 PIOc_freedecomp Enter - MemInfo: [/proc/self/status]	VmRSSPercent: 0.0179828 %
20220313 061512.291 INFO             PET1 PIOc_freedecomp Enter - MemInfo: [malloc] Non-mmapped space allocated:                18558976 Byte
20220313 061512.291 INFO             PET1 PIOc_freedecomp Enter - MemInfo: [malloc] Space allocated in mmapped regions:                0 Byte
20220313 061512.291 INFO             PET1 PIOc_freedecomp Enter - MemInfo: [malloc] Maximum total allocated space:                     0 Byte
20220313 061512.291 INFO             PET1 PIOc_freedecomp Enter - MemInfo: [malloc] Space in freed fastbin blocks:                  1392 Byte
20220313 061512.291 INFO             PET1 PIOc_freedecomp Enter - MemInfo: [malloc] Total allocated space:                      18467152 Byte
20220313 061512.291 INFO             PET1 PIOc_freedecomp Enter - MemInfo: [malloc] Total free space:                              91824 Byte
20220313 061512.291 INFO             PET1 PIOc_freedecomp Enter - MemInfo: [malloc] Top-most, releasable space:                    84720 Byte
20220313 061512.291 INFO             PET1 PIOc_freedecomp Enter - MemInfo: [malloc] Total space in use, mmap + non-mmap:        18467152 Byte
20220313 061512.291 INFO             PET1 PIOc_freedecomp Enter - MemInfo: [malloc] Total space held (mmap + non-mmap):         18558976 Byte
20220313 061512.291 INFO             PET1 PIOc_freedecomp Enter - MemInfo: [malloc] Total space used (mmap + non-mmap):         18476480 Byte
20220313 061512.291 INFO             PET1 PIOc_freedecomp Enter - MemInfo: Wall-clock time since execution start:               0.021051 seconds
20220313 061512.291 INFO             PET1 PIOc_freedecomp Exit - MemInfo: [/proc/meminfo - SSI]	MemTotal:       65507008 kB
20220313 061512.291 INFO             PET1 PIOc_freedecomp Exit - MemInfo: [/proc/meminfo - SSI]	MemFree:        49866444 kB
20220313 061512.291 INFO             PET1 PIOc_freedecomp Exit - MemInfo: [/proc/meminfo - SSI]	MemAvailable:   49619744 kB
20220313 061512.291 INFO             PET1 PIOc_freedecomp Exit - MemInfo: [/proc/meminfo - SSI]	Committed_AS:   13168996 kB
20220313 061512.291 INFO             PET1 PIOc_freedecomp Exit - MemInfo: [/proc/meminfo - SSI]	CommittedPercent: 20.1032 %
20220313 061512.291 INFO             PET1 PIOc_freedecomp Exit - MemInfo: [/proc/self/status]	VmPeak:	  117036 kB
20220313 061512.291 INFO             PET1 PIOc_freedecomp Exit - MemInfo: [/proc/self/status]	VmSize:	  117036 kB
20220313 061512.291 INFO             PET1 PIOc_freedecomp Exit - MemInfo: [/proc/self/status]	VmLck:	       0 kB
20220313 061512.291 INFO             PET1 PIOc_freedecomp Exit - MemInfo: [/proc/self/status]	VmPin:	       0 kB
20220313 061512.292 INFO             PET1 PIOc_freedecomp Exit - MemInfo: [/proc/self/status]	VmHWM:	   11780 kB
20220313 061512.292 INFO             PET1 PIOc_freedecomp Exit - MemInfo: [/proc/self/status]	VmRSS:	   11780 kB
20220313 061512.292 INFO             PET1 PIOc_freedecomp Exit - MemInfo: [/proc/self/status]	VmData:	   21460 kB
20220313 061512.292 INFO             PET1 PIOc_freedecomp Exit - MemInfo: [/proc/self/status]	VmStk:	     144 kB
20220313 061512.292 INFO             PET1 PIOc_freedecomp Exit - MemInfo: [/proc/self/status]	VmExe:	     196 kB
20220313 061512.292 INFO             PET1 PIOc_freedecomp Exit - MemInfo: [/proc/self/status]	VmLib:	   39752 kB
20220313 061512.292 INFO             PET1 PIOc_freedecomp Exit - MemInfo: [/proc/self/status]	VmPTE:	     200 kB
20220313 061512.292 INFO             PET1 PIOc_freedecomp Exit - MemInfo: [/proc/self/status]	VmPMD:	      16 kB
20220313 061512.292 INFO             PET1 PIOc_freedecomp Exit - MemInfo: [/proc/self/status]	VmSwap:	       0 kB
20220313 061512.292 INFO             PET1 PIOc_freedecomp Exit - MemInfo: [/proc/self/status]	VmRSSPercent: 0.0179828 %
20220313 061512.292 INFO             PET1 PIOc_freedecomp Exit - MemInfo: [malloc] Non-mmapped space allocated:                18558976 Byte
20220313 061512.292 INFO             PET1 PIOc_freedecomp Exit - MemInfo: [malloc] Space allocated in mmapped regions:                0 Byte
20220313 061512.292 INFO             PET1 PIOc_freedecomp Exit - MemInfo: [malloc] Maximum total allocated space:                     0 Byte
20220313 061512.292 INFO             PET1 PIOc_freedecomp Exit - MemInfo: [malloc] Space in freed fastbin blocks:                  1712 Byte
20220313 061512.292 INFO             PET1 PIOc_freedecomp Exit - MemInfo: [malloc] Total allocated space:                      18465728 Byte
20220313 061512.292 INFO             PET1 PIOc_freedecomp Exit - MemInfo: [malloc] Total free space:                              93248 Byte
20220313 061512.292 INFO             PET1 PIOc_freedecomp Exit - MemInfo: [malloc] Top-most, releasable space:                    84720 Byte
20220313 061512.292 INFO             PET1 PIOc_freedecomp Exit - MemInfo: [malloc] Total space in use, mmap + non-mmap:        18465728 Byte
20220313 061512.292 INFO             PET1 PIOc_freedecomp Exit - MemInfo: [malloc] Total space held (mmap + non-mmap):         18558976 Byte
20220313 061512.292 INFO             PET1 PIOc_freedecomp Exit - MemInfo: [malloc] Total space used (mmap + non-mmap):         18475056 Byte
20220313 061512.292 INFO             PET1 PIOc_freedecomp Exit - MemInfo: Wall-clock time since execution start:              0.0213693 seconds
20220313 061512.292 INFO             PET1  PASS  ESMF_OutputWeightFile, ESMF_IOUTest.F90, line 81
20220313 061512.300 INFO             PET1  PASS  call ESMF_OutputWeightFile with empty factor list on four PETs, ESMF_IOUTest.F90, line 191
20220313 061512.300 INFO             PET1  Ending Test, file ESMF_IOUTest.F90, line 201
20220313 061512.300 INFO             PET1 Finalizing ESMF
20220313 061512.271 INFO             PET2 !!!!!!!!!!!!!!!!!!!!!!!!!!!!!!!!!!!!!!!!!!!!!!!!!!!!!!
20220313 061512.272 INFO             PET2 !!! THE ESMF_LOG IS SET TO OUTPUT ALL LOG MESSAGES !!!
20220313 061512.272 INFO             PET2 !!!     THIS MAY CAUSE SLOWDOWN IN PERFORMANCE     !!!
20220313 061512.272 INFO             PET2 !!! FOR PRODUCTION RUNS, USE:                      !!!
20220313 061512.272 INFO             PET2 !!!                   ESMF_LOGKIND_Multi_On_Error  !!!
20220313 061512.272 INFO             PET2 !!!!!!!!!!!!!!!!!!!!!!!!!!!!!!!!!!!!!!!!!!!!!!!!!!!!!!
20220313 061512.272 INFO             PET2 Running with ESMF Version   : v8.3.0b09-96-g559b459836
20220313 061512.272 INFO             PET2 ESMF library build date/time: "Mar 13 2022" "06:02:26"
20220313 061512.272 INFO             PET2 ESMF library build location : /glade/scratch/rlong/esmf-testing/gfortran_10.1.0_mpt_O_jedwards_pio_update2
20220313 061512.272 INFO             PET2 ESMF_COMM                   : mpt
20220313 061512.272 INFO             PET2 ESMF_MOAB                   : enabled
20220313 061512.272 INFO             PET2 ESMF_LAPACK                 : enabled
20220313 061512.272 INFO             PET2 ESMF_NETCDF                 : enabled
20220313 061512.272 INFO             PET2 ESMF_PNETCDF                : disabled
20220313 061512.272 INFO             PET2 ESMF_PIO                    : enabled
20220313 061512.272 INFO             PET2 ESMF_YAMLCPP                : enabled
20220313 061512.272 INFO             PET2  Beginning Test, file ESMF_IOUTest.F90, line 57
20220313 061512.272 INFO             PET2  NUMBER_OF_PROCESSORS           4
20220313 061512.272 INFO             PET2 Starting Test:  ESMF_OutputWeightFile
20220313 061512.283 INFO             PET2 PIOc_sync Enter - MemInfo: [/proc/meminfo - SSI]	MemTotal:       65507008 kB
20220313 061512.283 INFO             PET2 PIOc_sync Enter - MemInfo: [/proc/meminfo - SSI]	MemFree:        49866948 kB
20220313 061512.283 INFO             PET2 PIOc_sync Enter - MemInfo: [/proc/meminfo - SSI]	MemAvailable:   49620248 kB
20220313 061512.283 INFO             PET2 PIOc_sync Enter - MemInfo: [/proc/meminfo - SSI]	Committed_AS:   13168996 kB
20220313 061512.283 INFO             PET2 PIOc_sync Enter - MemInfo: [/proc/meminfo - SSI]	CommittedPercent: 20.1032 %
20220313 061512.283 INFO             PET2 PIOc_sync Enter - MemInfo: [/proc/self/status]	VmPeak:	  117036 kB
20220313 061512.283 INFO             PET2 PIOc_sync Enter - MemInfo: [/proc/self/status]	VmSize:	  117036 kB
20220313 061512.283 INFO             PET2 PIOc_sync Enter - MemInfo: [/proc/self/status]	VmLck:	       0 kB
20220313 061512.283 INFO             PET2 PIOc_sync Enter - MemInfo: [/proc/self/status]	VmPin:	       0 kB
20220313 061512.283 INFO             PET2 PIOc_sync Enter - MemInfo: [/proc/self/status]	VmHWM:	   11680 kB
20220313 061512.283 INFO             PET2 PIOc_sync Enter - MemInfo: [/proc/self/status]	VmRSS:	   11680 kB
20220313 061512.283 INFO             PET2 PIOc_sync Enter - MemInfo: [/proc/self/status]	VmData:	   21460 kB
20220313 061512.283 INFO             PET2 PIOc_sync Enter - MemInfo: [/proc/self/status]	VmStk:	     144 kB
20220313 061512.283 INFO             PET2 PIOc_sync Enter - MemInfo: [/proc/self/status]	VmExe:	     196 kB
20220313 061512.283 INFO             PET2 PIOc_sync Enter - MemInfo: [/proc/self/status]	VmLib:	   39752 kB
20220313 061512.283 INFO             PET2 PIOc_sync Enter - MemInfo: [/proc/self/status]	VmPTE:	     200 kB
20220313 061512.283 INFO             PET2 PIOc_sync Enter - MemInfo: [/proc/self/status]	VmPMD:	      16 kB
20220313 061512.283 INFO             PET2 PIOc_sync Enter - MemInfo: [/proc/self/status]	VmSwap:	       0 kB
20220313 061512.283 INFO             PET2 PIOc_sync Enter - MemInfo: [/proc/self/status]	VmRSSPercent: 0.0178302 %
20220313 061512.283 INFO             PET2 PIOc_sync Enter - MemInfo: [malloc] Non-mmapped space allocated:                18558976 Byte
20220313 061512.284 INFO             PET2 PIOc_sync Enter - MemInfo: [malloc] Space allocated in mmapped regions:                0 Byte
20220313 061512.284 INFO             PET2 PIOc_sync Enter - MemInfo: [malloc] Maximum total allocated space:                     0 Byte
20220313 061512.284 INFO             PET2 PIOc_sync Enter - MemInfo: [malloc] Space in freed fastbin blocks:                  1104 Byte
20220313 061512.284 INFO             PET2 PIOc_sync Enter - MemInfo: [malloc] Total allocated space:                      18469760 Byte
20220313 061512.284 INFO             PET2 PIOc_sync Enter - MemInfo: [malloc] Total free space:                              89216 Byte
20220313 061512.284 INFO             PET2 PIOc_sync Enter - MemInfo: [malloc] Top-most, releasable space:                    84400 Byte
20220313 061512.284 INFO             PET2 PIOc_sync Enter - MemInfo: [malloc] Total space in use, mmap + non-mmap:        18469760 Byte
20220313 061512.284 INFO             PET2 PIOc_sync Enter - MemInfo: [malloc] Total space held (mmap + non-mmap):         18558976 Byte
20220313 061512.284 INFO             PET2 PIOc_sync Enter - MemInfo: [malloc] Total space used (mmap + non-mmap):         18479088 Byte
20220313 061512.284 INFO             PET2 PIOc_sync Enter - MemInfo: Wall-clock time since execution start:              0.0140118 seconds
20220313 061512.286 INFO             PET2 PIOc_sync Exit - MemInfo: [/proc/meminfo - SSI]	MemTotal:       65507008 kB
20220313 061512.286 INFO             PET2 PIOc_sync Exit - MemInfo: [/proc/meminfo - SSI]	MemFree:        49866444 kB
20220313 061512.286 INFO             PET2 PIOc_sync Exit - MemInfo: [/proc/meminfo - SSI]	MemAvailable:   49619744 kB
20220313 061512.286 INFO             PET2 PIOc_sync Exit - MemInfo: [/proc/meminfo - SSI]	Committed_AS:   13168996 kB
20220313 061512.286 INFO             PET2 PIOc_sync Exit - MemInfo: [/proc/meminfo - SSI]	CommittedPercent: 20.1032 %
20220313 061512.286 INFO             PET2 PIOc_sync Exit - MemInfo: [/proc/self/status]	VmPeak:	  117036 kB
20220313 061512.286 INFO             PET2 PIOc_sync Exit - MemInfo: [/proc/self/status]	VmSize:	  117036 kB
20220313 061512.286 INFO             PET2 PIOc_sync Exit - MemInfo: [/proc/self/status]	VmLck:	       0 kB
20220313 061512.286 INFO             PET2 PIOc_sync Exit - MemInfo: [/proc/self/status]	VmPin:	       0 kB
20220313 061512.286 INFO             PET2 PIOc_sync Exit - MemInfo: [/proc/self/status]	VmHWM:	   11772 kB
20220313 061512.286 INFO             PET2 PIOc_sync Exit - MemInfo: [/proc/self/status]	VmRSS:	   11772 kB
20220313 061512.286 INFO             PET2 PIOc_sync Exit - MemInfo: [/proc/self/status]	VmData:	   21460 kB
20220313 061512.286 INFO             PET2 PIOc_sync Exit - MemInfo: [/proc/self/status]	VmStk:	     144 kB
20220313 061512.286 INFO             PET2 PIOc_sync Exit - MemInfo: [/proc/self/status]	VmExe:	     196 kB
20220313 061512.286 INFO             PET2 PIOc_sync Exit - MemInfo: [/proc/self/status]	VmLib:	   39752 kB
20220313 061512.286 INFO             PET2 PIOc_sync Exit - MemInfo: [/proc/self/status]	VmPTE:	     200 kB
