build time -- 2022-03-14 06:04:57.088307
20220314 061719.722 INFO             PET0 !!!!!!!!!!!!!!!!!!!!!!!!!!!!!!!!!!!!!!!!!!!!!!!!!!!!!!
20220314 061719.722 INFO             PET0 !!! THE ESMF_LOG IS SET TO OUTPUT ALL LOG MESSAGES !!!
20220314 061719.722 INFO             PET0 !!!     THIS MAY CAUSE SLOWDOWN IN PERFORMANCE     !!!
20220314 061719.722 INFO             PET0 !!! FOR PRODUCTION RUNS, USE:                      !!!
20220314 061719.722 INFO             PET0 !!!                   ESMF_LOGKIND_Multi_On_Error  !!!
20220314 061719.722 INFO             PET0 !!!!!!!!!!!!!!!!!!!!!!!!!!!!!!!!!!!!!!!!!!!!!!!!!!!!!!
20220314 061719.722 INFO             PET0 Running with ESMF Version   : v8.3.0b09-96-g559b459836
20220314 061719.722 INFO             PET0 ESMF library build date/time: "Mar 14 2022" "06:03:07"
20220314 061719.722 INFO             PET0 ESMF library build location : /glade/scratch/rlong/esmf-testing/gfortran_10.1.0_mpt_O_jedwards_pio_update2
20220314 061719.722 INFO             PET0 ESMF_COMM                   : mpt
20220314 061719.722 INFO             PET0 ESMF_MOAB                   : enabled
20220314 061719.722 INFO             PET0 ESMF_LAPACK                 : enabled
20220314 061719.722 INFO             PET0 ESMF_NETCDF                 : enabled
20220314 061719.722 INFO             PET0 ESMF_PNETCDF                : disabled
20220314 061719.722 INFO             PET0 ESMF_PIO                    : enabled
20220314 061719.722 INFO             PET0 ESMF_YAMLCPP                : enabled
20220314 061719.723 INFO             PET0  Beginning Test, file ESMF_FieldSMMFromFileUTest.F90, line 287
20220314 061719.723 INFO             PET0  NUMBER_OF_PROCESSORS           4
20220314 061719.868 INFO             PET0  PASS  ESMF_FieldSMMFromFile Unit Test, ESMF_FieldSMMFromFileUTest.F90, line 300
20220314 061719.874 INFO             PET0 PIOc_sync Enter - MemInfo: [/proc/meminfo - SSI]	MemTotal:       65507008 kB
20220314 061719.874 INFO             PET0 PIOc_sync Enter - MemInfo: [/proc/meminfo - SSI]	MemFree:        49711744 kB
20220314 061719.874 INFO             PET0 PIOc_sync Enter - MemInfo: [/proc/meminfo - SSI]	MemAvailable:   49469824 kB
20220314 061719.874 INFO             PET0 PIOc_sync Enter - MemInfo: [/proc/meminfo - SSI]	Committed_AS:   13309508 kB
20220314 061719.874 INFO             PET0 PIOc_sync Enter - MemInfo: [/proc/meminfo - SSI]	CommittedPercent: 20.3177 %
20220314 061719.874 INFO             PET0 PIOc_sync Enter - MemInfo: [/proc/self/status]	VmPeak:	  209848 kB
20220314 061719.874 INFO             PET0 PIOc_sync Enter - MemInfo: [/proc/self/status]	VmSize:	  201660 kB
20220314 061719.874 INFO             PET0 PIOc_sync Enter - MemInfo: [/proc/self/status]	VmLck:	       0 kB
20220314 061719.874 INFO             PET0 PIOc_sync Enter - MemInfo: [/proc/self/status]	VmPin:	       0 kB
20220314 061719.874 INFO             PET0 PIOc_sync Enter - MemInfo: [/proc/self/status]	VmHWM:	   69076 kB
20220314 061719.874 INFO             PET0 PIOc_sync Enter - MemInfo: [/proc/self/status]	VmRSS:	   67632 kB
20220314 061719.874 INFO             PET0 PIOc_sync Enter - MemInfo: [/proc/self/status]	VmData:	  106548 kB
20220314 061719.874 INFO             PET0 PIOc_sync Enter - MemInfo: [/proc/self/status]	VmStk:	     144 kB
20220314 061719.874 INFO             PET0 PIOc_sync Enter - MemInfo: [/proc/self/status]	VmExe:	     196 kB
20220314 061719.874 INFO             PET0 PIOc_sync Enter - MemInfo: [/proc/self/status]	VmLib:	   39752 kB
20220314 061719.874 INFO             PET0 PIOc_sync Enter - MemInfo: [/proc/self/status]	VmPTE:	     332 kB
20220314 061719.874 INFO             PET0 PIOc_sync Enter - MemInfo: [/proc/self/status]	VmPMD:	      12 kB
20220314 061719.874 INFO             PET0 PIOc_sync Enter - MemInfo: [/proc/self/status]	VmSwap:	       0 kB
20220314 061719.874 INFO             PET0 PIOc_sync Enter - MemInfo: [/proc/self/status]	VmRSSPercent: 0.103244 %
20220314 061719.874 INFO             PET0 PIOc_sync Enter - MemInfo: [malloc] Non-mmapped space allocated:               105689088 Byte
20220314 061719.876 INFO             PET0 PIOc_sync Enter - MemInfo: [malloc] Space allocated in mmapped regions:                0 Byte
20220314 061719.876 INFO             PET0 PIOc_sync Enter - MemInfo: [malloc] Maximum total allocated space:                     0 Byte
20220314 061719.876 INFO             PET0 PIOc_sync Enter - MemInfo: [malloc] Space in freed fastbin blocks:                   944 Byte
20220314 061719.876 INFO             PET0 PIOc_sync Enter - MemInfo: [malloc] Total allocated space:                      86940640 Byte
20220314 061719.876 INFO             PET0 PIOc_sync Enter - MemInfo: [malloc] Total free space:                           18748448 Byte
20220314 061719.876 INFO             PET0 PIOc_sync Enter - MemInfo: [malloc] Top-most, releasable space:                 16909696 Byte
20220314 061719.876 INFO             PET0 PIOc_sync Enter - MemInfo: [malloc] Total space in use, mmap + non-mmap:        86940640 Byte
20220314 061719.876 INFO             PET0 PIOc_sync Enter - MemInfo: [malloc] Total space held (mmap + non-mmap):        105689088 Byte
20220314 061719.876 INFO             PET0 PIOc_sync Enter - MemInfo: [malloc] Total space used (mmap + non-mmap):         86949968 Byte
20220314 061719.876 INFO             PET0 PIOc_sync Enter - MemInfo: Wall-clock time since execution start:               0.154512 seconds
20220314 061719.878 INFO             PET0 PIOc_sync Exit - MemInfo: [/proc/meminfo - SSI]	MemTotal:       65507008 kB
20220314 061719.878 INFO             PET0 PIOc_sync Exit - MemInfo: [/proc/meminfo - SSI]	MemFree:        49711744 kB
20220314 061719.878 INFO             PET0 PIOc_sync Exit - MemInfo: [/proc/meminfo - SSI]	MemAvailable:   49469824 kB
20220314 061719.878 INFO             PET0 PIOc_sync Exit - MemInfo: [/proc/meminfo - SSI]	Committed_AS:   13309508 kB
20220314 061719.878 INFO             PET0 PIOc_sync Exit - MemInfo: [/proc/meminfo - SSI]	CommittedPercent: 20.3177 %
20220314 061719.878 INFO             PET0 PIOc_sync Exit - MemInfo: [/proc/self/status]	VmPeak:	  209848 kB
20220314 061719.878 INFO             PET0 PIOc_sync Exit - MemInfo: [/proc/self/status]	VmSize:	  201660 kB
20220314 061719.878 INFO             PET0 PIOc_sync Exit - MemInfo: [/proc/self/status]	VmLck:	       0 kB
20220314 061719.878 INFO             PET0 PIOc_sync Exit - MemInfo: [/proc/self/status]	VmPin:	       0 kB
20220314 061719.878 INFO             PET0 PIOc_sync Exit - MemInfo: [/proc/self/status]	VmHWM:	   69076 kB
20220314 061719.878 INFO             PET0 PIOc_sync Exit - MemInfo: [/proc/self/status]	VmRSS:	   67664 kB
20220314 061719.878 INFO             PET0 PIOc_sync Exit - MemInfo: [/proc/self/status]	VmData:	  106548 kB
20220314 061719.878 INFO             PET0 PIOc_sync Exit - MemInfo: [/proc/self/status]	VmStk:	     144 kB
20220314 061719.878 INFO             PET0 PIOc_sync Exit - MemInfo: [/proc/self/status]	VmExe:	     196 kB
20220314 061719.878 INFO             PET0 PIOc_sync Exit - MemInfo: [/proc/self/status]	VmLib:	   39752 kB
20220314 061719.878 INFO             PET0 PIOc_sync Exit - MemInfo: [/proc/self/status]	VmPTE:	     332 kB
20220314 061719.878 INFO             PET0 PIOc_sync Exit - MemInfo: [/proc/self/status]	VmPMD:	      12 kB
20220314 061719.878 INFO             PET0 PIOc_sync Exit - MemInfo: [/proc/self/status]	VmSwap:	       0 kB
20220314 061719.878 INFO             PET0 PIOc_sync Exit - MemInfo: [/proc/self/status]	VmRSSPercent: 0.103293 %
20220314 061719.878 INFO             PET0 PIOc_sync Exit - MemInfo: [malloc] Non-mmapped space allocated:               105689088 Byte
20220314 061719.878 INFO             PET0 PIOc_sync Exit - MemInfo: [malloc] Space allocated in mmapped regions:                0 Byte
20220314 061719.878 INFO             PET0 PIOc_sync Exit - MemInfo: [malloc] Maximum total allocated space:                     0 Byte
20220314 061719.878 INFO             PET0 PIOc_sync Exit - MemInfo: [malloc] Space in freed fastbin blocks:                   928 Byte
20220314 061719.878 INFO             PET0 PIOc_sync Exit - MemInfo: [malloc] Total allocated space:                      86939584 Byte
20220314 061719.878 INFO             PET0 PIOc_sync Exit - MemInfo: [malloc] Total free space:                           18749504 Byte
20220314 061719.878 INFO             PET0 PIOc_sync Exit - MemInfo: [malloc] Top-most, releasable space:                 16909696 Byte
20220314 061719.878 INFO             PET0 PIOc_sync Exit - MemInfo: [malloc] Total space in use, mmap + non-mmap:        86939584 Byte
20220314 061719.878 INFO             PET0 PIOc_sync Exit - MemInfo: [malloc] Total space held (mmap + non-mmap):        105689088 Byte
20220314 061719.878 INFO             PET0 PIOc_sync Exit - MemInfo: [malloc] Total space used (mmap + non-mmap):         86948912 Byte
20220314 061719.878 INFO             PET0 PIOc_sync Exit - MemInfo: Wall-clock time since execution start:               0.156225 seconds
20220314 061719.878 INFO             PET0 PIOc_freedecomp Enter - MemInfo: [/proc/meminfo - SSI]	MemTotal:       65507008 kB
20220314 061719.878 INFO             PET0 PIOc_freedecomp Enter - MemInfo: [/proc/meminfo - SSI]	MemFree:        49711744 kB
20220314 061719.878 INFO             PET0 PIOc_freedecomp Enter - MemInfo: [/proc/meminfo - SSI]	MemAvailable:   49469824 kB
20220314 061719.878 INFO             PET0 PIOc_freedecomp Enter - MemInfo: [/proc/meminfo - SSI]	Committed_AS:   13309508 kB
20220314 061719.878 INFO             PET0 PIOc_freedecomp Enter - MemInfo: [/proc/meminfo - SSI]	CommittedPercent: 20.3177 %
20220314 061719.878 INFO             PET0 PIOc_freedecomp Enter - MemInfo: [/proc/self/status]	VmPeak:	  209848 kB
20220314 061719.878 INFO             PET0 PIOc_freedecomp Enter - MemInfo: [/proc/self/status]	VmSize:	  201660 kB
20220314 061719.878 INFO             PET0 PIOc_freedecomp Enter - MemInfo: [/proc/self/status]	VmLck:	       0 kB
20220314 061719.878 INFO             PET0 PIOc_freedecomp Enter - MemInfo: [/proc/self/status]	VmPin:	       0 kB
20220314 061719.878 INFO             PET0 PIOc_freedecomp Enter - MemInfo: [/proc/self/status]	VmHWM:	   69076 kB
20220314 061719.878 INFO             PET0 PIOc_freedecomp Enter - MemInfo: [/proc/self/status]	VmRSS:	   67664 kB
20220314 061719.878 INFO             PET0 PIOc_freedecomp Enter - MemInfo: [/proc/self/status]	VmData:	  106548 kB
20220314 061719.878 INFO             PET0 PIOc_freedecomp Enter - MemInfo: [/proc/self/status]	VmStk:	     144 kB
20220314 061719.878 INFO             PET0 PIOc_freedecomp Enter - MemInfo: [/proc/self/status]	VmExe:	     196 kB
20220314 061719.878 INFO             PET0 PIOc_freedecomp Enter - MemInfo: [/proc/self/status]	VmLib:	   39752 kB
20220314 061719.878 INFO             PET0 PIOc_freedecomp Enter - MemInfo: [/proc/self/status]	VmPTE:	     332 kB
20220314 061719.878 INFO             PET0 PIOc_freedecomp Enter - MemInfo: [/proc/self/status]	VmPMD:	      12 kB
20220314 061719.878 INFO             PET0 PIOc_freedecomp Enter - MemInfo: [/proc/self/status]	VmSwap:	       0 kB
20220314 061719.878 INFO             PET0 PIOc_freedecomp Enter - MemInfo: [/proc/self/status]	VmRSSPercent: 0.103293 %
20220314 061719.878 INFO             PET0 PIOc_freedecomp Enter - MemInfo: [malloc] Non-mmapped space allocated:               105689088 Byte
20220314 061719.878 INFO             PET0 PIOc_freedecomp Enter - MemInfo: [malloc] Space allocated in mmapped regions:                0 Byte
20220314 061719.878 INFO             PET0 PIOc_freedecomp Enter - MemInfo: [malloc] Maximum total allocated space:                     0 Byte
20220314 061719.878 INFO             PET0 PIOc_freedecomp Enter - MemInfo: [malloc] Space in freed fastbin blocks:                  1488 Byte
20220314 061719.878 INFO             PET0 PIOc_freedecomp Enter - MemInfo: [malloc] Total allocated space:                      70149216 Byte
20220314 061719.878 INFO             PET0 PIOc_freedecomp Enter - MemInfo: [malloc] Total free space:                           35539872 Byte
20220314 061719.878 INFO             PET0 PIOc_freedecomp Enter - MemInfo: [malloc] Top-most, releasable space:                 16909696 Byte
20220314 061719.878 INFO             PET0 PIOc_freedecomp Enter - MemInfo: [malloc] Total space in use, mmap + non-mmap:        70149216 Byte
20220314 061719.878 INFO             PET0 PIOc_freedecomp Enter - MemInfo: [malloc] Total space held (mmap + non-mmap):        105689088 Byte
20220314 061719.878 INFO             PET0 PIOc_freedecomp Enter - MemInfo: [malloc] Total space used (mmap + non-mmap):         70158544 Byte
20220314 061719.878 INFO             PET0 PIOc_freedecomp Enter - MemInfo: Wall-clock time since execution start:               0.156603 seconds
20220314 061719.878 INFO             PET0 PIOc_freedecomp Exit - MemInfo: [/proc/meminfo - SSI]	MemTotal:       65507008 kB
20220314 061719.878 INFO             PET0 PIOc_freedecomp Exit - MemInfo: [/proc/meminfo - SSI]	MemFree:        49711744 kB
20220314 061719.878 INFO             PET0 PIOc_freedecomp Exit - MemInfo: [/proc/meminfo - SSI]	MemAvailable:   49469824 kB
20220314 061719.878 INFO             PET0 PIOc_freedecomp Exit - MemInfo: [/proc/meminfo - SSI]	Committed_AS:   13309508 kB
20220314 061719.878 INFO             PET0 PIOc_freedecomp Exit - MemInfo: [/proc/meminfo - SSI]	CommittedPercent: 20.3177 %
20220314 061719.878 INFO             PET0 PIOc_freedecomp Exit - MemInfo: [/proc/self/status]	VmPeak:	  209848 kB
20220314 061719.878 INFO             PET0 PIOc_freedecomp Exit - MemInfo: [/proc/self/status]	VmSize:	  201660 kB
20220314 061719.878 INFO             PET0 PIOc_freedecomp Exit - MemInfo: [/proc/self/status]	VmLck:	       0 kB
20220314 061719.878 INFO             PET0 PIOc_freedecomp Exit - MemInfo: [/proc/self/status]	VmPin:	       0 kB
20220314 061719.878 INFO             PET0 PIOc_freedecomp Exit - MemInfo: [/proc/self/status]	VmHWM:	   69076 kB
20220314 061719.878 INFO             PET0 PIOc_freedecomp Exit - MemInfo: [/proc/self/status]	VmRSS:	   67664 kB
20220314 061719.878 INFO             PET0 PIOc_freedecomp Exit - MemInfo: [/proc/self/status]	VmData:	  106548 kB
20220314 061719.878 INFO             PET0 PIOc_freedecomp Exit - MemInfo: [/proc/self/status]	VmStk:	     144 kB
20220314 061719.878 INFO             PET0 PIOc_freedecomp Exit - MemInfo: [/proc/self/status]	VmExe:	     196 kB
20220314 061719.878 INFO             PET0 PIOc_freedecomp Exit - MemInfo: [/proc/self/status]	VmLib:	   39752 kB
20220314 061719.878 INFO             PET0 PIOc_freedecomp Exit - MemInfo: [/proc/self/status]	VmPTE:	     332 kB
20220314 061719.878 INFO             PET0 PIOc_freedecomp Exit - MemInfo: [/proc/self/status]	VmPMD:	      12 kB
20220314 061719.878 INFO             PET0 PIOc_freedecomp Exit - MemInfo: [/proc/self/status]	VmSwap:	       0 kB
20220314 061719.878 INFO             PET0 PIOc_freedecomp Exit - MemInfo: [/proc/self/status]	VmRSSPercent: 0.103293 %
20220314 061719.878 INFO             PET0 PIOc_freedecomp Exit - MemInfo: [malloc] Non-mmapped space allocated:               105689088 Byte
20220314 061719.878 INFO             PET0 PIOc_freedecomp Exit - MemInfo: [malloc] Space allocated in mmapped regions:                0 Byte
20220314 061719.878 INFO             PET0 PIOc_freedecomp Exit - MemInfo: [malloc] Maximum total allocated space:                     0 Byte
20220314 061719.878 INFO             PET0 PIOc_freedecomp Exit - MemInfo: [malloc] Space in freed fastbin blocks:                  1760 Byte
20220314 061719.878 INFO             PET0 PIOc_freedecomp Exit - MemInfo: [malloc] Total allocated space:                      70144704 Byte
20220314 061719.878 INFO             PET0 PIOc_freedecomp Exit - MemInfo: [malloc] Total free space:                           35544384 Byte
20220314 061719.879 INFO             PET0 PIOc_freedecomp Exit - MemInfo: [malloc] Top-most, releasable space:                 16909696 Byte
20220314 061719.879 INFO             PET0 PIOc_freedecomp Exit - MemInfo: [malloc] Total space in use, mmap + non-mmap:        70144704 Byte
20220314 061719.879 INFO             PET0 PIOc_freedecomp Exit - MemInfo: [malloc] Total space held (mmap + non-mmap):        105689088 Byte
20220314 061719.879 INFO             PET0 PIOc_freedecomp Exit - MemInfo: [malloc] Total space used (mmap + non-mmap):         70154032 Byte
20220314 061719.879 INFO             PET0 PIOc_freedecomp Exit - MemInfo: Wall-clock time since execution start:               0.156936 seconds
20220314 061719.880 INFO             PET0 PIOc_sync Enter - MemInfo: [/proc/meminfo - SSI]	MemTotal:       65507008 kB
20220314 061719.880 INFO             PET0 PIOc_sync Enter - MemInfo: [/proc/meminfo - SSI]	MemFree:        49711744 kB
20220314 061719.880 INFO             PET0 PIOc_sync Enter - MemInfo: [/proc/meminfo - SSI]	MemAvailable:   49469824 kB
20220314 061719.880 INFO             PET0 PIOc_sync Enter - MemInfo: [/proc/meminfo - SSI]	Committed_AS:   13309508 kB
20220314 061719.880 INFO             PET0 PIOc_sync Enter - MemInfo: [/proc/meminfo - SSI]	CommittedPercent: 20.3177 %
20220314 061719.880 INFO             PET0 PIOc_sync Enter - MemInfo: [/proc/self/status]	VmPeak:	  209848 kB
20220314 061719.880 INFO             PET0 PIOc_sync Enter - MemInfo: [/proc/self/status]	VmSize:	  201660 kB
20220314 061719.880 INFO             PET0 PIOc_sync Enter - MemInfo: [/proc/self/status]	VmLck:	       0 kB
20220314 061719.880 INFO             PET0 PIOc_sync Enter - MemInfo: [/proc/self/status]	VmPin:	       0 kB
20220314 061719.880 INFO             PET0 PIOc_sync Enter - MemInfo: [/proc/self/status]	VmHWM:	   69076 kB
20220314 061719.880 INFO             PET0 PIOc_sync Enter - MemInfo: [/proc/self/status]	VmRSS:	   67668 kB
20220314 061719.880 INFO             PET0 PIOc_sync Enter - MemInfo: [/proc/self/status]	VmData:	  106548 kB
20220314 061719.880 INFO             PET0 PIOc_sync Enter - MemInfo: [/proc/self/status]	VmStk:	     144 kB
20220314 061719.880 INFO             PET0 PIOc_sync Enter - MemInfo: [/proc/self/status]	VmExe:	     196 kB
20220314 061719.880 INFO             PET0 PIOc_sync Enter - MemInfo: [/proc/self/status]	VmLib:	   39752 kB
20220314 061719.880 INFO             PET0 PIOc_sync Enter - MemInfo: [/proc/self/status]	VmPTE:	     332 kB
20220314 061719.880 INFO             PET0 PIOc_sync Enter - MemInfo: [/proc/self/status]	VmPMD:	      12 kB
20220314 061719.880 INFO             PET0 PIOc_sync Enter - MemInfo: [/proc/self/status]	VmSwap:	       0 kB
20220314 061719.880 INFO             PET0 PIOc_sync Enter - MemInfo: [/proc/self/status]	VmRSSPercent: 0.103299 %
20220314 061719.880 INFO             PET0 PIOc_sync Enter - MemInfo: [malloc] Non-mmapped space allocated:               105689088 Byte
20220314 061719.880 INFO             PET0 PIOc_sync Enter - MemInfo: [malloc] Space allocated in mmapped regions:                0 Byte
20220314 061719.880 INFO             PET0 PIOc_sync Enter - MemInfo: [malloc] Maximum total allocated space:                     0 Byte
20220314 061719.880 INFO             PET0 PIOc_sync Enter - MemInfo: [malloc] Space in freed fastbin blocks:                  1344 Byte
20220314 061719.880 INFO             PET0 PIOc_sync Enter - MemInfo: [malloc] Total allocated space:                      86940832 Byte
20220314 061719.880 INFO             PET0 PIOc_sync Enter - MemInfo: [malloc] Total free space:                           18748256 Byte
20220314 061719.880 INFO             PET0 PIOc_sync Enter - MemInfo: [malloc] Top-most, releasable space:                 16909696 Byte
20220314 061719.880 INFO             PET0 PIOc_sync Enter - MemInfo: [malloc] Total space in use, mmap + non-mmap:        86940832 Byte
20220314 061719.880 INFO             PET0 PIOc_sync Enter - MemInfo: [malloc] Total space held (mmap + non-mmap):        105689088 Byte
20220314 061719.880 INFO             PET0 PIOc_sync Enter - MemInfo: [malloc] Total space used (mmap + non-mmap):         86950160 Byte
20220314 061719.880 INFO             PET0 PIOc_sync Enter - MemInfo: Wall-clock time since execution start:                0.15858 seconds
20220314 061719.880 INFO             PET0 PIOc_sync Exit - MemInfo: [/proc/meminfo - SSI]	MemTotal:       65507008 kB
20220314 061719.880 INFO             PET0 PIOc_sync Exit - MemInfo: [/proc/meminfo - SSI]	MemFree:        49711744 kB
20220314 061719.880 INFO             PET0 PIOc_sync Exit - MemInfo: [/proc/meminfo - SSI]	MemAvailable:   49469824 kB
20220314 061719.880 INFO             PET0 PIOc_sync Exit - MemInfo: [/proc/meminfo - SSI]	Committed_AS:   13309508 kB
20220314 061719.880 INFO             PET0 PIOc_sync Exit - MemInfo: [/proc/meminfo - SSI]	CommittedPercent: 20.3177 %
20220314 061719.880 INFO             PET0 PIOc_sync Exit - MemInfo: [/proc/self/status]	VmPeak:	  209848 kB
20220314 061719.880 INFO             PET0 PIOc_sync Exit - MemInfo: [/proc/self/status]	VmSize:	  201660 kB
20220314 061719.880 INFO             PET0 PIOc_sync Exit - MemInfo: [/proc/self/status]	VmLck:	       0 kB
20220314 061719.880 INFO             PET0 PIOc_sync Exit - MemInfo: [/proc/self/status]	VmPin:	       0 kB
20220314 061719.880 INFO             PET0 PIOc_sync Exit - MemInfo: [/proc/self/status]	VmHWM:	   69076 kB
20220314 061719.880 INFO             PET0 PIOc_sync Exit - MemInfo: [/proc/self/status]	VmRSS:	   67668 kB
20220314 061719.880 INFO             PET0 PIOc_sync Exit - MemInfo: [/proc/self/status]	VmData:	  106548 kB
20220314 061719.880 INFO             PET0 PIOc_sync Exit - MemInfo: [/proc/self/status]	VmStk:	     144 kB
20220314 061719.880 INFO             PET0 PIOc_sync Exit - MemInfo: [/proc/self/status]	VmExe:	     196 kB
20220314 061719.880 INFO             PET0 PIOc_sync Exit - MemInfo: [/proc/self/status]	VmLib:	   39752 kB
20220314 061719.880 INFO             PET0 PIOc_sync Exit - MemInfo: [/proc/self/status]	VmPTE:	     332 kB
20220314 061719.880 INFO             PET0 PIOc_sync Exit - MemInfo: [/proc/self/status]	VmPMD:	      12 kB
20220314 061719.880 INFO             PET0 PIOc_sync Exit - MemInfo: [/proc/self/status]	VmSwap:	       0 kB
20220314 061719.880 INFO             PET0 PIOc_sync Exit - MemInfo: [/proc/self/status]	VmRSSPercent: 0.103299 %
20220314 061719.880 INFO             PET0 PIOc_sync Exit - MemInfo: [malloc] Non-mmapped space allocated:               105689088 Byte
20220314 061719.881 INFO             PET0 PIOc_sync Exit - MemInfo: [malloc] Space allocated in mmapped regions:                0 Byte
20220314 061719.881 INFO             PET0 PIOc_sync Exit - MemInfo: [malloc] Maximum total allocated space:                     0 Byte
20220314 061719.881 INFO             PET0 PIOc_sync Exit - MemInfo: [malloc] Space in freed fastbin blocks:                  1040 Byte
20220314 061719.881 INFO             PET0 PIOc_sync Exit - MemInfo: [malloc] Total allocated space:                      86940048 Byte
20220314 061719.881 INFO             PET0 PIOc_sync Exit - MemInfo: [malloc] Total free space:                           18749040 Byte
20220314 061719.881 INFO             PET0 PIOc_sync Exit - MemInfo: [malloc] Top-most, releasable space:                 16909696 Byte
20220314 061719.881 INFO             PET0 PIOc_sync Exit - MemInfo: [malloc] Total space in use, mmap + non-mmap:        86940048 Byte
20220314 061719.881 INFO             PET0 PIOc_sync Exit - MemInfo: [malloc] Total space held (mmap + non-mmap):        105689088 Byte
20220314 061719.881 INFO             PET0 PIOc_sync Exit - MemInfo: [malloc] Total space used (mmap + non-mmap):         86949376 Byte
20220314 061719.881 INFO             PET0 PIOc_sync Exit - MemInfo: Wall-clock time since execution start:               0.158978 seconds
20220314 061719.881 INFO             PET0 PIOc_freedecomp Enter - MemInfo: [/proc/meminfo - SSI]	MemTotal:       65507008 kB
20220314 061719.881 INFO             PET0 PIOc_freedecomp Enter - MemInfo: [/proc/meminfo - SSI]	MemFree:        49711744 kB
20220314 061719.881 INFO             PET0 PIOc_freedecomp Enter - MemInfo: [/proc/meminfo - SSI]	MemAvailable:   49469824 kB
20220314 061719.881 INFO             PET0 PIOc_freedecomp Enter - MemInfo: [/proc/meminfo - SSI]	Committed_AS:   13309508 kB
20220314 061719.881 INFO             PET0 PIOc_freedecomp Enter - MemInfo: [/proc/meminfo - SSI]	CommittedPercent: 20.3177 %
20220314 061719.881 INFO             PET0 PIOc_freedecomp Enter - MemInfo: [/proc/self/status]	VmPeak:	  209848 kB
20220314 061719.881 INFO             PET0 PIOc_freedecomp Enter - MemInfo: [/proc/self/status]	VmSize:	  201660 kB
20220314 061719.881 INFO             PET0 PIOc_freedecomp Enter - MemInfo: [/proc/self/status]	VmLck:	       0 kB
20220314 061719.881 INFO             PET0 PIOc_freedecomp Enter - MemInfo: [/proc/self/status]	VmPin:	       0 kB
20220314 061719.881 INFO             PET0 PIOc_freedecomp Enter - MemInfo: [/proc/self/status]	VmHWM:	   69076 kB
20220314 061719.881 INFO             PET0 PIOc_freedecomp Enter - MemInfo: [/proc/self/status]	VmRSS:	   67668 kB
20220314 061719.881 INFO             PET0 PIOc_freedecomp Enter - MemInfo: [/proc/self/status]	VmData:	  106548 kB
20220314 061719.881 INFO             PET0 PIOc_freedecomp Enter - MemInfo: [/proc/self/status]	VmStk:	     144 kB
20220314 061719.881 INFO             PET0 PIOc_freedecomp Enter - MemInfo: [/proc/self/status]	VmExe:	     196 kB
20220314 061719.881 INFO             PET0 PIOc_freedecomp Enter - MemInfo: [/proc/self/status]	VmLib:	   39752 kB
20220314 061719.881 INFO             PET0 PIOc_freedecomp Enter - MemInfo: [/proc/self/status]	VmPTE:	     332 kB
20220314 061719.881 INFO             PET0 PIOc_freedecomp Enter - MemInfo: [/proc/self/status]	VmPMD:	      12 kB
20220314 061719.881 INFO             PET0 PIOc_freedecomp Enter - MemInfo: [/proc/self/status]	VmSwap:	       0 kB
20220314 061719.881 INFO             PET0 PIOc_freedecomp Enter - MemInfo: [/proc/self/status]	VmRSSPercent: 0.103299 %
20220314 061719.881 INFO             PET0 PIOc_freedecomp Enter - MemInfo: [malloc] Non-mmapped space allocated:               105689088 Byte
20220314 061719.881 INFO             PET0 PIOc_freedecomp Enter - MemInfo: [malloc] Space allocated in mmapped regions:                0 Byte
20220314 061719.881 INFO             PET0 PIOc_freedecomp Enter - MemInfo: [malloc] Maximum total allocated space:                     0 Byte
20220314 061719.881 INFO             PET0 PIOc_freedecomp Enter - MemInfo: [malloc] Space in freed fastbin blocks:                  2000 Byte
20220314 061719.881 INFO             PET0 PIOc_freedecomp Enter - MemInfo: [malloc] Total allocated space:                      70149232 Byte
20220314 061719.881 INFO             PET0 PIOc_freedecomp Enter - MemInfo: [malloc] Total free space:                           35539856 Byte
20220314 061719.881 INFO             PET0 PIOc_freedecomp Enter - MemInfo: [malloc] Top-most, releasable space:                 16909696 Byte
20220314 061719.881 INFO             PET0 PIOc_freedecomp Enter - MemInfo: [malloc] Total space in use, mmap + non-mmap:        70149232 Byte
20220314 061719.881 INFO             PET0 PIOc_freedecomp Enter - MemInfo: [malloc] Total space held (mmap + non-mmap):        105689088 Byte
20220314 061719.881 INFO             PET0 PIOc_freedecomp Enter - MemInfo: [malloc] Total space used (mmap + non-mmap):         70158560 Byte
20220314 061719.881 INFO             PET0 PIOc_freedecomp Enter - MemInfo: Wall-clock time since execution start:               0.159341 seconds
20220314 061719.881 INFO             PET0 PIOc_freedecomp Exit - MemInfo: [/proc/meminfo - SSI]	MemTotal:       65507008 kB
20220314 061719.881 INFO             PET0 PIOc_freedecomp Exit - MemInfo: [/proc/meminfo - SSI]	MemFree:        49711744 kB
20220314 061719.881 INFO             PET0 PIOc_freedecomp Exit - MemInfo: [/proc/meminfo - SSI]	MemAvailable:   49469824 kB
20220314 061719.881 INFO             PET0 PIOc_freedecomp Exit - MemInfo: [/proc/meminfo - SSI]	Committed_AS:   13309508 kB
20220314 061719.881 INFO             PET0 PIOc_freedecomp Exit - MemInfo: [/proc/meminfo - SSI]	CommittedPercent: 20.3177 %
20220314 061719.881 INFO             PET0 PIOc_freedecomp Exit - MemInfo: [/proc/self/status]	VmPeak:	  209848 kB
20220314 061719.881 INFO             PET0 PIOc_freedecomp Exit - MemInfo: [/proc/self/status]	VmSize:	  201660 kB
20220314 061719.881 INFO             PET0 PIOc_freedecomp Exit - MemInfo: [/proc/self/status]	VmLck:	       0 kB
20220314 061719.881 INFO             PET0 PIOc_freedecomp Exit - MemInfo: [/proc/self/status]	VmPin:	       0 kB
20220314 061719.881 INFO             PET0 PIOc_freedecomp Exit - MemInfo: [/proc/self/status]	VmHWM:	   69076 kB
20220314 061719.881 INFO             PET0 PIOc_freedecomp Exit - MemInfo: [/proc/self/status]	VmRSS:	   67668 kB
20220314 061719.881 INFO             PET0 PIOc_freedecomp Exit - MemInfo: [/proc/self/status]	VmData:	  106548 kB
20220314 061719.881 INFO             PET0 PIOc_freedecomp Exit - MemInfo: [/proc/self/status]	VmStk:	     144 kB
20220314 061719.881 INFO             PET0 PIOc_freedecomp Exit - MemInfo: [/proc/self/status]	VmExe:	     196 kB
20220314 061719.881 INFO             PET0 PIOc_freedecomp Exit - MemInfo: [/proc/self/status]	VmLib:	   39752 kB
20220314 061719.881 INFO             PET0 PIOc_freedecomp Exit - MemInfo: [/proc/self/status]	VmPTE:	     332 kB
20220314 061719.881 INFO             PET0 PIOc_freedecomp Exit - MemInfo: [/proc/self/status]	VmPMD:	      12 kB
20220314 061719.881 INFO             PET0 PIOc_freedecomp Exit - MemInfo: [/proc/self/status]	VmSwap:	       0 kB
20220314 061719.881 INFO             PET0 PIOc_freedecomp Exit - MemInfo: [/proc/self/status]	VmRSSPercent: 0.103299 %
20220314 061719.881 INFO             PET0 PIOc_freedecomp Exit - MemInfo: [malloc] Non-mmapped space allocated:               105689088 Byte
20220314 061719.881 INFO             PET0 PIOc_freedecomp Exit - MemInfo: [malloc] Space allocated in mmapped regions:                0 Byte
20220314 061719.881 INFO             PET0 PIOc_freedecomp Exit - MemInfo: [malloc] Maximum total allocated space:                     0 Byte
20220314 061719.881 INFO             PET0 PIOc_freedecomp Exit - MemInfo: [malloc] Space in freed fastbin blocks:                  1888 Byte
20220314 061719.881 INFO             PET0 PIOc_freedecomp Exit - MemInfo: [malloc] Total allocated space:                      70144704 Byte
20220314 061719.881 INFO             PET0 PIOc_freedecomp Exit - MemInfo: [malloc] Total free space:                           35544384 Byte
20220314 061719.881 INFO             PET0 PIOc_freedecomp Exit - MemInfo: [malloc] Top-most, releasable space:                 16909696 Byte
20220314 061719.881 INFO             PET0 PIOc_freedecomp Exit - MemInfo: [malloc] Total space in use, mmap + non-mmap:        70144704 Byte
20220314 061719.881 INFO             PET0 PIOc_freedecomp Exit - MemInfo: [malloc] Total space held (mmap + non-mmap):        105689088 Byte
20220314 061719.881 INFO             PET0 PIOc_freedecomp Exit - MemInfo: [malloc] Total space used (mmap + non-mmap):         70154032 Byte
20220314 061719.881 INFO             PET0 PIOc_freedecomp Exit - MemInfo: Wall-clock time since execution start:               0.159671 seconds
20220314 061719.882 INFO             PET0 PIOc_sync Enter - MemInfo: [/proc/meminfo - SSI]	MemTotal:       65507008 kB
20220314 061719.882 INFO             PET0 PIOc_sync Enter - MemInfo: [/proc/meminfo - SSI]	MemFree:        49711744 kB
20220314 061719.882 INFO             PET0 PIOc_sync Enter - MemInfo: [/proc/meminfo - SSI]	MemAvailable:   49469824 kB
20220314 061719.882 INFO             PET0 PIOc_sync Enter - MemInfo: [/proc/meminfo - SSI]	Committed_AS:   13309508 kB
20220314 061719.882 INFO             PET0 PIOc_sync Enter - MemInfo: [/proc/meminfo - SSI]	CommittedPercent: 20.3177 %
20220314 061719.882 INFO             PET0 PIOc_sync Enter - MemInfo: [/proc/self/status]	VmPeak:	  209848 kB
20220314 061719.882 INFO             PET0 PIOc_sync Enter - MemInfo: [/proc/self/status]	VmSize:	  201660 kB
20220314 061719.882 INFO             PET0 PIOc_sync Enter - MemInfo: [/proc/self/status]	VmLck:	       0 kB
20220314 061719.882 INFO             PET0 PIOc_sync Enter - MemInfo: [/proc/self/status]	VmPin:	       0 kB
20220314 061719.882 INFO             PET0 PIOc_sync Enter - MemInfo: [/proc/self/status]	VmHWM:	   69076 kB
20220314 061719.882 INFO             PET0 PIOc_sync Enter - MemInfo: [/proc/self/status]	VmRSS:	   67668 kB
20220314 061719.882 INFO             PET0 PIOc_sync Enter - MemInfo: [/proc/self/status]	VmData:	  106548 kB
20220314 061719.882 INFO             PET0 PIOc_sync Enter - MemInfo: [/proc/self/status]	VmStk:	     144 kB
20220314 061719.882 INFO             PET0 PIOc_sync Enter - MemInfo: [/proc/self/status]	VmExe:	     196 kB
20220314 061719.882 INFO             PET0 PIOc_sync Enter - MemInfo: [/proc/self/status]	VmLib:	   39752 kB
20220314 061719.882 INFO             PET0 PIOc_sync Enter - MemInfo: [/proc/self/status]	VmPTE:	     332 kB
20220314 061719.882 INFO             PET0 PIOc_sync Enter - MemInfo: [/proc/self/status]	VmPMD:	      12 kB
20220314 061719.882 INFO             PET0 PIOc_sync Enter - MemInfo: [/proc/self/status]	VmSwap:	       0 kB
20220314 061719.882 INFO             PET0 PIOc_sync Enter - MemInfo: [/proc/self/status]	VmRSSPercent: 0.103299 %
20220314 061719.882 INFO             PET0 PIOc_sync Enter - MemInfo: [malloc] Non-mmapped space allocated:               105689088 Byte
20220314 061719.882 INFO             PET0 PIOc_sync Enter - MemInfo: [malloc] Space allocated in mmapped regions:                0 Byte
20220314 061719.882 INFO             PET0 PIOc_sync Enter - MemInfo: [malloc] Maximum total allocated space:                     0 Byte
20220314 061719.882 INFO             PET0 PIOc_sync Enter - MemInfo: [malloc] Space in freed fastbin blocks:                  1488 Byte
20220314 061719.882 INFO             PET0 PIOc_sync Enter - MemInfo: [malloc] Total allocated space:                      86941296 Byte
20220314 061719.882 INFO             PET0 PIOc_sync Enter - MemInfo: [malloc] Total free space:                           18747792 Byte
20220314 061719.882 INFO             PET0 PIOc_sync Enter - MemInfo: [malloc] Top-most, releasable space:                 16909696 Byte
20220314 061719.882 INFO             PET0 PIOc_sync Enter - MemInfo: [malloc] Total space in use, mmap + non-mmap:        86941296 Byte
20220314 061719.882 INFO             PET0 PIOc_sync Enter - MemInfo: [malloc] Total space held (mmap + non-mmap):        105689088 Byte
20220314 061719.882 INFO             PET0 PIOc_sync Enter - MemInfo: [malloc] Total space used (mmap + non-mmap):         86950640 Byte
20220314 061719.882 INFO             PET0 PIOc_sync Enter - MemInfo: Wall-clock time since execution start:               0.160685 seconds
20220314 061719.884 INFO             PET0 PIOc_sync Exit - MemInfo: [/proc/meminfo - SSI]	MemTotal:       65507008 kB
20220314 061719.884 INFO             PET0 PIOc_sync Exit - MemInfo: [/proc/meminfo - SSI]	MemFree:        49711744 kB
20220314 061719.884 INFO             PET0 PIOc_sync Exit - MemInfo: [/proc/meminfo - SSI]	MemAvailable:   49469824 kB
20220314 061719.884 INFO             PET0 PIOc_sync Exit - MemInfo: [/proc/meminfo - SSI]	Committed_AS:   13309508 kB
20220314 061719.884 INFO             PET0 PIOc_sync Exit - MemInfo: [/proc/meminfo - SSI]	CommittedPercent: 20.3177 %
20220314 061719.884 INFO             PET0 PIOc_sync Exit - MemInfo: [/proc/self/status]	VmPeak:	  209848 kB
20220314 061719.884 INFO             PET0 PIOc_sync Exit - MemInfo: [/proc/self/status]	VmSize:	  201660 kB
20220314 061719.884 INFO             PET0 PIOc_sync Exit - MemInfo: [/proc/self/status]	VmLck:	       0 kB
20220314 061719.884 INFO             PET0 PIOc_sync Exit - MemInfo: [/proc/self/status]	VmPin:	       0 kB
20220314 061719.884 INFO             PET0 PIOc_sync Exit - MemInfo: [/proc/self/status]	VmHWM:	   69076 kB
20220314 061719.884 INFO             PET0 PIOc_sync Exit - MemInfo: [/proc/self/status]	VmRSS:	   67668 kB
20220314 061719.884 INFO             PET0 PIOc_sync Exit - MemInfo: [/proc/self/status]	VmData:	  106548 kB
20220314 061719.884 INFO             PET0 PIOc_sync Exit - MemInfo: [/proc/self/status]	VmStk:	     144 kB
20220314 061719.884 INFO             PET0 PIOc_sync Exit - MemInfo: [/proc/self/status]	VmExe:	     196 kB
20220314 061719.884 INFO             PET0 PIOc_sync Exit - MemInfo: [/proc/self/status]	VmLib:	   39752 kB
20220314 061719.884 INFO             PET0 PIOc_sync Exit - MemInfo: [/proc/self/status]	VmPTE:	     332 kB
20220314 061719.884 INFO             PET0 PIOc_sync Exit - MemInfo: [/proc/self/status]	VmPMD:	      12 kB
20220314 061719.884 INFO             PET0 PIOc_sync Exit - MemInfo: [/proc/self/status]	VmSwap:	       0 kB
20220314 061719.884 INFO             PET0 PIOc_sync Exit - MemInfo: [/proc/self/status]	VmRSSPercent: 0.103299 %
20220314 061719.884 INFO             PET0 PIOc_sync Exit - MemInfo: [malloc] Non-mmapped space allocated:               105689088 Byte
20220314 061719.884 INFO             PET0 PIOc_sync Exit - MemInfo: [malloc] Space allocated in mmapped regions:                0 Byte
20220314 061719.884 INFO             PET0 PIOc_sync Exit - MemInfo: [malloc] Maximum total allocated space:                     0 Byte
20220314 061719.884 INFO             PET0 PIOc_sync Exit - MemInfo: [malloc] Space in freed fastbin blocks:                   976 Byte
20220314 061719.884 INFO             PET0 PIOc_sync Exit - MemInfo: [malloc] Total allocated space:                      86940496 Byte
20220314 061719.884 INFO             PET0 PIOc_sync Exit - MemInfo: [malloc] Total free space:                           18748592 Byte
20220314 061719.884 INFO             PET0 PIOc_sync Exit - MemInfo: [malloc] Top-most, releasable space:                 16909696 Byte
20220314 061719.884 INFO             PET0 PIOc_sync Exit - MemInfo: [malloc] Total space in use, mmap + non-mmap:        86940496 Byte
20220314 061719.884 INFO             PET0 PIOc_sync Exit - MemInfo: [malloc] Total space held (mmap + non-mmap):        105689088 Byte
20220314 061719.884 INFO             PET0 PIOc_sync Exit - MemInfo: [malloc] Total space used (mmap + non-mmap):         86949824 Byte
20220314 061719.884 INFO             PET0 PIOc_sync Exit - MemInfo: Wall-clock time since execution start:               0.162568 seconds
20220314 061719.884 INFO             PET0 PIOc_freedecomp Enter - MemInfo: [/proc/meminfo - SSI]	MemTotal:       65507008 kB
20220314 061719.884 INFO             PET0 PIOc_freedecomp Enter - MemInfo: [/proc/meminfo - SSI]	MemFree:        49711744 kB
20220314 061719.884 INFO             PET0 PIOc_freedecomp Enter - MemInfo: [/proc/meminfo - SSI]	MemAvailable:   49469824 kB
20220314 061719.884 INFO             PET0 PIOc_freedecomp Enter - MemInfo: [/proc/meminfo - SSI]	Committed_AS:   13309508 kB
20220314 061719.884 INFO             PET0 PIOc_freedecomp Enter - MemInfo: [/proc/meminfo - SSI]	CommittedPercent: 20.3177 %
20220314 061719.884 INFO             PET0 PIOc_freedecomp Enter - MemInfo: [/proc/self/status]	VmPeak:	  209848 kB
20220314 061719.884 INFO             PET0 PIOc_freedecomp Enter - MemInfo: [/proc/self/status]	VmSize:	  201660 kB
20220314 061719.884 INFO             PET0 PIOc_freedecomp Enter - MemInfo: [/proc/self/status]	VmLck:	       0 kB
20220314 061719.884 INFO             PET0 PIOc_freedecomp Enter - MemInfo: [/proc/self/status]	VmPin:	       0 kB
20220314 061719.884 INFO             PET0 PIOc_freedecomp Enter - MemInfo: [/proc/self/status]	VmHWM:	   69076 kB
20220314 061719.884 INFO             PET0 PIOc_freedecomp Enter - MemInfo: [/proc/self/status]	VmRSS:	   67668 kB
20220314 061719.884 INFO             PET0 PIOc_freedecomp Enter - MemInfo: [/proc/self/status]	VmData:	  106548 kB
20220314 061719.884 INFO             PET0 PIOc_freedecomp Enter - MemInfo: [/proc/self/status]	VmStk:	     144 kB
20220314 061719.884 INFO             PET0 PIOc_freedecomp Enter - MemInfo: [/proc/self/status]	VmExe:	     196 kB
20220314 061719.884 INFO             PET0 PIOc_freedecomp Enter - MemInfo: [/proc/self/status]	VmLib:	   39752 kB
20220314 061719.884 INFO             PET0 PIOc_freedecomp Enter - MemInfo: [/proc/self/status]	VmPTE:	     332 kB
20220314 061719.884 INFO             PET0 PIOc_freedecomp Enter - MemInfo: [/proc/self/status]	VmPMD:	      12 kB
20220314 061719.884 INFO             PET0 PIOc_freedecomp Enter - MemInfo: [/proc/self/status]	VmSwap:	       0 kB
20220314 061719.884 INFO             PET0 PIOc_freedecomp Enter - MemInfo: [/proc/self/status]	VmRSSPercent: 0.103299 %
20220314 061719.884 INFO             PET0 PIOc_freedecomp Enter - MemInfo: [malloc] Non-mmapped space allocated:               105689088 Byte
20220314 061719.885 INFO             PET0 PIOc_freedecomp Enter - MemInfo: [malloc] Space allocated in mmapped regions:                0 Byte
20220314 061719.885 INFO             PET0 PIOc_freedecomp Enter - MemInfo: [malloc] Maximum total allocated space:                     0 Byte
20220314 061719.885 INFO             PET0 PIOc_freedecomp Enter - MemInfo: [malloc] Space in freed fastbin blocks:                  1952 Byte
20220314 061719.885 INFO             PET0 PIOc_freedecomp Enter - MemInfo: [malloc] Total allocated space:                      70149232 Byte
20220314 061719.885 INFO             PET0 PIOc_freedecomp Enter - MemInfo: [malloc] Total free space:                           35539856 Byte
20220314 061719.885 INFO             PET0 PIOc_freedecomp Enter - MemInfo: [malloc] Top-most, releasable space:                 16909696 Byte
20220314 061719.885 INFO             PET0 PIOc_freedecomp Enter - MemInfo: [malloc] Total space in use, mmap + non-mmap:        70149232 Byte
20220314 061719.885 INFO             PET0 PIOc_freedecomp Enter - MemInfo: [malloc] Total space held (mmap + non-mmap):        105689088 Byte
20220314 061719.885 INFO             PET0 PIOc_freedecomp Enter - MemInfo: [malloc] Total space used (mmap + non-mmap):         70158560 Byte
20220314 061719.885 INFO             PET0 PIOc_freedecomp Enter - MemInfo: Wall-clock time since execution start:               0.162977 seconds
20220314 061719.885 INFO             PET0 PIOc_freedecomp Exit - MemInfo: [/proc/meminfo - SSI]	MemTotal:       65507008 kB
20220314 061719.885 INFO             PET0 PIOc_freedecomp Exit - MemInfo: [/proc/meminfo - SSI]	MemFree:        49711744 kB
20220314 061719.885 INFO             PET0 PIOc_freedecomp Exit - MemInfo: [/proc/meminfo - SSI]	MemAvailable:   49469824 kB
20220314 061719.885 INFO             PET0 PIOc_freedecomp Exit - MemInfo: [/proc/meminfo - SSI]	Committed_AS:   13309508 kB
20220314 061719.885 INFO             PET0 PIOc_freedecomp Exit - MemInfo: [/proc/meminfo - SSI]	CommittedPercent: 20.3177 %
20220314 061719.885 INFO             PET0 PIOc_freedecomp Exit - MemInfo: [/proc/self/status]	VmPeak:	  209848 kB
20220314 061719.885 INFO             PET0 PIOc_freedecomp Exit - MemInfo: [/proc/self/status]	VmSize:	  201660 kB
20220314 061719.885 INFO             PET0 PIOc_freedecomp Exit - MemInfo: [/proc/self/status]	VmLck:	       0 kB
20220314 061719.885 INFO             PET0 PIOc_freedecomp Exit - MemInfo: [/proc/self/status]	VmPin:	       0 kB
20220314 061719.885 INFO             PET0 PIOc_freedecomp Exit - MemInfo: [/proc/self/status]	VmHWM:	   69076 kB
20220314 061719.885 INFO             PET0 PIOc_freedecomp Exit - MemInfo: [/proc/self/status]	VmRSS:	   67668 kB
20220314 061719.885 INFO             PET0 PIOc_freedecomp Exit - MemInfo: [/proc/self/status]	VmData:	  106548 kB
20220314 061719.885 INFO             PET0 PIOc_freedecomp Exit - MemInfo: [/proc/self/status]	VmStk:	     144 kB
20220314 061719.885 INFO             PET0 PIOc_freedecomp Exit - MemInfo: [/proc/self/status]	VmExe:	     196 kB
20220314 061719.885 INFO             PET0 PIOc_freedecomp Exit - MemInfo: [/proc/self/status]	VmLib:	   39752 kB
20220314 061719.885 INFO             PET0 PIOc_freedecomp Exit - MemInfo: [/proc/self/status]	VmPTE:	     332 kB
20220314 061719.885 INFO             PET0 PIOc_freedecomp Exit - MemInfo: [/proc/self/status]	VmPMD:	      12 kB
20220314 061719.885 INFO             PET0 PIOc_freedecomp Exit - MemInfo: [/proc/self/status]	VmSwap:	       0 kB
20220314 061719.885 INFO             PET0 PIOc_freedecomp Exit - MemInfo: [/proc/self/status]	VmRSSPercent: 0.103299 %
20220314 061719.885 INFO             PET0 PIOc_freedecomp Exit - MemInfo: [malloc] Non-mmapped space allocated:               105689088 Byte
20220314 061719.885 INFO             PET0 PIOc_freedecomp Exit - MemInfo: [malloc] Space allocated in mmapped regions:                0 Byte
20220314 061719.885 INFO             PET0 PIOc_freedecomp Exit - MemInfo: [malloc] Maximum total allocated space:                     0 Byte
20220314 061719.885 INFO             PET0 PIOc_freedecomp Exit - MemInfo: [malloc] Space in freed fastbin blocks:                  1760 Byte
20220314 061719.885 INFO             PET0 PIOc_freedecomp Exit - MemInfo: [malloc] Total allocated space:                      70144704 Byte
20220314 061719.885 INFO             PET0 PIOc_freedecomp Exit - MemInfo: [malloc] Total free space:                           35544384 Byte
20220314 061719.885 INFO             PET0 PIOc_freedecomp Exit - MemInfo: [malloc] Top-most, releasable space:                 16909696 Byte
20220314 061719.885 INFO             PET0 PIOc_freedecomp Exit - MemInfo: [malloc] Total space in use, mmap + non-mmap:        70144704 Byte
20220314 061719.885 INFO             PET0 PIOc_freedecomp Exit - MemInfo: [malloc] Total space held (mmap + non-mmap):        105689088 Byte
20220314 061719.885 INFO             PET0 PIOc_freedecomp Exit - MemInfo: [malloc] Total space used (mmap + non-mmap):         70154032 Byte
20220314 061719.885 INFO             PET0 PIOc_freedecomp Exit - MemInfo: Wall-clock time since execution start:               0.163307 seconds
20220314 061719.888 INFO             PET0  PASS  ESMF_FieldRegridStoreFromFile Unit Test, ESMF_FieldSMMFromFileUTest.F90, line 315
20220314 061719.888 INFO             PET0  Ending Test, file ESMF_FieldSMMFromFileUTest.F90, line 322
20220314 061719.888 INFO             PET0 Finalizing ESMF
20220314 061719.722 INFO             PET1 !!!!!!!!!!!!!!!!!!!!!!!!!!!!!!!!!!!!!!!!!!!!!!!!!!!!!!
20220314 061719.722 INFO             PET1 !!! THE ESMF_LOG IS SET TO OUTPUT ALL LOG MESSAGES !!!
20220314 061719.722 INFO             PET1 !!!     THIS MAY CAUSE SLOWDOWN IN PERFORMANCE     !!!
20220314 061719.722 INFO             PET1 !!! FOR PRODUCTION RUNS, USE:                      !!!
20220314 061719.722 INFO             PET1 !!!                   ESMF_LOGKIND_Multi_On_Error  !!!
20220314 061719.722 INFO             PET1 !!!!!!!!!!!!!!!!!!!!!!!!!!!!!!!!!!!!!!!!!!!!!!!!!!!!!!
20220314 061719.722 INFO             PET1 Running with ESMF Version   : v8.3.0b09-96-g559b459836
20220314 061719.722 INFO             PET1 ESMF library build date/time: "Mar 14 2022" "06:03:07"
20220314 061719.722 INFO             PET1 ESMF library build location : /glade/scratch/rlong/esmf-testing/gfortran_10.1.0_mpt_O_jedwards_pio_update2
20220314 061719.722 INFO             PET1 ESMF_COMM                   : mpt
20220314 061719.722 INFO             PET1 ESMF_MOAB                   : enabled
20220314 061719.722 INFO             PET1 ESMF_LAPACK                 : enabled
20220314 061719.722 INFO             PET1 ESMF_NETCDF                 : enabled
20220314 061719.722 INFO             PET1 ESMF_PNETCDF                : disabled
20220314 061719.722 INFO             PET1 ESMF_PIO                    : enabled
20220314 061719.722 INFO             PET1 ESMF_YAMLCPP                : enabled
20220314 061719.723 INFO             PET1  Beginning Test, file ESMF_FieldSMMFromFileUTest.F90, line 287
20220314 061719.723 INFO             PET1  NUMBER_OF_PROCESSORS           4
20220314 061719.866 INFO             PET1  PASS  ESMF_FieldSMMFromFile Unit Test, ESMF_FieldSMMFromFileUTest.F90, line 300
20220314 061719.874 INFO             PET1 PIOc_sync Enter - MemInfo: [/proc/meminfo - SSI]	MemTotal:       65507008 kB
20220314 061719.874 INFO             PET1 PIOc_sync Enter - MemInfo: [/proc/meminfo - SSI]	MemFree:        49711744 kB
20220314 061719.874 INFO             PET1 PIOc_sync Enter - MemInfo: [/proc/meminfo - SSI]	MemAvailable:   49469824 kB
20220314 061719.874 INFO             PET1 PIOc_sync Enter - MemInfo: [/proc/meminfo - SSI]	Committed_AS:   13309508 kB
20220314 061719.874 INFO             PET1 PIOc_sync Enter - MemInfo: [/proc/meminfo - SSI]	CommittedPercent: 20.3177 %
20220314 061719.874 INFO             PET1 PIOc_sync Enter - MemInfo: [/proc/self/status]	VmPeak:	  160948 kB
20220314 061719.874 INFO             PET1 PIOc_sync Enter - MemInfo: [/proc/self/status]	VmSize:	  152760 kB
20220314 061719.874 INFO             PET1 PIOc_sync Enter - MemInfo: [/proc/self/status]	VmLck:	       0 kB
20220314 061719.874 INFO             PET1 PIOc_sync Enter - MemInfo: [/proc/self/status]	VmPin:	       0 kB
20220314 061719.874 INFO             PET1 PIOc_sync Enter - MemInfo: [/proc/self/status]	VmHWM:	   35920 kB
20220314 061719.874 INFO             PET1 PIOc_sync Enter - MemInfo: [/proc/self/status]	VmRSS:	   34860 kB
20220314 061719.874 INFO             PET1 PIOc_sync Enter - MemInfo: [/proc/self/status]	VmData:	   57648 kB
20220314 061719.874 INFO             PET1 PIOc_sync Enter - MemInfo: [/proc/self/status]	VmStk:	     144 kB
20220314 061719.874 INFO             PET1 PIOc_sync Enter - MemInfo: [/proc/self/status]	VmExe:	     196 kB
20220314 061719.874 INFO             PET1 PIOc_sync Enter - MemInfo: [/proc/self/status]	VmLib:	   39752 kB
20220314 061719.874 INFO             PET1 PIOc_sync Enter - MemInfo: [/proc/self/status]	VmPTE:	     268 kB
20220314 061719.874 INFO             PET1 PIOc_sync Enter - MemInfo: [/proc/self/status]	VmPMD:	      12 kB
20220314 061719.874 INFO             PET1 PIOc_sync Enter - MemInfo: [/proc/self/status]	VmSwap:	       0 kB
20220314 061719.874 INFO             PET1 PIOc_sync Enter - MemInfo: [/proc/self/status]	VmRSSPercent: 0.0532157 %
20220314 061719.874 INFO             PET1 PIOc_sync Enter - MemInfo: [malloc] Non-mmapped space allocated:                55615488 Byte
20220314 061719.877 INFO             PET1 PIOc_sync Enter - MemInfo: [malloc] Space allocated in mmapped regions:                0 Byte
20220314 061719.877 INFO             PET1 PIOc_sync Enter - MemInfo: [malloc] Maximum total allocated space:                     0 Byte
20220314 061719.877 INFO             PET1 PIOc_sync Enter - MemInfo: [malloc] Space in freed fastbin blocks:                  2784 Byte
20220314 061719.877 INFO             PET1 PIOc_sync Enter - MemInfo: [malloc] Total allocated space:                      36657328 Byte
20220314 061719.877 INFO             PET1 PIOc_sync Enter - MemInfo: [malloc] Total free space:                           18958160 Byte
20220314 061719.877 INFO             PET1 PIOc_sync Enter - MemInfo: [malloc] Top-most, releasable space:                 16910656 Byte
20220314 061719.877 INFO             PET1 PIOc_sync Enter - MemInfo: [malloc] Total space in use, mmap + non-mmap:        36657328 Byte
20220314 061719.877 INFO             PET1 PIOc_sync Enter - MemInfo: [malloc] Total space held (mmap + non-mmap):         55615488 Byte
20220314 061719.877 INFO             PET1 PIOc_sync Enter - MemInfo: [malloc] Total space used (mmap + non-mmap):         36666656 Byte
20220314 061719.877 INFO             PET1 PIOc_sync Enter - MemInfo: Wall-clock time since execution start:               0.155791 seconds
20220314 061719.878 INFO             PET1 PIOc_sync Exit - MemInfo: [/proc/meminfo - SSI]	MemTotal:       65507008 kB
20220314 061719.878 INFO             PET1 PIOc_sync Exit - MemInfo: [/proc/meminfo - SSI]	MemFree:        49711744 kB
20220314 061719.878 INFO             PET1 PIOc_sync Exit - MemInfo: [/proc/meminfo - SSI]	MemAvailable:   49469824 kB
20220314 061719.878 INFO             PET1 PIOc_sync Exit - MemInfo: [/proc/meminfo - SSI]	Committed_AS:   13309508 kB
20220314 061719.878 INFO             PET1 PIOc_sync Exit - MemInfo: [/proc/meminfo - SSI]	CommittedPercent: 20.3177 %
20220314 061719.878 INFO             PET1 PIOc_sync Exit - MemInfo: [/proc/self/status]	VmPeak:	  160948 kB
20220314 061719.878 INFO             PET1 PIOc_sync Exit - MemInfo: [/proc/self/status]	VmSize:	  152760 kB
20220314 061719.878 INFO             PET1 PIOc_sync Exit - MemInfo: [/proc/self/status]	VmLck:	       0 kB
20220314 061719.878 INFO             PET1 PIOc_sync Exit - MemInfo: [/proc/self/status]	VmPin:	       0 kB
20220314 061719.878 INFO             PET1 PIOc_sync Exit - MemInfo: [/proc/self/status]	VmHWM:	   35920 kB
20220314 061719.878 INFO             PET1 PIOc_sync Exit - MemInfo: [/proc/self/status]	VmRSS:	   34916 kB
20220314 061719.878 INFO             PET1 PIOc_sync Exit - MemInfo: [/proc/self/status]	VmData:	   57648 kB
20220314 061719.878 INFO             PET1 PIOc_sync Exit - MemInfo: [/proc/self/status]	VmStk:	     144 kB
20220314 061719.878 INFO             PET1 PIOc_sync Exit - MemInfo: [/proc/self/status]	VmExe:	     196 kB
20220314 061719.878 INFO             PET1 PIOc_sync Exit - MemInfo: [/proc/self/status]	VmLib:	   39752 kB
20220314 061719.878 INFO             PET1 PIOc_sync Exit - MemInfo: [/proc/self/status]	VmPTE:	     268 kB
20220314 061719.878 INFO             PET1 PIOc_sync Exit - MemInfo: [/proc/self/status]	VmPMD:	      12 kB
20220314 061719.878 INFO             PET1 PIOc_sync Exit - MemInfo: [/proc/self/status]	VmSwap:	       0 kB
20220314 061719.878 INFO             PET1 PIOc_sync Exit - MemInfo: [/proc/self/status]	VmRSSPercent: 0.0533012 %
20220314 061719.878 INFO             PET1 PIOc_sync Exit - MemInfo: [malloc] Non-mmapped space allocated:                55615488 Byte
20220314 061719.878 INFO             PET1 PIOc_sync Exit - MemInfo: [malloc] Space allocated in mmapped regions:                0 Byte
20220314 061719.878 INFO             PET1 PIOc_sync Exit - MemInfo: [malloc] Maximum total allocated space:                     0 Byte
20220314 061719.878 INFO             PET1 PIOc_sync Exit - MemInfo: [malloc] Space in freed fastbin blocks:                  1376 Byte
20220314 061719.878 INFO             PET1 PIOc_sync Exit - MemInfo: [malloc] Total allocated space:                      36656080 Byte
20220314 061719.878 INFO             PET1 PIOc_sync Exit - MemInfo: [malloc] Total free space:                           18959408 Byte
20220314 061719.878 INFO             PET1 PIOc_sync Exit - MemInfo: [malloc] Top-most, releasable space:                 16910656 Byte
20220314 061719.878 INFO             PET1 PIOc_sync Exit - MemInfo: [malloc] Total space in use, mmap + non-mmap:        36656080 Byte
20220314 061719.878 INFO             PET1 PIOc_sync Exit - MemInfo: [malloc] Total space held (mmap + non-mmap):         55615488 Byte
20220314 061719.878 INFO             PET1 PIOc_sync Exit - MemInfo: [malloc] Total space used (mmap + non-mmap):         36665408 Byte
20220314 061719.878 INFO             PET1 PIOc_sync Exit - MemInfo: Wall-clock time since execution start:               0.156215 seconds
20220314 061719.878 INFO             PET1 PIOc_freedecomp Enter - MemInfo: [/proc/meminfo - SSI]	MemTotal:       65507008 kB
20220314 061719.878 INFO             PET1 PIOc_freedecomp Enter - MemInfo: [/proc/meminfo - SSI]	MemFree:        49711744 kB
20220314 061719.878 INFO             PET1 PIOc_freedecomp Enter - MemInfo: [/proc/meminfo - SSI]	MemAvailable:   49469824 kB
20220314 061719.878 INFO             PET1 PIOc_freedecomp Enter - MemInfo: [/proc/meminfo - SSI]	Committed_AS:   13309508 kB
20220314 061719.878 INFO             PET1 PIOc_freedecomp Enter - MemInfo: [/proc/meminfo - SSI]	CommittedPercent: 20.3177 %
20220314 061719.878 INFO             PET1 PIOc_freedecomp Enter - MemInfo: [/proc/self/status]	VmPeak:	  160948 kB
20220314 061719.878 INFO             PET1 PIOc_freedecomp Enter - MemInfo: [/proc/self/status]	VmSize:	  152760 kB
20220314 061719.878 INFO             PET1 PIOc_freedecomp Enter - MemInfo: [/proc/self/status]	VmLck:	       0 kB
20220314 061719.878 INFO             PET1 PIOc_freedecomp Enter - MemInfo: [/proc/self/status]	VmPin:	       0 kB
20220314 061719.878 INFO             PET1 PIOc_freedecomp Enter - MemInfo: [/proc/self/status]	VmHWM:	   35920 kB
20220314 061719.878 INFO             PET1 PIOc_freedecomp Enter - MemInfo: [/proc/self/status]	VmRSS:	   34916 kB
20220314 061719.878 INFO             PET1 PIOc_freedecomp Enter - MemInfo: [/proc/self/status]	VmData:	   57648 kB
20220314 061719.878 INFO             PET1 PIOc_freedecomp Enter - MemInfo: [/proc/self/status]	VmStk:	     144 kB
20220314 061719.878 INFO             PET1 PIOc_freedecomp Enter - MemInfo: [/proc/self/status]	VmExe:	     196 kB
20220314 061719.878 INFO             PET1 PIOc_freedecomp Enter - MemInfo: [/proc/self/status]	VmLib:	   39752 kB
20220314 061719.878 INFO             PET1 PIOc_freedecomp Enter - MemInfo: [/proc/self/status]	VmPTE:	     268 kB
20220314 061719.878 INFO             PET1 PIOc_freedecomp Enter - MemInfo: [/proc/self/status]	VmPMD:	      12 kB
20220314 061719.878 INFO             PET1 PIOc_freedecomp Enter - MemInfo: [/proc/self/status]	VmSwap:	       0 kB
20220314 061719.878 INFO             PET1 PIOc_freedecomp Enter - MemInfo: [/proc/self/status]	VmRSSPercent: 0.0533012 %
20220314 061719.878 INFO             PET1 PIOc_freedecomp Enter - MemInfo: [malloc] Non-mmapped space allocated:                55615488 Byte
20220314 061719.878 INFO             PET1 PIOc_freedecomp Enter - MemInfo: [malloc] Space allocated in mmapped regions:                0 Byte
20220314 061719.878 INFO             PET1 PIOc_freedecomp Enter - MemInfo: [malloc] Maximum total allocated space:                     0 Byte
20220314 061719.878 INFO             PET1 PIOc_freedecomp Enter - MemInfo: [malloc] Space in freed fastbin blocks:                  1456 Byte
20220314 061719.878 INFO             PET1 PIOc_freedecomp Enter - MemInfo: [malloc] Total allocated space:                      36654384 Byte
20220314 061719.878 INFO             PET1 PIOc_freedecomp Enter - MemInfo: [malloc] Total free space:                           18961104 Byte
20220314 061719.878 INFO             PET1 PIOc_freedecomp Enter - MemInfo: [malloc] Top-most, releasable space:                 16910656 Byte
20220314 061719.878 INFO             PET1 PIOc_freedecomp Enter - MemInfo: [malloc] Total space in use, mmap + non-mmap:        36654384 Byte
20220314 061719.878 INFO             PET1 PIOc_freedecomp Enter - MemInfo: [malloc] Total space held (mmap + non-mmap):         55615488 Byte
20220314 061719.878 INFO             PET1 PIOc_freedecomp Enter - MemInfo: [malloc] Total space used (mmap + non-mmap):         36663712 Byte
20220314 061719.878 INFO             PET1 PIOc_freedecomp Enter - MemInfo: Wall-clock time since execution start:               0.156605 seconds
20220314 061719.878 INFO             PET1 PIOc_freedecomp Exit - MemInfo: [/proc/meminfo - SSI]	MemTotal:       65507008 kB
20220314 061719.878 INFO             PET1 PIOc_freedecomp Exit - MemInfo: [/proc/meminfo - SSI]	MemFree:        49711744 kB
20220314 061719.878 INFO             PET1 PIOc_freedecomp Exit - MemInfo: [/proc/meminfo - SSI]	MemAvailable:   49469824 kB
20220314 061719.878 INFO             PET1 PIOc_freedecomp Exit - MemInfo: [/proc/meminfo - SSI]	Committed_AS:   13309508 kB
20220314 061719.878 INFO             PET1 PIOc_freedecomp Exit - MemInfo: [/proc/meminfo - SSI]	CommittedPercent: 20.3177 %
20220314 061719.878 INFO             PET1 PIOc_freedecomp Exit - MemInfo: [/proc/self/status]	VmPeak:	  160948 kB
20220314 061719.878 INFO             PET1 PIOc_freedecomp Exit - MemInfo: [/proc/self/status]	VmSize:	  152760 kB
20220314 061719.878 INFO             PET1 PIOc_freedecomp Exit - MemInfo: [/proc/self/status]	VmLck:	       0 kB
20220314 061719.878 INFO             PET1 PIOc_freedecomp Exit - MemInfo: [/proc/self/status]	VmPin:	       0 kB
20220314 061719.878 INFO             PET1 PIOc_freedecomp Exit - MemInfo: [/proc/self/status]	VmHWM:	   35920 kB
20220314 061719.878 INFO             PET1 PIOc_freedecomp Exit - MemInfo: [/proc/self/status]	VmRSS:	   34916 kB
20220314 061719.878 INFO             PET1 PIOc_freedecomp Exit - MemInfo: [/proc/self/status]	VmData:	   57648 kB
20220314 061719.878 INFO             PET1 PIOc_freedecomp Exit - MemInfo: [/proc/self/status]	VmStk:	     144 kB
20220314 061719.878 INFO             PET1 PIOc_freedecomp Exit - MemInfo: [/proc/self/status]	VmExe:	     196 kB
20220314 061719.878 INFO             PET1 PIOc_freedecomp Exit - MemInfo: [/proc/self/status]	VmLib:	   39752 kB
20220314 061719.878 INFO             PET1 PIOc_freedecomp Exit - MemInfo: [/proc/self/status]	VmPTE:	     268 kB
20220314 061719.878 INFO             PET1 PIOc_freedecomp Exit - MemInfo: [/proc/self/status]	VmPMD:	      12 kB
20220314 061719.878 INFO             PET1 PIOc_freedecomp Exit - MemInfo: [/proc/self/status]	VmSwap:	       0 kB
20220314 061719.878 INFO             PET1 PIOc_freedecomp Exit - MemInfo: [/proc/self/status]	VmRSSPercent: 0.0533012 %
20220314 061719.878 INFO             PET1 PIOc_freedecomp Exit - MemInfo: [malloc] Non-mmapped space allocated:                55615488 Byte
20220314 061719.878 INFO             PET1 PIOc_freedecomp Exit - MemInfo: [malloc] Space allocated in mmapped regions:                0 Byte
20220314 061719.878 INFO             PET1 PIOc_freedecomp Exit - MemInfo: [malloc] Maximum total allocated space:                     0 Byte
20220314 061719.878 INFO             PET1 PIOc_freedecomp Exit - MemInfo: [malloc] Space in freed fastbin blocks:                  1712 Byte
20220314 061719.878 INFO             PET1 PIOc_freedecomp Exit - MemInfo: [malloc] Total allocated space:                      36652112 Byte
20220314 061719.879 INFO             PET1 PIOc_freedecomp Exit - MemInfo: [malloc] Total free space:                           18963376 Byte
20220314 061719.879 INFO             PET1 PIOc_freedecomp Exit - MemInfo: [malloc] Top-most, releasable space:                 16910656 Byte
20220314 061719.879 INFO             PET1 PIOc_freedecomp Exit - MemInfo: [malloc] Total space in use, mmap + non-mmap:        36652112 Byte
20220314 061719.879 INFO             PET1 PIOc_freedecomp Exit - MemInfo: [malloc] Total space held (mmap + non-mmap):         55615488 Byte
20220314 061719.879 INFO             PET1 PIOc_freedecomp Exit - MemInfo: [malloc] Total space used (mmap + non-mmap):         36661440 Byte
20220314 061719.879 INFO             PET1 PIOc_freedecomp Exit - MemInfo: Wall-clock time since execution start:               0.156941 seconds
20220314 061719.880 INFO             PET1 PIOc_sync Enter - MemInfo: [/proc/meminfo - SSI]	MemTotal:       65507008 kB
20220314 061719.880 INFO             PET1 PIOc_sync Enter - MemInfo: [/proc/meminfo - SSI]	MemFree:        49711744 kB
20220314 061719.880 INFO             PET1 PIOc_sync Enter - MemInfo: [/proc/meminfo - SSI]	MemAvailable:   49469824 kB
20220314 061719.880 INFO             PET1 PIOc_sync Enter - MemInfo: [/proc/meminfo - SSI]	Committed_AS:   13309508 kB
20220314 061719.880 INFO             PET1 PIOc_sync Enter - MemInfo: [/proc/meminfo - SSI]	CommittedPercent: 20.3177 %
20220314 061719.880 INFO             PET1 PIOc_sync Enter - MemInfo: [/proc/self/status]	VmPeak:	  160948 kB
20220314 061719.880 INFO             PET1 PIOc_sync Enter - MemInfo: [/proc/self/status]	VmSize:	  152760 kB
20220314 061719.880 INFO             PET1 PIOc_sync Enter - MemInfo: [/proc/self/status]	VmLck:	       0 kB
20220314 061719.880 INFO             PET1 PIOc_sync Enter - MemInfo: [/proc/self/status]	VmPin:	       0 kB
20220314 061719.880 INFO             PET1 PIOc_sync Enter - MemInfo: [/proc/self/status]	VmHWM:	   35920 kB
20220314 061719.880 INFO             PET1 PIOc_sync Enter - MemInfo: [/proc/self/status]	VmRSS:	   34920 kB
20220314 061719.880 INFO             PET1 PIOc_sync Enter - MemInfo: [/proc/self/status]	VmData:	   57648 kB
20220314 061719.880 INFO             PET1 PIOc_sync Enter - MemInfo: [/proc/self/status]	VmStk:	     144 kB
20220314 061719.880 INFO             PET1 PIOc_sync Enter - MemInfo: [/proc/self/status]	VmExe:	     196 kB
20220314 061719.880 INFO             PET1 PIOc_sync Enter - MemInfo: [/proc/self/status]	VmLib:	   39752 kB
20220314 061719.880 INFO             PET1 PIOc_sync Enter - MemInfo: [/proc/self/status]	VmPTE:	     268 kB
20220314 061719.880 INFO             PET1 PIOc_sync Enter - MemInfo: [/proc/self/status]	VmPMD:	      12 kB
20220314 061719.880 INFO             PET1 PIOc_sync Enter - MemInfo: [/proc/self/status]	VmSwap:	       0 kB
20220314 061719.880 INFO             PET1 PIOc_sync Enter - MemInfo: [/proc/self/status]	VmRSSPercent: 0.0533073 %
20220314 061719.880 INFO             PET1 PIOc_sync Enter - MemInfo: [malloc] Non-mmapped space allocated:                55615488 Byte
20220314 061719.880 INFO             PET1 PIOc_sync Enter - MemInfo: [malloc] Space allocated in mmapped regions:                0 Byte
20220314 061719.880 INFO             PET1 PIOc_sync Enter - MemInfo: [malloc] Maximum total allocated space:                     0 Byte
20220314 061719.880 INFO             PET1 PIOc_sync Enter - MemInfo: [malloc] Space in freed fastbin blocks:                  2832 Byte
20220314 061719.880 INFO             PET1 PIOc_sync Enter - MemInfo: [malloc] Total allocated space:                      36657184 Byte
20220314 061719.880 INFO             PET1 PIOc_sync Enter - MemInfo: [malloc] Total free space:                           18958304 Byte
20220314 061719.880 INFO             PET1 PIOc_sync Enter - MemInfo: [malloc] Top-most, releasable space:                 16910656 Byte
20220314 061719.880 INFO             PET1 PIOc_sync Enter - MemInfo: [malloc] Total space in use, mmap + non-mmap:        36657184 Byte
20220314 061719.880 INFO             PET1 PIOc_sync Enter - MemInfo: [malloc] Total space held (mmap + non-mmap):         55615488 Byte
20220314 061719.880 INFO             PET1 PIOc_sync Enter - MemInfo: [malloc] Total space used (mmap + non-mmap):         36666512 Byte
20220314 061719.880 INFO             PET1 PIOc_sync Enter - MemInfo: Wall-clock time since execution start:               0.158575 seconds
20220314 061719.880 INFO             PET1 PIOc_sync Exit - MemInfo: [/proc/meminfo - SSI]	MemTotal:       65507008 kB
20220314 061719.880 INFO             PET1 PIOc_sync Exit - MemInfo: [/proc/meminfo - SSI]	MemFree:        49711744 kB
20220314 061719.880 INFO             PET1 PIOc_sync Exit - MemInfo: [/proc/meminfo - SSI]	MemAvailable:   49469824 kB
20220314 061719.880 INFO             PET1 PIOc_sync Exit - MemInfo: [/proc/meminfo - SSI]	Committed_AS:   13309508 kB
20220314 061719.880 INFO             PET1 PIOc_sync Exit - MemInfo: [/proc/meminfo - SSI]	CommittedPercent: 20.3177 %
20220314 061719.880 INFO             PET1 PIOc_sync Exit - MemInfo: [/proc/self/status]	VmPeak:	  160948 kB
20220314 061719.880 INFO             PET1 PIOc_sync Exit - MemInfo: [/proc/self/status]	VmSize:	  152760 kB
20220314 061719.880 INFO             PET1 PIOc_sync Exit - MemInfo: [/proc/self/status]	VmLck:	       0 kB
20220314 061719.880 INFO             PET1 PIOc_sync Exit - MemInfo: [/proc/self/status]	VmPin:	       0 kB
20220314 061719.880 INFO             PET1 PIOc_sync Exit - MemInfo: [/proc/self/status]	VmHWM:	   35920 kB
20220314 061719.880 INFO             PET1 PIOc_sync Exit - MemInfo: [/proc/self/status]	VmRSS:	   34920 kB
20220314 061719.880 INFO             PET1 PIOc_sync Exit - MemInfo: [/proc/self/status]	VmData:	   57648 kB
20220314 061719.880 INFO             PET1 PIOc_sync Exit - MemInfo: [/proc/self/status]	VmStk:	     144 kB
20220314 061719.880 INFO             PET1 PIOc_sync Exit - MemInfo: [/proc/self/status]	VmExe:	     196 kB
20220314 061719.880 INFO             PET1 PIOc_sync Exit - MemInfo: [/proc/self/status]	VmLib:	   39752 kB
20220314 061719.880 INFO             PET1 PIOc_sync Exit - MemInfo: [/proc/self/status]	VmPTE:	     268 kB
20220314 061719.880 INFO             PET1 PIOc_sync Exit - MemInfo: [/proc/self/status]	VmPMD:	      12 kB
20220314 061719.880 INFO             PET1 PIOc_sync Exit - MemInfo: [/proc/self/status]	VmSwap:	       0 kB
20220314 061719.880 INFO             PET1 PIOc_sync Exit - MemInfo: [/proc/self/status]	VmRSSPercent: 0.0533073 %
20220314 061719.880 INFO             PET1 PIOc_sync Exit - MemInfo: [malloc] Non-mmapped space allocated:                55615488 Byte
20220314 061719.880 INFO             PET1 PIOc_sync Exit - MemInfo: [malloc] Space allocated in mmapped regions:                0 Byte
20220314 061719.881 INFO             PET1 PIOc_sync Exit - MemInfo: [malloc] Maximum total allocated space:                     0 Byte
20220314 061719.881 INFO             PET1 PIOc_sync Exit - MemInfo: [malloc] Space in freed fastbin blocks:                  1504 Byte
20220314 061719.881 INFO             PET1 PIOc_sync Exit - MemInfo: [malloc] Total allocated space:                      36656208 Byte
20220314 061719.881 INFO             PET1 PIOc_sync Exit - MemInfo: [malloc] Total free space:                           18959280 Byte
20220314 061719.881 INFO             PET1 PIOc_sync Exit - MemInfo: [malloc] Top-most, releasable space:                 16910656 Byte
20220314 061719.881 INFO             PET1 PIOc_sync Exit - MemInfo: [malloc] Total space in use, mmap + non-mmap:        36656208 Byte
20220314 061719.881 INFO             PET1 PIOc_sync Exit - MemInfo: [malloc] Total space held (mmap + non-mmap):         55615488 Byte
20220314 061719.881 INFO             PET1 PIOc_sync Exit - MemInfo: [malloc] Total space used (mmap + non-mmap):         36665536 Byte
20220314 061719.881 INFO             PET1 PIOc_sync Exit - MemInfo: Wall-clock time since execution start:               0.158964 seconds
20220314 061719.881 INFO             PET1 PIOc_freedecomp Enter - MemInfo: [/proc/meminfo - SSI]	MemTotal:       65507008 kB
20220314 061719.881 INFO             PET1 PIOc_freedecomp Enter - MemInfo: [/proc/meminfo - SSI]	MemFree:        49711744 kB
20220314 061719.881 INFO             PET1 PIOc_freedecomp Enter - MemInfo: [/proc/meminfo - SSI]	MemAvailable:   49469824 kB
20220314 061719.881 INFO             PET1 PIOc_freedecomp Enter - MemInfo: [/proc/meminfo - SSI]	Committed_AS:   13309508 kB
20220314 061719.881 INFO             PET1 PIOc_freedecomp Enter - MemInfo: [/proc/meminfo - SSI]	CommittedPercent: 20.3177 %
20220314 061719.881 INFO             PET1 PIOc_freedecomp Enter - MemInfo: [/proc/self/status]	VmPeak:	  160948 kB
20220314 061719.881 INFO             PET1 PIOc_freedecomp Enter - MemInfo: [/proc/self/status]	VmSize:	  152760 kB
20220314 061719.881 INFO             PET1 PIOc_freedecomp Enter - MemInfo: [/proc/self/status]	VmLck:	       0 kB
20220314 061719.881 INFO             PET1 PIOc_freedecomp Enter - MemInfo: [/proc/self/status]	VmPin:	       0 kB
20220314 061719.881 INFO             PET1 PIOc_freedecomp Enter - MemInfo: [/proc/self/status]	VmHWM:	   35920 kB
20220314 061719.881 INFO             PET1 PIOc_freedecomp Enter - MemInfo: [/proc/self/status]	VmRSS:	   34920 kB
20220314 061719.881 INFO             PET1 PIOc_freedecomp Enter - MemInfo: [/proc/self/status]	VmData:	   57648 kB
20220314 061719.881 INFO             PET1 PIOc_freedecomp Enter - MemInfo: [/proc/self/status]	VmStk:	     144 kB
20220314 061719.881 INFO             PET1 PIOc_freedecomp Enter - MemInfo: [/proc/self/status]	VmExe:	     196 kB
20220314 061719.881 INFO             PET1 PIOc_freedecomp Enter - MemInfo: [/proc/self/status]	VmLib:	   39752 kB
20220314 061719.881 INFO             PET1 PIOc_freedecomp Enter - MemInfo: [/proc/self/status]	VmPTE:	     268 kB
20220314 061719.881 INFO             PET1 PIOc_freedecomp Enter - MemInfo: [/proc/self/status]	VmPMD:	      12 kB
20220314 061719.881 INFO             PET1 PIOc_freedecomp Enter - MemInfo: [/proc/self/status]	VmSwap:	       0 kB
20220314 061719.881 INFO             PET1 PIOc_freedecomp Enter - MemInfo: [/proc/self/status]	VmRSSPercent: 0.0533073 %
20220314 061719.881 INFO             PET1 PIOc_freedecomp Enter - MemInfo: [malloc] Non-mmapped space allocated:                55615488 Byte
20220314 061719.881 INFO             PET1 PIOc_freedecomp Enter - MemInfo: [malloc] Space allocated in mmapped regions:                0 Byte
20220314 061719.881 INFO             PET1 PIOc_freedecomp Enter - MemInfo: [malloc] Maximum total allocated space:                     0 Byte
20220314 061719.881 INFO             PET1 PIOc_freedecomp Enter - MemInfo: [malloc] Space in freed fastbin blocks:                  1552 Byte
20220314 061719.881 INFO             PET1 PIOc_freedecomp Enter - MemInfo: [malloc] Total allocated space:                      36654384 Byte
20220314 061719.881 INFO             PET1 PIOc_freedecomp Enter - MemInfo: [malloc] Total free space:                           18961104 Byte
20220314 061719.881 INFO             PET1 PIOc_freedecomp Enter - MemInfo: [malloc] Top-most, releasable space:                 16910656 Byte
20220314 061719.881 INFO             PET1 PIOc_freedecomp Enter - MemInfo: [malloc] Total space in use, mmap + non-mmap:        36654384 Byte
20220314 061719.881 INFO             PET1 PIOc_freedecomp Enter - MemInfo: [malloc] Total space held (mmap + non-mmap):         55615488 Byte
20220314 061719.881 INFO             PET1 PIOc_freedecomp Enter - MemInfo: [malloc] Total space used (mmap + non-mmap):         36663712 Byte
20220314 061719.881 INFO             PET1 PIOc_freedecomp Enter - MemInfo: Wall-clock time since execution start:               0.159329 seconds
20220314 061719.881 INFO             PET1 PIOc_freedecomp Exit - MemInfo: [/proc/meminfo - SSI]	MemTotal:       65507008 kB
20220314 061719.881 INFO             PET1 PIOc_freedecomp Exit - MemInfo: [/proc/meminfo - SSI]	MemFree:        49711744 kB
20220314 061719.881 INFO             PET1 PIOc_freedecomp Exit - MemInfo: [/proc/meminfo - SSI]	MemAvailable:   49469824 kB
20220314 061719.881 INFO             PET1 PIOc_freedecomp Exit - MemInfo: [/proc/meminfo - SSI]	Committed_AS:   13309508 kB
20220314 061719.881 INFO             PET1 PIOc_freedecomp Exit - MemInfo: [/proc/meminfo - SSI]	CommittedPercent: 20.3177 %
20220314 061719.881 INFO             PET1 PIOc_freedecomp Exit - MemInfo: [/proc/self/status]	VmPeak:	  160948 kB
20220314 061719.881 INFO             PET1 PIOc_freedecomp Exit - MemInfo: [/proc/self/status]	VmSize:	  152760 kB
20220314 061719.881 INFO             PET1 PIOc_freedecomp Exit - MemInfo: [/proc/self/status]	VmLck:	       0 kB
20220314 061719.881 INFO             PET1 PIOc_freedecomp Exit - MemInfo: [/proc/self/status]	VmPin:	       0 kB
20220314 061719.881 INFO             PET1 PIOc_freedecomp Exit - MemInfo: [/proc/self/status]	VmHWM:	   35920 kB
20220314 061719.881 INFO             PET1 PIOc_freedecomp Exit - MemInfo: [/proc/self/status]	VmRSS:	   34920 kB
20220314 061719.881 INFO             PET1 PIOc_freedecomp Exit - MemInfo: [/proc/self/status]	VmData:	   57648 kB
20220314 061719.881 INFO             PET1 PIOc_freedecomp Exit - MemInfo: [/proc/self/status]	VmStk:	     144 kB
20220314 061719.881 INFO             PET1 PIOc_freedecomp Exit - MemInfo: [/proc/self/status]	VmExe:	     196 kB
20220314 061719.881 INFO             PET1 PIOc_freedecomp Exit - MemInfo: [/proc/self/status]	VmLib:	   39752 kB
20220314 061719.881 INFO             PET1 PIOc_freedecomp Exit - MemInfo: [/proc/self/status]	VmPTE:	     268 kB
20220314 061719.881 INFO             PET1 PIOc_freedecomp Exit - MemInfo: [/proc/self/status]	VmPMD:	      12 kB
20220314 061719.881 INFO             PET1 PIOc_freedecomp Exit - MemInfo: [/proc/self/status]	VmSwap:	       0 kB
20220314 061719.881 INFO             PET1 PIOc_freedecomp Exit - MemInfo: [/proc/self/status]	VmRSSPercent: 0.0533073 %
20220314 061719.881 INFO             PET1 PIOc_freedecomp Exit - MemInfo: [malloc] Non-mmapped space allocated:                55615488 Byte
20220314 061719.881 INFO             PET1 PIOc_freedecomp Exit - MemInfo: [malloc] Space allocated in mmapped regions:                0 Byte
20220314 061719.881 INFO             PET1 PIOc_freedecomp Exit - MemInfo: [malloc] Maximum total allocated space:                     0 Byte
20220314 061719.881 INFO             PET1 PIOc_freedecomp Exit - MemInfo: [malloc] Space in freed fastbin blocks:                  1712 Byte
20220314 061719.881 INFO             PET1 PIOc_freedecomp Exit - MemInfo: [malloc] Total allocated space:                      36652112 Byte
20220314 061719.881 INFO             PET1 PIOc_freedecomp Exit - MemInfo: [malloc] Total free space:                           18963376 Byte
20220314 061719.881 INFO             PET1 PIOc_freedecomp Exit - MemInfo: [malloc] Top-most, releasable space:                 16910656 Byte
20220314 061719.881 INFO             PET1 PIOc_freedecomp Exit - MemInfo: [malloc] Total space in use, mmap + non-mmap:        36652112 Byte
20220314 061719.881 INFO             PET1 PIOc_freedecomp Exit - MemInfo: [malloc] Total space held (mmap + non-mmap):         55615488 Byte
20220314 061719.881 INFO             PET1 PIOc_freedecomp Exit - MemInfo: [malloc] Total space used (mmap + non-mmap):         36661440 Byte
20220314 061719.881 INFO             PET1 PIOc_freedecomp Exit - MemInfo: Wall-clock time since execution start:               0.159656 seconds
20220314 061719.882 INFO             PET1 PIOc_sync Enter - MemInfo: [/proc/meminfo - SSI]	MemTotal:       65507008 kB
20220314 061719.882 INFO             PET1 PIOc_sync Enter - MemInfo: [/proc/meminfo - SSI]	MemFree:        49711744 kB
20220314 061719.882 INFO             PET1 PIOc_sync Enter - MemInfo: [/proc/meminfo - SSI]	MemAvailable:   49469824 kB
20220314 061719.882 INFO             PET1 PIOc_sync Enter - MemInfo: [/proc/meminfo - SSI]	Committed_AS:   13309508 kB
20220314 061719.882 INFO             PET1 PIOc_sync Enter - MemInfo: [/proc/meminfo - SSI]	CommittedPercent: 20.3177 %
20220314 061719.882 INFO             PET1 PIOc_sync Enter - MemInfo: [/proc/self/status]	VmPeak:	  160948 kB
20220314 061719.882 INFO             PET1 PIOc_sync Enter - MemInfo: [/proc/self/status]	VmSize:	  152760 kB
20220314 061719.882 INFO             PET1 PIOc_sync Enter - MemInfo: [/proc/self/status]	VmLck:	       0 kB
20220314 061719.882 INFO             PET1 PIOc_sync Enter - MemInfo: [/proc/self/status]	VmPin:	       0 kB
20220314 061719.882 INFO             PET1 PIOc_sync Enter - MemInfo: [/proc/self/status]	VmHWM:	   35920 kB
20220314 061719.882 INFO             PET1 PIOc_sync Enter - MemInfo: [/proc/self/status]	VmRSS:	   34920 kB
20220314 061719.882 INFO             PET1 PIOc_sync Enter - MemInfo: [/proc/self/status]	VmData:	   57648 kB
20220314 061719.882 INFO             PET1 PIOc_sync Enter - MemInfo: [/proc/self/status]	VmStk:	     144 kB
20220314 061719.882 INFO             PET1 PIOc_sync Enter - MemInfo: [/proc/self/status]	VmExe:	     196 kB
20220314 061719.882 INFO             PET1 PIOc_sync Enter - MemInfo: [/proc/self/status]	VmLib:	   39752 kB
20220314 061719.882 INFO             PET1 PIOc_sync Enter - MemInfo: [/proc/self/status]	VmPTE:	     268 kB
20220314 061719.882 INFO             PET1 PIOc_sync Enter - MemInfo: [/proc/self/status]	VmPMD:	      12 kB
20220314 061719.882 INFO             PET1 PIOc_sync Enter - MemInfo: [/proc/self/status]	VmSwap:	       0 kB
20220314 061719.882 INFO             PET1 PIOc_sync Enter - MemInfo: [/proc/self/status]	VmRSSPercent: 0.0533073 %
20220314 061719.882 INFO             PET1 PIOc_sync Enter - MemInfo: [malloc] Non-mmapped space allocated:                55615488 Byte
20220314 061719.882 INFO             PET1 PIOc_sync Enter - MemInfo: [malloc] Space allocated in mmapped regions:                0 Byte
20220314 061719.882 INFO             PET1 PIOc_sync Enter - MemInfo: [malloc] Maximum total allocated space:                     0 Byte
20220314 061719.882 INFO             PET1 PIOc_sync Enter - MemInfo: [malloc] Space in freed fastbin blocks:                  2912 Byte
20220314 061719.882 INFO             PET1 PIOc_sync Enter - MemInfo: [malloc] Total allocated space:                      36657328 Byte
20220314 061719.882 INFO             PET1 PIOc_sync Enter - MemInfo: [malloc] Total free space:                           18958160 Byte
20220314 061719.882 INFO             PET1 PIOc_sync Enter - MemInfo: [malloc] Top-most, releasable space:                 16910656 Byte
20220314 061719.882 INFO             PET1 PIOc_sync Enter - MemInfo: [malloc] Total space in use, mmap + non-mmap:        36657328 Byte
20220314 061719.882 INFO             PET1 PIOc_sync Enter - MemInfo: [malloc] Total space held (mmap + non-mmap):         55615488 Byte
20220314 061719.882 INFO             PET1 PIOc_sync Enter - MemInfo: [malloc] Total space used (mmap + non-mmap):         36666656 Byte
20220314 061719.882 INFO             PET1 PIOc_sync Enter - MemInfo: Wall-clock time since execution start:               0.160686 seconds
20220314 061719.884 INFO             PET1 PIOc_sync Exit - MemInfo: [/proc/meminfo - SSI]	MemTotal:       65507008 kB
20220314 061719.884 INFO             PET1 PIOc_sync Exit - MemInfo: [/proc/meminfo - SSI]	MemFree:        49711744 kB
20220314 061719.884 INFO             PET1 PIOc_sync Exit - MemInfo: [/proc/meminfo - SSI]	MemAvailable:   49469824 kB
20220314 061719.884 INFO             PET1 PIOc_sync Exit - MemInfo: [/proc/meminfo - SSI]	Committed_AS:   13309508 kB
20220314 061719.884 INFO             PET1 PIOc_sync Exit - MemInfo: [/proc/meminfo - SSI]	CommittedPercent: 20.3177 %
20220314 061719.884 INFO             PET1 PIOc_sync Exit - MemInfo: [/proc/self/status]	VmPeak:	  160948 kB
20220314 061719.884 INFO             PET1 PIOc_sync Exit - MemInfo: [/proc/self/status]	VmSize:	  152760 kB
20220314 061719.884 INFO             PET1 PIOc_sync Exit - MemInfo: [/proc/self/status]	VmLck:	       0 kB
20220314 061719.884 INFO             PET1 PIOc_sync Exit - MemInfo: [/proc/self/status]	VmPin:	       0 kB
20220314 061719.884 INFO             PET1 PIOc_sync Exit - MemInfo: [/proc/self/status]	VmHWM:	   35920 kB
20220314 061719.884 INFO             PET1 PIOc_sync Exit - MemInfo: [/proc/self/status]	VmRSS:	   34920 kB
20220314 061719.884 INFO             PET1 PIOc_sync Exit - MemInfo: [/proc/self/status]	VmData:	   57648 kB
20220314 061719.884 INFO             PET1 PIOc_sync Exit - MemInfo: [/proc/self/status]	VmStk:	     144 kB
20220314 061719.884 INFO             PET1 PIOc_sync Exit - MemInfo: [/proc/self/status]	VmExe:	     196 kB
20220314 061719.884 INFO             PET1 PIOc_sync Exit - MemInfo: [/proc/self/status]	VmLib:	   39752 kB
20220314 061719.884 INFO             PET1 PIOc_sync Exit - MemInfo: [/proc/self/status]	VmPTE:	     268 kB
20220314 061719.884 INFO             PET1 PIOc_sync Exit - MemInfo: [/proc/self/status]	VmPMD:	      12 kB
20220314 061719.884 INFO             PET1 PIOc_sync Exit - MemInfo: [/proc/self/status]	VmSwap:	       0 kB
20220314 061719.884 INFO             PET1 PIOc_sync Exit - MemInfo: [/proc/self/status]	VmRSSPercent: 0.0533073 %
20220314 061719.884 INFO             PET1 PIOc_sync Exit - MemInfo: [malloc] Non-mmapped space allocated:                55615488 Byte
20220314 061719.884 INFO             PET1 PIOc_sync Exit - MemInfo: [malloc] Space allocated in mmapped regions:                0 Byte
20220314 061719.884 INFO             PET1 PIOc_sync Exit - MemInfo: [malloc] Maximum total allocated space:                     0 Byte
20220314 061719.884 INFO             PET1 PIOc_sync Exit - MemInfo: [malloc] Space in freed fastbin blocks:                  1504 Byte
20220314 061719.884 INFO             PET1 PIOc_sync Exit - MemInfo: [malloc] Total allocated space:                      36656352 Byte
20220314 061719.884 INFO             PET1 PIOc_sync Exit - MemInfo: [malloc] Total free space:                           18959136 Byte
20220314 061719.884 INFO             PET1 PIOc_sync Exit - MemInfo: [malloc] Top-most, releasable space:                 16910656 Byte
20220314 061719.884 INFO             PET1 PIOc_sync Exit - MemInfo: [malloc] Total space in use, mmap + non-mmap:        36656352 Byte
20220314 061719.884 INFO             PET1 PIOc_sync Exit - MemInfo: [malloc] Total space held (mmap + non-mmap):         55615488 Byte
20220314 061719.884 INFO             PET1 PIOc_sync Exit - MemInfo: [malloc] Total space used (mmap + non-mmap):         36665680 Byte
20220314 061719.884 INFO             PET1 PIOc_sync Exit - MemInfo: Wall-clock time since execution start:               0.162559 seconds
20220314 061719.884 INFO             PET1 PIOc_freedecomp Enter - MemInfo: [/proc/meminfo - SSI]	MemTotal:       65507008 kB
20220314 061719.884 INFO             PET1 PIOc_freedecomp Enter - MemInfo: [/proc/meminfo - SSI]	MemFree:        49711744 kB
20220314 061719.884 INFO             PET1 PIOc_freedecomp Enter - MemInfo: [/proc/meminfo - SSI]	MemAvailable:   49469824 kB
20220314 061719.884 INFO             PET1 PIOc_freedecomp Enter - MemInfo: [/proc/meminfo - SSI]	Committed_AS:   13309508 kB
20220314 061719.884 INFO             PET1 PIOc_freedecomp Enter - MemInfo: [/proc/meminfo - SSI]	CommittedPercent: 20.3177 %
20220314 061719.884 INFO             PET1 PIOc_freedecomp Enter - MemInfo: [/proc/self/status]	VmPeak:	  160948 kB
20220314 061719.884 INFO             PET1 PIOc_freedecomp Enter - MemInfo: [/proc/self/status]	VmSize:	  152760 kB
20220314 061719.884 INFO             PET1 PIOc_freedecomp Enter - MemInfo: [/proc/self/status]	VmLck:	       0 kB
20220314 061719.884 INFO             PET1 PIOc_freedecomp Enter - MemInfo: [/proc/self/status]	VmPin:	       0 kB
20220314 061719.884 INFO             PET1 PIOc_freedecomp Enter - MemInfo: [/proc/self/status]	VmHWM:	   35920 kB
20220314 061719.884 INFO             PET1 PIOc_freedecomp Enter - MemInfo: [/proc/self/status]	VmRSS:	   34920 kB
20220314 061719.884 INFO             PET1 PIOc_freedecomp Enter - MemInfo: [/proc/self/status]	VmData:	   57648 kB
20220314 061719.884 INFO             PET1 PIOc_freedecomp Enter - MemInfo: [/proc/self/status]	VmStk:	     144 kB
20220314 061719.884 INFO             PET1 PIOc_freedecomp Enter - MemInfo: [/proc/self/status]	VmExe:	     196 kB
20220314 061719.884 INFO             PET1 PIOc_freedecomp Enter - MemInfo: [/proc/self/status]	VmLib:	   39752 kB
20220314 061719.884 INFO             PET1 PIOc_freedecomp Enter - MemInfo: [/proc/self/status]	VmPTE:	     268 kB
20220314 061719.884 INFO             PET1 PIOc_freedecomp Enter - MemInfo: [/proc/self/status]	VmPMD:	      12 kB
20220314 061719.884 INFO             PET1 PIOc_freedecomp Enter - MemInfo: [/proc/self/status]	VmSwap:	       0 kB
20220314 061719.884 INFO             PET1 PIOc_freedecomp Enter - MemInfo: [/proc/self/status]	VmRSSPercent: 0.0533073 %
20220314 061719.884 INFO             PET1 PIOc_freedecomp Enter - MemInfo: [malloc] Non-mmapped space allocated:                55615488 Byte
20220314 061719.885 INFO             PET1 PIOc_freedecomp Enter - MemInfo: [malloc] Space allocated in mmapped regions:                0 Byte
20220314 061719.885 INFO             PET1 PIOc_freedecomp Enter - MemInfo: [malloc] Maximum total allocated space:                     0 Byte
20220314 061719.885 INFO             PET1 PIOc_freedecomp Enter - MemInfo: [malloc] Space in freed fastbin blocks:                  1456 Byte
20220314 061719.885 INFO             PET1 PIOc_freedecomp Enter - MemInfo: [malloc] Total allocated space:                      36654384 Byte
20220314 061719.885 INFO             PET1 PIOc_freedecomp Enter - MemInfo: [malloc] Total free space:                           18961104 Byte
20220314 061719.885 INFO             PET1 PIOc_freedecomp Enter - MemInfo: [malloc] Top-most, releasable space:                 16910656 Byte
20220314 061719.885 INFO             PET1 PIOc_freedecomp Enter - MemInfo: [malloc] Total space in use, mmap + non-mmap:        36654384 Byte
20220314 061719.885 INFO             PET1 PIOc_freedecomp Enter - MemInfo: [malloc] Total space held (mmap + non-mmap):         55615488 Byte
20220314 061719.885 INFO             PET1 PIOc_freedecomp Enter - MemInfo: [malloc] Total space used (mmap + non-mmap):         36663712 Byte
20220314 061719.885 INFO             PET1 PIOc_freedecomp Enter - MemInfo: Wall-clock time since execution start:               0.162971 seconds
20220314 061719.885 INFO             PET1 PIOc_freedecomp Exit - MemInfo: [/proc/meminfo - SSI]	MemTotal:       65507008 kB
20220314 061719.885 INFO             PET1 PIOc_freedecomp Exit - MemInfo: [/proc/meminfo - SSI]	MemFree:        49711744 kB
20220314 061719.885 INFO             PET1 PIOc_freedecomp Exit - MemInfo: [/proc/meminfo - SSI]	MemAvailable:   49469824 kB
20220314 061719.885 INFO             PET1 PIOc_freedecomp Exit - MemInfo: [/proc/meminfo - SSI]	Committed_AS:   13309508 kB
20220314 061719.885 INFO             PET1 PIOc_freedecomp Exit - MemInfo: [/proc/meminfo - SSI]	CommittedPercent: 20.3177 %
20220314 061719.885 INFO             PET1 PIOc_freedecomp Exit - MemInfo: [/proc/self/status]	VmPeak:	  160948 kB
20220314 061719.885 INFO             PET1 PIOc_freedecomp Exit - MemInfo: [/proc/self/status]	VmSize:	  152760 kB
20220314 061719.885 INFO             PET1 PIOc_freedecomp Exit - MemInfo: [/proc/self/status]	VmLck:	       0 kB
20220314 061719.885 INFO             PET1 PIOc_freedecomp Exit - MemInfo: [/proc/self/status]	VmPin:	       0 kB
20220314 061719.885 INFO             PET1 PIOc_freedecomp Exit - MemInfo: [/proc/self/status]	VmHWM:	   35920 kB
20220314 061719.885 INFO             PET1 PIOc_freedecomp Exit - MemInfo: [/proc/self/status]	VmRSS:	   34920 kB
20220314 061719.885 INFO             PET1 PIOc_freedecomp Exit - MemInfo: [/proc/self/status]	VmData:	   57648 kB
20220314 061719.885 INFO             PET1 PIOc_freedecomp Exit - MemInfo: [/proc/self/status]	VmStk:	     144 kB
20220314 061719.885 INFO             PET1 PIOc_freedecomp Exit - MemInfo: [/proc/self/status]	VmExe:	     196 kB
20220314 061719.885 INFO             PET1 PIOc_freedecomp Exit - MemInfo: [/proc/self/status]	VmLib:	   39752 kB
20220314 061719.885 INFO             PET1 PIOc_freedecomp Exit - MemInfo: [/proc/self/status]	VmPTE:	     268 kB
20220314 061719.885 INFO             PET1 PIOc_freedecomp Exit - MemInfo: [/proc/self/status]	VmPMD:	      12 kB
20220314 061719.885 INFO             PET1 PIOc_freedecomp Exit - MemInfo: [/proc/self/status]	VmSwap:	       0 kB
20220314 061719.885 INFO             PET1 PIOc_freedecomp Exit - MemInfo: [/proc/self/status]	VmRSSPercent: 0.0533073 %
20220314 061719.885 INFO             PET1 PIOc_freedecomp Exit - MemInfo: [malloc] Non-mmapped space allocated:                55615488 Byte
20220314 061719.885 INFO             PET1 PIOc_freedecomp Exit - MemInfo: [malloc] Space allocated in mmapped regions:                0 Byte
20220314 061719.885 INFO             PET1 PIOc_freedecomp Exit - MemInfo: [malloc] Maximum total allocated space:                     0 Byte
20220314 061719.885 INFO             PET1 PIOc_freedecomp Exit - MemInfo: [malloc] Space in freed fastbin blocks:                  1712 Byte
20220314 061719.885 INFO             PET1 PIOc_freedecomp Exit - MemInfo: [malloc] Total allocated space:                      36652112 Byte
20220314 061719.885 INFO             PET1 PIOc_freedecomp Exit - MemInfo: [malloc] Total free space:                           18963376 Byte
20220314 061719.885 INFO             PET1 PIOc_freedecomp Exit - MemInfo: [malloc] Top-most, releasable space:                 16910656 Byte
20220314 061719.885 INFO             PET1 PIOc_freedecomp Exit - MemInfo: [malloc] Total space in use, mmap + non-mmap:        36652112 Byte
20220314 061719.885 INFO             PET1 PIOc_freedecomp Exit - MemInfo: [malloc] Total space held (mmap + non-mmap):         55615488 Byte
20220314 061719.885 INFO             PET1 PIOc_freedecomp Exit - MemInfo: [malloc] Total space used (mmap + non-mmap):         36661440 Byte
20220314 061719.885 INFO             PET1 PIOc_freedecomp Exit - MemInfo: Wall-clock time since execution start:               0.163295 seconds
20220314 061719.888 INFO             PET1  PASS  ESMF_FieldRegridStoreFromFile Unit Test, ESMF_FieldSMMFromFileUTest.F90, line 315
20220314 061719.888 INFO             PET1  Ending Test, file ESMF_FieldSMMFromFileUTest.F90, line 322
20220314 061719.888 INFO             PET1 Finalizing ESMF
20220314 061719.722 INFO             PET2 !!!!!!!!!!!!!!!!!!!!!!!!!!!!!!!!!!!!!!!!!!!!!!!!!!!!!!
20220314 061719.722 INFO             PET2 !!! THE ESMF_LOG IS SET TO OUTPUT ALL LOG MESSAGES !!!
20220314 061719.722 INFO             PET2 !!!     THIS MAY CAUSE SLOWDOWN IN PERFORMANCE     !!!
20220314 061719.722 INFO             PET2 !!! FOR PRODUCTION RUNS, USE:                      !!!
20220314 061719.722 INFO             PET2 !!!                   ESMF_LOGKIND_Multi_On_Error  !!!
20220314 061719.722 INFO             PET2 !!!!!!!!!!!!!!!!!!!!!!!!!!!!!!!!!!!!!!!!!!!!!!!!!!!!!!
20220314 061719.722 INFO             PET2 Running with ESMF Version   : v8.3.0b09-96-g559b459836
20220314 061719.722 INFO             PET2 ESMF library build date/time: "Mar 14 2022" "06:03:07"
20220314 061719.722 INFO             PET2 ESMF library build location : /glade/scratch/rlong/esmf-testing/gfortran_10.1.0_mpt_O_jedwards_pio_update2
20220314 061719.722 INFO             PET2 ESMF_COMM                   : mpt
20220314 061719.723 INFO             PET2 ESMF_MOAB                   : enabled
20220314 061719.723 INFO             PET2 ESMF_LAPACK                 : enabled
20220314 061719.723 INFO             PET2 ESMF_NETCDF                 : enabled
20220314 061719.723 INFO             PET2 ESMF_PNETCDF                : disabled
20220314 061719.723 INFO             PET2 ESMF_PIO                    : enabled
20220314 061719.723 INFO             PET2 ESMF_YAMLCPP                : enabled
20220314 061719.723 INFO             PET2  Beginning Test, file ESMF_FieldSMMFromFileUTest.F90, line 287
20220314 061719.723 INFO             PET2  NUMBER_OF_PROCESSORS           4
20220314 061719.866 INFO             PET2  PASS  ESMF_FieldSMMFromFile Unit Test, ESMF_FieldSMMFromFileUTest.F90, line 300
20220314 061719.874 INFO             PET2 PIOc_sync Enter - MemInfo: [/proc/meminfo - SSI]	MemTotal:       65507008 kB
20220314 061719.874 INFO             PET2 PIOc_sync Enter - MemInfo: [/proc/meminfo - SSI]	MemFree:        49711744 kB
20220314 061719.874 INFO             PET2 PIOc_sync Enter - MemInfo: [/proc/meminfo - SSI]	MemAvailable:   49469824 kB
20220314 061719.874 INFO             PET2 PIOc_sync Enter - MemInfo: [/proc/meminfo - SSI]	Committed_AS:   13309508 kB
20220314 061719.874 INFO             PET2 PIOc_sync Enter - MemInfo: [/proc/meminfo - SSI]	CommittedPercent: 20.3177 %
20220314 061719.874 INFO             PET2 PIOc_sync Enter - MemInfo: [/proc/self/status]	VmPeak:	  160956 kB
20220314 061719.874 INFO             PET2 PIOc_sync Enter - MemInfo: [/proc/self/status]	VmSize:	  152768 kB
20220314 061719.874 INFO             PET2 PIOc_sync Enter - MemInfo: [/proc/self/status]	VmLck:	       0 kB
20220314 061719.874 INFO             PET2 PIOc_sync Enter - MemInfo: [/proc/self/status]	VmPin:	       0 kB
20220314 061719.874 INFO             PET2 PIOc_sync Enter - MemInfo: [/proc/self/status]	VmHWM:	   35984 kB
20220314 061719.874 INFO             PET2 PIOc_sync Enter - MemInfo: [/proc/self/status]	VmRSS:	   34932 kB
20220314 061719.874 INFO             PET2 PIOc_sync Enter - MemInfo: [/proc/self/status]	VmData:	   57656 kB
20220314 061719.874 INFO             PET2 PIOc_sync Enter - MemInfo: [/proc/self/status]	VmStk:	     144 kB
20220314 061719.874 INFO             PET2 PIOc_sync Enter - MemInfo: [/proc/self/status]	VmExe:	     196 kB
20220314 061719.874 INFO             PET2 PIOc_sync Enter - MemInfo: [/proc/self/status]	VmLib:	   39752 kB
20220314 061719.874 INFO             PET2 PIOc_sync Enter - MemInfo: [/proc/self/status]	VmPTE:	     268 kB
20220314 061719.874 INFO             PET2 PIOc_sync Enter - MemInfo: [/proc/self/status]	VmPMD:	      12 kB
20220314 061719.874 INFO             PET2 PIOc_sync Enter - MemInfo: [/proc/self/status]	VmSwap:	       0 kB
20220314 061719.874 INFO             PET2 PIOc_sync Enter - MemInfo: [/proc/self/status]	VmRSSPercent: 0.0533256 %
20220314 061719.874 INFO             PET2 PIOc_sync Enter - MemInfo: [malloc] Non-mmapped space allocated:                55623680 Byte
20220314 061719.877 INFO             PET2 PIOc_sync Enter - MemInfo: [malloc] Space allocated in mmapped regions:                0 Byte
20220314 061719.877 INFO             PET2 PIOc_sync Enter - MemInfo: [malloc] Maximum total allocated space:                     0 Byte
20220314 061719.877 INFO             PET2 PIOc_sync Enter - MemInfo: [malloc] Space in freed fastbin blocks:                  2848 Byte
20220314 061719.877 INFO             PET2 PIOc_sync Enter - MemInfo: [malloc] Total allocated space:                      36657536 Byte
20220314 061719.877 INFO             PET2 PIOc_sync Enter - MemInfo: [malloc] Total free space:                           18966144 Byte
20220314 061719.877 INFO             PET2 PIOc_sync Enter - MemInfo: [malloc] Top-most, releasable space:                 16909856 Byte
20220314 061719.877 INFO             PET2 PIOc_sync Enter - MemInfo: [malloc] Total space in use, mmap + non-mmap:        36657536 Byte
20220314 061719.877 INFO             PET2 PIOc_sync Enter - MemInfo: [malloc] Total space held (mmap + non-mmap):         55623680 Byte
20220314 061719.877 INFO             PET2 PIOc_sync Enter - MemInfo: [malloc] Total space used (mmap + non-mmap):         36666864 Byte
20220314 061719.877 INFO             PET2 PIOc_sync Enter - MemInfo: Wall-clock time since execution start:               0.155344 seconds
20220314 061719.878 INFO             PET2 PIOc_sync Exit - MemInfo: [/proc/meminfo - SSI]	MemTotal:       65507008 kB
20220314 061719.878 INFO             PET2 PIOc_sync Exit - MemInfo: [/proc/meminfo - SSI]	MemFree:        49711744 kB
20220314 061719.878 INFO             PET2 PIOc_sync Exit - MemInfo: [/proc/meminfo - SSI]	MemAvailable:   49469824 kB
20220314 061719.878 INFO             PET2 PIOc_sync Exit - MemInfo: [/proc/meminfo - SSI]	Committed_AS:   13309508 kB
20220314 061719.878 INFO             PET2 PIOc_sync Exit - MemInfo: [/proc/meminfo - SSI]	CommittedPercent: 20.3177 %
20220314 061719.878 INFO             PET2 PIOc_sync Exit - MemInfo: [/proc/self/status]	VmPeak:	  160956 kB
20220314 061719.878 INFO             PET2 PIOc_sync Exit - MemInfo: [/proc/self/status]	VmSize:	  152768 kB
20220314 061719.878 INFO             PET2 PIOc_sync Exit - MemInfo: [/proc/self/status]	VmLck:	       0 kB
20220314 061719.878 INFO             PET2 PIOc_sync Exit - MemInfo: [/proc/self/status]	VmPin:	       0 kB
20220314 061719.878 INFO             PET2 PIOc_sync Exit - MemInfo: [/proc/self/status]	VmHWM:	   35984 kB
20220314 061719.878 INFO             PET2 PIOc_sync Exit - MemInfo: [/proc/self/status]	VmRSS:	   34988 kB
20220314 061719.878 INFO             PET2 PIOc_sync Exit - MemInfo: [/proc/self/status]	VmData:	   57656 kB
20220314 061719.878 INFO             PET2 PIOc_sync Exit - MemInfo: [/proc/self/status]	VmStk:	     144 kB
20220314 061719.878 INFO             PET2 PIOc_sync Exit - MemInfo: [/proc/self/status]	VmExe:	     196 kB
20220314 061719.878 INFO             PET2 PIOc_sync Exit - MemInfo: [/proc/self/status]	VmLib:	   39752 kB
20220314 061719.878 INFO             PET2 PIOc_sync Exit - MemInfo: [/proc/self/status]	VmPTE:	     268 kB
