build time -- 2022-03-11 23:57:54
20220312 003659.501 INFO             PET0 !!!!!!!!!!!!!!!!!!!!!!!!!!!!!!!!!!!!!!!!!!!!!!!!!!!!!!
20220312 003659.502 INFO             PET0 !!! THE ESMF_LOG IS SET TO OUTPUT ALL LOG MESSAGES !!!
20220312 003659.502 INFO             PET0 !!!     THIS MAY CAUSE SLOWDOWN IN PERFORMANCE     !!!
20220312 003659.502 INFO             PET0 !!! FOR PRODUCTION RUNS, USE:                      !!!
20220312 003659.502 INFO             PET0 !!!                   ESMF_LOGKIND_Multi_On_Error  !!!
20220312 003659.502 INFO             PET0 !!!!!!!!!!!!!!!!!!!!!!!!!!!!!!!!!!!!!!!!!!!!!!!!!!!!!!
20220312 003659.502 INFO             PET0 Running with ESMF Version   : v8.3.0b09-96-g559b459836
20220312 003659.502 INFO             PET0 ESMF library build date/time: "Mar 11 2022" "23:55:33"
20220312 003659.502 INFO             PET0 ESMF library build location : /lustre/f2/dev/ncep/Mark.Potts/intel_2019.5_mpi_g_jedwards_pio_update2
20220312 003659.502 INFO             PET0 ESMF_COMM                   : mpi
20220312 003659.502 INFO             PET0 ESMF_MOAB                   : enabled
20220312 003659.502 INFO             PET0 ESMF_LAPACK                 : enabled
20220312 003659.502 INFO             PET0 ESMF_NETCDF                 : enabled
20220312 003659.502 INFO             PET0 ESMF_PNETCDF                : disabled
20220312 003659.502 INFO             PET0 ESMF_PIO                    : enabled
20220312 003659.502 INFO             PET0 ESMF_YAMLCPP                : enabled
20220312 003659.520 INFO             PET0 PIOc_sync Enter - MemInfo: [/proc/meminfo - SSI]	MemTotal:       65855856 kB
20220312 003659.520 INFO             PET0 PIOc_sync Enter - MemInfo: [/proc/meminfo - SSI]	MemFree:        61068476 kB
20220312 003659.520 INFO             PET0 PIOc_sync Enter - MemInfo: [/proc/meminfo - SSI]	MemAvailable:   60896412 kB
20220312 003659.520 INFO             PET0 PIOc_sync Enter - MemInfo: [/proc/meminfo - SSI]	Committed_AS:    3162132 kB
20220312 003659.520 INFO             PET0 PIOc_sync Enter - MemInfo: [/proc/meminfo - SSI]	CommittedPercent: 4.8016 %
20220312 003659.520 INFO             PET0 PIOc_sync Enter - MemInfo: [/proc/self/status]	VmPeak:	  269192 kB
20220312 003659.520 INFO             PET0 PIOc_sync Enter - MemInfo: [/proc/self/status]	VmSize:	  269192 kB
20220312 003659.520 INFO             PET0 PIOc_sync Enter - MemInfo: [/proc/self/status]	VmLck:	       0 kB
20220312 003659.520 INFO             PET0 PIOc_sync Enter - MemInfo: [/proc/self/status]	VmPin:	       0 kB
20220312 003659.520 INFO             PET0 PIOc_sync Enter - MemInfo: [/proc/self/status]	VmHWM:	   45440 kB
20220312 003659.520 INFO             PET0 PIOc_sync Enter - MemInfo: [/proc/self/status]	VmRSS:	   45440 kB
20220312 003659.520 INFO             PET0 PIOc_sync Enter - MemInfo: [/proc/self/status]	VmData:	   34020 kB
20220312 003659.520 INFO             PET0 PIOc_sync Enter - MemInfo: [/proc/self/status]	VmStk:	     508 kB
20220312 003659.520 INFO             PET0 PIOc_sync Enter - MemInfo: [/proc/self/status]	VmExe:	    1960 kB
20220312 003659.520 INFO             PET0 PIOc_sync Enter - MemInfo: [/proc/self/status]	VmLib:	  133788 kB
20220312 003659.520 INFO             PET0 PIOc_sync Enter - MemInfo: [/proc/self/status]	VmPTE:	     416 kB
20220312 003659.520 INFO             PET0 PIOc_sync Enter - MemInfo: [/proc/self/status]	VmPMD:	      12 kB
20220312 003659.520 INFO             PET0 PIOc_sync Enter - MemInfo: [/proc/self/status]	VmSwap:	       0 kB
20220312 003659.520 INFO             PET0 PIOc_sync Enter - MemInfo: [/proc/self/status]	VmRSSPercent: 0.0689992 %
20220312 003659.520 INFO             PET0 PIOc_sync Enter - MemInfo: [malloc] Non-mmapped space allocated:                 1314816 Byte
20220312 003659.520 INFO             PET0 PIOc_sync Enter - MemInfo: [malloc] Space allocated in mmapped regions:         11948032 Byte
20220312 003659.520 INFO             PET0 PIOc_sync Enter - MemInfo: [malloc] Maximum total allocated space:                     0 Byte
20220312 003659.520 INFO             PET0 PIOc_sync Enter - MemInfo: [malloc] Space in freed fastbin blocks:                     0 Byte
20220312 003659.520 INFO             PET0 PIOc_sync Enter - MemInfo: [malloc] Total allocated space:                       1212720 Byte
20220312 003659.520 INFO             PET0 PIOc_sync Enter - MemInfo: [malloc] Total free space:                             102096 Byte
20220312 003659.520 INFO             PET0 PIOc_sync Enter - MemInfo: [malloc] Top-most, releasable space:                   102096 Byte
20220312 003659.520 INFO             PET0 PIOc_sync Enter - MemInfo: [malloc] Total space in use, mmap + non-mmap:        13160752 Byte
20220312 003659.520 INFO             PET0 PIOc_sync Enter - MemInfo: [malloc] Total space held (mmap + non-mmap):         13262848 Byte
20220312 003659.520 INFO             PET0 PIOc_sync Enter - MemInfo: [malloc] Total space used (mmap + non-mmap):         13170448 Byte
20220312 003659.520 INFO             PET0 PIOc_sync Enter - MemInfo: Wall-clock time since execution start:              0.0358579 seconds
20220312 003704.331 INFO             PET0 PIOc_sync Exit - MemInfo: [/proc/meminfo - SSI]	MemTotal:       65855856 kB
20220312 003704.331 INFO             PET0 PIOc_sync Exit - MemInfo: [/proc/meminfo - SSI]	MemFree:        61080304 kB
20220312 003704.331 INFO             PET0 PIOc_sync Exit - MemInfo: [/proc/meminfo - SSI]	MemAvailable:   60910112 kB
20220312 003704.331 INFO             PET0 PIOc_sync Exit - MemInfo: [/proc/meminfo - SSI]	Committed_AS:    3162132 kB
20220312 003704.331 INFO             PET0 PIOc_sync Exit - MemInfo: [/proc/meminfo - SSI]	CommittedPercent: 4.8016 %
20220312 003704.331 INFO             PET0 PIOc_sync Exit - MemInfo: [/proc/self/status]	VmPeak:	  269516 kB
20220312 003704.331 INFO             PET0 PIOc_sync Exit - MemInfo: [/proc/self/status]	VmSize:	  269516 kB
20220312 003704.331 INFO             PET0 PIOc_sync Exit - MemInfo: [/proc/self/status]	VmLck:	       0 kB
20220312 003704.331 INFO             PET0 PIOc_sync Exit - MemInfo: [/proc/self/status]	VmPin:	       0 kB
20220312 003704.331 INFO             PET0 PIOc_sync Exit - MemInfo: [/proc/self/status]	VmHWM:	   45948 kB
20220312 003704.332 INFO             PET0 PIOc_sync Exit - MemInfo: [/proc/self/status]	VmRSS:	   45948 kB
20220312 003704.332 INFO             PET0 PIOc_sync Exit - MemInfo: [/proc/self/status]	VmData:	   34344 kB
20220312 003704.332 INFO             PET0 PIOc_sync Exit - MemInfo: [/proc/self/status]	VmStk:	     508 kB
20220312 003704.332 INFO             PET0 PIOc_sync Exit - MemInfo: [/proc/self/status]	VmExe:	    1960 kB
20220312 003704.332 INFO             PET0 PIOc_sync Exit - MemInfo: [/proc/self/status]	VmLib:	  133788 kB
20220312 003704.332 INFO             PET0 PIOc_sync Exit - MemInfo: [/proc/self/status]	VmPTE:	     416 kB
20220312 003704.332 INFO             PET0 PIOc_sync Exit - MemInfo: [/proc/self/status]	VmPMD:	      12 kB
20220312 003704.332 INFO             PET0 PIOc_sync Exit - MemInfo: [/proc/self/status]	VmSwap:	       0 kB
20220312 003704.332 INFO             PET0 PIOc_sync Exit - MemInfo: [/proc/self/status]	VmRSSPercent: 0.0697706 %
20220312 003704.332 INFO             PET0 PIOc_sync Exit - MemInfo: [malloc] Non-mmapped space allocated:                 1314816 Byte
20220312 003704.332 INFO             PET0 PIOc_sync Exit - MemInfo: [malloc] Space allocated in mmapped regions:         12279808 Byte
20220312 003704.332 INFO             PET0 PIOc_sync Exit - MemInfo: [malloc] Maximum total allocated space:                     0 Byte
20220312 003704.332 INFO             PET0 PIOc_sync Exit - MemInfo: [malloc] Space in freed fastbin blocks:                     0 Byte
20220312 003704.332 INFO             PET0 PIOc_sync Exit - MemInfo: [malloc] Total allocated space:                       1283008 Byte
20220312 003704.332 INFO             PET0 PIOc_sync Exit - MemInfo: [malloc] Total free space:                              31808 Byte
20220312 003704.332 INFO             PET0 PIOc_sync Exit - MemInfo: [malloc] Top-most, releasable space:                    31808 Byte
20220312 003704.332 INFO             PET0 PIOc_sync Exit - MemInfo: [malloc] Total space in use, mmap + non-mmap:        13562816 Byte
20220312 003704.332 INFO             PET0 PIOc_sync Exit - MemInfo: [malloc] Total space held (mmap + non-mmap):         13594624 Byte
20220312 003704.332 INFO             PET0 PIOc_sync Exit - MemInfo: [malloc] Total space used (mmap + non-mmap):         13571392 Byte
20220312 003704.332 INFO             PET0 PIOc_sync Exit - MemInfo: Wall-clock time since execution start:                4.84724 seconds
20220312 003704.332 INFO             PET0 PIOc_freedecomp Enter - MemInfo: [/proc/meminfo - SSI]	MemTotal:       65855856 kB
20220312 003704.332 INFO             PET0 PIOc_freedecomp Enter - MemInfo: [/proc/meminfo - SSI]	MemFree:        61087360 kB
20220312 003704.332 INFO             PET0 PIOc_freedecomp Enter - MemInfo: [/proc/meminfo - SSI]	MemAvailable:   60917168 kB
20220312 003704.332 INFO             PET0 PIOc_freedecomp Enter - MemInfo: [/proc/meminfo - SSI]	Committed_AS:    3154264 kB
20220312 003704.332 INFO             PET0 PIOc_freedecomp Enter - MemInfo: [/proc/meminfo - SSI]	CommittedPercent: 4.78965 %
20220312 003704.332 INFO             PET0 PIOc_freedecomp Enter - MemInfo: [/proc/self/status]	VmPeak:	  269516 kB
20220312 003704.332 INFO             PET0 PIOc_freedecomp Enter - MemInfo: [/proc/self/status]	VmSize:	  260804 kB
20220312 003704.332 INFO             PET0 PIOc_freedecomp Enter - MemInfo: [/proc/self/status]	VmLck:	       0 kB
20220312 003704.332 INFO             PET0 PIOc_freedecomp Enter - MemInfo: [/proc/self/status]	VmPin:	       0 kB
20220312 003704.332 INFO             PET0 PIOc_freedecomp Enter - MemInfo: [/proc/self/status]	VmHWM:	   45948 kB
20220312 003704.332 INFO             PET0 PIOc_freedecomp Enter - MemInfo: [/proc/self/status]	VmRSS:	   37960 kB
20220312 003704.332 INFO             PET0 PIOc_freedecomp Enter - MemInfo: [/proc/self/status]	VmData:	   25632 kB
20220312 003704.332 INFO             PET0 PIOc_freedecomp Enter - MemInfo: [/proc/self/status]	VmStk:	     508 kB
20220312 003704.332 INFO             PET0 PIOc_freedecomp Enter - MemInfo: [/proc/self/status]	VmExe:	    1960 kB
20220312 003704.332 INFO             PET0 PIOc_freedecomp Enter - MemInfo: [/proc/self/status]	VmLib:	  133788 kB
20220312 003704.332 INFO             PET0 PIOc_freedecomp Enter - MemInfo: [/proc/self/status]	VmPTE:	     404 kB
20220312 003704.332 INFO             PET0 PIOc_freedecomp Enter - MemInfo: [/proc/self/status]	VmPMD:	      12 kB
20220312 003704.332 INFO             PET0 PIOc_freedecomp Enter - MemInfo: [/proc/self/status]	VmSwap:	       0 kB
20220312 003704.332 INFO             PET0 PIOc_freedecomp Enter - MemInfo: [/proc/self/status]	VmRSSPercent: 0.057641 %
20220312 003704.332 INFO             PET0 PIOc_freedecomp Enter - MemInfo: [malloc] Non-mmapped space allocated:                 1314816 Byte
20220312 003704.332 INFO             PET0 PIOc_freedecomp Enter - MemInfo: [malloc] Space allocated in mmapped regions:          3358720 Byte
20220312 003704.332 INFO             PET0 PIOc_freedecomp Enter - MemInfo: [malloc] Maximum total allocated space:                     0 Byte
20220312 003704.332 INFO             PET0 PIOc_freedecomp Enter - MemInfo: [malloc] Space in freed fastbin blocks:                   288 Byte
20220312 003704.332 INFO             PET0 PIOc_freedecomp Enter - MemInfo: [malloc] Total allocated space:                       1272960 Byte
20220312 003704.332 INFO             PET0 PIOc_freedecomp Enter - MemInfo: [malloc] Total free space:                              41856 Byte
20220312 003704.332 INFO             PET0 PIOc_freedecomp Enter - MemInfo: [malloc] Top-most, releasable space:                    31072 Byte
20220312 003704.332 INFO             PET0 PIOc_freedecomp Enter - MemInfo: [malloc] Total space in use, mmap + non-mmap:         4631680 Byte
20220312 003704.332 INFO             PET0 PIOc_freedecomp Enter - MemInfo: [malloc] Total space held (mmap + non-mmap):          4673536 Byte
20220312 003704.332 INFO             PET0 PIOc_freedecomp Enter - MemInfo: [malloc] Total space used (mmap + non-mmap):          4640112 Byte
20220312 003704.332 INFO             PET0 PIOc_freedecomp Enter - MemInfo: Wall-clock time since execution start:                4.84798 seconds
20220312 003704.333 INFO             PET0 PIOc_freedecomp Exit - MemInfo: [/proc/meminfo - SSI]	MemTotal:       65855856 kB
20220312 003704.333 INFO             PET0 PIOc_freedecomp Exit - MemInfo: [/proc/meminfo - SSI]	MemFree:        61087360 kB
20220312 003704.333 INFO             PET0 PIOc_freedecomp Exit - MemInfo: [/proc/meminfo - SSI]	MemAvailable:   60917168 kB
20220312 003704.333 INFO             PET0 PIOc_freedecomp Exit - MemInfo: [/proc/meminfo - SSI]	Committed_AS:    3154264 kB
20220312 003704.333 INFO             PET0 PIOc_freedecomp Exit - MemInfo: [/proc/meminfo - SSI]	CommittedPercent: 4.78965 %
20220312 003704.333 INFO             PET0 PIOc_freedecomp Exit - MemInfo: [/proc/self/status]	VmPeak:	  269516 kB
20220312 003704.333 INFO             PET0 PIOc_freedecomp Exit - MemInfo: [/proc/self/status]	VmSize:	  260804 kB
20220312 003704.333 INFO             PET0 PIOc_freedecomp Exit - MemInfo: [/proc/self/status]	VmLck:	       0 kB
20220312 003704.333 INFO             PET0 PIOc_freedecomp Exit - MemInfo: [/proc/self/status]	VmPin:	       0 kB
20220312 003704.333 INFO             PET0 PIOc_freedecomp Exit - MemInfo: [/proc/self/status]	VmHWM:	   45948 kB
20220312 003704.333 INFO             PET0 PIOc_freedecomp Exit - MemInfo: [/proc/self/status]	VmRSS:	   37960 kB
20220312 003704.333 INFO             PET0 PIOc_freedecomp Exit - MemInfo: [/proc/self/status]	VmData:	   25632 kB
20220312 003704.333 INFO             PET0 PIOc_freedecomp Exit - MemInfo: [/proc/self/status]	VmStk:	     508 kB
20220312 003704.333 INFO             PET0 PIOc_freedecomp Exit - MemInfo: [/proc/self/status]	VmExe:	    1960 kB
20220312 003704.333 INFO             PET0 PIOc_freedecomp Exit - MemInfo: [/proc/self/status]	VmLib:	  133788 kB
20220312 003704.333 INFO             PET0 PIOc_freedecomp Exit - MemInfo: [/proc/self/status]	VmPTE:	     404 kB
20220312 003704.333 INFO             PET0 PIOc_freedecomp Exit - MemInfo: [/proc/self/status]	VmPMD:	      12 kB
20220312 003704.333 INFO             PET0 PIOc_freedecomp Exit - MemInfo: [/proc/self/status]	VmSwap:	       0 kB
20220312 003704.333 INFO             PET0 PIOc_freedecomp Exit - MemInfo: [/proc/self/status]	VmRSSPercent: 0.057641 %
20220312 003704.333 INFO             PET0 PIOc_freedecomp Exit - MemInfo: [malloc] Non-mmapped space allocated:                 1314816 Byte
20220312 003704.333 INFO             PET0 PIOc_freedecomp Exit - MemInfo: [malloc] Space allocated in mmapped regions:          3358720 Byte
20220312 003704.333 INFO             PET0 PIOc_freedecomp Exit - MemInfo: [malloc] Maximum total allocated space:                     0 Byte
20220312 003704.333 INFO             PET0 PIOc_freedecomp Exit - MemInfo: [malloc] Space in freed fastbin blocks:                   720 Byte
20220312 003704.333 INFO             PET0 PIOc_freedecomp Exit - MemInfo: [malloc] Total allocated space:                       1272800 Byte
20220312 003704.333 INFO             PET0 PIOc_freedecomp Exit - MemInfo: [malloc] Total free space:                              42016 Byte
20220312 003704.333 INFO             PET0 PIOc_freedecomp Exit - MemInfo: [malloc] Top-most, releasable space:                    30848 Byte
20220312 003704.333 INFO             PET0 PIOc_freedecomp Exit - MemInfo: [malloc] Total space in use, mmap + non-mmap:         4631520 Byte
20220312 003704.333 INFO             PET0 PIOc_freedecomp Exit - MemInfo: [malloc] Total space held (mmap + non-mmap):          4673536 Byte
20220312 003704.333 INFO             PET0 PIOc_freedecomp Exit - MemInfo: [malloc] Total space used (mmap + non-mmap):          4639728 Byte
20220312 003704.333 INFO             PET0 PIOc_freedecomp Exit - MemInfo: Wall-clock time since execution start:                4.84831 seconds
20220312 003704.336 INFO             PET0 PIOc_sync Enter - MemInfo: [/proc/meminfo - SSI]	MemTotal:       65855856 kB
20220312 003704.336 INFO             PET0 PIOc_sync Enter - MemInfo: [/proc/meminfo - SSI]	MemFree:        61084336 kB
20220312 003704.336 INFO             PET0 PIOc_sync Enter - MemInfo: [/proc/meminfo - SSI]	MemAvailable:   60914144 kB
20220312 003704.336 INFO             PET0 PIOc_sync Enter - MemInfo: [/proc/meminfo - SSI]	Committed_AS:    3162552 kB
20220312 003704.336 INFO             PET0 PIOc_sync Enter - MemInfo: [/proc/meminfo - SSI]	CommittedPercent: 4.80223 %
20220312 003704.336 INFO             PET0 PIOc_sync Enter - MemInfo: [/proc/self/status]	VmPeak:	  269608 kB
20220312 003704.336 INFO             PET0 PIOc_sync Enter - MemInfo: [/proc/self/status]	VmSize:	  269608 kB
20220312 003704.336 INFO             PET0 PIOc_sync Enter - MemInfo: [/proc/self/status]	VmLck:	       0 kB
20220312 003704.336 INFO             PET0 PIOc_sync Enter - MemInfo: [/proc/self/status]	VmPin:	       0 kB
20220312 003704.336 INFO             PET0 PIOc_sync Enter - MemInfo: [/proc/self/status]	VmHWM:	   45948 kB
20220312 003704.336 INFO             PET0 PIOc_sync Enter - MemInfo: [/proc/self/status]	VmRSS:	   41884 kB
20220312 003704.336 INFO             PET0 PIOc_sync Enter - MemInfo: [/proc/self/status]	VmData:	   34436 kB
20220312 003704.336 INFO             PET0 PIOc_sync Enter - MemInfo: [/proc/self/status]	VmStk:	     508 kB
20220312 003704.336 INFO             PET0 PIOc_sync Enter - MemInfo: [/proc/self/status]	VmExe:	    1960 kB
20220312 003704.336 INFO             PET0 PIOc_sync Enter - MemInfo: [/proc/self/status]	VmLib:	  133788 kB
20220312 003704.336 INFO             PET0 PIOc_sync Enter - MemInfo: [/proc/self/status]	VmPTE:	     420 kB
20220312 003704.336 INFO             PET0 PIOc_sync Enter - MemInfo: [/proc/self/status]	VmPMD:	      12 kB
20220312 003704.336 INFO             PET0 PIOc_sync Enter - MemInfo: [/proc/self/status]	VmSwap:	       0 kB
20220312 003704.336 INFO             PET0 PIOc_sync Enter - MemInfo: [/proc/self/status]	VmRSSPercent: 0.0635995 %
20220312 003704.336 INFO             PET0 PIOc_sync Enter - MemInfo: [malloc] Non-mmapped space allocated:                10330112 Byte
20220312 003704.336 INFO             PET0 PIOc_sync Enter - MemInfo: [malloc] Space allocated in mmapped regions:          3358720 Byte
20220312 003704.336 INFO             PET0 PIOc_sync Enter - MemInfo: [malloc] Maximum total allocated space:                     0 Byte
20220312 003704.336 INFO             PET0 PIOc_sync Enter - MemInfo: [malloc] Space in freed fastbin blocks:                   160 Byte
20220312 003704.336 INFO             PET0 PIOc_sync Enter - MemInfo: [malloc] Total allocated space:                      10199792 Byte
20220312 003704.336 INFO             PET0 PIOc_sync Enter - MemInfo: [malloc] Total free space:                             130320 Byte
20220312 003704.336 INFO             PET0 PIOc_sync Enter - MemInfo: [malloc] Top-most, releasable space:                   127744 Byte
20220312 003704.336 INFO             PET0 PIOc_sync Enter - MemInfo: [malloc] Total space in use, mmap + non-mmap:        13558512 Byte
20220312 003704.336 INFO             PET0 PIOc_sync Enter - MemInfo: [malloc] Total space held (mmap + non-mmap):         13688832 Byte
20220312 003704.336 INFO             PET0 PIOc_sync Enter - MemInfo: [malloc] Total space used (mmap + non-mmap):         13566832 Byte
20220312 003704.337 INFO             PET0 PIOc_sync Enter - MemInfo: Wall-clock time since execution start:                4.85206 seconds
20220312 003704.337 INFO             PET0 PIOc_sync Exit - MemInfo: [/proc/meminfo - SSI]	MemTotal:       65855856 kB
20220312 003704.337 INFO             PET0 PIOc_sync Exit - MemInfo: [/proc/meminfo - SSI]	MemFree:        61084336 kB
20220312 003704.337 INFO             PET0 PIOc_sync Exit - MemInfo: [/proc/meminfo - SSI]	MemAvailable:   60914144 kB
20220312 003704.337 INFO             PET0 PIOc_sync Exit - MemInfo: [/proc/meminfo - SSI]	Committed_AS:    3162552 kB
20220312 003704.337 INFO             PET0 PIOc_sync Exit - MemInfo: [/proc/meminfo - SSI]	CommittedPercent: 4.80223 %
20220312 003704.337 INFO             PET0 PIOc_sync Exit - MemInfo: [/proc/self/status]	VmPeak:	  269608 kB
20220312 003704.337 INFO             PET0 PIOc_sync Exit - MemInfo: [/proc/self/status]	VmSize:	  269608 kB
20220312 003704.337 INFO             PET0 PIOc_sync Exit - MemInfo: [/proc/self/status]	VmLck:	       0 kB
20220312 003704.337 INFO             PET0 PIOc_sync Exit - MemInfo: [/proc/self/status]	VmPin:	       0 kB
20220312 003704.337 INFO             PET0 PIOc_sync Exit - MemInfo: [/proc/self/status]	VmHWM:	   45948 kB
20220312 003704.337 INFO             PET0 PIOc_sync Exit - MemInfo: [/proc/self/status]	VmRSS:	   41884 kB
20220312 003704.337 INFO             PET0 PIOc_sync Exit - MemInfo: [/proc/self/status]	VmData:	   34436 kB
20220312 003704.337 INFO             PET0 PIOc_sync Exit - MemInfo: [/proc/self/status]	VmStk:	     508 kB
20220312 003704.337 INFO             PET0 PIOc_sync Exit - MemInfo: [/proc/self/status]	VmExe:	    1960 kB
20220312 003704.337 INFO             PET0 PIOc_sync Exit - MemInfo: [/proc/self/status]	VmLib:	  133788 kB
20220312 003704.337 INFO             PET0 PIOc_sync Exit - MemInfo: [/proc/self/status]	VmPTE:	     420 kB
20220312 003704.337 INFO             PET0 PIOc_sync Exit - MemInfo: [/proc/self/status]	VmPMD:	      12 kB
20220312 003704.337 INFO             PET0 PIOc_sync Exit - MemInfo: [/proc/self/status]	VmSwap:	       0 kB
20220312 003704.337 INFO             PET0 PIOc_sync Exit - MemInfo: [/proc/self/status]	VmRSSPercent: 0.0635995 %
20220312 003704.337 INFO             PET0 PIOc_sync Exit - MemInfo: [malloc] Non-mmapped space allocated:                10330112 Byte
20220312 003704.337 INFO             PET0 PIOc_sync Exit - MemInfo: [malloc] Space allocated in mmapped regions:          3358720 Byte
20220312 003704.337 INFO             PET0 PIOc_sync Exit - MemInfo: [malloc] Maximum total allocated space:                     0 Byte
20220312 003704.337 INFO             PET0 PIOc_sync Exit - MemInfo: [malloc] Space in freed fastbin blocks:                     0 Byte
20220312 003704.337 INFO             PET0 PIOc_sync Exit - MemInfo: [malloc] Total allocated space:                      10200944 Byte
20220312 003704.337 INFO             PET0 PIOc_sync Exit - MemInfo: [malloc] Total free space:                             129168 Byte
20220312 003704.337 INFO             PET0 PIOc_sync Exit - MemInfo: [malloc] Top-most, releasable space:                   127520 Byte
20220312 003704.337 INFO             PET0 PIOc_sync Exit - MemInfo: [malloc] Total space in use, mmap + non-mmap:        13559664 Byte
20220312 003704.337 INFO             PET0 PIOc_sync Exit - MemInfo: [malloc] Total space held (mmap + non-mmap):         13688832 Byte
20220312 003704.337 INFO             PET0 PIOc_sync Exit - MemInfo: [malloc] Total space used (mmap + non-mmap):         13567984 Byte
20220312 003704.337 INFO             PET0 PIOc_sync Exit - MemInfo: Wall-clock time since execution start:                4.85246 seconds
20220312 003704.337 INFO             PET0 PIOc_freedecomp Enter - MemInfo: [/proc/meminfo - SSI]	MemTotal:       65855856 kB
20220312 003704.337 INFO             PET0 PIOc_freedecomp Enter - MemInfo: [/proc/meminfo - SSI]	MemFree:        61084336 kB
20220312 003704.337 INFO             PET0 PIOc_freedecomp Enter - MemInfo: [/proc/meminfo - SSI]	MemAvailable:   60914144 kB
20220312 003704.337 INFO             PET0 PIOc_freedecomp Enter - MemInfo: [/proc/meminfo - SSI]	Committed_AS:    3162552 kB
20220312 003704.337 INFO             PET0 PIOc_freedecomp Enter - MemInfo: [/proc/meminfo - SSI]	CommittedPercent: 4.80223 %
20220312 003704.337 INFO             PET0 PIOc_freedecomp Enter - MemInfo: [/proc/self/status]	VmPeak:	  269608 kB
20220312 003704.337 INFO             PET0 PIOc_freedecomp Enter - MemInfo: [/proc/self/status]	VmSize:	  269608 kB
20220312 003704.337 INFO             PET0 PIOc_freedecomp Enter - MemInfo: [/proc/self/status]	VmLck:	       0 kB
20220312 003704.337 INFO             PET0 PIOc_freedecomp Enter - MemInfo: [/proc/self/status]	VmPin:	       0 kB
20220312 003704.337 INFO             PET0 PIOc_freedecomp Enter - MemInfo: [/proc/self/status]	VmHWM:	   45948 kB
20220312 003704.337 INFO             PET0 PIOc_freedecomp Enter - MemInfo: [/proc/self/status]	VmRSS:	   41884 kB
20220312 003704.337 INFO             PET0 PIOc_freedecomp Enter - MemInfo: [/proc/self/status]	VmData:	   34436 kB
20220312 003704.337 INFO             PET0 PIOc_freedecomp Enter - MemInfo: [/proc/self/status]	VmStk:	     508 kB
20220312 003704.337 INFO             PET0 PIOc_freedecomp Enter - MemInfo: [/proc/self/status]	VmExe:	    1960 kB
20220312 003704.337 INFO             PET0 PIOc_freedecomp Enter - MemInfo: [/proc/self/status]	VmLib:	  133788 kB
20220312 003704.337 INFO             PET0 PIOc_freedecomp Enter - MemInfo: [/proc/self/status]	VmPTE:	     420 kB
20220312 003704.337 INFO             PET0 PIOc_freedecomp Enter - MemInfo: [/proc/self/status]	VmPMD:	      12 kB
20220312 003704.337 INFO             PET0 PIOc_freedecomp Enter - MemInfo: [/proc/self/status]	VmSwap:	       0 kB
20220312 003704.337 INFO             PET0 PIOc_freedecomp Enter - MemInfo: [/proc/self/status]	VmRSSPercent: 0.0635995 %
20220312 003704.337 INFO             PET0 PIOc_freedecomp Enter - MemInfo: [malloc] Non-mmapped space allocated:                10330112 Byte
20220312 003704.337 INFO             PET0 PIOc_freedecomp Enter - MemInfo: [malloc] Space allocated in mmapped regions:          3358720 Byte
20220312 003704.337 INFO             PET0 PIOc_freedecomp Enter - MemInfo: [malloc] Maximum total allocated space:                     0 Byte
20220312 003704.337 INFO             PET0 PIOc_freedecomp Enter - MemInfo: [malloc] Space in freed fastbin blocks:                   112 Byte
20220312 003704.337 INFO             PET0 PIOc_freedecomp Enter - MemInfo: [malloc] Total allocated space:                       1277104 Byte
20220312 003704.337 INFO             PET0 PIOc_freedecomp Enter - MemInfo: [malloc] Total free space:                            9053008 Byte
20220312 003704.337 INFO             PET0 PIOc_freedecomp Enter - MemInfo: [malloc] Top-most, releasable space:                   127296 Byte
20220312 003704.337 INFO             PET0 PIOc_freedecomp Enter - MemInfo: [malloc] Total space in use, mmap + non-mmap:         4635824 Byte
20220312 003704.337 INFO             PET0 PIOc_freedecomp Enter - MemInfo: [malloc] Total space held (mmap + non-mmap):         13688832 Byte
20220312 003704.337 INFO             PET0 PIOc_freedecomp Enter - MemInfo: [malloc] Total space used (mmap + non-mmap):          4644032 Byte
20220312 003704.337 INFO             PET0 PIOc_freedecomp Enter - MemInfo: Wall-clock time since execution start:                4.85294 seconds
20220312 003704.337 INFO             PET0 PIOc_freedecomp Exit - MemInfo: [/proc/meminfo - SSI]	MemTotal:       65855856 kB
20220312 003704.337 INFO             PET0 PIOc_freedecomp Exit - MemInfo: [/proc/meminfo - SSI]	MemFree:        61084336 kB
20220312 003704.337 INFO             PET0 PIOc_freedecomp Exit - MemInfo: [/proc/meminfo - SSI]	MemAvailable:   60914144 kB
20220312 003704.337 INFO             PET0 PIOc_freedecomp Exit - MemInfo: [/proc/meminfo - SSI]	Committed_AS:    3162552 kB
20220312 003704.337 INFO             PET0 PIOc_freedecomp Exit - MemInfo: [/proc/meminfo - SSI]	CommittedPercent: 4.80223 %
20220312 003704.337 INFO             PET0 PIOc_freedecomp Exit - MemInfo: [/proc/self/status]	VmPeak:	  269608 kB
20220312 003704.337 INFO             PET0 PIOc_freedecomp Exit - MemInfo: [/proc/self/status]	VmSize:	  269608 kB
20220312 003704.338 INFO             PET0 PIOc_freedecomp Exit - MemInfo: [/proc/self/status]	VmLck:	       0 kB
20220312 003704.338 INFO             PET0 PIOc_freedecomp Exit - MemInfo: [/proc/self/status]	VmPin:	       0 kB
20220312 003704.338 INFO             PET0 PIOc_freedecomp Exit - MemInfo: [/proc/self/status]	VmHWM:	   45948 kB
20220312 003704.338 INFO             PET0 PIOc_freedecomp Exit - MemInfo: [/proc/self/status]	VmRSS:	   41884 kB
20220312 003704.338 INFO             PET0 PIOc_freedecomp Exit - MemInfo: [/proc/self/status]	VmData:	   34436 kB
20220312 003704.338 INFO             PET0 PIOc_freedecomp Exit - MemInfo: [/proc/self/status]	VmStk:	     508 kB
20220312 003704.338 INFO             PET0 PIOc_freedecomp Exit - MemInfo: [/proc/self/status]	VmExe:	    1960 kB
20220312 003704.338 INFO             PET0 PIOc_freedecomp Exit - MemInfo: [/proc/self/status]	VmLib:	  133788 kB
20220312 003704.338 INFO             PET0 PIOc_freedecomp Exit - MemInfo: [/proc/self/status]	VmPTE:	     420 kB
20220312 003704.338 INFO             PET0 PIOc_freedecomp Exit - MemInfo: [/proc/self/status]	VmPMD:	      12 kB
20220312 003704.338 INFO             PET0 PIOc_freedecomp Exit - MemInfo: [/proc/self/status]	VmSwap:	       0 kB
20220312 003704.338 INFO             PET0 PIOc_freedecomp Exit - MemInfo: [/proc/self/status]	VmRSSPercent: 0.0635995 %
20220312 003704.338 INFO             PET0 PIOc_freedecomp Exit - MemInfo: [malloc] Non-mmapped space allocated:                10330112 Byte
20220312 003704.338 INFO             PET0 PIOc_freedecomp Exit - MemInfo: [malloc] Space allocated in mmapped regions:          3358720 Byte
20220312 003704.338 INFO             PET0 PIOc_freedecomp Exit - MemInfo: [malloc] Maximum total allocated space:                     0 Byte
20220312 003704.338 INFO             PET0 PIOc_freedecomp Exit - MemInfo: [malloc] Space in freed fastbin blocks:                  1120 Byte
20220312 003704.338 INFO             PET0 PIOc_freedecomp Exit - MemInfo: [malloc] Total allocated space:                       1275840 Byte
20220312 003704.338 INFO             PET0 PIOc_freedecomp Exit - MemInfo: [malloc] Total free space:                            9054272 Byte
20220312 003704.338 INFO             PET0 PIOc_freedecomp Exit - MemInfo: [malloc] Top-most, releasable space:                   127296 Byte
20220312 003704.338 INFO             PET0 PIOc_freedecomp Exit - MemInfo: [malloc] Total space in use, mmap + non-mmap:         4634560 Byte
20220312 003704.338 INFO             PET0 PIOc_freedecomp Exit - MemInfo: [malloc] Total space held (mmap + non-mmap):         13688832 Byte
20220312 003704.338 INFO             PET0 PIOc_freedecomp Exit - MemInfo: [malloc] Total space used (mmap + non-mmap):          4642768 Byte
20220312 003704.338 INFO             PET0 PIOc_freedecomp Exit - MemInfo: Wall-clock time since execution start:                4.85328 seconds
20220312 003704.339 INFO             PET0 PIOc_sync Enter - MemInfo: [/proc/meminfo - SSI]	MemTotal:       65855856 kB
20220312 003704.339 INFO             PET0 PIOc_sync Enter - MemInfo: [/proc/meminfo - SSI]	MemFree:        61083832 kB
20220312 003704.339 INFO             PET0 PIOc_sync Enter - MemInfo: [/proc/meminfo - SSI]	MemAvailable:   60913640 kB
20220312 003704.339 INFO             PET0 PIOc_sync Enter - MemInfo: [/proc/meminfo - SSI]	Committed_AS:    3162552 kB
20220312 003704.339 INFO             PET0 PIOc_sync Enter - MemInfo: [/proc/meminfo - SSI]	CommittedPercent: 4.80223 %
20220312 003704.339 INFO             PET0 PIOc_sync Enter - MemInfo: [/proc/self/status]	VmPeak:	  269608 kB
20220312 003704.339 INFO             PET0 PIOc_sync Enter - MemInfo: [/proc/self/status]	VmSize:	  269584 kB
20220312 003704.339 INFO             PET0 PIOc_sync Enter - MemInfo: [/proc/self/status]	VmLck:	       0 kB
20220312 003704.339 INFO             PET0 PIOc_sync Enter - MemInfo: [/proc/self/status]	VmPin:	       0 kB
20220312 003704.339 INFO             PET0 PIOc_sync Enter - MemInfo: [/proc/self/status]	VmHWM:	   45948 kB
20220312 003704.339 INFO             PET0 PIOc_sync Enter - MemInfo: [/proc/self/status]	VmRSS:	   42356 kB
20220312 003704.339 INFO             PET0 PIOc_sync Enter - MemInfo: [/proc/self/status]	VmData:	   34436 kB
20220312 003704.339 INFO             PET0 PIOc_sync Enter - MemInfo: [/proc/self/status]	VmStk:	     508 kB
20220312 003704.339 INFO             PET0 PIOc_sync Enter - MemInfo: [/proc/self/status]	VmExe:	    1960 kB
20220312 003704.339 INFO             PET0 PIOc_sync Enter - MemInfo: [/proc/self/status]	VmLib:	  133788 kB
20220312 003704.339 INFO             PET0 PIOc_sync Enter - MemInfo: [/proc/self/status]	VmPTE:	     420 kB
20220312 003704.339 INFO             PET0 PIOc_sync Enter - MemInfo: [/proc/self/status]	VmPMD:	      12 kB
20220312 003704.339 INFO             PET0 PIOc_sync Enter - MemInfo: [/proc/self/status]	VmSwap:	       0 kB
20220312 003704.339 INFO             PET0 PIOc_sync Enter - MemInfo: [/proc/self/status]	VmRSSPercent: 0.0643162 %
20220312 003704.339 INFO             PET0 PIOc_sync Enter - MemInfo: [malloc] Non-mmapped space allocated:                10330112 Byte
20220312 003704.340 INFO             PET0 PIOc_sync Enter - MemInfo: [malloc] Space allocated in mmapped regions:          3358720 Byte
20220312 003704.340 INFO             PET0 PIOc_sync Enter - MemInfo: [malloc] Maximum total allocated space:                     0 Byte
20220312 003704.340 INFO             PET0 PIOc_sync Enter - MemInfo: [malloc] Space in freed fastbin blocks:                   976 Byte
20220312 003704.340 INFO             PET0 PIOc_sync Enter - MemInfo: [malloc] Total allocated space:                      10202320 Byte
20220312 003704.340 INFO             PET0 PIOc_sync Enter - MemInfo: [malloc] Total free space:                             127792 Byte
20220312 003704.340 INFO             PET0 PIOc_sync Enter - MemInfo: [malloc] Top-most, releasable space:                   122048 Byte
20220312 003704.340 INFO             PET0 PIOc_sync Enter - MemInfo: [malloc] Total space in use, mmap + non-mmap:        13561040 Byte
20220312 003704.340 INFO             PET0 PIOc_sync Enter - MemInfo: [malloc] Total space held (mmap + non-mmap):         13688832 Byte
20220312 003704.340 INFO             PET0 PIOc_sync Enter - MemInfo: [malloc] Total space used (mmap + non-mmap):         13569248 Byte
20220312 003704.340 INFO             PET0 PIOc_sync Enter - MemInfo: Wall-clock time since execution start:                4.85517 seconds
20220312 003704.340 INFO             PET0 PIOc_sync Exit - MemInfo: [/proc/meminfo - SSI]	MemTotal:       65855856 kB
20220312 003704.340 INFO             PET0 PIOc_sync Exit - MemInfo: [/proc/meminfo - SSI]	MemFree:        61083832 kB
20220312 003704.340 INFO             PET0 PIOc_sync Exit - MemInfo: [/proc/meminfo - SSI]	MemAvailable:   60913640 kB
20220312 003704.340 INFO             PET0 PIOc_sync Exit - MemInfo: [/proc/meminfo - SSI]	Committed_AS:    3162552 kB
20220312 003704.340 INFO             PET0 PIOc_sync Exit - MemInfo: [/proc/meminfo - SSI]	CommittedPercent: 4.80223 %
20220312 003704.340 INFO             PET0 PIOc_sync Exit - MemInfo: [/proc/self/status]	VmPeak:	  269608 kB
20220312 003704.340 INFO             PET0 PIOc_sync Exit - MemInfo: [/proc/self/status]	VmSize:	  269584 kB
20220312 003704.340 INFO             PET0 PIOc_sync Exit - MemInfo: [/proc/self/status]	VmLck:	       0 kB
20220312 003704.340 INFO             PET0 PIOc_sync Exit - MemInfo: [/proc/self/status]	VmPin:	       0 kB
20220312 003704.340 INFO             PET0 PIOc_sync Exit - MemInfo: [/proc/self/status]	VmHWM:	   45948 kB
20220312 003704.340 INFO             PET0 PIOc_sync Exit - MemInfo: [/proc/self/status]	VmRSS:	   42356 kB
20220312 003704.340 INFO             PET0 PIOc_sync Exit - MemInfo: [/proc/self/status]	VmData:	   34436 kB
20220312 003704.340 INFO             PET0 PIOc_sync Exit - MemInfo: [/proc/self/status]	VmStk:	     508 kB
20220312 003704.340 INFO             PET0 PIOc_sync Exit - MemInfo: [/proc/self/status]	VmExe:	    1960 kB
20220312 003704.340 INFO             PET0 PIOc_sync Exit - MemInfo: [/proc/self/status]	VmLib:	  133788 kB
20220312 003704.340 INFO             PET0 PIOc_sync Exit - MemInfo: [/proc/self/status]	VmPTE:	     420 kB
20220312 003704.340 INFO             PET0 PIOc_sync Exit - MemInfo: [/proc/self/status]	VmPMD:	      12 kB
20220312 003704.340 INFO             PET0 PIOc_sync Exit - MemInfo: [/proc/self/status]	VmSwap:	       0 kB
20220312 003704.340 INFO             PET0 PIOc_sync Exit - MemInfo: [/proc/self/status]	VmRSSPercent: 0.0643162 %
20220312 003704.340 INFO             PET0 PIOc_sync Exit - MemInfo: [malloc] Non-mmapped space allocated:                10330112 Byte
20220312 003704.340 INFO             PET0 PIOc_sync Exit - MemInfo: [malloc] Space allocated in mmapped regions:          3358720 Byte
20220312 003704.340 INFO             PET0 PIOc_sync Exit - MemInfo: [malloc] Maximum total allocated space:                     0 Byte
20220312 003704.340 INFO             PET0 PIOc_sync Exit - MemInfo: [malloc] Space in freed fastbin blocks:                    32 Byte
20220312 003704.340 INFO             PET0 PIOc_sync Exit - MemInfo: [malloc] Total allocated space:                      10202976 Byte
20220312 003704.340 INFO             PET0 PIOc_sync Exit - MemInfo: [malloc] Total free space:                             127136 Byte
20220312 003704.340 INFO             PET0 PIOc_sync Exit - MemInfo: [malloc] Top-most, releasable space:                   121824 Byte
20220312 003704.340 INFO             PET0 PIOc_sync Exit - MemInfo: [malloc] Total space in use, mmap + non-mmap:        13561696 Byte
20220312 003704.340 INFO             PET0 PIOc_sync Exit - MemInfo: [malloc] Total space held (mmap + non-mmap):         13688832 Byte
20220312 003704.340 INFO             PET0 PIOc_sync Exit - MemInfo: [malloc] Total space used (mmap + non-mmap):         13570016 Byte
20220312 003704.340 INFO             PET0 PIOc_sync Exit - MemInfo: Wall-clock time since execution start:                4.85552 seconds
20220312 003704.340 INFO             PET0 PIOc_freedecomp Enter - MemInfo: [/proc/meminfo - SSI]	MemTotal:       65855856 kB
20220312 003704.340 INFO             PET0 PIOc_freedecomp Enter - MemInfo: [/proc/meminfo - SSI]	MemFree:        61083328 kB
20220312 003704.340 INFO             PET0 PIOc_freedecomp Enter - MemInfo: [/proc/meminfo - SSI]	MemAvailable:   60913136 kB
20220312 003704.340 INFO             PET0 PIOc_freedecomp Enter - MemInfo: [/proc/meminfo - SSI]	Committed_AS:    3162552 kB
20220312 003704.340 INFO             PET0 PIOc_freedecomp Enter - MemInfo: [/proc/meminfo - SSI]	CommittedPercent: 4.80223 %
20220312 003704.340 INFO             PET0 PIOc_freedecomp Enter - MemInfo: [/proc/self/status]	VmPeak:	  269608 kB
20220312 003704.340 INFO             PET0 PIOc_freedecomp Enter - MemInfo: [/proc/self/status]	VmSize:	  269584 kB
20220312 003704.340 INFO             PET0 PIOc_freedecomp Enter - MemInfo: [/proc/self/status]	VmLck:	       0 kB
20220312 003704.340 INFO             PET0 PIOc_freedecomp Enter - MemInfo: [/proc/self/status]	VmPin:	       0 kB
20220312 003704.340 INFO             PET0 PIOc_freedecomp Enter - MemInfo: [/proc/self/status]	VmHWM:	   45948 kB
20220312 003704.340 INFO             PET0 PIOc_freedecomp Enter - MemInfo: [/proc/self/status]	VmRSS:	   42356 kB
20220312 003704.340 INFO             PET0 PIOc_freedecomp Enter - MemInfo: [/proc/self/status]	VmData:	   34436 kB
20220312 003704.340 INFO             PET0 PIOc_freedecomp Enter - MemInfo: [/proc/self/status]	VmStk:	     508 kB
20220312 003704.340 INFO             PET0 PIOc_freedecomp Enter - MemInfo: [/proc/self/status]	VmExe:	    1960 kB
20220312 003704.340 INFO             PET0 PIOc_freedecomp Enter - MemInfo: [/proc/self/status]	VmLib:	  133788 kB
20220312 003704.340 INFO             PET0 PIOc_freedecomp Enter - MemInfo: [/proc/self/status]	VmPTE:	     420 kB
20220312 003704.340 INFO             PET0 PIOc_freedecomp Enter - MemInfo: [/proc/self/status]	VmPMD:	      12 kB
20220312 003704.340 INFO             PET0 PIOc_freedecomp Enter - MemInfo: [/proc/self/status]	VmSwap:	       0 kB
20220312 003704.340 INFO             PET0 PIOc_freedecomp Enter - MemInfo: [/proc/self/status]	VmRSSPercent: 0.0643162 %
20220312 003704.340 INFO             PET0 PIOc_freedecomp Enter - MemInfo: [malloc] Non-mmapped space allocated:                10330112 Byte
20220312 003704.340 INFO             PET0 PIOc_freedecomp Enter - MemInfo: [malloc] Space allocated in mmapped regions:          3358720 Byte
20220312 003704.340 INFO             PET0 PIOc_freedecomp Enter - MemInfo: [malloc] Maximum total allocated space:                     0 Byte
20220312 003704.340 INFO             PET0 PIOc_freedecomp Enter - MemInfo: [malloc] Space in freed fastbin blocks:                     0 Byte
20220312 003704.340 INFO             PET0 PIOc_freedecomp Enter - MemInfo: [malloc] Total allocated space:                       1277696 Byte
20220312 003704.340 INFO             PET0 PIOc_freedecomp Enter - MemInfo: [malloc] Total free space:                            9052416 Byte
20220312 003704.340 INFO             PET0 PIOc_freedecomp Enter - MemInfo: [malloc] Top-most, releasable space:                   121600 Byte
20220312 003704.340 INFO             PET0 PIOc_freedecomp Enter - MemInfo: [malloc] Total space in use, mmap + non-mmap:         4636416 Byte
20220312 003704.340 INFO             PET0 PIOc_freedecomp Enter - MemInfo: [malloc] Total space held (mmap + non-mmap):         13688832 Byte
20220312 003704.340 INFO             PET0 PIOc_freedecomp Enter - MemInfo: [malloc] Total space used (mmap + non-mmap):          4644624 Byte
20220312 003704.340 INFO             PET0 PIOc_freedecomp Enter - MemInfo: Wall-clock time since execution start:                4.85602 seconds
20220312 003704.341 INFO             PET0 PIOc_freedecomp Exit - MemInfo: [/proc/meminfo - SSI]	MemTotal:       65855856 kB
20220312 003704.341 INFO             PET0 PIOc_freedecomp Exit - MemInfo: [/proc/meminfo - SSI]	MemFree:        61083328 kB
20220312 003704.341 INFO             PET0 PIOc_freedecomp Exit - MemInfo: [/proc/meminfo - SSI]	MemAvailable:   60913136 kB
20220312 003704.341 INFO             PET0 PIOc_freedecomp Exit - MemInfo: [/proc/meminfo - SSI]	Committed_AS:    3162552 kB
20220312 003704.341 INFO             PET0 PIOc_freedecomp Exit - MemInfo: [/proc/meminfo - SSI]	CommittedPercent: 4.80223 %
20220312 003704.341 INFO             PET0 PIOc_freedecomp Exit - MemInfo: [/proc/self/status]	VmPeak:	  269608 kB
20220312 003704.341 INFO             PET0 PIOc_freedecomp Exit - MemInfo: [/proc/self/status]	VmSize:	  269584 kB
20220312 003704.341 INFO             PET0 PIOc_freedecomp Exit - MemInfo: [/proc/self/status]	VmLck:	       0 kB
20220312 003704.341 INFO             PET0 PIOc_freedecomp Exit - MemInfo: [/proc/self/status]	VmPin:	       0 kB
20220312 003704.341 INFO             PET0 PIOc_freedecomp Exit - MemInfo: [/proc/self/status]	VmHWM:	   45948 kB
20220312 003704.341 INFO             PET0 PIOc_freedecomp Exit - MemInfo: [/proc/self/status]	VmRSS:	   42356 kB
20220312 003704.341 INFO             PET0 PIOc_freedecomp Exit - MemInfo: [/proc/self/status]	VmData:	   34436 kB
20220312 003704.341 INFO             PET0 PIOc_freedecomp Exit - MemInfo: [/proc/self/status]	VmStk:	     508 kB
20220312 003704.341 INFO             PET0 PIOc_freedecomp Exit - MemInfo: [/proc/self/status]	VmExe:	    1960 kB
20220312 003704.341 INFO             PET0 PIOc_freedecomp Exit - MemInfo: [/proc/self/status]	VmLib:	  133788 kB
20220312 003704.341 INFO             PET0 PIOc_freedecomp Exit - MemInfo: [/proc/self/status]	VmPTE:	     420 kB
20220312 003704.341 INFO             PET0 PIOc_freedecomp Exit - MemInfo: [/proc/self/status]	VmPMD:	      12 kB
20220312 003704.341 INFO             PET0 PIOc_freedecomp Exit - MemInfo: [/proc/self/status]	VmSwap:	       0 kB
20220312 003704.341 INFO             PET0 PIOc_freedecomp Exit - MemInfo: [/proc/self/status]	VmRSSPercent: 0.0643162 %
20220312 003704.341 INFO             PET0 PIOc_freedecomp Exit - MemInfo: [malloc] Non-mmapped space allocated:                10330112 Byte
20220312 003704.341 INFO             PET0 PIOc_freedecomp Exit - MemInfo: [malloc] Space allocated in mmapped regions:          3358720 Byte
20220312 003704.341 INFO             PET0 PIOc_freedecomp Exit - MemInfo: [malloc] Maximum total allocated space:                     0 Byte
20220312 003704.341 INFO             PET0 PIOc_freedecomp Exit - MemInfo: [malloc] Space in freed fastbin blocks:                  1456 Byte
20220312 003704.341 INFO             PET0 PIOc_freedecomp Exit - MemInfo: [malloc] Total allocated space:                       1276240 Byte
20220312 003704.341 INFO             PET0 PIOc_freedecomp Exit - MemInfo: [malloc] Total free space:                            9053872 Byte
20220312 003704.341 INFO             PET0 PIOc_freedecomp Exit - MemInfo: [malloc] Top-most, releasable space:                   127296 Byte
20220312 003704.341 INFO             PET0 PIOc_freedecomp Exit - MemInfo: [malloc] Total space in use, mmap + non-mmap:         4634960 Byte
20220312 003704.341 INFO             PET0 PIOc_freedecomp Exit - MemInfo: [malloc] Total space held (mmap + non-mmap):         13688832 Byte
20220312 003704.341 INFO             PET0 PIOc_freedecomp Exit - MemInfo: [malloc] Total space used (mmap + non-mmap):          4643168 Byte
20220312 003704.341 INFO             PET0 PIOc_freedecomp Exit - MemInfo: Wall-clock time since execution start:                4.85635 seconds
20220312 003704.343 INFO             PET0 PIOc_sync Enter - MemInfo: [/proc/meminfo - SSI]	MemTotal:       65855856 kB
20220312 003704.343 INFO             PET0 PIOc_sync Enter - MemInfo: [/proc/meminfo - SSI]	MemFree:        61078792 kB
20220312 003704.343 INFO             PET0 PIOc_sync Enter - MemInfo: [/proc/meminfo - SSI]	MemAvailable:   60908600 kB
20220312 003704.343 INFO             PET0 PIOc_sync Enter - MemInfo: [/proc/meminfo - SSI]	Committed_AS:    3170756 kB
20220312 003704.343 INFO             PET0 PIOc_sync Enter - MemInfo: [/proc/meminfo - SSI]	CommittedPercent: 4.81469 %
20220312 003704.344 INFO             PET0 PIOc_sync Enter - MemInfo: [/proc/self/status]	VmPeak:	  277768 kB
20220312 003704.344 INFO             PET0 PIOc_sync Enter - MemInfo: [/proc/self/status]	VmSize:	  277768 kB
20220312 003704.344 INFO             PET0 PIOc_sync Enter - MemInfo: [/proc/self/status]	VmLck:	       0 kB
20220312 003704.344 INFO             PET0 PIOc_sync Enter - MemInfo: [/proc/self/status]	VmPin:	       0 kB
20220312 003704.344 INFO             PET0 PIOc_sync Enter - MemInfo: [/proc/self/status]	VmHWM:	   46544 kB
20220312 003704.344 INFO             PET0 PIOc_sync Enter - MemInfo: [/proc/self/status]	VmRSS:	   46544 kB
20220312 003704.344 INFO             PET0 PIOc_sync Enter - MemInfo: [/proc/self/status]	VmData:	   42632 kB
20220312 003704.344 INFO             PET0 PIOc_sync Enter - MemInfo: [/proc/self/status]	VmStk:	     508 kB
20220312 003704.344 INFO             PET0 PIOc_sync Enter - MemInfo: [/proc/self/status]	VmExe:	    1960 kB
20220312 003704.344 INFO             PET0 PIOc_sync Enter - MemInfo: [/proc/self/status]	VmLib:	  133788 kB
20220312 003704.344 INFO             PET0 PIOc_sync Enter - MemInfo: [/proc/self/status]	VmPTE:	     432 kB
20220312 003704.344 INFO             PET0 PIOc_sync Enter - MemInfo: [/proc/self/status]	VmPMD:	      12 kB
20220312 003704.344 INFO             PET0 PIOc_sync Enter - MemInfo: [/proc/self/status]	VmSwap:	       0 kB
20220312 003704.344 INFO             PET0 PIOc_sync Enter - MemInfo: [/proc/self/status]	VmRSSPercent: 0.0706756 %
20220312 003704.344 INFO             PET0 PIOc_sync Enter - MemInfo: [malloc] Non-mmapped space allocated:                18722816 Byte
20220312 003704.344 INFO             PET0 PIOc_sync Enter - MemInfo: [malloc] Space allocated in mmapped regions:          3358720 Byte
20220312 003704.344 INFO             PET0 PIOc_sync Enter - MemInfo: [malloc] Maximum total allocated space:                     0 Byte
20220312 003704.344 INFO             PET0 PIOc_sync Enter - MemInfo: [malloc] Space in freed fastbin blocks:                  1504 Byte
20220312 003704.344 INFO             PET0 PIOc_sync Enter - MemInfo: [malloc] Total allocated space:                      10203568 Byte
20220312 003704.344 INFO             PET0 PIOc_sync Enter - MemInfo: [malloc] Total free space:                            8519248 Byte
20220312 003704.344 INFO             PET0 PIOc_sync Enter - MemInfo: [malloc] Top-most, releasable space:                   131376 Byte
20220312 003704.344 INFO             PET0 PIOc_sync Enter - MemInfo: [malloc] Total space in use, mmap + non-mmap:        13562288 Byte
20220312 003704.344 INFO             PET0 PIOc_sync Enter - MemInfo: [malloc] Total space held (mmap + non-mmap):         22081536 Byte
20220312 003704.344 INFO             PET0 PIOc_sync Enter - MemInfo: [malloc] Total space used (mmap + non-mmap):         13570496 Byte
20220312 003704.344 INFO             PET0 PIOc_sync Enter - MemInfo: Wall-clock time since execution start:                4.85928 seconds
20220312 003704.344 INFO             PET0 PIOc_sync Exit - MemInfo: [/proc/meminfo - SSI]	MemTotal:       65855856 kB
20220312 003704.344 INFO             PET0 PIOc_sync Exit - MemInfo: [/proc/meminfo - SSI]	MemFree:        61078792 kB
20220312 003704.344 INFO             PET0 PIOc_sync Exit - MemInfo: [/proc/meminfo - SSI]	MemAvailable:   60908600 kB
20220312 003704.344 INFO             PET0 PIOc_sync Exit - MemInfo: [/proc/meminfo - SSI]	Committed_AS:    3170756 kB
20220312 003704.344 INFO             PET0 PIOc_sync Exit - MemInfo: [/proc/meminfo - SSI]	CommittedPercent: 4.81469 %
20220312 003704.344 INFO             PET0 PIOc_sync Exit - MemInfo: [/proc/self/status]	VmPeak:	  277768 kB
20220312 003704.344 INFO             PET0 PIOc_sync Exit - MemInfo: [/proc/self/status]	VmSize:	  277768 kB
20220312 003704.344 INFO             PET0 PIOc_sync Exit - MemInfo: [/proc/self/status]	VmLck:	       0 kB
20220312 003704.344 INFO             PET0 PIOc_sync Exit - MemInfo: [/proc/self/status]	VmPin:	       0 kB
20220312 003704.344 INFO             PET0 PIOc_sync Exit - MemInfo: [/proc/self/status]	VmHWM:	   46544 kB
20220312 003704.344 INFO             PET0 PIOc_sync Exit - MemInfo: [/proc/self/status]	VmRSS:	   46544 kB
20220312 003704.344 INFO             PET0 PIOc_sync Exit - MemInfo: [/proc/self/status]	VmData:	   42632 kB
20220312 003704.344 INFO             PET0 PIOc_sync Exit - MemInfo: [/proc/self/status]	VmStk:	     508 kB
20220312 003704.344 INFO             PET0 PIOc_sync Exit - MemInfo: [/proc/self/status]	VmExe:	    1960 kB
20220312 003704.344 INFO             PET0 PIOc_sync Exit - MemInfo: [/proc/self/status]	VmLib:	  133788 kB
20220312 003704.344 INFO             PET0 PIOc_sync Exit - MemInfo: [/proc/self/status]	VmPTE:	     432 kB
20220312 003704.344 INFO             PET0 PIOc_sync Exit - MemInfo: [/proc/self/status]	VmPMD:	      12 kB
20220312 003704.344 INFO             PET0 PIOc_sync Exit - MemInfo: [/proc/self/status]	VmSwap:	       0 kB
20220312 003704.344 INFO             PET0 PIOc_sync Exit - MemInfo: [/proc/self/status]	VmRSSPercent: 0.0706756 %
20220312 003704.344 INFO             PET0 PIOc_sync Exit - MemInfo: [malloc] Non-mmapped space allocated:                18722816 Byte
20220312 003704.344 INFO             PET0 PIOc_sync Exit - MemInfo: [malloc] Space allocated in mmapped regions:          3358720 Byte
20220312 003704.344 INFO             PET0 PIOc_sync Exit - MemInfo: [malloc] Maximum total allocated space:                     0 Byte
20220312 003704.344 INFO             PET0 PIOc_sync Exit - MemInfo: [malloc] Space in freed fastbin blocks:                    80 Byte
20220312 003704.344 INFO             PET0 PIOc_sync Exit - MemInfo: [malloc] Total allocated space:                      10204544 Byte
20220312 003704.344 INFO             PET0 PIOc_sync Exit - MemInfo: [malloc] Total free space:                            8518272 Byte
20220312 003704.344 INFO             PET0 PIOc_sync Exit - MemInfo: [malloc] Top-most, releasable space:                   131376 Byte
20220312 003704.344 INFO             PET0 PIOc_sync Exit - MemInfo: [malloc] Total space in use, mmap + non-mmap:        13563264 Byte
20220312 003704.344 INFO             PET0 PIOc_sync Exit - MemInfo: [malloc] Total space held (mmap + non-mmap):         22081536 Byte
20220312 003704.344 INFO             PET0 PIOc_sync Exit - MemInfo: [malloc] Total space used (mmap + non-mmap):         13571584 Byte
20220312 003704.344 INFO             PET0 PIOc_sync Exit - MemInfo: Wall-clock time since execution start:                4.85968 seconds
20220312 003704.344 INFO             PET0 PIOc_freedecomp Enter - MemInfo: [/proc/meminfo - SSI]	MemTotal:       65855856 kB
20220312 003704.344 INFO             PET0 PIOc_freedecomp Enter - MemInfo: [/proc/meminfo - SSI]	MemFree:        61078792 kB
20220312 003704.344 INFO             PET0 PIOc_freedecomp Enter - MemInfo: [/proc/meminfo - SSI]	MemAvailable:   60908600 kB
20220312 003704.344 INFO             PET0 PIOc_freedecomp Enter - MemInfo: [/proc/meminfo - SSI]	Committed_AS:    3170756 kB
20220312 003704.344 INFO             PET0 PIOc_freedecomp Enter - MemInfo: [/proc/meminfo - SSI]	CommittedPercent: 4.81469 %
20220312 003704.344 INFO             PET0 PIOc_freedecomp Enter - MemInfo: [/proc/self/status]	VmPeak:	  277768 kB
20220312 003704.344 INFO             PET0 PIOc_freedecomp Enter - MemInfo: [/proc/self/status]	VmSize:	  277768 kB
20220312 003704.344 INFO             PET0 PIOc_freedecomp Enter - MemInfo: [/proc/self/status]	VmLck:	       0 kB
20220312 003704.344 INFO             PET0 PIOc_freedecomp Enter - MemInfo: [/proc/self/status]	VmPin:	       0 kB
20220312 003704.344 INFO             PET0 PIOc_freedecomp Enter - MemInfo: [/proc/self/status]	VmHWM:	   46544 kB
20220312 003704.344 INFO             PET0 PIOc_freedecomp Enter - MemInfo: [/proc/self/status]	VmRSS:	   46544 kB
20220312 003704.344 INFO             PET0 PIOc_freedecomp Enter - MemInfo: [/proc/self/status]	VmData:	   42632 kB
20220312 003704.344 INFO             PET0 PIOc_freedecomp Enter - MemInfo: [/proc/self/status]	VmStk:	     508 kB
20220312 003704.344 INFO             PET0 PIOc_freedecomp Enter - MemInfo: [/proc/self/status]	VmExe:	    1960 kB
20220312 003704.344 INFO             PET0 PIOc_freedecomp Enter - MemInfo: [/proc/self/status]	VmLib:	  133788 kB
20220312 003704.344 INFO             PET0 PIOc_freedecomp Enter - MemInfo: [/proc/self/status]	VmPTE:	     432 kB
20220312 003704.344 INFO             PET0 PIOc_freedecomp Enter - MemInfo: [/proc/self/status]	VmPMD:	      12 kB
20220312 003704.344 INFO             PET0 PIOc_freedecomp Enter - MemInfo: [/proc/self/status]	VmSwap:	       0 kB
20220312 003704.345 INFO             PET0 PIOc_freedecomp Enter - MemInfo: [/proc/self/status]	VmRSSPercent: 0.0706756 %
20220312 003704.345 INFO             PET0 PIOc_freedecomp Enter - MemInfo: [malloc] Non-mmapped space allocated:                18722816 Byte
20220312 003704.345 INFO             PET0 PIOc_freedecomp Enter - MemInfo: [malloc] Space allocated in mmapped regions:          3358720 Byte
20220312 003704.345 INFO             PET0 PIOc_freedecomp Enter - MemInfo: [malloc] Maximum total allocated space:                     0 Byte
20220312 003704.345 INFO             PET0 PIOc_freedecomp Enter - MemInfo: [malloc] Space in freed fastbin blocks:                   272 Byte
20220312 003704.345 INFO             PET0 PIOc_freedecomp Enter - MemInfo: [malloc] Total allocated space:                       1278240 Byte
20220312 003704.345 INFO             PET0 PIOc_freedecomp Enter - MemInfo: [malloc] Total free space:                           17444576 Byte
20220312 003704.345 INFO             PET0 PIOc_freedecomp Enter - MemInfo: [malloc] Top-most, releasable space:                  8520000 Byte
20220312 003704.345 INFO             PET0 PIOc_freedecomp Enter - MemInfo: [malloc] Total space in use, mmap + non-mmap:         4636960 Byte
20220312 003704.345 INFO             PET0 PIOc_freedecomp Enter - MemInfo: [malloc] Total space held (mmap + non-mmap):         22081536 Byte
20220312 003704.345 INFO             PET0 PIOc_freedecomp Enter - MemInfo: [malloc] Total space used (mmap + non-mmap):          4645168 Byte
20220312 003704.345 INFO             PET0 PIOc_freedecomp Enter - MemInfo: Wall-clock time since execution start:                4.86018 seconds
20220312 003704.345 INFO             PET0 PIOc_freedecomp Exit - MemInfo: [/proc/meminfo - SSI]	MemTotal:       65855856 kB
20220312 003704.345 INFO             PET0 PIOc_freedecomp Exit - MemInfo: [/proc/meminfo - SSI]	MemFree:        61078792 kB
20220312 003704.345 INFO             PET0 PIOc_freedecomp Exit - MemInfo: [/proc/meminfo - SSI]	MemAvailable:   60908600 kB
20220312 003704.345 INFO             PET0 PIOc_freedecomp Exit - MemInfo: [/proc/meminfo - SSI]	Committed_AS:    3170756 kB
20220312 003704.345 INFO             PET0 PIOc_freedecomp Exit - MemInfo: [/proc/meminfo - SSI]	CommittedPercent: 4.81469 %
20220312 003704.345 INFO             PET0 PIOc_freedecomp Exit - MemInfo: [/proc/self/status]	VmPeak:	  277768 kB
20220312 003704.345 INFO             PET0 PIOc_freedecomp Exit - MemInfo: [/proc/self/status]	VmSize:	  277768 kB
20220312 003704.345 INFO             PET0 PIOc_freedecomp Exit - MemInfo: [/proc/self/status]	VmLck:	       0 kB
20220312 003704.345 INFO             PET0 PIOc_freedecomp Exit - MemInfo: [/proc/self/status]	VmPin:	       0 kB
20220312 003704.345 INFO             PET0 PIOc_freedecomp Exit - MemInfo: [/proc/self/status]	VmHWM:	   46544 kB
20220312 003704.345 INFO             PET0 PIOc_freedecomp Exit - MemInfo: [/proc/self/status]	VmRSS:	   46544 kB
20220312 003704.345 INFO             PET0 PIOc_freedecomp Exit - MemInfo: [/proc/self/status]	VmData:	   42632 kB
20220312 003704.345 INFO             PET0 PIOc_freedecomp Exit - MemInfo: [/proc/self/status]	VmStk:	     508 kB
20220312 003704.345 INFO             PET0 PIOc_freedecomp Exit - MemInfo: [/proc/self/status]	VmExe:	    1960 kB
20220312 003704.345 INFO             PET0 PIOc_freedecomp Exit - MemInfo: [/proc/self/status]	VmLib:	  133788 kB
20220312 003704.345 INFO             PET0 PIOc_freedecomp Exit - MemInfo: [/proc/self/status]	VmPTE:	     432 kB
20220312 003704.345 INFO             PET0 PIOc_freedecomp Exit - MemInfo: [/proc/self/status]	VmPMD:	      12 kB
20220312 003704.345 INFO             PET0 PIOc_freedecomp Exit - MemInfo: [/proc/self/status]	VmSwap:	       0 kB
20220312 003704.345 INFO             PET0 PIOc_freedecomp Exit - MemInfo: [/proc/self/status]	VmRSSPercent: 0.0706756 %
20220312 003704.345 INFO             PET0 PIOc_freedecomp Exit - MemInfo: [malloc] Non-mmapped space allocated:                18722816 Byte
20220312 003704.345 INFO             PET0 PIOc_freedecomp Exit - MemInfo: [malloc] Space allocated in mmapped regions:          3358720 Byte
20220312 003704.345 INFO             PET0 PIOc_freedecomp Exit - MemInfo: [malloc] Maximum total allocated space:                     0 Byte
20220312 003704.345 INFO             PET0 PIOc_freedecomp Exit - MemInfo: [malloc] Space in freed fastbin blocks:                  1568 Byte
20220312 003704.345 INFO             PET0 PIOc_freedecomp Exit - MemInfo: [malloc] Total allocated space:                       1276528 Byte
20220312 003704.345 INFO             PET0 PIOc_freedecomp Exit - MemInfo: [malloc] Total free space:                           17446288 Byte
20220312 003704.345 INFO             PET0 PIOc_freedecomp Exit - MemInfo: [malloc] Top-most, releasable space:                  8520000 Byte
20220312 003704.345 INFO             PET0 PIOc_freedecomp Exit - MemInfo: [malloc] Total space in use, mmap + non-mmap:         4635248 Byte
20220312 003704.345 INFO             PET0 PIOc_freedecomp Exit - MemInfo: [malloc] Total space held (mmap + non-mmap):         22081536 Byte
20220312 003704.345 INFO             PET0 PIOc_freedecomp Exit - MemInfo: [malloc] Total space used (mmap + non-mmap):          4643456 Byte
20220312 003704.345 INFO             PET0 PIOc_freedecomp Exit - MemInfo: Wall-clock time since execution start:                 4.8605 seconds
20220312 003704.356 INFO             PET0  NUMBER_OF_PROCESSORS           4
20220312 003704.356 INFO             PET0  PASS  Example ESMF_RHandleBitForBitEx, ESMF_RHandleBitForBitEx.F90, line 1557
20220312 003704.356 INFO             PET0 Finalizing ESMF
20220312 003659.506 INFO             PET1 !!!!!!!!!!!!!!!!!!!!!!!!!!!!!!!!!!!!!!!!!!!!!!!!!!!!!!
20220312 003659.506 INFO             PET1 !!! THE ESMF_LOG IS SET TO OUTPUT ALL LOG MESSAGES !!!
20220312 003659.506 INFO             PET1 !!!     THIS MAY CAUSE SLOWDOWN IN PERFORMANCE     !!!
20220312 003659.506 INFO             PET1 !!! FOR PRODUCTION RUNS, USE:                      !!!
20220312 003659.507 INFO             PET1 !!!                   ESMF_LOGKIND_Multi_On_Error  !!!
20220312 003659.507 INFO             PET1 !!!!!!!!!!!!!!!!!!!!!!!!!!!!!!!!!!!!!!!!!!!!!!!!!!!!!!
20220312 003659.507 INFO             PET1 Running with ESMF Version   : v8.3.0b09-96-g559b459836
20220312 003659.507 INFO             PET1 ESMF library build date/time: "Mar 11 2022" "23:55:33"
20220312 003659.507 INFO             PET1 ESMF library build location : /lustre/f2/dev/ncep/Mark.Potts/intel_2019.5_mpi_g_jedwards_pio_update2
20220312 003659.507 INFO             PET1 ESMF_COMM                   : mpi
20220312 003659.508 INFO             PET1 ESMF_MOAB                   : enabled
20220312 003659.508 INFO             PET1 ESMF_LAPACK                 : enabled
20220312 003659.508 INFO             PET1 ESMF_NETCDF                 : enabled
20220312 003659.508 INFO             PET1 ESMF_PNETCDF                : disabled
20220312 003659.508 INFO             PET1 ESMF_PIO                    : enabled
20220312 003659.508 INFO             PET1 ESMF_YAMLCPP                : enabled
20220312 003659.520 INFO             PET1 PIOc_sync Enter - MemInfo: [/proc/meminfo - SSI]	MemTotal:       65855856 kB
20220312 003659.520 INFO             PET1 PIOc_sync Enter - MemInfo: [/proc/meminfo - SSI]	MemFree:        61068476 kB
20220312 003659.520 INFO             PET1 PIOc_sync Enter - MemInfo: [/proc/meminfo - SSI]	MemAvailable:   60896412 kB
20220312 003659.520 INFO             PET1 PIOc_sync Enter - MemInfo: [/proc/meminfo - SSI]	Committed_AS:    3162132 kB
20220312 003659.520 INFO             PET1 PIOc_sync Enter - MemInfo: [/proc/meminfo - SSI]	CommittedPercent: 4.8016 %
20220312 003659.520 INFO             PET1 PIOc_sync Enter - MemInfo: [/proc/self/status]	VmPeak:	  260244 kB
20220312 003659.520 INFO             PET1 PIOc_sync Enter - MemInfo: [/proc/self/status]	VmSize:	  260124 kB
20220312 003659.520 INFO             PET1 PIOc_sync Enter - MemInfo: [/proc/self/status]	VmLck:	       0 kB
20220312 003659.520 INFO             PET1 PIOc_sync Enter - MemInfo: [/proc/self/status]	VmPin:	       0 kB
20220312 003659.520 INFO             PET1 PIOc_sync Enter - MemInfo: [/proc/self/status]	VmHWM:	   35656 kB
20220312 003659.520 INFO             PET1 PIOc_sync Enter - MemInfo: [/proc/self/status]	VmRSS:	   35656 kB
20220312 003659.520 INFO             PET1 PIOc_sync Enter - MemInfo: [/proc/self/status]	VmData:	   24952 kB
20220312 003659.520 INFO             PET1 PIOc_sync Enter - MemInfo: [/proc/self/status]	VmStk:	     508 kB
20220312 003659.520 INFO             PET1 PIOc_sync Enter - MemInfo: [/proc/self/status]	VmExe:	    1960 kB
20220312 003659.520 INFO             PET1 PIOc_sync Enter - MemInfo: [/proc/self/status]	VmLib:	  133788 kB
20220312 003659.520 INFO             PET1 PIOc_sync Enter - MemInfo: [/proc/self/status]	VmPTE:	     388 kB
20220312 003659.520 INFO             PET1 PIOc_sync Enter - MemInfo: [/proc/self/status]	VmPMD:	      12 kB
20220312 003659.520 INFO             PET1 PIOc_sync Enter - MemInfo: [/proc/self/status]	VmSwap:	       0 kB
20220312 003659.520 INFO             PET1 PIOc_sync Enter - MemInfo: [/proc/self/status]	VmRSSPercent: 0.0541425 %
20220312 003659.520 INFO             PET1 PIOc_sync Enter - MemInfo: [malloc] Non-mmapped space allocated:                  950272 Byte
20220312 003659.520 INFO             PET1 PIOc_sync Enter - MemInfo: [malloc] Space allocated in mmapped regions:          3026944 Byte
20220312 003659.520 INFO             PET1 PIOc_sync Enter - MemInfo: [malloc] Maximum total allocated space:                     0 Byte
20220312 003659.520 INFO             PET1 PIOc_sync Enter - MemInfo: [malloc] Space in freed fastbin blocks:                     0 Byte
20220312 003659.520 INFO             PET1 PIOc_sync Enter - MemInfo: [malloc] Total allocated space:                        839936 Byte
20220312 003659.520 INFO             PET1 PIOc_sync Enter - MemInfo: [malloc] Total free space:                             110336 Byte
20220312 003659.520 INFO             PET1 PIOc_sync Enter - MemInfo: [malloc] Top-most, releasable space:                   110336 Byte
20220312 003659.520 INFO             PET1 PIOc_sync Enter - MemInfo: [malloc] Total space in use, mmap + non-mmap:         3866880 Byte
20220312 003659.520 INFO             PET1 PIOc_sync Enter - MemInfo: [malloc] Total space held (mmap + non-mmap):          3977216 Byte
20220312 003659.520 INFO             PET1 PIOc_sync Enter - MemInfo: [malloc] Total space used (mmap + non-mmap):          3876576 Byte
20220312 003659.520 INFO             PET1 PIOc_sync Enter - MemInfo: Wall-clock time since execution start:              0.0356798 seconds
20220312 003704.331 INFO             PET1 PIOc_sync Exit - MemInfo: [/proc/meminfo - SSI]	MemTotal:       65855856 kB
20220312 003704.331 INFO             PET1 PIOc_sync Exit - MemInfo: [/proc/meminfo - SSI]	MemFree:        61080304 kB
20220312 003704.331 INFO             PET1 PIOc_sync Exit - MemInfo: [/proc/meminfo - SSI]	MemAvailable:   60910112 kB
20220312 003704.331 INFO             PET1 PIOc_sync Exit - MemInfo: [/proc/meminfo - SSI]	Committed_AS:    3162132 kB
20220312 003704.331 INFO             PET1 PIOc_sync Exit - MemInfo: [/proc/meminfo - SSI]	CommittedPercent: 4.8016 %
20220312 003704.331 INFO             PET1 PIOc_sync Exit - MemInfo: [/proc/self/status]	VmPeak:	  260244 kB
20220312 003704.331 INFO             PET1 PIOc_sync Exit - MemInfo: [/proc/self/status]	VmSize:	  260124 kB
20220312 003704.331 INFO             PET1 PIOc_sync Exit - MemInfo: [/proc/self/status]	VmLck:	       0 kB
20220312 003704.331 INFO             PET1 PIOc_sync Exit - MemInfo: [/proc/self/status]	VmPin:	       0 kB
20220312 003704.331 INFO             PET1 PIOc_sync Exit - MemInfo: [/proc/self/status]	VmHWM:	   35656 kB
20220312 003704.332 INFO             PET1 PIOc_sync Exit - MemInfo: [/proc/self/status]	VmRSS:	   35656 kB
20220312 003704.332 INFO             PET1 PIOc_sync Exit - MemInfo: [/proc/self/status]	VmData:	   24952 kB
20220312 003704.332 INFO             PET1 PIOc_sync Exit - MemInfo: [/proc/self/status]	VmStk:	     508 kB
20220312 003704.332 INFO             PET1 PIOc_sync Exit - MemInfo: [/proc/self/status]	VmExe:	    1960 kB
20220312 003704.332 INFO             PET1 PIOc_sync Exit - MemInfo: [/proc/self/status]	VmLib:	  133788 kB
20220312 003704.332 INFO             PET1 PIOc_sync Exit - MemInfo: [/proc/self/status]	VmPTE:	     388 kB
20220312 003704.332 INFO             PET1 PIOc_sync Exit - MemInfo: [/proc/self/status]	VmPMD:	      12 kB
20220312 003704.332 INFO             PET1 PIOc_sync Exit - MemInfo: [/proc/self/status]	VmSwap:	       0 kB
20220312 003704.332 INFO             PET1 PIOc_sync Exit - MemInfo: [/proc/self/status]	VmRSSPercent: 0.0541425 %
20220312 003704.332 INFO             PET1 PIOc_sync Exit - MemInfo: [malloc] Non-mmapped space allocated:                  950272 Byte
20220312 003704.332 INFO             PET1 PIOc_sync Exit - MemInfo: [malloc] Space allocated in mmapped regions:          3026944 Byte
20220312 003704.332 INFO             PET1 PIOc_sync Exit - MemInfo: [malloc] Maximum total allocated space:                     0 Byte
20220312 003704.332 INFO             PET1 PIOc_sync Exit - MemInfo: [malloc] Space in freed fastbin blocks:                     0 Byte
20220312 003704.332 INFO             PET1 PIOc_sync Exit - MemInfo: [malloc] Total allocated space:                        842464 Byte
20220312 003704.332 INFO             PET1 PIOc_sync Exit - MemInfo: [malloc] Total free space:                             107808 Byte
20220312 003704.332 INFO             PET1 PIOc_sync Exit - MemInfo: [malloc] Top-most, releasable space:                   107808 Byte
20220312 003704.332 INFO             PET1 PIOc_sync Exit - MemInfo: [malloc] Total space in use, mmap + non-mmap:         3869408 Byte
20220312 003704.332 INFO             PET1 PIOc_sync Exit - MemInfo: [malloc] Total space held (mmap + non-mmap):          3977216 Byte
20220312 003704.332 INFO             PET1 PIOc_sync Exit - MemInfo: [malloc] Total space used (mmap + non-mmap):          3877952 Byte
20220312 003704.332 INFO             PET1 PIOc_sync Exit - MemInfo: Wall-clock time since execution start:                4.84705 seconds
20220312 003704.332 INFO             PET1 PIOc_freedecomp Enter - MemInfo: [/proc/meminfo - SSI]	MemTotal:       65855856 kB
20220312 003704.332 INFO             PET1 PIOc_freedecomp Enter - MemInfo: [/proc/meminfo - SSI]	MemFree:        61087360 kB
20220312 003704.332 INFO             PET1 PIOc_freedecomp Enter - MemInfo: [/proc/meminfo - SSI]	MemAvailable:   60917168 kB
20220312 003704.332 INFO             PET1 PIOc_freedecomp Enter - MemInfo: [/proc/meminfo - SSI]	Committed_AS:    3154264 kB
20220312 003704.332 INFO             PET1 PIOc_freedecomp Enter - MemInfo: [/proc/meminfo - SSI]	CommittedPercent: 4.78965 %
20220312 003704.332 INFO             PET1 PIOc_freedecomp Enter - MemInfo: [/proc/self/status]	VmPeak:	  260244 kB
20220312 003704.332 INFO             PET1 PIOc_freedecomp Enter - MemInfo: [/proc/self/status]	VmSize:	  260124 kB
20220312 003704.332 INFO             PET1 PIOc_freedecomp Enter - MemInfo: [/proc/self/status]	VmLck:	       0 kB
20220312 003704.332 INFO             PET1 PIOc_freedecomp Enter - MemInfo: [/proc/self/status]	VmPin:	       0 kB
20220312 003704.332 INFO             PET1 PIOc_freedecomp Enter - MemInfo: [/proc/self/status]	VmHWM:	   35656 kB
20220312 003704.332 INFO             PET1 PIOc_freedecomp Enter - MemInfo: [/proc/self/status]	VmRSS:	   35656 kB
20220312 003704.332 INFO             PET1 PIOc_freedecomp Enter - MemInfo: [/proc/self/status]	VmData:	   24952 kB
20220312 003704.332 INFO             PET1 PIOc_freedecomp Enter - MemInfo: [/proc/self/status]	VmStk:	     508 kB
20220312 003704.332 INFO             PET1 PIOc_freedecomp Enter - MemInfo: [/proc/self/status]	VmExe:	    1960 kB
20220312 003704.332 INFO             PET1 PIOc_freedecomp Enter - MemInfo: [/proc/self/status]	VmLib:	  133788 kB
20220312 003704.332 INFO             PET1 PIOc_freedecomp Enter - MemInfo: [/proc/self/status]	VmPTE:	     388 kB
20220312 003704.332 INFO             PET1 PIOc_freedecomp Enter - MemInfo: [/proc/self/status]	VmPMD:	      12 kB
20220312 003704.332 INFO             PET1 PIOc_freedecomp Enter - MemInfo: [/proc/self/status]	VmSwap:	       0 kB
20220312 003704.332 INFO             PET1 PIOc_freedecomp Enter - MemInfo: [/proc/self/status]	VmRSSPercent: 0.0541425 %
20220312 003704.332 INFO             PET1 PIOc_freedecomp Enter - MemInfo: [malloc] Non-mmapped space allocated:                  950272 Byte
20220312 003704.332 INFO             PET1 PIOc_freedecomp Enter - MemInfo: [malloc] Space allocated in mmapped regions:          3026944 Byte
20220312 003704.332 INFO             PET1 PIOc_freedecomp Enter - MemInfo: [malloc] Maximum total allocated space:                     0 Byte
20220312 003704.332 INFO             PET1 PIOc_freedecomp Enter - MemInfo: [malloc] Space in freed fastbin blocks:                     0 Byte
20220312 003704.332 INFO             PET1 PIOc_freedecomp Enter - MemInfo: [malloc] Total allocated space:                        843232 Byte
20220312 003704.332 INFO             PET1 PIOc_freedecomp Enter - MemInfo: [malloc] Total free space:                             107040 Byte
20220312 003704.332 INFO             PET1 PIOc_freedecomp Enter - MemInfo: [malloc] Top-most, releasable space:                   107040 Byte
20220312 003704.332 INFO             PET1 PIOc_freedecomp Enter - MemInfo: [malloc] Total space in use, mmap + non-mmap:         3870176 Byte
20220312 003704.332 INFO             PET1 PIOc_freedecomp Enter - MemInfo: [malloc] Total space held (mmap + non-mmap):          3977216 Byte
20220312 003704.332 INFO             PET1 PIOc_freedecomp Enter - MemInfo: [malloc] Total space used (mmap + non-mmap):          3878752 Byte
20220312 003704.332 INFO             PET1 PIOc_freedecomp Enter - MemInfo: Wall-clock time since execution start:                4.84782 seconds
20220312 003704.333 INFO             PET1 PIOc_freedecomp Exit - MemInfo: [/proc/meminfo - SSI]	MemTotal:       65855856 kB
20220312 003704.333 INFO             PET1 PIOc_freedecomp Exit - MemInfo: [/proc/meminfo - SSI]	MemFree:        61087360 kB
20220312 003704.333 INFO             PET1 PIOc_freedecomp Exit - MemInfo: [/proc/meminfo - SSI]	MemAvailable:   60917168 kB
20220312 003704.333 INFO             PET1 PIOc_freedecomp Exit - MemInfo: [/proc/meminfo - SSI]	Committed_AS:    3154264 kB
20220312 003704.333 INFO             PET1 PIOc_freedecomp Exit - MemInfo: [/proc/meminfo - SSI]	CommittedPercent: 4.78965 %
20220312 003704.333 INFO             PET1 PIOc_freedecomp Exit - MemInfo: [/proc/self/status]	VmPeak:	  260244 kB
20220312 003704.333 INFO             PET1 PIOc_freedecomp Exit - MemInfo: [/proc/self/status]	VmSize:	  260124 kB
20220312 003704.333 INFO             PET1 PIOc_freedecomp Exit - MemInfo: [/proc/self/status]	VmLck:	       0 kB
20220312 003704.333 INFO             PET1 PIOc_freedecomp Exit - MemInfo: [/proc/self/status]	VmPin:	       0 kB
20220312 003704.333 INFO             PET1 PIOc_freedecomp Exit - MemInfo: [/proc/self/status]	VmHWM:	   35656 kB
20220312 003704.333 INFO             PET1 PIOc_freedecomp Exit - MemInfo: [/proc/self/status]	VmRSS:	   35656 kB
20220312 003704.333 INFO             PET1 PIOc_freedecomp Exit - MemInfo: [/proc/self/status]	VmData:	   24952 kB
20220312 003704.333 INFO             PET1 PIOc_freedecomp Exit - MemInfo: [/proc/self/status]	VmStk:	     508 kB
20220312 003704.333 INFO             PET1 PIOc_freedecomp Exit - MemInfo: [/proc/self/status]	VmExe:	    1960 kB
20220312 003704.333 INFO             PET1 PIOc_freedecomp Exit - MemInfo: [/proc/self/status]	VmLib:	  133788 kB
20220312 003704.333 INFO             PET1 PIOc_freedecomp Exit - MemInfo: [/proc/self/status]	VmPTE:	     388 kB
20220312 003704.333 INFO             PET1 PIOc_freedecomp Exit - MemInfo: [/proc/self/status]	VmPMD:	      12 kB
20220312 003704.333 INFO             PET1 PIOc_freedecomp Exit - MemInfo: [/proc/self/status]	VmSwap:	       0 kB
20220312 003704.333 INFO             PET1 PIOc_freedecomp Exit - MemInfo: [/proc/self/status]	VmRSSPercent: 0.0541425 %
20220312 003704.333 INFO             PET1 PIOc_freedecomp Exit - MemInfo: [malloc] Non-mmapped space allocated:                  950272 Byte
20220312 003704.333 INFO             PET1 PIOc_freedecomp Exit - MemInfo: [malloc] Space allocated in mmapped regions:          3026944 Byte
20220312 003704.333 INFO             PET1 PIOc_freedecomp Exit - MemInfo: [malloc] Maximum total allocated space:                     0 Byte
20220312 003704.333 INFO             PET1 PIOc_freedecomp Exit - MemInfo: [malloc] Space in freed fastbin blocks:                   112 Byte
20220312 003704.333 INFO             PET1 PIOc_freedecomp Exit - MemInfo: [malloc] Total allocated space:                        843968 Byte
20220312 003704.333 INFO             PET1 PIOc_freedecomp Exit - MemInfo: [malloc] Total free space:                             106304 Byte
20220312 003704.333 INFO             PET1 PIOc_freedecomp Exit - MemInfo: [malloc] Top-most, releasable space:                   106192 Byte
20220312 003704.333 INFO             PET1 PIOc_freedecomp Exit - MemInfo: [malloc] Total space in use, mmap + non-mmap:         3870912 Byte
20220312 003704.333 INFO             PET1 PIOc_freedecomp Exit - MemInfo: [malloc] Total space held (mmap + non-mmap):          3977216 Byte
20220312 003704.333 INFO             PET1 PIOc_freedecomp Exit - MemInfo: [malloc] Total space used (mmap + non-mmap):          3879456 Byte
20220312 003704.333 INFO             PET1 PIOc_freedecomp Exit - MemInfo: Wall-clock time since execution start:                4.84818 seconds
20220312 003704.336 INFO             PET1 PIOc_sync Enter - MemInfo: [/proc/meminfo - SSI]	MemTotal:       65855856 kB
20220312 003704.336 INFO             PET1 PIOc_sync Enter - MemInfo: [/proc/meminfo - SSI]	MemFree:        61084336 kB
20220312 003704.336 INFO             PET1 PIOc_sync Enter - MemInfo: [/proc/meminfo - SSI]	MemAvailable:   60914144 kB
20220312 003704.336 INFO             PET1 PIOc_sync Enter - MemInfo: [/proc/meminfo - SSI]	Committed_AS:    3162552 kB
20220312 003704.336 INFO             PET1 PIOc_sync Enter - MemInfo: [/proc/meminfo - SSI]	CommittedPercent: 4.80223 %
20220312 003704.336 INFO             PET1 PIOc_sync Enter - MemInfo: [/proc/self/status]	VmPeak:	  260244 kB
20220312 003704.336 INFO             PET1 PIOc_sync Enter - MemInfo: [/proc/self/status]	VmSize:	  260124 kB
20220312 003704.336 INFO             PET1 PIOc_sync Enter - MemInfo: [/proc/self/status]	VmLck:	       0 kB
20220312 003704.336 INFO             PET1 PIOc_sync Enter - MemInfo: [/proc/self/status]	VmPin:	       0 kB
20220312 003704.336 INFO             PET1 PIOc_sync Enter - MemInfo: [/proc/self/status]	VmHWM:	   35856 kB
20220312 003704.336 INFO             PET1 PIOc_sync Enter - MemInfo: [/proc/self/status]	VmRSS:	   35840 kB
20220312 003704.336 INFO             PET1 PIOc_sync Enter - MemInfo: [/proc/self/status]	VmData:	   24952 kB
20220312 003704.336 INFO             PET1 PIOc_sync Enter - MemInfo: [/proc/self/status]	VmStk:	     508 kB
20220312 003704.336 INFO             PET1 PIOc_sync Enter - MemInfo: [/proc/self/status]	VmExe:	    1960 kB
20220312 003704.336 INFO             PET1 PIOc_sync Enter - MemInfo: [/proc/self/status]	VmLib:	  133788 kB
20220312 003704.336 INFO             PET1 PIOc_sync Enter - MemInfo: [/proc/self/status]	VmPTE:	     388 kB
20220312 003704.336 INFO             PET1 PIOc_sync Enter - MemInfo: [/proc/self/status]	VmPMD:	      12 kB
20220312 003704.336 INFO             PET1 PIOc_sync Enter - MemInfo: [/proc/self/status]	VmSwap:	       0 kB
20220312 003704.336 INFO             PET1 PIOc_sync Enter - MemInfo: [/proc/self/status]	VmRSSPercent: 0.0544219 %
20220312 003704.336 INFO             PET1 PIOc_sync Enter - MemInfo: [malloc] Non-mmapped space allocated:                  950272 Byte
20220312 003704.336 INFO             PET1 PIOc_sync Enter - MemInfo: [malloc] Space allocated in mmapped regions:          3026944 Byte
20220312 003704.336 INFO             PET1 PIOc_sync Enter - MemInfo: [malloc] Maximum total allocated space:                     0 Byte
20220312 003704.336 INFO             PET1 PIOc_sync Enter - MemInfo: [malloc] Space in freed fastbin blocks:                    32 Byte
20220312 003704.336 INFO             PET1 PIOc_sync Enter - MemInfo: [malloc] Total allocated space:                        845920 Byte
20220312 003704.336 INFO             PET1 PIOc_sync Enter - MemInfo: [malloc] Total free space:                             104352 Byte
20220312 003704.336 INFO             PET1 PIOc_sync Enter - MemInfo: [malloc] Top-most, releasable space:                   103744 Byte
20220312 003704.336 INFO             PET1 PIOc_sync Enter - MemInfo: [malloc] Total space in use, mmap + non-mmap:         3872864 Byte
20220312 003704.336 INFO             PET1 PIOc_sync Enter - MemInfo: [malloc] Total space held (mmap + non-mmap):          3977216 Byte
20220312 003704.336 INFO             PET1 PIOc_sync Enter - MemInfo: [malloc] Total space used (mmap + non-mmap):          3881072 Byte
20220312 003704.336 INFO             PET1 PIOc_sync Enter - MemInfo: Wall-clock time since execution start:                4.85188 seconds
20220312 003704.337 INFO             PET1 PIOc_sync Exit - MemInfo: [/proc/meminfo - SSI]	MemTotal:       65855856 kB
20220312 003704.337 INFO             PET1 PIOc_sync Exit - MemInfo: [/proc/meminfo - SSI]	MemFree:        61084336 kB
20220312 003704.337 INFO             PET1 PIOc_sync Exit - MemInfo: [/proc/meminfo - SSI]	MemAvailable:   60914144 kB
20220312 003704.337 INFO             PET1 PIOc_sync Exit - MemInfo: [/proc/meminfo - SSI]	Committed_AS:    3162552 kB
20220312 003704.337 INFO             PET1 PIOc_sync Exit - MemInfo: [/proc/meminfo - SSI]	CommittedPercent: 4.80223 %
20220312 003704.337 INFO             PET1 PIOc_sync Exit - MemInfo: [/proc/self/status]	VmPeak:	  260244 kB
20220312 003704.337 INFO             PET1 PIOc_sync Exit - MemInfo: [/proc/self/status]	VmSize:	  260124 kB
20220312 003704.337 INFO             PET1 PIOc_sync Exit - MemInfo: [/proc/self/status]	VmLck:	       0 kB
20220312 003704.337 INFO             PET1 PIOc_sync Exit - MemInfo: [/proc/self/status]	VmPin:	       0 kB
20220312 003704.337 INFO             PET1 PIOc_sync Exit - MemInfo: [/proc/self/status]	VmHWM:	   35856 kB
20220312 003704.337 INFO             PET1 PIOc_sync Exit - MemInfo: [/proc/self/status]	VmRSS:	   35840 kB
20220312 003704.337 INFO             PET1 PIOc_sync Exit - MemInfo: [/proc/self/status]	VmData:	   24952 kB
20220312 003704.337 INFO             PET1 PIOc_sync Exit - MemInfo: [/proc/self/status]	VmStk:	     508 kB
20220312 003704.337 INFO             PET1 PIOc_sync Exit - MemInfo: [/proc/self/status]	VmExe:	    1960 kB
20220312 003704.337 INFO             PET1 PIOc_sync Exit - MemInfo: [/proc/self/status]	VmLib:	  133788 kB
20220312 003704.337 INFO             PET1 PIOc_sync Exit - MemInfo: [/proc/self/status]	VmPTE:	     388 kB
20220312 003704.337 INFO             PET1 PIOc_sync Exit - MemInfo: [/proc/self/status]	VmPMD:	      12 kB
20220312 003704.337 INFO             PET1 PIOc_sync Exit - MemInfo: [/proc/self/status]	VmSwap:	       0 kB
20220312 003704.337 INFO             PET1 PIOc_sync Exit - MemInfo: [/proc/self/status]	VmRSSPercent: 0.0544219 %
20220312 003704.337 INFO             PET1 PIOc_sync Exit - MemInfo: [malloc] Non-mmapped space allocated:                  950272 Byte
20220312 003704.337 INFO             PET1 PIOc_sync Exit - MemInfo: [malloc] Space allocated in mmapped regions:          3026944 Byte
20220312 003704.337 INFO             PET1 PIOc_sync Exit - MemInfo: [malloc] Maximum total allocated space:                     0 Byte
20220312 003704.337 INFO             PET1 PIOc_sync Exit - MemInfo: [malloc] Space in freed fastbin blocks:                     0 Byte
20220312 003704.337 INFO             PET1 PIOc_sync Exit - MemInfo: [malloc] Total allocated space:                        846384 Byte
20220312 003704.337 INFO             PET1 PIOc_sync Exit - MemInfo: [malloc] Total free space:                             103888 Byte
20220312 003704.337 INFO             PET1 PIOc_sync Exit - MemInfo: [malloc] Top-most, releasable space:                   103520 Byte
20220312 003704.337 INFO             PET1 PIOc_sync Exit - MemInfo: [malloc] Total space in use, mmap + non-mmap:         3873328 Byte
20220312 003704.337 INFO             PET1 PIOc_sync Exit - MemInfo: [malloc] Total space held (mmap + non-mmap):          3977216 Byte
20220312 003704.337 INFO             PET1 PIOc_sync Exit - MemInfo: [malloc] Total space used (mmap + non-mmap):          3881536 Byte
20220312 003704.337 INFO             PET1 PIOc_sync Exit - MemInfo: Wall-clock time since execution start:                4.85229 seconds
20220312 003704.337 INFO             PET1 PIOc_freedecomp Enter - MemInfo: [/proc/meminfo - SSI]	MemTotal:       65855856 kB
20220312 003704.337 INFO             PET1 PIOc_freedecomp Enter - MemInfo: [/proc/meminfo - SSI]	MemFree:        61084336 kB
20220312 003704.337 INFO             PET1 PIOc_freedecomp Enter - MemInfo: [/proc/meminfo - SSI]	MemAvailable:   60914144 kB
20220312 003704.337 INFO             PET1 PIOc_freedecomp Enter - MemInfo: [/proc/meminfo - SSI]	Committed_AS:    3162552 kB
20220312 003704.337 INFO             PET1 PIOc_freedecomp Enter - MemInfo: [/proc/meminfo - SSI]	CommittedPercent: 4.80223 %
20220312 003704.337 INFO             PET1 PIOc_freedecomp Enter - MemInfo: [/proc/self/status]	VmPeak:	  260244 kB
20220312 003704.337 INFO             PET1 PIOc_freedecomp Enter - MemInfo: [/proc/self/status]	VmSize:	  260124 kB
20220312 003704.337 INFO             PET1 PIOc_freedecomp Enter - MemInfo: [/proc/self/status]	VmLck:	       0 kB
20220312 003704.337 INFO             PET1 PIOc_freedecomp Enter - MemInfo: [/proc/self/status]	VmPin:	       0 kB
20220312 003704.337 INFO             PET1 PIOc_freedecomp Enter - MemInfo: [/proc/self/status]	VmHWM:	   35856 kB
20220312 003704.337 INFO             PET1 PIOc_freedecomp Enter - MemInfo: [/proc/self/status]	VmRSS:	   35840 kB
20220312 003704.337 INFO             PET1 PIOc_freedecomp Enter - MemInfo: [/proc/self/status]	VmData:	   24952 kB
20220312 003704.337 INFO             PET1 PIOc_freedecomp Enter - MemInfo: [/proc/self/status]	VmStk:	     508 kB
20220312 003704.337 INFO             PET1 PIOc_freedecomp Enter - MemInfo: [/proc/self/status]	VmExe:	    1960 kB
20220312 003704.337 INFO             PET1 PIOc_freedecomp Enter - MemInfo: [/proc/self/status]	VmLib:	  133788 kB
20220312 003704.337 INFO             PET1 PIOc_freedecomp Enter - MemInfo: [/proc/self/status]	VmPTE:	     388 kB
20220312 003704.337 INFO             PET1 PIOc_freedecomp Enter - MemInfo: [/proc/self/status]	VmPMD:	      12 kB
20220312 003704.337 INFO             PET1 PIOc_freedecomp Enter - MemInfo: [/proc/self/status]	VmSwap:	       0 kB
20220312 003704.337 INFO             PET1 PIOc_freedecomp Enter - MemInfo: [/proc/self/status]	VmRSSPercent: 0.0544219 %
20220312 003704.337 INFO             PET1 PIOc_freedecomp Enter - MemInfo: [malloc] Non-mmapped space allocated:                  950272 Byte
20220312 003704.337 INFO             PET1 PIOc_freedecomp Enter - MemInfo: [malloc] Space allocated in mmapped regions:          3026944 Byte
20220312 003704.337 INFO             PET1 PIOc_freedecomp Enter - MemInfo: [malloc] Maximum total allocated space:                     0 Byte
20220312 003704.337 INFO             PET1 PIOc_freedecomp Enter - MemInfo: [malloc] Space in freed fastbin blocks:                     0 Byte
20220312 003704.337 INFO             PET1 PIOc_freedecomp Enter - MemInfo: [malloc] Total allocated space:                        846608 Byte
20220312 003704.337 INFO             PET1 PIOc_freedecomp Enter - MemInfo: [malloc] Total free space:                             103664 Byte
20220312 003704.337 INFO             PET1 PIOc_freedecomp Enter - MemInfo: [malloc] Top-most, releasable space:                   103296 Byte
20220312 003704.337 INFO             PET1 PIOc_freedecomp Enter - MemInfo: [malloc] Total space in use, mmap + non-mmap:         3873552 Byte
20220312 003704.337 INFO             PET1 PIOc_freedecomp Enter - MemInfo: [malloc] Total space held (mmap + non-mmap):          3977216 Byte
20220312 003704.337 INFO             PET1 PIOc_freedecomp Enter - MemInfo: [malloc] Total space used (mmap + non-mmap):          3881760 Byte
20220312 003704.337 INFO             PET1 PIOc_freedecomp Enter - MemInfo: Wall-clock time since execution start:                4.85276 seconds
20220312 003704.337 INFO             PET1 PIOc_freedecomp Exit - MemInfo: [/proc/meminfo - SSI]	MemTotal:       65855856 kB
20220312 003704.337 INFO             PET1 PIOc_freedecomp Exit - MemInfo: [/proc/meminfo - SSI]	MemFree:        61084336 kB
20220312 003704.337 INFO             PET1 PIOc_freedecomp Exit - MemInfo: [/proc/meminfo - SSI]	MemAvailable:   60914144 kB
20220312 003704.337 INFO             PET1 PIOc_freedecomp Exit - MemInfo: [/proc/meminfo - SSI]	Committed_AS:    3162552 kB
20220312 003704.337 INFO             PET1 PIOc_freedecomp Exit - MemInfo: [/proc/meminfo - SSI]	CommittedPercent: 4.80223 %
20220312 003704.337 INFO             PET1 PIOc_freedecomp Exit - MemInfo: [/proc/self/status]	VmPeak:	  260244 kB
20220312 003704.337 INFO             PET1 PIOc_freedecomp Exit - MemInfo: [/proc/self/status]	VmSize:	  260124 kB
20220312 003704.337 INFO             PET1 PIOc_freedecomp Exit - MemInfo: [/proc/self/status]	VmLck:	       0 kB
20220312 003704.337 INFO             PET1 PIOc_freedecomp Exit - MemInfo: [/proc/self/status]	VmPin:	       0 kB
20220312 003704.338 INFO             PET1 PIOc_freedecomp Exit - MemInfo: [/proc/self/status]	VmHWM:	   35856 kB
20220312 003704.338 INFO             PET1 PIOc_freedecomp Exit - MemInfo: [/proc/self/status]	VmRSS:	   35840 kB
20220312 003704.338 INFO             PET1 PIOc_freedecomp Exit - MemInfo: [/proc/self/status]	VmData:	   24952 kB
20220312 003704.338 INFO             PET1 PIOc_freedecomp Exit - MemInfo: [/proc/self/status]	VmStk:	     508 kB
20220312 003704.338 INFO             PET1 PIOc_freedecomp Exit - MemInfo: [/proc/self/status]	VmExe:	    1960 kB
20220312 003704.338 INFO             PET1 PIOc_freedecomp Exit - MemInfo: [/proc/self/status]	VmLib:	  133788 kB
20220312 003704.338 INFO             PET1 PIOc_freedecomp Exit - MemInfo: [/proc/self/status]	VmPTE:	     388 kB
20220312 003704.338 INFO             PET1 PIOc_freedecomp Exit - MemInfo: [/proc/self/status]	VmPMD:	      12 kB
20220312 003704.338 INFO             PET1 PIOc_freedecomp Exit - MemInfo: [/proc/self/status]	VmSwap:	       0 kB
20220312 003704.338 INFO             PET1 PIOc_freedecomp Exit - MemInfo: [/proc/self/status]	VmRSSPercent: 0.0544219 %
20220312 003704.338 INFO             PET1 PIOc_freedecomp Exit - MemInfo: [malloc] Non-mmapped space allocated:                  950272 Byte
20220312 003704.338 INFO             PET1 PIOc_freedecomp Exit - MemInfo: [malloc] Space allocated in mmapped regions:          3026944 Byte
20220312 003704.338 INFO             PET1 PIOc_freedecomp Exit - MemInfo: [malloc] Maximum total allocated space:                     0 Byte
20220312 003704.338 INFO             PET1 PIOc_freedecomp Exit - MemInfo: [malloc] Space in freed fastbin blocks:                   416 Byte
20220312 003704.338 INFO             PET1 PIOc_freedecomp Exit - MemInfo: [malloc] Total allocated space:                        846192 Byte
20220312 003704.338 INFO             PET1 PIOc_freedecomp Exit - MemInfo: [malloc] Total free space:                             104080 Byte
20220312 003704.338 INFO             PET1 PIOc_freedecomp Exit - MemInfo: [malloc] Top-most, releasable space:                   103072 Byte
20220312 003704.338 INFO             PET1 PIOc_freedecomp Exit - MemInfo: [malloc] Total space in use, mmap + non-mmap:         3873136 Byte
20220312 003704.338 INFO             PET1 PIOc_freedecomp Exit - MemInfo: [malloc] Total space held (mmap + non-mmap):          3977216 Byte
20220312 003704.338 INFO             PET1 PIOc_freedecomp Exit - MemInfo: [malloc] Total space used (mmap + non-mmap):          3881344 Byte
20220312 003704.338 INFO             PET1 PIOc_freedecomp Exit - MemInfo: Wall-clock time since execution start:                4.85311 seconds
20220312 003704.339 INFO             PET1 PIOc_sync Enter - MemInfo: [/proc/meminfo - SSI]	MemTotal:       65855856 kB
20220312 003704.339 INFO             PET1 PIOc_sync Enter - MemInfo: [/proc/meminfo - SSI]	MemFree:        61083832 kB
20220312 003704.339 INFO             PET1 PIOc_sync Enter - MemInfo: [/proc/meminfo - SSI]	MemAvailable:   60913640 kB
20220312 003704.339 INFO             PET1 PIOc_sync Enter - MemInfo: [/proc/meminfo - SSI]	Committed_AS:    3162552 kB
20220312 003704.339 INFO             PET1 PIOc_sync Enter - MemInfo: [/proc/meminfo - SSI]	CommittedPercent: 4.80223 %
20220312 003704.339 INFO             PET1 PIOc_sync Enter - MemInfo: [/proc/self/status]	VmPeak:	  260244 kB
20220312 003704.339 INFO             PET1 PIOc_sync Enter - MemInfo: [/proc/self/status]	VmSize:	  260100 kB
20220312 003704.339 INFO             PET1 PIOc_sync Enter - MemInfo: [/proc/self/status]	VmLck:	       0 kB
20220312 003704.339 INFO             PET1 PIOc_sync Enter - MemInfo: [/proc/self/status]	VmPin:	       0 kB
20220312 003704.339 INFO             PET1 PIOc_sync Enter - MemInfo: [/proc/self/status]	VmHWM:	   35856 kB
20220312 003704.339 INFO             PET1 PIOc_sync Enter - MemInfo: [/proc/self/status]	VmRSS:	   35840 kB
20220312 003704.339 INFO             PET1 PIOc_sync Enter - MemInfo: [/proc/self/status]	VmData:	   24952 kB
20220312 003704.339 INFO             PET1 PIOc_sync Enter - MemInfo: [/proc/self/status]	VmStk:	     508 kB
20220312 003704.339 INFO             PET1 PIOc_sync Enter - MemInfo: [/proc/self/status]	VmExe:	    1960 kB
20220312 003704.339 INFO             PET1 PIOc_sync Enter - MemInfo: [/proc/self/status]	VmLib:	  133788 kB
20220312 003704.339 INFO             PET1 PIOc_sync Enter - MemInfo: [/proc/self/status]	VmPTE:	     388 kB
20220312 003704.339 INFO             PET1 PIOc_sync Enter - MemInfo: [/proc/self/status]	VmPMD:	      12 kB
20220312 003704.339 INFO             PET1 PIOc_sync Enter - MemInfo: [/proc/self/status]	VmSwap:	       0 kB
20220312 003704.339 INFO             PET1 PIOc_sync Enter - MemInfo: [/proc/self/status]	VmRSSPercent: 0.0544219 %
20220312 003704.339 INFO             PET1 PIOc_sync Enter - MemInfo: [malloc] Non-mmapped space allocated:                  950272 Byte
20220312 003704.340 INFO             PET1 PIOc_sync Enter - MemInfo: [malloc] Space allocated in mmapped regions:          3026944 Byte
20220312 003704.340 INFO             PET1 PIOc_sync Enter - MemInfo: [malloc] Maximum total allocated space:                     0 Byte
20220312 003704.340 INFO             PET1 PIOc_sync Enter - MemInfo: [malloc] Space in freed fastbin blocks:                    80 Byte
20220312 003704.340 INFO             PET1 PIOc_sync Enter - MemInfo: [malloc] Total allocated space:                        846576 Byte
20220312 003704.340 INFO             PET1 PIOc_sync Enter - MemInfo: [malloc] Total free space:                             103696 Byte
20220312 003704.340 INFO             PET1 PIOc_sync Enter - MemInfo: [malloc] Top-most, releasable space:                   102848 Byte
20220312 003704.340 INFO             PET1 PIOc_sync Enter - MemInfo: [malloc] Total space in use, mmap + non-mmap:         3873520 Byte
20220312 003704.340 INFO             PET1 PIOc_sync Enter - MemInfo: [malloc] Total space held (mmap + non-mmap):          3977216 Byte
20220312 003704.340 INFO             PET1 PIOc_sync Enter - MemInfo: [malloc] Total space used (mmap + non-mmap):          3881728 Byte
20220312 003704.340 INFO             PET1 PIOc_sync Enter - MemInfo: Wall-clock time since execution start:                4.85501 seconds
20220312 003704.340 INFO             PET1 PIOc_sync Exit - MemInfo: [/proc/meminfo - SSI]	MemTotal:       65855856 kB
20220312 003704.340 INFO             PET1 PIOc_sync Exit - MemInfo: [/proc/meminfo - SSI]	MemFree:        61083832 kB
20220312 003704.340 INFO             PET1 PIOc_sync Exit - MemInfo: [/proc/meminfo - SSI]	MemAvailable:   60913640 kB
20220312 003704.340 INFO             PET1 PIOc_sync Exit - MemInfo: [/proc/meminfo - SSI]	Committed_AS:    3162552 kB
20220312 003704.340 INFO             PET1 PIOc_sync Exit - MemInfo: [/proc/meminfo - SSI]	CommittedPercent: 4.80223 %
20220312 003704.340 INFO             PET1 PIOc_sync Exit - MemInfo: [/proc/self/status]	VmPeak:	  260244 kB
20220312 003704.340 INFO             PET1 PIOc_sync Exit - MemInfo: [/proc/self/status]	VmSize:	  260100 kB
20220312 003704.340 INFO             PET1 PIOc_sync Exit - MemInfo: [/proc/self/status]	VmLck:	       0 kB
20220312 003704.340 INFO             PET1 PIOc_sync Exit - MemInfo: [/proc/self/status]	VmPin:	       0 kB
20220312 003704.340 INFO             PET1 PIOc_sync Exit - MemInfo: [/proc/self/status]	VmHWM:	   35856 kB
20220312 003704.340 INFO             PET1 PIOc_sync Exit - MemInfo: [/proc/self/status]	VmRSS:	   35840 kB
20220312 003704.340 INFO             PET1 PIOc_sync Exit - MemInfo: [/proc/self/status]	VmData:	   24952 kB
20220312 003704.340 INFO             PET1 PIOc_sync Exit - MemInfo: [/proc/self/status]	VmStk:	     508 kB
20220312 003704.340 INFO             PET1 PIOc_sync Exit - MemInfo: [/proc/self/status]	VmExe:	    1960 kB
20220312 003704.340 INFO             PET1 PIOc_sync Exit - MemInfo: [/proc/self/status]	VmLib:	  133788 kB
20220312 003704.340 INFO             PET1 PIOc_sync Exit - MemInfo: [/proc/self/status]	VmPTE:	     388 kB
20220312 003704.340 INFO             PET1 PIOc_sync Exit - MemInfo: [/proc/self/status]	VmPMD:	      12 kB
20220312 003704.340 INFO             PET1 PIOc_sync Exit - MemInfo: [/proc/self/status]	VmSwap:	       0 kB
20220312 003704.340 INFO             PET1 PIOc_sync Exit - MemInfo: [/proc/self/status]	VmRSSPercent: 0.0544219 %
20220312 003704.340 INFO             PET1 PIOc_sync Exit - MemInfo: [malloc] Non-mmapped space allocated:                  950272 Byte
20220312 003704.340 INFO             PET1 PIOc_sync Exit - MemInfo: [malloc] Space allocated in mmapped regions:          3026944 Byte
20220312 003704.340 INFO             PET1 PIOc_sync Exit - MemInfo: [malloc] Maximum total allocated space:                     0 Byte
20220312 003704.340 INFO             PET1 PIOc_sync Exit - MemInfo: [malloc] Space in freed fastbin blocks:                     0 Byte
20220312 003704.340 INFO             PET1 PIOc_sync Exit - MemInfo: [malloc] Total allocated space:                        846816 Byte
20220312 003704.340 INFO             PET1 PIOc_sync Exit - MemInfo: [malloc] Total free space:                             103456 Byte
20220312 003704.340 INFO             PET1 PIOc_sync Exit - MemInfo: [malloc] Top-most, releasable space:                   102624 Byte
20220312 003704.340 INFO             PET1 PIOc_sync Exit - MemInfo: [malloc] Total space in use, mmap + non-mmap:         3873760 Byte
20220312 003704.340 INFO             PET1 PIOc_sync Exit - MemInfo: [malloc] Total space held (mmap + non-mmap):          3977216 Byte
20220312 003704.340 INFO             PET1 PIOc_sync Exit - MemInfo: [malloc] Total space used (mmap + non-mmap):          3881968 Byte
20220312 003704.340 INFO             PET1 PIOc_sync Exit - MemInfo: Wall-clock time since execution start:                4.85537 seconds
20220312 003704.340 INFO             PET1 PIOc_freedecomp Enter - MemInfo: [/proc/meminfo - SSI]	MemTotal:       65855856 kB
20220312 003704.340 INFO             PET1 PIOc_freedecomp Enter - MemInfo: [/proc/meminfo - SSI]	MemFree:        61083328 kB
20220312 003704.340 INFO             PET1 PIOc_freedecomp Enter - MemInfo: [/proc/meminfo - SSI]	MemAvailable:   60913136 kB
20220312 003704.340 INFO             PET1 PIOc_freedecomp Enter - MemInfo: [/proc/meminfo - SSI]	Committed_AS:    3162552 kB
20220312 003704.340 INFO             PET1 PIOc_freedecomp Enter - MemInfo: [/proc/meminfo - SSI]	CommittedPercent: 4.80223 %
20220312 003704.340 INFO             PET1 PIOc_freedecomp Enter - MemInfo: [/proc/self/status]	VmPeak:	  260244 kB
20220312 003704.340 INFO             PET1 PIOc_freedecomp Enter - MemInfo: [/proc/self/status]	VmSize:	  260100 kB
