build time -- 2022-03-13 00:03:10
20220313 004034.580 INFO             PET0 !!!!!!!!!!!!!!!!!!!!!!!!!!!!!!!!!!!!!!!!!!!!!!!!!!!!!!
20220313 004034.580 INFO             PET0 !!! THE ESMF_LOG IS SET TO OUTPUT ALL LOG MESSAGES !!!
20220313 004034.580 INFO             PET0 !!!     THIS MAY CAUSE SLOWDOWN IN PERFORMANCE     !!!
20220313 004034.580 INFO             PET0 !!! FOR PRODUCTION RUNS, USE:                      !!!
20220313 004034.580 INFO             PET0 !!!                   ESMF_LOGKIND_Multi_On_Error  !!!
20220313 004034.580 INFO             PET0 !!!!!!!!!!!!!!!!!!!!!!!!!!!!!!!!!!!!!!!!!!!!!!!!!!!!!!
20220313 004034.580 INFO             PET0 Running with ESMF Version   : v8.3.0b09-96-g559b459836
20220313 004034.580 INFO             PET0 ESMF library build date/time: "Mar 13 2022" "00:01:08"
20220313 004034.580 INFO             PET0 ESMF library build location : /lustre/f2/dev/ncep/Mark.Potts/intel_2019.5_mpi_g_jedwards_pio_update2
20220313 004034.580 INFO             PET0 ESMF_COMM                   : mpi
20220313 004034.581 INFO             PET0 ESMF_MOAB                   : enabled
20220313 004034.581 INFO             PET0 ESMF_LAPACK                 : enabled
20220313 004034.581 INFO             PET0 ESMF_NETCDF                 : enabled
20220313 004034.581 INFO             PET0 ESMF_PNETCDF                : disabled
20220313 004034.581 INFO             PET0 ESMF_PIO                    : enabled
20220313 004034.581 INFO             PET0 ESMF_YAMLCPP                : enabled
20220313 004034.609 INFO             PET0 PIOc_sync Enter - MemInfo: [/proc/meminfo - SSI]	MemTotal:       65855856 kB
20220313 004034.609 INFO             PET0 PIOc_sync Enter - MemInfo: [/proc/meminfo - SSI]	MemFree:        61041224 kB
20220313 004034.609 INFO             PET0 PIOc_sync Enter - MemInfo: [/proc/meminfo - SSI]	MemAvailable:   60863280 kB
20220313 004034.609 INFO             PET0 PIOc_sync Enter - MemInfo: [/proc/meminfo - SSI]	Committed_AS:    3200540 kB
20220313 004034.609 INFO             PET0 PIOc_sync Enter - MemInfo: [/proc/meminfo - SSI]	CommittedPercent: 4.85992 %
20220313 004034.609 INFO             PET0 PIOc_sync Enter - MemInfo: [/proc/self/status]	VmPeak:	  269196 kB
20220313 004034.609 INFO             PET0 PIOc_sync Enter - MemInfo: [/proc/self/status]	VmSize:	  269196 kB
20220313 004034.609 INFO             PET0 PIOc_sync Enter - MemInfo: [/proc/self/status]	VmLck:	       0 kB
20220313 004034.609 INFO             PET0 PIOc_sync Enter - MemInfo: [/proc/self/status]	VmPin:	       0 kB
20220313 004034.609 INFO             PET0 PIOc_sync Enter - MemInfo: [/proc/self/status]	VmHWM:	   45408 kB
20220313 004034.609 INFO             PET0 PIOc_sync Enter - MemInfo: [/proc/self/status]	VmRSS:	   45408 kB
20220313 004034.609 INFO             PET0 PIOc_sync Enter - MemInfo: [/proc/self/status]	VmData:	   34024 kB
20220313 004034.609 INFO             PET0 PIOc_sync Enter - MemInfo: [/proc/self/status]	VmStk:	     508 kB
20220313 004034.609 INFO             PET0 PIOc_sync Enter - MemInfo: [/proc/self/status]	VmExe:	    1960 kB
20220313 004034.609 INFO             PET0 PIOc_sync Enter - MemInfo: [/proc/self/status]	VmLib:	  133788 kB
20220313 004034.609 INFO             PET0 PIOc_sync Enter - MemInfo: [/proc/self/status]	VmPTE:	     416 kB
20220313 004034.609 INFO             PET0 PIOc_sync Enter - MemInfo: [/proc/self/status]	VmPMD:	      12 kB
20220313 004034.609 INFO             PET0 PIOc_sync Enter - MemInfo: [/proc/self/status]	VmSwap:	       0 kB
20220313 004034.609 INFO             PET0 PIOc_sync Enter - MemInfo: [/proc/self/status]	VmRSSPercent: 0.0689506 %
20220313 004034.609 INFO             PET0 PIOc_sync Enter - MemInfo: [malloc] Non-mmapped space allocated:                 1318912 Byte
20220313 004034.609 INFO             PET0 PIOc_sync Enter - MemInfo: [malloc] Space allocated in mmapped regions:         11948032 Byte
20220313 004034.609 INFO             PET0 PIOc_sync Enter - MemInfo: [malloc] Maximum total allocated space:                     0 Byte
20220313 004034.609 INFO             PET0 PIOc_sync Enter - MemInfo: [malloc] Space in freed fastbin blocks:                     0 Byte
20220313 004034.609 INFO             PET0 PIOc_sync Enter - MemInfo: [malloc] Total allocated space:                       1213552 Byte
20220313 004034.609 INFO             PET0 PIOc_sync Enter - MemInfo: [malloc] Total free space:                             105360 Byte
20220313 004034.609 INFO             PET0 PIOc_sync Enter - MemInfo: [malloc] Top-most, releasable space:                   105360 Byte
20220313 004034.609 INFO             PET0 PIOc_sync Enter - MemInfo: [malloc] Total space in use, mmap + non-mmap:        13161584 Byte
20220313 004034.609 INFO             PET0 PIOc_sync Enter - MemInfo: [malloc] Total space held (mmap + non-mmap):         13266944 Byte
20220313 004034.609 INFO             PET0 PIOc_sync Enter - MemInfo: [malloc] Total space used (mmap + non-mmap):         13171280 Byte
20220313 004034.609 INFO             PET0 PIOc_sync Enter - MemInfo: Wall-clock time since execution start:               0.050369 seconds
20220313 004037.307 INFO             PET0 PIOc_sync Exit - MemInfo: [/proc/meminfo - SSI]	MemTotal:       65855856 kB
20220313 004037.307 INFO             PET0 PIOc_sync Exit - MemInfo: [/proc/meminfo - SSI]	MemFree:        61038664 kB
20220313 004037.307 INFO             PET0 PIOc_sync Exit - MemInfo: [/proc/meminfo - SSI]	MemAvailable:   60861908 kB
20220313 004037.307 INFO             PET0 PIOc_sync Exit - MemInfo: [/proc/meminfo - SSI]	Committed_AS:    3200540 kB
20220313 004037.307 INFO             PET0 PIOc_sync Exit - MemInfo: [/proc/meminfo - SSI]	CommittedPercent: 4.85992 %
20220313 004037.307 INFO             PET0 PIOc_sync Exit - MemInfo: [/proc/self/status]	VmPeak:	  269520 kB
20220313 004037.307 INFO             PET0 PIOc_sync Exit - MemInfo: [/proc/self/status]	VmSize:	  269520 kB
20220313 004037.307 INFO             PET0 PIOc_sync Exit - MemInfo: [/proc/self/status]	VmLck:	       0 kB
20220313 004037.307 INFO             PET0 PIOc_sync Exit - MemInfo: [/proc/self/status]	VmPin:	       0 kB
20220313 004037.307 INFO             PET0 PIOc_sync Exit - MemInfo: [/proc/self/status]	VmHWM:	   45912 kB
20220313 004037.307 INFO             PET0 PIOc_sync Exit - MemInfo: [/proc/self/status]	VmRSS:	   45912 kB
20220313 004037.307 INFO             PET0 PIOc_sync Exit - MemInfo: [/proc/self/status]	VmData:	   34348 kB
20220313 004037.307 INFO             PET0 PIOc_sync Exit - MemInfo: [/proc/self/status]	VmStk:	     508 kB
20220313 004037.307 INFO             PET0 PIOc_sync Exit - MemInfo: [/proc/self/status]	VmExe:	    1960 kB
20220313 004037.307 INFO             PET0 PIOc_sync Exit - MemInfo: [/proc/self/status]	VmLib:	  133788 kB
20220313 004037.307 INFO             PET0 PIOc_sync Exit - MemInfo: [/proc/self/status]	VmPTE:	     416 kB
20220313 004037.307 INFO             PET0 PIOc_sync Exit - MemInfo: [/proc/self/status]	VmPMD:	      12 kB
20220313 004037.307 INFO             PET0 PIOc_sync Exit - MemInfo: [/proc/self/status]	VmSwap:	       0 kB
20220313 004037.307 INFO             PET0 PIOc_sync Exit - MemInfo: [/proc/self/status]	VmRSSPercent: 0.0697159 %
20220313 004037.307 INFO             PET0 PIOc_sync Exit - MemInfo: [malloc] Non-mmapped space allocated:                 1318912 Byte
20220313 004037.307 INFO             PET0 PIOc_sync Exit - MemInfo: [malloc] Space allocated in mmapped regions:         12279808 Byte
20220313 004037.307 INFO             PET0 PIOc_sync Exit - MemInfo: [malloc] Maximum total allocated space:                     0 Byte
20220313 004037.307 INFO             PET0 PIOc_sync Exit - MemInfo: [malloc] Space in freed fastbin blocks:                     0 Byte
20220313 004037.307 INFO             PET0 PIOc_sync Exit - MemInfo: [malloc] Total allocated space:                       1283792 Byte
20220313 004037.307 INFO             PET0 PIOc_sync Exit - MemInfo: [malloc] Total free space:                              35120 Byte
20220313 004037.307 INFO             PET0 PIOc_sync Exit - MemInfo: [malloc] Top-most, releasable space:                    35120 Byte
20220313 004037.307 INFO             PET0 PIOc_sync Exit - MemInfo: [malloc] Total space in use, mmap + non-mmap:        13563600 Byte
20220313 004037.307 INFO             PET0 PIOc_sync Exit - MemInfo: [malloc] Total space held (mmap + non-mmap):         13598720 Byte
20220313 004037.307 INFO             PET0 PIOc_sync Exit - MemInfo: [malloc] Total space used (mmap + non-mmap):         13572176 Byte
20220313 004037.307 INFO             PET0 PIOc_sync Exit - MemInfo: Wall-clock time since execution start:                2.74837 seconds
20220313 004037.307 INFO             PET0 PIOc_freedecomp Enter - MemInfo: [/proc/meminfo - SSI]	MemTotal:       65855856 kB
20220313 004037.307 INFO             PET0 PIOc_freedecomp Enter - MemInfo: [/proc/meminfo - SSI]	MemFree:        61045216 kB
20220313 004037.307 INFO             PET0 PIOc_freedecomp Enter - MemInfo: [/proc/meminfo - SSI]	MemAvailable:   60868460 kB
20220313 004037.308 INFO             PET0 PIOc_freedecomp Enter - MemInfo: [/proc/meminfo - SSI]	Committed_AS:    3192668 kB
20220313 004037.308 INFO             PET0 PIOc_freedecomp Enter - MemInfo: [/proc/meminfo - SSI]	CommittedPercent: 4.84796 %
20220313 004037.308 INFO             PET0 PIOc_freedecomp Enter - MemInfo: [/proc/self/status]	VmPeak:	  269520 kB
20220313 004037.308 INFO             PET0 PIOc_freedecomp Enter - MemInfo: [/proc/self/status]	VmSize:	  260808 kB
20220313 004037.308 INFO             PET0 PIOc_freedecomp Enter - MemInfo: [/proc/self/status]	VmLck:	       0 kB
20220313 004037.308 INFO             PET0 PIOc_freedecomp Enter - MemInfo: [/proc/self/status]	VmPin:	       0 kB
20220313 004037.308 INFO             PET0 PIOc_freedecomp Enter - MemInfo: [/proc/self/status]	VmHWM:	   45912 kB
20220313 004037.308 INFO             PET0 PIOc_freedecomp Enter - MemInfo: [/proc/self/status]	VmRSS:	   37916 kB
20220313 004037.308 INFO             PET0 PIOc_freedecomp Enter - MemInfo: [/proc/self/status]	VmData:	   25636 kB
20220313 004037.308 INFO             PET0 PIOc_freedecomp Enter - MemInfo: [/proc/self/status]	VmStk:	     508 kB
20220313 004037.308 INFO             PET0 PIOc_freedecomp Enter - MemInfo: [/proc/self/status]	VmExe:	    1960 kB
20220313 004037.308 INFO             PET0 PIOc_freedecomp Enter - MemInfo: [/proc/self/status]	VmLib:	  133788 kB
20220313 004037.308 INFO             PET0 PIOc_freedecomp Enter - MemInfo: [/proc/self/status]	VmPTE:	     404 kB
20220313 004037.308 INFO             PET0 PIOc_freedecomp Enter - MemInfo: [/proc/self/status]	VmPMD:	      12 kB
20220313 004037.308 INFO             PET0 PIOc_freedecomp Enter - MemInfo: [/proc/self/status]	VmSwap:	       0 kB
20220313 004037.308 INFO             PET0 PIOc_freedecomp Enter - MemInfo: [/proc/self/status]	VmRSSPercent: 0.0575742 %
20220313 004037.308 INFO             PET0 PIOc_freedecomp Enter - MemInfo: [malloc] Non-mmapped space allocated:                 1318912 Byte
20220313 004037.308 INFO             PET0 PIOc_freedecomp Enter - MemInfo: [malloc] Space allocated in mmapped regions:          3358720 Byte
20220313 004037.308 INFO             PET0 PIOc_freedecomp Enter - MemInfo: [malloc] Maximum total allocated space:                     0 Byte
20220313 004037.308 INFO             PET0 PIOc_freedecomp Enter - MemInfo: [malloc] Space in freed fastbin blocks:                   288 Byte
20220313 004037.308 INFO             PET0 PIOc_freedecomp Enter - MemInfo: [malloc] Total allocated space:                       1273744 Byte
20220313 004037.308 INFO             PET0 PIOc_freedecomp Enter - MemInfo: [malloc] Total free space:                              45168 Byte
20220313 004037.308 INFO             PET0 PIOc_freedecomp Enter - MemInfo: [malloc] Top-most, releasable space:                    34384 Byte
20220313 004037.308 INFO             PET0 PIOc_freedecomp Enter - MemInfo: [malloc] Total space in use, mmap + non-mmap:         4632464 Byte
20220313 004037.308 INFO             PET0 PIOc_freedecomp Enter - MemInfo: [malloc] Total space held (mmap + non-mmap):          4677632 Byte
20220313 004037.308 INFO             PET0 PIOc_freedecomp Enter - MemInfo: [malloc] Total space used (mmap + non-mmap):          4640896 Byte
20220313 004037.308 INFO             PET0 PIOc_freedecomp Enter - MemInfo: Wall-clock time since execution start:                 2.7493 seconds
20220313 004037.308 INFO             PET0 PIOc_freedecomp Exit - MemInfo: [/proc/meminfo - SSI]	MemTotal:       65855856 kB
20220313 004037.308 INFO             PET0 PIOc_freedecomp Exit - MemInfo: [/proc/meminfo - SSI]	MemFree:        61045216 kB
20220313 004037.308 INFO             PET0 PIOc_freedecomp Exit - MemInfo: [/proc/meminfo - SSI]	MemAvailable:   60868460 kB
20220313 004037.308 INFO             PET0 PIOc_freedecomp Exit - MemInfo: [/proc/meminfo - SSI]	Committed_AS:    3192668 kB
20220313 004037.308 INFO             PET0 PIOc_freedecomp Exit - MemInfo: [/proc/meminfo - SSI]	CommittedPercent: 4.84796 %
20220313 004037.308 INFO             PET0 PIOc_freedecomp Exit - MemInfo: [/proc/self/status]	VmPeak:	  269520 kB
20220313 004037.308 INFO             PET0 PIOc_freedecomp Exit - MemInfo: [/proc/self/status]	VmSize:	  260808 kB
20220313 004037.308 INFO             PET0 PIOc_freedecomp Exit - MemInfo: [/proc/self/status]	VmLck:	       0 kB
20220313 004037.308 INFO             PET0 PIOc_freedecomp Exit - MemInfo: [/proc/self/status]	VmPin:	       0 kB
20220313 004037.308 INFO             PET0 PIOc_freedecomp Exit - MemInfo: [/proc/self/status]	VmHWM:	   45912 kB
20220313 004037.308 INFO             PET0 PIOc_freedecomp Exit - MemInfo: [/proc/self/status]	VmRSS:	   37916 kB
20220313 004037.308 INFO             PET0 PIOc_freedecomp Exit - MemInfo: [/proc/self/status]	VmData:	   25636 kB
20220313 004037.308 INFO             PET0 PIOc_freedecomp Exit - MemInfo: [/proc/self/status]	VmStk:	     508 kB
20220313 004037.308 INFO             PET0 PIOc_freedecomp Exit - MemInfo: [/proc/self/status]	VmExe:	    1960 kB
20220313 004037.308 INFO             PET0 PIOc_freedecomp Exit - MemInfo: [/proc/self/status]	VmLib:	  133788 kB
20220313 004037.308 INFO             PET0 PIOc_freedecomp Exit - MemInfo: [/proc/self/status]	VmPTE:	     404 kB
20220313 004037.308 INFO             PET0 PIOc_freedecomp Exit - MemInfo: [/proc/self/status]	VmPMD:	      12 kB
20220313 004037.308 INFO             PET0 PIOc_freedecomp Exit - MemInfo: [/proc/self/status]	VmSwap:	       0 kB
20220313 004037.308 INFO             PET0 PIOc_freedecomp Exit - MemInfo: [/proc/self/status]	VmRSSPercent: 0.0575742 %
20220313 004037.308 INFO             PET0 PIOc_freedecomp Exit - MemInfo: [malloc] Non-mmapped space allocated:                 1318912 Byte
20220313 004037.308 INFO             PET0 PIOc_freedecomp Exit - MemInfo: [malloc] Space allocated in mmapped regions:          3358720 Byte
20220313 004037.308 INFO             PET0 PIOc_freedecomp Exit - MemInfo: [malloc] Maximum total allocated space:                     0 Byte
20220313 004037.308 INFO             PET0 PIOc_freedecomp Exit - MemInfo: [malloc] Space in freed fastbin blocks:                   720 Byte
20220313 004037.308 INFO             PET0 PIOc_freedecomp Exit - MemInfo: [malloc] Total allocated space:                       1273584 Byte
20220313 004037.308 INFO             PET0 PIOc_freedecomp Exit - MemInfo: [malloc] Total free space:                              45328 Byte
20220313 004037.308 INFO             PET0 PIOc_freedecomp Exit - MemInfo: [malloc] Top-most, releasable space:                    34384 Byte
20220313 004037.308 INFO             PET0 PIOc_freedecomp Exit - MemInfo: [malloc] Total space in use, mmap + non-mmap:         4632304 Byte
20220313 004037.308 INFO             PET0 PIOc_freedecomp Exit - MemInfo: [malloc] Total space held (mmap + non-mmap):          4677632 Byte
20220313 004037.308 INFO             PET0 PIOc_freedecomp Exit - MemInfo: [malloc] Total space used (mmap + non-mmap):          4640512 Byte
20220313 004037.308 INFO             PET0 PIOc_freedecomp Exit - MemInfo: Wall-clock time since execution start:                2.74965 seconds
20220313 004037.312 INFO             PET0 PIOc_sync Enter - MemInfo: [/proc/meminfo - SSI]	MemTotal:       65855856 kB
20220313 004037.312 INFO             PET0 PIOc_sync Enter - MemInfo: [/proc/meminfo - SSI]	MemFree:        61042696 kB
20220313 004037.312 INFO             PET0 PIOc_sync Enter - MemInfo: [/proc/meminfo - SSI]	MemAvailable:   60865940 kB
20220313 004037.312 INFO             PET0 PIOc_sync Enter - MemInfo: [/proc/meminfo - SSI]	Committed_AS:    3200952 kB
20220313 004037.312 INFO             PET0 PIOc_sync Enter - MemInfo: [/proc/meminfo - SSI]	CommittedPercent: 4.86054 %
20220313 004037.312 INFO             PET0 PIOc_sync Enter - MemInfo: [/proc/self/status]	VmPeak:	  269608 kB
20220313 004037.312 INFO             PET0 PIOc_sync Enter - MemInfo: [/proc/self/status]	VmSize:	  269608 kB
20220313 004037.312 INFO             PET0 PIOc_sync Enter - MemInfo: [/proc/self/status]	VmLck:	       0 kB
20220313 004037.312 INFO             PET0 PIOc_sync Enter - MemInfo: [/proc/self/status]	VmPin:	       0 kB
20220313 004037.312 INFO             PET0 PIOc_sync Enter - MemInfo: [/proc/self/status]	VmHWM:	   45912 kB
20220313 004037.312 INFO             PET0 PIOc_sync Enter - MemInfo: [/proc/self/status]	VmRSS:	   41840 kB
20220313 004037.312 INFO             PET0 PIOc_sync Enter - MemInfo: [/proc/self/status]	VmData:	   34436 kB
20220313 004037.312 INFO             PET0 PIOc_sync Enter - MemInfo: [/proc/self/status]	VmStk:	     508 kB
20220313 004037.312 INFO             PET0 PIOc_sync Enter - MemInfo: [/proc/self/status]	VmExe:	    1960 kB
20220313 004037.312 INFO             PET0 PIOc_sync Enter - MemInfo: [/proc/self/status]	VmLib:	  133788 kB
20220313 004037.312 INFO             PET0 PIOc_sync Enter - MemInfo: [/proc/self/status]	VmPTE:	     420 kB
20220313 004037.312 INFO             PET0 PIOc_sync Enter - MemInfo: [/proc/self/status]	VmPMD:	      12 kB
20220313 004037.312 INFO             PET0 PIOc_sync Enter - MemInfo: [/proc/self/status]	VmSwap:	       0 kB
20220313 004037.312 INFO             PET0 PIOc_sync Enter - MemInfo: [/proc/self/status]	VmRSSPercent: 0.0635327 %
20220313 004037.312 INFO             PET0 PIOc_sync Enter - MemInfo: [malloc] Non-mmapped space allocated:                10330112 Byte
20220313 004037.312 INFO             PET0 PIOc_sync Enter - MemInfo: [malloc] Space allocated in mmapped regions:          3358720 Byte
20220313 004037.312 INFO             PET0 PIOc_sync Enter - MemInfo: [malloc] Maximum total allocated space:                     0 Byte
20220313 004037.312 INFO             PET0 PIOc_sync Enter - MemInfo: [malloc] Space in freed fastbin blocks:                   160 Byte
20220313 004037.312 INFO             PET0 PIOc_sync Enter - MemInfo: [malloc] Total allocated space:                      10200736 Byte
20220313 004037.312 INFO             PET0 PIOc_sync Enter - MemInfo: [malloc] Total free space:                             129376 Byte
20220313 004037.312 INFO             PET0 PIOc_sync Enter - MemInfo: [malloc] Top-most, releasable space:                   127408 Byte
20220313 004037.312 INFO             PET0 PIOc_sync Enter - MemInfo: [malloc] Total space in use, mmap + non-mmap:        13559456 Byte
20220313 004037.312 INFO             PET0 PIOc_sync Enter - MemInfo: [malloc] Total space held (mmap + non-mmap):         13688832 Byte
20220313 004037.312 INFO             PET0 PIOc_sync Enter - MemInfo: [malloc] Total space used (mmap + non-mmap):         13567776 Byte
20220313 004037.312 INFO             PET0 PIOc_sync Enter - MemInfo: Wall-clock time since execution start:                2.75373 seconds
20220313 004037.312 INFO             PET0 PIOc_sync Exit - MemInfo: [/proc/meminfo - SSI]	MemTotal:       65855856 kB
20220313 004037.312 INFO             PET0 PIOc_sync Exit - MemInfo: [/proc/meminfo - SSI]	MemFree:        61042696 kB
20220313 004037.312 INFO             PET0 PIOc_sync Exit - MemInfo: [/proc/meminfo - SSI]	MemAvailable:   60865940 kB
20220313 004037.312 INFO             PET0 PIOc_sync Exit - MemInfo: [/proc/meminfo - SSI]	Committed_AS:    3200952 kB
20220313 004037.312 INFO             PET0 PIOc_sync Exit - MemInfo: [/proc/meminfo - SSI]	CommittedPercent: 4.86054 %
20220313 004037.312 INFO             PET0 PIOc_sync Exit - MemInfo: [/proc/self/status]	VmPeak:	  269608 kB
20220313 004037.312 INFO             PET0 PIOc_sync Exit - MemInfo: [/proc/self/status]	VmSize:	  269608 kB
20220313 004037.312 INFO             PET0 PIOc_sync Exit - MemInfo: [/proc/self/status]	VmLck:	       0 kB
20220313 004037.312 INFO             PET0 PIOc_sync Exit - MemInfo: [/proc/self/status]	VmPin:	       0 kB
20220313 004037.312 INFO             PET0 PIOc_sync Exit - MemInfo: [/proc/self/status]	VmHWM:	   45912 kB
20220313 004037.312 INFO             PET0 PIOc_sync Exit - MemInfo: [/proc/self/status]	VmRSS:	   41840 kB
20220313 004037.312 INFO             PET0 PIOc_sync Exit - MemInfo: [/proc/self/status]	VmData:	   34436 kB
20220313 004037.312 INFO             PET0 PIOc_sync Exit - MemInfo: [/proc/self/status]	VmStk:	     508 kB
20220313 004037.312 INFO             PET0 PIOc_sync Exit - MemInfo: [/proc/self/status]	VmExe:	    1960 kB
20220313 004037.312 INFO             PET0 PIOc_sync Exit - MemInfo: [/proc/self/status]	VmLib:	  133788 kB
20220313 004037.312 INFO             PET0 PIOc_sync Exit - MemInfo: [/proc/self/status]	VmPTE:	     420 kB
20220313 004037.312 INFO             PET0 PIOc_sync Exit - MemInfo: [/proc/self/status]	VmPMD:	      12 kB
20220313 004037.312 INFO             PET0 PIOc_sync Exit - MemInfo: [/proc/self/status]	VmSwap:	       0 kB
20220313 004037.312 INFO             PET0 PIOc_sync Exit - MemInfo: [/proc/self/status]	VmRSSPercent: 0.0635327 %
20220313 004037.312 INFO             PET0 PIOc_sync Exit - MemInfo: [malloc] Non-mmapped space allocated:                10330112 Byte
20220313 004037.313 INFO             PET0 PIOc_sync Exit - MemInfo: [malloc] Space allocated in mmapped regions:          3358720 Byte
20220313 004037.313 INFO             PET0 PIOc_sync Exit - MemInfo: [malloc] Maximum total allocated space:                     0 Byte
20220313 004037.313 INFO             PET0 PIOc_sync Exit - MemInfo: [malloc] Space in freed fastbin blocks:                     0 Byte
20220313 004037.313 INFO             PET0 PIOc_sync Exit - MemInfo: [malloc] Total allocated space:                      10201920 Byte
20220313 004037.313 INFO             PET0 PIOc_sync Exit - MemInfo: [malloc] Total free space:                             128192 Byte
20220313 004037.313 INFO             PET0 PIOc_sync Exit - MemInfo: [malloc] Top-most, releasable space:                   127184 Byte
20220313 004037.313 INFO             PET0 PIOc_sync Exit - MemInfo: [malloc] Total space in use, mmap + non-mmap:        13560640 Byte
20220313 004037.313 INFO             PET0 PIOc_sync Exit - MemInfo: [malloc] Total space held (mmap + non-mmap):         13688832 Byte
20220313 004037.313 INFO             PET0 PIOc_sync Exit - MemInfo: [malloc] Total space used (mmap + non-mmap):         13568960 Byte
20220313 004037.313 INFO             PET0 PIOc_sync Exit - MemInfo: Wall-clock time since execution start:                2.75416 seconds
20220313 004037.313 INFO             PET0 PIOc_freedecomp Enter - MemInfo: [/proc/meminfo - SSI]	MemTotal:       65855856 kB
20220313 004037.313 INFO             PET0 PIOc_freedecomp Enter - MemInfo: [/proc/meminfo - SSI]	MemFree:        61042696 kB
20220313 004037.313 INFO             PET0 PIOc_freedecomp Enter - MemInfo: [/proc/meminfo - SSI]	MemAvailable:   60865940 kB
20220313 004037.313 INFO             PET0 PIOc_freedecomp Enter - MemInfo: [/proc/meminfo - SSI]	Committed_AS:    3200952 kB
20220313 004037.313 INFO             PET0 PIOc_freedecomp Enter - MemInfo: [/proc/meminfo - SSI]	CommittedPercent: 4.86054 %
20220313 004037.313 INFO             PET0 PIOc_freedecomp Enter - MemInfo: [/proc/self/status]	VmPeak:	  269608 kB
20220313 004037.313 INFO             PET0 PIOc_freedecomp Enter - MemInfo: [/proc/self/status]	VmSize:	  269608 kB
20220313 004037.313 INFO             PET0 PIOc_freedecomp Enter - MemInfo: [/proc/self/status]	VmLck:	       0 kB
20220313 004037.313 INFO             PET0 PIOc_freedecomp Enter - MemInfo: [/proc/self/status]	VmPin:	       0 kB
20220313 004037.313 INFO             PET0 PIOc_freedecomp Enter - MemInfo: [/proc/self/status]	VmHWM:	   45912 kB
20220313 004037.313 INFO             PET0 PIOc_freedecomp Enter - MemInfo: [/proc/self/status]	VmRSS:	   41840 kB
20220313 004037.313 INFO             PET0 PIOc_freedecomp Enter - MemInfo: [/proc/self/status]	VmData:	   34436 kB
20220313 004037.313 INFO             PET0 PIOc_freedecomp Enter - MemInfo: [/proc/self/status]	VmStk:	     508 kB
20220313 004037.313 INFO             PET0 PIOc_freedecomp Enter - MemInfo: [/proc/self/status]	VmExe:	    1960 kB
20220313 004037.313 INFO             PET0 PIOc_freedecomp Enter - MemInfo: [/proc/self/status]	VmLib:	  133788 kB
20220313 004037.313 INFO             PET0 PIOc_freedecomp Enter - MemInfo: [/proc/self/status]	VmPTE:	     420 kB
20220313 004037.313 INFO             PET0 PIOc_freedecomp Enter - MemInfo: [/proc/self/status]	VmPMD:	      12 kB
20220313 004037.313 INFO             PET0 PIOc_freedecomp Enter - MemInfo: [/proc/self/status]	VmSwap:	       0 kB
20220313 004037.313 INFO             PET0 PIOc_freedecomp Enter - MemInfo: [/proc/self/status]	VmRSSPercent: 0.0635327 %
20220313 004037.313 INFO             PET0 PIOc_freedecomp Enter - MemInfo: [malloc] Non-mmapped space allocated:                10330112 Byte
20220313 004037.313 INFO             PET0 PIOc_freedecomp Enter - MemInfo: [malloc] Space allocated in mmapped regions:          3358720 Byte
20220313 004037.313 INFO             PET0 PIOc_freedecomp Enter - MemInfo: [malloc] Maximum total allocated space:                     0 Byte
20220313 004037.313 INFO             PET0 PIOc_freedecomp Enter - MemInfo: [malloc] Space in freed fastbin blocks:                   112 Byte
20220313 004037.313 INFO             PET0 PIOc_freedecomp Enter - MemInfo: [malloc] Total allocated space:                       1278048 Byte
20220313 004037.313 INFO             PET0 PIOc_freedecomp Enter - MemInfo: [malloc] Total free space:                            9052064 Byte
20220313 004037.313 INFO             PET0 PIOc_freedecomp Enter - MemInfo: [malloc] Top-most, releasable space:                   126960 Byte
20220313 004037.313 INFO             PET0 PIOc_freedecomp Enter - MemInfo: [malloc] Total space in use, mmap + non-mmap:         4636768 Byte
20220313 004037.313 INFO             PET0 PIOc_freedecomp Enter - MemInfo: [malloc] Total space held (mmap + non-mmap):         13688832 Byte
20220313 004037.313 INFO             PET0 PIOc_freedecomp Enter - MemInfo: [malloc] Total space used (mmap + non-mmap):          4644976 Byte
20220313 004037.313 INFO             PET0 PIOc_freedecomp Enter - MemInfo: Wall-clock time since execution start:                 2.7547 seconds
20220313 004037.313 INFO             PET0 PIOc_freedecomp Exit - MemInfo: [/proc/meminfo - SSI]	MemTotal:       65855856 kB
20220313 004037.313 INFO             PET0 PIOc_freedecomp Exit - MemInfo: [/proc/meminfo - SSI]	MemFree:        61042696 kB
20220313 004037.313 INFO             PET0 PIOc_freedecomp Exit - MemInfo: [/proc/meminfo - SSI]	MemAvailable:   60865940 kB
20220313 004037.313 INFO             PET0 PIOc_freedecomp Exit - MemInfo: [/proc/meminfo - SSI]	Committed_AS:    3200952 kB
20220313 004037.313 INFO             PET0 PIOc_freedecomp Exit - MemInfo: [/proc/meminfo - SSI]	CommittedPercent: 4.86054 %
20220313 004037.313 INFO             PET0 PIOc_freedecomp Exit - MemInfo: [/proc/self/status]	VmPeak:	  269608 kB
20220313 004037.313 INFO             PET0 PIOc_freedecomp Exit - MemInfo: [/proc/self/status]	VmSize:	  269608 kB
20220313 004037.313 INFO             PET0 PIOc_freedecomp Exit - MemInfo: [/proc/self/status]	VmLck:	       0 kB
20220313 004037.313 INFO             PET0 PIOc_freedecomp Exit - MemInfo: [/proc/self/status]	VmPin:	       0 kB
20220313 004037.313 INFO             PET0 PIOc_freedecomp Exit - MemInfo: [/proc/self/status]	VmHWM:	   45912 kB
20220313 004037.313 INFO             PET0 PIOc_freedecomp Exit - MemInfo: [/proc/self/status]	VmRSS:	   41840 kB
20220313 004037.313 INFO             PET0 PIOc_freedecomp Exit - MemInfo: [/proc/self/status]	VmData:	   34436 kB
20220313 004037.313 INFO             PET0 PIOc_freedecomp Exit - MemInfo: [/proc/self/status]	VmStk:	     508 kB
20220313 004037.313 INFO             PET0 PIOc_freedecomp Exit - MemInfo: [/proc/self/status]	VmExe:	    1960 kB
20220313 004037.313 INFO             PET0 PIOc_freedecomp Exit - MemInfo: [/proc/self/status]	VmLib:	  133788 kB
20220313 004037.313 INFO             PET0 PIOc_freedecomp Exit - MemInfo: [/proc/self/status]	VmPTE:	     420 kB
20220313 004037.313 INFO             PET0 PIOc_freedecomp Exit - MemInfo: [/proc/self/status]	VmPMD:	      12 kB
20220313 004037.313 INFO             PET0 PIOc_freedecomp Exit - MemInfo: [/proc/self/status]	VmSwap:	       0 kB
20220313 004037.313 INFO             PET0 PIOc_freedecomp Exit - MemInfo: [/proc/self/status]	VmRSSPercent: 0.0635327 %
20220313 004037.313 INFO             PET0 PIOc_freedecomp Exit - MemInfo: [malloc] Non-mmapped space allocated:                10330112 Byte
20220313 004037.313 INFO             PET0 PIOc_freedecomp Exit - MemInfo: [malloc] Space allocated in mmapped regions:          3358720 Byte
20220313 004037.313 INFO             PET0 PIOc_freedecomp Exit - MemInfo: [malloc] Maximum total allocated space:                     0 Byte
20220313 004037.313 INFO             PET0 PIOc_freedecomp Exit - MemInfo: [malloc] Space in freed fastbin blocks:                  1264 Byte
20220313 004037.314 INFO             PET0 PIOc_freedecomp Exit - MemInfo: [malloc] Total allocated space:                       1276640 Byte
20220313 004037.314 INFO             PET0 PIOc_freedecomp Exit - MemInfo: [malloc] Total free space:                            9053472 Byte
20220313 004037.314 INFO             PET0 PIOc_freedecomp Exit - MemInfo: [malloc] Top-most, releasable space:                   126960 Byte
20220313 004037.314 INFO             PET0 PIOc_freedecomp Exit - MemInfo: [malloc] Total space in use, mmap + non-mmap:         4635360 Byte
20220313 004037.314 INFO             PET0 PIOc_freedecomp Exit - MemInfo: [malloc] Total space held (mmap + non-mmap):         13688832 Byte
20220313 004037.314 INFO             PET0 PIOc_freedecomp Exit - MemInfo: [malloc] Total space used (mmap + non-mmap):          4643568 Byte
20220313 004037.314 INFO             PET0 PIOc_freedecomp Exit - MemInfo: Wall-clock time since execution start:                 2.7551 seconds
20220313 004037.316 INFO             PET0 PIOc_sync Enter - MemInfo: [/proc/meminfo - SSI]	MemTotal:       65855856 kB
20220313 004037.316 INFO             PET0 PIOc_sync Enter - MemInfo: [/proc/meminfo - SSI]	MemFree:        61042192 kB
20220313 004037.316 INFO             PET0 PIOc_sync Enter - MemInfo: [/proc/meminfo - SSI]	MemAvailable:   60865436 kB
20220313 004037.316 INFO             PET0 PIOc_sync Enter - MemInfo: [/proc/meminfo - SSI]	Committed_AS:    3200952 kB
20220313 004037.316 INFO             PET0 PIOc_sync Enter - MemInfo: [/proc/meminfo - SSI]	CommittedPercent: 4.86054 %
20220313 004037.316 INFO             PET0 PIOc_sync Enter - MemInfo: [/proc/self/status]	VmPeak:	  269608 kB
20220313 004037.316 INFO             PET0 PIOc_sync Enter - MemInfo: [/proc/self/status]	VmSize:	  269584 kB
20220313 004037.316 INFO             PET0 PIOc_sync Enter - MemInfo: [/proc/self/status]	VmLck:	       0 kB
20220313 004037.316 INFO             PET0 PIOc_sync Enter - MemInfo: [/proc/self/status]	VmPin:	       0 kB
20220313 004037.316 INFO             PET0 PIOc_sync Enter - MemInfo: [/proc/self/status]	VmHWM:	   45912 kB
20220313 004037.316 INFO             PET0 PIOc_sync Enter - MemInfo: [/proc/self/status]	VmRSS:	   42316 kB
20220313 004037.316 INFO             PET0 PIOc_sync Enter - MemInfo: [/proc/self/status]	VmData:	   34436 kB
20220313 004037.316 INFO             PET0 PIOc_sync Enter - MemInfo: [/proc/self/status]	VmStk:	     508 kB
20220313 004037.316 INFO             PET0 PIOc_sync Enter - MemInfo: [/proc/self/status]	VmExe:	    1960 kB
20220313 004037.316 INFO             PET0 PIOc_sync Enter - MemInfo: [/proc/self/status]	VmLib:	  133788 kB
20220313 004037.316 INFO             PET0 PIOc_sync Enter - MemInfo: [/proc/self/status]	VmPTE:	     420 kB
20220313 004037.316 INFO             PET0 PIOc_sync Enter - MemInfo: [/proc/self/status]	VmPMD:	      12 kB
20220313 004037.316 INFO             PET0 PIOc_sync Enter - MemInfo: [/proc/self/status]	VmSwap:	       0 kB
20220313 004037.316 INFO             PET0 PIOc_sync Enter - MemInfo: [/proc/self/status]	VmRSSPercent: 0.0642555 %
20220313 004037.316 INFO             PET0 PIOc_sync Enter - MemInfo: [malloc] Non-mmapped space allocated:                10330112 Byte
20220313 004037.316 INFO             PET0 PIOc_sync Enter - MemInfo: [malloc] Space allocated in mmapped regions:          3358720 Byte
20220313 004037.316 INFO             PET0 PIOc_sync Enter - MemInfo: [malloc] Maximum total allocated space:                     0 Byte
20220313 004037.316 INFO             PET0 PIOc_sync Enter - MemInfo: [malloc] Space in freed fastbin blocks:                   752 Byte
20220313 004037.316 INFO             PET0 PIOc_sync Enter - MemInfo: [malloc] Total allocated space:                      10203088 Byte
20220313 004037.316 INFO             PET0 PIOc_sync Enter - MemInfo: [malloc] Total free space:                             127024 Byte
20220313 004037.316 INFO             PET0 PIOc_sync Enter - MemInfo: [malloc] Top-most, releasable space:                   121712 Byte
20220313 004037.316 INFO             PET0 PIOc_sync Enter - MemInfo: [malloc] Total space in use, mmap + non-mmap:        13561808 Byte
20220313 004037.316 INFO             PET0 PIOc_sync Enter - MemInfo: [malloc] Total space held (mmap + non-mmap):         13688832 Byte
20220313 004037.316 INFO             PET0 PIOc_sync Enter - MemInfo: [malloc] Total space used (mmap + non-mmap):         13570016 Byte
20220313 004037.316 INFO             PET0 PIOc_sync Enter - MemInfo: Wall-clock time since execution start:                2.75747 seconds
20220313 004037.316 INFO             PET0 PIOc_sync Exit - MemInfo: [/proc/meminfo - SSI]	MemTotal:       65855856 kB
20220313 004037.316 INFO             PET0 PIOc_sync Exit - MemInfo: [/proc/meminfo - SSI]	MemFree:        61042192 kB
20220313 004037.316 INFO             PET0 PIOc_sync Exit - MemInfo: [/proc/meminfo - SSI]	MemAvailable:   60865436 kB
20220313 004037.316 INFO             PET0 PIOc_sync Exit - MemInfo: [/proc/meminfo - SSI]	Committed_AS:    3200952 kB
20220313 004037.316 INFO             PET0 PIOc_sync Exit - MemInfo: [/proc/meminfo - SSI]	CommittedPercent: 4.86054 %
20220313 004037.316 INFO             PET0 PIOc_sync Exit - MemInfo: [/proc/self/status]	VmPeak:	  269608 kB
20220313 004037.316 INFO             PET0 PIOc_sync Exit - MemInfo: [/proc/self/status]	VmSize:	  269584 kB
20220313 004037.316 INFO             PET0 PIOc_sync Exit - MemInfo: [/proc/self/status]	VmLck:	       0 kB
20220313 004037.316 INFO             PET0 PIOc_sync Exit - MemInfo: [/proc/self/status]	VmPin:	       0 kB
20220313 004037.316 INFO             PET0 PIOc_sync Exit - MemInfo: [/proc/self/status]	VmHWM:	   45912 kB
20220313 004037.316 INFO             PET0 PIOc_sync Exit - MemInfo: [/proc/self/status]	VmRSS:	   42316 kB
20220313 004037.316 INFO             PET0 PIOc_sync Exit - MemInfo: [/proc/self/status]	VmData:	   34436 kB
20220313 004037.316 INFO             PET0 PIOc_sync Exit - MemInfo: [/proc/self/status]	VmStk:	     508 kB
20220313 004037.316 INFO             PET0 PIOc_sync Exit - MemInfo: [/proc/self/status]	VmExe:	    1960 kB
20220313 004037.316 INFO             PET0 PIOc_sync Exit - MemInfo: [/proc/self/status]	VmLib:	  133788 kB
20220313 004037.316 INFO             PET0 PIOc_sync Exit - MemInfo: [/proc/self/status]	VmPTE:	     420 kB
20220313 004037.316 INFO             PET0 PIOc_sync Exit - MemInfo: [/proc/self/status]	VmPMD:	      12 kB
20220313 004037.316 INFO             PET0 PIOc_sync Exit - MemInfo: [/proc/self/status]	VmSwap:	       0 kB
20220313 004037.316 INFO             PET0 PIOc_sync Exit - MemInfo: [/proc/self/status]	VmRSSPercent: 0.0642555 %
20220313 004037.316 INFO             PET0 PIOc_sync Exit - MemInfo: [malloc] Non-mmapped space allocated:                10330112 Byte
20220313 004037.316 INFO             PET0 PIOc_sync Exit - MemInfo: [malloc] Space allocated in mmapped regions:          3358720 Byte
20220313 004037.316 INFO             PET0 PIOc_sync Exit - MemInfo: [malloc] Maximum total allocated space:                     0 Byte
20220313 004037.316 INFO             PET0 PIOc_sync Exit - MemInfo: [malloc] Space in freed fastbin blocks:                    32 Byte
20220313 004037.316 INFO             PET0 PIOc_sync Exit - MemInfo: [malloc] Total allocated space:                      10203744 Byte
20220313 004037.316 INFO             PET0 PIOc_sync Exit - MemInfo: [malloc] Total free space:                             126368 Byte
20220313 004037.316 INFO             PET0 PIOc_sync Exit - MemInfo: [malloc] Top-most, releasable space:                   121488 Byte
20220313 004037.316 INFO             PET0 PIOc_sync Exit - MemInfo: [malloc] Total space in use, mmap + non-mmap:        13562464 Byte
20220313 004037.316 INFO             PET0 PIOc_sync Exit - MemInfo: [malloc] Total space held (mmap + non-mmap):         13688832 Byte
20220313 004037.316 INFO             PET0 PIOc_sync Exit - MemInfo: [malloc] Total space used (mmap + non-mmap):         13570784 Byte
20220313 004037.316 INFO             PET0 PIOc_sync Exit - MemInfo: Wall-clock time since execution start:                2.75786 seconds
20220313 004037.317 INFO             PET0 PIOc_freedecomp Enter - MemInfo: [/proc/meminfo - SSI]	MemTotal:       65855856 kB
20220313 004037.317 INFO             PET0 PIOc_freedecomp Enter - MemInfo: [/proc/meminfo - SSI]	MemFree:        61042192 kB
20220313 004037.317 INFO             PET0 PIOc_freedecomp Enter - MemInfo: [/proc/meminfo - SSI]	MemAvailable:   60865436 kB
20220313 004037.317 INFO             PET0 PIOc_freedecomp Enter - MemInfo: [/proc/meminfo - SSI]	Committed_AS:    3200952 kB
20220313 004037.317 INFO             PET0 PIOc_freedecomp Enter - MemInfo: [/proc/meminfo - SSI]	CommittedPercent: 4.86054 %
20220313 004037.317 INFO             PET0 PIOc_freedecomp Enter - MemInfo: [/proc/self/status]	VmPeak:	  269608 kB
20220313 004037.317 INFO             PET0 PIOc_freedecomp Enter - MemInfo: [/proc/self/status]	VmSize:	  269584 kB
20220313 004037.317 INFO             PET0 PIOc_freedecomp Enter - MemInfo: [/proc/self/status]	VmLck:	       0 kB
20220313 004037.317 INFO             PET0 PIOc_freedecomp Enter - MemInfo: [/proc/self/status]	VmPin:	       0 kB
20220313 004037.317 INFO             PET0 PIOc_freedecomp Enter - MemInfo: [/proc/self/status]	VmHWM:	   45912 kB
20220313 004037.317 INFO             PET0 PIOc_freedecomp Enter - MemInfo: [/proc/self/status]	VmRSS:	   42316 kB
20220313 004037.317 INFO             PET0 PIOc_freedecomp Enter - MemInfo: [/proc/self/status]	VmData:	   34436 kB
20220313 004037.317 INFO             PET0 PIOc_freedecomp Enter - MemInfo: [/proc/self/status]	VmStk:	     508 kB
20220313 004037.317 INFO             PET0 PIOc_freedecomp Enter - MemInfo: [/proc/self/status]	VmExe:	    1960 kB
20220313 004037.317 INFO             PET0 PIOc_freedecomp Enter - MemInfo: [/proc/self/status]	VmLib:	  133788 kB
20220313 004037.317 INFO             PET0 PIOc_freedecomp Enter - MemInfo: [/proc/self/status]	VmPTE:	     420 kB
20220313 004037.317 INFO             PET0 PIOc_freedecomp Enter - MemInfo: [/proc/self/status]	VmPMD:	      12 kB
20220313 004037.317 INFO             PET0 PIOc_freedecomp Enter - MemInfo: [/proc/self/status]	VmSwap:	       0 kB
20220313 004037.317 INFO             PET0 PIOc_freedecomp Enter - MemInfo: [/proc/self/status]	VmRSSPercent: 0.0642555 %
20220313 004037.317 INFO             PET0 PIOc_freedecomp Enter - MemInfo: [malloc] Non-mmapped space allocated:                10330112 Byte
20220313 004037.317 INFO             PET0 PIOc_freedecomp Enter - MemInfo: [malloc] Space allocated in mmapped regions:          3358720 Byte
20220313 004037.317 INFO             PET0 PIOc_freedecomp Enter - MemInfo: [malloc] Maximum total allocated space:                     0 Byte
20220313 004037.317 INFO             PET0 PIOc_freedecomp Enter - MemInfo: [malloc] Space in freed fastbin blocks:                   192 Byte
20220313 004037.317 INFO             PET0 PIOc_freedecomp Enter - MemInfo: [malloc] Total allocated space:                       1278480 Byte
20220313 004037.317 INFO             PET0 PIOc_freedecomp Enter - MemInfo: [malloc] Total free space:                            9051632 Byte
20220313 004037.317 INFO             PET0 PIOc_freedecomp Enter - MemInfo: [malloc] Top-most, releasable space:                   121264 Byte
20220313 004037.317 INFO             PET0 PIOc_freedecomp Enter - MemInfo: [malloc] Total space in use, mmap + non-mmap:         4637200 Byte
20220313 004037.317 INFO             PET0 PIOc_freedecomp Enter - MemInfo: [malloc] Total space held (mmap + non-mmap):         13688832 Byte
20220313 004037.317 INFO             PET0 PIOc_freedecomp Enter - MemInfo: [malloc] Total space used (mmap + non-mmap):          4645408 Byte
20220313 004037.317 INFO             PET0 PIOc_freedecomp Enter - MemInfo: Wall-clock time since execution start:                2.75838 seconds
20220313 004037.317 INFO             PET0 PIOc_freedecomp Exit - MemInfo: [/proc/meminfo - SSI]	MemTotal:       65855856 kB
20220313 004037.317 INFO             PET0 PIOc_freedecomp Exit - MemInfo: [/proc/meminfo - SSI]	MemFree:        61042192 kB
20220313 004037.317 INFO             PET0 PIOc_freedecomp Exit - MemInfo: [/proc/meminfo - SSI]	MemAvailable:   60865436 kB
20220313 004037.317 INFO             PET0 PIOc_freedecomp Exit - MemInfo: [/proc/meminfo - SSI]	Committed_AS:    3200952 kB
20220313 004037.317 INFO             PET0 PIOc_freedecomp Exit - MemInfo: [/proc/meminfo - SSI]	CommittedPercent: 4.86054 %
20220313 004037.317 INFO             PET0 PIOc_freedecomp Exit - MemInfo: [/proc/self/status]	VmPeak:	  269608 kB
20220313 004037.317 INFO             PET0 PIOc_freedecomp Exit - MemInfo: [/proc/self/status]	VmSize:	  269584 kB
20220313 004037.317 INFO             PET0 PIOc_freedecomp Exit - MemInfo: [/proc/self/status]	VmLck:	       0 kB
20220313 004037.317 INFO             PET0 PIOc_freedecomp Exit - MemInfo: [/proc/self/status]	VmPin:	       0 kB
20220313 004037.317 INFO             PET0 PIOc_freedecomp Exit - MemInfo: [/proc/self/status]	VmHWM:	   45912 kB
20220313 004037.317 INFO             PET0 PIOc_freedecomp Exit - MemInfo: [/proc/self/status]	VmRSS:	   42316 kB
20220313 004037.317 INFO             PET0 PIOc_freedecomp Exit - MemInfo: [/proc/self/status]	VmData:	   34436 kB
20220313 004037.317 INFO             PET0 PIOc_freedecomp Exit - MemInfo: [/proc/self/status]	VmStk:	     508 kB
20220313 004037.317 INFO             PET0 PIOc_freedecomp Exit - MemInfo: [/proc/self/status]	VmExe:	    1960 kB
20220313 004037.317 INFO             PET0 PIOc_freedecomp Exit - MemInfo: [/proc/self/status]	VmLib:	  133788 kB
20220313 004037.317 INFO             PET0 PIOc_freedecomp Exit - MemInfo: [/proc/self/status]	VmPTE:	     420 kB
20220313 004037.317 INFO             PET0 PIOc_freedecomp Exit - MemInfo: [/proc/self/status]	VmPMD:	      12 kB
20220313 004037.317 INFO             PET0 PIOc_freedecomp Exit - MemInfo: [/proc/self/status]	VmSwap:	       0 kB
20220313 004037.317 INFO             PET0 PIOc_freedecomp Exit - MemInfo: [/proc/self/status]	VmRSSPercent: 0.0642555 %
20220313 004037.317 INFO             PET0 PIOc_freedecomp Exit - MemInfo: [malloc] Non-mmapped space allocated:                10330112 Byte
20220313 004037.317 INFO             PET0 PIOc_freedecomp Exit - MemInfo: [malloc] Space allocated in mmapped regions:          3358720 Byte
20220313 004037.317 INFO             PET0 PIOc_freedecomp Exit - MemInfo: [malloc] Maximum total allocated space:                     0 Byte
20220313 004037.317 INFO             PET0 PIOc_freedecomp Exit - MemInfo: [malloc] Space in freed fastbin blocks:                  1440 Byte
20220313 004037.317 INFO             PET0 PIOc_freedecomp Exit - MemInfo: [malloc] Total allocated space:                       1276896 Byte
20220313 004037.317 INFO             PET0 PIOc_freedecomp Exit - MemInfo: [malloc] Total free space:                            9053216 Byte
20220313 004037.317 INFO             PET0 PIOc_freedecomp Exit - MemInfo: [malloc] Top-most, releasable space:                   126960 Byte
20220313 004037.317 INFO             PET0 PIOc_freedecomp Exit - MemInfo: [malloc] Total space in use, mmap + non-mmap:         4635616 Byte
20220313 004037.317 INFO             PET0 PIOc_freedecomp Exit - MemInfo: [malloc] Total space held (mmap + non-mmap):         13688832 Byte
20220313 004037.317 INFO             PET0 PIOc_freedecomp Exit - MemInfo: [malloc] Total space used (mmap + non-mmap):          4643824 Byte
20220313 004037.317 INFO             PET0 PIOc_freedecomp Exit - MemInfo: Wall-clock time since execution start:                2.75874 seconds
20220313 004037.320 INFO             PET0 PIOc_sync Enter - MemInfo: [/proc/meminfo - SSI]	MemTotal:       65855856 kB
20220313 004037.320 INFO             PET0 PIOc_sync Enter - MemInfo: [/proc/meminfo - SSI]	MemFree:        61038160 kB
20220313 004037.320 INFO             PET0 PIOc_sync Enter - MemInfo: [/proc/meminfo - SSI]	MemAvailable:   60861404 kB
20220313 004037.320 INFO             PET0 PIOc_sync Enter - MemInfo: [/proc/meminfo - SSI]	Committed_AS:    3209164 kB
20220313 004037.320 INFO             PET0 PIOc_sync Enter - MemInfo: [/proc/meminfo - SSI]	CommittedPercent: 4.87301 %
20220313 004037.320 INFO             PET0 PIOc_sync Enter - MemInfo: [/proc/self/status]	VmPeak:	  277772 kB
20220313 004037.320 INFO             PET0 PIOc_sync Enter - MemInfo: [/proc/self/status]	VmSize:	  277772 kB
20220313 004037.320 INFO             PET0 PIOc_sync Enter - MemInfo: [/proc/self/status]	VmLck:	       0 kB
20220313 004037.320 INFO             PET0 PIOc_sync Enter - MemInfo: [/proc/self/status]	VmPin:	       0 kB
20220313 004037.320 INFO             PET0 PIOc_sync Enter - MemInfo: [/proc/self/status]	VmHWM:	   46508 kB
20220313 004037.320 INFO             PET0 PIOc_sync Enter - MemInfo: [/proc/self/status]	VmRSS:	   46508 kB
20220313 004037.320 INFO             PET0 PIOc_sync Enter - MemInfo: [/proc/self/status]	VmData:	   42636 kB
20220313 004037.320 INFO             PET0 PIOc_sync Enter - MemInfo: [/proc/self/status]	VmStk:	     508 kB
20220313 004037.320 INFO             PET0 PIOc_sync Enter - MemInfo: [/proc/self/status]	VmExe:	    1960 kB
20220313 004037.320 INFO             PET0 PIOc_sync Enter - MemInfo: [/proc/self/status]	VmLib:	  133788 kB
20220313 004037.320 INFO             PET0 PIOc_sync Enter - MemInfo: [/proc/self/status]	VmPTE:	     432 kB
20220313 004037.320 INFO             PET0 PIOc_sync Enter - MemInfo: [/proc/self/status]	VmPMD:	      12 kB
20220313 004037.320 INFO             PET0 PIOc_sync Enter - MemInfo: [/proc/self/status]	VmSwap:	       0 kB
20220313 004037.320 INFO             PET0 PIOc_sync Enter - MemInfo: [/proc/self/status]	VmRSSPercent: 0.0706209 %
20220313 004037.320 INFO             PET0 PIOc_sync Enter - MemInfo: [malloc] Non-mmapped space allocated:                18726912 Byte
20220313 004037.320 INFO             PET0 PIOc_sync Enter - MemInfo: [malloc] Space allocated in mmapped regions:          3358720 Byte
20220313 004037.320 INFO             PET0 PIOc_sync Enter - MemInfo: [malloc] Maximum total allocated space:                     0 Byte
20220313 004037.320 INFO             PET0 PIOc_sync Enter - MemInfo: [malloc] Space in freed fastbin blocks:                  1488 Byte
20220313 004037.320 INFO             PET0 PIOc_sync Enter - MemInfo: [malloc] Total allocated space:                      10204240 Byte
20220313 004037.320 INFO             PET0 PIOc_sync Enter - MemInfo: [malloc] Total free space:                            8522672 Byte
20220313 004037.320 INFO             PET0 PIOc_sync Enter - MemInfo: [malloc] Top-most, releasable space:                   135136 Byte
20220313 004037.320 INFO             PET0 PIOc_sync Enter - MemInfo: [malloc] Total space in use, mmap + non-mmap:        13562960 Byte
20220313 004037.320 INFO             PET0 PIOc_sync Enter - MemInfo: [malloc] Total space held (mmap + non-mmap):         22085632 Byte
20220313 004037.321 INFO             PET0 PIOc_sync Enter - MemInfo: [malloc] Total space used (mmap + non-mmap):         13571168 Byte
20220313 004037.321 INFO             PET0 PIOc_sync Enter - MemInfo: Wall-clock time since execution start:                2.76207 seconds
20220313 004037.321 INFO             PET0 PIOc_sync Exit - MemInfo: [/proc/meminfo - SSI]	MemTotal:       65855856 kB
20220313 004037.321 INFO             PET0 PIOc_sync Exit - MemInfo: [/proc/meminfo - SSI]	MemFree:        61037656 kB
20220313 004037.321 INFO             PET0 PIOc_sync Exit - MemInfo: [/proc/meminfo - SSI]	MemAvailable:   60860900 kB
20220313 004037.321 INFO             PET0 PIOc_sync Exit - MemInfo: [/proc/meminfo - SSI]	Committed_AS:    3209164 kB
20220313 004037.321 INFO             PET0 PIOc_sync Exit - MemInfo: [/proc/meminfo - SSI]	CommittedPercent: 4.87301 %
20220313 004037.321 INFO             PET0 PIOc_sync Exit - MemInfo: [/proc/self/status]	VmPeak:	  277772 kB
20220313 004037.321 INFO             PET0 PIOc_sync Exit - MemInfo: [/proc/self/status]	VmSize:	  277772 kB
20220313 004037.321 INFO             PET0 PIOc_sync Exit - MemInfo: [/proc/self/status]	VmLck:	       0 kB
20220313 004037.321 INFO             PET0 PIOc_sync Exit - MemInfo: [/proc/self/status]	VmPin:	       0 kB
20220313 004037.321 INFO             PET0 PIOc_sync Exit - MemInfo: [/proc/self/status]	VmHWM:	   46508 kB
20220313 004037.321 INFO             PET0 PIOc_sync Exit - MemInfo: [/proc/self/status]	VmRSS:	   46508 kB
20220313 004037.321 INFO             PET0 PIOc_sync Exit - MemInfo: [/proc/self/status]	VmData:	   42636 kB
20220313 004037.321 INFO             PET0 PIOc_sync Exit - MemInfo: [/proc/self/status]	VmStk:	     508 kB
20220313 004037.321 INFO             PET0 PIOc_sync Exit - MemInfo: [/proc/self/status]	VmExe:	    1960 kB
20220313 004037.321 INFO             PET0 PIOc_sync Exit - MemInfo: [/proc/self/status]	VmLib:	  133788 kB
20220313 004037.321 INFO             PET0 PIOc_sync Exit - MemInfo: [/proc/self/status]	VmPTE:	     432 kB
20220313 004037.321 INFO             PET0 PIOc_sync Exit - MemInfo: [/proc/self/status]	VmPMD:	      12 kB
20220313 004037.321 INFO             PET0 PIOc_sync Exit - MemInfo: [/proc/self/status]	VmSwap:	       0 kB
20220313 004037.321 INFO             PET0 PIOc_sync Exit - MemInfo: [/proc/self/status]	VmRSSPercent: 0.0706209 %
20220313 004037.321 INFO             PET0 PIOc_sync Exit - MemInfo: [malloc] Non-mmapped space allocated:                18726912 Byte
20220313 004037.321 INFO             PET0 PIOc_sync Exit - MemInfo: [malloc] Space allocated in mmapped regions:          3358720 Byte
20220313 004037.321 INFO             PET0 PIOc_sync Exit - MemInfo: [malloc] Maximum total allocated space:                     0 Byte
20220313 004037.321 INFO             PET0 PIOc_sync Exit - MemInfo: [malloc] Space in freed fastbin blocks:                   272 Byte
20220313 004037.321 INFO             PET0 PIOc_sync Exit - MemInfo: [malloc] Total allocated space:                      10205248 Byte
20220313 004037.321 INFO             PET0 PIOc_sync Exit - MemInfo: [malloc] Total free space:                            8521664 Byte
20220313 004037.321 INFO             PET0 PIOc_sync Exit - MemInfo: [malloc] Top-most, releasable space:                   135136 Byte
20220313 004037.321 INFO             PET0 PIOc_sync Exit - MemInfo: [malloc] Total space in use, mmap + non-mmap:        13563968 Byte
20220313 004037.321 INFO             PET0 PIOc_sync Exit - MemInfo: [malloc] Total space held (mmap + non-mmap):         22085632 Byte
20220313 004037.321 INFO             PET0 PIOc_sync Exit - MemInfo: [malloc] Total space used (mmap + non-mmap):         13572288 Byte
20220313 004037.321 INFO             PET0 PIOc_sync Exit - MemInfo: Wall-clock time since execution start:                2.76251 seconds
20220313 004037.321 INFO             PET0 PIOc_freedecomp Enter - MemInfo: [/proc/meminfo - SSI]	MemTotal:       65855856 kB
20220313 004037.321 INFO             PET0 PIOc_freedecomp Enter - MemInfo: [/proc/meminfo - SSI]	MemFree:        61037656 kB
20220313 004037.321 INFO             PET0 PIOc_freedecomp Enter - MemInfo: [/proc/meminfo - SSI]	MemAvailable:   60860900 kB
20220313 004037.321 INFO             PET0 PIOc_freedecomp Enter - MemInfo: [/proc/meminfo - SSI]	Committed_AS:    3209164 kB
20220313 004037.321 INFO             PET0 PIOc_freedecomp Enter - MemInfo: [/proc/meminfo - SSI]	CommittedPercent: 4.87301 %
20220313 004037.321 INFO             PET0 PIOc_freedecomp Enter - MemInfo: [/proc/self/status]	VmPeak:	  277772 kB
20220313 004037.321 INFO             PET0 PIOc_freedecomp Enter - MemInfo: [/proc/self/status]	VmSize:	  277772 kB
20220313 004037.321 INFO             PET0 PIOc_freedecomp Enter - MemInfo: [/proc/self/status]	VmLck:	       0 kB
20220313 004037.321 INFO             PET0 PIOc_freedecomp Enter - MemInfo: [/proc/self/status]	VmPin:	       0 kB
20220313 004037.321 INFO             PET0 PIOc_freedecomp Enter - MemInfo: [/proc/self/status]	VmHWM:	   46508 kB
20220313 004037.321 INFO             PET0 PIOc_freedecomp Enter - MemInfo: [/proc/self/status]	VmRSS:	   46508 kB
20220313 004037.321 INFO             PET0 PIOc_freedecomp Enter - MemInfo: [/proc/self/status]	VmData:	   42636 kB
20220313 004037.321 INFO             PET0 PIOc_freedecomp Enter - MemInfo: [/proc/self/status]	VmStk:	     508 kB
20220313 004037.321 INFO             PET0 PIOc_freedecomp Enter - MemInfo: [/proc/self/status]	VmExe:	    1960 kB
20220313 004037.321 INFO             PET0 PIOc_freedecomp Enter - MemInfo: [/proc/self/status]	VmLib:	  133788 kB
20220313 004037.321 INFO             PET0 PIOc_freedecomp Enter - MemInfo: [/proc/self/status]	VmPTE:	     432 kB
20220313 004037.321 INFO             PET0 PIOc_freedecomp Enter - MemInfo: [/proc/self/status]	VmPMD:	      12 kB
20220313 004037.321 INFO             PET0 PIOc_freedecomp Enter - MemInfo: [/proc/self/status]	VmSwap:	       0 kB
20220313 004037.321 INFO             PET0 PIOc_freedecomp Enter - MemInfo: [/proc/self/status]	VmRSSPercent: 0.0706209 %
20220313 004037.321 INFO             PET0 PIOc_freedecomp Enter - MemInfo: [malloc] Non-mmapped space allocated:                18726912 Byte
20220313 004037.321 INFO             PET0 PIOc_freedecomp Enter - MemInfo: [malloc] Space allocated in mmapped regions:          3358720 Byte
20220313 004037.321 INFO             PET0 PIOc_freedecomp Enter - MemInfo: [malloc] Maximum total allocated space:                     0 Byte
20220313 004037.321 INFO             PET0 PIOc_freedecomp Enter - MemInfo: [malloc] Space in freed fastbin blocks:                   272 Byte
20220313 004037.321 INFO             PET0 PIOc_freedecomp Enter - MemInfo: [malloc] Total allocated space:                       1279184 Byte
20220313 004037.321 INFO             PET0 PIOc_freedecomp Enter - MemInfo: [malloc] Total free space:                           17447728 Byte
20220313 004037.321 INFO             PET0 PIOc_freedecomp Enter - MemInfo: [malloc] Top-most, releasable space:                  8523760 Byte
20220313 004037.321 INFO             PET0 PIOc_freedecomp Enter - MemInfo: [malloc] Total space in use, mmap + non-mmap:         4637904 Byte
20220313 004037.321 INFO             PET0 PIOc_freedecomp Enter - MemInfo: [malloc] Total space held (mmap + non-mmap):         22085632 Byte
20220313 004037.322 INFO             PET0 PIOc_freedecomp Enter - MemInfo: [malloc] Total space used (mmap + non-mmap):          4646112 Byte
20220313 004037.322 INFO             PET0 PIOc_freedecomp Enter - MemInfo: Wall-clock time since execution start:                2.76307 seconds
20220313 004037.322 INFO             PET0 PIOc_freedecomp Exit - MemInfo: [/proc/meminfo - SSI]	MemTotal:       65855856 kB
20220313 004037.322 INFO             PET0 PIOc_freedecomp Exit - MemInfo: [/proc/meminfo - SSI]	MemFree:        61037656 kB
20220313 004037.322 INFO             PET0 PIOc_freedecomp Exit - MemInfo: [/proc/meminfo - SSI]	MemAvailable:   60860900 kB
20220313 004037.322 INFO             PET0 PIOc_freedecomp Exit - MemInfo: [/proc/meminfo - SSI]	Committed_AS:    3209164 kB
20220313 004037.322 INFO             PET0 PIOc_freedecomp Exit - MemInfo: [/proc/meminfo - SSI]	CommittedPercent: 4.87301 %
20220313 004037.322 INFO             PET0 PIOc_freedecomp Exit - MemInfo: [/proc/self/status]	VmPeak:	  277772 kB
20220313 004037.322 INFO             PET0 PIOc_freedecomp Exit - MemInfo: [/proc/self/status]	VmSize:	  277772 kB
20220313 004037.322 INFO             PET0 PIOc_freedecomp Exit - MemInfo: [/proc/self/status]	VmLck:	       0 kB
20220313 004037.322 INFO             PET0 PIOc_freedecomp Exit - MemInfo: [/proc/self/status]	VmPin:	       0 kB
20220313 004037.322 INFO             PET0 PIOc_freedecomp Exit - MemInfo: [/proc/self/status]	VmHWM:	   46508 kB
20220313 004037.322 INFO             PET0 PIOc_freedecomp Exit - MemInfo: [/proc/self/status]	VmRSS:	   46508 kB
20220313 004037.322 INFO             PET0 PIOc_freedecomp Exit - MemInfo: [/proc/self/status]	VmData:	   42636 kB
20220313 004037.322 INFO             PET0 PIOc_freedecomp Exit - MemInfo: [/proc/self/status]	VmStk:	     508 kB
20220313 004037.322 INFO             PET0 PIOc_freedecomp Exit - MemInfo: [/proc/self/status]	VmExe:	    1960 kB
20220313 004037.322 INFO             PET0 PIOc_freedecomp Exit - MemInfo: [/proc/self/status]	VmLib:	  133788 kB
20220313 004037.322 INFO             PET0 PIOc_freedecomp Exit - MemInfo: [/proc/self/status]	VmPTE:	     432 kB
20220313 004037.322 INFO             PET0 PIOc_freedecomp Exit - MemInfo: [/proc/self/status]	VmPMD:	      12 kB
20220313 004037.322 INFO             PET0 PIOc_freedecomp Exit - MemInfo: [/proc/self/status]	VmSwap:	       0 kB
20220313 004037.322 INFO             PET0 PIOc_freedecomp Exit - MemInfo: [/proc/self/status]	VmRSSPercent: 0.0706209 %
20220313 004037.322 INFO             PET0 PIOc_freedecomp Exit - MemInfo: [malloc] Non-mmapped space allocated:                18726912 Byte
20220313 004037.322 INFO             PET0 PIOc_freedecomp Exit - MemInfo: [malloc] Space allocated in mmapped regions:          3358720 Byte
20220313 004037.322 INFO             PET0 PIOc_freedecomp Exit - MemInfo: [malloc] Maximum total allocated space:                     0 Byte
20220313 004037.322 INFO             PET0 PIOc_freedecomp Exit - MemInfo: [malloc] Space in freed fastbin blocks:                  1552 Byte
20220313 004037.322 INFO             PET0 PIOc_freedecomp Exit - MemInfo: [malloc] Total allocated space:                       1277472 Byte
20220313 004037.322 INFO             PET0 PIOc_freedecomp Exit - MemInfo: [malloc] Total free space:                           17449440 Byte
20220313 004037.322 INFO             PET0 PIOc_freedecomp Exit - MemInfo: [malloc] Top-most, releasable space:                  8523760 Byte
20220313 004037.322 INFO             PET0 PIOc_freedecomp Exit - MemInfo: [malloc] Total space in use, mmap + non-mmap:         4636192 Byte
20220313 004037.322 INFO             PET0 PIOc_freedecomp Exit - MemInfo: [malloc] Total space held (mmap + non-mmap):         22085632 Byte
20220313 004037.322 INFO             PET0 PIOc_freedecomp Exit - MemInfo: [malloc] Total space used (mmap + non-mmap):          4644400 Byte
20220313 004037.322 INFO             PET0 PIOc_freedecomp Exit - MemInfo: Wall-clock time since execution start:                2.76347 seconds
20220313 004037.349 INFO             PET0  NUMBER_OF_PROCESSORS           4
20220313 004037.349 INFO             PET0  PASS  Example ESMF_RHandleBitForBitEx, ESMF_RHandleBitForBitEx.F90, line 1557
20220313 004037.349 INFO             PET0 Finalizing ESMF
20220313 004034.579 INFO             PET1 !!!!!!!!!!!!!!!!!!!!!!!!!!!!!!!!!!!!!!!!!!!!!!!!!!!!!!
20220313 004034.579 INFO             PET1 !!! THE ESMF_LOG IS SET TO OUTPUT ALL LOG MESSAGES !!!
20220313 004034.579 INFO             PET1 !!!     THIS MAY CAUSE SLOWDOWN IN PERFORMANCE     !!!
20220313 004034.579 INFO             PET1 !!! FOR PRODUCTION RUNS, USE:                      !!!
20220313 004034.579 INFO             PET1 !!!                   ESMF_LOGKIND_Multi_On_Error  !!!
20220313 004034.579 INFO             PET1 !!!!!!!!!!!!!!!!!!!!!!!!!!!!!!!!!!!!!!!!!!!!!!!!!!!!!!
20220313 004034.579 INFO             PET1 Running with ESMF Version   : v8.3.0b09-96-g559b459836
20220313 004034.579 INFO             PET1 ESMF library build date/time: "Mar 13 2022" "00:01:08"
20220313 004034.579 INFO             PET1 ESMF library build location : /lustre/f2/dev/ncep/Mark.Potts/intel_2019.5_mpi_g_jedwards_pio_update2
20220313 004034.579 INFO             PET1 ESMF_COMM                   : mpi
20220313 004034.581 INFO             PET1 ESMF_MOAB                   : enabled
20220313 004034.581 INFO             PET1 ESMF_LAPACK                 : enabled
20220313 004034.581 INFO             PET1 ESMF_NETCDF                 : enabled
20220313 004034.581 INFO             PET1 ESMF_PNETCDF                : disabled
20220313 004034.581 INFO             PET1 ESMF_PIO                    : enabled
20220313 004034.581 INFO             PET1 ESMF_YAMLCPP                : enabled
20220313 004034.608 INFO             PET1 PIOc_sync Enter - MemInfo: [/proc/meminfo - SSI]	MemTotal:       65855856 kB
20220313 004034.609 INFO             PET1 PIOc_sync Enter - MemInfo: [/proc/meminfo - SSI]	MemFree:        61041224 kB
20220313 004034.609 INFO             PET1 PIOc_sync Enter - MemInfo: [/proc/meminfo - SSI]	MemAvailable:   60863280 kB
20220313 004034.609 INFO             PET1 PIOc_sync Enter - MemInfo: [/proc/meminfo - SSI]	Committed_AS:    3200540 kB
20220313 004034.609 INFO             PET1 PIOc_sync Enter - MemInfo: [/proc/meminfo - SSI]	CommittedPercent: 4.85992 %
20220313 004034.609 INFO             PET1 PIOc_sync Enter - MemInfo: [/proc/self/status]	VmPeak:	  260244 kB
20220313 004034.609 INFO             PET1 PIOc_sync Enter - MemInfo: [/proc/self/status]	VmSize:	  260124 kB
20220313 004034.609 INFO             PET1 PIOc_sync Enter - MemInfo: [/proc/self/status]	VmLck:	       0 kB
20220313 004034.609 INFO             PET1 PIOc_sync Enter - MemInfo: [/proc/self/status]	VmPin:	       0 kB
20220313 004034.609 INFO             PET1 PIOc_sync Enter - MemInfo: [/proc/self/status]	VmHWM:	   35668 kB
20220313 004034.609 INFO             PET1 PIOc_sync Enter - MemInfo: [/proc/self/status]	VmRSS:	   35668 kB
20220313 004034.609 INFO             PET1 PIOc_sync Enter - MemInfo: [/proc/self/status]	VmData:	   24952 kB
20220313 004034.609 INFO             PET1 PIOc_sync Enter - MemInfo: [/proc/self/status]	VmStk:	     508 kB
20220313 004034.609 INFO             PET1 PIOc_sync Enter - MemInfo: [/proc/self/status]	VmExe:	    1960 kB
20220313 004034.609 INFO             PET1 PIOc_sync Enter - MemInfo: [/proc/self/status]	VmLib:	  133788 kB
20220313 004034.609 INFO             PET1 PIOc_sync Enter - MemInfo: [/proc/self/status]	VmPTE:	     388 kB
20220313 004034.609 INFO             PET1 PIOc_sync Enter - MemInfo: [/proc/self/status]	VmPMD:	      12 kB
20220313 004034.609 INFO             PET1 PIOc_sync Enter - MemInfo: [/proc/self/status]	VmSwap:	       0 kB
20220313 004034.609 INFO             PET1 PIOc_sync Enter - MemInfo: [/proc/self/status]	VmRSSPercent: 0.0541607 %
20220313 004034.609 INFO             PET1 PIOc_sync Enter - MemInfo: [malloc] Non-mmapped space allocated:                  950272 Byte
20220313 004034.609 INFO             PET1 PIOc_sync Enter - MemInfo: [malloc] Space allocated in mmapped regions:          3026944 Byte
20220313 004034.609 INFO             PET1 PIOc_sync Enter - MemInfo: [malloc] Maximum total allocated space:                     0 Byte
20220313 004034.609 INFO             PET1 PIOc_sync Enter - MemInfo: [malloc] Space in freed fastbin blocks:                     0 Byte
20220313 004034.609 INFO             PET1 PIOc_sync Enter - MemInfo: [malloc] Total allocated space:                        839840 Byte
20220313 004034.609 INFO             PET1 PIOc_sync Enter - MemInfo: [malloc] Total free space:                             110432 Byte
20220313 004034.609 INFO             PET1 PIOc_sync Enter - MemInfo: [malloc] Top-most, releasable space:                   110400 Byte
20220313 004034.609 INFO             PET1 PIOc_sync Enter - MemInfo: [malloc] Total space in use, mmap + non-mmap:         3866784 Byte
20220313 004034.609 INFO             PET1 PIOc_sync Enter - MemInfo: [malloc] Total space held (mmap + non-mmap):          3977216 Byte
20220313 004034.609 INFO             PET1 PIOc_sync Enter - MemInfo: [malloc] Total space used (mmap + non-mmap):          3876480 Byte
20220313 004034.609 INFO             PET1 PIOc_sync Enter - MemInfo: Wall-clock time since execution start:              0.0502398 seconds
20220313 004037.307 INFO             PET1 PIOc_sync Exit - MemInfo: [/proc/meminfo - SSI]	MemTotal:       65855856 kB
20220313 004037.307 INFO             PET1 PIOc_sync Exit - MemInfo: [/proc/meminfo - SSI]	MemFree:        61038664 kB
20220313 004037.307 INFO             PET1 PIOc_sync Exit - MemInfo: [/proc/meminfo - SSI]	MemAvailable:   60861908 kB
20220313 004037.307 INFO             PET1 PIOc_sync Exit - MemInfo: [/proc/meminfo - SSI]	Committed_AS:    3200540 kB
20220313 004037.307 INFO             PET1 PIOc_sync Exit - MemInfo: [/proc/meminfo - SSI]	CommittedPercent: 4.85992 %
20220313 004037.307 INFO             PET1 PIOc_sync Exit - MemInfo: [/proc/self/status]	VmPeak:	  260244 kB
20220313 004037.307 INFO             PET1 PIOc_sync Exit - MemInfo: [/proc/self/status]	VmSize:	  260124 kB
20220313 004037.307 INFO             PET1 PIOc_sync Exit - MemInfo: [/proc/self/status]	VmLck:	       0 kB
20220313 004037.307 INFO             PET1 PIOc_sync Exit - MemInfo: [/proc/self/status]	VmPin:	       0 kB
20220313 004037.307 INFO             PET1 PIOc_sync Exit - MemInfo: [/proc/self/status]	VmHWM:	   35668 kB
20220313 004037.307 INFO             PET1 PIOc_sync Exit - MemInfo: [/proc/self/status]	VmRSS:	   35668 kB
20220313 004037.307 INFO             PET1 PIOc_sync Exit - MemInfo: [/proc/self/status]	VmData:	   24952 kB
20220313 004037.307 INFO             PET1 PIOc_sync Exit - MemInfo: [/proc/self/status]	VmStk:	     508 kB
20220313 004037.307 INFO             PET1 PIOc_sync Exit - MemInfo: [/proc/self/status]	VmExe:	    1960 kB
20220313 004037.307 INFO             PET1 PIOc_sync Exit - MemInfo: [/proc/self/status]	VmLib:	  133788 kB
20220313 004037.307 INFO             PET1 PIOc_sync Exit - MemInfo: [/proc/self/status]	VmPTE:	     388 kB
20220313 004037.307 INFO             PET1 PIOc_sync Exit - MemInfo: [/proc/self/status]	VmPMD:	      12 kB
20220313 004037.307 INFO             PET1 PIOc_sync Exit - MemInfo: [/proc/self/status]	VmSwap:	       0 kB
20220313 004037.307 INFO             PET1 PIOc_sync Exit - MemInfo: [/proc/self/status]	VmRSSPercent: 0.0541607 %
20220313 004037.307 INFO             PET1 PIOc_sync Exit - MemInfo: [malloc] Non-mmapped space allocated:                  950272 Byte
20220313 004037.307 INFO             PET1 PIOc_sync Exit - MemInfo: [malloc] Space allocated in mmapped regions:          3026944 Byte
20220313 004037.307 INFO             PET1 PIOc_sync Exit - MemInfo: [malloc] Maximum total allocated space:                     0 Byte
20220313 004037.307 INFO             PET1 PIOc_sync Exit - MemInfo: [malloc] Space in freed fastbin blocks:                     0 Byte
20220313 004037.307 INFO             PET1 PIOc_sync Exit - MemInfo: [malloc] Total allocated space:                        842368 Byte
20220313 004037.307 INFO             PET1 PIOc_sync Exit - MemInfo: [malloc] Total free space:                             107904 Byte
20220313 004037.307 INFO             PET1 PIOc_sync Exit - MemInfo: [malloc] Top-most, releasable space:                   107904 Byte
20220313 004037.307 INFO             PET1 PIOc_sync Exit - MemInfo: [malloc] Total space in use, mmap + non-mmap:         3869312 Byte
20220313 004037.307 INFO             PET1 PIOc_sync Exit - MemInfo: [malloc] Total space held (mmap + non-mmap):          3977216 Byte
20220313 004037.307 INFO             PET1 PIOc_sync Exit - MemInfo: [malloc] Total space used (mmap + non-mmap):          3877856 Byte
20220313 004037.307 INFO             PET1 PIOc_sync Exit - MemInfo: Wall-clock time since execution start:                2.74825 seconds
20220313 004037.307 INFO             PET1 PIOc_freedecomp Enter - MemInfo: [/proc/meminfo - SSI]	MemTotal:       65855856 kB
20220313 004037.307 INFO             PET1 PIOc_freedecomp Enter - MemInfo: [/proc/meminfo - SSI]	MemFree:        61045216 kB
20220313 004037.307 INFO             PET1 PIOc_freedecomp Enter - MemInfo: [/proc/meminfo - SSI]	MemAvailable:   60868460 kB
20220313 004037.308 INFO             PET1 PIOc_freedecomp Enter - MemInfo: [/proc/meminfo - SSI]	Committed_AS:    3192668 kB
20220313 004037.308 INFO             PET1 PIOc_freedecomp Enter - MemInfo: [/proc/meminfo - SSI]	CommittedPercent: 4.84796 %
20220313 004037.308 INFO             PET1 PIOc_freedecomp Enter - MemInfo: [/proc/self/status]	VmPeak:	  260244 kB
20220313 004037.308 INFO             PET1 PIOc_freedecomp Enter - MemInfo: [/proc/self/status]	VmSize:	  260124 kB
20220313 004037.308 INFO             PET1 PIOc_freedecomp Enter - MemInfo: [/proc/self/status]	VmLck:	       0 kB
20220313 004037.308 INFO             PET1 PIOc_freedecomp Enter - MemInfo: [/proc/self/status]	VmPin:	       0 kB
20220313 004037.308 INFO             PET1 PIOc_freedecomp Enter - MemInfo: [/proc/self/status]	VmHWM:	   35668 kB
20220313 004037.308 INFO             PET1 PIOc_freedecomp Enter - MemInfo: [/proc/self/status]	VmRSS:	   35668 kB
20220313 004037.308 INFO             PET1 PIOc_freedecomp Enter - MemInfo: [/proc/self/status]	VmData:	   24952 kB
20220313 004037.308 INFO             PET1 PIOc_freedecomp Enter - MemInfo: [/proc/self/status]	VmStk:	     508 kB
20220313 004037.308 INFO             PET1 PIOc_freedecomp Enter - MemInfo: [/proc/self/status]	VmExe:	    1960 kB
20220313 004037.308 INFO             PET1 PIOc_freedecomp Enter - MemInfo: [/proc/self/status]	VmLib:	  133788 kB
20220313 004037.308 INFO             PET1 PIOc_freedecomp Enter - MemInfo: [/proc/self/status]	VmPTE:	     388 kB
20220313 004037.308 INFO             PET1 PIOc_freedecomp Enter - MemInfo: [/proc/self/status]	VmPMD:	      12 kB
20220313 004037.308 INFO             PET1 PIOc_freedecomp Enter - MemInfo: [/proc/self/status]	VmSwap:	       0 kB
20220313 004037.308 INFO             PET1 PIOc_freedecomp Enter - MemInfo: [/proc/self/status]	VmRSSPercent: 0.0541607 %
20220313 004037.308 INFO             PET1 PIOc_freedecomp Enter - MemInfo: [malloc] Non-mmapped space allocated:                  950272 Byte
20220313 004037.308 INFO             PET1 PIOc_freedecomp Enter - MemInfo: [malloc] Space allocated in mmapped regions:          3026944 Byte
20220313 004037.308 INFO             PET1 PIOc_freedecomp Enter - MemInfo: [malloc] Maximum total allocated space:                     0 Byte
20220313 004037.308 INFO             PET1 PIOc_freedecomp Enter - MemInfo: [malloc] Space in freed fastbin blocks:                     0 Byte
20220313 004037.308 INFO             PET1 PIOc_freedecomp Enter - MemInfo: [malloc] Total allocated space:                        843136 Byte
20220313 004037.308 INFO             PET1 PIOc_freedecomp Enter - MemInfo: [malloc] Total free space:                             107136 Byte
20220313 004037.308 INFO             PET1 PIOc_freedecomp Enter - MemInfo: [malloc] Top-most, releasable space:                   107136 Byte
20220313 004037.308 INFO             PET1 PIOc_freedecomp Enter - MemInfo: [malloc] Total space in use, mmap + non-mmap:         3870080 Byte
20220313 004037.308 INFO             PET1 PIOc_freedecomp Enter - MemInfo: [malloc] Total space held (mmap + non-mmap):          3977216 Byte
20220313 004037.308 INFO             PET1 PIOc_freedecomp Enter - MemInfo: [malloc] Total space used (mmap + non-mmap):          3878656 Byte
20220313 004037.308 INFO             PET1 PIOc_freedecomp Enter - MemInfo: Wall-clock time since execution start:                2.74918 seconds
20220313 004037.308 INFO             PET1 PIOc_freedecomp Exit - MemInfo: [/proc/meminfo - SSI]	MemTotal:       65855856 kB
20220313 004037.308 INFO             PET1 PIOc_freedecomp Exit - MemInfo: [/proc/meminfo - SSI]	MemFree:        61045216 kB
20220313 004037.308 INFO             PET1 PIOc_freedecomp Exit - MemInfo: [/proc/meminfo - SSI]	MemAvailable:   60868460 kB
20220313 004037.308 INFO             PET1 PIOc_freedecomp Exit - MemInfo: [/proc/meminfo - SSI]	Committed_AS:    3192668 kB
20220313 004037.308 INFO             PET1 PIOc_freedecomp Exit - MemInfo: [/proc/meminfo - SSI]	CommittedPercent: 4.84796 %
20220313 004037.308 INFO             PET1 PIOc_freedecomp Exit - MemInfo: [/proc/self/status]	VmPeak:	  260244 kB
20220313 004037.308 INFO             PET1 PIOc_freedecomp Exit - MemInfo: [/proc/self/status]	VmSize:	  260124 kB
20220313 004037.308 INFO             PET1 PIOc_freedecomp Exit - MemInfo: [/proc/self/status]	VmLck:	       0 kB
20220313 004037.308 INFO             PET1 PIOc_freedecomp Exit - MemInfo: [/proc/self/status]	VmPin:	       0 kB
20220313 004037.308 INFO             PET1 PIOc_freedecomp Exit - MemInfo: [/proc/self/status]	VmHWM:	   35668 kB
20220313 004037.308 INFO             PET1 PIOc_freedecomp Exit - MemInfo: [/proc/self/status]	VmRSS:	   35668 kB
20220313 004037.308 INFO             PET1 PIOc_freedecomp Exit - MemInfo: [/proc/self/status]	VmData:	   24952 kB
20220313 004037.308 INFO             PET1 PIOc_freedecomp Exit - MemInfo: [/proc/self/status]	VmStk:	     508 kB
20220313 004037.308 INFO             PET1 PIOc_freedecomp Exit - MemInfo: [/proc/self/status]	VmExe:	    1960 kB
20220313 004037.308 INFO             PET1 PIOc_freedecomp Exit - MemInfo: [/proc/self/status]	VmLib:	  133788 kB
20220313 004037.308 INFO             PET1 PIOc_freedecomp Exit - MemInfo: [/proc/self/status]	VmPTE:	     388 kB
20220313 004037.308 INFO             PET1 PIOc_freedecomp Exit - MemInfo: [/proc/self/status]	VmPMD:	      12 kB
20220313 004037.308 INFO             PET1 PIOc_freedecomp Exit - MemInfo: [/proc/self/status]	VmSwap:	       0 kB
20220313 004037.308 INFO             PET1 PIOc_freedecomp Exit - MemInfo: [/proc/self/status]	VmRSSPercent: 0.0541607 %
20220313 004037.308 INFO             PET1 PIOc_freedecomp Exit - MemInfo: [malloc] Non-mmapped space allocated:                  950272 Byte
20220313 004037.308 INFO             PET1 PIOc_freedecomp Exit - MemInfo: [malloc] Space allocated in mmapped regions:          3026944 Byte
20220313 004037.308 INFO             PET1 PIOc_freedecomp Exit - MemInfo: [malloc] Maximum total allocated space:                     0 Byte
20220313 004037.308 INFO             PET1 PIOc_freedecomp Exit - MemInfo: [malloc] Space in freed fastbin blocks:                   112 Byte
20220313 004037.308 INFO             PET1 PIOc_freedecomp Exit - MemInfo: [malloc] Total allocated space:                        843872 Byte
20220313 004037.308 INFO             PET1 PIOc_freedecomp Exit - MemInfo: [malloc] Total free space:                             106400 Byte
20220313 004037.308 INFO             PET1 PIOc_freedecomp Exit - MemInfo: [malloc] Top-most, releasable space:                   106288 Byte
20220313 004037.308 INFO             PET1 PIOc_freedecomp Exit - MemInfo: [malloc] Total space in use, mmap + non-mmap:         3870816 Byte
20220313 004037.308 INFO             PET1 PIOc_freedecomp Exit - MemInfo: [malloc] Total space held (mmap + non-mmap):          3977216 Byte
20220313 004037.308 INFO             PET1 PIOc_freedecomp Exit - MemInfo: [malloc] Total space used (mmap + non-mmap):          3879360 Byte
20220313 004037.308 INFO             PET1 PIOc_freedecomp Exit - MemInfo: Wall-clock time since execution start:                2.74956 seconds
20220313 004037.312 INFO             PET1 PIOc_sync Enter - MemInfo: [/proc/meminfo - SSI]	MemTotal:       65855856 kB
20220313 004037.312 INFO             PET1 PIOc_sync Enter - MemInfo: [/proc/meminfo - SSI]	MemFree:        61042696 kB
20220313 004037.312 INFO             PET1 PIOc_sync Enter - MemInfo: [/proc/meminfo - SSI]	MemAvailable:   60865940 kB
20220313 004037.312 INFO             PET1 PIOc_sync Enter - MemInfo: [/proc/meminfo - SSI]	Committed_AS:    3200952 kB
20220313 004037.312 INFO             PET1 PIOc_sync Enter - MemInfo: [/proc/meminfo - SSI]	CommittedPercent: 4.86054 %
20220313 004037.312 INFO             PET1 PIOc_sync Enter - MemInfo: [/proc/self/status]	VmPeak:	  260244 kB
20220313 004037.312 INFO             PET1 PIOc_sync Enter - MemInfo: [/proc/self/status]	VmSize:	  260124 kB
20220313 004037.312 INFO             PET1 PIOc_sync Enter - MemInfo: [/proc/self/status]	VmLck:	       0 kB
20220313 004037.312 INFO             PET1 PIOc_sync Enter - MemInfo: [/proc/self/status]	VmPin:	       0 kB
20220313 004037.312 INFO             PET1 PIOc_sync Enter - MemInfo: [/proc/self/status]	VmHWM:	   35836 kB
20220313 004037.312 INFO             PET1 PIOc_sync Enter - MemInfo: [/proc/self/status]	VmRSS:	   35820 kB
20220313 004037.312 INFO             PET1 PIOc_sync Enter - MemInfo: [/proc/self/status]	VmData:	   24952 kB
20220313 004037.312 INFO             PET1 PIOc_sync Enter - MemInfo: [/proc/self/status]	VmStk:	     508 kB
20220313 004037.312 INFO             PET1 PIOc_sync Enter - MemInfo: [/proc/self/status]	VmExe:	    1960 kB
20220313 004037.312 INFO             PET1 PIOc_sync Enter - MemInfo: [/proc/self/status]	VmLib:	  133788 kB
20220313 004037.312 INFO             PET1 PIOc_sync Enter - MemInfo: [/proc/self/status]	VmPTE:	     388 kB
20220313 004037.312 INFO             PET1 PIOc_sync Enter - MemInfo: [/proc/self/status]	VmPMD:	      12 kB
20220313 004037.312 INFO             PET1 PIOc_sync Enter - MemInfo: [/proc/self/status]	VmSwap:	       0 kB
20220313 004037.312 INFO             PET1 PIOc_sync Enter - MemInfo: [/proc/self/status]	VmRSSPercent: 0.0543915 %
20220313 004037.312 INFO             PET1 PIOc_sync Enter - MemInfo: [malloc] Non-mmapped space allocated:                  950272 Byte
20220313 004037.312 INFO             PET1 PIOc_sync Enter - MemInfo: [malloc] Space allocated in mmapped regions:          3026944 Byte
20220313 004037.312 INFO             PET1 PIOc_sync Enter - MemInfo: [malloc] Maximum total allocated space:                     0 Byte
20220313 004037.312 INFO             PET1 PIOc_sync Enter - MemInfo: [malloc] Space in freed fastbin blocks:                    32 Byte
20220313 004037.312 INFO             PET1 PIOc_sync Enter - MemInfo: [malloc] Total allocated space:                        845824 Byte
20220313 004037.312 INFO             PET1 PIOc_sync Enter - MemInfo: [malloc] Total free space:                             104448 Byte
20220313 004037.312 INFO             PET1 PIOc_sync Enter - MemInfo: [malloc] Top-most, releasable space:                   103840 Byte
20220313 004037.312 INFO             PET1 PIOc_sync Enter - MemInfo: [malloc] Total space in use, mmap + non-mmap:         3872768 Byte
20220313 004037.312 INFO             PET1 PIOc_sync Enter - MemInfo: [malloc] Total space held (mmap + non-mmap):          3977216 Byte
20220313 004037.312 INFO             PET1 PIOc_sync Enter - MemInfo: [malloc] Total space used (mmap + non-mmap):          3880976 Byte
20220313 004037.312 INFO             PET1 PIOc_sync Enter - MemInfo: Wall-clock time since execution start:                2.75359 seconds
20220313 004037.312 INFO             PET1 PIOc_sync Exit - MemInfo: [/proc/meminfo - SSI]	MemTotal:       65855856 kB
20220313 004037.312 INFO             PET1 PIOc_sync Exit - MemInfo: [/proc/meminfo - SSI]	MemFree:        61042696 kB
20220313 004037.312 INFO             PET1 PIOc_sync Exit - MemInfo: [/proc/meminfo - SSI]	MemAvailable:   60865940 kB
20220313 004037.312 INFO             PET1 PIOc_sync Exit - MemInfo: [/proc/meminfo - SSI]	Committed_AS:    3200952 kB
20220313 004037.312 INFO             PET1 PIOc_sync Exit - MemInfo: [/proc/meminfo - SSI]	CommittedPercent: 4.86054 %
20220313 004037.312 INFO             PET1 PIOc_sync Exit - MemInfo: [/proc/self/status]	VmPeak:	  260244 kB
20220313 004037.312 INFO             PET1 PIOc_sync Exit - MemInfo: [/proc/self/status]	VmSize:	  260124 kB
20220313 004037.312 INFO             PET1 PIOc_sync Exit - MemInfo: [/proc/self/status]	VmLck:	       0 kB
20220313 004037.312 INFO             PET1 PIOc_sync Exit - MemInfo: [/proc/self/status]	VmPin:	       0 kB
20220313 004037.312 INFO             PET1 PIOc_sync Exit - MemInfo: [/proc/self/status]	VmHWM:	   35836 kB
20220313 004037.312 INFO             PET1 PIOc_sync Exit - MemInfo: [/proc/self/status]	VmRSS:	   35820 kB
20220313 004037.312 INFO             PET1 PIOc_sync Exit - MemInfo: [/proc/self/status]	VmData:	   24952 kB
20220313 004037.312 INFO             PET1 PIOc_sync Exit - MemInfo: [/proc/self/status]	VmStk:	     508 kB
20220313 004037.312 INFO             PET1 PIOc_sync Exit - MemInfo: [/proc/self/status]	VmExe:	    1960 kB
20220313 004037.312 INFO             PET1 PIOc_sync Exit - MemInfo: [/proc/self/status]	VmLib:	  133788 kB
20220313 004037.312 INFO             PET1 PIOc_sync Exit - MemInfo: [/proc/self/status]	VmPTE:	     392 kB
20220313 004037.312 INFO             PET1 PIOc_sync Exit - MemInfo: [/proc/self/status]	VmPMD:	      12 kB
20220313 004037.312 INFO             PET1 PIOc_sync Exit - MemInfo: [/proc/self/status]	VmSwap:	       0 kB
20220313 004037.313 INFO             PET1 PIOc_sync Exit - MemInfo: [/proc/self/status]	VmRSSPercent: 0.0543915 %
20220313 004037.313 INFO             PET1 PIOc_sync Exit - MemInfo: [malloc] Non-mmapped space allocated:                  950272 Byte
20220313 004037.313 INFO             PET1 PIOc_sync Exit - MemInfo: [malloc] Space allocated in mmapped regions:          3026944 Byte
20220313 004037.313 INFO             PET1 PIOc_sync Exit - MemInfo: [malloc] Maximum total allocated space:                     0 Byte
20220313 004037.313 INFO             PET1 PIOc_sync Exit - MemInfo: [malloc] Space in freed fastbin blocks:                     0 Byte
20220313 004037.313 INFO             PET1 PIOc_sync Exit - MemInfo: [malloc] Total allocated space:                        846288 Byte
20220313 004037.313 INFO             PET1 PIOc_sync Exit - MemInfo: [malloc] Total free space:                             103984 Byte
20220313 004037.313 INFO             PET1 PIOc_sync Exit - MemInfo: [malloc] Top-most, releasable space:                   103616 Byte
20220313 004037.313 INFO             PET1 PIOc_sync Exit - MemInfo: [malloc] Total space in use, mmap + non-mmap:         3873232 Byte
20220313 004037.313 INFO             PET1 PIOc_sync Exit - MemInfo: [malloc] Total space held (mmap + non-mmap):          3977216 Byte
20220313 004037.313 INFO             PET1 PIOc_sync Exit - MemInfo: [malloc] Total space used (mmap + non-mmap):          3881440 Byte
20220313 004037.313 INFO             PET1 PIOc_sync Exit - MemInfo: Wall-clock time since execution start:                2.75403 seconds
20220313 004037.313 INFO             PET1 PIOc_freedecomp Enter - MemInfo: [/proc/meminfo - SSI]	MemTotal:       65855856 kB
20220313 004037.313 INFO             PET1 PIOc_freedecomp Enter - MemInfo: [/proc/meminfo - SSI]	MemFree:        61042696 kB
20220313 004037.313 INFO             PET1 PIOc_freedecomp Enter - MemInfo: [/proc/meminfo - SSI]	MemAvailable:   60865940 kB
20220313 004037.313 INFO             PET1 PIOc_freedecomp Enter - MemInfo: [/proc/meminfo - SSI]	Committed_AS:    3200952 kB
20220313 004037.313 INFO             PET1 PIOc_freedecomp Enter - MemInfo: [/proc/meminfo - SSI]	CommittedPercent: 4.86054 %
20220313 004037.313 INFO             PET1 PIOc_freedecomp Enter - MemInfo: [/proc/self/status]	VmPeak:	  260244 kB
20220313 004037.313 INFO             PET1 PIOc_freedecomp Enter - MemInfo: [/proc/self/status]	VmSize:	  260124 kB
20220313 004037.313 INFO             PET1 PIOc_freedecomp Enter - MemInfo: [/proc/self/status]	VmLck:	       0 kB
20220313 004037.313 INFO             PET1 PIOc_freedecomp Enter - MemInfo: [/proc/self/status]	VmPin:	       0 kB
20220313 004037.313 INFO             PET1 PIOc_freedecomp Enter - MemInfo: [/proc/self/status]	VmHWM:	   35836 kB
20220313 004037.313 INFO             PET1 PIOc_freedecomp Enter - MemInfo: [/proc/self/status]	VmRSS:	   35820 kB
20220313 004037.313 INFO             PET1 PIOc_freedecomp Enter - MemInfo: [/proc/self/status]	VmData:	   24952 kB
20220313 004037.313 INFO             PET1 PIOc_freedecomp Enter - MemInfo: [/proc/self/status]	VmStk:	     508 kB
20220313 004037.313 INFO             PET1 PIOc_freedecomp Enter - MemInfo: [/proc/self/status]	VmExe:	    1960 kB
20220313 004037.313 INFO             PET1 PIOc_freedecomp Enter - MemInfo: [/proc/self/status]	VmLib:	  133788 kB
20220313 004037.313 INFO             PET1 PIOc_freedecomp Enter - MemInfo: [/proc/self/status]	VmPTE:	     392 kB
20220313 004037.313 INFO             PET1 PIOc_freedecomp Enter - MemInfo: [/proc/self/status]	VmPMD:	      12 kB
20220313 004037.313 INFO             PET1 PIOc_freedecomp Enter - MemInfo: [/proc/self/status]	VmSwap:	       0 kB
20220313 004037.313 INFO             PET1 PIOc_freedecomp Enter - MemInfo: [/proc/self/status]	VmRSSPercent: 0.0543915 %
20220313 004037.313 INFO             PET1 PIOc_freedecomp Enter - MemInfo: [malloc] Non-mmapped space allocated:                  950272 Byte
20220313 004037.313 INFO             PET1 PIOc_freedecomp Enter - MemInfo: [malloc] Space allocated in mmapped regions:          3026944 Byte
20220313 004037.313 INFO             PET1 PIOc_freedecomp Enter - MemInfo: [malloc] Maximum total allocated space:                     0 Byte
20220313 004037.313 INFO             PET1 PIOc_freedecomp Enter - MemInfo: [malloc] Space in freed fastbin blocks:                     0 Byte
20220313 004037.313 INFO             PET1 PIOc_freedecomp Enter - MemInfo: [malloc] Total allocated space:                        846512 Byte
20220313 004037.313 INFO             PET1 PIOc_freedecomp Enter - MemInfo: [malloc] Total free space:                             103760 Byte
20220313 004037.313 INFO             PET1 PIOc_freedecomp Enter - MemInfo: [malloc] Top-most, releasable space:                   103392 Byte
20220313 004037.313 INFO             PET1 PIOc_freedecomp Enter - MemInfo: [malloc] Total space in use, mmap + non-mmap:         3873456 Byte
20220313 004037.313 INFO             PET1 PIOc_freedecomp Enter - MemInfo: [malloc] Total space held (mmap + non-mmap):          3977216 Byte
20220313 004037.313 INFO             PET1 PIOc_freedecomp Enter - MemInfo: [malloc] Total space used (mmap + non-mmap):          3881664 Byte
20220313 004037.313 INFO             PET1 PIOc_freedecomp Enter - MemInfo: Wall-clock time since execution start:                2.75458 seconds
20220313 004037.313 INFO             PET1 PIOc_freedecomp Exit - MemInfo: [/proc/meminfo - SSI]	MemTotal:       65855856 kB
20220313 004037.313 INFO             PET1 PIOc_freedecomp Exit - MemInfo: [/proc/meminfo - SSI]	MemFree:        61042696 kB
20220313 004037.313 INFO             PET1 PIOc_freedecomp Exit - MemInfo: [/proc/meminfo - SSI]	MemAvailable:   60865940 kB
20220313 004037.313 INFO             PET1 PIOc_freedecomp Exit - MemInfo: [/proc/meminfo - SSI]	Committed_AS:    3200952 kB
20220313 004037.313 INFO             PET1 PIOc_freedecomp Exit - MemInfo: [/proc/meminfo - SSI]	CommittedPercent: 4.86054 %
20220313 004037.313 INFO             PET1 PIOc_freedecomp Exit - MemInfo: [/proc/self/status]	VmPeak:	  260244 kB
20220313 004037.313 INFO             PET1 PIOc_freedecomp Exit - MemInfo: [/proc/self/status]	VmSize:	  260124 kB
20220313 004037.313 INFO             PET1 PIOc_freedecomp Exit - MemInfo: [/proc/self/status]	VmLck:	       0 kB
20220313 004037.313 INFO             PET1 PIOc_freedecomp Exit - MemInfo: [/proc/self/status]	VmPin:	       0 kB
20220313 004037.313 INFO             PET1 PIOc_freedecomp Exit - MemInfo: [/proc/self/status]	VmHWM:	   35836 kB
20220313 004037.313 INFO             PET1 PIOc_freedecomp Exit - MemInfo: [/proc/self/status]	VmRSS:	   35820 kB
20220313 004037.313 INFO             PET1 PIOc_freedecomp Exit - MemInfo: [/proc/self/status]	VmData:	   24952 kB
20220313 004037.313 INFO             PET1 PIOc_freedecomp Exit - MemInfo: [/proc/self/status]	VmStk:	     508 kB
20220313 004037.313 INFO             PET1 PIOc_freedecomp Exit - MemInfo: [/proc/self/status]	VmExe:	    1960 kB
20220313 004037.313 INFO             PET1 PIOc_freedecomp Exit - MemInfo: [/proc/self/status]	VmLib:	  133788 kB
20220313 004037.313 INFO             PET1 PIOc_freedecomp Exit - MemInfo: [/proc/self/status]	VmPTE:	     392 kB
20220313 004037.313 INFO             PET1 PIOc_freedecomp Exit - MemInfo: [/proc/self/status]	VmPMD:	      12 kB
20220313 004037.313 INFO             PET1 PIOc_freedecomp Exit - MemInfo: [/proc/self/status]	VmSwap:	       0 kB
20220313 004037.313 INFO             PET1 PIOc_freedecomp Exit - MemInfo: [/proc/self/status]	VmRSSPercent: 0.0543915 %
20220313 004037.313 INFO             PET1 PIOc_freedecomp Exit - MemInfo: [malloc] Non-mmapped space allocated:                  950272 Byte
20220313 004037.314 INFO             PET1 PIOc_freedecomp Exit - MemInfo: [malloc] Space allocated in mmapped regions:          3026944 Byte
20220313 004037.314 INFO             PET1 PIOc_freedecomp Exit - MemInfo: [malloc] Maximum total allocated space:                     0 Byte
20220313 004037.314 INFO             PET1 PIOc_freedecomp Exit - MemInfo: [malloc] Space in freed fastbin blocks:                   416 Byte
20220313 004037.314 INFO             PET1 PIOc_freedecomp Exit - MemInfo: [malloc] Total allocated space:                        846096 Byte
20220313 004037.314 INFO             PET1 PIOc_freedecomp Exit - MemInfo: [malloc] Total free space:                             104176 Byte
20220313 004037.314 INFO             PET1 PIOc_freedecomp Exit - MemInfo: [malloc] Top-most, releasable space:                   103168 Byte
20220313 004037.314 INFO             PET1 PIOc_freedecomp Exit - MemInfo: [malloc] Total space in use, mmap + non-mmap:         3873040 Byte
20220313 004037.314 INFO             PET1 PIOc_freedecomp Exit - MemInfo: [malloc] Total space held (mmap + non-mmap):          3977216 Byte
20220313 004037.314 INFO             PET1 PIOc_freedecomp Exit - MemInfo: [malloc] Total space used (mmap + non-mmap):          3881248 Byte
20220313 004037.314 INFO             PET1 PIOc_freedecomp Exit - MemInfo: Wall-clock time since execution start:                2.75499 seconds
20220313 004037.316 INFO             PET1 PIOc_sync Enter - MemInfo: [/proc/meminfo - SSI]	MemTotal:       65855856 kB
20220313 004037.316 INFO             PET1 PIOc_sync Enter - MemInfo: [/proc/meminfo - SSI]	MemFree:        61042192 kB
20220313 004037.316 INFO             PET1 PIOc_sync Enter - MemInfo: [/proc/meminfo - SSI]	MemAvailable:   60865436 kB
20220313 004037.316 INFO             PET1 PIOc_sync Enter - MemInfo: [/proc/meminfo - SSI]	Committed_AS:    3200952 kB
20220313 004037.316 INFO             PET1 PIOc_sync Enter - MemInfo: [/proc/meminfo - SSI]	CommittedPercent: 4.86054 %
20220313 004037.316 INFO             PET1 PIOc_sync Enter - MemInfo: [/proc/self/status]	VmPeak:	  260244 kB
20220313 004037.316 INFO             PET1 PIOc_sync Enter - MemInfo: [/proc/self/status]	VmSize:	  260100 kB
20220313 004037.316 INFO             PET1 PIOc_sync Enter - MemInfo: [/proc/self/status]	VmLck:	       0 kB
20220313 004037.316 INFO             PET1 PIOc_sync Enter - MemInfo: [/proc/self/status]	VmPin:	       0 kB
20220313 004037.316 INFO             PET1 PIOc_sync Enter - MemInfo: [/proc/self/status]	VmHWM:	   35840 kB
20220313 004037.316 INFO             PET1 PIOc_sync Enter - MemInfo: [/proc/self/status]	VmRSS:	   35824 kB
20220313 004037.316 INFO             PET1 PIOc_sync Enter - MemInfo: [/proc/self/status]	VmData:	   24952 kB
20220313 004037.316 INFO             PET1 PIOc_sync Enter - MemInfo: [/proc/self/status]	VmStk:	     508 kB
20220313 004037.316 INFO             PET1 PIOc_sync Enter - MemInfo: [/proc/self/status]	VmExe:	    1960 kB
20220313 004037.316 INFO             PET1 PIOc_sync Enter - MemInfo: [/proc/self/status]	VmLib:	  133788 kB
20220313 004037.316 INFO             PET1 PIOc_sync Enter - MemInfo: [/proc/self/status]	VmPTE:	     392 kB
20220313 004037.316 INFO             PET1 PIOc_sync Enter - MemInfo: [/proc/self/status]	VmPMD:	      12 kB
20220313 004037.316 INFO             PET1 PIOc_sync Enter - MemInfo: [/proc/self/status]	VmSwap:	       0 kB
20220313 004037.316 INFO             PET1 PIOc_sync Enter - MemInfo: [/proc/self/status]	VmRSSPercent: 0.0543976 %
20220313 004037.316 INFO             PET1 PIOc_sync Enter - MemInfo: [malloc] Non-mmapped space allocated:                  950272 Byte
20220313 004037.316 INFO             PET1 PIOc_sync Enter - MemInfo: [malloc] Space allocated in mmapped regions:          3026944 Byte
20220313 004037.316 INFO             PET1 PIOc_sync Enter - MemInfo: [malloc] Maximum total allocated space:                     0 Byte
20220313 004037.316 INFO             PET1 PIOc_sync Enter - MemInfo: [malloc] Space in freed fastbin blocks:                    80 Byte
20220313 004037.316 INFO             PET1 PIOc_sync Enter - MemInfo: [malloc] Total allocated space:                        846480 Byte
20220313 004037.316 INFO             PET1 PIOc_sync Enter - MemInfo: [malloc] Total free space:                             103792 Byte
20220313 004037.316 INFO             PET1 PIOc_sync Enter - MemInfo: [malloc] Top-most, releasable space:                   102944 Byte
20220313 004037.316 INFO             PET1 PIOc_sync Enter - MemInfo: [malloc] Total space in use, mmap + non-mmap:         3873424 Byte
20220313 004037.316 INFO             PET1 PIOc_sync Enter - MemInfo: [malloc] Total space held (mmap + non-mmap):          3977216 Byte
20220313 004037.316 INFO             PET1 PIOc_sync Enter - MemInfo: [malloc] Total space used (mmap + non-mmap):          3881632 Byte
20220313 004037.316 INFO             PET1 PIOc_sync Enter - MemInfo: Wall-clock time since execution start:                2.75733 seconds
20220313 004037.316 INFO             PET1 PIOc_sync Exit - MemInfo: [/proc/meminfo - SSI]	MemTotal:       65855856 kB
20220313 004037.316 INFO             PET1 PIOc_sync Exit - MemInfo: [/proc/meminfo - SSI]	MemFree:        61042192 kB
20220313 004037.316 INFO             PET1 PIOc_sync Exit - MemInfo: [/proc/meminfo - SSI]	MemAvailable:   60865436 kB
20220313 004037.316 INFO             PET1 PIOc_sync Exit - MemInfo: [/proc/meminfo - SSI]	Committed_AS:    3200952 kB
20220313 004037.316 INFO             PET1 PIOc_sync Exit - MemInfo: [/proc/meminfo - SSI]	CommittedPercent: 4.86054 %
20220313 004037.316 INFO             PET1 PIOc_sync Exit - MemInfo: [/proc/self/status]	VmPeak:	  260244 kB
20220313 004037.316 INFO             PET1 PIOc_sync Exit - MemInfo: [/proc/self/status]	VmSize:	  260100 kB
20220313 004037.316 INFO             PET1 PIOc_sync Exit - MemInfo: [/proc/self/status]	VmLck:	       0 kB
20220313 004037.316 INFO             PET1 PIOc_sync Exit - MemInfo: [/proc/self/status]	VmPin:	       0 kB
20220313 004037.316 INFO             PET1 PIOc_sync Exit - MemInfo: [/proc/self/status]	VmHWM:	   35840 kB
20220313 004037.316 INFO             PET1 PIOc_sync Exit - MemInfo: [/proc/self/status]	VmRSS:	   35824 kB
20220313 004037.316 INFO             PET1 PIOc_sync Exit - MemInfo: [/proc/self/status]	VmData:	   24952 kB
20220313 004037.316 INFO             PET1 PIOc_sync Exit - MemInfo: [/proc/self/status]	VmStk:	     508 kB
20220313 004037.316 INFO             PET1 PIOc_sync Exit - MemInfo: [/proc/self/status]	VmExe:	    1960 kB
20220313 004037.316 INFO             PET1 PIOc_sync Exit - MemInfo: [/proc/self/status]	VmLib:	  133788 kB
20220313 004037.316 INFO             PET1 PIOc_sync Exit - MemInfo: [/proc/self/status]	VmPTE:	     392 kB
20220313 004037.316 INFO             PET1 PIOc_sync Exit - MemInfo: [/proc/self/status]	VmPMD:	      12 kB
20220313 004037.316 INFO             PET1 PIOc_sync Exit - MemInfo: [/proc/self/status]	VmSwap:	       0 kB
20220313 004037.316 INFO             PET1 PIOc_sync Exit - MemInfo: [/proc/self/status]	VmRSSPercent: 0.0543976 %
20220313 004037.316 INFO             PET1 PIOc_sync Exit - MemInfo: [malloc] Non-mmapped space allocated:                  950272 Byte
20220313 004037.316 INFO             PET1 PIOc_sync Exit - MemInfo: [malloc] Space allocated in mmapped regions:          3026944 Byte
20220313 004037.316 INFO             PET1 PIOc_sync Exit - MemInfo: [malloc] Maximum total allocated space:                     0 Byte
20220313 004037.316 INFO             PET1 PIOc_sync Exit - MemInfo: [malloc] Space in freed fastbin blocks:                     0 Byte
20220313 004037.316 INFO             PET1 PIOc_sync Exit - MemInfo: [malloc] Total allocated space:                        846720 Byte
20220313 004037.316 INFO             PET1 PIOc_sync Exit - MemInfo: [malloc] Total free space:                             103552 Byte
20220313 004037.316 INFO             PET1 PIOc_sync Exit - MemInfo: [malloc] Top-most, releasable space:                   102720 Byte
20220313 004037.316 INFO             PET1 PIOc_sync Exit - MemInfo: [malloc] Total space in use, mmap + non-mmap:         3873664 Byte
20220313 004037.316 INFO             PET1 PIOc_sync Exit - MemInfo: [malloc] Total space held (mmap + non-mmap):          3977216 Byte
20220313 004037.316 INFO             PET1 PIOc_sync Exit - MemInfo: [malloc] Total space used (mmap + non-mmap):          3881872 Byte
20220313 004037.316 INFO             PET1 PIOc_sync Exit - MemInfo: Wall-clock time since execution start:                2.75773 seconds
20220313 004037.317 INFO             PET1 PIOc_freedecomp Enter - MemInfo: [/proc/meminfo - SSI]	MemTotal:       65855856 kB
20220313 004037.317 INFO             PET1 PIOc_freedecomp Enter - MemInfo: [/proc/meminfo - SSI]	MemFree:        61042192 kB
20220313 004037.317 INFO             PET1 PIOc_freedecomp Enter - MemInfo: [/proc/meminfo - SSI]	MemAvailable:   60865436 kB
20220313 004037.317 INFO             PET1 PIOc_freedecomp Enter - MemInfo: [/proc/meminfo - SSI]	Committed_AS:    3200952 kB
20220313 004037.317 INFO             PET1 PIOc_freedecomp Enter - MemInfo: [/proc/meminfo - SSI]	CommittedPercent: 4.86054 %
20220313 004037.317 INFO             PET1 PIOc_freedecomp Enter - MemInfo: [/proc/self/status]	VmPeak:	  260244 kB
20220313 004037.317 INFO             PET1 PIOc_freedecomp Enter - MemInfo: [/proc/self/status]	VmSize:	  260100 kB
